[2021-12-31T02:31:14.544+0000][1][gc] Using Concurrent Mark Sweep
[2021-12-31T02:31:14.553+0000][1][gc,heap,coops] Heap address: 0x00000000e0000000, size: 512 MB, Compressed Oops mode: 32-bit
[2021-12-31T02:31:15.325+0000][1][safepoint    ] Entering safepoint region: EnableBiasedLocking
[2021-12-31T02:31:15.326+0000][1][safepoint    ] Leaving safepoint region
[2021-12-31T02:31:15.326+0000][1][safepoint    ] Total time for which application threads were stopped: 0.0022674 seconds, Stopping threads took: 0.0017106 seconds
[2021-12-31T02:31:15.336+0000][1][safepoint    ] Application time: 0.0047142 seconds
[2021-12-31T02:31:15.336+0000][1][safepoint    ] Entering safepoint region: RevokeBias
[2021-12-31T02:31:15.338+0000][1][safepoint    ] Leaving safepoint region
[2021-12-31T02:31:15.339+0000][1][safepoint    ] Total time for which application threads were stopped: 0.0023927 seconds, Stopping threads took: 0.0015170 seconds
[2021-12-31T02:31:15.347+0000][1][safepoint    ] Application time: 0.0073532 seconds
[2021-12-31T02:31:15.347+0000][1][safepoint    ] Entering safepoint region: Deoptimize
[2021-12-31T02:31:15.347+0000][1][safepoint    ] Leaving safepoint region
[2021-12-31T02:31:15.347+0000][1][safepoint    ] Total time for which application threads were stopped: 0.0002561 seconds, Stopping threads took: 0.0001128 seconds
[2021-12-31T02:31:15.646+0000][1][safepoint    ] Application time: 0.2989124 seconds
[2021-12-31T02:31:15.646+0000][1][safepoint    ] Entering safepoint region: Deoptimize
[2021-12-31T02:31:15.646+0000][1][safepoint    ] Leaving safepoint region
[2021-12-31T02:31:15.646+0000][1][safepoint    ] Total time for which application threads were stopped: 0.0002764 seconds, Stopping threads took: 0.0001409 seconds
[2021-12-31T02:31:15.742+0000][1][safepoint    ] Application time: 0.0958403 seconds
[2021-12-31T02:31:15.746+0000][1][safepoint    ] Entering safepoint region: Deoptimize
[2021-12-31T02:31:15.750+0000][1][safepoint    ] Leaving safepoint region
[2021-12-31T02:31:15.755+0000][1][safepoint    ] Total time for which application threads were stopped: 0.0080764 seconds, Stopping threads took: 0.0031613 seconds
[2021-12-31T02:31:16.774+0000][1][safepoint    ] Application time: 1.0013827 seconds
[2021-12-31T02:31:16.778+0000][1][safepoint    ] Entering safepoint region: Cleanup
[2021-12-31T02:31:16.782+0000][1][safepoint    ] Leaving safepoint region
[2021-12-31T02:31:16.782+0000][1][safepoint    ] Total time for which application threads were stopped: 0.0042249 seconds, Stopping threads took: 0.0005520 seconds
[2021-12-31T02:31:17.241+0000][1][safepoint    ] Application time: 0.4595717 seconds
[2021-12-31T02:31:17.260+0000][1][safepoint    ] Entering safepoint region: Deoptimize
[2021-12-31T02:31:17.265+0000][1][safepoint    ] Leaving safepoint region
[2021-12-31T02:31:17.267+0000][1][safepoint    ] Total time for which application threads were stopped: 0.0075177 seconds, Stopping threads took: 0.0052081 seconds
[2021-12-31T02:31:17.520+0000][1][safepoint    ] Application time: 0.2517824 seconds
[2021-12-31T02:31:17.520+0000][1][safepoint    ] Entering safepoint region: Deoptimize
[2021-12-31T02:31:17.521+0000][1][safepoint    ] Leaving safepoint region
[2021-12-31T02:31:17.521+0000][1][safepoint    ] Total time for which application threads were stopped: 0.0006366 seconds, Stopping threads took: 0.0001371 seconds
[2021-12-31T02:31:17.696+0000][1][safepoint    ] Application time: 0.1747566 seconds
[2021-12-31T02:31:17.696+0000][1][safepoint    ] Entering safepoint region: Deoptimize
[2021-12-31T02:31:17.696+0000][1][safepoint    ] Leaving safepoint region
[2021-12-31T02:31:17.696+0000][1][safepoint    ] Total time for which application threads were stopped: 0.0002717 seconds, Stopping threads took: 0.0000885 seconds
[2021-12-31T02:31:18.699+0000][1][safepoint    ] Application time: 1.0021001 seconds
[2021-12-31T02:31:18.703+0000][1][safepoint    ] Entering safepoint region: Cleanup
[2021-12-31T02:31:18.704+0000][1][safepoint    ] Leaving safepoint region
[2021-12-31T02:31:18.704+0000][1][safepoint    ] Total time for which application threads were stopped: 0.0033848 seconds, Stopping threads took: 0.0032358 seconds
[2021-12-31T02:31:19.112+0000][1][safepoint    ] Application time: 0.4078789 seconds
[2021-12-31T02:31:19.114+0000][1][safepoint    ] Entering safepoint region: Deoptimize
[2021-12-31T02:31:19.115+0000][1][safepoint    ] Leaving safepoint region
[2021-12-31T02:31:19.115+0000][1][safepoint    ] Total time for which application threads were stopped: 0.0005587 seconds, Stopping threads took: 0.0002216 seconds
[2021-12-31T02:31:19.297+0000][1][safepoint    ] Application time: 0.1824493 seconds
[2021-12-31T02:31:19.307+0000][1][safepoint    ] Entering safepoint region: Deoptimize
[2021-12-31T02:31:19.314+0000][1][safepoint    ] Leaving safepoint region
[2021-12-31T02:31:19.318+0000][1][safepoint    ] Total time for which application threads were stopped: 0.0102501 seconds, Stopping threads took: 0.0068523 seconds
[2021-12-31T02:31:19.322+0000][1][safepoint    ] Application time: 0.0043877 seconds
[2021-12-31T02:31:19.327+0000][1][safepoint    ] Entering safepoint region: RevokeBias
[2021-12-31T02:31:19.327+0000][1][safepoint    ] Leaving safepoint region
[2021-12-31T02:31:19.327+0000][1][safepoint    ] Total time for which application threads were stopped: 0.0003391 seconds, Stopping threads took: 0.0001735 seconds
[2021-12-31T02:31:19.618+0000][1][safepoint    ] Application time: 0.2904061 seconds
[2021-12-31T02:31:19.618+0000][1][safepoint    ] Entering safepoint region: Deoptimize
[2021-12-31T02:31:19.618+0000][1][safepoint    ] Leaving safepoint region
[2021-12-31T02:31:19.619+0000][1][safepoint    ] Total time for which application threads were stopped: 0.0010414 seconds, Stopping threads took: 0.0001210 seconds
[2021-12-31T02:31:19.621+0000][1][safepoint    ] Application time: 0.0018282 seconds
[2021-12-31T02:31:19.621+0000][1][safepoint    ] Entering safepoint region: Deoptimize
[2021-12-31T02:31:19.621+0000][1][safepoint    ] Leaving safepoint region
[2021-12-31T02:31:19.622+0000][1][safepoint    ] Total time for which application threads were stopped: 0.0005410 seconds, Stopping threads took: 0.0000818 seconds
[2021-12-31T02:31:19.735+0000][1][safepoint    ] Application time: 0.1129275 seconds
[2021-12-31T02:31:19.735+0000][1][safepoint    ] Entering safepoint region: Deoptimize
[2021-12-31T02:31:19.735+0000][1][safepoint    ] Leaving safepoint region
[2021-12-31T02:31:19.735+0000][1][safepoint    ] Total time for which application threads were stopped: 0.0005226 seconds, Stopping threads took: 0.0001105 seconds
[2021-12-31T02:31:19.753+0000][1][safepoint    ] Application time: 0.0174963 seconds
[2021-12-31T02:31:19.753+0000][1][safepoint    ] Entering safepoint region: RevokeBias
[2021-12-31T02:31:19.753+0000][1][safepoint    ] Leaving safepoint region
[2021-12-31T02:31:19.754+0000][1][safepoint    ] Total time for which application threads were stopped: 0.0003387 seconds, Stopping threads took: 0.0001438 seconds
[2021-12-31T02:31:19.756+0000][1][safepoint    ] Application time: 0.0000449 seconds
[2021-12-31T02:31:19.756+0000][1][safepoint    ] Entering safepoint region: RevokeBias
[2021-12-31T02:31:19.756+0000][1][safepoint    ] Leaving safepoint region
[2021-12-31T02:31:19.756+0000][1][safepoint    ] Total time for which application threads were stopped: 0.0002314 seconds, Stopping threads took: 0.0000803 seconds
[2021-12-31T02:31:19.756+0000][1][safepoint    ] Application time: 0.0002653 seconds
[2021-12-31T02:31:19.757+0000][1][safepoint    ] Entering safepoint region: RevokeBias
[2021-12-31T02:31:19.759+0000][1][safepoint    ] Leaving safepoint region
[2021-12-31T02:31:19.759+0000][1][safepoint    ] Total time for which application threads were stopped: 0.0026062 seconds, Stopping threads took: 0.0024428 seconds
[2021-12-31T02:31:19.760+0000][1][safepoint    ] Application time: 0.0001474 seconds
[2021-12-31T02:31:19.760+0000][1][safepoint    ] Entering safepoint region: RevokeBias
[2021-12-31T02:31:19.760+0000][1][safepoint    ] Leaving safepoint region
[2021-12-31T02:31:19.760+0000][1][safepoint    ] Total time for which application threads were stopped: 0.0002838 seconds, Stopping threads took: 0.0000800 seconds
[2021-12-31T02:31:19.766+0000][1][safepoint    ] Application time: 0.0002390 seconds
[2021-12-31T02:31:19.771+0000][1][safepoint    ] Entering safepoint region: RevokeBias
[2021-12-31T02:31:19.771+0000][1][safepoint    ] Leaving safepoint region
[2021-12-31T02:31:19.771+0000][1][safepoint    ] Total time for which application threads were stopped: 0.0002511 seconds, Stopping threads took: 0.0001470 seconds
[2021-12-31T02:31:20.399+0000][1][safepoint    ] Application time: 0.6280154 seconds
[2021-12-31T02:31:20.400+0000][1][safepoint    ] Entering safepoint region: GenCollectForAllocation
[2021-12-31T02:31:20.401+0000][1][gc,start     ] GC(0) Pause Young (Allocation Failure)
[2021-12-31T02:31:20.401+0000][1][gc,task      ] GC(0) Using 1 workers of 1 for evacuation
[2021-12-31T02:31:20.421+0000][1][gc,age       ] GC(0) Desired survivor size 4358144 bytes, new threshold 1 (max threshold 6)
[2021-12-31T02:31:20.421+0000][1][gc,age       ] GC(0) Age table with threshold 1 (max threshold 6)
[2021-12-31T02:31:20.421+0000][1][gc,age       ] GC(0) - age   1:    6125024 bytes,    6125024 total
[2021-12-31T02:31:20.421+0000][1][gc,heap      ] GC(0) ParNew: 68160K->6010K(76672K)
[2021-12-31T02:31:20.422+0000][1][gc,heap      ] GC(0) CMS: 0K->0K(439104K)
[2021-12-31T02:31:20.422+0000][1][gc,metaspace ] GC(0) Metaspace: 12666K->12666K(1060864K)
[2021-12-31T02:31:20.422+0000][1][gc           ] GC(0) Pause Young (Allocation Failure) 66M->5M(503M) 21.148ms
[2021-12-31T02:31:20.422+0000][1][gc,cpu       ] GC(0) User=0.02s Sys=0.00s Real=0.02s
[2021-12-31T02:31:20.422+0000][1][safepoint    ] Leaving safepoint region
[2021-12-31T02:31:20.422+0000][1][safepoint    ] Total time for which application threads were stopped: 0.0219286 seconds, Stopping threads took: 0.0003495 seconds
[2021-12-31T02:31:20.430+0000][1][safepoint    ] Application time: 0.0081419 seconds
[2021-12-31T02:31:20.436+0000][1][safepoint    ] Entering safepoint region: RevokeBias
[2021-12-31T02:31:20.437+0000][1][safepoint    ] Leaving safepoint region
[2021-12-31T02:31:20.437+0000][1][safepoint    ] Total time for which application threads were stopped: 0.0015453 seconds, Stopping threads took: 0.0012660 seconds
[2021-12-31T02:31:20.438+0000][1][safepoint    ] Application time: 0.0014108 seconds
[2021-12-31T02:31:20.439+0000][1][safepoint    ] Entering safepoint region: RevokeBias
[2021-12-31T02:31:20.439+0000][1][safepoint    ] Leaving safepoint region
[2021-12-31T02:31:20.440+0000][1][safepoint    ] Total time for which application threads were stopped: 0.0007557 seconds, Stopping threads took: 0.0005444 seconds
[2021-12-31T02:31:20.440+0000][1][safepoint    ] Application time: 0.0000566 seconds
[2021-12-31T02:31:20.440+0000][1][safepoint    ] Entering safepoint region: RevokeBias
[2021-12-31T02:31:20.441+0000][1][safepoint    ] Leaving safepoint region
[2021-12-31T02:31:20.441+0000][1][safepoint    ] Total time for which application threads were stopped: 0.0003822 seconds, Stopping threads took: 0.0002666 seconds
[2021-12-31T02:31:20.441+0000][1][safepoint    ] Application time: 0.0000400 seconds
[2021-12-31T02:31:20.441+0000][1][safepoint    ] Entering safepoint region: RevokeBias
[2021-12-31T02:31:20.441+0000][1][safepoint    ] Leaving safepoint region
[2021-12-31T02:31:20.441+0000][1][safepoint    ] Total time for which application threads were stopped: 0.0002807 seconds, Stopping threads took: 0.0001841 seconds
[2021-12-31T02:31:20.441+0000][1][safepoint    ] Application time: 0.0000487 seconds
[2021-12-31T02:31:20.441+0000][1][safepoint    ] Entering safepoint region: RevokeBias
[2021-12-31T02:31:20.442+0000][1][safepoint    ] Leaving safepoint region
[2021-12-31T02:31:20.442+0000][1][safepoint    ] Total time for which application threads were stopped: 0.0002455 seconds, Stopping threads took: 0.0001532 seconds
[2021-12-31T02:31:20.442+0000][1][safepoint    ] Application time: 0.0000323 seconds
[2021-12-31T02:31:20.442+0000][1][safepoint    ] Entering safepoint region: RevokeBias
[2021-12-31T02:31:20.442+0000][1][safepoint    ] Leaving safepoint region
[2021-12-31T02:31:20.442+0000][1][safepoint    ] Total time for which application threads were stopped: 0.0002550 seconds, Stopping threads took: 0.0001052 seconds
[2021-12-31T02:31:20.442+0000][1][safepoint    ] Application time: 0.0000391 seconds
[2021-12-31T02:31:20.442+0000][1][safepoint    ] Entering safepoint region: RevokeBias
[2021-12-31T02:31:20.442+0000][1][safepoint    ] Leaving safepoint region
[2021-12-31T02:31:20.442+0000][1][safepoint    ] Total time for which application threads were stopped: 0.0001485 seconds, Stopping threads took: 0.0000688 seconds
[2021-12-31T02:31:20.442+0000][1][safepoint    ] Application time: 0.0000500 seconds
[2021-12-31T02:31:20.443+0000][1][safepoint    ] Entering safepoint region: RevokeBias
[2021-12-31T02:31:20.443+0000][1][safepoint    ] Leaving safepoint region
[2021-12-31T02:31:20.443+0000][1][safepoint    ] Total time for which application threads were stopped: 0.0001514 seconds, Stopping threads took: 0.0000715 seconds
[2021-12-31T02:31:20.443+0000][1][safepoint    ] Application time: 0.0000372 seconds
[2021-12-31T02:31:20.443+0000][1][safepoint    ] Entering safepoint region: RevokeBias
[2021-12-31T02:31:20.443+0000][1][safepoint    ] Leaving safepoint region
[2021-12-31T02:31:20.443+0000][1][safepoint    ] Total time for which application threads were stopped: 0.0001630 seconds, Stopping threads took: 0.0000803 seconds
[2021-12-31T02:31:20.443+0000][1][safepoint    ] Application time: 0.0000317 seconds
[2021-12-31T02:31:20.443+0000][1][safepoint    ] Entering safepoint region: RevokeBias
[2021-12-31T02:31:20.443+0000][1][safepoint    ] Leaving safepoint region
[2021-12-31T02:31:20.444+0000][1][safepoint    ] Total time for which application threads were stopped: 0.0001627 seconds, Stopping threads took: 0.0000760 seconds
[2021-12-31T02:31:20.444+0000][1][safepoint    ] Application time: 0.0000391 seconds
[2021-12-31T02:31:20.444+0000][1][safepoint    ] Entering safepoint region: RevokeBias
[2021-12-31T02:31:20.444+0000][1][safepoint    ] Leaving safepoint region
[2021-12-31T02:31:20.444+0000][1][safepoint    ] Total time for which application threads were stopped: 0.0001799 seconds, Stopping threads took: 0.0000745 seconds
[2021-12-31T02:31:20.444+0000][1][safepoint    ] Application time: 0.0000456 seconds
[2021-12-31T02:31:20.444+0000][1][safepoint    ] Entering safepoint region: RevokeBias
[2021-12-31T02:31:20.444+0000][1][safepoint    ] Leaving safepoint region
[2021-12-31T02:31:20.444+0000][1][safepoint    ] Total time for which application threads were stopped: 0.0002091 seconds, Stopping threads took: 0.0000922 seconds
[2021-12-31T02:31:20.445+0000][1][safepoint    ] Application time: 0.0000368 seconds
[2021-12-31T02:31:20.445+0000][1][safepoint    ] Entering safepoint region: RevokeBias
[2021-12-31T02:31:20.445+0000][1][safepoint    ] Leaving safepoint region
[2021-12-31T02:31:20.445+0000][1][safepoint    ] Total time for which application threads were stopped: 0.0001473 seconds, Stopping threads took: 0.0000674 seconds
[2021-12-31T02:31:20.445+0000][1][safepoint    ] Application time: 0.0000310 seconds
[2021-12-31T02:31:20.445+0000][1][safepoint    ] Entering safepoint region: RevokeBias
[2021-12-31T02:31:20.445+0000][1][safepoint    ] Leaving safepoint region
[2021-12-31T02:31:20.445+0000][1][safepoint    ] Total time for which application threads were stopped: 0.0001599 seconds, Stopping threads took: 0.0000768 seconds
[2021-12-31T02:31:20.445+0000][1][safepoint    ] Application time: 0.0000383 seconds
[2021-12-31T02:31:20.445+0000][1][safepoint    ] Entering safepoint region: RevokeBias
[2021-12-31T02:31:20.445+0000][1][safepoint    ] Leaving safepoint region
[2021-12-31T02:31:20.446+0000][1][safepoint    ] Total time for which application threads were stopped: 0.0002763 seconds, Stopping threads took: 0.0000714 seconds
[2021-12-31T02:31:20.446+0000][1][safepoint    ] Application time: 0.0000326 seconds
[2021-12-31T02:31:20.446+0000][1][safepoint    ] Entering safepoint region: RevokeBias
[2021-12-31T02:31:20.446+0000][1][safepoint    ] Leaving safepoint region
[2021-12-31T02:31:20.446+0000][1][safepoint    ] Total time for which application threads were stopped: 0.0002115 seconds, Stopping threads took: 0.0001088 seconds
[2021-12-31T02:31:20.446+0000][1][safepoint    ] Application time: 0.0000415 seconds
[2021-12-31T02:31:20.446+0000][1][safepoint    ] Entering safepoint region: RevokeBias
[2021-12-31T02:31:20.446+0000][1][safepoint    ] Leaving safepoint region
[2021-12-31T02:31:20.446+0000][1][safepoint    ] Total time for which application threads were stopped: 0.0001473 seconds, Stopping threads took: 0.0000670 seconds
[2021-12-31T02:31:20.447+0000][1][safepoint    ] Application time: 0.0000405 seconds
[2021-12-31T02:31:20.447+0000][1][safepoint    ] Entering safepoint region: RevokeBias
[2021-12-31T02:31:20.447+0000][1][safepoint    ] Leaving safepoint region
[2021-12-31T02:31:20.447+0000][1][safepoint    ] Total time for which application threads were stopped: 0.0001742 seconds, Stopping threads took: 0.0000813 seconds
[2021-12-31T02:31:20.447+0000][1][safepoint    ] Application time: 0.0000433 seconds
[2021-12-31T02:31:20.447+0000][1][safepoint    ] Entering safepoint region: RevokeBias
[2021-12-31T02:31:20.447+0000][1][safepoint    ] Leaving safepoint region
[2021-12-31T02:31:20.447+0000][1][safepoint    ] Total time for which application threads were stopped: 0.0002118 seconds, Stopping threads took: 0.0000818 seconds
[2021-12-31T02:31:20.447+0000][1][safepoint    ] Application time: 0.0000727 seconds
[2021-12-31T02:31:20.448+0000][1][safepoint    ] Entering safepoint region: RevokeBias
[2021-12-31T02:31:20.448+0000][1][safepoint    ] Leaving safepoint region
[2021-12-31T02:31:20.448+0000][1][safepoint    ] Total time for which application threads were stopped: 0.0001677 seconds, Stopping threads took: 0.0000786 seconds
[2021-12-31T02:31:20.448+0000][1][safepoint    ] Application time: 0.0000531 seconds
[2021-12-31T02:31:20.448+0000][1][safepoint    ] Entering safepoint region: RevokeBias
[2021-12-31T02:31:20.448+0000][1][safepoint    ] Leaving safepoint region
[2021-12-31T02:31:20.448+0000][1][safepoint    ] Total time for which application threads were stopped: 0.0001667 seconds, Stopping threads took: 0.0000779 seconds
[2021-12-31T02:31:20.448+0000][1][safepoint    ] Application time: 0.0000361 seconds
[2021-12-31T02:31:20.448+0000][1][safepoint    ] Entering safepoint region: RevokeBias
[2021-12-31T02:31:20.449+0000][1][safepoint    ] Leaving safepoint region
[2021-12-31T02:31:20.449+0000][1][safepoint    ] Total time for which application threads were stopped: 0.0002435 seconds, Stopping threads took: 0.0000863 seconds
[2021-12-31T02:31:20.449+0000][1][safepoint    ] Application time: 0.0000859 seconds
[2021-12-31T02:31:20.449+0000][1][safepoint    ] Entering safepoint region: RevokeBias
[2021-12-31T02:31:20.449+0000][1][safepoint    ] Leaving safepoint region
[2021-12-31T02:31:20.449+0000][1][safepoint    ] Total time for which application threads were stopped: 0.0001566 seconds, Stopping threads took: 0.0000785 seconds
[2021-12-31T02:31:20.449+0000][1][safepoint    ] Application time: 0.0000316 seconds
[2021-12-31T02:31:20.449+0000][1][safepoint    ] Entering safepoint region: RevokeBias
[2021-12-31T02:31:20.449+0000][1][safepoint    ] Leaving safepoint region
[2021-12-31T02:31:20.450+0000][1][safepoint    ] Total time for which application threads were stopped: 0.0002404 seconds, Stopping threads took: 0.0000800 seconds
[2021-12-31T02:31:20.450+0000][1][safepoint    ] Application time: 0.0000585 seconds
[2021-12-31T02:31:20.450+0000][1][safepoint    ] Entering safepoint region: RevokeBias
[2021-12-31T02:31:20.450+0000][1][safepoint    ] Leaving safepoint region
[2021-12-31T02:31:20.450+0000][1][safepoint    ] Total time for which application threads were stopped: 0.0001730 seconds, Stopping threads took: 0.0000753 seconds
[2021-12-31T02:31:20.450+0000][1][safepoint    ] Application time: 0.0000417 seconds
[2021-12-31T02:31:20.450+0000][1][safepoint    ] Entering safepoint region: RevokeBias
[2021-12-31T02:31:20.450+0000][1][safepoint    ] Leaving safepoint region
[2021-12-31T02:31:20.451+0000][1][safepoint    ] Total time for which application threads were stopped: 0.0001856 seconds, Stopping threads took: 0.0000872 seconds
[2021-12-31T02:31:20.451+0000][1][safepoint    ] Application time: 0.0002136 seconds
[2021-12-31T02:31:20.451+0000][1][safepoint    ] Entering safepoint region: RevokeBias
[2021-12-31T02:31:20.451+0000][1][safepoint    ] Leaving safepoint region
[2021-12-31T02:31:20.451+0000][1][safepoint    ] Total time for which application threads were stopped: 0.0003027 seconds, Stopping threads took: 0.0000847 seconds
[2021-12-31T02:31:20.451+0000][1][safepoint    ] Application time: 0.0000369 seconds
[2021-12-31T02:31:20.452+0000][1][safepoint    ] Entering safepoint region: RevokeBias
[2021-12-31T02:31:20.452+0000][1][safepoint    ] Leaving safepoint region
[2021-12-31T02:31:20.452+0000][1][safepoint    ] Total time for which application threads were stopped: 0.0002967 seconds, Stopping threads took: 0.0000807 seconds
[2021-12-31T02:31:20.452+0000][1][safepoint    ] Application time: 0.0000912 seconds
[2021-12-31T02:31:20.452+0000][1][safepoint    ] Entering safepoint region: RevokeBias
[2021-12-31T02:31:20.452+0000][1][safepoint    ] Leaving safepoint region
[2021-12-31T02:31:20.452+0000][1][safepoint    ] Total time for which application threads were stopped: 0.0003306 seconds, Stopping threads took: 0.0002176 seconds
[2021-12-31T02:31:20.453+0000][1][safepoint    ] Application time: 0.0000401 seconds
[2021-12-31T02:31:20.453+0000][1][safepoint    ] Entering safepoint region: RevokeBias
[2021-12-31T02:31:20.453+0000][1][safepoint    ] Leaving safepoint region
[2021-12-31T02:31:20.453+0000][1][safepoint    ] Total time for which application threads were stopped: 0.0001961 seconds, Stopping threads took: 0.0000879 seconds
[2021-12-31T02:31:20.556+0000][1][safepoint    ] Application time: 0.1032348 seconds
[2021-12-31T02:31:20.556+0000][1][safepoint    ] Entering safepoint region: Deoptimize
[2021-12-31T02:31:20.557+0000][1][safepoint    ] Leaving safepoint region
[2021-12-31T02:31:20.557+0000][1][safepoint    ] Total time for which application threads were stopped: 0.0004801 seconds, Stopping threads took: 0.0000897 seconds
[2021-12-31T02:31:20.892+0000][1][safepoint    ] Application time: 0.3354144 seconds
[2021-12-31T02:31:20.897+0000][1][safepoint    ] Entering safepoint region: RevokeBias
[2021-12-31T02:31:20.901+0000][1][safepoint    ] Leaving safepoint region
[2021-12-31T02:31:20.903+0000][1][safepoint    ] Total time for which application threads were stopped: 0.0052185 seconds, Stopping threads took: 0.0039454 seconds
[2021-12-31T02:31:21.155+0000][1][safepoint    ] Application time: 0.2523498 seconds
[2021-12-31T02:31:21.159+0000][1][safepoint    ] Entering safepoint region: RevokeBias
[2021-12-31T02:31:21.159+0000][1][safepoint    ] Leaving safepoint region
[2021-12-31T02:31:21.160+0000][1][safepoint    ] Total time for which application threads were stopped: 0.0008793 seconds, Stopping threads took: 0.0003929 seconds
[2021-12-31T02:31:21.162+0000][1][safepoint    ] Application time: 0.0018777 seconds
[2021-12-31T02:31:21.162+0000][1][safepoint    ] Entering safepoint region: RevokeBias
[2021-12-31T02:31:21.162+0000][1][safepoint    ] Leaving safepoint region
[2021-12-31T02:31:21.162+0000][1][safepoint    ] Total time for which application threads were stopped: 0.0002076 seconds, Stopping threads took: 0.0000841 seconds
[2021-12-31T02:31:21.334+0000][1][safepoint    ] Application time: 0.1725098 seconds
[2021-12-31T02:31:21.337+0000][1][safepoint    ] Entering safepoint region: GenCollectForAllocation
[2021-12-31T02:31:21.337+0000][1][gc,start     ] GC(1) Pause Young (Allocation Failure)
[2021-12-31T02:31:21.337+0000][1][gc,task      ] GC(1) Using 1 workers of 1 for evacuation
[2021-12-31T02:31:21.381+0000][1][gc,age       ] GC(1) Desired survivor size 4358144 bytes, new threshold 6 (max threshold 6)
[2021-12-31T02:31:21.381+0000][1][gc,age       ] GC(1) Age table with threshold 6 (max threshold 6)
[2021-12-31T02:31:21.382+0000][1][gc,age       ] GC(1) - age   1:     838920 bytes,     838920 total
[2021-12-31T02:31:21.382+0000][1][gc,heap      ] GC(1) ParNew: 74170K->4066K(76672K)
[2021-12-31T02:31:21.382+0000][1][gc,heap      ] GC(1) CMS: 0K->6502K(439104K)
[2021-12-31T02:31:21.382+0000][1][gc,metaspace ] GC(1) Metaspace: 14431K->14431K(1062912K)
[2021-12-31T02:31:21.382+0000][1][gc           ] GC(1) Pause Young (Allocation Failure) 72M->10M(503M) 44.631ms
[2021-12-31T02:31:21.382+0000][1][gc,cpu       ] GC(1) User=0.04s Sys=0.00s Real=0.05s
[2021-12-31T02:31:21.382+0000][1][safepoint    ] Leaving safepoint region
[2021-12-31T02:31:21.383+0000][1][safepoint    ] Total time for which application threads were stopped: 0.0454493 seconds, Stopping threads took: 0.0001121 seconds
[2021-12-31T02:31:21.391+0000][1][safepoint    ] Application time: 0.0087769 seconds
[2021-12-31T02:31:21.397+0000][1][safepoint    ] Entering safepoint region: BulkRevokeBias
[2021-12-31T02:31:21.397+0000][1][safepoint    ] Leaving safepoint region
[2021-12-31T02:31:21.397+0000][1][safepoint    ] Total time for which application threads were stopped: 0.0015570 seconds, Stopping threads took: 0.0014007 seconds
[2021-12-31T02:31:21.397+0000][1][safepoint    ] Application time: 0.0002564 seconds
[2021-12-31T02:31:21.398+0000][1][safepoint    ] Entering safepoint region: RevokeBias
[2021-12-31T02:31:21.398+0000][1][safepoint    ] Leaving safepoint region
[2021-12-31T02:31:21.398+0000][1][safepoint    ] Total time for which application threads were stopped: 0.0002565 seconds, Stopping threads took: 0.0001470 seconds
[2021-12-31T02:31:21.398+0000][1][safepoint    ] Application time: 0.0000619 seconds
[2021-12-31T02:31:21.398+0000][1][safepoint    ] Entering safepoint region: RevokeBias
[2021-12-31T02:31:21.399+0000][1][safepoint    ] Leaving safepoint region
[2021-12-31T02:31:21.399+0000][1][safepoint    ] Total time for which application threads were stopped: 0.0002818 seconds, Stopping threads took: 0.0001196 seconds
[2021-12-31T02:31:21.399+0000][1][safepoint    ] Application time: 0.0000631 seconds
[2021-12-31T02:31:21.399+0000][1][safepoint    ] Entering safepoint region: RevokeBias
[2021-12-31T02:31:21.399+0000][1][safepoint    ] Leaving safepoint region
[2021-12-31T02:31:21.399+0000][1][safepoint    ] Total time for which application threads were stopped: 0.0001764 seconds, Stopping threads took: 0.0000790 seconds
[2021-12-31T02:31:21.399+0000][1][safepoint    ] Application time: 0.0000492 seconds
[2021-12-31T02:31:21.399+0000][1][safepoint    ] Entering safepoint region: RevokeBias
[2021-12-31T02:31:21.399+0000][1][safepoint    ] Leaving safepoint region
[2021-12-31T02:31:21.400+0000][1][safepoint    ] Total time for which application threads were stopped: 0.0002626 seconds, Stopping threads took: 0.0000875 seconds
[2021-12-31T02:31:21.400+0000][1][safepoint    ] Application time: 0.0000520 seconds
[2021-12-31T02:31:21.400+0000][1][safepoint    ] Entering safepoint region: RevokeBias
[2021-12-31T02:31:21.400+0000][1][safepoint    ] Leaving safepoint region
[2021-12-31T02:31:21.400+0000][1][safepoint    ] Total time for which application threads were stopped: 0.0003193 seconds, Stopping threads took: 0.0001088 seconds
[2021-12-31T02:31:21.400+0000][1][safepoint    ] Application time: 0.0000383 seconds
[2021-12-31T02:31:21.400+0000][1][safepoint    ] Entering safepoint region: BulkRevokeBias
[2021-12-31T02:31:21.400+0000][1][safepoint    ] Leaving safepoint region
[2021-12-31T02:31:21.401+0000][1][safepoint    ] Total time for which application threads were stopped: 0.0001645 seconds, Stopping threads took: 0.0000670 seconds
[2021-12-31T02:31:21.401+0000][1][safepoint    ] Application time: 0.0000370 seconds
[2021-12-31T02:31:21.401+0000][1][safepoint    ] Entering safepoint region: RevokeBias
[2021-12-31T02:31:21.401+0000][1][safepoint    ] Leaving safepoint region
[2021-12-31T02:31:21.401+0000][1][safepoint    ] Total time for which application threads were stopped: 0.0001521 seconds, Stopping threads took: 0.0000674 seconds
[2021-12-31T02:31:21.401+0000][1][safepoint    ] Application time: 0.0003447 seconds
[2021-12-31T02:31:21.401+0000][1][safepoint    ] Entering safepoint region: BulkRevokeBias
[2021-12-31T02:31:21.402+0000][1][safepoint    ] Leaving safepoint region
[2021-12-31T02:31:21.402+0000][1][safepoint    ] Total time for which application threads were stopped: 0.0001653 seconds, Stopping threads took: 0.0000700 seconds
[2021-12-31T02:31:22.080+0000][1][safepoint    ] Application time: 0.6782014 seconds
[2021-12-31T02:31:22.089+0000][1][safepoint    ] Entering safepoint region: GenCollectForAllocation
[2021-12-31T02:31:22.100+0000][1][gc,start     ] GC(2) Pause Young (Allocation Failure)
[2021-12-31T02:31:22.111+0000][1][gc,task      ] GC(2) Using 1 workers of 1 for evacuation
[2021-12-31T02:31:22.153+0000][1][gc,age       ] GC(2) Desired survivor size 4358144 bytes, new threshold 6 (max threshold 6)
[2021-12-31T02:31:22.165+0000][1][gc,age       ] GC(2) Age table with threshold 6 (max threshold 6)
[2021-12-31T02:31:22.171+0000][1][gc,age       ] GC(2) - age   1:    1233608 bytes,    1233608 total
[2021-12-31T02:31:22.183+0000][1][gc,age       ] GC(2) - age   2:     527784 bytes,    1761392 total
[2021-12-31T02:31:22.195+0000][1][gc,heap      ] GC(2) ParNew: 72226K->2443K(76672K)
[2021-12-31T02:31:22.215+0000][1][gc,heap      ] GC(2) CMS: 6502K->6502K(439104K)
[2021-12-31T02:31:22.227+0000][1][gc,metaspace ] GC(2) Metaspace: 14746K->14746K(1062912K)
[2021-12-31T02:31:22.256+0000][1][gc           ] GC(2) Pause Young (Allocation Failure) 76M->8M(503M) 156.583ms
[2021-12-31T02:31:22.262+0000][1][gc,cpu       ] GC(2) User=0.09s Sys=0.02s Real=0.16s
[2021-12-31T02:31:22.269+0000][1][safepoint    ] Leaving safepoint region
[2021-12-31T02:31:22.274+0000][1][safepoint    ] Total time for which application threads were stopped: 0.1845278 seconds, Stopping threads took: 0.0103766 seconds
[2021-12-31T02:31:22.287+0000][1][safepoint    ] Application time: 0.0021370 seconds
[2021-12-31T02:31:22.291+0000][1][safepoint    ] Entering safepoint region: RevokeBias
[2021-12-31T02:31:22.302+0000][1][safepoint    ] Leaving safepoint region
[2021-12-31T02:31:22.313+0000][1][safepoint    ] Total time for which application threads were stopped: 0.0220935 seconds, Stopping threads took: 0.0111222 seconds
[2021-12-31T02:31:22.326+0000][1][safepoint    ] Application time: 0.0036313 seconds
[2021-12-31T02:31:22.329+0000][1][safepoint    ] Entering safepoint region: RevokeBias
[2021-12-31T02:31:22.358+0000][1][safepoint    ] Leaving safepoint region
[2021-12-31T02:31:22.369+0000][1][safepoint    ] Total time for which application threads were stopped: 0.0403575 seconds, Stopping threads took: 0.0291859 seconds
[2021-12-31T02:31:22.376+0000][1][safepoint    ] Application time: 0.0016909 seconds
[2021-12-31T02:31:22.387+0000][1][safepoint    ] Entering safepoint region: RevokeBias
[2021-12-31T02:31:22.398+0000][1][safepoint    ] Leaving safepoint region
[2021-12-31T02:31:22.408+0000][1][safepoint    ] Total time for which application threads were stopped: 0.0210494 seconds, Stopping threads took: 0.0103577 seconds
[2021-12-31T02:31:22.420+0000][1][safepoint    ] Application time: 0.0001881 seconds
[2021-12-31T02:31:22.431+0000][1][safepoint    ] Entering safepoint region: RevokeBias
[2021-12-31T02:31:22.434+0000][1][safepoint    ] Leaving safepoint region
[2021-12-31T02:31:22.434+0000][1][safepoint    ] Total time for which application threads were stopped: 0.0035816 seconds, Stopping threads took: 0.0032689 seconds
[2021-12-31T02:31:22.435+0000][1][safepoint    ] Application time: 0.0002121 seconds
[2021-12-31T02:31:22.435+0000][1][safepoint    ] Entering safepoint region: RevokeBias
[2021-12-31T02:31:22.436+0000][1][safepoint    ] Leaving safepoint region
[2021-12-31T02:31:22.436+0000][1][safepoint    ] Total time for which application threads were stopped: 0.0006394 seconds, Stopping threads took: 0.0004499 seconds
[2021-12-31T02:31:22.436+0000][1][safepoint    ] Application time: 0.0000571 seconds
[2021-12-31T02:31:22.436+0000][1][safepoint    ] Entering safepoint region: RevokeBias
[2021-12-31T02:31:22.436+0000][1][safepoint    ] Leaving safepoint region
[2021-12-31T02:31:22.437+0000][1][safepoint    ] Total time for which application threads were stopped: 0.0004826 seconds, Stopping threads took: 0.0001944 seconds
[2021-12-31T02:31:22.437+0000][1][safepoint    ] Application time: 0.0000799 seconds
[2021-12-31T02:31:22.437+0000][1][safepoint    ] Entering safepoint region: RevokeBias
[2021-12-31T02:31:22.437+0000][1][safepoint    ] Leaving safepoint region
[2021-12-31T02:31:22.437+0000][1][safepoint    ] Total time for which application threads were stopped: 0.0003216 seconds, Stopping threads took: 0.0001404 seconds
[2021-12-31T02:31:22.438+0000][1][safepoint    ] Application time: 0.0000409 seconds
[2021-12-31T02:31:22.438+0000][1][safepoint    ] Entering safepoint region: RevokeBias
[2021-12-31T02:31:22.438+0000][1][safepoint    ] Leaving safepoint region
[2021-12-31T02:31:22.438+0000][1][safepoint    ] Total time for which application threads were stopped: 0.0001647 seconds, Stopping threads took: 0.0000715 seconds
[2021-12-31T02:31:22.438+0000][1][safepoint    ] Application time: 0.0000556 seconds
[2021-12-31T02:31:22.438+0000][1][safepoint    ] Entering safepoint region: RevokeBias
[2021-12-31T02:31:22.438+0000][1][safepoint    ] Leaving safepoint region
[2021-12-31T02:31:22.438+0000][1][safepoint    ] Total time for which application threads were stopped: 0.0001627 seconds, Stopping threads took: 0.0000701 seconds
[2021-12-31T02:31:22.438+0000][1][safepoint    ] Application time: 0.0000325 seconds
[2021-12-31T02:31:22.438+0000][1][safepoint    ] Entering safepoint region: RevokeBias
[2021-12-31T02:31:22.439+0000][1][safepoint    ] Leaving safepoint region
[2021-12-31T02:31:22.439+0000][1][safepoint    ] Total time for which application threads were stopped: 0.0002379 seconds, Stopping threads took: 0.0001365 seconds
[2021-12-31T02:31:22.439+0000][1][safepoint    ] Application time: 0.0000368 seconds
[2021-12-31T02:31:22.439+0000][1][safepoint    ] Entering safepoint region: RevokeBias
[2021-12-31T02:31:22.439+0000][1][safepoint    ] Leaving safepoint region
[2021-12-31T02:31:22.439+0000][1][safepoint    ] Total time for which application threads were stopped: 0.0001773 seconds, Stopping threads took: 0.0000699 seconds
[2021-12-31T02:31:22.439+0000][1][safepoint    ] Application time: 0.0000327 seconds
[2021-12-31T02:31:22.439+0000][1][safepoint    ] Entering safepoint region: RevokeBias
[2021-12-31T02:31:22.439+0000][1][safepoint    ] Leaving safepoint region
[2021-12-31T02:31:22.439+0000][1][safepoint    ] Total time for which application threads were stopped: 0.0001782 seconds, Stopping threads took: 0.0000767 seconds
[2021-12-31T02:31:22.440+0000][1][safepoint    ] Application time: 0.0001739 seconds
[2021-12-31T02:31:22.440+0000][1][safepoint    ] Entering safepoint region: RevokeBias
[2021-12-31T02:31:22.440+0000][1][safepoint    ] Leaving safepoint region
[2021-12-31T02:31:22.440+0000][1][safepoint    ] Total time for which application threads were stopped: 0.0003278 seconds, Stopping threads took: 0.0001693 seconds
[2021-12-31T02:31:22.440+0000][1][safepoint    ] Application time: 0.0000358 seconds
[2021-12-31T02:31:22.440+0000][1][safepoint    ] Entering safepoint region: RevokeBias
[2021-12-31T02:31:22.440+0000][1][safepoint    ] Leaving safepoint region
[2021-12-31T02:31:22.441+0000][1][safepoint    ] Total time for which application threads were stopped: 0.0003101 seconds, Stopping threads took: 0.0000765 seconds
[2021-12-31T02:31:22.441+0000][1][safepoint    ] Application time: 0.0001283 seconds
[2021-12-31T02:31:22.441+0000][1][safepoint    ] Entering safepoint region: RevokeBias
[2021-12-31T02:31:22.442+0000][1][safepoint    ] Leaving safepoint region
[2021-12-31T02:31:22.442+0000][1][safepoint    ] Total time for which application threads were stopped: 0.0006578 seconds, Stopping threads took: 0.0003465 seconds
[2021-12-31T02:31:22.442+0000][1][safepoint    ] Application time: 0.0000951 seconds
[2021-12-31T02:31:22.442+0000][1][safepoint    ] Entering safepoint region: RevokeBias
[2021-12-31T02:31:22.442+0000][1][safepoint    ] Leaving safepoint region
[2021-12-31T02:31:22.443+0000][1][safepoint    ] Total time for which application threads were stopped: 0.0003454 seconds, Stopping threads took: 0.0001220 seconds
[2021-12-31T02:31:22.443+0000][1][safepoint    ] Application time: 0.0000453 seconds
[2021-12-31T02:31:22.443+0000][1][safepoint    ] Entering safepoint region: RevokeBias
[2021-12-31T02:31:22.443+0000][1][safepoint    ] Leaving safepoint region
[2021-12-31T02:31:22.443+0000][1][safepoint    ] Total time for which application threads were stopped: 0.0001946 seconds, Stopping threads took: 0.0000849 seconds
[2021-12-31T02:31:22.443+0000][1][safepoint    ] Application time: 0.0000362 seconds
[2021-12-31T02:31:22.443+0000][1][safepoint    ] Entering safepoint region: RevokeBias
[2021-12-31T02:31:22.443+0000][1][safepoint    ] Leaving safepoint region
[2021-12-31T02:31:22.443+0000][1][safepoint    ] Total time for which application threads were stopped: 0.0001738 seconds, Stopping threads took: 0.0000760 seconds
[2021-12-31T02:31:22.443+0000][1][safepoint    ] Application time: 0.0000542 seconds
[2021-12-31T02:31:22.444+0000][1][safepoint    ] Entering safepoint region: RevokeBias
[2021-12-31T02:31:22.444+0000][1][safepoint    ] Leaving safepoint region
[2021-12-31T02:31:22.444+0000][1][safepoint    ] Total time for which application threads were stopped: 0.0001883 seconds, Stopping threads took: 0.0000801 seconds
[2021-12-31T02:31:22.444+0000][1][safepoint    ] Application time: 0.0001775 seconds
[2021-12-31T02:31:22.444+0000][1][safepoint    ] Entering safepoint region: RevokeBias
[2021-12-31T02:31:22.445+0000][1][safepoint    ] Leaving safepoint region
[2021-12-31T02:31:22.445+0000][1][safepoint    ] Total time for which application threads were stopped: 0.0003761 seconds, Stopping threads took: 0.0001760 seconds
[2021-12-31T02:31:22.445+0000][1][safepoint    ] Application time: 0.0000416 seconds
[2021-12-31T02:31:22.445+0000][1][safepoint    ] Entering safepoint region: RevokeBias
[2021-12-31T02:31:22.445+0000][1][safepoint    ] Leaving safepoint region
[2021-12-31T02:31:22.445+0000][1][safepoint    ] Total time for which application threads were stopped: 0.0002084 seconds, Stopping threads took: 0.0001002 seconds
[2021-12-31T02:31:22.569+0000][1][safepoint    ] Application time: 0.1236799 seconds
[2021-12-31T02:31:22.569+0000][1][safepoint    ] Entering safepoint region: Deoptimize
[2021-12-31T02:31:22.569+0000][1][safepoint    ] Leaving safepoint region
[2021-12-31T02:31:22.570+0000][1][safepoint    ] Total time for which application threads were stopped: 0.0005351 seconds, Stopping threads took: 0.0000897 seconds
[2021-12-31T02:31:23.572+0000][1][safepoint    ] Application time: 1.0021201 seconds
[2021-12-31T02:31:23.579+0000][1][safepoint    ] Entering safepoint region: Cleanup
[2021-12-31T02:31:23.581+0000][1][safepoint    ] Leaving safepoint region
[2021-12-31T02:31:23.581+0000][1][safepoint    ] Total time for which application threads were stopped: 0.0019273 seconds, Stopping threads took: 0.0017275 seconds
[2021-12-31T02:31:23.636+0000][1][safepoint    ] Application time: 0.0551778 seconds
[2021-12-31T02:31:23.640+0000][1][safepoint    ] Entering safepoint region: GenCollectForAllocation
[2021-12-31T02:31:23.640+0000][1][gc,start     ] GC(3) Pause Young (Allocation Failure)
[2021-12-31T02:31:23.640+0000][1][gc,task      ] GC(3) Using 1 workers of 1 for evacuation
[2021-12-31T02:31:23.650+0000][1][gc,age       ] GC(3) Desired survivor size 4358144 bytes, new threshold 3 (max threshold 6)
[2021-12-31T02:31:23.650+0000][1][gc,age       ] GC(3) Age table with threshold 3 (max threshold 6)
[2021-12-31T02:31:23.651+0000][1][gc,age       ] GC(3) - age   1:    2920608 bytes,    2920608 total
[2021-12-31T02:31:23.651+0000][1][gc,age       ] GC(3) - age   2:    1146088 bytes,    4066696 total
[2021-12-31T02:31:23.651+0000][1][gc,age       ] GC(3) - age   3:     527296 bytes,    4593992 total
[2021-12-31T02:31:23.651+0000][1][gc,heap      ] GC(3) ParNew: 70603K->4792K(76672K)
[2021-12-31T02:31:23.651+0000][1][gc,heap      ] GC(3) CMS: 6502K->6502K(439104K)
[2021-12-31T02:31:23.652+0000][1][gc,metaspace ] GC(3) Metaspace: 18506K->18506K(1067008K)
[2021-12-31T02:31:23.652+0000][1][gc           ] GC(3) Pause Young (Allocation Failure) 75M->11M(503M) 11.441ms
[2021-12-31T02:31:23.652+0000][1][gc,cpu       ] GC(3) User=0.01s Sys=0.00s Real=0.01s
[2021-12-31T02:31:23.652+0000][1][safepoint    ] Leaving safepoint region
[2021-12-31T02:31:23.652+0000][1][safepoint    ] Total time for which application threads were stopped: 0.0122578 seconds, Stopping threads took: 0.0003718 seconds
[2021-12-31T02:31:23.664+0000][1][safepoint    ] Application time: 0.0120095 seconds
[2021-12-31T02:31:23.669+0000][1][safepoint    ] Entering safepoint region: BulkRevokeBias
[2021-12-31T02:31:23.671+0000][1][safepoint    ] Leaving safepoint region
[2021-12-31T02:31:23.671+0000][1][safepoint    ] Total time for which application threads were stopped: 0.0021722 seconds, Stopping threads took: 0.0018229 seconds
[2021-12-31T02:31:23.674+0000][1][safepoint    ] Application time: 0.0025981 seconds
[2021-12-31T02:31:23.675+0000][1][safepoint    ] Entering safepoint region: RevokeBias
[2021-12-31T02:31:23.675+0000][1][safepoint    ] Leaving safepoint region
[2021-12-31T02:31:23.675+0000][1][safepoint    ] Total time for which application threads were stopped: 0.0003846 seconds, Stopping threads took: 0.0001819 seconds
[2021-12-31T02:31:23.675+0000][1][safepoint    ] Application time: 0.0000504 seconds
[2021-12-31T02:31:23.675+0000][1][safepoint    ] Entering safepoint region: RevokeBias
[2021-12-31T02:31:23.675+0000][1][safepoint    ] Leaving safepoint region
[2021-12-31T02:31:23.676+0000][1][safepoint    ] Total time for which application threads were stopped: 0.0001793 seconds, Stopping threads took: 0.0000793 seconds
[2021-12-31T02:31:23.676+0000][1][safepoint    ] Application time: 0.0000520 seconds
[2021-12-31T02:31:23.676+0000][1][safepoint    ] Entering safepoint region: RevokeBias
[2021-12-31T02:31:23.676+0000][1][safepoint    ] Leaving safepoint region
[2021-12-31T02:31:23.676+0000][1][safepoint    ] Total time for which application threads were stopped: 0.0001740 seconds, Stopping threads took: 0.0000780 seconds
[2021-12-31T02:31:23.869+0000][1][safepoint    ] Application time: 0.1930561 seconds
[2021-12-31T02:31:23.870+0000][1][safepoint    ] Entering safepoint region: GenCollectForAllocation
[2021-12-31T02:31:23.870+0000][1][gc,start     ] GC(4) Pause Young (Allocation Failure)
[2021-12-31T02:31:23.870+0000][1][gc,task      ] GC(4) Using 1 workers of 1 for evacuation
[2021-12-31T02:31:23.885+0000][1][gc,age       ] GC(4) Desired survivor size 4358144 bytes, new threshold 2 (max threshold 6)
[2021-12-31T02:31:23.885+0000][1][gc,age       ] GC(4) Age table with threshold 2 (max threshold 6)
[2021-12-31T02:31:23.886+0000][1][gc,age       ] GC(4) - age   1:    2112832 bytes,    2112832 total
[2021-12-31T02:31:23.886+0000][1][gc,age       ] GC(4) - age   2:    2485312 bytes,    4598144 total
[2021-12-31T02:31:23.886+0000][1][gc,age       ] GC(4) - age   3:    1145560 bytes,    5743704 total
[2021-12-31T02:31:23.886+0000][1][gc,heap      ] GC(4) ParNew: 72952K->7517K(76672K)
[2021-12-31T02:31:23.886+0000][1][gc,heap      ] GC(4) CMS: 6502K->7029K(439104K)
[2021-12-31T02:31:23.886+0000][1][gc,metaspace ] GC(4) Metaspace: 18750K->18750K(1067008K)
[2021-12-31T02:31:23.887+0000][1][gc           ] GC(4) Pause Young (Allocation Failure) 77M->14M(503M) 16.820ms
[2021-12-31T02:31:23.887+0000][1][gc,cpu       ] GC(4) User=0.01s Sys=0.00s Real=0.01s
[2021-12-31T02:31:23.887+0000][1][safepoint    ] Leaving safepoint region
[2021-12-31T02:31:23.887+0000][1][safepoint    ] Total time for which application threads were stopped: 0.0174269 seconds, Stopping threads took: 0.0001106 seconds
[2021-12-31T02:31:23.898+0000][1][safepoint    ] Application time: 0.0111705 seconds
[2021-12-31T02:31:23.906+0000][1][safepoint    ] Entering safepoint region: RevokeBias
[2021-12-31T02:31:23.907+0000][1][safepoint    ] Leaving safepoint region
[2021-12-31T02:31:23.907+0000][1][safepoint    ] Total time for which application threads were stopped: 0.0004014 seconds, Stopping threads took: 0.0002805 seconds
[2021-12-31T02:31:23.907+0000][1][safepoint    ] Application time: 0.0001111 seconds
[2021-12-31T02:31:23.907+0000][1][safepoint    ] Entering safepoint region: RevokeBias
[2021-12-31T02:31:23.907+0000][1][safepoint    ] Leaving safepoint region
[2021-12-31T02:31:23.907+0000][1][safepoint    ] Total time for which application threads were stopped: 0.0003742 seconds, Stopping threads took: 0.0001674 seconds
[2021-12-31T02:31:23.908+0000][1][safepoint    ] Application time: 0.0000971 seconds
[2021-12-31T02:31:23.908+0000][1][safepoint    ] Entering safepoint region: RevokeBias
[2021-12-31T02:31:23.908+0000][1][safepoint    ] Leaving safepoint region
[2021-12-31T02:31:23.908+0000][1][safepoint    ] Total time for which application threads were stopped: 0.0004849 seconds, Stopping threads took: 0.0002921 seconds
[2021-12-31T02:31:23.909+0000][1][safepoint    ] Application time: 0.0000979 seconds
[2021-12-31T02:31:23.909+0000][1][safepoint    ] Entering safepoint region: RevokeBias
[2021-12-31T02:31:23.909+0000][1][safepoint    ] Leaving safepoint region
[2021-12-31T02:31:23.909+0000][1][safepoint    ] Total time for which application threads were stopped: 0.0003501 seconds, Stopping threads took: 0.0001631 seconds
[2021-12-31T02:31:23.925+0000][1][safepoint    ] Application time: 0.0158824 seconds
[2021-12-31T02:31:23.933+0000][1][safepoint    ] Entering safepoint region: Deoptimize
[2021-12-31T02:31:23.939+0000][1][safepoint    ] Leaving safepoint region
[2021-12-31T02:31:23.939+0000][1][safepoint    ] Total time for which application threads were stopped: 0.0065476 seconds, Stopping threads took: 0.0061210 seconds
[2021-12-31T02:31:23.965+0000][1][safepoint    ] Application time: 0.0251515 seconds
[2021-12-31T02:31:23.968+0000][1][safepoint    ] Entering safepoint region: RevokeBias
[2021-12-31T02:31:23.974+0000][1][safepoint    ] Leaving safepoint region
[2021-12-31T02:31:23.985+0000][1][safepoint    ] Total time for which application threads were stopped: 0.0163119 seconds, Stopping threads took: 0.0060284 seconds
[2021-12-31T02:31:24.095+0000][1][safepoint    ] Application time: 0.1041576 seconds
[2021-12-31T02:31:24.103+0000][1][safepoint    ] Entering safepoint region: Deoptimize
[2021-12-31T02:31:24.112+0000][1][safepoint    ] Leaving safepoint region
[2021-12-31T02:31:24.112+0000][1][safepoint    ] Total time for which application threads were stopped: 0.0088254 seconds, Stopping threads took: 0.0082694 seconds
[2021-12-31T02:31:24.242+0000][1][safepoint    ] Application time: 0.1298874 seconds
[2021-12-31T02:31:24.246+0000][1][safepoint    ] Entering safepoint region: RevokeBias
[2021-12-31T02:31:24.246+0000][1][safepoint    ] Leaving safepoint region
[2021-12-31T02:31:24.246+0000][1][safepoint    ] Total time for which application threads were stopped: 0.0007452 seconds, Stopping threads took: 0.0005875 seconds
[2021-12-31T02:31:24.346+0000][1][safepoint    ] Application time: 0.0991087 seconds
[2021-12-31T02:31:24.350+0000][1][safepoint    ] Entering safepoint region: GenCollectForAllocation
[2021-12-31T02:31:24.350+0000][1][gc,start     ] GC(5) Pause Young (Allocation Failure)
[2021-12-31T02:31:24.350+0000][1][gc,task      ] GC(5) Using 1 workers of 1 for evacuation
[2021-12-31T02:31:24.366+0000][1][gc,age       ] GC(5) Desired survivor size 4358144 bytes, new threshold 6 (max threshold 6)
[2021-12-31T02:31:24.366+0000][1][gc,age       ] GC(5) Age table with threshold 6 (max threshold 6)
[2021-12-31T02:31:24.366+0000][1][gc,age       ] GC(5) - age   1:    2635000 bytes,    2635000 total
[2021-12-31T02:31:24.366+0000][1][gc,age       ] GC(5) - age   2:     457072 bytes,    3092072 total
[2021-12-31T02:31:24.366+0000][1][gc,heap      ] GC(5) ParNew: 75677K->5146K(76672K)
[2021-12-31T02:31:24.367+0000][1][gc,heap      ] GC(5) CMS: 7029K->10608K(439104K)
[2021-12-31T02:31:24.367+0000][1][gc,metaspace ] GC(5) Metaspace: 19087K->19087K(1067008K)
[2021-12-31T02:31:24.367+0000][1][gc           ] GC(5) Pause Young (Allocation Failure) 80M->15M(503M) 16.971ms
[2021-12-31T02:31:24.367+0000][1][gc,cpu       ] GC(5) User=0.02s Sys=0.00s Real=0.01s
[2021-12-31T02:31:24.367+0000][1][safepoint    ] Leaving safepoint region
[2021-12-31T02:31:24.367+0000][1][safepoint    ] Total time for which application threads were stopped: 0.0175514 seconds, Stopping threads took: 0.0001961 seconds
[2021-12-31T02:31:24.369+0000][1][safepoint    ] Application time: 0.0020783 seconds
[2021-12-31T02:31:24.370+0000][1][safepoint    ] Entering safepoint region: RevokeBias
[2021-12-31T02:31:24.370+0000][1][safepoint    ] Leaving safepoint region
[2021-12-31T02:31:24.370+0000][1][safepoint    ] Total time for which application threads were stopped: 0.0002349 seconds, Stopping threads took: 0.0001146 seconds
[2021-12-31T02:31:24.370+0000][1][safepoint    ] Application time: 0.0001344 seconds
[2021-12-31T02:31:24.370+0000][1][safepoint    ] Entering safepoint region: RevokeBias
[2021-12-31T02:31:24.370+0000][1][safepoint    ] Leaving safepoint region
[2021-12-31T02:31:24.380+0000][1][safepoint    ] Total time for which application threads were stopped: 0.0099576 seconds, Stopping threads took: 0.0001046 seconds
[2021-12-31T02:31:24.383+0000][1][safepoint    ] Application time: 0.0000590 seconds
[2021-12-31T02:31:24.388+0000][1][safepoint    ] Entering safepoint region: RevokeBias
[2021-12-31T02:31:24.388+0000][1][safepoint    ] Leaving safepoint region
[2021-12-31T02:31:24.388+0000][1][safepoint    ] Total time for which application threads were stopped: 0.0013968 seconds, Stopping threads took: 0.0012320 seconds
[2021-12-31T02:31:24.388+0000][1][safepoint    ] Application time: 0.0000481 seconds
[2021-12-31T02:31:24.388+0000][1][safepoint    ] Entering safepoint region: RevokeBias
[2021-12-31T02:31:24.388+0000][1][safepoint    ] Leaving safepoint region
[2021-12-31T02:31:24.388+0000][1][safepoint    ] Total time for which application threads were stopped: 0.0001974 seconds, Stopping threads took: 0.0000842 seconds
[2021-12-31T02:31:24.388+0000][1][safepoint    ] Application time: 0.0000483 seconds
[2021-12-31T02:31:24.389+0000][1][safepoint    ] Entering safepoint region: RevokeBias
[2021-12-31T02:31:24.389+0000][1][safepoint    ] Leaving safepoint region
[2021-12-31T02:31:24.389+0000][1][safepoint    ] Total time for which application threads were stopped: 0.0002821 seconds, Stopping threads took: 0.0001730 seconds
[2021-12-31T02:31:24.389+0000][1][safepoint    ] Application time: 0.0000534 seconds
[2021-12-31T02:31:24.389+0000][1][safepoint    ] Entering safepoint region: RevokeBias
[2021-12-31T02:31:24.389+0000][1][safepoint    ] Leaving safepoint region
[2021-12-31T02:31:24.389+0000][1][safepoint    ] Total time for which application threads were stopped: 0.0001982 seconds, Stopping threads took: 0.0000944 seconds
[2021-12-31T02:31:24.561+0000][1][safepoint    ] Application time: 0.1716521 seconds
[2021-12-31T02:31:24.570+0000][1][safepoint    ] Entering safepoint region: GenCollectForAllocation
[2021-12-31T02:31:24.572+0000][1][gc,start     ] GC(6) Pause Young (Allocation Failure)
[2021-12-31T02:31:24.572+0000][1][gc,task      ] GC(6) Using 1 workers of 1 for evacuation
[2021-12-31T02:31:24.583+0000][1][gc,age       ] GC(6) Desired survivor size 4358144 bytes, new threshold 6 (max threshold 6)
[2021-12-31T02:31:24.583+0000][1][gc,age       ] GC(6) Age table with threshold 6 (max threshold 6)
[2021-12-31T02:31:24.583+0000][1][gc,age       ] GC(6) - age   1:     517168 bytes,     517168 total
[2021-12-31T02:31:24.583+0000][1][gc,age       ] GC(6) - age   2:    2186904 bytes,    2704072 total
[2021-12-31T02:31:24.583+0000][1][gc,age       ] GC(6) - age   3:     457072 bytes,    3161144 total
[2021-12-31T02:31:24.583+0000][1][gc,heap      ] GC(6) ParNew: 73306K->4837K(76672K)
[2021-12-31T02:31:24.583+0000][1][gc,heap      ] GC(6) CMS: 10608K->10608K(439104K)
[2021-12-31T02:31:24.583+0000][1][gc,metaspace ] GC(6) Metaspace: 19210K->19210K(1067008K)
[2021-12-31T02:31:24.584+0000][1][gc           ] GC(6) Pause Young (Allocation Failure) 81M->15M(503M) 11.457ms
[2021-12-31T02:31:24.584+0000][1][gc,cpu       ] GC(6) User=0.02s Sys=0.00s Real=0.01s
[2021-12-31T02:31:24.584+0000][1][safepoint    ] Leaving safepoint region
[2021-12-31T02:31:24.584+0000][1][safepoint    ] Total time for which application threads were stopped: 0.0143697 seconds, Stopping threads took: 0.0025466 seconds
[2021-12-31T02:31:24.599+0000][1][safepoint    ] Application time: 0.0145708 seconds
[2021-12-31T02:31:24.608+0000][1][safepoint    ] Entering safepoint region: RevokeBias
[2021-12-31T02:31:24.610+0000][1][safepoint    ] Leaving safepoint region
[2021-12-31T02:31:24.610+0000][1][safepoint    ] Total time for which application threads were stopped: 0.0073488 seconds, Stopping threads took: 0.0071096 seconds
[2021-12-31T02:31:24.610+0000][1][safepoint    ] Application time: 0.0000594 seconds
[2021-12-31T02:31:24.610+0000][1][safepoint    ] Entering safepoint region: RevokeBias
[2021-12-31T02:31:24.611+0000][1][safepoint    ] Leaving safepoint region
[2021-12-31T02:31:24.611+0000][1][safepoint    ] Total time for which application threads were stopped: 0.0002210 seconds, Stopping threads took: 0.0001009 seconds
[2021-12-31T02:31:24.611+0000][1][safepoint    ] Application time: 0.0000730 seconds
[2021-12-31T02:31:24.611+0000][1][safepoint    ] Entering safepoint region: RevokeBias
[2021-12-31T02:31:24.611+0000][1][safepoint    ] Leaving safepoint region
[2021-12-31T02:31:24.611+0000][1][safepoint    ] Total time for which application threads were stopped: 0.0001930 seconds, Stopping threads took: 0.0000959 seconds
[2021-12-31T02:31:24.611+0000][1][safepoint    ] Application time: 0.0000376 seconds
[2021-12-31T02:31:24.612+0000][1][safepoint    ] Entering safepoint region: BulkRevokeBias
[2021-12-31T02:31:24.612+0000][1][safepoint    ] Leaving safepoint region
[2021-12-31T02:31:24.612+0000][1][safepoint    ] Total time for which application threads were stopped: 0.0001861 seconds, Stopping threads took: 0.0000795 seconds
[2021-12-31T02:31:24.612+0000][1][safepoint    ] Application time: 0.0000426 seconds
[2021-12-31T02:31:24.612+0000][1][safepoint    ] Entering safepoint region: BulkRevokeBias
[2021-12-31T02:31:24.612+0000][1][safepoint    ] Leaving safepoint region
[2021-12-31T02:31:24.612+0000][1][safepoint    ] Total time for which application threads were stopped: 0.0001766 seconds, Stopping threads took: 0.0000760 seconds
[2021-12-31T02:31:24.847+0000][1][safepoint    ] Application time: 0.2345004 seconds
[2021-12-31T02:31:24.852+0000][1][safepoint    ] Entering safepoint region: GenCollectForAllocation
[2021-12-31T02:31:24.852+0000][1][gc,start     ] GC(7) Pause Young (Allocation Failure)
[2021-12-31T02:31:24.853+0000][1][gc,task      ] GC(7) Using 1 workers of 1 for evacuation
[2021-12-31T02:31:24.863+0000][1][gc,age       ] GC(7) Desired survivor size 4358144 bytes, new threshold 3 (max threshold 6)
[2021-12-31T02:31:24.863+0000][1][gc,age       ] GC(7) Age table with threshold 3 (max threshold 6)
[2021-12-31T02:31:24.863+0000][1][gc,age       ] GC(7) - age   1:    2185072 bytes,    2185072 total
[2021-12-31T02:31:24.863+0000][1][gc,age       ] GC(7) - age   2:     136392 bytes,    2321464 total
[2021-12-31T02:31:24.863+0000][1][gc,age       ] GC(7) - age   3:    2184720 bytes,    4506184 total
[2021-12-31T02:31:24.863+0000][1][gc,age       ] GC(7) - age   4:     457072 bytes,    4963256 total
[2021-12-31T02:31:24.863+0000][1][gc,heap      ] GC(7) ParNew: 72997K->5840K(76672K)
[2021-12-31T02:31:24.864+0000][1][gc,heap      ] GC(7) CMS: 10608K->10608K(439104K)
[2021-12-31T02:31:24.864+0000][1][gc,metaspace ] GC(7) Metaspace: 19721K->19721K(1067008K)
[2021-12-31T02:31:24.864+0000][1][gc           ] GC(7) Pause Young (Allocation Failure) 81M->16M(503M) 11.321ms
[2021-12-31T02:31:24.864+0000][1][gc,cpu       ] GC(7) User=0.01s Sys=0.00s Real=0.01s
[2021-12-31T02:31:24.864+0000][1][safepoint    ] Leaving safepoint region
[2021-12-31T02:31:24.864+0000][1][safepoint    ] Total time for which application threads were stopped: 0.0122977 seconds, Stopping threads took: 0.0006458 seconds
[2021-12-31T02:31:25.220+0000][1][safepoint    ] Application time: 0.3561440 seconds
[2021-12-31T02:31:25.223+0000][1][safepoint    ] Entering safepoint region: CollectForMetadataAllocation
[2021-12-31T02:31:25.229+0000][1][safepoint    ] Leaving safepoint region
[2021-12-31T02:31:25.229+0000][1][safepoint    ] Total time for which application threads were stopped: 0.0055579 seconds, Stopping threads took: 0.0052229 seconds
[2021-12-31T02:31:25.287+0000][1][safepoint    ] Application time: 0.0580731 seconds
[2021-12-31T02:31:25.290+0000][1][safepoint    ] Entering safepoint region: CollectForMetadataAllocation
[2021-12-31T02:31:25.293+0000][1][safepoint    ] Leaving safepoint region
[2021-12-31T02:31:25.293+0000][1][safepoint    ] Total time for which application threads were stopped: 0.0032054 seconds, Stopping threads took: 0.0026875 seconds
[2021-12-31T02:31:25.400+0000][1][safepoint    ] Application time: 0.1064504 seconds
[2021-12-31T02:31:25.400+0000][1][safepoint    ] Entering safepoint region: GenCollectForAllocation
[2021-12-31T02:31:25.400+0000][1][gc,start     ] GC(8) Pause Young (Allocation Failure)
[2021-12-31T02:31:25.400+0000][1][gc,task      ] GC(8) Using 1 workers of 1 for evacuation
[2021-12-31T02:31:25.414+0000][1][gc,age       ] GC(8) Desired survivor size 4358144 bytes, new threshold 6 (max threshold 6)
[2021-12-31T02:31:25.415+0000][1][gc,age       ] GC(8) Age table with threshold 6 (max threshold 6)
[2021-12-31T02:31:25.415+0000][1][gc,age       ] GC(8) - age   1:    1809280 bytes,    1809280 total
[2021-12-31T02:31:25.415+0000][1][gc,age       ] GC(8) - age   2:    1377192 bytes,    3186472 total
[2021-12-31T02:31:25.415+0000][1][gc,age       ] GC(8) - age   3:     136280 bytes,    3322752 total
[2021-12-31T02:31:25.415+0000][1][gc,heap      ] GC(8) ParNew: 74000K->4365K(76672K)
[2021-12-31T02:31:25.415+0000][1][gc,heap      ] GC(8) CMS: 10608K->13206K(439104K)
[2021-12-31T02:31:25.416+0000][1][gc,metaspace ] GC(8) Metaspace: 20523K->20523K(1069056K)
[2021-12-31T02:31:25.416+0000][1][gc           ] GC(8) Pause Young (Allocation Failure) 82M->17M(503M) 15.337ms
[2021-12-31T02:31:25.416+0000][1][gc,cpu       ] GC(8) User=0.01s Sys=0.00s Real=0.01s
[2021-12-31T02:31:25.416+0000][1][safepoint    ] Leaving safepoint region
[2021-12-31T02:31:25.416+0000][1][safepoint    ] Total time for which application threads were stopped: 0.0159746 seconds, Stopping threads took: 0.0000871 seconds
[2021-12-31T02:31:25.453+0000][1][safepoint    ] Application time: 0.0364139 seconds
[2021-12-31T02:31:25.476+0000][1][safepoint    ] Entering safepoint region: CMS_Initial_Mark
[2021-12-31T02:31:25.478+0000][1][gc,start     ] GC(9) Pause Initial Mark
[2021-12-31T02:31:25.485+0000][1][gc           ] GC(9) Pause Initial Mark 34M->34M(503M) 7.491ms
[2021-12-31T02:31:25.485+0000][1][gc,cpu       ] GC(9) User=0.00s Sys=0.00s Real=0.01s
[2021-12-31T02:31:25.485+0000][1][safepoint    ] Leaving safepoint region
[2021-12-31T02:31:25.485+0000][1][safepoint    ] Total time for which application threads were stopped: 0.0096394 seconds, Stopping threads took: 0.0016911 seconds
[2021-12-31T02:31:25.486+0000][1][gc           ] GC(9) Concurrent Mark
[2021-12-31T02:31:25.506+0000][1][gc           ] GC(9) Concurrent Mark 20.081ms
[2021-12-31T02:31:25.546+0000][1][gc,cpu       ] GC(9) User=0.05s Sys=0.02s Real=0.06s
[2021-12-31T02:31:25.561+0000][1][gc           ] GC(9) Concurrent Preclean
[2021-12-31T02:31:25.578+0000][1][gc           ] GC(9) Concurrent Preclean 17.529ms
[2021-12-31T02:31:25.608+0000][1][gc,cpu       ] GC(9) User=0.03s Sys=0.01s Real=0.04s
[2021-12-31T02:31:25.623+0000][1][gc           ] GC(9) Concurrent Abortable Preclean
[2021-12-31T02:31:25.651+0000][1][safepoint    ] Application time: 0.1651564 seconds
[2021-12-31T02:31:25.653+0000][1][safepoint    ] Entering safepoint region: GenCollectForAllocation
[2021-12-31T02:31:25.653+0000][1][gc,start     ] GC(10) Pause Young (Allocation Failure)
[2021-12-31T02:31:25.653+0000][1][gc,task      ] GC(10) Using 1 workers of 1 for evacuation
[2021-12-31T02:31:25.661+0000][1][gc,age       ] GC(10) Desired survivor size 4358144 bytes, new threshold 6 (max threshold 6)
[2021-12-31T02:31:25.661+0000][1][gc,age       ] GC(10) Age table with threshold 6 (max threshold 6)
[2021-12-31T02:31:25.661+0000][1][gc,age       ] GC(10) - age   1:     931816 bytes,     931816 total
[2021-12-31T02:31:25.662+0000][1][gc,age       ] GC(10) - age   2:     618928 bytes,    1550744 total
[2021-12-31T02:31:25.662+0000][1][gc,age       ] GC(10) - age   3:    1377088 bytes,    2927832 total
[2021-12-31T02:31:25.662+0000][1][gc,age       ] GC(10) - age   4:     136280 bytes,    3064112 total
[2021-12-31T02:31:25.662+0000][1][gc,heap      ] GC(10) ParNew: 72525K->3524K(76672K)
[2021-12-31T02:31:25.662+0000][1][gc,heap      ] GC(10) CMS: 13206K->13206K(439104K)
[2021-12-31T02:31:25.662+0000][1][gc,metaspace ] GC(10) Metaspace: 20547K->20547K(1069056K)
[2021-12-31T02:31:25.663+0000][1][gc           ] GC(10) Pause Young (Allocation Failure) 83M->16M(503M) 9.490ms
[2021-12-31T02:31:25.663+0000][1][gc,cpu       ] GC(10) User=0.01s Sys=0.01s Real=0.00s
[2021-12-31T02:31:25.663+0000][1][safepoint    ] Leaving safepoint region
[2021-12-31T02:31:25.663+0000][1][safepoint    ] Total time for which application threads were stopped: 0.0105286 seconds, Stopping threads took: 0.0003578 seconds
[2021-12-31T02:31:26.073+0000][1][gc           ] GC(9) Concurrent Abortable Preclean 450.106ms
[2021-12-31T02:31:26.088+0000][1][gc,cpu       ] GC(9) User=0.32s Sys=0.13s Real=0.46s
[2021-12-31T02:31:26.107+0000][1][safepoint    ] Application time: 0.4437271 seconds
[2021-12-31T02:31:26.149+0000][1][safepoint    ] Entering safepoint region: CMS_Final_Remark
[2021-12-31T02:31:26.165+0000][1][gc,start     ] GC(9) Pause Remark
[2021-12-31T02:31:26.234+0000][1][gc           ] GC(9) Pause Remark 73M->73M(503M) 68.333ms
[2021-12-31T02:31:26.236+0000][1][gc,cpu       ] GC(9) User=0.04s Sys=0.01s Real=0.06s
[2021-12-31T02:31:26.236+0000][1][safepoint    ] Leaving safepoint region
[2021-12-31T02:31:26.237+0000][1][safepoint    ] Total time for which application threads were stopped: 0.1028397 seconds, Stopping threads took: 0.0313497 seconds
[2021-12-31T02:31:26.237+0000][1][gc           ] GC(9) Concurrent Sweep
[2021-12-31T02:31:26.266+0000][1][gc           ] GC(9) Concurrent Sweep 29.021ms
[2021-12-31T02:31:26.273+0000][1][gc,cpu       ] GC(9) User=0.03s Sys=0.01s Real=0.05s
[2021-12-31T02:31:26.282+0000][1][gc           ] GC(9) Concurrent Reset
[2021-12-31T02:31:26.291+0000][1][gc           ] GC(9) Concurrent Reset 9.243ms
[2021-12-31T02:31:26.296+0000][1][gc,cpu       ] GC(9) User=0.01s Sys=0.01s Real=0.01s
[2021-12-31T02:31:26.309+0000][1][gc,heap      ] GC(9) Old: 13206K->13182K(439104K)
[2021-12-31T02:31:26.333+0000][1][safepoint    ] Application time: 0.0963468 seconds
[2021-12-31T02:31:26.333+0000][1][safepoint    ] Entering safepoint region: GenCollectForAllocation
[2021-12-31T02:31:26.343+0000][1][gc,start     ] GC(11) Pause Young (Allocation Failure)
[2021-12-31T02:31:26.344+0000][1][gc,task      ] GC(11) Using 1 workers of 1 for evacuation
[2021-12-31T02:31:26.349+0000][1][gc,age       ] GC(11) Desired survivor size 4358144 bytes, new threshold 6 (max threshold 6)
[2021-12-31T02:31:26.349+0000][1][gc,age       ] GC(11) Age table with threshold 6 (max threshold 6)
[2021-12-31T02:31:26.349+0000][1][gc,age       ] GC(11) - age   1:     859488 bytes,     859488 total
[2021-12-31T02:31:26.349+0000][1][gc,age       ] GC(11) - age   2:     104272 bytes,     963760 total
[2021-12-31T02:31:26.349+0000][1][gc,age       ] GC(11) - age   3:     618784 bytes,    1582544 total
[2021-12-31T02:31:26.349+0000][1][gc,age       ] GC(11) - age   4:    1377088 bytes,    2959632 total
[2021-12-31T02:31:26.349+0000][1][gc,age       ] GC(11) - age   5:     135928 bytes,    3095560 total
[2021-12-31T02:31:26.349+0000][1][gc,heap      ] GC(11) ParNew: 71684K->3125K(76672K)
[2021-12-31T02:31:26.349+0000][1][gc,heap      ] GC(11) CMS: 13182K->13182K(439104K)
[2021-12-31T02:31:26.350+0000][1][gc,metaspace ] GC(11) Metaspace: 20706K->20706K(1069056K)
[2021-12-31T02:31:26.350+0000][1][gc           ] GC(11) Pause Young (Allocation Failure) 82M->15M(503M) 6.239ms
[2021-12-31T02:31:26.350+0000][1][gc,cpu       ] GC(11) User=0.00s Sys=0.00s Real=0.00s
[2021-12-31T02:31:26.350+0000][1][safepoint    ] Leaving safepoint region
[2021-12-31T02:31:26.350+0000][1][safepoint    ] Total time for which application threads were stopped: 0.0165328 seconds, Stopping threads took: 0.0073566 seconds
[2021-12-31T02:31:26.484+0000][1][safepoint    ] Application time: 0.1342354 seconds
[2021-12-31T02:31:26.485+0000][1][safepoint    ] Entering safepoint region: GenCollectForAllocation
[2021-12-31T02:31:26.485+0000][1][gc,start     ] GC(12) Pause Young (Allocation Failure)
[2021-12-31T02:31:26.485+0000][1][gc,task      ] GC(12) Using 1 workers of 1 for evacuation
[2021-12-31T02:31:26.495+0000][1][gc,age       ] GC(12) Desired survivor size 4358144 bytes, new threshold 6 (max threshold 6)
[2021-12-31T02:31:26.495+0000][1][gc,age       ] GC(12) Age table with threshold 6 (max threshold 6)
[2021-12-31T02:31:26.495+0000][1][gc,age       ] GC(12) - age   1:    1839472 bytes,    1839472 total
[2021-12-31T02:31:26.495+0000][1][gc,age       ] GC(12) - age   2:     282416 bytes,    2121888 total
[2021-12-31T02:31:26.496+0000][1][gc,age       ] GC(12) - age   3:     104272 bytes,    2226160 total
[2021-12-31T02:31:26.496+0000][1][gc,age       ] GC(12) - age   4:     618784 bytes,    2844944 total
[2021-12-31T02:31:26.496+0000][1][gc,age       ] GC(12) - age   5:    1377088 bytes,    4222032 total
[2021-12-31T02:31:26.496+0000][1][gc,age       ] GC(12) - age   6:     135928 bytes,    4357960 total
[2021-12-31T02:31:26.496+0000][1][gc,heap      ] GC(12) ParNew: 71285K->6097K(76672K)
[2021-12-31T02:31:26.496+0000][1][gc,heap      ] GC(12) CMS: 13182K->13182K(439104K)
[2021-12-31T02:31:26.497+0000][1][gc,metaspace ] GC(12) Metaspace: 20718K->20718K(1069056K)
[2021-12-31T02:31:26.497+0000][1][gc           ] GC(12) Pause Young (Allocation Failure) 82M->18M(503M) 11.740ms
[2021-12-31T02:31:26.497+0000][1][gc,cpu       ] GC(12) User=0.01s Sys=0.00s Real=0.01s
[2021-12-31T02:31:26.497+0000][1][safepoint    ] Leaving safepoint region
[2021-12-31T02:31:26.498+0000][1][safepoint    ] Total time for which application threads were stopped: 0.0128214 seconds, Stopping threads took: 0.0002266 seconds
[2021-12-31T02:31:26.665+0000][1][safepoint    ] Application time: 0.1675747 seconds
[2021-12-31T02:31:26.666+0000][1][safepoint    ] Entering safepoint region: Deoptimize
[2021-12-31T02:31:26.667+0000][1][safepoint    ] Leaving safepoint region
[2021-12-31T02:31:26.667+0000][1][safepoint    ] Total time for which application threads were stopped: 0.0008622 seconds, Stopping threads took: 0.0001469 seconds
[2021-12-31T02:31:27.503+0000][1][safepoint    ] Application time: 0.8324971 seconds
[2021-12-31T02:31:27.504+0000][1][safepoint    ] Entering safepoint region: RevokeBias
[2021-12-31T02:31:27.505+0000][1][safepoint    ] Leaving safepoint region
[2021-12-31T02:31:27.505+0000][1][safepoint    ] Total time for which application threads were stopped: 0.0004138 seconds, Stopping threads took: 0.0001194 seconds
[2021-12-31T02:31:27.806+0000][1][safepoint    ] Application time: 0.3005815 seconds
[2021-12-31T02:31:27.806+0000][1][safepoint    ] Entering safepoint region: Deoptimize
[2021-12-31T02:31:27.806+0000][1][safepoint    ] Leaving safepoint region
[2021-12-31T02:31:27.807+0000][1][safepoint    ] Total time for which application threads were stopped: 0.0008151 seconds, Stopping threads took: 0.0000892 seconds
[2021-12-31T02:31:27.831+0000][1][safepoint    ] Application time: 0.0241607 seconds
[2021-12-31T02:31:27.831+0000][1][safepoint    ] Entering safepoint region: Deoptimize
[2021-12-31T02:31:27.832+0000][1][safepoint    ] Leaving safepoint region
[2021-12-31T02:31:27.832+0000][1][safepoint    ] Total time for which application threads were stopped: 0.0005769 seconds, Stopping threads took: 0.0001609 seconds
[2021-12-31T02:31:28.363+0000][1][safepoint    ] Application time: 0.5312069 seconds
[2021-12-31T02:31:28.368+0000][1][safepoint    ] Entering safepoint region: GenCollectForAllocation
[2021-12-31T02:31:28.374+0000][1][gc,start     ] GC(13) Pause Young (Allocation Failure)
[2021-12-31T02:31:28.384+0000][1][gc,task      ] GC(13) Using 1 workers of 1 for evacuation
[2021-12-31T02:31:28.445+0000][1][gc,age       ] GC(13) Desired survivor size 4358144 bytes, new threshold 1 (max threshold 6)
[2021-12-31T02:31:28.452+0000][1][gc,age       ] GC(13) Age table with threshold 1 (max threshold 6)
[2021-12-31T02:31:28.460+0000][1][gc,age       ] GC(13) - age   1:    5379696 bytes,    5379696 total
[2021-12-31T02:31:28.471+0000][1][gc,age       ] GC(13) - age   2:     151808 bytes,    5531504 total
[2021-12-31T02:31:28.479+0000][1][gc,age       ] GC(13) - age   3:     281928 bytes,    5813432 total
[2021-12-31T02:31:28.491+0000][1][gc,age       ] GC(13) - age   4:     104272 bytes,    5917704 total
[2021-12-31T02:31:28.504+0000][1][gc,age       ] GC(13) - age   5:     618096 bytes,    6535800 total
[2021-12-31T02:31:28.516+0000][1][gc,age       ] GC(13) - age   6:    1372064 bytes,    7907864 total
[2021-12-31T02:31:28.527+0000][1][gc,heap      ] GC(13) ParNew: 74257K->7908K(76672K)
[2021-12-31T02:31:28.534+0000][1][gc,heap      ] GC(13) CMS: 13182K->13320K(439104K)
[2021-12-31T02:31:28.553+0000][1][gc,metaspace ] GC(13) Metaspace: 26998K->26998K(1075200K)
[2021-12-31T02:31:28.559+0000][1][gc           ] GC(13) Pause Young (Allocation Failure) 85M->20M(503M) 185.478ms
[2021-12-31T02:31:28.559+0000][1][gc,cpu       ] GC(13) User=0.14s Sys=0.03s Real=0.18s
[2021-12-31T02:31:28.559+0000][1][safepoint    ] Leaving safepoint region
[2021-12-31T02:31:28.559+0000][1][safepoint    ] Total time for which application threads were stopped: 0.1919655 seconds, Stopping threads took: 0.0058594 seconds
[2021-12-31T02:31:29.562+0000][1][safepoint    ] Application time: 1.0028393 seconds
[2021-12-31T02:31:29.584+0000][1][safepoint    ] Entering safepoint region: Cleanup
[2021-12-31T02:31:29.596+0000][1][safepoint    ] Leaving safepoint region
[2021-12-31T02:31:29.596+0000][1][safepoint    ] Total time for which application threads were stopped: 0.0182395 seconds, Stopping threads took: 0.0171936 seconds
[2021-12-31T02:31:30.597+0000][1][safepoint    ] Application time: 1.0010295 seconds
[2021-12-31T02:31:30.604+0000][1][safepoint    ] Entering safepoint region: Cleanup
[2021-12-31T02:31:30.611+0000][1][safepoint    ] Leaving safepoint region
[2021-12-31T02:31:30.611+0000][1][safepoint    ] Total time for which application threads were stopped: 0.0079753 seconds, Stopping threads took: 0.0078023 seconds
[2021-12-31T02:31:30.773+0000][1][safepoint    ] Application time: 0.1615215 seconds
[2021-12-31T02:31:30.775+0000][1][safepoint    ] Entering safepoint region: GenCollectForAllocation
[2021-12-31T02:31:30.780+0000][1][gc,start     ] GC(14) Pause Young (Allocation Failure)
[2021-12-31T02:31:30.780+0000][1][gc,task      ] GC(14) Using 1 workers of 1 for evacuation
[2021-12-31T02:31:30.869+0000][1][gc,age       ] GC(14) Desired survivor size 4358144 bytes, new threshold 1 (max threshold 6)
[2021-12-31T02:31:30.870+0000][1][gc,age       ] GC(14) Age table with threshold 1 (max threshold 6)
[2021-12-31T02:31:30.871+0000][1][gc,age       ] GC(14) - age   1:    8716240 bytes,    8716240 total
[2021-12-31T02:31:30.875+0000][1][gc,heap      ] GC(14) ParNew: 76068K->8512K(76672K)
[2021-12-31T02:31:30.875+0000][1][gc,heap      ] GC(14) CMS: 13320K->25373K(439104K)
[2021-12-31T02:31:30.876+0000][1][gc,metaspace ] GC(14) Metaspace: 27149K->27149K(1075200K)
[2021-12-31T02:31:30.881+0000][1][gc           ] GC(14) Pause Young (Allocation Failure) 87M->33M(503M) 101.206ms
[2021-12-31T02:31:30.882+0000][1][gc,cpu       ] GC(14) User=0.06s Sys=0.01s Real=0.10s
[2021-12-31T02:31:30.882+0000][1][safepoint    ] Leaving safepoint region
[2021-12-31T02:31:30.891+0000][1][safepoint    ] Total time for which application threads were stopped: 0.1152235 seconds, Stopping threads took: 0.0041892 seconds
[2021-12-31T02:31:31.280+0000][1][safepoint    ] Application time: 0.3882060 seconds
[2021-12-31T02:31:31.290+0000][1][safepoint    ] Entering safepoint region: RevokeBias
[2021-12-31T02:31:31.308+0000][1][safepoint    ] Leaving safepoint region
[2021-12-31T02:31:31.321+0000][1][safepoint    ] Total time for which application threads were stopped: 0.0308106 seconds, Stopping threads took: 0.0176717 seconds
[2021-12-31T02:31:32.339+0000][1][safepoint    ] Application time: 1.0054608 seconds
[2021-12-31T02:31:32.377+0000][1][safepoint    ] Entering safepoint region: Cleanup
[2021-12-31T02:31:32.400+0000][1][safepoint    ] Leaving safepoint region
[2021-12-31T02:31:32.405+0000][1][safepoint    ] Total time for which application threads were stopped: 0.0527697 seconds, Stopping threads took: 0.0480799 seconds
[2021-12-31T02:31:32.618+0000][1][safepoint    ] Application time: 0.1975967 seconds
[2021-12-31T02:31:32.620+0000][1][safepoint    ] Entering safepoint region: GenCollectForAllocation
[2021-12-31T02:31:32.626+0000][1][gc,start     ] GC(15) Pause Young (Allocation Failure)
[2021-12-31T02:31:32.645+0000][1][gc,task      ] GC(15) Using 1 workers of 1 for evacuation
[2021-12-31T02:31:32.753+0000][1][gc,age       ] GC(15) Desired survivor size 4358144 bytes, new threshold 1 (max threshold 6)
[2021-12-31T02:31:32.753+0000][1][gc,age       ] GC(15) Age table with threshold 1 (max threshold 6)
[2021-12-31T02:31:32.754+0000][1][gc,age       ] GC(15) - age   1:    8716248 bytes,    8716248 total
[2021-12-31T02:31:32.754+0000][1][gc,heap      ] GC(15) ParNew: 76672K->8512K(76672K)
[2021-12-31T02:31:32.754+0000][1][gc,heap      ] GC(15) CMS: 25373K->38502K(439104K)
[2021-12-31T02:31:32.754+0000][1][gc,metaspace ] GC(15) Metaspace: 27208K->27208K(1075200K)
[2021-12-31T02:31:32.754+0000][1][gc           ] GC(15) Pause Young (Allocation Failure) 99M->45M(503M) 128.575ms
[2021-12-31T02:31:32.754+0000][1][gc,cpu       ] GC(15) User=0.08s Sys=0.03s Real=0.13s
[2021-12-31T02:31:32.755+0000][1][safepoint    ] Leaving safepoint region
[2021-12-31T02:31:32.755+0000][1][safepoint    ] Total time for which application threads were stopped: 0.1350518 seconds, Stopping threads took: 0.0057297 seconds
[2021-12-31T02:31:33.757+0000][1][safepoint    ] Application time: 1.0021314 seconds
[2021-12-31T02:31:33.763+0000][1][safepoint    ] Entering safepoint region: Cleanup
[2021-12-31T02:31:33.767+0000][1][safepoint    ] Leaving safepoint region
[2021-12-31T02:31:33.767+0000][1][safepoint    ] Total time for which application threads were stopped: 0.0039636 seconds, Stopping threads took: 0.0036426 seconds
[2021-12-31T02:31:34.770+0000][1][safepoint    ] Application time: 1.0031072 seconds
[2021-12-31T02:31:34.790+0000][1][safepoint    ] Entering safepoint region: Cleanup
[2021-12-31T02:31:34.798+0000][1][safepoint    ] Leaving safepoint region
[2021-12-31T02:31:34.804+0000][1][safepoint    ] Total time for which application threads were stopped: 0.0269834 seconds, Stopping threads took: 0.0208631 seconds
[2021-12-31T02:31:35.246+0000][1][safepoint    ] Application time: 0.4391993 seconds
[2021-12-31T02:31:35.251+0000][1][safepoint    ] Entering safepoint region: GenCollectForAllocation
[2021-12-31T02:31:35.262+0000][1][gc,start     ] GC(16) Pause Young (Allocation Failure)
[2021-12-31T02:31:35.286+0000][1][gc,task      ] GC(16) Using 1 workers of 1 for evacuation
[2021-12-31T02:31:35.397+0000][1][gc,age       ] GC(16) Desired survivor size 4358144 bytes, new threshold 1 (max threshold 6)
[2021-12-31T02:31:35.409+0000][1][gc,age       ] GC(16) Age table with threshold 1 (max threshold 6)
[2021-12-31T02:31:35.419+0000][1][gc,age       ] GC(16) - age   1:    6814752 bytes,    6814752 total
[2021-12-31T02:31:35.425+0000][1][gc,heap      ] GC(16) ParNew: 76672K->8403K(76672K)
[2021-12-31T02:31:35.434+0000][1][gc,heap      ] GC(16) CMS: 38502K->47030K(439104K)
[2021-12-31T02:31:35.446+0000][1][gc,metaspace ] GC(16) Metaspace: 32651K->32651K(1079296K)
[2021-12-31T02:31:35.451+0000][1][gc           ] GC(16) Pause Young (Allocation Failure) 112M->54M(503M) 189.241ms
[2021-12-31T02:31:35.462+0000][1][gc,cpu       ] GC(16) User=0.16s Sys=0.02s Real=0.20s
[2021-12-31T02:31:35.468+0000][1][safepoint    ] Leaving safepoint region
[2021-12-31T02:31:35.479+0000][1][safepoint    ] Total time for which application threads were stopped: 0.2281693 seconds, Stopping threads took: 0.0110611 seconds
[2021-12-31T02:31:36.424+0000][1][safepoint    ] Application time: 0.9331616 seconds
[2021-12-31T02:31:36.424+0000][1][safepoint    ] Entering safepoint region: CollectForMetadataAllocation
[2021-12-31T02:31:36.424+0000][1][safepoint    ] Leaving safepoint region
[2021-12-31T02:31:36.424+0000][1][safepoint    ] Total time for which application threads were stopped: 0.0005332 seconds, Stopping threads took: 0.0002597 seconds
[2021-12-31T02:31:36.450+0000][1][safepoint    ] Application time: 0.0259187 seconds
[2021-12-31T02:31:36.454+0000][1][safepoint    ] Entering safepoint region: CollectForMetadataAllocation
[2021-12-31T02:31:36.455+0000][1][safepoint    ] Leaving safepoint region
[2021-12-31T02:31:36.455+0000][1][safepoint    ] Total time for which application threads were stopped: 0.0005252 seconds, Stopping threads took: 0.0001551 seconds
[2021-12-31T02:31:36.481+0000][1][safepoint    ] Application time: 0.0261763 seconds
[2021-12-31T02:31:36.481+0000][1][safepoint    ] Entering safepoint region: CollectForMetadataAllocation
[2021-12-31T02:31:36.482+0000][1][safepoint    ] Leaving safepoint region
[2021-12-31T02:31:36.482+0000][1][safepoint    ] Total time for which application threads were stopped: 0.0003319 seconds, Stopping threads took: 0.0001559 seconds
[2021-12-31T02:31:36.512+0000][1][safepoint    ] Application time: 0.0300753 seconds
[2021-12-31T02:31:36.512+0000][1][safepoint    ] Entering safepoint region: CollectForMetadataAllocation
[2021-12-31T02:31:36.512+0000][1][safepoint    ] Leaving safepoint region
[2021-12-31T02:31:36.513+0000][1][safepoint    ] Total time for which application threads were stopped: 0.0005090 seconds, Stopping threads took: 0.0001121 seconds
[2021-12-31T02:31:36.533+0000][1][safepoint    ] Application time: 0.0205754 seconds
[2021-12-31T02:31:36.536+0000][1][safepoint    ] Entering safepoint region: CollectForMetadataAllocation
[2021-12-31T02:31:36.536+0000][1][safepoint    ] Leaving safepoint region
[2021-12-31T02:31:36.537+0000][1][safepoint    ] Total time for which application threads were stopped: 0.0003655 seconds, Stopping threads took: 0.0001599 seconds
[2021-12-31T02:31:36.569+0000][1][safepoint    ] Application time: 0.0318842 seconds
[2021-12-31T02:31:36.572+0000][1][safepoint    ] Entering safepoint region: CollectForMetadataAllocation
[2021-12-31T02:31:36.584+0000][1][safepoint    ] Leaving safepoint region
[2021-12-31T02:31:36.589+0000][1][safepoint    ] Total time for which application threads were stopped: 0.0161542 seconds, Stopping threads took: 0.0112602 seconds
[2021-12-31T02:31:36.604+0000][1][safepoint    ] Application time: 0.0148284 seconds
[2021-12-31T02:31:36.604+0000][1][safepoint    ] Entering safepoint region: CollectForMetadataAllocation
[2021-12-31T02:31:36.605+0000][1][safepoint    ] Leaving safepoint region
[2021-12-31T02:31:36.605+0000][1][safepoint    ] Total time for which application threads were stopped: 0.0005065 seconds, Stopping threads took: 0.0001385 seconds
[2021-12-31T02:31:36.649+0000][1][safepoint    ] Application time: 0.0443339 seconds
[2021-12-31T02:31:36.651+0000][1][safepoint    ] Entering safepoint region: RevokeBias
[2021-12-31T02:31:36.651+0000][1][safepoint    ] Leaving safepoint region
[2021-12-31T02:31:36.651+0000][1][safepoint    ] Total time for which application threads were stopped: 0.0002275 seconds, Stopping threads took: 0.0000918 seconds
[2021-12-31T02:31:36.661+0000][1][safepoint    ] Application time: 0.0101188 seconds
[2021-12-31T02:31:36.661+0000][1][safepoint    ] Entering safepoint region: CollectForMetadataAllocation
[2021-12-31T02:31:36.661+0000][1][safepoint    ] Leaving safepoint region
[2021-12-31T02:31:36.661+0000][1][safepoint    ] Total time for which application threads were stopped: 0.0002904 seconds, Stopping threads took: 0.0000947 seconds
[2021-12-31T02:31:36.732+0000][1][safepoint    ] Application time: 0.0705061 seconds
[2021-12-31T02:31:36.733+0000][1][safepoint    ] Entering safepoint region: CollectForMetadataAllocation
[2021-12-31T02:31:36.734+0000][1][safepoint    ] Leaving safepoint region
[2021-12-31T02:31:36.734+0000][1][safepoint    ] Total time for which application threads were stopped: 0.0010319 seconds, Stopping threads took: 0.0004966 seconds
[2021-12-31T02:31:36.776+0000][1][safepoint    ] Application time: 0.0416070 seconds
[2021-12-31T02:31:36.779+0000][1][safepoint    ] Entering safepoint region: CollectForMetadataAllocation
[2021-12-31T02:31:36.780+0000][1][safepoint    ] Leaving safepoint region
[2021-12-31T02:31:36.780+0000][1][safepoint    ] Total time for which application threads were stopped: 0.0012921 seconds, Stopping threads took: 0.0010297 seconds
[2021-12-31T02:31:36.857+0000][1][safepoint    ] Application time: 0.0768487 seconds
[2021-12-31T02:31:36.865+0000][1][safepoint    ] Entering safepoint region: CollectForMetadataAllocation
[2021-12-31T02:31:36.876+0000][1][safepoint    ] Leaving safepoint region
[2021-12-31T02:31:36.884+0000][1][safepoint    ] Total time for which application threads were stopped: 0.0186336 seconds, Stopping threads took: 0.0105867 seconds
[2021-12-31T02:31:36.935+0000][1][safepoint    ] Application time: 0.0401088 seconds
[2021-12-31T02:31:36.935+0000][1][safepoint    ] Entering safepoint region: CollectForMetadataAllocation
[2021-12-31T02:31:36.935+0000][1][safepoint    ] Leaving safepoint region
[2021-12-31T02:31:36.935+0000][1][safepoint    ] Total time for which application threads were stopped: 0.0003343 seconds, Stopping threads took: 0.0000970 seconds
[2021-12-31T02:31:36.952+0000][1][safepoint    ] Application time: 0.0161189 seconds
[2021-12-31T02:31:36.952+0000][1][safepoint    ] Entering safepoint region: CollectForMetadataAllocation
[2021-12-31T02:31:36.952+0000][1][safepoint    ] Leaving safepoint region
[2021-12-31T02:31:36.952+0000][1][safepoint    ] Total time for which application threads were stopped: 0.0005022 seconds, Stopping threads took: 0.0002402 seconds
[2021-12-31T02:31:37.011+0000][1][safepoint    ] Application time: 0.0583083 seconds
[2021-12-31T02:31:37.018+0000][1][safepoint    ] Entering safepoint region: CollectForMetadataAllocation
[2021-12-31T02:31:37.029+0000][1][safepoint    ] Leaving safepoint region
[2021-12-31T02:31:37.033+0000][1][safepoint    ] Total time for which application threads were stopped: 0.0146877 seconds, Stopping threads took: 0.0109635 seconds
[2021-12-31T02:31:37.058+0000][1][safepoint    ] Application time: 0.0258308 seconds
[2021-12-31T02:31:37.059+0000][1][safepoint    ] Entering safepoint region: CollectForMetadataAllocation
[2021-12-31T02:31:37.059+0000][1][safepoint    ] Leaving safepoint region
[2021-12-31T02:31:37.059+0000][1][safepoint    ] Total time for which application threads were stopped: 0.0005196 seconds, Stopping threads took: 0.0001788 seconds
[2021-12-31T02:31:37.075+0000][1][safepoint    ] Application time: 0.0147920 seconds
[2021-12-31T02:31:37.075+0000][1][safepoint    ] Entering safepoint region: CollectForMetadataAllocation
[2021-12-31T02:31:37.075+0000][1][safepoint    ] Leaving safepoint region
[2021-12-31T02:31:37.075+0000][1][safepoint    ] Total time for which application threads were stopped: 0.0002904 seconds, Stopping threads took: 0.0000953 seconds
[2021-12-31T02:31:37.097+0000][1][safepoint    ] Application time: 0.0221170 seconds
[2021-12-31T02:31:37.097+0000][1][safepoint    ] Entering safepoint region: CollectForMetadataAllocation
[2021-12-31T02:31:37.098+0000][1][safepoint    ] Leaving safepoint region
[2021-12-31T02:31:37.098+0000][1][safepoint    ] Total time for which application threads were stopped: 0.0002780 seconds, Stopping threads took: 0.0000769 seconds
[2021-12-31T02:31:37.119+0000][1][safepoint    ] Application time: 0.0212240 seconds
[2021-12-31T02:31:37.119+0000][1][safepoint    ] Entering safepoint region: CollectForMetadataAllocation
[2021-12-31T02:31:37.120+0000][1][safepoint    ] Leaving safepoint region
[2021-12-31T02:31:37.120+0000][1][safepoint    ] Total time for which application threads were stopped: 0.0009132 seconds, Stopping threads took: 0.0001941 seconds
[2021-12-31T02:31:37.147+0000][1][safepoint    ] Application time: 0.0265149 seconds
[2021-12-31T02:31:37.147+0000][1][safepoint    ] Entering safepoint region: CollectForMetadataAllocation
[2021-12-31T02:31:37.148+0000][1][safepoint    ] Leaving safepoint region
[2021-12-31T02:31:37.148+0000][1][safepoint    ] Total time for which application threads were stopped: 0.0004948 seconds, Stopping threads took: 0.0001639 seconds
[2021-12-31T02:31:37.180+0000][1][safepoint    ] Application time: 0.0320353 seconds
[2021-12-31T02:31:37.185+0000][1][safepoint    ] Entering safepoint region: CollectForMetadataAllocation
[2021-12-31T02:31:37.195+0000][1][safepoint    ] Leaving safepoint region
[2021-12-31T02:31:37.199+0000][1][safepoint    ] Total time for which application threads were stopped: 0.0142525 seconds, Stopping threads took: 0.0102894 seconds
[2021-12-31T02:31:37.255+0000][1][safepoint    ] Application time: 0.0523977 seconds
[2021-12-31T02:31:37.265+0000][1][safepoint    ] Entering safepoint region: CollectForMetadataAllocation
[2021-12-31T02:31:37.270+0000][1][safepoint    ] Leaving safepoint region
[2021-12-31T02:31:37.270+0000][1][safepoint    ] Total time for which application threads were stopped: 0.0049463 seconds, Stopping threads took: 0.0046476 seconds
[2021-12-31T02:31:37.404+0000][1][safepoint    ] Application time: 0.1345305 seconds
[2021-12-31T02:31:37.413+0000][1][safepoint    ] Entering safepoint region: CollectForMetadataAllocation
[2021-12-31T02:31:37.413+0000][1][safepoint    ] Leaving safepoint region
[2021-12-31T02:31:37.413+0000][1][safepoint    ] Total time for which application threads were stopped: 0.0003795 seconds, Stopping threads took: 0.0001685 seconds
[2021-12-31T02:31:37.506+0000][1][safepoint    ] Application time: 0.0924783 seconds
[2021-12-31T02:31:37.508+0000][1][safepoint    ] Entering safepoint region: CMS_Initial_Mark
[2021-12-31T02:31:37.509+0000][1][gc,start     ] GC(17) Pause Initial Mark
[2021-12-31T02:31:37.541+0000][1][gc           ] GC(17) Pause Initial Mark 118M->118M(503M) 31.999ms
[2021-12-31T02:31:37.541+0000][1][gc,cpu       ] GC(17) User=0.03s Sys=0.00s Real=0.04s
[2021-12-31T02:31:37.541+0000][1][safepoint    ] Leaving safepoint region
[2021-12-31T02:31:37.541+0000][1][safepoint    ] Total time for which application threads were stopped: 0.0334474 seconds, Stopping threads took: 0.0005671 seconds
[2021-12-31T02:31:37.542+0000][1][gc           ] GC(17) Concurrent Mark
[2021-12-31T02:31:37.639+0000][1][safepoint    ] Application time: 0.0978916 seconds
[2021-12-31T02:31:37.647+0000][1][safepoint    ] Entering safepoint region: CollectForMetadataAllocation
[2021-12-31T02:31:37.654+0000][1][safepoint    ] Leaving safepoint region
[2021-12-31T02:31:37.654+0000][1][safepoint    ] Total time for which application threads were stopped: 0.0070478 seconds, Stopping threads took: 0.0066382 seconds
[2021-12-31T02:31:37.718+0000][1][gc           ] GC(17) Concurrent Mark 176.314ms
[2021-12-31T02:31:37.725+0000][1][gc,cpu       ] GC(17) User=0.17s Sys=0.01s Real=0.18s
[2021-12-31T02:31:37.734+0000][1][safepoint    ] Application time: 0.0802753 seconds
[2021-12-31T02:31:37.754+0000][1][safepoint    ] Entering safepoint region: CollectForMetadataAllocation
[2021-12-31T02:31:37.765+0000][1][safepoint    ] Leaving safepoint region
[2021-12-31T02:31:37.770+0000][1][safepoint    ] Total time for which application threads were stopped: 0.0154918 seconds, Stopping threads took: 0.0110819 seconds
[2021-12-31T02:31:37.778+0000][1][gc           ] GC(17) Concurrent Preclean
[2021-12-31T02:31:37.783+0000][1][gc           ] GC(17) Concurrent Preclean 5.300ms
[2021-12-31T02:31:37.786+0000][1][gc,cpu       ] GC(17) User=0.01s Sys=0.00s Real=0.01s
[2021-12-31T02:31:37.789+0000][1][gc           ] GC(17) Concurrent Abortable Preclean
[2021-12-31T02:31:37.816+0000][1][safepoint    ] Application time: 0.0387964 seconds
[2021-12-31T02:31:37.821+0000][1][safepoint    ] Entering safepoint region: GenCollectForAllocation
[2021-12-31T02:31:37.825+0000][1][gc,start     ] GC(18) Pause Young (Allocation Failure)
[2021-12-31T02:31:37.829+0000][1][gc,task      ] GC(18) Using 1 workers of 1 for evacuation
[2021-12-31T02:31:37.918+0000][1][gc,age       ] GC(18) Desired survivor size 4358144 bytes, new threshold 6 (max threshold 6)
[2021-12-31T02:31:37.927+0000][1][gc,age       ] GC(18) Age table with threshold 6 (max threshold 6)
[2021-12-31T02:31:37.947+0000][1][gc,age       ] GC(18) - age   1:    3229528 bytes,    3229528 total
[2021-12-31T02:31:37.958+0000][1][gc,heap      ] GC(18) ParNew: 76563K->7092K(76672K)
[2021-12-31T02:31:37.960+0000][1][gc,heap      ] GC(18) CMS: 47030K->53709K(439104K)
[2021-12-31T02:31:37.961+0000][1][gc,metaspace ] GC(18) Metaspace: 41203K->41203K(1087488K)
[2021-12-31T02:31:37.961+0000][1][gc           ] GC(18) Pause Young (Allocation Failure) 120M->59M(503M) 135.552ms
[2021-12-31T02:31:37.961+0000][1][gc,cpu       ] GC(18) User=0.04s Sys=0.00s Real=0.14s
[2021-12-31T02:31:37.961+0000][1][safepoint    ] Leaving safepoint region
[2021-12-31T02:31:37.968+0000][1][safepoint    ] Total time for which application threads were stopped: 0.1469122 seconds, Stopping threads took: 0.0038362 seconds
[2021-12-31T02:31:38.464+0000][1][safepoint    ] Application time: 0.4923094 seconds
[2021-12-31T02:31:38.482+0000][1][safepoint    ] Entering safepoint region: RevokeBias
[2021-12-31T02:31:38.483+0000][1][safepoint    ] Leaving safepoint region
[2021-12-31T02:31:38.494+0000][1][safepoint    ] Total time for which application threads were stopped: 0.0227360 seconds, Stopping threads took: 0.0118026 seconds
[2021-12-31T02:31:38.514+0000][1][safepoint    ] Application time: 0.0106454 seconds
[2021-12-31T02:31:38.520+0000][1][safepoint    ] Entering safepoint region: RevokeBias
[2021-12-31T02:31:38.526+0000][1][safepoint    ] Leaving safepoint region
[2021-12-31T02:31:38.537+0000][1][safepoint    ] Total time for which application threads were stopped: 0.0166934 seconds, Stopping threads took: 0.0060176 seconds
[2021-12-31T02:31:38.589+0000][1][safepoint    ] Application time: 0.0485526 seconds
[2021-12-31T02:31:38.600+0000][1][safepoint    ] Entering safepoint region: CollectForMetadataAllocation
[2021-12-31T02:31:38.611+0000][1][safepoint    ] Leaving safepoint region
[2021-12-31T02:31:38.622+0000][1][safepoint    ] Total time for which application threads were stopped: 0.0217454 seconds, Stopping threads took: 0.0108241 seconds
[2021-12-31T02:31:39.222+0000][1][safepoint    ] Application time: 0.5959352 seconds
[2021-12-31T02:31:39.226+0000][1][safepoint    ] Entering safepoint region: CollectForMetadataAllocation
[2021-12-31T02:31:39.227+0000][1][safepoint    ] Leaving safepoint region
[2021-12-31T02:31:39.229+0000][1][safepoint    ] Total time for which application threads were stopped: 0.0034238 seconds, Stopping threads took: 0.0007633 seconds
[2021-12-31T02:31:40.097+0000][1][safepoint    ] Application time: 0.8607618 seconds
[2021-12-31T02:31:40.103+0000][1][safepoint    ] Entering safepoint region: CollectForMetadataAllocation
[2021-12-31T02:31:40.104+0000][1][safepoint    ] Leaving safepoint region
[2021-12-31T02:31:40.104+0000][1][safepoint    ] Total time for which application threads were stopped: 0.0010085 seconds, Stopping threads took: 0.0007221 seconds
[2021-12-31T02:31:40.219+0000][1][safepoint    ] Application time: 0.1146159 seconds
[2021-12-31T02:31:40.219+0000][1][safepoint    ] Entering safepoint region: CollectForMetadataAllocation
[2021-12-31T02:31:40.220+0000][1][safepoint    ] Leaving safepoint region
[2021-12-31T02:31:40.220+0000][1][safepoint    ] Total time for which application threads were stopped: 0.0009701 seconds, Stopping threads took: 0.0002384 seconds
[2021-12-31T02:31:40.555+0000][1][safepoint    ] Application time: 0.3340887 seconds
[2021-12-31T02:31:40.556+0000][1][safepoint    ] Entering safepoint region: CollectForMetadataAllocation
[2021-12-31T02:31:40.566+0000][1][safepoint    ] Leaving safepoint region
[2021-12-31T02:31:40.582+0000][1][safepoint    ] Total time for which application threads were stopped: 0.0261770 seconds, Stopping threads took: 0.0103827 seconds
[2021-12-31T02:31:40.900+0000][1][gc           ] GC(17) Concurrent Abortable Preclean 3110.284ms
[2021-12-31T02:31:40.905+0000][1][gc,cpu       ] GC(17) User=2.34s Sys=0.14s Real=3.11s
[2021-12-31T02:31:40.907+0000][1][safepoint    ] Application time: 0.3162686 seconds
[2021-12-31T02:31:40.924+0000][1][safepoint    ] Entering safepoint region: CMS_Final_Remark
[2021-12-31T02:31:40.925+0000][1][gc,start     ] GC(17) Pause Remark
[2021-12-31T02:31:40.963+0000][1][gc           ] GC(17) Pause Remark 102M->102M(503M) 38.732ms
[2021-12-31T02:31:40.964+0000][1][gc,cpu       ] GC(17) User=0.03s Sys=0.01s Real=0.04s
[2021-12-31T02:31:40.965+0000][1][safepoint    ] Leaving safepoint region
[2021-12-31T02:31:40.966+0000][1][safepoint    ] Total time for which application threads were stopped: 0.0566763 seconds, Stopping threads took: 0.0150205 seconds
[2021-12-31T02:31:40.971+0000][1][gc           ] GC(17) Concurrent Sweep
[2021-12-31T02:31:41.034+0000][1][gc           ] GC(17) Concurrent Sweep 63.183ms
[2021-12-31T02:31:41.040+0000][1][gc,cpu       ] GC(17) User=0.06s Sys=0.00s Real=0.07s
[2021-12-31T02:31:41.045+0000][1][gc           ] GC(17) Concurrent Reset
[2021-12-31T02:31:41.052+0000][1][gc           ] GC(17) Concurrent Reset 7.662ms
[2021-12-31T02:31:41.060+0000][1][gc,cpu       ] GC(17) User=0.02s Sys=0.00s Real=0.02s
[2021-12-31T02:31:41.067+0000][1][gc,heap      ] GC(17) Old: 47030K->53506K(439104K)
[2021-12-31T02:31:41.740+0000][1][safepoint    ] Application time: 0.7724591 seconds
[2021-12-31T02:31:41.749+0000][1][safepoint    ] Entering safepoint region: RevokeBias
[2021-12-31T02:31:41.753+0000][1][safepoint    ] Leaving safepoint region
[2021-12-31T02:31:41.764+0000][1][safepoint    ] Total time for which application threads were stopped: 0.0150354 seconds, Stopping threads took: 0.0039299 seconds
[2021-12-31T02:31:42.011+0000][1][safepoint    ] Application time: 0.2361834 seconds
[2021-12-31T02:31:42.011+0000][1][safepoint    ] Entering safepoint region: GenCollectForAllocation
[2021-12-31T02:31:42.014+0000][1][gc,start     ] GC(19) Pause Young (Allocation Failure)
[2021-12-31T02:31:42.014+0000][1][gc,task      ] GC(19) Using 1 workers of 1 for evacuation
[2021-12-31T02:31:42.039+0000][1][gc,age       ] GC(19) Desired survivor size 4358144 bytes, new threshold 2 (max threshold 6)
[2021-12-31T02:31:42.041+0000][1][gc,age       ] GC(19) Age table with threshold 2 (max threshold 6)
[2021-12-31T02:31:42.041+0000][1][gc,age       ] GC(19) - age   1:    3053376 bytes,    3053376 total
[2021-12-31T02:31:42.042+0000][1][gc,age       ] GC(19) - age   2:    3149104 bytes,    6202480 total
[2021-12-31T02:31:42.043+0000][1][gc,heap      ] GC(19) ParNew: 75252K->8512K(76672K)
[2021-12-31T02:31:42.043+0000][1][gc,heap      ] GC(19) CMS: 53506K->53506K(439104K)
[2021-12-31T02:31:42.043+0000][1][gc,metaspace ] GC(19) Metaspace: 45342K->45342K(1091584K)
[2021-12-31T02:31:42.043+0000][1][gc           ] GC(19) Pause Young (Allocation Failure) 125M->60M(503M) 29.387ms
[2021-12-31T02:31:42.043+0000][1][gc,cpu       ] GC(19) User=0.02s Sys=0.00s Real=0.03s
[2021-12-31T02:31:42.044+0000][1][safepoint    ] Leaving safepoint region
[2021-12-31T02:31:42.044+0000][1][safepoint    ] Total time for which application threads were stopped: 0.0323343 seconds, Stopping threads took: 0.0002204 seconds
[2021-12-31T02:31:42.236+0000][1][safepoint    ] Application time: 0.1919991 seconds
[2021-12-31T02:31:42.240+0000][1][safepoint    ] Entering safepoint region: RevokeBias
[2021-12-31T02:31:42.245+0000][1][safepoint    ] Leaving safepoint region
[2021-12-31T02:31:42.246+0000][1][safepoint    ] Total time for which application threads were stopped: 0.0060013 seconds, Stopping threads took: 0.0049520 seconds
[2021-12-31T02:31:42.246+0000][1][safepoint    ] Application time: 0.0000760 seconds
[2021-12-31T02:31:42.246+0000][1][safepoint    ] Entering safepoint region: RevokeBias
[2021-12-31T02:31:42.246+0000][1][safepoint    ] Leaving safepoint region
[2021-12-31T02:31:42.246+0000][1][safepoint    ] Total time for which application threads were stopped: 0.0002105 seconds, Stopping threads took: 0.0000952 seconds
[2021-12-31T02:31:42.247+0000][1][safepoint    ] Application time: 0.0000359 seconds
[2021-12-31T02:31:42.247+0000][1][safepoint    ] Entering safepoint region: RevokeBias
[2021-12-31T02:31:42.247+0000][1][safepoint    ] Leaving safepoint region
[2021-12-31T02:31:42.247+0000][1][safepoint    ] Total time for which application threads were stopped: 0.0001599 seconds, Stopping threads took: 0.0000685 seconds
[2021-12-31T02:31:42.248+0000][1][safepoint    ] Application time: 0.0009607 seconds
[2021-12-31T02:31:42.248+0000][1][safepoint    ] Entering safepoint region: RevokeBias
[2021-12-31T02:31:42.248+0000][1][safepoint    ] Leaving safepoint region
[2021-12-31T02:31:42.248+0000][1][safepoint    ] Total time for which application threads were stopped: 0.0001682 seconds, Stopping threads took: 0.0000726 seconds
[2021-12-31T02:31:42.248+0000][1][safepoint    ] Application time: 0.0002213 seconds
[2021-12-31T02:31:42.248+0000][1][safepoint    ] Entering safepoint region: RevokeBias
[2021-12-31T02:31:42.249+0000][1][safepoint    ] Leaving safepoint region
[2021-12-31T02:31:42.249+0000][1][safepoint    ] Total time for which application threads were stopped: 0.0001684 seconds, Stopping threads took: 0.0000724 seconds
[2021-12-31T02:31:42.249+0000][1][safepoint    ] Application time: 0.0000378 seconds
[2021-12-31T02:31:42.249+0000][1][safepoint    ] Entering safepoint region: RevokeBias
[2021-12-31T02:31:42.249+0000][1][safepoint    ] Leaving safepoint region
[2021-12-31T02:31:42.249+0000][1][safepoint    ] Total time for which application threads were stopped: 0.0002818 seconds, Stopping threads took: 0.0001285 seconds
[2021-12-31T02:31:42.249+0000][1][safepoint    ] Application time: 0.0000484 seconds
[2021-12-31T02:31:42.249+0000][1][safepoint    ] Entering safepoint region: RevokeBias
[2021-12-31T02:31:42.250+0000][1][safepoint    ] Leaving safepoint region
[2021-12-31T02:31:42.250+0000][1][safepoint    ] Total time for which application threads were stopped: 0.0003260 seconds, Stopping threads took: 0.0001936 seconds
[2021-12-31T02:31:42.250+0000][1][safepoint    ] Application time: 0.0000467 seconds
[2021-12-31T02:31:42.250+0000][1][safepoint    ] Entering safepoint region: RevokeBias
[2021-12-31T02:31:42.250+0000][1][safepoint    ] Leaving safepoint region
[2021-12-31T02:31:42.250+0000][1][safepoint    ] Total time for which application threads were stopped: 0.0001815 seconds, Stopping threads took: 0.0000757 seconds
[2021-12-31T02:31:42.250+0000][1][safepoint    ] Application time: 0.0000723 seconds
[2021-12-31T02:31:42.251+0000][1][safepoint    ] Entering safepoint region: RevokeBias
[2021-12-31T02:31:42.251+0000][1][safepoint    ] Leaving safepoint region
[2021-12-31T02:31:42.251+0000][1][safepoint    ] Total time for which application threads were stopped: 0.0002756 seconds, Stopping threads took: 0.0001172 seconds
[2021-12-31T02:31:42.251+0000][1][safepoint    ] Application time: 0.0001631 seconds
[2021-12-31T02:31:42.251+0000][1][safepoint    ] Entering safepoint region: RevokeBias
[2021-12-31T02:31:42.251+0000][1][safepoint    ] Leaving safepoint region
[2021-12-31T02:31:42.252+0000][1][safepoint    ] Total time for which application threads were stopped: 0.0002409 seconds, Stopping threads took: 0.0001078 seconds
[2021-12-31T02:31:42.252+0000][1][safepoint    ] Application time: 0.0000369 seconds
[2021-12-31T02:31:42.252+0000][1][safepoint    ] Entering safepoint region: RevokeBias
[2021-12-31T02:31:42.252+0000][1][safepoint    ] Leaving safepoint region
[2021-12-31T02:31:42.252+0000][1][safepoint    ] Total time for which application threads were stopped: 0.0001877 seconds, Stopping threads took: 0.0000863 seconds
[2021-12-31T02:31:42.252+0000][1][safepoint    ] Application time: 0.0000369 seconds
[2021-12-31T02:31:42.252+0000][1][safepoint    ] Entering safepoint region: RevokeBias
[2021-12-31T02:31:42.252+0000][1][safepoint    ] Leaving safepoint region
[2021-12-31T02:31:42.252+0000][1][safepoint    ] Total time for which application threads were stopped: 0.0002078 seconds, Stopping threads took: 0.0000857 seconds
[2021-12-31T02:31:42.253+0000][1][safepoint    ] Application time: 0.0001742 seconds
[2021-12-31T02:31:42.253+0000][1][safepoint    ] Entering safepoint region: RevokeBias
[2021-12-31T02:31:42.253+0000][1][safepoint    ] Leaving safepoint region
[2021-12-31T02:31:42.253+0000][1][safepoint    ] Total time for which application threads were stopped: 0.0004125 seconds, Stopping threads took: 0.0001532 seconds
[2021-12-31T02:31:42.253+0000][1][safepoint    ] Application time: 0.0000392 seconds
[2021-12-31T02:31:42.253+0000][1][safepoint    ] Entering safepoint region: RevokeBias
[2021-12-31T02:31:42.253+0000][1][safepoint    ] Leaving safepoint region
[2021-12-31T02:31:42.254+0000][1][safepoint    ] Total time for which application threads were stopped: 0.0001895 seconds, Stopping threads took: 0.0000802 seconds
[2021-12-31T02:31:42.254+0000][1][safepoint    ] Application time: 0.0000529 seconds
[2021-12-31T02:31:42.254+0000][1][safepoint    ] Entering safepoint region: RevokeBias
[2021-12-31T02:31:42.254+0000][1][safepoint    ] Leaving safepoint region
[2021-12-31T02:31:42.254+0000][1][safepoint    ] Total time for which application threads were stopped: 0.0003636 seconds, Stopping threads took: 0.0001623 seconds
[2021-12-31T02:31:42.254+0000][1][safepoint    ] Application time: 0.0000473 seconds
[2021-12-31T02:31:42.255+0000][1][safepoint    ] Entering safepoint region: RevokeBias
[2021-12-31T02:31:42.255+0000][1][safepoint    ] Leaving safepoint region
[2021-12-31T02:31:42.255+0000][1][safepoint    ] Total time for which application threads were stopped: 0.0001781 seconds, Stopping threads took: 0.0000789 seconds
[2021-12-31T02:31:42.255+0000][1][safepoint    ] Application time: 0.0000369 seconds
[2021-12-31T02:31:42.255+0000][1][safepoint    ] Entering safepoint region: RevokeBias
[2021-12-31T02:31:42.255+0000][1][safepoint    ] Leaving safepoint region
[2021-12-31T02:31:42.255+0000][1][safepoint    ] Total time for which application threads were stopped: 0.0003422 seconds, Stopping threads took: 0.0000758 seconds
[2021-12-31T02:31:42.256+0000][1][safepoint    ] Application time: 0.0000806 seconds
[2021-12-31T02:31:42.256+0000][1][safepoint    ] Entering safepoint region: RevokeBias
[2021-12-31T02:31:42.256+0000][1][safepoint    ] Leaving safepoint region
[2021-12-31T02:31:42.256+0000][1][safepoint    ] Total time for which application threads were stopped: 0.0002198 seconds, Stopping threads took: 0.0000776 seconds
[2021-12-31T02:31:42.256+0000][1][safepoint    ] Application time: 0.0000439 seconds
[2021-12-31T02:31:42.256+0000][1][safepoint    ] Entering safepoint region: RevokeBias
[2021-12-31T02:31:42.256+0000][1][safepoint    ] Leaving safepoint region
[2021-12-31T02:31:42.257+0000][1][safepoint    ] Total time for which application threads were stopped: 0.0004323 seconds, Stopping threads took: 0.0001515 seconds
[2021-12-31T02:31:42.257+0000][1][safepoint    ] Application time: 0.0000410 seconds
[2021-12-31T02:31:42.257+0000][1][safepoint    ] Entering safepoint region: RevokeBias
[2021-12-31T02:31:42.257+0000][1][safepoint    ] Leaving safepoint region
[2021-12-31T02:31:42.257+0000][1][safepoint    ] Total time for which application threads were stopped: 0.0001814 seconds, Stopping threads took: 0.0000829 seconds
[2021-12-31T02:31:42.257+0000][1][safepoint    ] Application time: 0.0000530 seconds
[2021-12-31T02:31:42.257+0000][1][safepoint    ] Entering safepoint region: RevokeBias
[2021-12-31T02:31:42.257+0000][1][safepoint    ] Leaving safepoint region
[2021-12-31T02:31:42.257+0000][1][safepoint    ] Total time for which application threads were stopped: 0.0001722 seconds, Stopping threads took: 0.0000771 seconds
[2021-12-31T02:31:42.265+0000][1][safepoint    ] Application time: 0.0075878 seconds
[2021-12-31T02:31:42.268+0000][1][safepoint    ] Entering safepoint region: RevokeBias
[2021-12-31T02:31:42.278+0000][1][safepoint    ] Leaving safepoint region
[2021-12-31T02:31:42.284+0000][1][safepoint    ] Total time for which application threads were stopped: 0.0160250 seconds, Stopping threads took: 0.0106143 seconds
[2021-12-31T02:31:42.296+0000][1][safepoint    ] Application time: 0.0012225 seconds
[2021-12-31T02:31:42.314+0000][1][safepoint    ] Entering safepoint region: RevokeBias
[2021-12-31T02:31:42.316+0000][1][safepoint    ] Leaving safepoint region
[2021-12-31T02:31:42.327+0000][1][safepoint    ] Total time for which application threads were stopped: 0.0248855 seconds, Stopping threads took: 0.0141363 seconds
[2021-12-31T02:31:42.340+0000][1][safepoint    ] Application time: 0.0052965 seconds
[2021-12-31T02:31:42.345+0000][1][safepoint    ] Entering safepoint region: BulkRevokeBias
[2021-12-31T02:31:42.356+0000][1][safepoint    ] Leaving safepoint region
[2021-12-31T02:31:42.366+0000][1][safepoint    ] Total time for which application threads were stopped: 0.0210291 seconds, Stopping threads took: 0.0107487 seconds
[2021-12-31T02:31:42.371+0000][1][safepoint    ] Application time: 0.0006798 seconds
[2021-12-31T02:31:42.387+0000][1][safepoint    ] Entering safepoint region: RevokeBias
[2021-12-31T02:31:42.396+0000][1][safepoint    ] Leaving safepoint region
[2021-12-31T02:31:42.400+0000][1][safepoint    ] Total time for which application threads were stopped: 0.0122474 seconds, Stopping threads took: 0.0089504 seconds
[2021-12-31T02:31:42.400+0000][1][safepoint    ] Application time: 0.0001343 seconds
[2021-12-31T02:31:42.400+0000][1][safepoint    ] Entering safepoint region: RevokeBias
[2021-12-31T02:31:42.400+0000][1][safepoint    ] Leaving safepoint region
[2021-12-31T02:31:42.400+0000][1][safepoint    ] Total time for which application threads were stopped: 0.0002186 seconds, Stopping threads took: 0.0000805 seconds
[2021-12-31T02:31:42.400+0000][1][safepoint    ] Application time: 0.0000998 seconds
[2021-12-31T02:31:42.401+0000][1][safepoint    ] Entering safepoint region: RevokeBias
[2021-12-31T02:31:42.401+0000][1][safepoint    ] Leaving safepoint region
[2021-12-31T02:31:42.401+0000][1][safepoint    ] Total time for which application threads were stopped: 0.0004994 seconds, Stopping threads took: 0.0001855 seconds
[2021-12-31T02:31:42.402+0000][1][safepoint    ] Application time: 0.0000461 seconds
[2021-12-31T02:31:42.402+0000][1][safepoint    ] Entering safepoint region: RevokeBias
[2021-12-31T02:31:42.402+0000][1][safepoint    ] Leaving safepoint region
[2021-12-31T02:31:42.403+0000][1][safepoint    ] Total time for which application threads were stopped: 0.0002468 seconds, Stopping threads took: 0.0001234 seconds
[2021-12-31T02:31:42.403+0000][1][safepoint    ] Application time: 0.0000465 seconds
[2021-12-31T02:31:42.403+0000][1][safepoint    ] Entering safepoint region: RevokeBias
[2021-12-31T02:31:42.403+0000][1][safepoint    ] Leaving safepoint region
[2021-12-31T02:31:42.403+0000][1][safepoint    ] Total time for which application threads were stopped: 0.0002225 seconds, Stopping threads took: 0.0000933 seconds
[2021-12-31T02:31:42.403+0000][1][safepoint    ] Application time: 0.0000481 seconds
[2021-12-31T02:31:42.403+0000][1][safepoint    ] Entering safepoint region: RevokeBias
[2021-12-31T02:31:42.403+0000][1][safepoint    ] Leaving safepoint region
[2021-12-31T02:31:42.404+0000][1][safepoint    ] Total time for which application threads were stopped: 0.0002037 seconds, Stopping threads took: 0.0000918 seconds
[2021-12-31T02:31:42.404+0000][1][safepoint    ] Application time: 0.0000553 seconds
[2021-12-31T02:31:42.404+0000][1][safepoint    ] Entering safepoint region: RevokeBias
[2021-12-31T02:31:42.404+0000][1][safepoint    ] Leaving safepoint region
[2021-12-31T02:31:42.404+0000][1][safepoint    ] Total time for which application threads were stopped: 0.0002208 seconds, Stopping threads took: 0.0001122 seconds
[2021-12-31T02:31:42.404+0000][1][safepoint    ] Application time: 0.0000408 seconds
[2021-12-31T02:31:42.404+0000][1][safepoint    ] Entering safepoint region: RevokeBias
[2021-12-31T02:31:42.404+0000][1][safepoint    ] Leaving safepoint region
[2021-12-31T02:31:42.405+0000][1][safepoint    ] Total time for which application threads were stopped: 0.0002198 seconds, Stopping threads took: 0.0000970 seconds
[2021-12-31T02:31:42.405+0000][1][safepoint    ] Application time: 0.0000387 seconds
[2021-12-31T02:31:42.405+0000][1][safepoint    ] Entering safepoint region: RevokeBias
[2021-12-31T02:31:42.405+0000][1][safepoint    ] Leaving safepoint region
[2021-12-31T02:31:42.405+0000][1][safepoint    ] Total time for which application threads were stopped: 0.0002202 seconds, Stopping threads took: 0.0000895 seconds
[2021-12-31T02:31:42.405+0000][1][safepoint    ] Application time: 0.0000388 seconds
[2021-12-31T02:31:42.405+0000][1][safepoint    ] Entering safepoint region: RevokeBias
[2021-12-31T02:31:42.405+0000][1][safepoint    ] Leaving safepoint region
[2021-12-31T02:31:42.406+0000][1][safepoint    ] Total time for which application threads were stopped: 0.0002085 seconds, Stopping threads took: 0.0000817 seconds
[2021-12-31T02:31:42.406+0000][1][safepoint    ] Application time: 0.0000439 seconds
[2021-12-31T02:31:42.406+0000][1][safepoint    ] Entering safepoint region: RevokeBias
[2021-12-31T02:31:42.406+0000][1][safepoint    ] Leaving safepoint region
[2021-12-31T02:31:42.406+0000][1][safepoint    ] Total time for which application threads were stopped: 0.0002008 seconds, Stopping threads took: 0.0000929 seconds
[2021-12-31T02:31:42.406+0000][1][safepoint    ] Application time: 0.0000373 seconds
[2021-12-31T02:31:42.406+0000][1][safepoint    ] Entering safepoint region: RevokeBias
[2021-12-31T02:31:42.406+0000][1][safepoint    ] Leaving safepoint region
[2021-12-31T02:31:42.406+0000][1][safepoint    ] Total time for which application threads were stopped: 0.0001795 seconds, Stopping threads took: 0.0000800 seconds
[2021-12-31T02:31:42.407+0000][1][safepoint    ] Application time: 0.0008057 seconds
[2021-12-31T02:31:42.412+0000][1][safepoint    ] Entering safepoint region: RevokeBias
[2021-12-31T02:31:42.412+0000][1][safepoint    ] Leaving safepoint region
[2021-12-31T02:31:42.413+0000][1][safepoint    ] Total time for which application threads were stopped: 0.0004219 seconds, Stopping threads took: 0.0002853 seconds
[2021-12-31T02:31:42.413+0000][1][safepoint    ] Application time: 0.0006894 seconds
[2021-12-31T02:31:42.413+0000][1][safepoint    ] Entering safepoint region: RevokeBias
[2021-12-31T02:31:42.414+0000][1][safepoint    ] Leaving safepoint region
[2021-12-31T02:31:42.414+0000][1][safepoint    ] Total time for which application threads were stopped: 0.0003019 seconds, Stopping threads took: 0.0001271 seconds
[2021-12-31T02:31:42.414+0000][1][safepoint    ] Application time: 0.0000440 seconds
[2021-12-31T02:31:42.414+0000][1][safepoint    ] Entering safepoint region: RevokeBias
[2021-12-31T02:31:42.414+0000][1][safepoint    ] Leaving safepoint region
[2021-12-31T02:31:42.414+0000][1][safepoint    ] Total time for which application threads were stopped: 0.0001796 seconds, Stopping threads took: 0.0000773 seconds
[2021-12-31T02:31:42.415+0000][1][safepoint    ] Application time: 0.0012318 seconds
[2021-12-31T02:31:42.420+0000][1][safepoint    ] Entering safepoint region: RevokeBias
[2021-12-31T02:31:42.420+0000][1][safepoint    ] Leaving safepoint region
[2021-12-31T02:31:42.420+0000][1][safepoint    ] Total time for which application threads were stopped: 0.0014062 seconds, Stopping threads took: 0.0011705 seconds
[2021-12-31T02:31:42.426+0000][1][safepoint    ] Application time: 0.0052260 seconds
[2021-12-31T02:31:42.426+0000][1][safepoint    ] Entering safepoint region: RevokeBias
[2021-12-31T02:31:42.426+0000][1][safepoint    ] Leaving safepoint region
[2021-12-31T02:31:42.426+0000][1][safepoint    ] Total time for which application threads were stopped: 0.0004621 seconds, Stopping threads took: 0.0000960 seconds
[2021-12-31T02:31:42.427+0000][1][safepoint    ] Application time: 0.0002391 seconds
[2021-12-31T02:31:42.429+0000][1][safepoint    ] Entering safepoint region: RevokeBias
[2021-12-31T02:31:42.429+0000][1][safepoint    ] Leaving safepoint region
[2021-12-31T02:31:42.429+0000][1][safepoint    ] Total time for which application threads were stopped: 0.0003920 seconds, Stopping threads took: 0.0001346 seconds
[2021-12-31T02:31:42.442+0000][1][safepoint    ] Application time: 0.0128464 seconds
[2021-12-31T02:31:42.467+0000][1][safepoint    ] Entering safepoint region: RevokeBias
[2021-12-31T02:31:42.467+0000][1][safepoint    ] Leaving safepoint region
[2021-12-31T02:31:42.467+0000][1][safepoint    ] Total time for which application threads were stopped: 0.0004012 seconds, Stopping threads took: 0.0002409 seconds
[2021-12-31T02:31:42.467+0000][1][safepoint    ] Application time: 0.0001880 seconds
[2021-12-31T02:31:42.467+0000][1][safepoint    ] Entering safepoint region: RevokeBias
[2021-12-31T02:31:42.467+0000][1][safepoint    ] Leaving safepoint region
[2021-12-31T02:31:42.467+0000][1][safepoint    ] Total time for which application threads were stopped: 0.0001946 seconds, Stopping threads took: 0.0000829 seconds
[2021-12-31T02:31:42.468+0000][1][safepoint    ] Application time: 0.0005076 seconds
[2021-12-31T02:31:42.468+0000][1][safepoint    ] Entering safepoint region: RevokeBias
[2021-12-31T02:31:42.468+0000][1][safepoint    ] Leaving safepoint region
[2021-12-31T02:31:42.468+0000][1][safepoint    ] Total time for which application threads were stopped: 0.0002782 seconds, Stopping threads took: 0.0000757 seconds
[2021-12-31T02:31:42.469+0000][1][safepoint    ] Application time: 0.0000556 seconds
[2021-12-31T02:31:42.469+0000][1][safepoint    ] Entering safepoint region: RevokeBias
[2021-12-31T02:31:42.469+0000][1][safepoint    ] Leaving safepoint region
[2021-12-31T02:31:42.469+0000][1][safepoint    ] Total time for which application threads were stopped: 0.0001993 seconds, Stopping threads took: 0.0000984 seconds
[2021-12-31T02:31:42.470+0000][1][safepoint    ] Application time: 0.0005888 seconds
[2021-12-31T02:31:42.470+0000][1][safepoint    ] Entering safepoint region: RevokeBias
[2021-12-31T02:31:42.470+0000][1][safepoint    ] Leaving safepoint region
[2021-12-31T02:31:42.470+0000][1][safepoint    ] Total time for which application threads were stopped: 0.0001680 seconds, Stopping threads took: 0.0000753 seconds
[2021-12-31T02:31:42.470+0000][1][safepoint    ] Application time: 0.0000408 seconds
[2021-12-31T02:31:42.470+0000][1][safepoint    ] Entering safepoint region: RevokeBias
[2021-12-31T02:31:42.470+0000][1][safepoint    ] Leaving safepoint region
[2021-12-31T02:31:42.470+0000][1][safepoint    ] Total time for which application threads were stopped: 0.0002634 seconds, Stopping threads took: 0.0000770 seconds
[2021-12-31T02:31:42.474+0000][1][safepoint    ] Application time: 0.0029427 seconds
[2021-12-31T02:31:42.474+0000][1][safepoint    ] Entering safepoint region: BulkRevokeBias
[2021-12-31T02:31:42.474+0000][1][safepoint    ] Leaving safepoint region
[2021-12-31T02:31:42.474+0000][1][safepoint    ] Total time for which application threads were stopped: 0.0003562 seconds, Stopping threads took: 0.0000998 seconds
[2021-12-31T02:31:42.483+0000][1][safepoint    ] Application time: 0.0086164 seconds
[2021-12-31T02:31:42.489+0000][1][safepoint    ] Entering safepoint region: RevokeBias
[2021-12-31T02:31:42.489+0000][1][safepoint    ] Leaving safepoint region
[2021-12-31T02:31:42.489+0000][1][safepoint    ] Total time for which application threads were stopped: 0.0016518 seconds, Stopping threads took: 0.0015155 seconds
[2021-12-31T02:31:42.562+0000][1][safepoint    ] Application time: 0.0725124 seconds
[2021-12-31T02:31:42.562+0000][1][safepoint    ] Entering safepoint region: RevokeBias
[2021-12-31T02:31:42.562+0000][1][safepoint    ] Leaving safepoint region
[2021-12-31T02:31:42.562+0000][1][safepoint    ] Total time for which application threads were stopped: 0.0004681 seconds, Stopping threads took: 0.0003258 seconds
[2021-12-31T02:31:42.563+0000][1][safepoint    ] Application time: 0.0007199 seconds
[2021-12-31T02:31:42.563+0000][1][safepoint    ] Entering safepoint region: RevokeBias
[2021-12-31T02:31:42.564+0000][1][safepoint    ] Leaving safepoint region
[2021-12-31T02:31:42.564+0000][1][safepoint    ] Total time for which application threads were stopped: 0.0004001 seconds, Stopping threads took: 0.0002268 seconds
[2021-12-31T02:31:42.564+0000][1][safepoint    ] Application time: 0.0001351 seconds
[2021-12-31T02:31:42.564+0000][1][safepoint    ] Entering safepoint region: RevokeBias
[2021-12-31T02:31:42.564+0000][1][safepoint    ] Leaving safepoint region
[2021-12-31T02:31:42.565+0000][1][safepoint    ] Total time for which application threads were stopped: 0.0002852 seconds, Stopping threads took: 0.0001277 seconds
[2021-12-31T02:31:42.565+0000][1][safepoint    ] Application time: 0.0006186 seconds
[2021-12-31T02:31:42.565+0000][1][safepoint    ] Entering safepoint region: RevokeBias
[2021-12-31T02:31:42.566+0000][1][safepoint    ] Leaving safepoint region
[2021-12-31T02:31:42.566+0000][1][safepoint    ] Total time for which application threads were stopped: 0.0002314 seconds, Stopping threads took: 0.0001042 seconds
[2021-12-31T02:31:42.566+0000][1][safepoint    ] Application time: 0.0000909 seconds
[2021-12-31T02:31:42.566+0000][1][safepoint    ] Entering safepoint region: RevokeBias
[2021-12-31T02:31:42.566+0000][1][safepoint    ] Leaving safepoint region
[2021-12-31T02:31:42.566+0000][1][safepoint    ] Total time for which application threads were stopped: 0.0002777 seconds, Stopping threads took: 0.0001776 seconds
[2021-12-31T02:31:42.567+0000][1][safepoint    ] Application time: 0.0005471 seconds
[2021-12-31T02:31:42.567+0000][1][safepoint    ] Entering safepoint region: RevokeBias
[2021-12-31T02:31:42.567+0000][1][safepoint    ] Leaving safepoint region
[2021-12-31T02:31:42.568+0000][1][safepoint    ] Total time for which application threads were stopped: 0.0004798 seconds, Stopping threads took: 0.0001074 seconds
[2021-12-31T02:31:42.568+0000][1][safepoint    ] Application time: 0.0000628 seconds
[2021-12-31T02:31:42.568+0000][1][safepoint    ] Entering safepoint region: RevokeBias
[2021-12-31T02:31:42.568+0000][1][safepoint    ] Leaving safepoint region
[2021-12-31T02:31:42.569+0000][1][safepoint    ] Total time for which application threads were stopped: 0.0008056 seconds, Stopping threads took: 0.0001384 seconds
[2021-12-31T02:31:42.569+0000][1][safepoint    ] Application time: 0.0000372 seconds
[2021-12-31T02:31:42.569+0000][1][safepoint    ] Entering safepoint region: RevokeBias
[2021-12-31T02:31:42.569+0000][1][safepoint    ] Leaving safepoint region
[2021-12-31T02:31:42.569+0000][1][safepoint    ] Total time for which application threads were stopped: 0.0002125 seconds, Stopping threads took: 0.0000946 seconds
[2021-12-31T02:31:42.569+0000][1][safepoint    ] Application time: 0.0000408 seconds
[2021-12-31T02:31:42.569+0000][1][safepoint    ] Entering safepoint region: RevokeBias
[2021-12-31T02:31:42.569+0000][1][safepoint    ] Leaving safepoint region
[2021-12-31T02:31:42.569+0000][1][safepoint    ] Total time for which application threads were stopped: 0.0002062 seconds, Stopping threads took: 0.0000930 seconds
[2021-12-31T02:31:42.570+0000][1][safepoint    ] Application time: 0.0000369 seconds
[2021-12-31T02:31:42.570+0000][1][safepoint    ] Entering safepoint region: RevokeBias
[2021-12-31T02:31:42.570+0000][1][safepoint    ] Leaving safepoint region
[2021-12-31T02:31:42.570+0000][1][safepoint    ] Total time for which application threads were stopped: 0.0002949 seconds, Stopping threads took: 0.0001586 seconds
[2021-12-31T02:31:42.570+0000][1][safepoint    ] Application time: 0.0000524 seconds
[2021-12-31T02:31:42.572+0000][1][safepoint    ] Entering safepoint region: RevokeBias
[2021-12-31T02:31:42.572+0000][1][safepoint    ] Leaving safepoint region
[2021-12-31T02:31:42.572+0000][1][safepoint    ] Total time for which application threads were stopped: 0.0003338 seconds, Stopping threads took: 0.0001938 seconds
[2021-12-31T02:31:42.572+0000][1][safepoint    ] Application time: 0.0000482 seconds
[2021-12-31T02:31:42.573+0000][1][safepoint    ] Entering safepoint region: RevokeBias
[2021-12-31T02:31:42.573+0000][1][safepoint    ] Leaving safepoint region
[2021-12-31T02:31:42.573+0000][1][safepoint    ] Total time for which application threads were stopped: 0.0002434 seconds, Stopping threads took: 0.0001213 seconds
[2021-12-31T02:31:42.573+0000][1][safepoint    ] Application time: 0.0000379 seconds
[2021-12-31T02:31:42.573+0000][1][safepoint    ] Entering safepoint region: RevokeBias
[2021-12-31T02:31:42.573+0000][1][safepoint    ] Leaving safepoint region
[2021-12-31T02:31:42.573+0000][1][safepoint    ] Total time for which application threads were stopped: 0.0001862 seconds, Stopping threads took: 0.0000852 seconds
[2021-12-31T02:31:42.573+0000][1][safepoint    ] Application time: 0.0001275 seconds
[2021-12-31T02:31:42.573+0000][1][safepoint    ] Entering safepoint region: BulkRevokeBias
[2021-12-31T02:31:42.574+0000][1][safepoint    ] Leaving safepoint region
[2021-12-31T02:31:42.574+0000][1][safepoint    ] Total time for which application threads were stopped: 0.0002533 seconds, Stopping threads took: 0.0000964 seconds
[2021-12-31T02:31:42.574+0000][1][safepoint    ] Application time: 0.0001041 seconds
[2021-12-31T02:31:42.574+0000][1][safepoint    ] Entering safepoint region: RevokeBias
[2021-12-31T02:31:42.574+0000][1][safepoint    ] Leaving safepoint region
[2021-12-31T02:31:42.574+0000][1][safepoint    ] Total time for which application threads were stopped: 0.0001778 seconds, Stopping threads took: 0.0000775 seconds
[2021-12-31T02:31:42.574+0000][1][safepoint    ] Application time: 0.0000914 seconds
[2021-12-31T02:31:42.575+0000][1][safepoint    ] Entering safepoint region: RevokeBias
[2021-12-31T02:31:42.575+0000][1][safepoint    ] Leaving safepoint region
[2021-12-31T02:31:42.575+0000][1][safepoint    ] Total time for which application threads were stopped: 0.0002635 seconds, Stopping threads took: 0.0000929 seconds
[2021-12-31T02:31:42.576+0000][1][safepoint    ] Application time: 0.0006537 seconds
[2021-12-31T02:31:42.579+0000][1][safepoint    ] Entering safepoint region: RevokeBias
[2021-12-31T02:31:42.580+0000][1][safepoint    ] Leaving safepoint region
[2021-12-31T02:31:42.580+0000][1][safepoint    ] Total time for which application threads were stopped: 0.0019713 seconds, Stopping threads took: 0.0017999 seconds
[2021-12-31T02:31:42.580+0000][1][safepoint    ] Application time: 0.0000686 seconds
[2021-12-31T02:31:42.580+0000][1][safepoint    ] Entering safepoint region: RevokeBias
[2021-12-31T02:31:42.580+0000][1][safepoint    ] Leaving safepoint region
[2021-12-31T02:31:42.581+0000][1][safepoint    ] Total time for which application threads were stopped: 0.0003105 seconds, Stopping threads took: 0.0001632 seconds
[2021-12-31T02:31:42.581+0000][1][safepoint    ] Application time: 0.0000518 seconds
[2021-12-31T02:31:42.581+0000][1][safepoint    ] Entering safepoint region: RevokeBias
[2021-12-31T02:31:42.581+0000][1][safepoint    ] Leaving safepoint region
[2021-12-31T02:31:42.581+0000][1][safepoint    ] Total time for which application threads were stopped: 0.0003867 seconds, Stopping threads took: 0.0000926 seconds
[2021-12-31T02:31:42.582+0000][1][safepoint    ] Application time: 0.0002047 seconds
[2021-12-31T02:31:42.582+0000][1][safepoint    ] Entering safepoint region: RevokeBias
[2021-12-31T02:31:42.582+0000][1][safepoint    ] Leaving safepoint region
[2021-12-31T02:31:42.582+0000][1][safepoint    ] Total time for which application threads were stopped: 0.0003837 seconds, Stopping threads took: 0.0001710 seconds
[2021-12-31T02:31:42.590+0000][1][safepoint    ] Application time: 0.0073243 seconds
[2021-12-31T02:31:42.592+0000][1][safepoint    ] Entering safepoint region: RevokeBias
[2021-12-31T02:31:42.592+0000][1][safepoint    ] Leaving safepoint region
[2021-12-31T02:31:42.592+0000][1][safepoint    ] Total time for which application threads were stopped: 0.0004345 seconds, Stopping threads took: 0.0001759 seconds
[2021-12-31T02:31:42.597+0000][1][safepoint    ] Application time: 0.0053116 seconds
[2021-12-31T02:31:42.598+0000][1][safepoint    ] Entering safepoint region: RevokeBias
[2021-12-31T02:31:42.598+0000][1][safepoint    ] Leaving safepoint region
[2021-12-31T02:31:42.598+0000][1][safepoint    ] Total time for which application threads were stopped: 0.0002974 seconds, Stopping threads took: 0.0000875 seconds
[2021-12-31T02:31:42.598+0000][1][safepoint    ] Application time: 0.0001523 seconds
[2021-12-31T02:31:42.605+0000][1][safepoint    ] Entering safepoint region: RevokeBias
[2021-12-31T02:31:42.605+0000][1][safepoint    ] Leaving safepoint region
[2021-12-31T02:31:42.605+0000][1][safepoint    ] Total time for which application threads were stopped: 0.0004820 seconds, Stopping threads took: 0.0002115 seconds
[2021-12-31T02:31:42.605+0000][1][safepoint    ] Application time: 0.0001111 seconds
[2021-12-31T02:31:42.606+0000][1][safepoint    ] Entering safepoint region: RevokeBias
[2021-12-31T02:31:42.606+0000][1][safepoint    ] Leaving safepoint region
[2021-12-31T02:31:42.606+0000][1][safepoint    ] Total time for which application threads were stopped: 0.0004316 seconds, Stopping threads took: 0.0001860 seconds
[2021-12-31T02:31:42.606+0000][1][safepoint    ] Application time: 0.0000898 seconds
[2021-12-31T02:31:42.607+0000][1][safepoint    ] Entering safepoint region: RevokeBias
[2021-12-31T02:31:42.607+0000][1][safepoint    ] Leaving safepoint region
[2021-12-31T02:31:42.607+0000][1][safepoint    ] Total time for which application threads were stopped: 0.0003433 seconds, Stopping threads took: 0.0001919 seconds
[2021-12-31T02:31:42.607+0000][1][safepoint    ] Application time: 0.0000364 seconds
[2021-12-31T02:31:42.607+0000][1][safepoint    ] Entering safepoint region: RevokeBias
[2021-12-31T02:31:42.607+0000][1][safepoint    ] Leaving safepoint region
[2021-12-31T02:31:42.607+0000][1][safepoint    ] Total time for which application threads were stopped: 0.0001831 seconds, Stopping threads took: 0.0000771 seconds
[2021-12-31T02:31:42.608+0000][1][safepoint    ] Application time: 0.0007002 seconds
[2021-12-31T02:31:42.608+0000][1][safepoint    ] Entering safepoint region: RevokeBias
[2021-12-31T02:31:42.609+0000][1][safepoint    ] Leaving safepoint region
[2021-12-31T02:31:42.609+0000][1][safepoint    ] Total time for which application threads were stopped: 0.0002062 seconds, Stopping threads took: 0.0000938 seconds
[2021-12-31T02:31:42.609+0000][1][safepoint    ] Application time: 0.0001165 seconds
[2021-12-31T02:31:42.609+0000][1][safepoint    ] Entering safepoint region: RevokeBias
[2021-12-31T02:31:42.609+0000][1][safepoint    ] Leaving safepoint region
[2021-12-31T02:31:42.609+0000][1][safepoint    ] Total time for which application threads were stopped: 0.0002007 seconds, Stopping threads took: 0.0000864 seconds
[2021-12-31T02:31:42.610+0000][1][safepoint    ] Application time: 0.0003579 seconds
[2021-12-31T02:31:42.610+0000][1][safepoint    ] Entering safepoint region: RevokeBias
[2021-12-31T02:31:42.610+0000][1][safepoint    ] Leaving safepoint region
[2021-12-31T02:31:42.610+0000][1][safepoint    ] Total time for which application threads were stopped: 0.0002713 seconds, Stopping threads took: 0.0000880 seconds
[2021-12-31T02:31:42.611+0000][1][safepoint    ] Application time: 0.0003387 seconds
[2021-12-31T02:31:42.611+0000][1][safepoint    ] Entering safepoint region: RevokeBias
[2021-12-31T02:31:42.611+0000][1][safepoint    ] Leaving safepoint region
[2021-12-31T02:31:42.611+0000][1][safepoint    ] Total time for which application threads were stopped: 0.0002878 seconds, Stopping threads took: 0.0001400 seconds
[2021-12-31T02:31:42.611+0000][1][safepoint    ] Application time: 0.0001234 seconds
[2021-12-31T02:31:42.611+0000][1][safepoint    ] Entering safepoint region: RevokeBias
[2021-12-31T02:31:42.612+0000][1][safepoint    ] Leaving safepoint region
[2021-12-31T02:31:42.612+0000][1][safepoint    ] Total time for which application threads were stopped: 0.0003006 seconds, Stopping threads took: 0.0001826 seconds
[2021-12-31T02:31:42.612+0000][1][safepoint    ] Application time: 0.0000432 seconds
[2021-12-31T02:31:42.612+0000][1][safepoint    ] Entering safepoint region: RevokeBias
[2021-12-31T02:31:42.612+0000][1][safepoint    ] Leaving safepoint region
[2021-12-31T02:31:42.612+0000][1][safepoint    ] Total time for which application threads were stopped: 0.0002799 seconds, Stopping threads took: 0.0000836 seconds
[2021-12-31T02:31:42.612+0000][1][safepoint    ] Application time: 0.0001507 seconds
[2021-12-31T02:31:42.612+0000][1][safepoint    ] Entering safepoint region: RevokeBias
[2021-12-31T02:31:42.613+0000][1][safepoint    ] Leaving safepoint region
[2021-12-31T02:31:42.613+0000][1][safepoint    ] Total time for which application threads were stopped: 0.0001845 seconds, Stopping threads took: 0.0000797 seconds
[2021-12-31T02:31:42.614+0000][1][safepoint    ] Application time: 0.0009886 seconds
[2021-12-31T02:31:42.614+0000][1][safepoint    ] Entering safepoint region: RevokeBias
[2021-12-31T02:31:42.614+0000][1][safepoint    ] Leaving safepoint region
[2021-12-31T02:31:42.614+0000][1][safepoint    ] Total time for which application threads were stopped: 0.0005571 seconds, Stopping threads took: 0.0003169 seconds
[2021-12-31T02:31:42.615+0000][1][safepoint    ] Application time: 0.0001171 seconds
[2021-12-31T02:31:42.615+0000][1][safepoint    ] Entering safepoint region: RevokeBias
[2021-12-31T02:31:42.615+0000][1][safepoint    ] Leaving safepoint region
[2021-12-31T02:31:42.615+0000][1][safepoint    ] Total time for which application threads were stopped: 0.0003552 seconds, Stopping threads took: 0.0001687 seconds
[2021-12-31T02:31:42.622+0000][1][safepoint    ] Application time: 0.0065496 seconds
[2021-12-31T02:31:42.631+0000][1][safepoint    ] Entering safepoint region: RevokeBias
[2021-12-31T02:31:42.631+0000][1][safepoint    ] Leaving safepoint region
[2021-12-31T02:31:42.632+0000][1][safepoint    ] Total time for which application threads were stopped: 0.0008475 seconds, Stopping threads took: 0.0005613 seconds
[2021-12-31T02:31:42.643+0000][1][safepoint    ] Application time: 0.0112577 seconds
[2021-12-31T02:31:42.643+0000][1][safepoint    ] Entering safepoint region: RevokeBias
[2021-12-31T02:31:42.643+0000][1][safepoint    ] Leaving safepoint region
[2021-12-31T02:31:42.643+0000][1][safepoint    ] Total time for which application threads were stopped: 0.0001990 seconds, Stopping threads took: 0.0000906 seconds
[2021-12-31T02:31:42.644+0000][1][safepoint    ] Application time: 0.0000796 seconds
[2021-12-31T02:31:42.644+0000][1][safepoint    ] Entering safepoint region: RevokeBias
[2021-12-31T02:31:42.644+0000][1][safepoint    ] Leaving safepoint region
[2021-12-31T02:31:42.644+0000][1][safepoint    ] Total time for which application threads were stopped: 0.0001754 seconds, Stopping threads took: 0.0000796 seconds
[2021-12-31T02:31:42.644+0000][1][safepoint    ] Application time: 0.0003814 seconds
[2021-12-31T02:31:42.645+0000][1][safepoint    ] Entering safepoint region: RevokeBias
[2021-12-31T02:31:42.645+0000][1][safepoint    ] Leaving safepoint region
[2021-12-31T02:31:42.645+0000][1][safepoint    ] Total time for which application threads were stopped: 0.0002112 seconds, Stopping threads took: 0.0001193 seconds
[2021-12-31T02:31:42.645+0000][1][safepoint    ] Application time: 0.0000729 seconds
[2021-12-31T02:31:42.645+0000][1][safepoint    ] Entering safepoint region: RevokeBias
[2021-12-31T02:31:42.645+0000][1][safepoint    ] Leaving safepoint region
[2021-12-31T02:31:42.645+0000][1][safepoint    ] Total time for which application threads were stopped: 0.0002304 seconds, Stopping threads took: 0.0000959 seconds
[2021-12-31T02:31:43.131+0000][1][safepoint    ] Application time: 0.4850691 seconds
[2021-12-31T02:31:43.131+0000][1][safepoint    ] Entering safepoint region: RevokeBias
[2021-12-31T02:31:43.131+0000][1][safepoint    ] Leaving safepoint region
[2021-12-31T02:31:43.131+0000][1][safepoint    ] Total time for which application threads were stopped: 0.0001990 seconds, Stopping threads took: 0.0000850 seconds
[2021-12-31T02:31:43.132+0000][1][safepoint    ] Application time: 0.0001569 seconds
[2021-12-31T02:31:43.132+0000][1][safepoint    ] Entering safepoint region: RevokeBias
[2021-12-31T02:31:43.132+0000][1][safepoint    ] Leaving safepoint region
[2021-12-31T02:31:43.132+0000][1][safepoint    ] Total time for which application threads were stopped: 0.0001869 seconds, Stopping threads took: 0.0000888 seconds
[2021-12-31T02:31:43.132+0000][1][safepoint    ] Application time: 0.0001709 seconds
[2021-12-31T02:31:43.132+0000][1][safepoint    ] Entering safepoint region: RevokeBias
[2021-12-31T02:31:43.132+0000][1][safepoint    ] Leaving safepoint region
[2021-12-31T02:31:43.133+0000][1][safepoint    ] Total time for which application threads were stopped: 0.0004014 seconds, Stopping threads took: 0.0000830 seconds
[2021-12-31T02:31:43.220+0000][1][safepoint    ] Application time: 0.0868459 seconds
[2021-12-31T02:31:43.233+0000][1][safepoint    ] Entering safepoint region: RevokeBias
[2021-12-31T02:31:43.241+0000][1][safepoint    ] Leaving safepoint region
[2021-12-31T02:31:43.252+0000][1][safepoint    ] Total time for which application threads were stopped: 0.0191532 seconds, Stopping threads took: 0.0080147 seconds
[2021-12-31T02:31:43.271+0000][1][safepoint    ] Application time: 0.0088854 seconds
[2021-12-31T02:31:43.272+0000][1][safepoint    ] Entering safepoint region: RevokeBias
[2021-12-31T02:31:43.272+0000][1][safepoint    ] Leaving safepoint region
[2021-12-31T02:31:43.272+0000][1][safepoint    ] Total time for which application threads were stopped: 0.0003016 seconds, Stopping threads took: 0.0001205 seconds
[2021-12-31T02:31:43.272+0000][1][safepoint    ] Application time: 0.0000640 seconds
[2021-12-31T02:31:43.273+0000][1][safepoint    ] Entering safepoint region: RevokeBias
[2021-12-31T02:31:43.273+0000][1][safepoint    ] Leaving safepoint region
[2021-12-31T02:31:43.273+0000][1][safepoint    ] Total time for which application threads were stopped: 0.0003601 seconds, Stopping threads took: 0.0001090 seconds
[2021-12-31T02:31:43.308+0000][1][safepoint    ] Application time: 0.0347757 seconds
[2021-12-31T02:31:43.308+0000][1][safepoint    ] Entering safepoint region: GenCollectForAllocation
[2021-12-31T02:31:43.309+0000][1][gc,start     ] GC(20) Pause Young (Allocation Failure)
[2021-12-31T02:31:43.309+0000][1][gc,task      ] GC(20) Using 1 workers of 1 for evacuation
[2021-12-31T02:31:43.360+0000][1][gc,age       ] GC(20) Desired survivor size 4358144 bytes, new threshold 6 (max threshold 6)
[2021-12-31T02:31:43.360+0000][1][gc,age       ] GC(20) Age table with threshold 6 (max threshold 6)
[2021-12-31T02:31:43.360+0000][1][gc,age       ] GC(20) - age   1:    1323296 bytes,    1323296 total
[2021-12-31T02:31:43.360+0000][1][gc,age       ] GC(20) - age   2:    2995720 bytes,    4319016 total
[2021-12-31T02:31:43.360+0000][1][gc,heap      ] GC(20) ParNew: 76672K->5281K(76672K)
[2021-12-31T02:31:43.360+0000][1][gc,heap      ] GC(20) CMS: 53506K->56633K(439104K)
[2021-12-31T02:31:43.360+0000][1][gc,metaspace ] GC(20) Metaspace: 50919K->50919K(1095680K)
[2021-12-31T02:31:43.360+0000][1][gc           ] GC(20) Pause Young (Allocation Failure) 127M->60M(503M) 51.668ms
[2021-12-31T02:31:43.361+0000][1][gc,cpu       ] GC(20) User=0.03s Sys=0.01s Real=0.06s
[2021-12-31T02:31:43.361+0000][1][safepoint    ] Leaving safepoint region
[2021-12-31T02:31:43.361+0000][1][safepoint    ] Total time for which application threads were stopped: 0.0523224 seconds, Stopping threads took: 0.0000918 seconds
[2021-12-31T02:31:43.542+0000][1][safepoint    ] Application time: 0.1814345 seconds
[2021-12-31T02:31:43.543+0000][1][safepoint    ] Entering safepoint region: RevokeBias
[2021-12-31T02:31:43.543+0000][1][safepoint    ] Leaving safepoint region
[2021-12-31T02:31:43.544+0000][1][safepoint    ] Total time for which application threads were stopped: 0.0010578 seconds, Stopping threads took: 0.0001840 seconds
[2021-12-31T02:31:43.644+0000][1][safepoint    ] Application time: 0.1003510 seconds
[2021-12-31T02:31:43.648+0000][1][safepoint    ] Entering safepoint region: RevokeBias
[2021-12-31T02:31:43.648+0000][1][safepoint    ] Leaving safepoint region
[2021-12-31T02:31:43.648+0000][1][safepoint    ] Total time for which application threads were stopped: 0.0004250 seconds, Stopping threads took: 0.0002749 seconds
[2021-12-31T02:31:43.921+0000][1][safepoint    ] Application time: 0.2725995 seconds
[2021-12-31T02:31:43.924+0000][1][safepoint    ] Entering safepoint region: Deoptimize
[2021-12-31T02:31:43.926+0000][1][safepoint    ] Leaving safepoint region
[2021-12-31T02:31:43.926+0000][1][safepoint    ] Total time for which application threads were stopped: 0.0020462 seconds, Stopping threads took: 0.0014519 seconds
[2021-12-31T02:31:44.287+0000][1][safepoint    ] Application time: 0.3607916 seconds
[2021-12-31T02:31:44.292+0000][1][safepoint    ] Entering safepoint region: RevokeBias
[2021-12-31T02:31:44.295+0000][1][safepoint    ] Leaving safepoint region
[2021-12-31T02:31:44.300+0000][1][safepoint    ] Total time for which application threads were stopped: 0.0079804 seconds, Stopping threads took: 0.0036798 seconds
[2021-12-31T02:31:44.311+0000][1][safepoint    ] Application time: 0.0055156 seconds
[2021-12-31T02:31:44.315+0000][1][safepoint    ] Entering safepoint region: RevokeBias
[2021-12-31T02:31:44.316+0000][1][safepoint    ] Leaving safepoint region
[2021-12-31T02:31:44.316+0000][1][safepoint    ] Total time for which application threads were stopped: 0.0006670 seconds, Stopping threads took: 0.0005462 seconds
[2021-12-31T02:31:44.316+0000][1][safepoint    ] Application time: 0.0001479 seconds
[2021-12-31T02:31:44.316+0000][1][safepoint    ] Entering safepoint region: RevokeBias
[2021-12-31T02:31:44.317+0000][1][safepoint    ] Leaving safepoint region
[2021-12-31T02:31:44.317+0000][1][safepoint    ] Total time for which application threads were stopped: 0.0001819 seconds, Stopping threads took: 0.0000824 seconds
[2021-12-31T02:31:44.503+0000][1][safepoint    ] Application time: 0.1859087 seconds
[2021-12-31T02:31:44.506+0000][1][safepoint    ] Entering safepoint region: Deoptimize
[2021-12-31T02:31:44.510+0000][1][safepoint    ] Leaving safepoint region
[2021-12-31T02:31:44.511+0000][1][safepoint    ] Total time for which application threads were stopped: 0.0042033 seconds, Stopping threads took: 0.0033203 seconds
[2021-12-31T02:31:44.576+0000][1][safepoint    ] Application time: 0.0647263 seconds
[2021-12-31T02:31:44.576+0000][1][safepoint    ] Entering safepoint region: RevokeBias
[2021-12-31T02:31:44.576+0000][1][safepoint    ] Leaving safepoint region
[2021-12-31T02:31:44.576+0000][1][safepoint    ] Total time for which application threads were stopped: 0.0002461 seconds, Stopping threads took: 0.0001043 seconds
[2021-12-31T02:31:44.576+0000][1][safepoint    ] Application time: 0.0001674 seconds
[2021-12-31T02:31:44.577+0000][1][safepoint    ] Entering safepoint region: RevokeBias
[2021-12-31T02:31:44.577+0000][1][safepoint    ] Leaving safepoint region
[2021-12-31T02:31:44.577+0000][1][safepoint    ] Total time for which application threads were stopped: 0.0001750 seconds, Stopping threads took: 0.0000787 seconds
[2021-12-31T02:31:44.577+0000][1][safepoint    ] Application time: 0.0000831 seconds
[2021-12-31T02:31:44.577+0000][1][safepoint    ] Entering safepoint region: RevokeBias
[2021-12-31T02:31:44.577+0000][1][safepoint    ] Leaving safepoint region
[2021-12-31T02:31:44.577+0000][1][safepoint    ] Total time for which application threads were stopped: 0.0002773 seconds, Stopping threads took: 0.0000938 seconds
[2021-12-31T02:31:44.580+0000][1][safepoint    ] Application time: 0.0022728 seconds
[2021-12-31T02:31:44.581+0000][1][safepoint    ] Entering safepoint region: RevokeBias
[2021-12-31T02:31:44.581+0000][1][safepoint    ] Leaving safepoint region
[2021-12-31T02:31:44.581+0000][1][safepoint    ] Total time for which application threads were stopped: 0.0005349 seconds, Stopping threads took: 0.0002275 seconds
[2021-12-31T02:31:45.025+0000][1][safepoint    ] Application time: 0.4433191 seconds
[2021-12-31T02:31:45.026+0000][1][safepoint    ] Entering safepoint region: GenCollectForAllocation
[2021-12-31T02:31:45.039+0000][1][gc,start     ] GC(21) Pause Young (Allocation Failure)
[2021-12-31T02:31:45.049+0000][1][gc,task      ] GC(21) Using 1 workers of 1 for evacuation
[2021-12-31T02:31:45.117+0000][1][gc,age       ] GC(21) Desired survivor size 4358144 bytes, new threshold 2 (max threshold 6)
[2021-12-31T02:31:45.118+0000][1][gc,age       ] GC(21) Age table with threshold 2 (max threshold 6)
[2021-12-31T02:31:45.123+0000][1][gc,age       ] GC(21) - age   1:    3153712 bytes,    3153712 total
[2021-12-31T02:31:45.129+0000][1][gc,age       ] GC(21) - age   2:    1296824 bytes,    4450536 total
[2021-12-31T02:31:45.132+0000][1][gc,age       ] GC(21) - age   3:    2991584 bytes,    7442120 total
[2021-12-31T02:31:45.132+0000][1][gc,heap      ] GC(21) ParNew: 73441K->8512K(76672K)
[2021-12-31T02:31:45.132+0000][1][gc,heap      ] GC(21) CMS: 56633K->56633K(439104K)
[2021-12-31T02:31:45.132+0000][1][gc,metaspace ] GC(21) Metaspace: 58180K->58180K(1101824K)
[2021-12-31T02:31:45.132+0000][1][gc           ] GC(21) Pause Young (Allocation Failure) 127M->63M(503M) 93.338ms
[2021-12-31T02:31:45.132+0000][1][gc,cpu       ] GC(21) User=0.09s Sys=0.00s Real=0.10s
[2021-12-31T02:31:45.132+0000][1][safepoint    ] Leaving safepoint region
[2021-12-31T02:31:45.133+0000][1][safepoint    ] Total time for which application threads were stopped: 0.1064524 seconds, Stopping threads took: 0.0114819 seconds
[2021-12-31T02:31:45.134+0000][1][safepoint    ] Application time: 0.0015035 seconds
[2021-12-31T02:31:45.135+0000][1][safepoint    ] Entering safepoint region: Deoptimize
[2021-12-31T02:31:45.136+0000][1][safepoint    ] Leaving safepoint region
[2021-12-31T02:31:45.136+0000][1][safepoint    ] Total time for which application threads were stopped: 0.0010979 seconds, Stopping threads took: 0.0001773 seconds
[2021-12-31T02:31:45.146+0000][1][safepoint    ] Application time: 0.0092042 seconds
[2021-12-31T02:31:45.146+0000][1][safepoint    ] Entering safepoint region: RevokeBias
[2021-12-31T02:31:45.146+0000][1][safepoint    ] Leaving safepoint region
[2021-12-31T02:31:45.146+0000][1][safepoint    ] Total time for which application threads were stopped: 0.0002062 seconds, Stopping threads took: 0.0000889 seconds
[2021-12-31T02:31:45.329+0000][1][safepoint    ] Application time: 0.1827670 seconds
[2021-12-31T02:31:45.335+0000][1][safepoint    ] Entering safepoint region: RevokeBias
[2021-12-31T02:31:45.335+0000][1][safepoint    ] Leaving safepoint region
[2021-12-31T02:31:45.335+0000][1][safepoint    ] Total time for which application threads were stopped: 0.0003721 seconds, Stopping threads took: 0.0002064 seconds
[2021-12-31T02:31:46.019+0000][1][safepoint    ] Application time: 0.6836524 seconds
[2021-12-31T02:31:46.027+0000][1][safepoint    ] Entering safepoint region: BulkRevokeBias
[2021-12-31T02:31:46.035+0000][1][safepoint    ] Leaving safepoint region
[2021-12-31T02:31:46.035+0000][1][safepoint    ] Total time for which application threads were stopped: 0.0086706 seconds, Stopping threads took: 0.0082473 seconds
[2021-12-31T02:31:46.188+0000][1][safepoint    ] Application time: 0.1526187 seconds
[2021-12-31T02:31:46.189+0000][1][safepoint    ] Entering safepoint region: Deoptimize
[2021-12-31T02:31:46.189+0000][1][safepoint    ] Leaving safepoint region
[2021-12-31T02:31:46.190+0000][1][safepoint    ] Total time for which application threads were stopped: 0.0011253 seconds, Stopping threads took: 0.0002195 seconds
[2021-12-31T02:31:46.203+0000][1][safepoint    ] Application time: 0.0128125 seconds
[2021-12-31T02:31:46.203+0000][1][safepoint    ] Entering safepoint region: RevokeBias
[2021-12-31T02:31:46.203+0000][1][safepoint    ] Leaving safepoint region
[2021-12-31T02:31:46.203+0000][1][safepoint    ] Total time for which application threads were stopped: 0.0003799 seconds, Stopping threads took: 0.0001226 seconds
[2021-12-31T02:31:46.204+0000][1][safepoint    ] Application time: 0.0004114 seconds
[2021-12-31T02:31:46.204+0000][1][safepoint    ] Entering safepoint region: RevokeBias
[2021-12-31T02:31:46.204+0000][1][safepoint    ] Leaving safepoint region
[2021-12-31T02:31:46.204+0000][1][safepoint    ] Total time for which application threads were stopped: 0.0003877 seconds, Stopping threads took: 0.0001008 seconds
[2021-12-31T02:31:46.205+0000][1][safepoint    ] Application time: 0.0010762 seconds
[2021-12-31T02:31:46.206+0000][1][safepoint    ] Entering safepoint region: RevokeBias
[2021-12-31T02:31:46.206+0000][1][safepoint    ] Leaving safepoint region
[2021-12-31T02:31:46.206+0000][1][safepoint    ] Total time for which application threads were stopped: 0.0001918 seconds, Stopping threads took: 0.0000876 seconds
[2021-12-31T02:31:46.206+0000][1][safepoint    ] Application time: 0.0003502 seconds
[2021-12-31T02:31:46.206+0000][1][safepoint    ] Entering safepoint region: RevokeBias
[2021-12-31T02:31:46.206+0000][1][safepoint    ] Leaving safepoint region
[2021-12-31T02:31:46.206+0000][1][safepoint    ] Total time for which application threads were stopped: 0.0002166 seconds, Stopping threads took: 0.0000894 seconds
[2021-12-31T02:31:46.207+0000][1][safepoint    ] Application time: 0.0000508 seconds
[2021-12-31T02:31:46.207+0000][1][safepoint    ] Entering safepoint region: RevokeBias
[2021-12-31T02:31:46.207+0000][1][safepoint    ] Leaving safepoint region
[2021-12-31T02:31:46.207+0000][1][safepoint    ] Total time for which application threads were stopped: 0.0001761 seconds, Stopping threads took: 0.0000783 seconds
[2021-12-31T02:31:46.207+0000][1][safepoint    ] Application time: 0.0000631 seconds
[2021-12-31T02:31:46.207+0000][1][safepoint    ] Entering safepoint region: RevokeBias
[2021-12-31T02:31:46.207+0000][1][safepoint    ] Leaving safepoint region
[2021-12-31T02:31:46.207+0000][1][safepoint    ] Total time for which application threads were stopped: 0.0001729 seconds, Stopping threads took: 0.0000771 seconds
[2021-12-31T02:31:46.208+0000][1][safepoint    ] Application time: 0.0001242 seconds
[2021-12-31T02:31:46.208+0000][1][safepoint    ] Entering safepoint region: RevokeBias
[2021-12-31T02:31:46.208+0000][1][safepoint    ] Leaving safepoint region
[2021-12-31T02:31:46.208+0000][1][safepoint    ] Total time for which application threads were stopped: 0.0002106 seconds, Stopping threads took: 0.0001078 seconds
[2021-12-31T02:31:46.208+0000][1][safepoint    ] Application time: 0.0001464 seconds
[2021-12-31T02:31:46.208+0000][1][safepoint    ] Entering safepoint region: RevokeBias
[2021-12-31T02:31:46.208+0000][1][safepoint    ] Leaving safepoint region
[2021-12-31T02:31:46.208+0000][1][safepoint    ] Total time for which application threads were stopped: 0.0002329 seconds, Stopping threads took: 0.0001063 seconds
[2021-12-31T02:31:46.209+0000][1][safepoint    ] Application time: 0.0001956 seconds
[2021-12-31T02:31:46.209+0000][1][safepoint    ] Entering safepoint region: RevokeBias
[2021-12-31T02:31:46.209+0000][1][safepoint    ] Leaving safepoint region
[2021-12-31T02:31:46.209+0000][1][safepoint    ] Total time for which application threads were stopped: 0.0001757 seconds, Stopping threads took: 0.0000795 seconds
[2021-12-31T02:31:46.209+0000][1][safepoint    ] Application time: 0.0000371 seconds
[2021-12-31T02:31:46.209+0000][1][safepoint    ] Entering safepoint region: RevokeBias
[2021-12-31T02:31:46.209+0000][1][safepoint    ] Leaving safepoint region
[2021-12-31T02:31:46.210+0000][1][safepoint    ] Total time for which application threads were stopped: 0.0003348 seconds, Stopping threads took: 0.0000836 seconds
[2021-12-31T02:31:46.210+0000][1][safepoint    ] Application time: 0.0003725 seconds
[2021-12-31T02:31:46.210+0000][1][safepoint    ] Entering safepoint region: RevokeBias
[2021-12-31T02:31:46.210+0000][1][safepoint    ] Leaving safepoint region
[2021-12-31T02:31:46.210+0000][1][safepoint    ] Total time for which application threads were stopped: 0.0001790 seconds, Stopping threads took: 0.0000801 seconds
[2021-12-31T02:31:46.210+0000][1][safepoint    ] Application time: 0.0000795 seconds
[2021-12-31T02:31:46.211+0000][1][safepoint    ] Entering safepoint region: RevokeBias
[2021-12-31T02:31:46.211+0000][1][safepoint    ] Leaving safepoint region
[2021-12-31T02:31:46.211+0000][1][safepoint    ] Total time for which application threads were stopped: 0.0002714 seconds, Stopping threads took: 0.0001485 seconds
[2021-12-31T02:31:46.211+0000][1][safepoint    ] Application time: 0.0000380 seconds
[2021-12-31T02:31:46.211+0000][1][safepoint    ] Entering safepoint region: RevokeBias
[2021-12-31T02:31:46.211+0000][1][safepoint    ] Leaving safepoint region
[2021-12-31T02:31:46.211+0000][1][safepoint    ] Total time for which application threads were stopped: 0.0001707 seconds, Stopping threads took: 0.0000768 seconds
[2021-12-31T02:31:46.212+0000][1][safepoint    ] Application time: 0.0006584 seconds
[2021-12-31T02:31:46.212+0000][1][safepoint    ] Entering safepoint region: RevokeBias
[2021-12-31T02:31:46.212+0000][1][safepoint    ] Leaving safepoint region
[2021-12-31T02:31:46.212+0000][1][safepoint    ] Total time for which application threads were stopped: 0.0002192 seconds, Stopping threads took: 0.0000989 seconds
[2021-12-31T02:31:46.212+0000][1][safepoint    ] Application time: 0.0000766 seconds
[2021-12-31T02:31:46.213+0000][1][safepoint    ] Entering safepoint region: RevokeBias
[2021-12-31T02:31:46.213+0000][1][safepoint    ] Leaving safepoint region
[2021-12-31T02:31:46.213+0000][1][safepoint    ] Total time for which application threads were stopped: 0.0001778 seconds, Stopping threads took: 0.0000815 seconds
[2021-12-31T02:31:46.215+0000][1][safepoint    ] Application time: 0.0019350 seconds
[2021-12-31T02:31:46.216+0000][1][safepoint    ] Entering safepoint region: RevokeBias
[2021-12-31T02:31:46.216+0000][1][safepoint    ] Leaving safepoint region
[2021-12-31T02:31:46.216+0000][1][safepoint    ] Total time for which application threads were stopped: 0.0002593 seconds, Stopping threads took: 0.0001198 seconds
[2021-12-31T02:31:46.217+0000][1][safepoint    ] Application time: 0.0007290 seconds
[2021-12-31T02:31:46.217+0000][1][safepoint    ] Entering safepoint region: Deoptimize
[2021-12-31T02:31:46.218+0000][1][safepoint    ] Leaving safepoint region
[2021-12-31T02:31:46.218+0000][1][safepoint    ] Total time for which application threads were stopped: 0.0006440 seconds, Stopping threads took: 0.0001006 seconds
[2021-12-31T02:31:46.224+0000][1][safepoint    ] Application time: 0.0061724 seconds
[2021-12-31T02:31:46.225+0000][1][safepoint    ] Entering safepoint region: RevokeBias
[2021-12-31T02:31:46.230+0000][1][safepoint    ] Leaving safepoint region
[2021-12-31T02:31:46.249+0000][1][safepoint    ] Total time for which application threads were stopped: 0.0235126 seconds, Stopping threads took: 0.0048640 seconds
[2021-12-31T02:31:46.364+0000][1][safepoint    ] Application time: 0.1145689 seconds
[2021-12-31T02:31:46.375+0000][1][safepoint    ] Entering safepoint region: RevokeBias
[2021-12-31T02:31:46.378+0000][1][safepoint    ] Leaving safepoint region
[2021-12-31T02:31:46.388+0000][1][safepoint    ] Total time for which application threads were stopped: 0.0179803 seconds, Stopping threads took: 0.0078655 seconds
[2021-12-31T02:31:46.426+0000][1][safepoint    ] Application time: 0.0258975 seconds
[2021-12-31T02:31:46.426+0000][1][safepoint    ] Entering safepoint region: RevokeBias
[2021-12-31T02:31:46.426+0000][1][safepoint    ] Leaving safepoint region
[2021-12-31T02:31:46.426+0000][1][safepoint    ] Total time for which application threads were stopped: 0.0003477 seconds, Stopping threads took: 0.0001760 seconds
[2021-12-31T02:31:46.428+0000][1][safepoint    ] Application time: 0.0012995 seconds
[2021-12-31T02:31:46.428+0000][1][safepoint    ] Entering safepoint region: RevokeBias
[2021-12-31T02:31:46.428+0000][1][safepoint    ] Leaving safepoint region
[2021-12-31T02:31:46.428+0000][1][safepoint    ] Total time for which application threads were stopped: 0.0004132 seconds, Stopping threads took: 0.0000915 seconds
[2021-12-31T02:31:46.429+0000][1][safepoint    ] Application time: 0.0001125 seconds
[2021-12-31T02:31:46.429+0000][1][safepoint    ] Entering safepoint region: BulkRevokeBias
[2021-12-31T02:31:46.429+0000][1][safepoint    ] Leaving safepoint region
[2021-12-31T02:31:46.429+0000][1][safepoint    ] Total time for which application threads were stopped: 0.0007248 seconds, Stopping threads took: 0.0002956 seconds
[2021-12-31T02:31:46.430+0000][1][safepoint    ] Application time: 0.0001881 seconds
[2021-12-31T02:31:46.431+0000][1][safepoint    ] Entering safepoint region: RevokeBias
[2021-12-31T02:31:46.431+0000][1][safepoint    ] Leaving safepoint region
[2021-12-31T02:31:46.431+0000][1][safepoint    ] Total time for which application threads were stopped: 0.0002598 seconds, Stopping threads took: 0.0001156 seconds
[2021-12-31T02:31:46.434+0000][1][safepoint    ] Application time: 0.0031017 seconds
[2021-12-31T02:31:46.434+0000][1][safepoint    ] Entering safepoint region: RevokeBias
[2021-12-31T02:31:46.435+0000][1][safepoint    ] Leaving safepoint region
[2021-12-31T02:31:46.435+0000][1][safepoint    ] Total time for which application threads were stopped: 0.0003270 seconds, Stopping threads took: 0.0001935 seconds
[2021-12-31T02:31:46.436+0000][1][safepoint    ] Application time: 0.0011028 seconds
[2021-12-31T02:31:46.436+0000][1][safepoint    ] Entering safepoint region: RevokeBias
[2021-12-31T02:31:46.436+0000][1][safepoint    ] Leaving safepoint region
[2021-12-31T02:31:46.436+0000][1][safepoint    ] Total time for which application threads were stopped: 0.0002207 seconds, Stopping threads took: 0.0000971 seconds
[2021-12-31T02:31:46.437+0000][1][safepoint    ] Application time: 0.0001390 seconds
[2021-12-31T02:31:46.437+0000][1][safepoint    ] Entering safepoint region: RevokeBias
[2021-12-31T02:31:46.437+0000][1][safepoint    ] Leaving safepoint region
[2021-12-31T02:31:46.437+0000][1][safepoint    ] Total time for which application threads were stopped: 0.0002030 seconds, Stopping threads took: 0.0000836 seconds
[2021-12-31T02:31:46.443+0000][1][safepoint    ] Application time: 0.0064700 seconds
[2021-12-31T02:31:46.445+0000][1][safepoint    ] Entering safepoint region: RevokeBias
[2021-12-31T02:31:46.445+0000][1][safepoint    ] Leaving safepoint region
[2021-12-31T02:31:46.445+0000][1][safepoint    ] Total time for which application threads were stopped: 0.0002318 seconds, Stopping threads took: 0.0001030 seconds
[2021-12-31T02:31:46.448+0000][1][safepoint    ] Application time: 0.0033749 seconds
[2021-12-31T02:31:46.449+0000][1][safepoint    ] Entering safepoint region: RevokeBias
[2021-12-31T02:31:46.449+0000][1][safepoint    ] Leaving safepoint region
[2021-12-31T02:31:46.449+0000][1][safepoint    ] Total time for which application threads were stopped: 0.0002219 seconds, Stopping threads took: 0.0001009 seconds
[2021-12-31T02:31:46.449+0000][1][safepoint    ] Application time: 0.0000813 seconds
[2021-12-31T02:31:46.449+0000][1][safepoint    ] Entering safepoint region: RevokeBias
[2021-12-31T02:31:46.449+0000][1][safepoint    ] Leaving safepoint region
[2021-12-31T02:31:46.449+0000][1][safepoint    ] Total time for which application threads were stopped: 0.0002243 seconds, Stopping threads took: 0.0000968 seconds
[2021-12-31T02:31:46.456+0000][1][safepoint    ] Application time: 0.0061377 seconds
[2021-12-31T02:31:46.467+0000][1][safepoint    ] Entering safepoint region: RevokeBias
[2021-12-31T02:31:46.470+0000][1][safepoint    ] Leaving safepoint region
[2021-12-31T02:31:46.470+0000][1][safepoint    ] Total time for which application threads were stopped: 0.0037513 seconds, Stopping threads took: 0.0033461 seconds
[2021-12-31T02:31:46.471+0000][1][safepoint    ] Application time: 0.0007232 seconds
[2021-12-31T02:31:46.471+0000][1][safepoint    ] Entering safepoint region: RevokeBias
[2021-12-31T02:31:46.472+0000][1][safepoint    ] Leaving safepoint region
[2021-12-31T02:31:46.472+0000][1][safepoint    ] Total time for which application threads were stopped: 0.0002220 seconds, Stopping threads took: 0.0000952 seconds
[2021-12-31T02:31:46.472+0000][1][safepoint    ] Application time: 0.0001883 seconds
[2021-12-31T02:31:46.472+0000][1][safepoint    ] Entering safepoint region: RevokeBias
[2021-12-31T02:31:46.472+0000][1][safepoint    ] Leaving safepoint region
[2021-12-31T02:31:46.472+0000][1][safepoint    ] Total time for which application threads were stopped: 0.0002194 seconds, Stopping threads took: 0.0000892 seconds
[2021-12-31T02:31:46.480+0000][1][safepoint    ] Application time: 0.0076023 seconds
[2021-12-31T02:31:46.485+0000][1][safepoint    ] Entering safepoint region: RevokeBias
[2021-12-31T02:31:46.486+0000][1][safepoint    ] Leaving safepoint region
[2021-12-31T02:31:46.486+0000][1][safepoint    ] Total time for which application threads were stopped: 0.0004637 seconds, Stopping threads took: 0.0003233 seconds
[2021-12-31T02:31:46.486+0000][1][safepoint    ] Application time: 0.0000607 seconds
[2021-12-31T02:31:46.486+0000][1][safepoint    ] Entering safepoint region: RevokeBias
[2021-12-31T02:31:46.486+0000][1][safepoint    ] Leaving safepoint region
[2021-12-31T02:31:46.486+0000][1][safepoint    ] Total time for which application threads were stopped: 0.0002630 seconds, Stopping threads took: 0.0001194 seconds
[2021-12-31T02:31:46.534+0000][1][safepoint    ] Application time: 0.0476363 seconds
[2021-12-31T02:31:46.534+0000][1][safepoint    ] Entering safepoint region: RevokeBias
[2021-12-31T02:31:46.543+0000][1][safepoint    ] Leaving safepoint region
[2021-12-31T02:31:46.554+0000][1][safepoint    ] Total time for which application threads were stopped: 0.0193895 seconds, Stopping threads took: 0.0081548 seconds
[2021-12-31T02:31:46.565+0000][1][safepoint    ] Application time: 0.0002688 seconds
[2021-12-31T02:31:46.571+0000][1][safepoint    ] Entering safepoint region: RevokeBias
[2021-12-31T02:31:46.579+0000][1][safepoint    ] Leaving safepoint region
[2021-12-31T02:31:46.585+0000][1][safepoint    ] Total time for which application threads were stopped: 0.0138938 seconds, Stopping threads took: 0.0085071 seconds
[2021-12-31T02:31:46.598+0000][1][safepoint    ] Application time: 0.0019102 seconds
[2021-12-31T02:31:46.606+0000][1][safepoint    ] Entering safepoint region: RevokeBias
[2021-12-31T02:31:46.615+0000][1][safepoint    ] Leaving safepoint region
[2021-12-31T02:31:46.622+0000][1][safepoint    ] Total time for which application threads were stopped: 0.0159129 seconds, Stopping threads took: 0.0086988 seconds
[2021-12-31T02:31:46.640+0000][1][safepoint    ] Application time: 0.0075089 seconds
[2021-12-31T02:31:46.650+0000][1][safepoint    ] Entering safepoint region: RevokeBias
[2021-12-31T02:31:46.660+0000][1][safepoint    ] Leaving safepoint region
[2021-12-31T02:31:46.671+0000][1][safepoint    ] Total time for which application threads were stopped: 0.0209385 seconds, Stopping threads took: 0.0105815 seconds
[2021-12-31T02:31:46.676+0000][1][safepoint    ] Application time: 0.0001753 seconds
[2021-12-31T02:31:46.680+0000][1][safepoint    ] Entering safepoint region: RevokeBias
[2021-12-31T02:31:46.686+0000][1][safepoint    ] Leaving safepoint region
[2021-12-31T02:31:46.689+0000][1][safepoint    ] Total time for which application threads were stopped: 0.0097325 seconds, Stopping threads took: 0.0059319 seconds
[2021-12-31T02:31:46.694+0000][1][safepoint    ] Application time: 0.0001119 seconds
[2021-12-31T02:31:46.705+0000][1][safepoint    ] Entering safepoint region: RevokeBias
[2021-12-31T02:31:46.706+0000][1][safepoint    ] Leaving safepoint region
[2021-12-31T02:31:46.706+0000][1][safepoint    ] Total time for which application threads were stopped: 0.0009093 seconds, Stopping threads took: 0.0006984 seconds
[2021-12-31T02:31:46.707+0000][1][safepoint    ] Application time: 0.0008524 seconds
[2021-12-31T02:31:46.707+0000][1][safepoint    ] Entering safepoint region: RevokeBias
[2021-12-31T02:31:46.707+0000][1][safepoint    ] Leaving safepoint region
[2021-12-31T02:31:46.707+0000][1][safepoint    ] Total time for which application threads were stopped: 0.0002572 seconds, Stopping threads took: 0.0000926 seconds
[2021-12-31T02:31:46.760+0000][1][safepoint    ] Application time: 0.0529156 seconds
[2021-12-31T02:31:46.764+0000][1][safepoint    ] Entering safepoint region: RevokeBias
[2021-12-31T02:31:46.767+0000][1][safepoint    ] Leaving safepoint region
[2021-12-31T02:31:46.767+0000][1][safepoint    ] Total time for which application threads were stopped: 0.0028499 seconds, Stopping threads took: 0.0024522 seconds
[2021-12-31T02:31:46.770+0000][1][safepoint    ] Application time: 0.0030447 seconds
[2021-12-31T02:31:46.770+0000][1][safepoint    ] Entering safepoint region: RevokeBias
[2021-12-31T02:31:46.770+0000][1][safepoint    ] Leaving safepoint region
[2021-12-31T02:31:46.770+0000][1][safepoint    ] Total time for which application threads were stopped: 0.0002744 seconds, Stopping threads took: 0.0000913 seconds
[2021-12-31T02:31:46.770+0000][1][safepoint    ] Application time: 0.0000564 seconds
[2021-12-31T02:31:46.771+0000][1][safepoint    ] Entering safepoint region: RevokeBias
[2021-12-31T02:31:46.771+0000][1][safepoint    ] Leaving safepoint region
[2021-12-31T02:31:46.771+0000][1][safepoint    ] Total time for which application threads were stopped: 0.0001991 seconds, Stopping threads took: 0.0000928 seconds
[2021-12-31T02:31:46.771+0000][1][safepoint    ] Application time: 0.0000578 seconds
[2021-12-31T02:31:46.771+0000][1][safepoint    ] Entering safepoint region: RevokeBias
[2021-12-31T02:31:46.771+0000][1][safepoint    ] Leaving safepoint region
[2021-12-31T02:31:46.771+0000][1][safepoint    ] Total time for which application threads were stopped: 0.0001977 seconds, Stopping threads took: 0.0000918 seconds
[2021-12-31T02:31:46.872+0000][1][safepoint    ] Application time: 0.1008907 seconds
[2021-12-31T02:31:46.882+0000][1][safepoint    ] Entering safepoint region: RevokeBias
[2021-12-31T02:31:46.883+0000][1][safepoint    ] Leaving safepoint region
[2021-12-31T02:31:46.883+0000][1][safepoint    ] Total time for which application threads were stopped: 0.0005667 seconds, Stopping threads took: 0.0004280 seconds
[2021-12-31T02:31:46.884+0000][1][safepoint    ] Application time: 0.0012658 seconds
[2021-12-31T02:31:46.884+0000][1][safepoint    ] Entering safepoint region: RevokeBias
[2021-12-31T02:31:46.884+0000][1][safepoint    ] Leaving safepoint region
[2021-12-31T02:31:46.884+0000][1][safepoint    ] Total time for which application threads were stopped: 0.0002829 seconds, Stopping threads took: 0.0001593 seconds
[2021-12-31T02:31:46.885+0000][1][safepoint    ] Application time: 0.0001092 seconds
[2021-12-31T02:31:46.885+0000][1][safepoint    ] Entering safepoint region: RevokeBias
[2021-12-31T02:31:46.885+0000][1][safepoint    ] Leaving safepoint region
[2021-12-31T02:31:46.885+0000][1][safepoint    ] Total time for which application threads were stopped: 0.0003550 seconds, Stopping threads took: 0.0001753 seconds
[2021-12-31T02:31:46.897+0000][1][safepoint    ] Application time: 0.0115137 seconds
[2021-12-31T02:31:46.901+0000][1][safepoint    ] Entering safepoint region: RevokeBias
[2021-12-31T02:31:46.902+0000][1][safepoint    ] Leaving safepoint region
[2021-12-31T02:31:46.903+0000][1][safepoint    ] Total time for which application threads were stopped: 0.0016425 seconds, Stopping threads took: 0.0012767 seconds
[2021-12-31T02:31:46.903+0000][1][safepoint    ] Application time: 0.0001609 seconds
[2021-12-31T02:31:46.903+0000][1][safepoint    ] Entering safepoint region: RevokeBias
[2021-12-31T02:31:46.903+0000][1][safepoint    ] Leaving safepoint region
[2021-12-31T02:31:46.903+0000][1][safepoint    ] Total time for which application threads were stopped: 0.0003318 seconds, Stopping threads took: 0.0001678 seconds
[2021-12-31T02:31:46.918+0000][1][safepoint    ] Application time: 0.0142891 seconds
[2021-12-31T02:31:46.922+0000][1][safepoint    ] Entering safepoint region: RevokeBias
[2021-12-31T02:31:46.923+0000][1][safepoint    ] Leaving safepoint region
[2021-12-31T02:31:46.923+0000][1][safepoint    ] Total time for which application threads were stopped: 0.0004284 seconds, Stopping threads took: 0.0003098 seconds
[2021-12-31T02:31:46.923+0000][1][safepoint    ] Application time: 0.0000603 seconds
[2021-12-31T02:31:46.923+0000][1][safepoint    ] Entering safepoint region: RevokeBias
[2021-12-31T02:31:46.923+0000][1][safepoint    ] Leaving safepoint region
[2021-12-31T02:31:46.923+0000][1][safepoint    ] Total time for which application threads were stopped: 0.0001848 seconds, Stopping threads took: 0.0000811 seconds
[2021-12-31T02:31:46.923+0000][1][safepoint    ] Application time: 0.0001385 seconds
[2021-12-31T02:31:46.924+0000][1][safepoint    ] Entering safepoint region: RevokeBias
[2021-12-31T02:31:46.924+0000][1][safepoint    ] Leaving safepoint region
[2021-12-31T02:31:46.924+0000][1][safepoint    ] Total time for which application threads were stopped: 0.0003924 seconds, Stopping threads took: 0.0002813 seconds
[2021-12-31T02:31:46.924+0000][1][safepoint    ] Application time: 0.0000533 seconds
[2021-12-31T02:31:46.925+0000][1][safepoint    ] Entering safepoint region: RevokeBias
[2021-12-31T02:31:46.925+0000][1][safepoint    ] Leaving safepoint region
[2021-12-31T02:31:46.925+0000][1][safepoint    ] Total time for which application threads were stopped: 0.0002732 seconds, Stopping threads took: 0.0001620 seconds
[2021-12-31T02:31:46.925+0000][1][safepoint    ] Application time: 0.0000545 seconds
[2021-12-31T02:31:46.925+0000][1][safepoint    ] Entering safepoint region: RevokeBias
[2021-12-31T02:31:46.925+0000][1][safepoint    ] Leaving safepoint region
[2021-12-31T02:31:46.925+0000][1][safepoint    ] Total time for which application threads were stopped: 0.0002896 seconds, Stopping threads took: 0.0000935 seconds
[2021-12-31T02:31:46.925+0000][1][safepoint    ] Application time: 0.0000556 seconds
[2021-12-31T02:31:46.926+0000][1][safepoint    ] Entering safepoint region: RevokeBias
[2021-12-31T02:31:46.926+0000][1][safepoint    ] Leaving safepoint region
[2021-12-31T02:31:46.926+0000][1][safepoint    ] Total time for which application threads were stopped: 0.0001958 seconds, Stopping threads took: 0.0000936 seconds
[2021-12-31T02:31:46.926+0000][1][safepoint    ] Application time: 0.0000651 seconds
[2021-12-31T02:31:46.926+0000][1][safepoint    ] Entering safepoint region: RevokeBias
[2021-12-31T02:31:46.926+0000][1][safepoint    ] Leaving safepoint region
[2021-12-31T02:31:46.926+0000][1][safepoint    ] Total time for which application threads were stopped: 0.0001982 seconds, Stopping threads took: 0.0000940 seconds
[2021-12-31T02:31:46.926+0000][1][safepoint    ] Application time: 0.0000525 seconds
[2021-12-31T02:31:46.926+0000][1][safepoint    ] Entering safepoint region: RevokeBias
[2021-12-31T02:31:46.927+0000][1][safepoint    ] Leaving safepoint region
[2021-12-31T02:31:46.927+0000][1][safepoint    ] Total time for which application threads were stopped: 0.0002470 seconds, Stopping threads took: 0.0001497 seconds
[2021-12-31T02:31:46.938+0000][1][safepoint    ] Application time: 0.0114881 seconds
[2021-12-31T02:31:46.943+0000][1][safepoint    ] Entering safepoint region: RevokeBias
[2021-12-31T02:31:46.943+0000][1][safepoint    ] Leaving safepoint region
[2021-12-31T02:31:46.943+0000][1][safepoint    ] Total time for which application threads were stopped: 0.0003010 seconds, Stopping threads took: 0.0001832 seconds
[2021-12-31T02:31:46.944+0000][1][safepoint    ] Application time: 0.0007461 seconds
[2021-12-31T02:31:46.944+0000][1][safepoint    ] Entering safepoint region: RevokeBias
[2021-12-31T02:31:46.944+0000][1][safepoint    ] Leaving safepoint region
[2021-12-31T02:31:46.944+0000][1][safepoint    ] Total time for which application threads were stopped: 0.0002469 seconds, Stopping threads took: 0.0001272 seconds
[2021-12-31T02:31:46.961+0000][1][safepoint    ] Application time: 0.0166037 seconds
[2021-12-31T02:31:46.969+0000][1][safepoint    ] Entering safepoint region: RevokeBias
[2021-12-31T02:31:46.970+0000][1][safepoint    ] Leaving safepoint region
[2021-12-31T02:31:46.970+0000][1][safepoint    ] Total time for which application threads were stopped: 0.0016543 seconds, Stopping threads took: 0.0015233 seconds
[2021-12-31T02:31:46.971+0000][1][safepoint    ] Application time: 0.0004544 seconds
[2021-12-31T02:31:46.971+0000][1][safepoint    ] Entering safepoint region: RevokeBias
[2021-12-31T02:31:46.971+0000][1][safepoint    ] Leaving safepoint region
[2021-12-31T02:31:46.972+0000][1][safepoint    ] Total time for which application threads were stopped: 0.0004016 seconds, Stopping threads took: 0.0001815 seconds
[2021-12-31T02:31:46.972+0000][1][safepoint    ] Application time: 0.0000916 seconds
[2021-12-31T02:31:46.972+0000][1][safepoint    ] Entering safepoint region: RevokeBias
[2021-12-31T02:31:46.973+0000][1][safepoint    ] Leaving safepoint region
[2021-12-31T02:31:46.973+0000][1][safepoint    ] Total time for which application threads were stopped: 0.0004936 seconds, Stopping threads took: 0.0001937 seconds
[2021-12-31T02:31:46.974+0000][1][safepoint    ] Application time: 0.0007914 seconds
[2021-12-31T02:31:46.974+0000][1][safepoint    ] Entering safepoint region: RevokeBias
[2021-12-31T02:31:46.974+0000][1][safepoint    ] Leaving safepoint region
[2021-12-31T02:31:46.974+0000][1][safepoint    ] Total time for which application threads were stopped: 0.0003050 seconds, Stopping threads took: 0.0000995 seconds
[2021-12-31T02:31:47.002+0000][1][safepoint    ] Application time: 0.0274839 seconds
[2021-12-31T02:31:47.006+0000][1][safepoint    ] Entering safepoint region: RevokeBias
[2021-12-31T02:31:47.017+0000][1][safepoint    ] Leaving safepoint region
[2021-12-31T02:31:47.023+0000][1][safepoint    ] Total time for which application threads were stopped: 0.0174680 seconds, Stopping threads took: 0.0108372 seconds
[2021-12-31T02:31:47.035+0000][1][safepoint    ] Application time: 0.0005220 seconds
[2021-12-31T02:31:47.045+0000][1][safepoint    ] Entering safepoint region: RevokeBias
[2021-12-31T02:31:47.056+0000][1][safepoint    ] Leaving safepoint region
[2021-12-31T02:31:47.062+0000][1][safepoint    ] Total time for which application threads were stopped: 0.0165574 seconds, Stopping threads took: 0.0105635 seconds
[2021-12-31T02:31:47.103+0000][1][safepoint    ] Application time: 0.0299812 seconds
[2021-12-31T02:31:47.112+0000][1][safepoint    ] Entering safepoint region: RevokeBias
[2021-12-31T02:31:47.122+0000][1][safepoint    ] Leaving safepoint region
[2021-12-31T02:31:47.123+0000][1][safepoint    ] Total time for which application threads were stopped: 0.0103299 seconds, Stopping threads took: 0.0100546 seconds
[2021-12-31T02:31:47.123+0000][1][safepoint    ] Application time: 0.0000781 seconds
[2021-12-31T02:31:47.123+0000][1][safepoint    ] Entering safepoint region: RevokeBias
[2021-12-31T02:31:47.123+0000][1][safepoint    ] Leaving safepoint region
[2021-12-31T02:31:47.123+0000][1][safepoint    ] Total time for which application threads were stopped: 0.0001943 seconds, Stopping threads took: 0.0000838 seconds
[2021-12-31T02:31:47.243+0000][1][safepoint    ] Application time: 0.1202549 seconds
[2021-12-31T02:31:47.248+0000][1][safepoint    ] Entering safepoint region: GenCollectForAllocation
[2021-12-31T02:31:47.253+0000][1][gc,start     ] GC(22) Pause Young (Allocation Failure)
[2021-12-31T02:31:47.264+0000][1][gc,task      ] GC(22) Using 1 workers of 1 for evacuation
[2021-12-31T02:31:47.342+0000][1][gc,age       ] GC(22) Desired survivor size 4358144 bytes, new threshold 2 (max threshold 6)
[2021-12-31T02:31:47.342+0000][1][gc,age       ] GC(22) Age table with threshold 2 (max threshold 6)
[2021-12-31T02:31:47.342+0000][1][gc,age       ] GC(22) - age   1:    2629864 bytes,    2629864 total
[2021-12-31T02:31:47.342+0000][1][gc,age       ] GC(22) - age   2:    2765896 bytes,    5395760 total
[2021-12-31T02:31:47.343+0000][1][gc,heap      ] GC(22) ParNew: 76672K->6571K(76672K)
[2021-12-31T02:31:47.343+0000][1][gc,heap      ] GC(22) CMS: 56633K->60898K(439104K)
[2021-12-31T02:31:47.343+0000][1][gc,metaspace ] GC(22) Metaspace: 65021K->65021K(1107968K)
[2021-12-31T02:31:47.343+0000][1][gc           ] GC(22) Pause Young (Allocation Failure) 130M->65M(503M) 90.259ms
[2021-12-31T02:31:47.343+0000][1][gc,cpu       ] GC(22) User=0.05s Sys=0.00s Real=0.09s
[2021-12-31T02:31:47.344+0000][1][safepoint    ] Leaving safepoint region
[2021-12-31T02:31:47.344+0000][1][safepoint    ] Total time for which application threads were stopped: 0.0958229 seconds, Stopping threads took: 0.0048121 seconds
[2021-12-31T02:31:47.379+0000][1][safepoint    ] Application time: 0.0355685 seconds
[2021-12-31T02:31:47.389+0000][1][safepoint    ] Entering safepoint region: RevokeBias
[2021-12-31T02:31:47.397+0000][1][safepoint    ] Leaving safepoint region
[2021-12-31T02:31:47.402+0000][1][safepoint    ] Total time for which application threads were stopped: 0.0124721 seconds, Stopping threads took: 0.0075776 seconds
[2021-12-31T02:31:47.448+0000][1][safepoint    ] Application time: 0.0431018 seconds
[2021-12-31T02:31:47.453+0000][1][safepoint    ] Entering safepoint region: RevokeBias
[2021-12-31T02:31:47.457+0000][1][safepoint    ] Leaving safepoint region
[2021-12-31T02:31:47.468+0000][1][safepoint    ] Total time for which application threads were stopped: 0.0145183 seconds, Stopping threads took: 0.0037116 seconds
[2021-12-31T02:31:47.478+0000][1][safepoint    ] Application time: 0.0021354 seconds
[2021-12-31T02:31:47.483+0000][1][safepoint    ] Entering safepoint region: Deoptimize
[2021-12-31T02:31:47.489+0000][1][safepoint    ] Leaving safepoint region
[2021-12-31T02:31:47.498+0000][1][safepoint    ] Total time for which application threads were stopped: 0.0147559 seconds, Stopping threads took: 0.0059239 seconds
[2021-12-31T02:31:47.688+0000][1][safepoint    ] Application time: 0.1799396 seconds
[2021-12-31T02:31:47.692+0000][1][safepoint    ] Entering safepoint region: RevokeBias
[2021-12-31T02:31:47.700+0000][1][safepoint    ] Leaving safepoint region
[2021-12-31T02:31:47.710+0000][1][safepoint    ] Total time for which application threads were stopped: 0.0172830 seconds, Stopping threads took: 0.0069343 seconds
[2021-12-31T02:31:47.721+0000][1][safepoint    ] Application time: 0.0001188 seconds
[2021-12-31T02:31:47.732+0000][1][safepoint    ] Entering safepoint region: RevokeBias
[2021-12-31T02:31:47.739+0000][1][safepoint    ] Leaving safepoint region
[2021-12-31T02:31:47.739+0000][1][safepoint    ] Total time for which application threads were stopped: 0.0068938 seconds, Stopping threads took: 0.0067681 seconds
[2021-12-31T02:31:47.788+0000][1][safepoint    ] Application time: 0.0493271 seconds
[2021-12-31T02:31:47.795+0000][1][safepoint    ] Entering safepoint region: RevokeBias
[2021-12-31T02:31:47.801+0000][1][safepoint    ] Leaving safepoint region
[2021-12-31T02:31:47.812+0000][1][safepoint    ] Total time for which application threads were stopped: 0.0163648 seconds, Stopping threads took: 0.0053149 seconds
[2021-12-31T02:31:47.823+0000][1][safepoint    ] Application time: 0.0001343 seconds
[2021-12-31T02:31:47.834+0000][1][safepoint    ] Entering safepoint region: RevokeBias
[2021-12-31T02:31:47.842+0000][1][safepoint    ] Leaving safepoint region
[2021-12-31T02:31:47.848+0000][1][safepoint    ] Total time for which application threads were stopped: 0.0136077 seconds, Stopping threads took: 0.0077768 seconds
[2021-12-31T02:31:47.858+0000][1][safepoint    ] Application time: 0.0000757 seconds
[2021-12-31T02:31:47.869+0000][1][safepoint    ] Entering safepoint region: RevokeBias
[2021-12-31T02:31:47.879+0000][1][safepoint    ] Leaving safepoint region
[2021-12-31T02:31:47.885+0000][1][safepoint    ] Total time for which application threads were stopped: 0.0160428 seconds, Stopping threads took: 0.0106602 seconds
[2021-12-31T02:31:47.900+0000][1][safepoint    ] Application time: 0.0041433 seconds
[2021-12-31T02:31:47.905+0000][1][safepoint    ] Entering safepoint region: RevokeBias
[2021-12-31T02:31:47.913+0000][1][safepoint    ] Leaving safepoint region
[2021-12-31T02:31:47.916+0000][1][safepoint    ] Total time for which application threads were stopped: 0.0114007 seconds, Stopping threads took: 0.0077549 seconds
[2021-12-31T02:31:48.245+0000][1][safepoint    ] Application time: 0.3213763 seconds
[2021-12-31T02:31:48.256+0000][1][safepoint    ] Entering safepoint region: RevokeBias
[2021-12-31T02:31:48.260+0000][1][safepoint    ] Leaving safepoint region
[2021-12-31T02:31:48.270+0000][1][safepoint    ] Total time for which application threads were stopped: 0.0145610 seconds, Stopping threads took: 0.0039485 seconds
[2021-12-31T02:31:48.283+0000][1][safepoint    ] Application time: 0.0004405 seconds
[2021-12-31T02:31:48.299+0000][1][safepoint    ] Entering safepoint region: RevokeBias
[2021-12-31T02:31:48.305+0000][1][safepoint    ] Leaving safepoint region
[2021-12-31T02:31:48.305+0000][1][safepoint    ] Total time for which application threads were stopped: 0.0066306 seconds, Stopping threads took: 0.0057379 seconds
[2021-12-31T02:31:48.307+0000][1][safepoint    ] Application time: 0.0012953 seconds
[2021-12-31T02:31:48.307+0000][1][safepoint    ] Entering safepoint region: RevokeBias
[2021-12-31T02:31:48.307+0000][1][safepoint    ] Leaving safepoint region
[2021-12-31T02:31:48.307+0000][1][safepoint    ] Total time for which application threads were stopped: 0.0002063 seconds, Stopping threads took: 0.0000876 seconds
[2021-12-31T02:31:48.308+0000][1][safepoint    ] Application time: 0.0003080 seconds
[2021-12-31T02:31:48.308+0000][1][safepoint    ] Entering safepoint region: RevokeBias
[2021-12-31T02:31:48.308+0000][1][safepoint    ] Leaving safepoint region
[2021-12-31T02:31:48.308+0000][1][safepoint    ] Total time for which application threads were stopped: 0.0003006 seconds, Stopping threads took: 0.0001815 seconds
[2021-12-31T02:31:48.308+0000][1][safepoint    ] Application time: 0.0000782 seconds
[2021-12-31T02:31:48.308+0000][1][safepoint    ] Entering safepoint region: RevokeBias
[2021-12-31T02:31:48.309+0000][1][safepoint    ] Leaving safepoint region
[2021-12-31T02:31:48.309+0000][1][safepoint    ] Total time for which application threads were stopped: 0.0003256 seconds, Stopping threads took: 0.0001531 seconds
[2021-12-31T02:31:48.309+0000][1][safepoint    ] Application time: 0.0000994 seconds
[2021-12-31T02:31:48.309+0000][1][safepoint    ] Entering safepoint region: RevokeBias
[2021-12-31T02:31:48.309+0000][1][safepoint    ] Leaving safepoint region
[2021-12-31T02:31:48.310+0000][1][safepoint    ] Total time for which application threads were stopped: 0.0003064 seconds, Stopping threads took: 0.0001409 seconds
[2021-12-31T02:31:48.310+0000][1][safepoint    ] Application time: 0.0002260 seconds
[2021-12-31T02:31:48.310+0000][1][safepoint    ] Entering safepoint region: RevokeBias
[2021-12-31T02:31:48.310+0000][1][safepoint    ] Leaving safepoint region
[2021-12-31T02:31:48.311+0000][1][safepoint    ] Total time for which application threads were stopped: 0.0004425 seconds, Stopping threads took: 0.0002773 seconds
[2021-12-31T02:31:48.346+0000][1][safepoint    ] Application time: 0.0351741 seconds
[2021-12-31T02:31:48.351+0000][1][safepoint    ] Entering safepoint region: RevokeBias
[2021-12-31T02:31:48.358+0000][1][safepoint    ] Leaving safepoint region
[2021-12-31T02:31:48.362+0000][1][safepoint    ] Total time for which application threads were stopped: 0.0116327 seconds, Stopping threads took: 0.0072182 seconds
[2021-12-31T02:31:48.385+0000][1][safepoint    ] Application time: 0.0118557 seconds
[2021-12-31T02:31:48.388+0000][1][safepoint    ] Entering safepoint region: RevokeBias
[2021-12-31T02:31:48.399+0000][1][safepoint    ] Leaving safepoint region
[2021-12-31T02:31:48.407+0000][1][safepoint    ] Total time for which application threads were stopped: 0.0187800 seconds, Stopping threads took: 0.0103042 seconds
[2021-12-31T02:31:48.413+0000][1][safepoint    ] Application time: 0.0000761 seconds
[2021-12-31T02:31:48.418+0000][1][safepoint    ] Entering safepoint region: RevokeBias
[2021-12-31T02:31:48.428+0000][1][safepoint    ] Leaving safepoint region
[2021-12-31T02:31:48.432+0000][1][safepoint    ] Total time for which application threads were stopped: 0.0146930 seconds, Stopping threads took: 0.0105864 seconds
[2021-12-31T02:31:48.443+0000][1][safepoint    ] Application time: 0.0001192 seconds
[2021-12-31T02:31:48.453+0000][1][safepoint    ] Entering safepoint region: RevokeBias
[2021-12-31T02:31:48.463+0000][1][safepoint    ] Leaving safepoint region
[2021-12-31T02:31:48.474+0000][1][safepoint    ] Total time for which application threads were stopped: 0.0201675 seconds, Stopping threads took: 0.0097983 seconds
[2021-12-31T02:31:48.480+0000][1][safepoint    ] Application time: 0.0000759 seconds
[2021-12-31T02:31:48.491+0000][1][safepoint    ] Entering safepoint region: RevokeBias
[2021-12-31T02:31:48.501+0000][1][safepoint    ] Leaving safepoint region
[2021-12-31T02:31:48.511+0000][1][safepoint    ] Total time for which application threads were stopped: 0.0206773 seconds, Stopping threads took: 0.0104618 seconds
[2021-12-31T02:31:48.515+0000][1][safepoint    ] Application time: 0.0000971 seconds
[2021-12-31T02:31:48.526+0000][1][safepoint    ] Entering safepoint region: RevokeBias
[2021-12-31T02:31:48.530+0000][1][safepoint    ] Leaving safepoint region
[2021-12-31T02:31:48.533+0000][1][safepoint    ] Total time for which application threads were stopped: 0.0077514 seconds, Stopping threads took: 0.0039743 seconds
[2021-12-31T02:31:48.544+0000][1][safepoint    ] Application time: 0.0001195 seconds
[2021-12-31T02:31:48.554+0000][1][safepoint    ] Entering safepoint region: RevokeBias
[2021-12-31T02:31:48.565+0000][1][safepoint    ] Leaving safepoint region
[2021-12-31T02:31:48.571+0000][1][safepoint    ] Total time for which application threads were stopped: 0.0166947 seconds, Stopping threads took: 0.0105835 seconds
[2021-12-31T02:31:48.582+0000][1][safepoint    ] Application time: 0.0001617 seconds
[2021-12-31T02:31:48.590+0000][1][safepoint    ] Entering safepoint region: RevokeBias
[2021-12-31T02:31:48.601+0000][1][safepoint    ] Leaving safepoint region
[2021-12-31T02:31:48.612+0000][1][safepoint    ] Total time for which application threads were stopped: 0.0222084 seconds, Stopping threads took: 0.0109043 seconds
[2021-12-31T02:31:48.616+0000][1][safepoint    ] Application time: 0.0000648 seconds
[2021-12-31T02:31:48.623+0000][1][safepoint    ] Entering safepoint region: RevokeBias
[2021-12-31T02:31:48.623+0000][1][safepoint    ] Leaving safepoint region
[2021-12-31T02:31:48.624+0000][1][safepoint    ] Total time for which application threads were stopped: 0.0006633 seconds, Stopping threads took: 0.0004287 seconds
[2021-12-31T02:31:48.667+0000][1][safepoint    ] Application time: 0.0428645 seconds
[2021-12-31T02:31:48.670+0000][1][safepoint    ] Entering safepoint region: RevokeBias
[2021-12-31T02:31:48.674+0000][1][safepoint    ] Leaving safepoint region
[2021-12-31T02:31:48.679+0000][1][safepoint    ] Total time for which application threads were stopped: 0.0091801 seconds, Stopping threads took: 0.0045654 seconds
[2021-12-31T02:31:48.696+0000][1][safepoint    ] Application time: 0.0169099 seconds
[2021-12-31T02:31:48.698+0000][1][safepoint    ] Entering safepoint region: RevokeBias
[2021-12-31T02:31:48.698+0000][1][safepoint    ] Leaving safepoint region
[2021-12-31T02:31:48.698+0000][1][safepoint    ] Total time for which application threads were stopped: 0.0002743 seconds, Stopping threads took: 0.0001440 seconds
[2021-12-31T02:31:48.703+0000][1][safepoint    ] Application time: 0.0046180 seconds
[2021-12-31T02:31:48.713+0000][1][safepoint    ] Entering safepoint region: RevokeBias
[2021-12-31T02:31:48.713+0000][1][safepoint    ] Leaving safepoint region
[2021-12-31T02:31:48.713+0000][1][safepoint    ] Total time for which application threads were stopped: 0.0007440 seconds, Stopping threads took: 0.0003027 seconds
[2021-12-31T02:31:48.714+0000][1][safepoint    ] Application time: 0.0001272 seconds
[2021-12-31T02:31:48.714+0000][1][safepoint    ] Entering safepoint region: RevokeBias
[2021-12-31T02:31:48.714+0000][1][safepoint    ] Leaving safepoint region
[2021-12-31T02:31:48.714+0000][1][safepoint    ] Total time for which application threads were stopped: 0.0001858 seconds, Stopping threads took: 0.0000824 seconds
[2021-12-31T02:31:48.714+0000][1][safepoint    ] Application time: 0.0000515 seconds
[2021-12-31T02:31:48.714+0000][1][safepoint    ] Entering safepoint region: RevokeBias
[2021-12-31T02:31:48.715+0000][1][safepoint    ] Leaving safepoint region
[2021-12-31T02:31:48.715+0000][1][safepoint    ] Total time for which application threads were stopped: 0.0004269 seconds, Stopping threads took: 0.0001452 seconds
[2021-12-31T02:31:48.728+0000][1][safepoint    ] Application time: 0.0127154 seconds
[2021-12-31T02:31:48.731+0000][1][safepoint    ] Entering safepoint region: RevokeBias
[2021-12-31T02:31:48.735+0000][1][safepoint    ] Leaving safepoint region
[2021-12-31T02:31:48.735+0000][1][safepoint    ] Total time for which application threads were stopped: 0.0040656 seconds, Stopping threads took: 0.0038207 seconds
[2021-12-31T02:31:48.740+0000][1][safepoint    ] Application time: 0.0042518 seconds
[2021-12-31T02:31:48.740+0000][1][safepoint    ] Entering safepoint region: RevokeBias
[2021-12-31T02:31:48.740+0000][1][safepoint    ] Leaving safepoint region
[2021-12-31T02:31:48.740+0000][1][safepoint    ] Total time for which application threads were stopped: 0.0002064 seconds, Stopping threads took: 0.0000983 seconds
[2021-12-31T02:31:49.743+0000][1][safepoint    ] Application time: 1.0019745 seconds
[2021-12-31T02:31:49.746+0000][1][safepoint    ] Entering safepoint region: Cleanup
[2021-12-31T02:31:49.756+0000][1][safepoint    ] Leaving safepoint region
[2021-12-31T02:31:49.761+0000][1][safepoint    ] Total time for which application threads were stopped: 0.0149408 seconds, Stopping threads took: 0.0104394 seconds
[2021-12-31T02:31:50.761+0000][1][safepoint    ] Application time: 1.0002570 seconds
[2021-12-31T02:31:50.761+0000][1][safepoint    ] Entering safepoint region: Cleanup
[2021-12-31T02:31:50.762+0000][1][safepoint    ] Leaving safepoint region
[2021-12-31T02:31:50.762+0000][1][safepoint    ] Total time for which application threads were stopped: 0.0002399 seconds, Stopping threads took: 0.0001102 seconds
[2021-12-31T02:31:51.762+0000][1][safepoint    ] Application time: 1.0004773 seconds
[2021-12-31T02:31:51.763+0000][1][safepoint    ] Entering safepoint region: Cleanup
[2021-12-31T02:31:51.763+0000][1][safepoint    ] Leaving safepoint region
[2021-12-31T02:31:51.763+0000][1][safepoint    ] Total time for which application threads were stopped: 0.0002331 seconds, Stopping threads took: 0.0001040 seconds
[2021-12-31T02:31:51.912+0000][1][safepoint    ] Application time: 0.1487800 seconds
[2021-12-31T02:31:51.912+0000][1][safepoint    ] Entering safepoint region: RevokeBias
[2021-12-31T02:31:51.912+0000][1][safepoint    ] Leaving safepoint region
[2021-12-31T02:31:51.912+0000][1][safepoint    ] Total time for which application threads were stopped: 0.0005637 seconds, Stopping threads took: 0.0003031 seconds
[2021-12-31T02:31:51.913+0000][1][safepoint    ] Application time: 0.0000592 seconds
[2021-12-31T02:31:51.913+0000][1][safepoint    ] Entering safepoint region: RevokeBias
[2021-12-31T02:31:51.913+0000][1][safepoint    ] Leaving safepoint region
[2021-12-31T02:31:51.913+0000][1][safepoint    ] Total time for which application threads were stopped: 0.0002318 seconds, Stopping threads took: 0.0000893 seconds
[2021-12-31T02:31:52.913+0000][1][safepoint    ] Application time: 1.0003243 seconds
[2021-12-31T02:31:52.914+0000][1][safepoint    ] Entering safepoint region: Cleanup
[2021-12-31T02:31:52.914+0000][1][safepoint    ] Leaving safepoint region
[2021-12-31T02:31:52.914+0000][1][safepoint    ] Total time for which application threads were stopped: 0.0004878 seconds, Stopping threads took: 0.0002759 seconds
[2021-12-31T02:31:53.915+0000][1][safepoint    ] Application time: 1.0002697 seconds
[2021-12-31T02:31:53.915+0000][1][safepoint    ] Entering safepoint region: Cleanup
[2021-12-31T02:31:53.915+0000][1][safepoint    ] Leaving safepoint region
[2021-12-31T02:31:53.915+0000][1][safepoint    ] Total time for which application threads were stopped: 0.0002181 seconds, Stopping threads took: 0.0000980 seconds
[2021-12-31T02:31:54.916+0000][1][safepoint    ] Application time: 1.0005869 seconds
[2021-12-31T02:31:54.916+0000][1][safepoint    ] Entering safepoint region: Cleanup
[2021-12-31T02:31:54.916+0000][1][safepoint    ] Leaving safepoint region
[2021-12-31T02:31:54.916+0000][1][safepoint    ] Total time for which application threads were stopped: 0.0005538 seconds, Stopping threads took: 0.0001891 seconds
[2021-12-31T02:31:55.920+0000][1][safepoint    ] Application time: 1.0035285 seconds
[2021-12-31T02:31:55.925+0000][1][safepoint    ] Entering safepoint region: Cleanup
[2021-12-31T02:31:55.926+0000][1][safepoint    ] Leaving safepoint region
[2021-12-31T02:31:55.926+0000][1][safepoint    ] Total time for which application threads were stopped: 0.0018796 seconds, Stopping threads took: 0.0009102 seconds
[2021-12-31T02:31:56.927+0000][1][safepoint    ] Application time: 1.0003172 seconds
[2021-12-31T02:31:56.927+0000][1][safepoint    ] Entering safepoint region: Cleanup
[2021-12-31T02:31:56.928+0000][1][safepoint    ] Leaving safepoint region
[2021-12-31T02:31:56.928+0000][1][safepoint    ] Total time for which application threads were stopped: 0.0002219 seconds, Stopping threads took: 0.0001001 seconds
[2021-12-31T02:31:57.928+0000][1][safepoint    ] Application time: 1.0004553 seconds
[2021-12-31T02:31:57.928+0000][1][safepoint    ] Entering safepoint region: Cleanup
[2021-12-31T02:31:57.928+0000][1][safepoint    ] Leaving safepoint region
[2021-12-31T02:31:57.929+0000][1][safepoint    ] Total time for which application threads were stopped: 0.0002165 seconds, Stopping threads took: 0.0001014 seconds
[2021-12-31T02:31:58.929+0000][1][safepoint    ] Application time: 1.0004045 seconds
[2021-12-31T02:31:58.930+0000][1][safepoint    ] Entering safepoint region: Cleanup
[2021-12-31T02:31:58.930+0000][1][safepoint    ] Leaving safepoint region
[2021-12-31T02:31:58.930+0000][1][safepoint    ] Total time for which application threads were stopped: 0.0004307 seconds, Stopping threads took: 0.0002872 seconds
[2021-12-31T02:31:59.941+0000][1][safepoint    ] Application time: 1.0108879 seconds
[2021-12-31T02:31:59.941+0000][1][safepoint    ] Entering safepoint region: Cleanup
[2021-12-31T02:31:59.942+0000][1][safepoint    ] Leaving safepoint region
[2021-12-31T02:31:59.942+0000][1][safepoint    ] Total time for which application threads were stopped: 0.0005113 seconds, Stopping threads took: 0.0002616 seconds
[2021-12-31T02:32:00.944+0000][1][safepoint    ] Application time: 1.0017612 seconds
[2021-12-31T02:32:00.944+0000][1][safepoint    ] Entering safepoint region: Cleanup
[2021-12-31T02:32:00.945+0000][1][safepoint    ] Leaving safepoint region
[2021-12-31T02:32:00.945+0000][1][safepoint    ] Total time for which application threads were stopped: 0.0007195 seconds, Stopping threads took: 0.0003127 seconds
[2021-12-31T02:32:01.946+0000][1][safepoint    ] Application time: 1.0004076 seconds
[2021-12-31T02:32:01.946+0000][1][safepoint    ] Entering safepoint region: Cleanup
[2021-12-31T02:32:01.946+0000][1][safepoint    ] Leaving safepoint region
[2021-12-31T02:32:01.946+0000][1][safepoint    ] Total time for which application threads were stopped: 0.0005515 seconds, Stopping threads took: 0.0002638 seconds
[2021-12-31T02:32:02.949+0000][1][safepoint    ] Application time: 1.0018372 seconds
[2021-12-31T02:32:02.949+0000][1][safepoint    ] Entering safepoint region: Cleanup
[2021-12-31T02:32:02.949+0000][1][safepoint    ] Leaving safepoint region
[2021-12-31T02:32:02.949+0000][1][safepoint    ] Total time for which application threads were stopped: 0.0004818 seconds, Stopping threads took: 0.0002002 seconds
[2021-12-31T02:32:03.952+0000][1][safepoint    ] Application time: 1.0028758 seconds
[2021-12-31T02:32:03.953+0000][1][safepoint    ] Entering safepoint region: Cleanup
[2021-12-31T02:32:03.953+0000][1][safepoint    ] Leaving safepoint region
[2021-12-31T02:32:03.953+0000][1][safepoint    ] Total time for which application threads were stopped: 0.0005612 seconds, Stopping threads took: 0.0002611 seconds
[2021-12-31T02:32:04.955+0000][1][safepoint    ] Application time: 1.0009444 seconds
[2021-12-31T02:32:04.955+0000][1][safepoint    ] Entering safepoint region: Cleanup
[2021-12-31T02:32:04.955+0000][1][safepoint    ] Leaving safepoint region
[2021-12-31T02:32:04.955+0000][1][safepoint    ] Total time for which application threads were stopped: 0.0004975 seconds, Stopping threads took: 0.0001044 seconds
[2021-12-31T02:32:05.956+0000][1][safepoint    ] Application time: 1.0008436 seconds
[2021-12-31T02:32:05.957+0000][1][safepoint    ] Entering safepoint region: Cleanup
[2021-12-31T02:32:05.957+0000][1][safepoint    ] Leaving safepoint region
[2021-12-31T02:32:05.957+0000][1][safepoint    ] Total time for which application threads were stopped: 0.0002594 seconds, Stopping threads took: 0.0001180 seconds
[2021-12-31T02:32:06.963+0000][1][safepoint    ] Application time: 1.0062993 seconds
[2021-12-31T02:32:06.964+0000][1][safepoint    ] Entering safepoint region: Cleanup
[2021-12-31T02:32:06.964+0000][1][safepoint    ] Leaving safepoint region
[2021-12-31T02:32:06.964+0000][1][safepoint    ] Total time for which application threads were stopped: 0.0002297 seconds, Stopping threads took: 0.0001075 seconds
[2021-12-31T02:32:07.966+0000][1][safepoint    ] Application time: 1.0021509 seconds
[2021-12-31T02:32:07.966+0000][1][safepoint    ] Entering safepoint region: Cleanup
[2021-12-31T02:32:07.967+0000][1][safepoint    ] Leaving safepoint region
[2021-12-31T02:32:07.967+0000][1][safepoint    ] Total time for which application threads were stopped: 0.0005970 seconds, Stopping threads took: 0.0002052 seconds
[2021-12-31T02:32:08.968+0000][1][safepoint    ] Application time: 1.0010291 seconds
[2021-12-31T02:32:08.969+0000][1][safepoint    ] Entering safepoint region: Cleanup
[2021-12-31T02:32:08.969+0000][1][safepoint    ] Leaving safepoint region
[2021-12-31T02:32:08.969+0000][1][safepoint    ] Total time for which application threads were stopped: 0.0005431 seconds, Stopping threads took: 0.0002704 seconds
[2021-12-31T02:32:09.970+0000][1][safepoint    ] Application time: 1.0002403 seconds
[2021-12-31T02:32:09.970+0000][1][safepoint    ] Entering safepoint region: Cleanup
[2021-12-31T02:32:09.970+0000][1][safepoint    ] Leaving safepoint region
[2021-12-31T02:32:09.970+0000][1][safepoint    ] Total time for which application threads were stopped: 0.0004825 seconds, Stopping threads took: 0.0002307 seconds
[2021-12-31T02:32:10.973+0000][1][safepoint    ] Application time: 1.0022600 seconds
[2021-12-31T02:32:10.973+0000][1][safepoint    ] Entering safepoint region: Cleanup
[2021-12-31T02:32:10.973+0000][1][safepoint    ] Leaving safepoint region
[2021-12-31T02:32:10.974+0000][1][safepoint    ] Total time for which application threads were stopped: 0.0003777 seconds, Stopping threads took: 0.0001768 seconds
[2021-12-31T02:32:11.975+0000][1][safepoint    ] Application time: 1.0008508 seconds
[2021-12-31T02:32:11.975+0000][1][safepoint    ] Entering safepoint region: Cleanup
[2021-12-31T02:32:11.975+0000][1][safepoint    ] Leaving safepoint region
[2021-12-31T02:32:11.975+0000][1][safepoint    ] Total time for which application threads were stopped: 0.0003389 seconds, Stopping threads took: 0.0001127 seconds
[2021-12-31T02:32:12.976+0000][1][safepoint    ] Application time: 1.0007073 seconds
[2021-12-31T02:32:12.977+0000][1][safepoint    ] Entering safepoint region: Cleanup
[2021-12-31T02:32:12.977+0000][1][safepoint    ] Leaving safepoint region
[2021-12-31T02:32:12.977+0000][1][safepoint    ] Total time for which application threads were stopped: 0.0006566 seconds, Stopping threads took: 0.0002165 seconds
[2021-12-31T02:32:13.978+0000][1][safepoint    ] Application time: 1.0002407 seconds
[2021-12-31T02:32:13.978+0000][1][safepoint    ] Entering safepoint region: Cleanup
[2021-12-31T02:32:13.978+0000][1][safepoint    ] Leaving safepoint region
[2021-12-31T02:32:13.979+0000][1][safepoint    ] Total time for which application threads were stopped: 0.0006572 seconds, Stopping threads took: 0.0002949 seconds
[2021-12-31T02:32:14.980+0000][1][safepoint    ] Application time: 1.0015855 seconds
[2021-12-31T02:32:14.981+0000][1][safepoint    ] Entering safepoint region: Cleanup
[2021-12-31T02:32:14.981+0000][1][safepoint    ] Leaving safepoint region
[2021-12-31T02:32:14.982+0000][1][safepoint    ] Total time for which application threads were stopped: 0.0008025 seconds, Stopping threads took: 0.0004594 seconds
[2021-12-31T02:32:15.982+0000][1][safepoint    ] Application time: 1.0002029 seconds
[2021-12-31T02:32:15.983+0000][1][safepoint    ] Entering safepoint region: Cleanup
[2021-12-31T02:32:15.983+0000][1][safepoint    ] Leaving safepoint region
[2021-12-31T02:32:15.983+0000][1][safepoint    ] Total time for which application threads were stopped: 0.0005019 seconds, Stopping threads took: 0.0002487 seconds
[2021-12-31T02:32:16.654+0000][1][safepoint    ] Application time: 0.6711904 seconds
[2021-12-31T02:32:16.655+0000][1][safepoint    ] Entering safepoint region: RevokeBias
[2021-12-31T02:32:16.655+0000][1][safepoint    ] Leaving safepoint region
[2021-12-31T02:32:16.656+0000][1][safepoint    ] Total time for which application threads were stopped: 0.0008722 seconds, Stopping threads took: 0.0005266 seconds
[2021-12-31T02:32:16.661+0000][1][safepoint    ] Application time: 0.0047692 seconds
[2021-12-31T02:32:16.661+0000][1][safepoint    ] Entering safepoint region: RevokeBias
[2021-12-31T02:32:16.661+0000][1][safepoint    ] Leaving safepoint region
[2021-12-31T02:32:16.661+0000][1][safepoint    ] Total time for which application threads were stopped: 0.0002021 seconds, Stopping threads took: 0.0000921 seconds
[2021-12-31T02:32:17.662+0000][1][safepoint    ] Application time: 1.0002708 seconds
[2021-12-31T02:32:17.662+0000][1][safepoint    ] Entering safepoint region: Cleanup
[2021-12-31T02:32:17.662+0000][1][safepoint    ] Leaving safepoint region
[2021-12-31T02:32:17.663+0000][1][safepoint    ] Total time for which application threads were stopped: 0.0005149 seconds, Stopping threads took: 0.0002254 seconds
[2021-12-31T02:32:18.664+0000][1][safepoint    ] Application time: 1.0013795 seconds
[2021-12-31T02:32:18.665+0000][1][safepoint    ] Entering safepoint region: Cleanup
[2021-12-31T02:32:18.665+0000][1][safepoint    ] Leaving safepoint region
[2021-12-31T02:32:18.665+0000][1][safepoint    ] Total time for which application threads were stopped: 0.0008138 seconds, Stopping threads took: 0.0004446 seconds
[2021-12-31T02:32:19.666+0000][1][safepoint    ] Application time: 1.0004711 seconds
[2021-12-31T02:32:19.667+0000][1][safepoint    ] Entering safepoint region: Cleanup
[2021-12-31T02:32:19.667+0000][1][safepoint    ] Leaving safepoint region
[2021-12-31T02:32:19.667+0000][1][safepoint    ] Total time for which application threads were stopped: 0.0005026 seconds, Stopping threads took: 0.0002221 seconds
[2021-12-31T02:32:19.774+0000][1][safepoint    ] Application time: 0.1067272 seconds
[2021-12-31T02:32:19.774+0000][1][safepoint    ] Entering safepoint region: RevokeBias
[2021-12-31T02:32:19.774+0000][1][safepoint    ] Leaving safepoint region
[2021-12-31T02:32:19.775+0000][1][safepoint    ] Total time for which application threads were stopped: 0.0004210 seconds, Stopping threads took: 0.0001288 seconds
[2021-12-31T02:32:20.776+0000][1][safepoint    ] Application time: 1.0018572 seconds
[2021-12-31T02:32:20.777+0000][1][safepoint    ] Entering safepoint region: Cleanup
[2021-12-31T02:32:20.777+0000][1][safepoint    ] Leaving safepoint region
[2021-12-31T02:32:20.777+0000][1][safepoint    ] Total time for which application threads were stopped: 0.0003886 seconds, Stopping threads took: 0.0001828 seconds
[2021-12-31T02:32:21.779+0000][1][safepoint    ] Application time: 1.0015149 seconds
[2021-12-31T02:32:21.779+0000][1][safepoint    ] Entering safepoint region: Cleanup
[2021-12-31T02:32:21.779+0000][1][safepoint    ] Leaving safepoint region
[2021-12-31T02:32:21.779+0000][1][safepoint    ] Total time for which application threads were stopped: 0.0001911 seconds, Stopping threads took: 0.0000908 seconds
[2021-12-31T02:32:22.783+0000][1][safepoint    ] Application time: 1.0039538 seconds
[2021-12-31T02:32:22.784+0000][1][safepoint    ] Entering safepoint region: Cleanup
[2021-12-31T02:32:22.784+0000][1][safepoint    ] Leaving safepoint region
[2021-12-31T02:32:22.784+0000][1][safepoint    ] Total time for which application threads were stopped: 0.0002814 seconds, Stopping threads took: 0.0001498 seconds
[2021-12-31T02:32:23.785+0000][1][safepoint    ] Application time: 1.0009625 seconds
[2021-12-31T02:32:23.785+0000][1][safepoint    ] Entering safepoint region: Cleanup
[2021-12-31T02:32:23.785+0000][1][safepoint    ] Leaving safepoint region
[2021-12-31T02:32:23.785+0000][1][safepoint    ] Total time for which application threads were stopped: 0.0002307 seconds, Stopping threads took: 0.0001092 seconds
[2021-12-31T02:32:24.789+0000][1][safepoint    ] Application time: 1.0032817 seconds
[2021-12-31T02:32:24.789+0000][1][safepoint    ] Entering safepoint region: Cleanup
[2021-12-31T02:32:24.789+0000][1][safepoint    ] Leaving safepoint region
[2021-12-31T02:32:24.790+0000][1][safepoint    ] Total time for which application threads were stopped: 0.0006371 seconds, Stopping threads took: 0.0002115 seconds
[2021-12-31T02:32:25.792+0000][1][safepoint    ] Application time: 1.0024404 seconds
[2021-12-31T02:32:25.793+0000][1][safepoint    ] Entering safepoint region: Cleanup
[2021-12-31T02:32:25.793+0000][1][safepoint    ] Leaving safepoint region
[2021-12-31T02:32:25.793+0000][1][safepoint    ] Total time for which application threads were stopped: 0.0003991 seconds, Stopping threads took: 0.0002037 seconds
[2021-12-31T02:32:26.800+0000][1][safepoint    ] Application time: 1.0062773 seconds
[2021-12-31T02:32:26.800+0000][1][safepoint    ] Entering safepoint region: Cleanup
[2021-12-31T02:32:26.800+0000][1][safepoint    ] Leaving safepoint region
[2021-12-31T02:32:26.801+0000][1][safepoint    ] Total time for which application threads were stopped: 0.0007027 seconds, Stopping threads took: 0.0003230 seconds
[2021-12-31T02:32:27.803+0000][1][safepoint    ] Application time: 1.0020222 seconds
[2021-12-31T02:32:27.803+0000][1][safepoint    ] Entering safepoint region: Cleanup
[2021-12-31T02:32:27.804+0000][1][safepoint    ] Leaving safepoint region
[2021-12-31T02:32:27.804+0000][1][safepoint    ] Total time for which application threads were stopped: 0.0007248 seconds, Stopping threads took: 0.0003637 seconds
[2021-12-31T02:32:28.808+0000][1][safepoint    ] Application time: 1.0039241 seconds
[2021-12-31T02:32:28.809+0000][1][safepoint    ] Entering safepoint region: Cleanup
[2021-12-31T02:32:28.809+0000][1][safepoint    ] Leaving safepoint region
[2021-12-31T02:32:28.809+0000][1][safepoint    ] Total time for which application threads were stopped: 0.0005553 seconds, Stopping threads took: 0.0002424 seconds
[2021-12-31T02:32:29.813+0000][1][safepoint    ] Application time: 1.0035683 seconds
[2021-12-31T02:32:29.813+0000][1][safepoint    ] Entering safepoint region: Cleanup
[2021-12-31T02:32:29.814+0000][1][safepoint    ] Leaving safepoint region
[2021-12-31T02:32:29.814+0000][1][safepoint    ] Total time for which application threads were stopped: 0.0005458 seconds, Stopping threads took: 0.0002874 seconds
[2021-12-31T02:32:30.815+0000][1][safepoint    ] Application time: 1.0005176 seconds
[2021-12-31T02:32:30.815+0000][1][safepoint    ] Entering safepoint region: Cleanup
[2021-12-31T02:32:30.815+0000][1][safepoint    ] Leaving safepoint region
[2021-12-31T02:32:30.815+0000][1][safepoint    ] Total time for which application threads were stopped: 0.0002829 seconds, Stopping threads took: 0.0001409 seconds
[2021-12-31T02:32:31.816+0000][1][safepoint    ] Application time: 1.0009541 seconds
[2021-12-31T02:32:31.816+0000][1][safepoint    ] Entering safepoint region: Cleanup
[2021-12-31T02:32:31.817+0000][1][safepoint    ] Leaving safepoint region
[2021-12-31T02:32:31.817+0000][1][safepoint    ] Total time for which application threads were stopped: 0.0002161 seconds, Stopping threads took: 0.0001011 seconds
[2021-12-31T02:32:32.817+0000][1][safepoint    ] Application time: 1.0004340 seconds
[2021-12-31T02:32:32.817+0000][1][safepoint    ] Entering safepoint region: Cleanup
[2021-12-31T02:32:32.818+0000][1][safepoint    ] Leaving safepoint region
[2021-12-31T02:32:32.818+0000][1][safepoint    ] Total time for which application threads were stopped: 0.0005047 seconds, Stopping threads took: 0.0002029 seconds
[2021-12-31T02:32:33.819+0000][1][safepoint    ] Application time: 1.0003764 seconds
[2021-12-31T02:32:33.819+0000][1][safepoint    ] Entering safepoint region: Cleanup
[2021-12-31T02:32:33.819+0000][1][safepoint    ] Leaving safepoint region
[2021-12-31T02:32:33.819+0000][1][safepoint    ] Total time for which application threads were stopped: 0.0002042 seconds, Stopping threads took: 0.0000940 seconds
[2021-12-31T02:32:34.819+0000][1][safepoint    ] Application time: 1.0002549 seconds
[2021-12-31T02:32:34.820+0000][1][safepoint    ] Entering safepoint region: Cleanup
[2021-12-31T02:32:34.820+0000][1][safepoint    ] Leaving safepoint region
[2021-12-31T02:32:34.820+0000][1][safepoint    ] Total time for which application threads were stopped: 0.0003182 seconds, Stopping threads took: 0.0001432 seconds
[2021-12-31T02:32:35.824+0000][1][safepoint    ] Application time: 1.0034565 seconds
[2021-12-31T02:32:35.825+0000][1][safepoint    ] Entering safepoint region: Cleanup
[2021-12-31T02:32:35.825+0000][1][safepoint    ] Leaving safepoint region
[2021-12-31T02:32:35.825+0000][1][safepoint    ] Total time for which application threads were stopped: 0.0002364 seconds, Stopping threads took: 0.0001124 seconds
[2021-12-31T02:32:36.827+0000][1][safepoint    ] Application time: 1.0025720 seconds
[2021-12-31T02:32:36.828+0000][1][safepoint    ] Entering safepoint region: Cleanup
[2021-12-31T02:32:36.828+0000][1][safepoint    ] Leaving safepoint region
[2021-12-31T02:32:36.828+0000][1][safepoint    ] Total time for which application threads were stopped: 0.0002234 seconds, Stopping threads took: 0.0001014 seconds
[2021-12-31T02:32:37.831+0000][1][safepoint    ] Application time: 1.0028207 seconds
[2021-12-31T02:32:37.831+0000][1][safepoint    ] Entering safepoint region: Cleanup
[2021-12-31T02:32:37.831+0000][1][safepoint    ] Leaving safepoint region
[2021-12-31T02:32:37.831+0000][1][safepoint    ] Total time for which application threads were stopped: 0.0002160 seconds, Stopping threads took: 0.0000993 seconds
[2021-12-31T02:32:38.833+0000][1][safepoint    ] Application time: 1.0014939 seconds
[2021-12-31T02:32:38.833+0000][1][safepoint    ] Entering safepoint region: Cleanup
[2021-12-31T02:32:38.833+0000][1][safepoint    ] Leaving safepoint region
[2021-12-31T02:32:38.833+0000][1][safepoint    ] Total time for which application threads were stopped: 0.0002632 seconds, Stopping threads took: 0.0001241 seconds
[2021-12-31T02:32:39.833+0000][1][safepoint    ] Application time: 1.0001661 seconds
[2021-12-31T02:32:39.834+0000][1][safepoint    ] Entering safepoint region: Cleanup
[2021-12-31T02:32:39.834+0000][1][safepoint    ] Leaving safepoint region
[2021-12-31T02:32:39.834+0000][1][safepoint    ] Total time for which application threads were stopped: 0.0002200 seconds, Stopping threads took: 0.0001034 seconds
[2021-12-31T02:32:40.836+0000][1][safepoint    ] Application time: 1.0015980 seconds
[2021-12-31T02:32:40.836+0000][1][safepoint    ] Entering safepoint region: Cleanup
[2021-12-31T02:32:40.836+0000][1][safepoint    ] Leaving safepoint region
[2021-12-31T02:32:40.836+0000][1][safepoint    ] Total time for which application threads were stopped: 0.0002798 seconds, Stopping threads took: 0.0001306 seconds
[2021-12-31T02:32:42.064+0000][1][safepoint    ] Application time: 1.2275842 seconds
[2021-12-31T02:32:42.064+0000][1][safepoint    ] Entering safepoint region: Cleanup
[2021-12-31T02:32:42.064+0000][1][safepoint    ] Leaving safepoint region
[2021-12-31T02:32:42.065+0000][1][safepoint    ] Total time for which application threads were stopped: 0.0004871 seconds, Stopping threads took: 0.0002180 seconds
[2021-12-31T02:32:43.066+0000][1][safepoint    ] Application time: 1.0008509 seconds
[2021-12-31T02:32:43.066+0000][1][safepoint    ] Entering safepoint region: Cleanup
[2021-12-31T02:32:43.066+0000][1][safepoint    ] Leaving safepoint region
[2021-12-31T02:32:43.066+0000][1][safepoint    ] Total time for which application threads were stopped: 0.0002474 seconds, Stopping threads took: 0.0001067 seconds
[2021-12-31T02:32:44.070+0000][1][safepoint    ] Application time: 1.0037481 seconds
[2021-12-31T02:32:44.071+0000][1][safepoint    ] Entering safepoint region: Cleanup
[2021-12-31T02:32:44.071+0000][1][safepoint    ] Leaving safepoint region
[2021-12-31T02:32:44.071+0000][1][safepoint    ] Total time for which application threads were stopped: 0.0002101 seconds, Stopping threads took: 0.0000955 seconds
[2021-12-31T02:32:45.071+0000][1][safepoint    ] Application time: 1.0003940 seconds
[2021-12-31T02:32:45.071+0000][1][safepoint    ] Entering safepoint region: Cleanup
[2021-12-31T02:32:45.072+0000][1][safepoint    ] Leaving safepoint region
[2021-12-31T02:32:45.072+0000][1][safepoint    ] Total time for which application threads were stopped: 0.0002113 seconds, Stopping threads took: 0.0000949 seconds
[2021-12-31T02:32:46.075+0000][1][safepoint    ] Application time: 1.0034793 seconds
[2021-12-31T02:32:46.076+0000][1][safepoint    ] Entering safepoint region: Cleanup
[2021-12-31T02:32:46.076+0000][1][safepoint    ] Leaving safepoint region
[2021-12-31T02:32:46.076+0000][1][safepoint    ] Total time for which application threads were stopped: 0.0005790 seconds, Stopping threads took: 0.0002709 seconds
[2021-12-31T02:32:47.080+0000][1][safepoint    ] Application time: 1.0032743 seconds
[2021-12-31T02:32:47.081+0000][1][safepoint    ] Entering safepoint region: Cleanup
[2021-12-31T02:32:47.081+0000][1][safepoint    ] Leaving safepoint region
[2021-12-31T02:32:47.081+0000][1][safepoint    ] Total time for which application threads were stopped: 0.0006335 seconds, Stopping threads took: 0.0003158 seconds
[2021-12-31T02:32:48.084+0000][1][safepoint    ] Application time: 1.0023396 seconds
[2021-12-31T02:32:48.084+0000][1][safepoint    ] Entering safepoint region: Cleanup
[2021-12-31T02:32:48.084+0000][1][safepoint    ] Leaving safepoint region
[2021-12-31T02:32:48.085+0000][1][safepoint    ] Total time for which application threads were stopped: 0.0004195 seconds, Stopping threads took: 0.0001957 seconds
[2021-12-31T02:32:49.087+0000][1][safepoint    ] Application time: 1.0019563 seconds
[2021-12-31T02:32:49.087+0000][1][safepoint    ] Entering safepoint region: Cleanup
[2021-12-31T02:32:49.087+0000][1][safepoint    ] Leaving safepoint region
[2021-12-31T02:32:49.087+0000][1][safepoint    ] Total time for which application threads were stopped: 0.0002835 seconds, Stopping threads took: 0.0001250 seconds
[2021-12-31T02:32:50.089+0000][1][safepoint    ] Application time: 1.0014507 seconds
[2021-12-31T02:32:50.089+0000][1][safepoint    ] Entering safepoint region: Cleanup
[2021-12-31T02:32:50.089+0000][1][safepoint    ] Leaving safepoint region
[2021-12-31T02:32:50.089+0000][1][safepoint    ] Total time for which application threads were stopped: 0.0003026 seconds, Stopping threads took: 0.0001360 seconds
[2021-12-31T02:32:51.100+0000][1][safepoint    ] Application time: 1.0101678 seconds
[2021-12-31T02:32:51.103+0000][1][safepoint    ] Entering safepoint region: Cleanup
[2021-12-31T02:32:51.104+0000][1][safepoint    ] Leaving safepoint region
[2021-12-31T02:32:51.105+0000][1][safepoint    ] Total time for which application threads were stopped: 0.0011931 seconds, Stopping threads took: 0.0009789 seconds
[2021-12-31T02:32:52.108+0000][1][safepoint    ] Application time: 1.0029740 seconds
[2021-12-31T02:32:52.108+0000][1][safepoint    ] Entering safepoint region: Cleanup
[2021-12-31T02:32:52.108+0000][1][safepoint    ] Leaving safepoint region
[2021-12-31T02:32:52.108+0000][1][safepoint    ] Total time for which application threads were stopped: 0.0002321 seconds, Stopping threads took: 0.0001082 seconds
[2021-12-31T02:32:53.110+0000][1][safepoint    ] Application time: 1.0020451 seconds
[2021-12-31T02:32:53.111+0000][1][safepoint    ] Entering safepoint region: Cleanup
[2021-12-31T02:32:53.111+0000][1][safepoint    ] Leaving safepoint region
[2021-12-31T02:32:53.111+0000][1][safepoint    ] Total time for which application threads were stopped: 0.0007057 seconds, Stopping threads took: 0.0003916 seconds
[2021-12-31T02:32:54.114+0000][1][safepoint    ] Application time: 1.0019968 seconds
[2021-12-31T02:32:54.114+0000][1][safepoint    ] Entering safepoint region: Cleanup
[2021-12-31T02:32:54.115+0000][1][safepoint    ] Leaving safepoint region
[2021-12-31T02:32:54.115+0000][1][safepoint    ] Total time for which application threads were stopped: 0.0007552 seconds, Stopping threads took: 0.0004651 seconds
[2021-12-31T02:32:55.116+0000][1][safepoint    ] Application time: 1.0010198 seconds
[2021-12-31T02:32:55.116+0000][1][safepoint    ] Entering safepoint region: Cleanup
[2021-12-31T02:32:55.116+0000][1][safepoint    ] Leaving safepoint region
[2021-12-31T02:32:55.116+0000][1][safepoint    ] Total time for which application threads were stopped: 0.0002187 seconds, Stopping threads took: 0.0001021 seconds
[2021-12-31T02:32:56.120+0000][1][safepoint    ] Application time: 1.0032970 seconds
[2021-12-31T02:32:56.120+0000][1][safepoint    ] Entering safepoint region: Cleanup
[2021-12-31T02:32:56.120+0000][1][safepoint    ] Leaving safepoint region
[2021-12-31T02:32:56.120+0000][1][safepoint    ] Total time for which application threads were stopped: 0.0002292 seconds, Stopping threads took: 0.0001027 seconds
[2021-12-31T02:32:57.121+0000][1][safepoint    ] Application time: 1.0008179 seconds
[2021-12-31T02:32:57.121+0000][1][safepoint    ] Entering safepoint region: Cleanup
[2021-12-31T02:32:57.122+0000][1][safepoint    ] Leaving safepoint region
[2021-12-31T02:32:57.122+0000][1][safepoint    ] Total time for which application threads were stopped: 0.0002351 seconds, Stopping threads took: 0.0001046 seconds
[2021-12-31T02:32:58.122+0000][1][safepoint    ] Application time: 1.0003416 seconds
[2021-12-31T02:32:58.122+0000][1][safepoint    ] Entering safepoint region: Cleanup
[2021-12-31T02:32:58.123+0000][1][safepoint    ] Leaving safepoint region
[2021-12-31T02:32:58.123+0000][1][safepoint    ] Total time for which application threads were stopped: 0.0003390 seconds, Stopping threads took: 0.0001038 seconds
[2021-12-31T02:32:59.123+0000][1][safepoint    ] Application time: 1.0003686 seconds
[2021-12-31T02:32:59.124+0000][1][safepoint    ] Entering safepoint region: Cleanup
[2021-12-31T02:32:59.124+0000][1][safepoint    ] Leaving safepoint region
[2021-12-31T02:32:59.124+0000][1][safepoint    ] Total time for which application threads were stopped: 0.0002519 seconds, Stopping threads took: 0.0001018 seconds
[2021-12-31T02:33:00.126+0000][1][safepoint    ] Application time: 1.0023177 seconds
[2021-12-31T02:33:00.127+0000][1][safepoint    ] Entering safepoint region: Cleanup
[2021-12-31T02:33:00.127+0000][1][safepoint    ] Leaving safepoint region
[2021-12-31T02:33:00.127+0000][1][safepoint    ] Total time for which application threads were stopped: 0.0003864 seconds, Stopping threads took: 0.0001901 seconds
[2021-12-31T02:33:01.128+0000][1][safepoint    ] Application time: 1.0007318 seconds
[2021-12-31T02:33:01.128+0000][1][safepoint    ] Entering safepoint region: Cleanup
[2021-12-31T02:33:01.128+0000][1][safepoint    ] Leaving safepoint region
[2021-12-31T02:33:01.129+0000][1][safepoint    ] Total time for which application threads were stopped: 0.0002784 seconds, Stopping threads took: 0.0001471 seconds
[2021-12-31T02:33:02.130+0000][1][safepoint    ] Application time: 1.0014141 seconds
[2021-12-31T02:33:02.143+0000][1][safepoint    ] Entering safepoint region: Cleanup
[2021-12-31T02:33:02.145+0000][1][safepoint    ] Leaving safepoint region
[2021-12-31T02:33:02.145+0000][1][safepoint    ] Total time for which application threads were stopped: 0.0025202 seconds, Stopping threads took: 0.0023636 seconds
[2021-12-31T02:33:03.147+0000][1][safepoint    ] Application time: 1.0018749 seconds
[2021-12-31T02:33:03.148+0000][1][safepoint    ] Entering safepoint region: Cleanup
[2021-12-31T02:33:03.148+0000][1][safepoint    ] Leaving safepoint region
[2021-12-31T02:33:03.148+0000][1][safepoint    ] Total time for which application threads were stopped: 0.0002288 seconds, Stopping threads took: 0.0001022 seconds
[2021-12-31T02:33:04.149+0000][1][safepoint    ] Application time: 1.0008401 seconds
[2021-12-31T02:33:04.149+0000][1][safepoint    ] Entering safepoint region: Cleanup
[2021-12-31T02:33:04.149+0000][1][safepoint    ] Leaving safepoint region
[2021-12-31T02:33:04.149+0000][1][safepoint    ] Total time for which application threads were stopped: 0.0003019 seconds, Stopping threads took: 0.0001588 seconds
[2021-12-31T02:33:05.151+0000][1][safepoint    ] Application time: 1.0018052 seconds
[2021-12-31T02:33:05.152+0000][1][safepoint    ] Entering safepoint region: Cleanup
[2021-12-31T02:33:05.152+0000][1][safepoint    ] Leaving safepoint region
[2021-12-31T02:33:05.152+0000][1][safepoint    ] Total time for which application threads were stopped: 0.0004640 seconds, Stopping threads took: 0.0002200 seconds
[2021-12-31T02:33:06.154+0000][1][safepoint    ] Application time: 1.0014269 seconds
[2021-12-31T02:33:06.154+0000][1][safepoint    ] Entering safepoint region: Cleanup
[2021-12-31T02:33:06.154+0000][1][safepoint    ] Leaving safepoint region
[2021-12-31T02:33:06.154+0000][1][safepoint    ] Total time for which application threads were stopped: 0.0001934 seconds, Stopping threads took: 0.0000861 seconds
[2021-12-31T02:33:07.156+0000][1][safepoint    ] Application time: 1.0017882 seconds
[2021-12-31T02:33:07.156+0000][1][safepoint    ] Entering safepoint region: Cleanup
[2021-12-31T02:33:07.156+0000][1][safepoint    ] Leaving safepoint region
[2021-12-31T02:33:07.156+0000][1][safepoint    ] Total time for which application threads were stopped: 0.0002660 seconds, Stopping threads took: 0.0001238 seconds
[2021-12-31T02:33:08.160+0000][1][safepoint    ] Application time: 1.0038984 seconds
[2021-12-31T02:33:08.161+0000][1][safepoint    ] Entering safepoint region: Cleanup
[2021-12-31T02:33:08.161+0000][1][safepoint    ] Leaving safepoint region
[2021-12-31T02:33:08.161+0000][1][safepoint    ] Total time for which application threads were stopped: 0.0003135 seconds, Stopping threads took: 0.0001412 seconds
[2021-12-31T02:33:09.163+0000][1][safepoint    ] Application time: 1.0018363 seconds
[2021-12-31T02:33:09.163+0000][1][safepoint    ] Entering safepoint region: Cleanup
[2021-12-31T02:33:09.163+0000][1][safepoint    ] Leaving safepoint region
[2021-12-31T02:33:09.164+0000][1][safepoint    ] Total time for which application threads were stopped: 0.0004900 seconds, Stopping threads took: 0.0000945 seconds
[2021-12-31T02:33:10.166+0000][1][safepoint    ] Application time: 1.0024435 seconds
[2021-12-31T02:33:10.166+0000][1][safepoint    ] Entering safepoint region: Cleanup
[2021-12-31T02:33:10.167+0000][1][safepoint    ] Leaving safepoint region
[2021-12-31T02:33:10.167+0000][1][safepoint    ] Total time for which application threads were stopped: 0.0002146 seconds, Stopping threads took: 0.0000963 seconds
[2021-12-31T02:33:11.170+0000][1][safepoint    ] Application time: 1.0035290 seconds
[2021-12-31T02:33:11.170+0000][1][safepoint    ] Entering safepoint region: Cleanup
[2021-12-31T02:33:11.171+0000][1][safepoint    ] Leaving safepoint region
[2021-12-31T02:33:11.171+0000][1][safepoint    ] Total time for which application threads were stopped: 0.0002373 seconds, Stopping threads took: 0.0001060 seconds
[2021-12-31T02:33:12.174+0000][1][safepoint    ] Application time: 1.0033915 seconds
[2021-12-31T02:33:12.174+0000][1][safepoint    ] Entering safepoint region: Cleanup
[2021-12-31T02:33:12.175+0000][1][safepoint    ] Leaving safepoint region
[2021-12-31T02:33:12.175+0000][1][safepoint    ] Total time for which application threads were stopped: 0.0002563 seconds, Stopping threads took: 0.0001011 seconds
[2021-12-31T02:33:13.176+0000][1][safepoint    ] Application time: 1.0008833 seconds
[2021-12-31T02:33:13.176+0000][1][safepoint    ] Entering safepoint region: Cleanup
[2021-12-31T02:33:13.176+0000][1][safepoint    ] Leaving safepoint region
[2021-12-31T02:33:13.176+0000][1][safepoint    ] Total time for which application threads were stopped: 0.0001929 seconds, Stopping threads took: 0.0000899 seconds
[2021-12-31T02:33:14.178+0000][1][safepoint    ] Application time: 1.0016308 seconds
[2021-12-31T02:33:14.178+0000][1][safepoint    ] Entering safepoint region: Cleanup
[2021-12-31T02:33:14.178+0000][1][safepoint    ] Leaving safepoint region
[2021-12-31T02:33:14.178+0000][1][safepoint    ] Total time for which application threads were stopped: 0.0003062 seconds, Stopping threads took: 0.0001620 seconds
[2021-12-31T02:33:15.179+0000][1][safepoint    ] Application time: 1.0004511 seconds
[2021-12-31T02:33:15.179+0000][1][safepoint    ] Entering safepoint region: Cleanup
[2021-12-31T02:33:15.179+0000][1][safepoint    ] Leaving safepoint region
[2021-12-31T02:33:15.179+0000][1][safepoint    ] Total time for which application threads were stopped: 0.0002373 seconds, Stopping threads took: 0.0001104 seconds
[2021-12-31T02:33:16.180+0000][1][safepoint    ] Application time: 1.0008120 seconds
[2021-12-31T02:33:16.180+0000][1][safepoint    ] Entering safepoint region: Cleanup
[2021-12-31T02:33:16.180+0000][1][safepoint    ] Leaving safepoint region
[2021-12-31T02:33:16.181+0000][1][safepoint    ] Total time for which application threads were stopped: 0.0002292 seconds, Stopping threads took: 0.0001027 seconds
[2021-12-31T02:33:16.675+0000][1][safepoint    ] Application time: 0.4939916 seconds
[2021-12-31T02:33:16.676+0000][1][safepoint    ] Entering safepoint region: RevokeBias
[2021-12-31T02:33:16.680+0000][1][safepoint    ] Leaving safepoint region
[2021-12-31T02:33:16.680+0000][1][safepoint    ] Total time for which application threads were stopped: 0.0035050 seconds, Stopping threads took: 0.0003950 seconds
[2021-12-31T02:33:17.684+0000][1][safepoint    ] Application time: 1.0043393 seconds
[2021-12-31T02:33:17.684+0000][1][safepoint    ] Entering safepoint region: Cleanup
[2021-12-31T02:33:17.685+0000][1][safepoint    ] Leaving safepoint region
[2021-12-31T02:33:17.685+0000][1][safepoint    ] Total time for which application threads were stopped: 0.0002405 seconds, Stopping threads took: 0.0001128 seconds
[2021-12-31T02:33:18.687+0000][1][safepoint    ] Application time: 1.0019025 seconds
[2021-12-31T02:33:18.687+0000][1][safepoint    ] Entering safepoint region: Cleanup
[2021-12-31T02:33:18.687+0000][1][safepoint    ] Leaving safepoint region
[2021-12-31T02:33:18.687+0000][1][safepoint    ] Total time for which application threads were stopped: 0.0002472 seconds, Stopping threads took: 0.0001221 seconds
[2021-12-31T02:33:19.689+0000][1][safepoint    ] Application time: 1.0013706 seconds
[2021-12-31T02:33:19.689+0000][1][safepoint    ] Entering safepoint region: Cleanup
[2021-12-31T02:33:19.689+0000][1][safepoint    ] Leaving safepoint region
[2021-12-31T02:33:19.689+0000][1][safepoint    ] Total time for which application threads were stopped: 0.0002142 seconds, Stopping threads took: 0.0000966 seconds
[2021-12-31T02:33:20.689+0000][1][safepoint    ] Application time: 1.0003367 seconds
[2021-12-31T02:33:20.690+0000][1][safepoint    ] Entering safepoint region: Cleanup
[2021-12-31T02:33:20.690+0000][1][safepoint    ] Leaving safepoint region
[2021-12-31T02:33:20.690+0000][1][safepoint    ] Total time for which application threads were stopped: 0.0002192 seconds, Stopping threads took: 0.0001001 seconds
[2021-12-31T02:33:21.691+0000][1][safepoint    ] Application time: 1.0014512 seconds
[2021-12-31T02:33:21.692+0000][1][safepoint    ] Entering safepoint region: Cleanup
[2021-12-31T02:33:21.692+0000][1][safepoint    ] Leaving safepoint region
[2021-12-31T02:33:21.692+0000][1][safepoint    ] Total time for which application threads were stopped: 0.0002192 seconds, Stopping threads took: 0.0000980 seconds
[2021-12-31T02:33:22.694+0000][1][safepoint    ] Application time: 1.0017914 seconds
[2021-12-31T02:33:22.694+0000][1][safepoint    ] Entering safepoint region: Cleanup
[2021-12-31T02:33:22.694+0000][1][safepoint    ] Leaving safepoint region
[2021-12-31T02:33:22.694+0000][1][safepoint    ] Total time for which application threads were stopped: 0.0002190 seconds, Stopping threads took: 0.0000991 seconds
[2021-12-31T02:33:23.694+0000][1][safepoint    ] Application time: 1.0002284 seconds
[2021-12-31T02:33:23.695+0000][1][safepoint    ] Entering safepoint region: Cleanup
[2021-12-31T02:33:23.695+0000][1][safepoint    ] Leaving safepoint region
[2021-12-31T02:33:23.695+0000][1][safepoint    ] Total time for which application threads were stopped: 0.0006341 seconds, Stopping threads took: 0.0002278 seconds
[2021-12-31T02:33:24.697+0000][1][safepoint    ] Application time: 1.0018823 seconds
[2021-12-31T02:33:24.697+0000][1][safepoint    ] Entering safepoint region: Cleanup
[2021-12-31T02:33:24.698+0000][1][safepoint    ] Leaving safepoint region
[2021-12-31T02:33:24.698+0000][1][safepoint    ] Total time for which application threads were stopped: 0.0002709 seconds, Stopping threads took: 0.0000957 seconds
[2021-12-31T02:33:25.699+0000][1][safepoint    ] Application time: 1.0015461 seconds
[2021-12-31T02:33:25.700+0000][1][safepoint    ] Entering safepoint region: Cleanup
[2021-12-31T02:33:25.700+0000][1][safepoint    ] Leaving safepoint region
[2021-12-31T02:33:25.700+0000][1][safepoint    ] Total time for which application threads were stopped: 0.0002349 seconds, Stopping threads took: 0.0001046 seconds
[2021-12-31T02:33:26.701+0000][1][safepoint    ] Application time: 1.0011972 seconds
[2021-12-31T02:33:26.701+0000][1][safepoint    ] Entering safepoint region: Cleanup
[2021-12-31T02:33:26.701+0000][1][safepoint    ] Leaving safepoint region
[2021-12-31T02:33:26.702+0000][1][safepoint    ] Total time for which application threads were stopped: 0.0002445 seconds, Stopping threads took: 0.0001166 seconds
[2021-12-31T02:33:27.702+0000][1][safepoint    ] Application time: 1.0008114 seconds
[2021-12-31T02:33:27.703+0000][1][safepoint    ] Entering safepoint region: Cleanup
[2021-12-31T02:33:27.703+0000][1][safepoint    ] Leaving safepoint region
[2021-12-31T02:33:27.703+0000][1][safepoint    ] Total time for which application threads were stopped: 0.0002762 seconds, Stopping threads took: 0.0001259 seconds
[2021-12-31T02:33:28.703+0000][1][safepoint    ] Application time: 1.0001552 seconds
[2021-12-31T02:33:28.703+0000][1][safepoint    ] Entering safepoint region: Cleanup
[2021-12-31T02:33:28.704+0000][1][safepoint    ] Leaving safepoint region
[2021-12-31T02:33:28.704+0000][1][safepoint    ] Total time for which application threads were stopped: 0.0002271 seconds, Stopping threads took: 0.0001000 seconds
[2021-12-31T02:33:29.704+0000][1][safepoint    ] Application time: 1.0004164 seconds
[2021-12-31T02:33:29.704+0000][1][safepoint    ] Entering safepoint region: Cleanup
[2021-12-31T02:33:29.705+0000][1][safepoint    ] Leaving safepoint region
[2021-12-31T02:33:29.705+0000][1][safepoint    ] Total time for which application threads were stopped: 0.0002981 seconds, Stopping threads took: 0.0001327 seconds
[2021-12-31T02:33:30.706+0000][1][safepoint    ] Application time: 1.0010762 seconds
[2021-12-31T02:33:30.706+0000][1][safepoint    ] Entering safepoint region: Cleanup
[2021-12-31T02:33:30.706+0000][1][safepoint    ] Leaving safepoint region
[2021-12-31T02:33:30.706+0000][1][safepoint    ] Total time for which application threads were stopped: 0.0002158 seconds, Stopping threads took: 0.0000966 seconds
[2021-12-31T02:33:31.708+0000][1][safepoint    ] Application time: 1.0016048 seconds
[2021-12-31T02:33:31.708+0000][1][safepoint    ] Entering safepoint region: Cleanup
[2021-12-31T02:33:31.708+0000][1][safepoint    ] Leaving safepoint region
[2021-12-31T02:33:31.708+0000][1][safepoint    ] Total time for which application threads were stopped: 0.0002265 seconds, Stopping threads took: 0.0000994 seconds
[2021-12-31T02:33:32.709+0000][1][safepoint    ] Application time: 1.0001918 seconds
[2021-12-31T02:33:32.709+0000][1][safepoint    ] Entering safepoint region: Cleanup
[2021-12-31T02:33:32.709+0000][1][safepoint    ] Leaving safepoint region
[2021-12-31T02:33:32.709+0000][1][safepoint    ] Total time for which application threads were stopped: 0.0002167 seconds, Stopping threads took: 0.0000984 seconds
[2021-12-31T02:33:33.713+0000][1][safepoint    ] Application time: 1.0034045 seconds
[2021-12-31T02:33:33.713+0000][1][safepoint    ] Entering safepoint region: Cleanup
[2021-12-31T02:33:33.713+0000][1][safepoint    ] Leaving safepoint region
[2021-12-31T02:33:33.713+0000][1][safepoint    ] Total time for which application threads were stopped: 0.0002953 seconds, Stopping threads took: 0.0001032 seconds
[2021-12-31T02:33:34.713+0000][1][safepoint    ] Application time: 1.0001865 seconds
[2021-12-31T02:33:34.714+0000][1][safepoint    ] Entering safepoint region: Cleanup
[2021-12-31T02:33:34.714+0000][1][safepoint    ] Leaving safepoint region
[2021-12-31T02:33:34.714+0000][1][safepoint    ] Total time for which application threads were stopped: 0.0002212 seconds, Stopping threads took: 0.0000996 seconds
[2021-12-31T02:33:35.716+0000][1][safepoint    ] Application time: 1.0018088 seconds
[2021-12-31T02:33:35.716+0000][1][safepoint    ] Entering safepoint region: Cleanup
[2021-12-31T02:33:35.716+0000][1][safepoint    ] Leaving safepoint region
[2021-12-31T02:33:35.716+0000][1][safepoint    ] Total time for which application threads were stopped: 0.0002175 seconds, Stopping threads took: 0.0000974 seconds
[2021-12-31T02:33:36.719+0000][1][safepoint    ] Application time: 1.0030577 seconds
[2021-12-31T02:33:36.719+0000][1][safepoint    ] Entering safepoint region: Cleanup
[2021-12-31T02:33:36.719+0000][1][safepoint    ] Leaving safepoint region
[2021-12-31T02:33:36.720+0000][1][safepoint    ] Total time for which application threads were stopped: 0.0002163 seconds, Stopping threads took: 0.0000983 seconds
[2021-12-31T02:33:37.722+0000][1][safepoint    ] Application time: 1.0021170 seconds
[2021-12-31T02:33:37.722+0000][1][safepoint    ] Entering safepoint region: Cleanup
[2021-12-31T02:33:37.722+0000][1][safepoint    ] Leaving safepoint region
[2021-12-31T02:33:37.722+0000][1][safepoint    ] Total time for which application threads were stopped: 0.0002139 seconds, Stopping threads took: 0.0000969 seconds
[2021-12-31T02:33:38.725+0000][1][safepoint    ] Application time: 1.0023613 seconds
[2021-12-31T02:33:38.725+0000][1][safepoint    ] Entering safepoint region: Cleanup
[2021-12-31T02:33:38.725+0000][1][safepoint    ] Leaving safepoint region
[2021-12-31T02:33:38.725+0000][1][safepoint    ] Total time for which application threads were stopped: 0.0002958 seconds, Stopping threads took: 0.0001404 seconds
[2021-12-31T02:33:39.729+0000][1][safepoint    ] Application time: 1.0035662 seconds
[2021-12-31T02:33:39.729+0000][1][safepoint    ] Entering safepoint region: Cleanup
[2021-12-31T02:33:39.729+0000][1][safepoint    ] Leaving safepoint region
[2021-12-31T02:33:39.729+0000][1][safepoint    ] Total time for which application threads were stopped: 0.0002203 seconds, Stopping threads took: 0.0000990 seconds
[2021-12-31T02:33:40.732+0000][1][safepoint    ] Application time: 1.0027823 seconds
[2021-12-31T02:33:40.732+0000][1][safepoint    ] Entering safepoint region: Cleanup
[2021-12-31T02:33:40.732+0000][1][safepoint    ] Leaving safepoint region
[2021-12-31T02:33:40.732+0000][1][safepoint    ] Total time for which application threads were stopped: 0.0002243 seconds, Stopping threads took: 0.0000977 seconds
[2021-12-31T02:33:41.112+0000][1][safepoint    ] Application time: 0.3797421 seconds
[2021-12-31T02:33:41.113+0000][1][safepoint    ] Entering safepoint region: GenCollectForAllocation
[2021-12-31T02:33:41.113+0000][1][gc,start     ] GC(23) Pause Young (Allocation Failure)
[2021-12-31T02:33:41.113+0000][1][gc,task      ] GC(23) Using 1 workers of 1 for evacuation
[2021-12-31T02:33:41.156+0000][1][gc,age       ] GC(23) Desired survivor size 4358144 bytes, new threshold 6 (max threshold 6)
[2021-12-31T02:33:41.156+0000][1][gc,age       ] GC(23) Age table with threshold 6 (max threshold 6)
[2021-12-31T02:33:41.156+0000][1][gc,age       ] GC(23) - age   1:     711816 bytes,     711816 total
[2021-12-31T02:33:41.156+0000][1][gc,age       ] GC(23) - age   2:    2508800 bytes,    3220616 total
[2021-12-31T02:33:41.157+0000][1][gc,heap      ] GC(23) ParNew: 74731K->5594K(76672K)
[2021-12-31T02:33:41.157+0000][1][gc,heap      ] GC(23) CMS: 60898K->63703K(439104K)
[2021-12-31T02:33:41.157+0000][1][gc,metaspace ] GC(23) Metaspace: 66808K->66808K(1110016K)
[2021-12-31T02:33:41.157+0000][1][gc           ] GC(23) Pause Young (Allocation Failure) 132M->67M(503M) 44.158ms
[2021-12-31T02:33:41.157+0000][1][gc,cpu       ] GC(23) User=0.02s Sys=0.01s Real=0.04s
[2021-12-31T02:33:41.157+0000][1][safepoint    ] Leaving safepoint region
[2021-12-31T02:33:41.157+0000][1][safepoint    ] Total time for which application threads were stopped: 0.0447031 seconds, Stopping threads took: 0.0001033 seconds
[2021-12-31T02:33:42.160+0000][1][safepoint    ] Application time: 1.0023694 seconds
[2021-12-31T02:33:42.160+0000][1][safepoint    ] Entering safepoint region: Cleanup
[2021-12-31T02:33:42.160+0000][1][safepoint    ] Leaving safepoint region
[2021-12-31T02:33:42.160+0000][1][safepoint    ] Total time for which application threads were stopped: 0.0002293 seconds, Stopping threads took: 0.0001013 seconds
[2021-12-31T02:33:43.162+0000][1][safepoint    ] Application time: 1.0019225 seconds
[2021-12-31T02:33:43.162+0000][1][safepoint    ] Entering safepoint region: Cleanup
[2021-12-31T02:33:43.162+0000][1][safepoint    ] Leaving safepoint region
[2021-12-31T02:33:43.162+0000][1][safepoint    ] Total time for which application threads were stopped: 0.0002234 seconds, Stopping threads took: 0.0001006 seconds
[2021-12-31T02:33:44.165+0000][1][safepoint    ] Application time: 1.0026751 seconds
[2021-12-31T02:33:44.166+0000][1][safepoint    ] Entering safepoint region: Cleanup
[2021-12-31T02:33:44.166+0000][1][safepoint    ] Leaving safepoint region
[2021-12-31T02:33:44.166+0000][1][safepoint    ] Total time for which application threads were stopped: 0.0003190 seconds, Stopping threads took: 0.0001776 seconds
[2021-12-31T02:33:45.169+0000][1][safepoint    ] Application time: 1.0032327 seconds
[2021-12-31T02:33:45.169+0000][1][safepoint    ] Entering safepoint region: Cleanup
[2021-12-31T02:33:45.170+0000][1][safepoint    ] Leaving safepoint region
[2021-12-31T02:33:45.170+0000][1][safepoint    ] Total time for which application threads were stopped: 0.0002847 seconds, Stopping threads took: 0.0001023 seconds
[2021-12-31T02:33:46.172+0000][1][safepoint    ] Application time: 1.0019949 seconds
[2021-12-31T02:33:46.172+0000][1][safepoint    ] Entering safepoint region: Cleanup
[2021-12-31T02:33:46.172+0000][1][safepoint    ] Leaving safepoint region
[2021-12-31T02:33:46.172+0000][1][safepoint    ] Total time for which application threads were stopped: 0.0002677 seconds, Stopping threads took: 0.0001188 seconds
[2021-12-31T02:33:47.175+0000][1][safepoint    ] Application time: 1.0026442 seconds
[2021-12-31T02:33:47.175+0000][1][safepoint    ] Entering safepoint region: Cleanup
[2021-12-31T02:33:47.175+0000][1][safepoint    ] Leaving safepoint region
[2021-12-31T02:33:47.175+0000][1][safepoint    ] Total time for which application threads were stopped: 0.0002192 seconds, Stopping threads took: 0.0000968 seconds
[2021-12-31T02:33:48.177+0000][1][safepoint    ] Application time: 1.0019041 seconds
[2021-12-31T02:33:48.178+0000][1][safepoint    ] Entering safepoint region: Cleanup
[2021-12-31T02:33:48.178+0000][1][safepoint    ] Leaving safepoint region
[2021-12-31T02:33:48.178+0000][1][safepoint    ] Total time for which application threads were stopped: 0.0002335 seconds, Stopping threads took: 0.0001067 seconds
[2021-12-31T02:33:49.180+0000][1][safepoint    ] Application time: 1.0022736 seconds
[2021-12-31T02:33:49.180+0000][1][safepoint    ] Entering safepoint region: Cleanup
[2021-12-31T02:33:49.181+0000][1][safepoint    ] Leaving safepoint region
[2021-12-31T02:33:49.181+0000][1][safepoint    ] Total time for which application threads were stopped: 0.0002228 seconds, Stopping threads took: 0.0000959 seconds
[2021-12-31T02:33:50.184+0000][1][safepoint    ] Application time: 1.0036144 seconds
[2021-12-31T02:33:50.185+0000][1][safepoint    ] Entering safepoint region: Cleanup
[2021-12-31T02:33:50.185+0000][1][safepoint    ] Leaving safepoint region
[2021-12-31T02:33:50.185+0000][1][safepoint    ] Total time for which application threads were stopped: 0.0002545 seconds, Stopping threads took: 0.0001153 seconds
[2021-12-31T02:33:51.187+0000][1][safepoint    ] Application time: 1.0021057 seconds
[2021-12-31T02:33:51.187+0000][1][safepoint    ] Entering safepoint region: Cleanup
[2021-12-31T02:33:51.187+0000][1][safepoint    ] Leaving safepoint region
[2021-12-31T02:33:51.188+0000][1][safepoint    ] Total time for which application threads were stopped: 0.0002258 seconds, Stopping threads took: 0.0000974 seconds
[2021-12-31T02:33:52.190+0000][1][safepoint    ] Application time: 1.0025445 seconds
[2021-12-31T02:33:52.190+0000][1][safepoint    ] Entering safepoint region: Cleanup
[2021-12-31T02:33:52.191+0000][1][safepoint    ] Leaving safepoint region
[2021-12-31T02:33:52.191+0000][1][safepoint    ] Total time for which application threads were stopped: 0.0002214 seconds, Stopping threads took: 0.0000986 seconds
[2021-12-31T02:33:53.192+0000][1][safepoint    ] Application time: 1.0013891 seconds
[2021-12-31T02:33:53.192+0000][1][safepoint    ] Entering safepoint region: Cleanup
[2021-12-31T02:33:53.192+0000][1][safepoint    ] Leaving safepoint region
[2021-12-31T02:33:53.192+0000][1][safepoint    ] Total time for which application threads were stopped: 0.0002200 seconds, Stopping threads took: 0.0000950 seconds
[2021-12-31T02:33:54.193+0000][1][safepoint    ] Application time: 1.0001981 seconds
[2021-12-31T02:33:54.193+0000][1][safepoint    ] Entering safepoint region: Cleanup
[2021-12-31T02:33:54.193+0000][1][safepoint    ] Leaving safepoint region
[2021-12-31T02:33:54.193+0000][1][safepoint    ] Total time for which application threads were stopped: 0.0002534 seconds, Stopping threads took: 0.0001122 seconds
[2021-12-31T02:33:55.196+0000][1][safepoint    ] Application time: 1.0022146 seconds
[2021-12-31T02:33:55.196+0000][1][safepoint    ] Entering safepoint region: Cleanup
[2021-12-31T02:33:55.196+0000][1][safepoint    ] Leaving safepoint region
[2021-12-31T02:33:55.196+0000][1][safepoint    ] Total time for which application threads were stopped: 0.0002585 seconds, Stopping threads took: 0.0001070 seconds
[2021-12-31T02:33:56.200+0000][1][safepoint    ] Application time: 1.0034577 seconds
[2021-12-31T02:33:56.200+0000][1][safepoint    ] Entering safepoint region: Cleanup
[2021-12-31T02:33:56.200+0000][1][safepoint    ] Leaving safepoint region
[2021-12-31T02:33:56.200+0000][1][safepoint    ] Total time for which application threads were stopped: 0.0002809 seconds, Stopping threads took: 0.0001303 seconds
[2021-12-31T02:33:57.201+0000][1][safepoint    ] Application time: 1.0003846 seconds
[2021-12-31T02:33:57.201+0000][1][safepoint    ] Entering safepoint region: Cleanup
[2021-12-31T02:33:57.201+0000][1][safepoint    ] Leaving safepoint region
[2021-12-31T02:33:57.201+0000][1][safepoint    ] Total time for which application threads were stopped: 0.0003343 seconds, Stopping threads took: 0.0001011 seconds
[2021-12-31T02:33:58.203+0000][1][safepoint    ] Application time: 1.0017928 seconds
[2021-12-31T02:33:58.203+0000][1][safepoint    ] Entering safepoint region: Cleanup
[2021-12-31T02:33:58.203+0000][1][safepoint    ] Leaving safepoint region
[2021-12-31T02:33:58.204+0000][1][safepoint    ] Total time for which application threads were stopped: 0.0002326 seconds, Stopping threads took: 0.0000915 seconds
[2021-12-31T02:33:59.205+0000][1][safepoint    ] Application time: 1.0013640 seconds
[2021-12-31T02:33:59.205+0000][1][safepoint    ] Entering safepoint region: Cleanup
[2021-12-31T02:33:59.205+0000][1][safepoint    ] Leaving safepoint region
[2021-12-31T02:33:59.206+0000][1][safepoint    ] Total time for which application threads were stopped: 0.0002328 seconds, Stopping threads took: 0.0001107 seconds
[2021-12-31T02:34:00.206+0000][1][safepoint    ] Application time: 1.0004444 seconds
[2021-12-31T02:34:00.206+0000][1][safepoint    ] Entering safepoint region: Cleanup
[2021-12-31T02:34:00.206+0000][1][safepoint    ] Leaving safepoint region
[2021-12-31T02:34:00.206+0000][1][safepoint    ] Total time for which application threads were stopped: 0.0002354 seconds, Stopping threads took: 0.0001129 seconds
[2021-12-31T02:34:01.207+0000][1][safepoint    ] Application time: 1.0006934 seconds
[2021-12-31T02:34:01.207+0000][1][safepoint    ] Entering safepoint region: Cleanup
[2021-12-31T02:34:01.208+0000][1][safepoint    ] Leaving safepoint region
[2021-12-31T02:34:01.208+0000][1][safepoint    ] Total time for which application threads were stopped: 0.0002200 seconds, Stopping threads took: 0.0000954 seconds
[2021-12-31T02:34:02.211+0000][1][safepoint    ] Application time: 1.0034734 seconds
[2021-12-31T02:34:02.211+0000][1][safepoint    ] Entering safepoint region: Cleanup
[2021-12-31T02:34:02.212+0000][1][safepoint    ] Leaving safepoint region
[2021-12-31T02:34:02.212+0000][1][safepoint    ] Total time for which application threads were stopped: 0.0002256 seconds, Stopping threads took: 0.0000994 seconds
[2021-12-31T02:34:03.212+0000][1][safepoint    ] Application time: 1.0005922 seconds
[2021-12-31T02:34:03.213+0000][1][safepoint    ] Entering safepoint region: Cleanup
[2021-12-31T02:34:03.213+0000][1][safepoint    ] Leaving safepoint region
[2021-12-31T02:34:03.213+0000][1][safepoint    ] Total time for which application threads were stopped: 0.0002270 seconds, Stopping threads took: 0.0000990 seconds
[2021-12-31T02:34:04.213+0000][1][safepoint    ] Application time: 1.0004651 seconds
[2021-12-31T02:34:04.214+0000][1][safepoint    ] Entering safepoint region: Cleanup
[2021-12-31T02:34:04.214+0000][1][safepoint    ] Leaving safepoint region
[2021-12-31T02:34:04.214+0000][1][safepoint    ] Total time for which application threads were stopped: 0.0002523 seconds, Stopping threads took: 0.0001058 seconds
[2021-12-31T02:34:05.216+0000][1][safepoint    ] Application time: 1.0022910 seconds
[2021-12-31T02:34:05.216+0000][1][safepoint    ] Entering safepoint region: Cleanup
[2021-12-31T02:34:05.216+0000][1][safepoint    ] Leaving safepoint region
[2021-12-31T02:34:05.217+0000][1][safepoint    ] Total time for which application threads were stopped: 0.0002286 seconds, Stopping threads took: 0.0001011 seconds
[2021-12-31T02:34:06.219+0000][1][safepoint    ] Application time: 1.0022021 seconds
[2021-12-31T02:34:06.219+0000][1][safepoint    ] Entering safepoint region: Cleanup
[2021-12-31T02:34:06.219+0000][1][safepoint    ] Leaving safepoint region
[2021-12-31T02:34:06.219+0000][1][safepoint    ] Total time for which application threads were stopped: 0.0002804 seconds, Stopping threads took: 0.0001091 seconds
[2021-12-31T02:34:07.221+0000][1][safepoint    ] Application time: 1.0010838 seconds
[2021-12-31T02:34:07.221+0000][1][safepoint    ] Entering safepoint region: Cleanup
[2021-12-31T02:34:07.221+0000][1][safepoint    ] Leaving safepoint region
[2021-12-31T02:34:07.221+0000][1][safepoint    ] Total time for which application threads were stopped: 0.0004817 seconds, Stopping threads took: 0.0002219 seconds
[2021-12-31T02:34:08.223+0000][1][safepoint    ] Application time: 1.0010133 seconds
[2021-12-31T02:34:08.223+0000][1][safepoint    ] Entering safepoint region: Cleanup
[2021-12-31T02:34:08.223+0000][1][safepoint    ] Leaving safepoint region
[2021-12-31T02:34:08.223+0000][1][safepoint    ] Total time for which application threads were stopped: 0.0006035 seconds, Stopping threads took: 0.0001015 seconds
[2021-12-31T02:34:09.227+0000][1][safepoint    ] Application time: 1.0032063 seconds
[2021-12-31T02:34:09.227+0000][1][safepoint    ] Entering safepoint region: Cleanup
[2021-12-31T02:34:09.227+0000][1][safepoint    ] Leaving safepoint region
[2021-12-31T02:34:09.227+0000][1][safepoint    ] Total time for which application threads were stopped: 0.0002834 seconds, Stopping threads took: 0.0001402 seconds
[2021-12-31T02:34:10.228+0000][1][safepoint    ] Application time: 1.0003955 seconds
[2021-12-31T02:34:10.228+0000][1][safepoint    ] Entering safepoint region: Cleanup
[2021-12-31T02:34:10.228+0000][1][safepoint    ] Leaving safepoint region
[2021-12-31T02:34:10.228+0000][1][safepoint    ] Total time for which application threads were stopped: 0.0002246 seconds, Stopping threads took: 0.0001004 seconds
[2021-12-31T02:34:11.231+0000][1][safepoint    ] Application time: 1.0032815 seconds
[2021-12-31T02:34:11.232+0000][1][safepoint    ] Entering safepoint region: Cleanup
[2021-12-31T02:34:11.232+0000][1][safepoint    ] Leaving safepoint region
[2021-12-31T02:34:11.232+0000][1][safepoint    ] Total time for which application threads were stopped: 0.0002977 seconds, Stopping threads took: 0.0001406 seconds
[2021-12-31T02:34:12.232+0000][1][safepoint    ] Application time: 1.0002625 seconds
[2021-12-31T02:34:12.233+0000][1][safepoint    ] Entering safepoint region: Cleanup
[2021-12-31T02:34:12.233+0000][1][safepoint    ] Leaving safepoint region
[2021-12-31T02:34:12.233+0000][1][safepoint    ] Total time for which application threads were stopped: 0.0003640 seconds, Stopping threads took: 0.0001682 seconds
[2021-12-31T02:34:13.237+0000][1][safepoint    ] Application time: 1.0032887 seconds
[2021-12-31T02:34:13.237+0000][1][safepoint    ] Entering safepoint region: Cleanup
[2021-12-31T02:34:13.237+0000][1][safepoint    ] Leaving safepoint region
[2021-12-31T02:34:13.237+0000][1][safepoint    ] Total time for which application threads were stopped: 0.0002356 seconds, Stopping threads took: 0.0001017 seconds
[2021-12-31T02:34:14.238+0000][1][safepoint    ] Application time: 1.0013569 seconds
[2021-12-31T02:34:14.239+0000][1][safepoint    ] Entering safepoint region: Cleanup
[2021-12-31T02:34:14.239+0000][1][safepoint    ] Leaving safepoint region
[2021-12-31T02:34:14.239+0000][1][safepoint    ] Total time for which application threads were stopped: 0.0002438 seconds, Stopping threads took: 0.0001121 seconds
[2021-12-31T02:34:15.242+0000][1][safepoint    ] Application time: 1.0024654 seconds
[2021-12-31T02:34:15.242+0000][1][safepoint    ] Entering safepoint region: Cleanup
[2021-12-31T02:34:15.242+0000][1][safepoint    ] Leaving safepoint region
[2021-12-31T02:34:15.242+0000][1][safepoint    ] Total time for which application threads were stopped: 0.0002173 seconds, Stopping threads took: 0.0000941 seconds
[2021-12-31T02:34:16.243+0000][1][safepoint    ] Application time: 1.0012880 seconds
[2021-12-31T02:34:16.243+0000][1][safepoint    ] Entering safepoint region: Cleanup
[2021-12-31T02:34:16.244+0000][1][safepoint    ] Leaving safepoint region
[2021-12-31T02:34:16.244+0000][1][safepoint    ] Total time for which application threads were stopped: 0.0002264 seconds, Stopping threads took: 0.0000981 seconds
[2021-12-31T02:34:16.691+0000][1][safepoint    ] Application time: 0.4468646 seconds
[2021-12-31T02:34:16.693+0000][1][safepoint    ] Entering safepoint region: RevokeBias
[2021-12-31T02:34:16.693+0000][1][safepoint    ] Leaving safepoint region
[2021-12-31T02:34:16.694+0000][1][safepoint    ] Total time for which application threads were stopped: 0.0007606 seconds, Stopping threads took: 0.0003903 seconds
[2021-12-31T02:34:17.697+0000][1][safepoint    ] Application time: 1.0032454 seconds
[2021-12-31T02:34:17.697+0000][1][safepoint    ] Entering safepoint region: Cleanup
[2021-12-31T02:34:17.697+0000][1][safepoint    ] Leaving safepoint region
[2021-12-31T02:34:17.697+0000][1][safepoint    ] Total time for which application threads were stopped: 0.0002492 seconds, Stopping threads took: 0.0001039 seconds
[2021-12-31T02:34:18.700+0000][1][safepoint    ] Application time: 1.0028715 seconds
[2021-12-31T02:34:18.701+0000][1][safepoint    ] Entering safepoint region: Cleanup
[2021-12-31T02:34:18.701+0000][1][safepoint    ] Leaving safepoint region
[2021-12-31T02:34:18.701+0000][1][safepoint    ] Total time for which application threads were stopped: 0.0005720 seconds, Stopping threads took: 0.0002644 seconds
[2021-12-31T02:34:19.703+0000][1][safepoint    ] Application time: 1.0015985 seconds
[2021-12-31T02:34:19.703+0000][1][safepoint    ] Entering safepoint region: Cleanup
[2021-12-31T02:34:19.704+0000][1][safepoint    ] Leaving safepoint region
[2021-12-31T02:34:19.704+0000][1][safepoint    ] Total time for which application threads were stopped: 0.0004667 seconds, Stopping threads took: 0.0002128 seconds
[2021-12-31T02:34:20.707+0000][1][safepoint    ] Application time: 1.0025902 seconds
[2021-12-31T02:34:20.707+0000][1][safepoint    ] Entering safepoint region: Cleanup
[2021-12-31T02:34:20.707+0000][1][safepoint    ] Leaving safepoint region
[2021-12-31T02:34:20.707+0000][1][safepoint    ] Total time for which application threads were stopped: 0.0002358 seconds, Stopping threads took: 0.0001117 seconds
[2021-12-31T02:34:21.710+0000][1][safepoint    ] Application time: 1.0023508 seconds
[2021-12-31T02:34:21.710+0000][1][safepoint    ] Entering safepoint region: Cleanup
[2021-12-31T02:34:21.710+0000][1][safepoint    ] Leaving safepoint region
[2021-12-31T02:34:21.710+0000][1][safepoint    ] Total time for which application threads were stopped: 0.0002287 seconds, Stopping threads took: 0.0000987 seconds
[2021-12-31T02:34:22.711+0000][1][safepoint    ] Application time: 1.0011410 seconds
[2021-12-31T02:34:22.712+0000][1][safepoint    ] Entering safepoint region: Cleanup
[2021-12-31T02:34:22.712+0000][1][safepoint    ] Leaving safepoint region
[2021-12-31T02:34:22.712+0000][1][safepoint    ] Total time for which application threads were stopped: 0.0002552 seconds, Stopping threads took: 0.0001149 seconds
[2021-12-31T02:34:23.713+0000][1][safepoint    ] Application time: 1.0009596 seconds
[2021-12-31T02:34:23.713+0000][1][safepoint    ] Entering safepoint region: Cleanup
[2021-12-31T02:34:23.713+0000][1][safepoint    ] Leaving safepoint region
[2021-12-31T02:34:23.714+0000][1][safepoint    ] Total time for which application threads were stopped: 0.0004969 seconds, Stopping threads took: 0.0003433 seconds
[2021-12-31T02:34:24.717+0000][1][safepoint    ] Application time: 1.0037999 seconds
[2021-12-31T02:34:24.718+0000][1][safepoint    ] Entering safepoint region: Cleanup
[2021-12-31T02:34:24.718+0000][1][safepoint    ] Leaving safepoint region
[2021-12-31T02:34:24.718+0000][1][safepoint    ] Total time for which application threads were stopped: 0.0002784 seconds, Stopping threads took: 0.0001171 seconds
[2021-12-31T02:34:25.720+0000][1][safepoint    ] Application time: 1.0017119 seconds
[2021-12-31T02:34:25.720+0000][1][safepoint    ] Entering safepoint region: Cleanup
[2021-12-31T02:34:25.720+0000][1][safepoint    ] Leaving safepoint region
[2021-12-31T02:34:25.720+0000][1][safepoint    ] Total time for which application threads were stopped: 0.0002227 seconds, Stopping threads took: 0.0000997 seconds
[2021-12-31T02:34:26.722+0000][1][safepoint    ] Application time: 1.0014323 seconds
[2021-12-31T02:34:26.722+0000][1][safepoint    ] Entering safepoint region: Cleanup
[2021-12-31T02:34:26.722+0000][1][safepoint    ] Leaving safepoint region
[2021-12-31T02:34:26.723+0000][1][safepoint    ] Total time for which application threads were stopped: 0.0005858 seconds, Stopping threads took: 0.0002970 seconds
[2021-12-31T02:34:27.726+0000][1][safepoint    ] Application time: 1.0027097 seconds
[2021-12-31T02:34:27.726+0000][1][safepoint    ] Entering safepoint region: Cleanup
[2021-12-31T02:34:27.726+0000][1][safepoint    ] Leaving safepoint region
[2021-12-31T02:34:27.726+0000][1][safepoint    ] Total time for which application threads were stopped: 0.0002375 seconds, Stopping threads took: 0.0001056 seconds
[2021-12-31T02:34:28.728+0000][1][safepoint    ] Application time: 1.0013609 seconds
[2021-12-31T02:34:28.728+0000][1][safepoint    ] Entering safepoint region: Cleanup
[2021-12-31T02:34:28.728+0000][1][safepoint    ] Leaving safepoint region
[2021-12-31T02:34:28.728+0000][1][safepoint    ] Total time for which application threads were stopped: 0.0003192 seconds, Stopping threads took: 0.0001902 seconds
[2021-12-31T02:34:29.730+0000][1][safepoint    ] Application time: 1.0014601 seconds
[2021-12-31T02:34:29.730+0000][1][safepoint    ] Entering safepoint region: Cleanup
[2021-12-31T02:34:29.730+0000][1][safepoint    ] Leaving safepoint region
[2021-12-31T02:34:29.730+0000][1][safepoint    ] Total time for which application threads were stopped: 0.0002129 seconds, Stopping threads took: 0.0000905 seconds
[2021-12-31T02:34:30.732+0000][1][safepoint    ] Application time: 1.0021979 seconds
[2021-12-31T02:34:30.733+0000][1][safepoint    ] Entering safepoint region: Cleanup
[2021-12-31T02:34:30.733+0000][1][safepoint    ] Leaving safepoint region
[2021-12-31T02:34:30.733+0000][1][safepoint    ] Total time for which application threads were stopped: 0.0005064 seconds, Stopping threads took: 0.0002336 seconds
[2021-12-31T02:34:31.735+0000][1][safepoint    ] Application time: 1.0017252 seconds
[2021-12-31T02:34:31.735+0000][1][safepoint    ] Entering safepoint region: Cleanup
[2021-12-31T02:34:31.735+0000][1][safepoint    ] Leaving safepoint region
[2021-12-31T02:34:31.736+0000][1][safepoint    ] Total time for which application threads were stopped: 0.0002226 seconds, Stopping threads took: 0.0000903 seconds
[2021-12-31T02:34:32.740+0000][1][safepoint    ] Application time: 1.0041361 seconds
[2021-12-31T02:34:32.740+0000][1][safepoint    ] Entering safepoint region: Cleanup
[2021-12-31T02:34:32.741+0000][1][safepoint    ] Leaving safepoint region
[2021-12-31T02:34:32.741+0000][1][safepoint    ] Total time for which application threads were stopped: 0.0004903 seconds, Stopping threads took: 0.0002376 seconds
[2021-12-31T02:34:33.743+0000][1][safepoint    ] Application time: 1.0024743 seconds
[2021-12-31T02:34:33.744+0000][1][safepoint    ] Entering safepoint region: Cleanup
[2021-12-31T02:34:33.744+0000][1][safepoint    ] Leaving safepoint region
[2021-12-31T02:34:33.744+0000][1][safepoint    ] Total time for which application threads were stopped: 0.0002396 seconds, Stopping threads took: 0.0001054 seconds
[2021-12-31T02:34:34.745+0000][1][safepoint    ] Application time: 1.0007710 seconds
[2021-12-31T02:34:34.745+0000][1][safepoint    ] Entering safepoint region: Cleanup
[2021-12-31T02:34:34.745+0000][1][safepoint    ] Leaving safepoint region
[2021-12-31T02:34:34.745+0000][1][safepoint    ] Total time for which application threads were stopped: 0.0002358 seconds, Stopping threads took: 0.0001033 seconds
[2021-12-31T02:34:35.747+0000][1][safepoint    ] Application time: 1.0018939 seconds
[2021-12-31T02:34:35.747+0000][1][safepoint    ] Entering safepoint region: Cleanup
[2021-12-31T02:34:35.747+0000][1][safepoint    ] Leaving safepoint region
[2021-12-31T02:34:35.748+0000][1][safepoint    ] Total time for which application threads were stopped: 0.0002496 seconds, Stopping threads took: 0.0001119 seconds
[2021-12-31T02:34:36.751+0000][1][safepoint    ] Application time: 1.0034060 seconds
[2021-12-31T02:34:36.751+0000][1][safepoint    ] Entering safepoint region: Cleanup
[2021-12-31T02:34:36.751+0000][1][safepoint    ] Leaving safepoint region
[2021-12-31T02:34:36.752+0000][1][safepoint    ] Total time for which application threads were stopped: 0.0002534 seconds, Stopping threads took: 0.0001123 seconds
[2021-12-31T02:34:37.753+0000][1][safepoint    ] Application time: 1.0016014 seconds
[2021-12-31T02:34:37.753+0000][1][safepoint    ] Entering safepoint region: Cleanup
[2021-12-31T02:34:37.754+0000][1][safepoint    ] Leaving safepoint region
[2021-12-31T02:34:37.754+0000][1][safepoint    ] Total time for which application threads were stopped: 0.0002528 seconds, Stopping threads took: 0.0001226 seconds
[2021-12-31T02:34:38.767+0000][1][safepoint    ] Application time: 1.0131048 seconds
[2021-12-31T02:34:38.767+0000][1][safepoint    ] Entering safepoint region: Cleanup
[2021-12-31T02:34:38.767+0000][1][safepoint    ] Leaving safepoint region
[2021-12-31T02:34:38.767+0000][1][safepoint    ] Total time for which application threads were stopped: 0.0002772 seconds, Stopping threads took: 0.0001306 seconds
[2021-12-31T02:34:39.770+0000][1][safepoint    ] Application time: 1.0029085 seconds
[2021-12-31T02:34:39.771+0000][1][safepoint    ] Entering safepoint region: Cleanup
[2021-12-31T02:34:39.771+0000][1][safepoint    ] Leaving safepoint region
[2021-12-31T02:34:39.771+0000][1][safepoint    ] Total time for which application threads were stopped: 0.0002289 seconds, Stopping threads took: 0.0001029 seconds
[2021-12-31T02:34:40.771+0000][1][safepoint    ] Application time: 1.0004474 seconds
[2021-12-31T02:34:40.772+0000][1][safepoint    ] Entering safepoint region: Cleanup
[2021-12-31T02:34:40.772+0000][1][safepoint    ] Leaving safepoint region
[2021-12-31T02:34:40.772+0000][1][safepoint    ] Total time for which application threads were stopped: 0.0004104 seconds, Stopping threads took: 0.0002356 seconds
[2021-12-31T02:34:41.773+0000][1][safepoint    ] Application time: 1.0009082 seconds
[2021-12-31T02:34:41.773+0000][1][safepoint    ] Entering safepoint region: Cleanup
[2021-12-31T02:34:41.773+0000][1][safepoint    ] Leaving safepoint region
[2021-12-31T02:34:41.773+0000][1][safepoint    ] Total time for which application threads were stopped: 0.0002214 seconds, Stopping threads took: 0.0000986 seconds
[2021-12-31T02:34:42.774+0000][1][safepoint    ] Application time: 1.0005059 seconds
[2021-12-31T02:34:42.774+0000][1][safepoint    ] Entering safepoint region: Cleanup
[2021-12-31T02:34:42.774+0000][1][safepoint    ] Leaving safepoint region
[2021-12-31T02:34:42.774+0000][1][safepoint    ] Total time for which application threads were stopped: 0.0002250 seconds, Stopping threads took: 0.0000998 seconds
[2021-12-31T02:34:43.775+0000][1][safepoint    ] Application time: 1.0005489 seconds
[2021-12-31T02:34:43.775+0000][1][safepoint    ] Entering safepoint region: Cleanup
[2021-12-31T02:34:43.776+0000][1][safepoint    ] Leaving safepoint region
[2021-12-31T02:34:43.776+0000][1][safepoint    ] Total time for which application threads were stopped: 0.0004199 seconds, Stopping threads took: 0.0001918 seconds
[2021-12-31T02:34:44.778+0000][1][safepoint    ] Application time: 1.0019169 seconds
[2021-12-31T02:34:44.779+0000][1][safepoint    ] Entering safepoint region: Cleanup
[2021-12-31T02:34:44.779+0000][1][safepoint    ] Leaving safepoint region
[2021-12-31T02:34:44.779+0000][1][safepoint    ] Total time for which application threads were stopped: 0.0003348 seconds, Stopping threads took: 0.0001684 seconds
[2021-12-31T02:34:45.783+0000][1][safepoint    ] Application time: 1.0035990 seconds
[2021-12-31T02:34:45.783+0000][1][safepoint    ] Entering safepoint region: Cleanup
[2021-12-31T02:34:45.783+0000][1][safepoint    ] Leaving safepoint region
[2021-12-31T02:34:45.783+0000][1][safepoint    ] Total time for which application threads were stopped: 0.0002443 seconds, Stopping threads took: 0.0001152 seconds
[2021-12-31T02:34:46.786+0000][1][safepoint    ] Application time: 1.0030158 seconds
[2021-12-31T02:34:46.787+0000][1][safepoint    ] Entering safepoint region: Cleanup
[2021-12-31T02:34:46.787+0000][1][safepoint    ] Leaving safepoint region
[2021-12-31T02:34:46.787+0000][1][safepoint    ] Total time for which application threads were stopped: 0.0002452 seconds, Stopping threads took: 0.0001102 seconds
[2021-12-31T02:34:47.791+0000][1][safepoint    ] Application time: 1.0040189 seconds
[2021-12-31T02:34:47.791+0000][1][safepoint    ] Entering safepoint region: Cleanup
[2021-12-31T02:34:47.791+0000][1][safepoint    ] Leaving safepoint region
[2021-12-31T02:34:47.791+0000][1][safepoint    ] Total time for which application threads were stopped: 0.0002037 seconds, Stopping threads took: 0.0000932 seconds
[2021-12-31T02:34:48.792+0000][1][safepoint    ] Application time: 1.0007705 seconds
[2021-12-31T02:34:48.792+0000][1][safepoint    ] Entering safepoint region: Cleanup
[2021-12-31T02:34:48.792+0000][1][safepoint    ] Leaving safepoint region
[2021-12-31T02:34:48.792+0000][1][safepoint    ] Total time for which application threads were stopped: 0.0002139 seconds, Stopping threads took: 0.0000874 seconds
[2021-12-31T02:34:49.795+0000][1][safepoint    ] Application time: 1.0026758 seconds
[2021-12-31T02:34:49.796+0000][1][safepoint    ] Entering safepoint region: Cleanup
[2021-12-31T02:34:49.796+0000][1][safepoint    ] Leaving safepoint region
[2021-12-31T02:34:49.796+0000][1][safepoint    ] Total time for which application threads were stopped: 0.0005727 seconds, Stopping threads took: 0.0002367 seconds
[2021-12-31T02:34:50.799+0000][1][safepoint    ] Application time: 1.0030525 seconds
[2021-12-31T02:34:50.800+0000][1][safepoint    ] Entering safepoint region: Cleanup
[2021-12-31T02:34:50.800+0000][1][safepoint    ] Leaving safepoint region
[2021-12-31T02:34:50.800+0000][1][safepoint    ] Total time for which application threads were stopped: 0.0005336 seconds, Stopping threads took: 0.0002607 seconds
[2021-12-31T02:34:51.801+0000][1][safepoint    ] Application time: 1.0006596 seconds
[2021-12-31T02:34:51.802+0000][1][safepoint    ] Entering safepoint region: Cleanup
[2021-12-31T02:34:51.802+0000][1][safepoint    ] Leaving safepoint region
[2021-12-31T02:34:51.802+0000][1][safepoint    ] Total time for which application threads were stopped: 0.0004295 seconds, Stopping threads took: 0.0001944 seconds
[2021-12-31T02:34:52.804+0000][1][safepoint    ] Application time: 1.0017371 seconds
[2021-12-31T02:34:52.804+0000][1][safepoint    ] Entering safepoint region: Cleanup
[2021-12-31T02:34:52.805+0000][1][safepoint    ] Leaving safepoint region
[2021-12-31T02:34:52.805+0000][1][safepoint    ] Total time for which application threads were stopped: 0.0005154 seconds, Stopping threads took: 0.0002261 seconds
[2021-12-31T02:34:53.807+0000][1][safepoint    ] Application time: 1.0019392 seconds
[2021-12-31T02:34:53.807+0000][1][safepoint    ] Entering safepoint region: Cleanup
[2021-12-31T02:34:53.808+0000][1][safepoint    ] Leaving safepoint region
[2021-12-31T02:34:53.808+0000][1][safepoint    ] Total time for which application threads were stopped: 0.0008934 seconds, Stopping threads took: 0.0005050 seconds
[2021-12-31T02:34:54.811+0000][1][safepoint    ] Application time: 1.0022974 seconds
[2021-12-31T02:34:54.811+0000][1][safepoint    ] Entering safepoint region: Cleanup
[2021-12-31T02:34:54.811+0000][1][safepoint    ] Leaving safepoint region
[2021-12-31T02:34:54.811+0000][1][safepoint    ] Total time for which application threads were stopped: 0.0002557 seconds, Stopping threads took: 0.0001154 seconds
[2021-12-31T02:34:55.813+0000][1][safepoint    ] Application time: 1.0013409 seconds
[2021-12-31T02:34:55.813+0000][1][safepoint    ] Entering safepoint region: Cleanup
[2021-12-31T02:34:55.814+0000][1][safepoint    ] Leaving safepoint region
[2021-12-31T02:34:55.814+0000][1][safepoint    ] Total time for which application threads were stopped: 0.0006693 seconds, Stopping threads took: 0.0003152 seconds
[2021-12-31T02:34:56.822+0000][1][safepoint    ] Application time: 1.0080971 seconds
[2021-12-31T02:34:56.823+0000][1][safepoint    ] Entering safepoint region: Cleanup
[2021-12-31T02:34:56.823+0000][1][safepoint    ] Leaving safepoint region
[2021-12-31T02:34:56.823+0000][1][safepoint    ] Total time for which application threads were stopped: 0.0005045 seconds, Stopping threads took: 0.0002319 seconds
[2021-12-31T02:34:57.825+0000][1][safepoint    ] Application time: 1.0020116 seconds
[2021-12-31T02:34:57.826+0000][1][safepoint    ] Entering safepoint region: Cleanup
[2021-12-31T02:34:57.826+0000][1][safepoint    ] Leaving safepoint region
[2021-12-31T02:34:57.826+0000][1][safepoint    ] Total time for which application threads were stopped: 0.0002583 seconds, Stopping threads took: 0.0001124 seconds
[2021-12-31T02:34:58.829+0000][1][safepoint    ] Application time: 1.0027631 seconds
[2021-12-31T02:34:58.829+0000][1][safepoint    ] Entering safepoint region: Cleanup
[2021-12-31T02:34:58.829+0000][1][safepoint    ] Leaving safepoint region
[2021-12-31T02:34:58.829+0000][1][safepoint    ] Total time for which application threads were stopped: 0.0002656 seconds, Stopping threads took: 0.0001104 seconds
[2021-12-31T02:34:59.832+0000][1][safepoint    ] Application time: 1.0031134 seconds
[2021-12-31T02:34:59.833+0000][1][safepoint    ] Entering safepoint region: Cleanup
[2021-12-31T02:34:59.833+0000][1][safepoint    ] Leaving safepoint region
[2021-12-31T02:34:59.833+0000][1][safepoint    ] Total time for which application threads were stopped: 0.0003629 seconds, Stopping threads took: 0.0002017 seconds
[2021-12-31T02:35:00.835+0000][1][safepoint    ] Application time: 1.0017491 seconds
[2021-12-31T02:35:00.835+0000][1][safepoint    ] Entering safepoint region: Cleanup
[2021-12-31T02:35:00.835+0000][1][safepoint    ] Leaving safepoint region
[2021-12-31T02:35:00.835+0000][1][safepoint    ] Total time for which application threads were stopped: 0.0002681 seconds, Stopping threads took: 0.0001206 seconds
[2021-12-31T02:35:02.419+0000][1][safepoint    ] Application time: 1.5832548 seconds
[2021-12-31T02:35:02.419+0000][1][safepoint    ] Entering safepoint region: Cleanup
[2021-12-31T02:35:02.419+0000][1][safepoint    ] Leaving safepoint region
[2021-12-31T02:35:02.419+0000][1][safepoint    ] Total time for which application threads were stopped: 0.0002934 seconds, Stopping threads took: 0.0001125 seconds
[2021-12-31T02:35:03.421+0000][1][safepoint    ] Application time: 1.0018794 seconds
[2021-12-31T02:35:03.422+0000][1][safepoint    ] Entering safepoint region: Cleanup
[2021-12-31T02:35:03.422+0000][1][safepoint    ] Leaving safepoint region
[2021-12-31T02:35:03.422+0000][1][safepoint    ] Total time for which application threads were stopped: 0.0002295 seconds, Stopping threads took: 0.0001001 seconds
[2021-12-31T02:35:04.425+0000][1][safepoint    ] Application time: 1.0027809 seconds
[2021-12-31T02:35:04.425+0000][1][safepoint    ] Entering safepoint region: Cleanup
[2021-12-31T02:35:04.425+0000][1][safepoint    ] Leaving safepoint region
[2021-12-31T02:35:04.425+0000][1][safepoint    ] Total time for which application threads were stopped: 0.0002447 seconds, Stopping threads took: 0.0000959 seconds
[2021-12-31T02:35:05.425+0000][1][safepoint    ] Application time: 1.0002702 seconds
[2021-12-31T02:35:05.426+0000][1][safepoint    ] Entering safepoint region: Cleanup
[2021-12-31T02:35:05.426+0000][1][safepoint    ] Leaving safepoint region
[2021-12-31T02:35:05.427+0000][1][safepoint    ] Total time for which application threads were stopped: 0.0006950 seconds, Stopping threads took: 0.0003934 seconds
[2021-12-31T02:35:06.427+0000][1][safepoint    ] Application time: 1.0005218 seconds
[2021-12-31T02:35:06.427+0000][1][safepoint    ] Entering safepoint region: Cleanup
[2021-12-31T02:35:06.428+0000][1][safepoint    ] Leaving safepoint region
[2021-12-31T02:35:06.428+0000][1][safepoint    ] Total time for which application threads were stopped: 0.0002411 seconds, Stopping threads took: 0.0001003 seconds
[2021-12-31T02:35:07.430+0000][1][safepoint    ] Application time: 1.0026742 seconds
[2021-12-31T02:35:07.431+0000][1][safepoint    ] Entering safepoint region: Cleanup
[2021-12-31T02:35:07.431+0000][1][safepoint    ] Leaving safepoint region
[2021-12-31T02:35:07.431+0000][1][safepoint    ] Total time for which application threads were stopped: 0.0004044 seconds, Stopping threads took: 0.0001817 seconds
[2021-12-31T02:35:08.432+0000][1][safepoint    ] Application time: 1.0007439 seconds
[2021-12-31T02:35:08.432+0000][1][safepoint    ] Entering safepoint region: Cleanup
[2021-12-31T02:35:08.432+0000][1][safepoint    ] Leaving safepoint region
[2021-12-31T02:35:08.433+0000][1][safepoint    ] Total time for which application threads were stopped: 0.0002746 seconds, Stopping threads took: 0.0001092 seconds
[2021-12-31T02:35:09.433+0000][1][safepoint    ] Application time: 1.0005904 seconds
[2021-12-31T02:35:09.434+0000][1][safepoint    ] Entering safepoint region: Cleanup
[2021-12-31T02:35:09.434+0000][1][safepoint    ] Leaving safepoint region
[2021-12-31T02:35:09.434+0000][1][safepoint    ] Total time for which application threads were stopped: 0.0004272 seconds, Stopping threads took: 0.0001904 seconds
[2021-12-31T02:35:10.436+0000][1][safepoint    ] Application time: 1.0015564 seconds
[2021-12-31T02:35:10.436+0000][1][safepoint    ] Entering safepoint region: Cleanup
[2021-12-31T02:35:10.436+0000][1][safepoint    ] Leaving safepoint region
[2021-12-31T02:35:10.436+0000][1][safepoint    ] Total time for which application threads were stopped: 0.0002647 seconds, Stopping threads took: 0.0001159 seconds
[2021-12-31T02:35:11.438+0000][1][safepoint    ] Application time: 1.0015221 seconds
[2021-12-31T02:35:11.439+0000][1][safepoint    ] Entering safepoint region: Cleanup
[2021-12-31T02:35:11.439+0000][1][safepoint    ] Leaving safepoint region
[2021-12-31T02:35:11.439+0000][1][safepoint    ] Total time for which application threads were stopped: 0.0005765 seconds, Stopping threads took: 0.0002903 seconds
[2021-12-31T02:35:12.440+0000][1][safepoint    ] Application time: 1.0002571 seconds
[2021-12-31T02:35:12.440+0000][1][safepoint    ] Entering safepoint region: Cleanup
[2021-12-31T02:35:12.440+0000][1][safepoint    ] Leaving safepoint region
[2021-12-31T02:35:12.440+0000][1][safepoint    ] Total time for which application threads were stopped: 0.0002296 seconds, Stopping threads took: 0.0001056 seconds
[2021-12-31T02:35:13.442+0000][1][safepoint    ] Application time: 1.0013576 seconds
[2021-12-31T02:35:13.443+0000][1][safepoint    ] Entering safepoint region: Cleanup
[2021-12-31T02:35:13.443+0000][1][safepoint    ] Leaving safepoint region
[2021-12-31T02:35:13.443+0000][1][safepoint    ] Total time for which application threads were stopped: 0.0003864 seconds, Stopping threads took: 0.0002264 seconds
[2021-12-31T02:35:14.446+0000][1][safepoint    ] Application time: 1.0026185 seconds
[2021-12-31T02:35:14.446+0000][1][safepoint    ] Entering safepoint region: Cleanup
[2021-12-31T02:35:14.446+0000][1][safepoint    ] Leaving safepoint region
[2021-12-31T02:35:14.446+0000][1][safepoint    ] Total time for which application threads were stopped: 0.0002364 seconds, Stopping threads took: 0.0001064 seconds
[2021-12-31T02:35:15.448+0000][1][safepoint    ] Application time: 1.0015181 seconds
[2021-12-31T02:35:15.448+0000][1][safepoint    ] Entering safepoint region: Cleanup
[2021-12-31T02:35:15.448+0000][1][safepoint    ] Leaving safepoint region
[2021-12-31T02:35:15.448+0000][1][safepoint    ] Total time for which application threads were stopped: 0.0002260 seconds, Stopping threads took: 0.0001009 seconds
[2021-12-31T02:35:16.451+0000][1][safepoint    ] Application time: 1.0027050 seconds
[2021-12-31T02:35:16.452+0000][1][safepoint    ] Entering safepoint region: Cleanup
[2021-12-31T02:35:16.452+0000][1][safepoint    ] Leaving safepoint region
[2021-12-31T02:35:16.452+0000][1][safepoint    ] Total time for which application threads were stopped: 0.0002568 seconds, Stopping threads took: 0.0001268 seconds
[2021-12-31T02:35:16.707+0000][1][safepoint    ] Application time: 0.2551426 seconds
[2021-12-31T02:35:16.709+0000][1][safepoint    ] Entering safepoint region: RevokeBias
[2021-12-31T02:35:16.709+0000][1][safepoint    ] Leaving safepoint region
[2021-12-31T02:35:16.709+0000][1][safepoint    ] Total time for which application threads were stopped: 0.0007468 seconds, Stopping threads took: 0.0004057 seconds
[2021-12-31T02:35:17.712+0000][1][safepoint    ] Application time: 1.0019990 seconds
[2021-12-31T02:35:17.712+0000][1][safepoint    ] Entering safepoint region: Cleanup
[2021-12-31T02:35:17.712+0000][1][safepoint    ] Leaving safepoint region
[2021-12-31T02:35:17.712+0000][1][safepoint    ] Total time for which application threads were stopped: 0.0003091 seconds, Stopping threads took: 0.0001230 seconds
[2021-12-31T02:35:18.715+0000][1][safepoint    ] Application time: 1.0024205 seconds
[2021-12-31T02:35:18.715+0000][1][safepoint    ] Entering safepoint region: Cleanup
[2021-12-31T02:35:18.715+0000][1][safepoint    ] Leaving safepoint region
[2021-12-31T02:35:18.715+0000][1][safepoint    ] Total time for which application threads were stopped: 0.0002813 seconds, Stopping threads took: 0.0001256 seconds
[2021-12-31T02:35:19.717+0000][1][safepoint    ] Application time: 1.0014968 seconds
[2021-12-31T02:35:19.717+0000][1][safepoint    ] Entering safepoint region: Cleanup
[2021-12-31T02:35:19.717+0000][1][safepoint    ] Leaving safepoint region
[2021-12-31T02:35:19.717+0000][1][safepoint    ] Total time for which application threads were stopped: 0.0003081 seconds, Stopping threads took: 0.0001303 seconds
[2021-12-31T02:35:20.720+0000][1][safepoint    ] Application time: 1.0023844 seconds
[2021-12-31T02:35:20.720+0000][1][safepoint    ] Entering safepoint region: Cleanup
[2021-12-31T02:35:20.720+0000][1][safepoint    ] Leaving safepoint region
[2021-12-31T02:35:20.720+0000][1][safepoint    ] Total time for which application threads were stopped: 0.0002548 seconds, Stopping threads took: 0.0000989 seconds
[2021-12-31T02:35:21.721+0000][1][safepoint    ] Application time: 1.0010467 seconds
[2021-12-31T02:35:21.722+0000][1][safepoint    ] Entering safepoint region: Cleanup
[2021-12-31T02:35:21.722+0000][1][safepoint    ] Leaving safepoint region
[2021-12-31T02:35:21.722+0000][1][safepoint    ] Total time for which application threads were stopped: 0.0004832 seconds, Stopping threads took: 0.0002202 seconds
[2021-12-31T02:35:22.724+0000][1][safepoint    ] Application time: 1.0012996 seconds
[2021-12-31T02:35:22.724+0000][1][safepoint    ] Entering safepoint region: Cleanup
[2021-12-31T02:35:22.724+0000][1][safepoint    ] Leaving safepoint region
[2021-12-31T02:35:22.724+0000][1][safepoint    ] Total time for which application threads were stopped: 0.0002316 seconds, Stopping threads took: 0.0001043 seconds
[2021-12-31T02:35:23.726+0000][1][safepoint    ] Application time: 1.0015791 seconds
[2021-12-31T02:35:23.726+0000][1][safepoint    ] Entering safepoint region: Cleanup
[2021-12-31T02:35:23.726+0000][1][safepoint    ] Leaving safepoint region
[2021-12-31T02:35:23.726+0000][1][safepoint    ] Total time for which application threads were stopped: 0.0002378 seconds, Stopping threads took: 0.0001046 seconds
[2021-12-31T02:35:24.727+0000][1][safepoint    ] Application time: 1.0008907 seconds
[2021-12-31T02:35:24.728+0000][1][safepoint    ] Entering safepoint region: Cleanup
[2021-12-31T02:35:24.728+0000][1][safepoint    ] Leaving safepoint region
[2021-12-31T02:35:24.728+0000][1][safepoint    ] Total time for which application threads were stopped: 0.0002300 seconds, Stopping threads took: 0.0001011 seconds
[2021-12-31T02:35:25.728+0000][1][safepoint    ] Application time: 1.0002350 seconds
[2021-12-31T02:35:25.728+0000][1][safepoint    ] Entering safepoint region: Cleanup
[2021-12-31T02:35:25.728+0000][1][safepoint    ] Leaving safepoint region
[2021-12-31T02:35:25.729+0000][1][safepoint    ] Total time for which application threads were stopped: 0.0002254 seconds, Stopping threads took: 0.0001014 seconds
[2021-12-31T02:35:26.731+0000][1][safepoint    ] Application time: 1.0027560 seconds
[2021-12-31T02:35:26.732+0000][1][safepoint    ] Entering safepoint region: Cleanup
[2021-12-31T02:35:26.732+0000][1][safepoint    ] Leaving safepoint region
[2021-12-31T02:35:26.732+0000][1][safepoint    ] Total time for which application threads were stopped: 0.0002017 seconds, Stopping threads took: 0.0000879 seconds
[2021-12-31T02:35:27.733+0000][1][safepoint    ] Application time: 1.0013700 seconds
[2021-12-31T02:35:27.733+0000][1][safepoint    ] Entering safepoint region: Cleanup
[2021-12-31T02:35:27.733+0000][1][safepoint    ] Leaving safepoint region
[2021-12-31T02:35:27.734+0000][1][safepoint    ] Total time for which application threads were stopped: 0.0001942 seconds, Stopping threads took: 0.0000858 seconds
[2021-12-31T02:35:28.735+0000][1][safepoint    ] Application time: 1.0009145 seconds
[2021-12-31T02:35:28.735+0000][1][safepoint    ] Entering safepoint region: Cleanup
[2021-12-31T02:35:28.735+0000][1][safepoint    ] Leaving safepoint region
[2021-12-31T02:35:28.735+0000][1][safepoint    ] Total time for which application threads were stopped: 0.0005315 seconds, Stopping threads took: 0.0003021 seconds
[2021-12-31T02:35:30.482+0000][1][safepoint    ] Application time: 1.7467113 seconds
[2021-12-31T02:35:30.483+0000][1][safepoint    ] Entering safepoint region: Cleanup
[2021-12-31T02:35:30.483+0000][1][safepoint    ] Leaving safepoint region
[2021-12-31T02:35:30.483+0000][1][safepoint    ] Total time for which application threads were stopped: 0.0003954 seconds, Stopping threads took: 0.0001975 seconds
[2021-12-31T02:35:31.485+0000][1][safepoint    ] Application time: 1.0018972 seconds
[2021-12-31T02:35:31.486+0000][1][safepoint    ] Entering safepoint region: Cleanup
[2021-12-31T02:35:31.486+0000][1][safepoint    ] Leaving safepoint region
[2021-12-31T02:35:31.487+0000][1][safepoint    ] Total time for which application threads were stopped: 0.0004412 seconds, Stopping threads took: 0.0001601 seconds
[2021-12-31T02:35:32.489+0000][1][safepoint    ] Application time: 1.0023469 seconds
[2021-12-31T02:35:32.490+0000][1][safepoint    ] Entering safepoint region: Cleanup
[2021-12-31T02:35:32.490+0000][1][safepoint    ] Leaving safepoint region
[2021-12-31T02:35:32.490+0000][1][safepoint    ] Total time for which application threads were stopped: 0.0005406 seconds, Stopping threads took: 0.0002365 seconds
[2021-12-31T02:35:33.493+0000][1][safepoint    ] Application time: 1.0022042 seconds
[2021-12-31T02:35:33.493+0000][1][safepoint    ] Entering safepoint region: Cleanup
[2021-12-31T02:35:33.493+0000][1][safepoint    ] Leaving safepoint region
[2021-12-31T02:35:33.493+0000][1][safepoint    ] Total time for which application threads were stopped: 0.0002038 seconds, Stopping threads took: 0.0000914 seconds
[2021-12-31T02:35:34.495+0000][1][safepoint    ] Application time: 1.0015331 seconds
[2021-12-31T02:35:34.495+0000][1][safepoint    ] Entering safepoint region: Cleanup
[2021-12-31T02:35:34.495+0000][1][safepoint    ] Leaving safepoint region
[2021-12-31T02:35:34.495+0000][1][safepoint    ] Total time for which application threads were stopped: 0.0002074 seconds, Stopping threads took: 0.0000928 seconds
[2021-12-31T02:35:35.495+0000][1][safepoint    ] Application time: 1.0003785 seconds
[2021-12-31T02:35:35.496+0000][1][safepoint    ] Entering safepoint region: Cleanup
[2021-12-31T02:35:35.496+0000][1][safepoint    ] Leaving safepoint region
[2021-12-31T02:35:35.496+0000][1][safepoint    ] Total time for which application threads were stopped: 0.0004304 seconds, Stopping threads took: 0.0001946 seconds
[2021-12-31T02:35:36.499+0000][1][safepoint    ] Application time: 1.0026735 seconds
[2021-12-31T02:35:36.499+0000][1][safepoint    ] Entering safepoint region: Cleanup
[2021-12-31T02:35:36.500+0000][1][safepoint    ] Leaving safepoint region
[2021-12-31T02:35:36.500+0000][1][safepoint    ] Total time for which application threads were stopped: 0.0005504 seconds, Stopping threads took: 0.0002348 seconds
[2021-12-31T02:35:37.502+0000][1][safepoint    ] Application time: 1.0017403 seconds
[2021-12-31T02:35:37.502+0000][1][safepoint    ] Entering safepoint region: Cleanup
[2021-12-31T02:35:37.502+0000][1][safepoint    ] Leaving safepoint region
[2021-12-31T02:35:37.503+0000][1][safepoint    ] Total time for which application threads were stopped: 0.0005804 seconds, Stopping threads took: 0.0002020 seconds
[2021-12-31T02:35:38.503+0000][1][safepoint    ] Application time: 1.0004309 seconds
[2021-12-31T02:35:38.504+0000][1][safepoint    ] Entering safepoint region: Cleanup
[2021-12-31T02:35:38.504+0000][1][safepoint    ] Leaving safepoint region
[2021-12-31T02:35:38.504+0000][1][safepoint    ] Total time for which application threads were stopped: 0.0006999 seconds, Stopping threads took: 0.0003700 seconds
[2021-12-31T02:35:39.508+0000][1][safepoint    ] Application time: 1.0031451 seconds
[2021-12-31T02:35:39.508+0000][1][safepoint    ] Entering safepoint region: Cleanup
[2021-12-31T02:35:39.508+0000][1][safepoint    ] Leaving safepoint region
[2021-12-31T02:35:39.508+0000][1][safepoint    ] Total time for which application threads were stopped: 0.0002395 seconds, Stopping threads took: 0.0001153 seconds
[2021-12-31T02:35:40.509+0000][1][safepoint    ] Application time: 1.0009150 seconds
[2021-12-31T02:35:40.510+0000][1][safepoint    ] Entering safepoint region: Cleanup
[2021-12-31T02:35:40.510+0000][1][safepoint    ] Leaving safepoint region
[2021-12-31T02:35:40.510+0000][1][safepoint    ] Total time for which application threads were stopped: 0.0004591 seconds, Stopping threads took: 0.0002027 seconds
[2021-12-31T02:35:41.511+0000][1][safepoint    ] Application time: 1.0010325 seconds
[2021-12-31T02:35:41.511+0000][1][safepoint    ] Entering safepoint region: Cleanup
[2021-12-31T02:35:41.512+0000][1][safepoint    ] Leaving safepoint region
[2021-12-31T02:35:41.512+0000][1][safepoint    ] Total time for which application threads were stopped: 0.0001919 seconds, Stopping threads took: 0.0000843 seconds
[2021-12-31T02:35:42.517+0000][1][safepoint    ] Application time: 1.0052546 seconds
[2021-12-31T02:35:42.518+0000][1][safepoint    ] Entering safepoint region: Cleanup
[2021-12-31T02:35:42.518+0000][1][safepoint    ] Leaving safepoint region
[2021-12-31T02:35:42.518+0000][1][safepoint    ] Total time for which application threads were stopped: 0.0003529 seconds, Stopping threads took: 0.0001651 seconds
[2021-12-31T02:35:43.521+0000][1][safepoint    ] Application time: 1.0025988 seconds
[2021-12-31T02:35:43.521+0000][1][safepoint    ] Entering safepoint region: Cleanup
[2021-12-31T02:35:43.521+0000][1][safepoint    ] Leaving safepoint region
[2021-12-31T02:35:43.521+0000][1][safepoint    ] Total time for which application threads were stopped: 0.0002217 seconds, Stopping threads took: 0.0000909 seconds
[2021-12-31T02:35:44.524+0000][1][safepoint    ] Application time: 1.0028887 seconds
[2021-12-31T02:35:44.525+0000][1][safepoint    ] Entering safepoint region: Cleanup
[2021-12-31T02:35:44.525+0000][1][safepoint    ] Leaving safepoint region
[2021-12-31T02:35:44.525+0000][1][safepoint    ] Total time for which application threads were stopped: 0.0001911 seconds, Stopping threads took: 0.0000846 seconds
[2021-12-31T02:35:45.528+0000][1][safepoint    ] Application time: 1.0027410 seconds
[2021-12-31T02:35:45.528+0000][1][safepoint    ] Entering safepoint region: Cleanup
[2021-12-31T02:35:45.528+0000][1][safepoint    ] Leaving safepoint region
[2021-12-31T02:35:45.529+0000][1][safepoint    ] Total time for which application threads were stopped: 0.0006214 seconds, Stopping threads took: 0.0002079 seconds
[2021-12-31T02:35:46.531+0000][1][safepoint    ] Application time: 1.0018385 seconds
[2021-12-31T02:35:46.531+0000][1][safepoint    ] Entering safepoint region: Cleanup
[2021-12-31T02:35:46.532+0000][1][safepoint    ] Leaving safepoint region
[2021-12-31T02:35:46.532+0000][1][safepoint    ] Total time for which application threads were stopped: 0.0004659 seconds, Stopping threads took: 0.0002619 seconds
[2021-12-31T02:35:47.532+0000][1][safepoint    ] Application time: 1.0003718 seconds
[2021-12-31T02:35:47.532+0000][1][safepoint    ] Entering safepoint region: Cleanup
[2021-12-31T02:35:47.532+0000][1][safepoint    ] Leaving safepoint region
[2021-12-31T02:35:47.533+0000][1][safepoint    ] Total time for which application threads were stopped: 0.0002237 seconds, Stopping threads took: 0.0000943 seconds
[2021-12-31T02:35:48.536+0000][1][safepoint    ] Application time: 1.0032680 seconds
[2021-12-31T02:35:48.536+0000][1][safepoint    ] Entering safepoint region: Cleanup
[2021-12-31T02:35:48.536+0000][1][safepoint    ] Leaving safepoint region
[2021-12-31T02:35:48.536+0000][1][safepoint    ] Total time for which application threads were stopped: 0.0002515 seconds, Stopping threads took: 0.0001112 seconds
[2021-12-31T02:35:49.540+0000][1][safepoint    ] Application time: 1.0032545 seconds
[2021-12-31T02:35:49.540+0000][1][safepoint    ] Entering safepoint region: Cleanup
[2021-12-31T02:35:49.540+0000][1][safepoint    ] Leaving safepoint region
[2021-12-31T02:35:49.540+0000][1][safepoint    ] Total time for which application threads were stopped: 0.0002989 seconds, Stopping threads took: 0.0001273 seconds
[2021-12-31T02:35:50.541+0000][1][safepoint    ] Application time: 1.0003462 seconds
[2021-12-31T02:35:50.541+0000][1][safepoint    ] Entering safepoint region: Cleanup
[2021-12-31T02:35:50.541+0000][1][safepoint    ] Leaving safepoint region
[2021-12-31T02:35:50.541+0000][1][safepoint    ] Total time for which application threads were stopped: 0.0002178 seconds, Stopping threads took: 0.0000999 seconds
[2021-12-31T02:35:51.543+0000][1][safepoint    ] Application time: 1.0015891 seconds
[2021-12-31T02:35:51.543+0000][1][safepoint    ] Entering safepoint region: Cleanup
[2021-12-31T02:35:51.543+0000][1][safepoint    ] Leaving safepoint region
[2021-12-31T02:35:51.544+0000][1][safepoint    ] Total time for which application threads were stopped: 0.0002066 seconds, Stopping threads took: 0.0000919 seconds
[2021-12-31T02:35:52.545+0000][1][safepoint    ] Application time: 1.0014828 seconds
[2021-12-31T02:35:52.546+0000][1][safepoint    ] Entering safepoint region: Cleanup
[2021-12-31T02:35:52.546+0000][1][safepoint    ] Leaving safepoint region
[2021-12-31T02:35:52.546+0000][1][safepoint    ] Total time for which application threads were stopped: 0.0002266 seconds, Stopping threads took: 0.0001021 seconds
[2021-12-31T02:35:53.547+0000][1][safepoint    ] Application time: 1.0014799 seconds
[2021-12-31T02:35:53.548+0000][1][safepoint    ] Entering safepoint region: Cleanup
[2021-12-31T02:35:53.548+0000][1][safepoint    ] Leaving safepoint region
[2021-12-31T02:35:53.548+0000][1][safepoint    ] Total time for which application threads were stopped: 0.0002161 seconds, Stopping threads took: 0.0000970 seconds
[2021-12-31T02:35:54.549+0000][1][safepoint    ] Application time: 1.0015340 seconds
[2021-12-31T02:35:54.550+0000][1][safepoint    ] Entering safepoint region: Cleanup
[2021-12-31T02:35:54.550+0000][1][safepoint    ] Leaving safepoint region
[2021-12-31T02:35:54.550+0000][1][safepoint    ] Total time for which application threads were stopped: 0.0002189 seconds, Stopping threads took: 0.0000983 seconds
[2021-12-31T02:35:55.551+0000][1][safepoint    ] Application time: 1.0008953 seconds
[2021-12-31T02:35:55.551+0000][1][safepoint    ] Entering safepoint region: Cleanup
[2021-12-31T02:35:55.551+0000][1][safepoint    ] Leaving safepoint region
[2021-12-31T02:35:55.551+0000][1][safepoint    ] Total time for which application threads were stopped: 0.0002233 seconds, Stopping threads took: 0.0001001 seconds
[2021-12-31T02:35:56.553+0000][1][safepoint    ] Application time: 1.0012065 seconds
[2021-12-31T02:35:56.553+0000][1][safepoint    ] Entering safepoint region: Cleanup
[2021-12-31T02:35:56.553+0000][1][safepoint    ] Leaving safepoint region
[2021-12-31T02:35:56.553+0000][1][safepoint    ] Total time for which application threads were stopped: 0.0002122 seconds, Stopping threads took: 0.0000937 seconds
[2021-12-31T02:35:57.554+0000][1][safepoint    ] Application time: 1.0008357 seconds
[2021-12-31T02:35:57.555+0000][1][safepoint    ] Entering safepoint region: Cleanup
[2021-12-31T02:35:57.556+0000][1][safepoint    ] Leaving safepoint region
[2021-12-31T02:35:57.556+0000][1][safepoint    ] Total time for which application threads were stopped: 0.0008615 seconds, Stopping threads took: 0.0005711 seconds
[2021-12-31T02:35:58.557+0000][1][safepoint    ] Application time: 1.0014744 seconds
[2021-12-31T02:35:58.558+0000][1][safepoint    ] Entering safepoint region: Cleanup
[2021-12-31T02:35:58.558+0000][1][safepoint    ] Leaving safepoint region
[2021-12-31T02:35:58.558+0000][1][safepoint    ] Total time for which application threads were stopped: 0.0002033 seconds, Stopping threads took: 0.0000891 seconds
[2021-12-31T02:35:59.560+0000][1][safepoint    ] Application time: 1.0018806 seconds
[2021-12-31T02:35:59.560+0000][1][safepoint    ] Entering safepoint region: Cleanup
[2021-12-31T02:35:59.560+0000][1][safepoint    ] Leaving safepoint region
[2021-12-31T02:35:59.560+0000][1][safepoint    ] Total time for which application threads were stopped: 0.0002139 seconds, Stopping threads took: 0.0000942 seconds
[2021-12-31T02:36:00.562+0000][1][safepoint    ] Application time: 1.0015543 seconds
[2021-12-31T02:36:00.566+0000][1][safepoint    ] Entering safepoint region: Cleanup
[2021-12-31T02:36:00.566+0000][1][safepoint    ] Leaving safepoint region
[2021-12-31T02:36:00.566+0000][1][safepoint    ] Total time for which application threads were stopped: 0.0002401 seconds, Stopping threads took: 0.0001166 seconds
[2021-12-31T02:36:01.567+0000][1][safepoint    ] Application time: 1.0005176 seconds
[2021-12-31T02:36:01.567+0000][1][safepoint    ] Entering safepoint region: Cleanup
[2021-12-31T02:36:01.567+0000][1][safepoint    ] Leaving safepoint region
[2021-12-31T02:36:01.568+0000][1][safepoint    ] Total time for which application threads were stopped: 0.0005770 seconds, Stopping threads took: 0.0004505 seconds
[2021-12-31T02:36:02.569+0000][1][safepoint    ] Application time: 1.0012568 seconds
[2021-12-31T02:36:02.569+0000][1][safepoint    ] Entering safepoint region: Cleanup
[2021-12-31T02:36:02.569+0000][1][safepoint    ] Leaving safepoint region
[2021-12-31T02:36:02.569+0000][1][safepoint    ] Total time for which application threads were stopped: 0.0002329 seconds, Stopping threads took: 0.0001020 seconds
[2021-12-31T02:36:03.571+0000][1][safepoint    ] Application time: 1.0012678 seconds
[2021-12-31T02:36:03.571+0000][1][safepoint    ] Entering safepoint region: Cleanup
[2021-12-31T02:36:03.571+0000][1][safepoint    ] Leaving safepoint region
[2021-12-31T02:36:03.571+0000][1][safepoint    ] Total time for which application threads were stopped: 0.0002191 seconds, Stopping threads took: 0.0000960 seconds
[2021-12-31T02:36:04.573+0000][1][safepoint    ] Application time: 1.0017897 seconds
[2021-12-31T02:36:04.573+0000][1][safepoint    ] Entering safepoint region: Cleanup
[2021-12-31T02:36:04.573+0000][1][safepoint    ] Leaving safepoint region
[2021-12-31T02:36:04.573+0000][1][safepoint    ] Total time for which application threads were stopped: 0.0002495 seconds, Stopping threads took: 0.0001026 seconds
[2021-12-31T02:36:05.576+0000][1][safepoint    ] Application time: 1.0022103 seconds
[2021-12-31T02:36:05.576+0000][1][safepoint    ] Entering safepoint region: Cleanup
[2021-12-31T02:36:05.576+0000][1][safepoint    ] Leaving safepoint region
[2021-12-31T02:36:05.576+0000][1][safepoint    ] Total time for which application threads were stopped: 0.0002647 seconds, Stopping threads took: 0.0001204 seconds
[2021-12-31T02:36:06.577+0000][1][safepoint    ] Application time: 1.0002617 seconds
[2021-12-31T02:36:06.577+0000][1][safepoint    ] Entering safepoint region: Cleanup
[2021-12-31T02:36:06.577+0000][1][safepoint    ] Leaving safepoint region
[2021-12-31T02:36:06.577+0000][1][safepoint    ] Total time for which application threads were stopped: 0.0002779 seconds, Stopping threads took: 0.0001187 seconds
[2021-12-31T02:36:07.579+0000][1][safepoint    ] Application time: 1.0015873 seconds
[2021-12-31T02:36:07.579+0000][1][safepoint    ] Entering safepoint region: Cleanup
[2021-12-31T02:36:07.579+0000][1][safepoint    ] Leaving safepoint region
[2021-12-31T02:36:07.579+0000][1][safepoint    ] Total time for which application threads were stopped: 0.0003622 seconds, Stopping threads took: 0.0001178 seconds
[2021-12-31T02:36:08.580+0000][1][safepoint    ] Application time: 1.0001703 seconds
[2021-12-31T02:36:08.580+0000][1][safepoint    ] Entering safepoint region: Cleanup
[2021-12-31T02:36:08.580+0000][1][safepoint    ] Leaving safepoint region
[2021-12-31T02:36:08.581+0000][1][safepoint    ] Total time for which application threads were stopped: 0.0004712 seconds, Stopping threads took: 0.0002132 seconds
[2021-12-31T02:36:09.582+0000][1][safepoint    ] Application time: 1.0015557 seconds
[2021-12-31T02:36:09.583+0000][1][safepoint    ] Entering safepoint region: Cleanup
[2021-12-31T02:36:09.583+0000][1][safepoint    ] Leaving safepoint region
[2021-12-31T02:36:09.583+0000][1][safepoint    ] Total time for which application threads were stopped: 0.0002394 seconds, Stopping threads took: 0.0001139 seconds
[2021-12-31T02:36:10.585+0000][1][safepoint    ] Application time: 1.0024593 seconds
[2021-12-31T02:36:10.586+0000][1][safepoint    ] Entering safepoint region: Cleanup
[2021-12-31T02:36:10.586+0000][1][safepoint    ] Leaving safepoint region
[2021-12-31T02:36:10.586+0000][1][safepoint    ] Total time for which application threads were stopped: 0.0002124 seconds, Stopping threads took: 0.0000921 seconds
[2021-12-31T02:36:11.335+0000][1][safepoint    ] Application time: 0.7490946 seconds
[2021-12-31T02:36:11.335+0000][1][safepoint    ] Entering safepoint region: GenCollectForAllocation
[2021-12-31T02:36:11.335+0000][1][gc,start     ] GC(24) Pause Young (Allocation Failure)
[2021-12-31T02:36:11.336+0000][1][gc,task      ] GC(24) Using 1 workers of 1 for evacuation
[2021-12-31T02:36:11.351+0000][1][gc,age       ] GC(24) Desired survivor size 4358144 bytes, new threshold 6 (max threshold 6)
[2021-12-31T02:36:11.352+0000][1][gc,age       ] GC(24) Age table with threshold 6 (max threshold 6)
[2021-12-31T02:36:11.352+0000][1][gc,age       ] GC(24) - age   1:       7952 bytes,       7952 total
[2021-12-31T02:36:11.352+0000][1][gc,age       ] GC(24) - age   2:     702728 bytes,     710680 total
[2021-12-31T02:36:11.352+0000][1][gc,age       ] GC(24) - age   3:    2508800 bytes,    3219480 total
[2021-12-31T02:36:11.352+0000][1][gc,heap      ] GC(24) ParNew: 73754K->5156K(76672K)
[2021-12-31T02:36:11.353+0000][1][gc,heap      ] GC(24) CMS: 63703K->63703K(439104K)
[2021-12-31T02:36:11.353+0000][1][gc,metaspace ] GC(24) Metaspace: 66934K->66934K(1110016K)
[2021-12-31T02:36:11.353+0000][1][gc           ] GC(24) Pause Young (Allocation Failure) 134M->67M(503M) 17.369ms
[2021-12-31T02:36:11.353+0000][1][gc,cpu       ] GC(24) User=0.01s Sys=0.00s Real=0.02s
[2021-12-31T02:36:11.353+0000][1][safepoint    ] Leaving safepoint region
[2021-12-31T02:36:11.353+0000][1][safepoint    ] Total time for which application threads were stopped: 0.0180134 seconds, Stopping threads took: 0.0001904 seconds
[2021-12-31T02:36:12.354+0000][1][safepoint    ] Application time: 1.0006657 seconds
[2021-12-31T02:36:12.354+0000][1][safepoint    ] Entering safepoint region: Cleanup
[2021-12-31T02:36:12.354+0000][1][safepoint    ] Leaving safepoint region
[2021-12-31T02:36:12.354+0000][1][safepoint    ] Total time for which application threads were stopped: 0.0002606 seconds, Stopping threads took: 0.0001200 seconds
[2021-12-31T02:36:13.355+0000][1][safepoint    ] Application time: 1.0004009 seconds
[2021-12-31T02:36:13.355+0000][1][safepoint    ] Entering safepoint region: Cleanup
[2021-12-31T02:36:13.355+0000][1][safepoint    ] Leaving safepoint region
[2021-12-31T02:36:13.355+0000][1][safepoint    ] Total time for which application threads were stopped: 0.0002644 seconds, Stopping threads took: 0.0001070 seconds
[2021-12-31T02:36:14.356+0000][1][safepoint    ] Application time: 1.0004407 seconds
[2021-12-31T02:36:14.356+0000][1][safepoint    ] Entering safepoint region: Cleanup
[2021-12-31T02:36:14.356+0000][1][safepoint    ] Leaving safepoint region
[2021-12-31T02:36:14.356+0000][1][safepoint    ] Total time for which application threads were stopped: 0.0002307 seconds, Stopping threads took: 0.0001022 seconds
[2021-12-31T02:36:15.359+0000][1][safepoint    ] Application time: 1.0023758 seconds
[2021-12-31T02:36:15.359+0000][1][safepoint    ] Entering safepoint region: Cleanup
[2021-12-31T02:36:15.359+0000][1][safepoint    ] Leaving safepoint region
[2021-12-31T02:36:15.359+0000][1][safepoint    ] Total time for which application threads were stopped: 0.0002616 seconds, Stopping threads took: 0.0001171 seconds
[2021-12-31T02:36:16.602+0000][1][safepoint    ] Application time: 1.2429499 seconds
[2021-12-31T02:36:16.602+0000][1][safepoint    ] Entering safepoint region: Cleanup
[2021-12-31T02:36:16.603+0000][1][safepoint    ] Leaving safepoint region
[2021-12-31T02:36:16.603+0000][1][safepoint    ] Total time for which application threads were stopped: 0.0002230 seconds, Stopping threads took: 0.0000991 seconds
[2021-12-31T02:36:16.721+0000][1][safepoint    ] Application time: 0.1181107 seconds
[2021-12-31T02:36:16.731+0000][1][safepoint    ] Entering safepoint region: RevokeBias
[2021-12-31T02:36:16.731+0000][1][safepoint    ] Leaving safepoint region
[2021-12-31T02:36:16.731+0000][1][safepoint    ] Total time for which application threads were stopped: 0.0003879 seconds, Stopping threads took: 0.0002405 seconds
[2021-12-31T02:36:17.735+0000][1][safepoint    ] Application time: 1.0037256 seconds
[2021-12-31T02:36:17.736+0000][1][safepoint    ] Entering safepoint region: Cleanup
[2021-12-31T02:36:17.736+0000][1][safepoint    ] Leaving safepoint region
[2021-12-31T02:36:17.736+0000][1][safepoint    ] Total time for which application threads were stopped: 0.0002357 seconds, Stopping threads took: 0.0001081 seconds
[2021-12-31T02:36:18.737+0000][1][safepoint    ] Application time: 1.0008207 seconds
[2021-12-31T02:36:18.737+0000][1][safepoint    ] Entering safepoint region: Cleanup
[2021-12-31T02:36:18.737+0000][1][safepoint    ] Leaving safepoint region
[2021-12-31T02:36:18.737+0000][1][safepoint    ] Total time for which application threads were stopped: 0.0002186 seconds, Stopping threads took: 0.0000964 seconds
[2021-12-31T02:36:19.740+0000][1][safepoint    ] Application time: 1.0020865 seconds
[2021-12-31T02:36:19.740+0000][1][safepoint    ] Entering safepoint region: Cleanup
[2021-12-31T02:36:19.740+0000][1][safepoint    ] Leaving safepoint region
[2021-12-31T02:36:19.740+0000][1][safepoint    ] Total time for which application threads were stopped: 0.0004512 seconds, Stopping threads took: 0.0001814 seconds
[2021-12-31T02:36:20.744+0000][1][safepoint    ] Application time: 1.0035102 seconds
[2021-12-31T02:36:20.744+0000][1][safepoint    ] Entering safepoint region: Cleanup
[2021-12-31T02:36:20.744+0000][1][safepoint    ] Leaving safepoint region
[2021-12-31T02:36:20.745+0000][1][safepoint    ] Total time for which application threads were stopped: 0.0002738 seconds, Stopping threads took: 0.0001334 seconds
[2021-12-31T02:36:21.755+0000][1][safepoint    ] Application time: 1.0102099 seconds
[2021-12-31T02:36:21.755+0000][1][safepoint    ] Entering safepoint region: Cleanup
[2021-12-31T02:36:21.755+0000][1][safepoint    ] Leaving safepoint region
[2021-12-31T02:36:21.755+0000][1][safepoint    ] Total time for which application threads were stopped: 0.0002672 seconds, Stopping threads took: 0.0001262 seconds
[2021-12-31T02:36:22.757+0000][1][safepoint    ] Application time: 1.0013601 seconds
[2021-12-31T02:36:22.757+0000][1][safepoint    ] Entering safepoint region: Cleanup
[2021-12-31T02:36:22.757+0000][1][safepoint    ] Leaving safepoint region
[2021-12-31T02:36:22.757+0000][1][safepoint    ] Total time for which application threads were stopped: 0.0002323 seconds, Stopping threads took: 0.0001032 seconds
[2021-12-31T02:36:23.759+0000][1][safepoint    ] Application time: 1.0021556 seconds
[2021-12-31T02:36:23.760+0000][1][safepoint    ] Entering safepoint region: Cleanup
[2021-12-31T02:36:23.760+0000][1][safepoint    ] Leaving safepoint region
[2021-12-31T02:36:23.760+0000][1][safepoint    ] Total time for which application threads were stopped: 0.0002248 seconds, Stopping threads took: 0.0000997 seconds
[2021-12-31T02:36:24.761+0000][1][safepoint    ] Application time: 1.0013834 seconds
[2021-12-31T02:36:24.761+0000][1][safepoint    ] Entering safepoint region: Cleanup
[2021-12-31T02:36:24.762+0000][1][safepoint    ] Leaving safepoint region
[2021-12-31T02:36:24.762+0000][1][safepoint    ] Total time for which application threads were stopped: 0.0002199 seconds, Stopping threads took: 0.0000947 seconds
[2021-12-31T02:36:25.766+0000][1][safepoint    ] Application time: 1.0038363 seconds
[2021-12-31T02:36:25.766+0000][1][safepoint    ] Entering safepoint region: Cleanup
[2021-12-31T02:36:25.766+0000][1][safepoint    ] Leaving safepoint region
[2021-12-31T02:36:25.766+0000][1][safepoint    ] Total time for which application threads were stopped: 0.0002331 seconds, Stopping threads took: 0.0001014 seconds
[2021-12-31T02:36:26.770+0000][1][safepoint    ] Application time: 1.0037417 seconds
[2021-12-31T02:36:26.770+0000][1][safepoint    ] Entering safepoint region: Cleanup
[2021-12-31T02:36:26.770+0000][1][safepoint    ] Leaving safepoint region
[2021-12-31T02:36:26.770+0000][1][safepoint    ] Total time for which application threads were stopped: 0.0002925 seconds, Stopping threads took: 0.0001221 seconds
[2021-12-31T02:36:27.777+0000][1][safepoint    ] Application time: 1.0060709 seconds
[2021-12-31T02:36:27.777+0000][1][safepoint    ] Entering safepoint region: Cleanup
[2021-12-31T02:36:27.777+0000][1][safepoint    ] Leaving safepoint region
[2021-12-31T02:36:27.777+0000][1][safepoint    ] Total time for which application threads were stopped: 0.0004352 seconds, Stopping threads took: 0.0002089 seconds
[2021-12-31T02:36:28.788+0000][1][safepoint    ] Application time: 1.0101614 seconds
[2021-12-31T02:36:28.788+0000][1][safepoint    ] Entering safepoint region: Cleanup
[2021-12-31T02:36:28.788+0000][1][safepoint    ] Leaving safepoint region
[2021-12-31T02:36:28.789+0000][1][safepoint    ] Total time for which application threads were stopped: 0.0003508 seconds, Stopping threads took: 0.0001326 seconds
[2021-12-31T02:36:29.795+0000][1][safepoint    ] Application time: 1.0059184 seconds
[2021-12-31T02:36:29.795+0000][1][safepoint    ] Entering safepoint region: Cleanup
[2021-12-31T02:36:29.795+0000][1][safepoint    ] Leaving safepoint region
[2021-12-31T02:36:29.795+0000][1][safepoint    ] Total time for which application threads were stopped: 0.0002310 seconds, Stopping threads took: 0.0000992 seconds
[2021-12-31T02:36:30.798+0000][1][safepoint    ] Application time: 1.0026445 seconds
[2021-12-31T02:36:30.799+0000][1][safepoint    ] Entering safepoint region: Cleanup
[2021-12-31T02:36:30.800+0000][1][safepoint    ] Leaving safepoint region
[2021-12-31T02:36:30.801+0000][1][safepoint    ] Total time for which application threads were stopped: 0.0022103 seconds, Stopping threads took: 0.0008911 seconds
[2021-12-31T02:36:31.803+0000][1][safepoint    ] Application time: 1.0011815 seconds
[2021-12-31T02:36:31.803+0000][1][safepoint    ] Entering safepoint region: Cleanup
[2021-12-31T02:36:31.803+0000][1][safepoint    ] Leaving safepoint region
[2021-12-31T02:36:31.803+0000][1][safepoint    ] Total time for which application threads were stopped: 0.0002179 seconds, Stopping threads took: 0.0000950 seconds
[2021-12-31T02:36:32.806+0000][1][safepoint    ] Application time: 1.0025952 seconds
[2021-12-31T02:36:32.806+0000][1][safepoint    ] Entering safepoint region: Cleanup
[2021-12-31T02:36:32.806+0000][1][safepoint    ] Leaving safepoint region
[2021-12-31T02:36:32.806+0000][1][safepoint    ] Total time for which application threads were stopped: 0.0002211 seconds, Stopping threads took: 0.0000966 seconds
[2021-12-31T02:36:33.808+0000][1][safepoint    ] Application time: 1.0020760 seconds
[2021-12-31T02:36:33.809+0000][1][safepoint    ] Entering safepoint region: Cleanup
[2021-12-31T02:36:33.809+0000][1][safepoint    ] Leaving safepoint region
[2021-12-31T02:36:33.809+0000][1][safepoint    ] Total time for which application threads were stopped: 0.0002577 seconds, Stopping threads took: 0.0001283 seconds
[2021-12-31T02:36:34.813+0000][1][safepoint    ] Application time: 1.0042162 seconds
[2021-12-31T02:36:34.814+0000][1][safepoint    ] Entering safepoint region: Cleanup
[2021-12-31T02:36:34.814+0000][1][safepoint    ] Leaving safepoint region
[2021-12-31T02:36:34.814+0000][1][safepoint    ] Total time for which application threads were stopped: 0.0002689 seconds, Stopping threads took: 0.0001377 seconds
[2021-12-31T02:36:35.816+0000][1][safepoint    ] Application time: 1.0019276 seconds
[2021-12-31T02:36:35.816+0000][1][safepoint    ] Entering safepoint region: Cleanup
[2021-12-31T02:36:35.816+0000][1][safepoint    ] Leaving safepoint region
[2021-12-31T02:36:35.816+0000][1][safepoint    ] Total time for which application threads were stopped: 0.0002175 seconds, Stopping threads took: 0.0000922 seconds
[2021-12-31T02:36:36.817+0000][1][safepoint    ] Application time: 1.0005964 seconds
[2021-12-31T02:36:36.817+0000][1][safepoint    ] Entering safepoint region: Cleanup
[2021-12-31T02:36:36.817+0000][1][safepoint    ] Leaving safepoint region
[2021-12-31T02:36:36.817+0000][1][safepoint    ] Total time for which application threads were stopped: 0.0002179 seconds, Stopping threads took: 0.0000922 seconds
[2021-12-31T02:36:37.818+0000][1][safepoint    ] Application time: 1.0004127 seconds
[2021-12-31T02:36:37.818+0000][1][safepoint    ] Entering safepoint region: Cleanup
[2021-12-31T02:36:37.818+0000][1][safepoint    ] Leaving safepoint region
[2021-12-31T02:36:37.818+0000][1][safepoint    ] Total time for which application threads were stopped: 0.0002114 seconds, Stopping threads took: 0.0000892 seconds
[2021-12-31T02:36:38.819+0000][1][safepoint    ] Application time: 1.0006654 seconds
[2021-12-31T02:36:38.819+0000][1][safepoint    ] Entering safepoint region: Cleanup
[2021-12-31T02:36:38.819+0000][1][safepoint    ] Leaving safepoint region
[2021-12-31T02:36:38.819+0000][1][safepoint    ] Total time for which application threads were stopped: 0.0002358 seconds, Stopping threads took: 0.0001020 seconds
[2021-12-31T02:36:39.821+0000][1][safepoint    ] Application time: 1.0012132 seconds
[2021-12-31T02:36:39.821+0000][1][safepoint    ] Entering safepoint region: Cleanup
[2021-12-31T02:36:39.821+0000][1][safepoint    ] Leaving safepoint region
[2021-12-31T02:36:39.821+0000][1][safepoint    ] Total time for which application threads were stopped: 0.0002218 seconds, Stopping threads took: 0.0000971 seconds
[2021-12-31T02:36:40.823+0000][1][safepoint    ] Application time: 1.0020305 seconds
[2021-12-31T02:36:40.823+0000][1][safepoint    ] Entering safepoint region: Cleanup
[2021-12-31T02:36:40.824+0000][1][safepoint    ] Leaving safepoint region
[2021-12-31T02:36:40.824+0000][1][safepoint    ] Total time for which application threads were stopped: 0.0002218 seconds, Stopping threads took: 0.0000963 seconds
[2021-12-31T02:36:42.685+0000][1][safepoint    ] Application time: 1.8617318 seconds
[2021-12-31T02:36:42.686+0000][1][safepoint    ] Entering safepoint region: Cleanup
[2021-12-31T02:36:42.686+0000][1][safepoint    ] Leaving safepoint region
[2021-12-31T02:36:42.686+0000][1][safepoint    ] Total time for which application threads were stopped: 0.0003422 seconds, Stopping threads took: 0.0001739 seconds
[2021-12-31T02:36:43.687+0000][1][safepoint    ] Application time: 1.0008947 seconds
[2021-12-31T02:36:43.687+0000][1][safepoint    ] Entering safepoint region: Cleanup
[2021-12-31T02:36:43.687+0000][1][safepoint    ] Leaving safepoint region
[2021-12-31T02:36:43.687+0000][1][safepoint    ] Total time for which application threads were stopped: 0.0001979 seconds, Stopping threads took: 0.0000881 seconds
[2021-12-31T02:36:44.690+0000][1][safepoint    ] Application time: 1.0025721 seconds
[2021-12-31T02:36:44.690+0000][1][safepoint    ] Entering safepoint region: Cleanup
[2021-12-31T02:36:44.690+0000][1][safepoint    ] Leaving safepoint region
[2021-12-31T02:36:44.690+0000][1][safepoint    ] Total time for which application threads were stopped: 0.0002085 seconds, Stopping threads took: 0.0000898 seconds
[2021-12-31T02:36:45.694+0000][1][safepoint    ] Application time: 1.0030383 seconds
[2021-12-31T02:36:45.694+0000][1][safepoint    ] Entering safepoint region: Cleanup
[2021-12-31T02:36:45.694+0000][1][safepoint    ] Leaving safepoint region
[2021-12-31T02:36:45.694+0000][1][safepoint    ] Total time for which application threads were stopped: 0.0002266 seconds, Stopping threads took: 0.0000975 seconds
[2021-12-31T02:36:46.696+0000][1][safepoint    ] Application time: 1.0016031 seconds
[2021-12-31T02:36:46.696+0000][1][safepoint    ] Entering safepoint region: Cleanup
[2021-12-31T02:36:46.696+0000][1][safepoint    ] Leaving safepoint region
[2021-12-31T02:36:46.696+0000][1][safepoint    ] Total time for which application threads were stopped: 0.0002237 seconds, Stopping threads took: 0.0000965 seconds
[2021-12-31T02:36:47.699+0000][1][safepoint    ] Application time: 1.0028441 seconds
[2021-12-31T02:36:47.699+0000][1][safepoint    ] Entering safepoint region: Cleanup
[2021-12-31T02:36:47.699+0000][1][safepoint    ] Leaving safepoint region
[2021-12-31T02:36:47.700+0000][1][safepoint    ] Total time for which application threads were stopped: 0.0002655 seconds, Stopping threads took: 0.0001239 seconds
[2021-12-31T02:36:48.706+0000][1][safepoint    ] Application time: 1.0063100 seconds
[2021-12-31T02:36:48.706+0000][1][safepoint    ] Entering safepoint region: Cleanup
[2021-12-31T02:36:48.706+0000][1][safepoint    ] Leaving safepoint region
[2021-12-31T02:36:48.706+0000][1][safepoint    ] Total time for which application threads were stopped: 0.0002641 seconds, Stopping threads took: 0.0001153 seconds
[2021-12-31T02:36:49.707+0000][1][safepoint    ] Application time: 1.0002319 seconds
[2021-12-31T02:36:49.707+0000][1][safepoint    ] Entering safepoint region: Cleanup
[2021-12-31T02:36:49.707+0000][1][safepoint    ] Leaving safepoint region
[2021-12-31T02:36:49.707+0000][1][safepoint    ] Total time for which application threads were stopped: 0.0002359 seconds, Stopping threads took: 0.0001016 seconds
[2021-12-31T02:36:50.708+0000][1][safepoint    ] Application time: 1.0008875 seconds
[2021-12-31T02:36:50.708+0000][1][safepoint    ] Entering safepoint region: Cleanup
[2021-12-31T02:36:50.708+0000][1][safepoint    ] Leaving safepoint region
[2021-12-31T02:36:50.709+0000][1][safepoint    ] Total time for which application threads were stopped: 0.0002285 seconds, Stopping threads took: 0.0000973 seconds
[2021-12-31T02:36:51.710+0000][1][safepoint    ] Application time: 1.0011569 seconds
[2021-12-31T02:36:51.710+0000][1][safepoint    ] Entering safepoint region: Cleanup
[2021-12-31T02:36:51.710+0000][1][safepoint    ] Leaving safepoint region
[2021-12-31T02:36:51.710+0000][1][safepoint    ] Total time for which application threads were stopped: 0.0002321 seconds, Stopping threads took: 0.0001049 seconds
[2021-12-31T02:36:52.711+0000][1][safepoint    ] Application time: 1.0010562 seconds
[2021-12-31T02:36:52.712+0000][1][safepoint    ] Entering safepoint region: Cleanup
[2021-12-31T02:36:52.712+0000][1][safepoint    ] Leaving safepoint region
[2021-12-31T02:36:52.712+0000][1][safepoint    ] Total time for which application threads were stopped: 0.0004005 seconds, Stopping threads took: 0.0001795 seconds
[2021-12-31T02:36:53.713+0000][1][safepoint    ] Application time: 1.0008839 seconds
[2021-12-31T02:36:53.713+0000][1][safepoint    ] Entering safepoint region: Cleanup
[2021-12-31T02:36:53.713+0000][1][safepoint    ] Leaving safepoint region
[2021-12-31T02:36:53.714+0000][1][safepoint    ] Total time for which application threads were stopped: 0.0002237 seconds, Stopping threads took: 0.0000983 seconds
[2021-12-31T02:36:54.715+0000][1][safepoint    ] Application time: 1.0008988 seconds
[2021-12-31T02:36:54.715+0000][1][safepoint    ] Entering safepoint region: Cleanup
[2021-12-31T02:36:54.715+0000][1][safepoint    ] Leaving safepoint region
[2021-12-31T02:36:54.715+0000][1][safepoint    ] Total time for which application threads were stopped: 0.0002198 seconds, Stopping threads took: 0.0000963 seconds
[2021-12-31T02:36:55.716+0000][1][safepoint    ] Application time: 1.0008415 seconds
[2021-12-31T02:36:55.716+0000][1][safepoint    ] Entering safepoint region: Cleanup
[2021-12-31T02:36:55.716+0000][1][safepoint    ] Leaving safepoint region
[2021-12-31T02:36:55.716+0000][1][safepoint    ] Total time for which application threads were stopped: 0.0004200 seconds, Stopping threads took: 0.0001913 seconds
[2021-12-31T02:36:56.717+0000][1][safepoint    ] Application time: 1.0001706 seconds
[2021-12-31T02:36:56.717+0000][1][safepoint    ] Entering safepoint region: Cleanup
[2021-12-31T02:36:56.717+0000][1][safepoint    ] Leaving safepoint region
[2021-12-31T02:36:56.717+0000][1][safepoint    ] Total time for which application threads were stopped: 0.0002291 seconds, Stopping threads took: 0.0000999 seconds
[2021-12-31T02:36:57.718+0000][1][safepoint    ] Application time: 1.0008500 seconds
[2021-12-31T02:36:57.718+0000][1][safepoint    ] Entering safepoint region: Cleanup
[2021-12-31T02:36:57.719+0000][1][safepoint    ] Leaving safepoint region
[2021-12-31T02:36:57.719+0000][1][safepoint    ] Total time for which application threads were stopped: 0.0002959 seconds, Stopping threads took: 0.0001318 seconds
[2021-12-31T02:36:58.720+0000][1][safepoint    ] Application time: 1.0009136 seconds
[2021-12-31T02:36:58.720+0000][1][safepoint    ] Entering safepoint region: Cleanup
[2021-12-31T02:36:58.720+0000][1][safepoint    ] Leaving safepoint region
[2021-12-31T02:36:58.720+0000][1][safepoint    ] Total time for which application threads were stopped: 0.0002796 seconds, Stopping threads took: 0.0001167 seconds
[2021-12-31T02:36:59.722+0000][1][safepoint    ] Application time: 1.0013493 seconds
[2021-12-31T02:36:59.722+0000][1][safepoint    ] Entering safepoint region: Cleanup
[2021-12-31T02:36:59.722+0000][1][safepoint    ] Leaving safepoint region
[2021-12-31T02:36:59.722+0000][1][safepoint    ] Total time for which application threads were stopped: 0.0002364 seconds, Stopping threads took: 0.0001049 seconds
[2021-12-31T02:37:00.726+0000][1][safepoint    ] Application time: 1.0039367 seconds
[2021-12-31T02:37:00.726+0000][1][safepoint    ] Entering safepoint region: Cleanup
[2021-12-31T02:37:00.726+0000][1][safepoint    ] Leaving safepoint region
[2021-12-31T02:37:00.727+0000][1][safepoint    ] Total time for which application threads were stopped: 0.0002216 seconds, Stopping threads took: 0.0001021 seconds
[2021-12-31T02:37:01.732+0000][1][safepoint    ] Application time: 1.0054710 seconds
[2021-12-31T02:37:01.732+0000][1][safepoint    ] Entering safepoint region: Cleanup
[2021-12-31T02:37:01.732+0000][1][safepoint    ] Leaving safepoint region
[2021-12-31T02:37:01.733+0000][1][safepoint    ] Total time for which application threads were stopped: 0.0003213 seconds, Stopping threads took: 0.0001304 seconds
[2021-12-31T02:37:02.741+0000][1][safepoint    ] Application time: 1.0084004 seconds
[2021-12-31T02:37:02.752+0000][1][safepoint    ] Entering safepoint region: Cleanup
[2021-12-31T02:37:02.752+0000][1][safepoint    ] Leaving safepoint region
[2021-12-31T02:37:02.752+0000][1][safepoint    ] Total time for which application threads were stopped: 0.0002980 seconds, Stopping threads took: 0.0001464 seconds
[2021-12-31T02:37:03.754+0000][1][safepoint    ] Application time: 1.0025068 seconds
[2021-12-31T02:37:03.783+0000][1][safepoint    ] Entering safepoint region: Cleanup
[2021-12-31T02:37:03.791+0000][1][safepoint    ] Leaving safepoint region
[2021-12-31T02:37:03.794+0000][1][safepoint    ] Total time for which application threads were stopped: 0.0113208 seconds, Stopping threads took: 0.0079370 seconds
[2021-12-31T02:37:04.799+0000][1][safepoint    ] Application time: 1.0040205 seconds
[2021-12-31T02:37:04.800+0000][1][safepoint    ] Entering safepoint region: Cleanup
[2021-12-31T02:37:04.800+0000][1][safepoint    ] Leaving safepoint region
[2021-12-31T02:37:04.800+0000][1][safepoint    ] Total time for which application threads were stopped: 0.0006782 seconds, Stopping threads took: 0.0002010 seconds
[2021-12-31T02:37:05.801+0000][1][safepoint    ] Application time: 1.0001525 seconds
[2021-12-31T02:37:05.801+0000][1][safepoint    ] Entering safepoint region: Cleanup
[2021-12-31T02:37:05.801+0000][1][safepoint    ] Leaving safepoint region
[2021-12-31T02:37:05.801+0000][1][safepoint    ] Total time for which application threads were stopped: 0.0003892 seconds, Stopping threads took: 0.0001047 seconds
[2021-12-31T02:37:06.802+0000][1][safepoint    ] Application time: 1.0004947 seconds
[2021-12-31T02:37:06.802+0000][1][safepoint    ] Entering safepoint region: Cleanup
[2021-12-31T02:37:06.802+0000][1][safepoint    ] Leaving safepoint region
[2021-12-31T02:37:06.802+0000][1][safepoint    ] Total time for which application threads were stopped: 0.0003996 seconds, Stopping threads took: 0.0001201 seconds
[2021-12-31T02:37:07.803+0000][1][safepoint    ] Application time: 1.0005419 seconds
[2021-12-31T02:37:07.803+0000][1][safepoint    ] Entering safepoint region: Cleanup
[2021-12-31T02:37:07.804+0000][1][safepoint    ] Leaving safepoint region
[2021-12-31T02:37:07.804+0000][1][safepoint    ] Total time for which application threads were stopped: 0.0002854 seconds, Stopping threads took: 0.0001300 seconds
[2021-12-31T02:37:08.804+0000][1][safepoint    ] Application time: 1.0002201 seconds
[2021-12-31T02:37:08.804+0000][1][safepoint    ] Entering safepoint region: Cleanup
[2021-12-31T02:37:08.804+0000][1][safepoint    ] Leaving safepoint region
[2021-12-31T02:37:08.804+0000][1][safepoint    ] Total time for which application threads were stopped: 0.0002393 seconds, Stopping threads took: 0.0001018 seconds
[2021-12-31T02:37:09.805+0000][1][safepoint    ] Application time: 1.0002957 seconds
[2021-12-31T02:37:09.805+0000][1][safepoint    ] Entering safepoint region: Cleanup
[2021-12-31T02:37:09.805+0000][1][safepoint    ] Leaving safepoint region
[2021-12-31T02:37:09.805+0000][1][safepoint    ] Total time for which application threads were stopped: 0.0002407 seconds, Stopping threads took: 0.0001098 seconds
[2021-12-31T02:37:11.193+0000][1][safepoint    ] Application time: 1.3872938 seconds
[2021-12-31T02:37:11.193+0000][1][safepoint    ] Entering safepoint region: Cleanup
[2021-12-31T02:37:11.193+0000][1][safepoint    ] Leaving safepoint region
[2021-12-31T02:37:11.193+0000][1][safepoint    ] Total time for which application threads were stopped: 0.0002275 seconds, Stopping threads took: 0.0000986 seconds
[2021-12-31T02:37:12.194+0000][1][safepoint    ] Application time: 1.0006768 seconds
[2021-12-31T02:37:12.194+0000][1][safepoint    ] Entering safepoint region: Cleanup
[2021-12-31T02:37:12.194+0000][1][safepoint    ] Leaving safepoint region
[2021-12-31T02:37:12.194+0000][1][safepoint    ] Total time for which application threads were stopped: 0.0002236 seconds, Stopping threads took: 0.0000951 seconds
[2021-12-31T02:37:13.195+0000][1][safepoint    ] Application time: 1.0004121 seconds
[2021-12-31T02:37:13.195+0000][1][safepoint    ] Entering safepoint region: Cleanup
[2021-12-31T02:37:13.195+0000][1][safepoint    ] Leaving safepoint region
[2021-12-31T02:37:13.195+0000][1][safepoint    ] Total time for which application threads were stopped: 0.0002360 seconds, Stopping threads took: 0.0001031 seconds
[2021-12-31T02:37:14.196+0000][1][safepoint    ] Application time: 1.0009212 seconds
[2021-12-31T02:37:14.196+0000][1][safepoint    ] Entering safepoint region: Cleanup
[2021-12-31T02:37:14.196+0000][1][safepoint    ] Leaving safepoint region
[2021-12-31T02:37:14.196+0000][1][safepoint    ] Total time for which application threads were stopped: 0.0002213 seconds, Stopping threads took: 0.0000989 seconds
[2021-12-31T02:37:15.197+0000][1][safepoint    ] Application time: 1.0006001 seconds
[2021-12-31T02:37:15.197+0000][1][safepoint    ] Entering safepoint region: Cleanup
[2021-12-31T02:37:15.198+0000][1][safepoint    ] Leaving safepoint region
[2021-12-31T02:37:15.198+0000][1][safepoint    ] Total time for which application threads were stopped: 0.0003979 seconds, Stopping threads took: 0.0001767 seconds
[2021-12-31T02:37:16.199+0000][1][safepoint    ] Application time: 1.0010215 seconds
[2021-12-31T02:37:16.199+0000][1][safepoint    ] Entering safepoint region: Cleanup
[2021-12-31T02:37:16.199+0000][1][safepoint    ] Leaving safepoint region
[2021-12-31T02:37:16.199+0000][1][safepoint    ] Total time for which application threads were stopped: 0.0002185 seconds, Stopping threads took: 0.0000965 seconds
[2021-12-31T02:37:16.766+0000][1][safepoint    ] Application time: 0.5664235 seconds
[2021-12-31T02:37:16.768+0000][1][safepoint    ] Entering safepoint region: RevokeBias
[2021-12-31T02:37:16.768+0000][1][safepoint    ] Leaving safepoint region
[2021-12-31T02:37:16.768+0000][1][safepoint    ] Total time for which application threads were stopped: 0.0002600 seconds, Stopping threads took: 0.0001139 seconds
[2021-12-31T02:37:17.770+0000][1][safepoint    ] Application time: 1.0023470 seconds
[2021-12-31T02:37:17.770+0000][1][safepoint    ] Entering safepoint region: Cleanup
[2021-12-31T02:37:17.771+0000][1][safepoint    ] Leaving safepoint region
[2021-12-31T02:37:17.771+0000][1][safepoint    ] Total time for which application threads were stopped: 0.0002220 seconds, Stopping threads took: 0.0000977 seconds
[2021-12-31T02:37:18.772+0000][1][safepoint    ] Application time: 1.0008584 seconds
[2021-12-31T02:37:18.772+0000][1][safepoint    ] Entering safepoint region: Cleanup
[2021-12-31T02:37:18.772+0000][1][safepoint    ] Leaving safepoint region
[2021-12-31T02:37:18.772+0000][1][safepoint    ] Total time for which application threads were stopped: 0.0002331 seconds, Stopping threads took: 0.0000951 seconds
[2021-12-31T02:37:19.773+0000][1][safepoint    ] Application time: 1.0010215 seconds
[2021-12-31T02:37:19.773+0000][1][safepoint    ] Entering safepoint region: Cleanup
[2021-12-31T02:37:19.774+0000][1][safepoint    ] Leaving safepoint region
[2021-12-31T02:37:19.774+0000][1][safepoint    ] Total time for which application threads were stopped: 0.0004056 seconds, Stopping threads took: 0.0002267 seconds
[2021-12-31T02:37:20.776+0000][1][safepoint    ] Application time: 1.0015436 seconds
[2021-12-31T02:37:20.776+0000][1][safepoint    ] Entering safepoint region: Cleanup
[2021-12-31T02:37:20.776+0000][1][safepoint    ] Leaving safepoint region
[2021-12-31T02:37:20.776+0000][1][safepoint    ] Total time for which application threads were stopped: 0.0003264 seconds, Stopping threads took: 0.0001962 seconds
[2021-12-31T02:37:21.778+0000][1][safepoint    ] Application time: 1.0020651 seconds
[2021-12-31T02:37:21.779+0000][1][safepoint    ] Entering safepoint region: Cleanup
[2021-12-31T02:37:21.779+0000][1][safepoint    ] Leaving safepoint region
[2021-12-31T02:37:21.779+0000][1][safepoint    ] Total time for which application threads were stopped: 0.0003145 seconds, Stopping threads took: 0.0001109 seconds
[2021-12-31T02:37:22.780+0000][1][safepoint    ] Application time: 1.0004851 seconds
[2021-12-31T02:37:22.780+0000][1][safepoint    ] Entering safepoint region: Cleanup
[2021-12-31T02:37:22.780+0000][1][safepoint    ] Leaving safepoint region
[2021-12-31T02:37:22.780+0000][1][safepoint    ] Total time for which application threads were stopped: 0.0003460 seconds, Stopping threads took: 0.0001378 seconds
[2021-12-31T02:37:23.782+0000][1][safepoint    ] Application time: 1.0013232 seconds
[2021-12-31T02:37:23.782+0000][1][safepoint    ] Entering safepoint region: Cleanup
[2021-12-31T02:37:23.782+0000][1][safepoint    ] Leaving safepoint region
[2021-12-31T02:37:23.782+0000][1][safepoint    ] Total time for which application threads were stopped: 0.0005559 seconds, Stopping threads took: 0.0002278 seconds
[2021-12-31T02:37:24.785+0000][1][safepoint    ] Application time: 1.0020018 seconds
[2021-12-31T02:37:24.785+0000][1][safepoint    ] Entering safepoint region: Cleanup
[2021-12-31T02:37:24.785+0000][1][safepoint    ] Leaving safepoint region
[2021-12-31T02:37:24.785+0000][1][safepoint    ] Total time for which application threads were stopped: 0.0002225 seconds, Stopping threads took: 0.0000939 seconds
[2021-12-31T02:37:25.787+0000][1][safepoint    ] Application time: 1.0017126 seconds
[2021-12-31T02:37:25.787+0000][1][safepoint    ] Entering safepoint region: Cleanup
[2021-12-31T02:37:25.787+0000][1][safepoint    ] Leaving safepoint region
[2021-12-31T02:37:25.788+0000][1][safepoint    ] Total time for which application threads were stopped: 0.0003965 seconds, Stopping threads took: 0.0001759 seconds
[2021-12-31T02:37:26.789+0000][1][safepoint    ] Application time: 1.0009304 seconds
[2021-12-31T02:37:26.789+0000][1][safepoint    ] Entering safepoint region: Cleanup
[2021-12-31T02:37:26.789+0000][1][safepoint    ] Leaving safepoint region
[2021-12-31T02:37:26.789+0000][1][safepoint    ] Total time for which application threads were stopped: 0.0002330 seconds, Stopping threads took: 0.0001004 seconds
[2021-12-31T02:37:27.791+0000][1][safepoint    ] Application time: 1.0020323 seconds
[2021-12-31T02:37:27.791+0000][1][safepoint    ] Entering safepoint region: Cleanup
[2021-12-31T02:37:27.792+0000][1][safepoint    ] Leaving safepoint region
[2021-12-31T02:37:27.792+0000][1][safepoint    ] Total time for which application threads were stopped: 0.0002236 seconds, Stopping threads took: 0.0000934 seconds
[2021-12-31T02:37:28.794+0000][1][safepoint    ] Application time: 1.0020578 seconds
[2021-12-31T02:37:28.794+0000][1][safepoint    ] Entering safepoint region: Cleanup
[2021-12-31T02:37:28.794+0000][1][safepoint    ] Leaving safepoint region
[2021-12-31T02:37:28.794+0000][1][safepoint    ] Total time for which application threads were stopped: 0.0002069 seconds, Stopping threads took: 0.0000853 seconds
[2021-12-31T02:37:29.809+0000][1][safepoint    ] Application time: 1.0150531 seconds
[2021-12-31T02:37:29.809+0000][1][safepoint    ] Entering safepoint region: Cleanup
[2021-12-31T02:37:29.810+0000][1][safepoint    ] Leaving safepoint region
[2021-12-31T02:37:29.810+0000][1][safepoint    ] Total time for which application threads were stopped: 0.0002146 seconds, Stopping threads took: 0.0001016 seconds
[2021-12-31T02:37:30.820+0000][1][safepoint    ] Application time: 1.0098876 seconds
[2021-12-31T02:37:30.820+0000][1][safepoint    ] Entering safepoint region: Cleanup
[2021-12-31T02:37:30.820+0000][1][safepoint    ] Leaving safepoint region
[2021-12-31T02:37:30.820+0000][1][safepoint    ] Total time for which application threads were stopped: 0.0002472 seconds, Stopping threads took: 0.0001089 seconds
[2021-12-31T02:37:31.822+0000][1][safepoint    ] Application time: 1.0015901 seconds
[2021-12-31T02:37:31.822+0000][1][safepoint    ] Entering safepoint region: Cleanup
[2021-12-31T02:37:31.822+0000][1][safepoint    ] Leaving safepoint region
[2021-12-31T02:37:31.823+0000][1][safepoint    ] Total time for which application threads were stopped: 0.0007215 seconds, Stopping threads took: 0.0001066 seconds
[2021-12-31T02:37:32.825+0000][1][safepoint    ] Application time: 1.0017310 seconds
[2021-12-31T02:37:32.825+0000][1][safepoint    ] Entering safepoint region: Cleanup
[2021-12-31T02:37:32.825+0000][1][safepoint    ] Leaving safepoint region
[2021-12-31T02:37:32.825+0000][1][safepoint    ] Total time for which application threads were stopped: 0.0002255 seconds, Stopping threads took: 0.0000996 seconds
[2021-12-31T02:37:33.827+0000][1][safepoint    ] Application time: 1.0014442 seconds
[2021-12-31T02:37:33.827+0000][1][safepoint    ] Entering safepoint region: Cleanup
[2021-12-31T02:37:33.827+0000][1][safepoint    ] Leaving safepoint region
[2021-12-31T02:37:33.827+0000][1][safepoint    ] Total time for which application threads were stopped: 0.0002383 seconds, Stopping threads took: 0.0001133 seconds
[2021-12-31T02:37:34.830+0000][1][safepoint    ] Application time: 1.0033109 seconds
[2021-12-31T02:37:34.831+0000][1][safepoint    ] Entering safepoint region: Cleanup
[2021-12-31T02:37:34.831+0000][1][safepoint    ] Leaving safepoint region
[2021-12-31T02:37:34.831+0000][1][safepoint    ] Total time for which application threads were stopped: 0.0004574 seconds, Stopping threads took: 0.0002023 seconds
[2021-12-31T02:37:35.833+0000][1][safepoint    ] Application time: 1.0017771 seconds
[2021-12-31T02:37:35.833+0000][1][safepoint    ] Entering safepoint region: Cleanup
[2021-12-31T02:37:35.834+0000][1][safepoint    ] Leaving safepoint region
[2021-12-31T02:37:35.834+0000][1][safepoint    ] Total time for which application threads were stopped: 0.0002387 seconds, Stopping threads took: 0.0001027 seconds
[2021-12-31T02:37:36.834+0000][1][safepoint    ] Application time: 1.0007369 seconds
[2021-12-31T02:37:36.835+0000][1][safepoint    ] Entering safepoint region: Cleanup
[2021-12-31T02:37:36.836+0000][1][safepoint    ] Leaving safepoint region
[2021-12-31T02:37:36.836+0000][1][safepoint    ] Total time for which application threads were stopped: 0.0016626 seconds, Stopping threads took: 0.0008342 seconds
[2021-12-31T02:37:37.838+0000][1][safepoint    ] Application time: 1.0018506 seconds
[2021-12-31T02:37:37.839+0000][1][safepoint    ] Entering safepoint region: Cleanup
[2021-12-31T02:37:37.839+0000][1][safepoint    ] Leaving safepoint region
[2021-12-31T02:37:37.839+0000][1][safepoint    ] Total time for which application threads were stopped: 0.0002258 seconds, Stopping threads took: 0.0000977 seconds
[2021-12-31T02:37:38.839+0000][1][safepoint    ] Application time: 1.0001594 seconds
[2021-12-31T02:37:38.839+0000][1][safepoint    ] Entering safepoint region: Cleanup
[2021-12-31T02:37:38.839+0000][1][safepoint    ] Leaving safepoint region
[2021-12-31T02:37:38.840+0000][1][safepoint    ] Total time for which application threads were stopped: 0.0002200 seconds, Stopping threads took: 0.0000924 seconds
[2021-12-31T02:37:39.840+0000][1][safepoint    ] Application time: 1.0008790 seconds
[2021-12-31T02:37:39.841+0000][1][safepoint    ] Entering safepoint region: Cleanup
[2021-12-31T02:37:39.841+0000][1][safepoint    ] Leaving safepoint region
[2021-12-31T02:37:39.841+0000][1][safepoint    ] Total time for which application threads were stopped: 0.0004342 seconds, Stopping threads took: 0.0001994 seconds
[2021-12-31T02:37:40.842+0000][1][safepoint    ] Application time: 1.0006363 seconds
[2021-12-31T02:37:40.842+0000][1][safepoint    ] Entering safepoint region: Cleanup
[2021-12-31T02:37:40.842+0000][1][safepoint    ] Leaving safepoint region
[2021-12-31T02:37:40.842+0000][1][safepoint    ] Total time for which application threads were stopped: 0.0002774 seconds, Stopping threads took: 0.0000996 seconds
[2021-12-31T02:37:41.843+0000][1][safepoint    ] Application time: 1.0005726 seconds
[2021-12-31T02:37:41.843+0000][1][safepoint    ] Entering safepoint region: Cleanup
[2021-12-31T02:37:41.844+0000][1][safepoint    ] Leaving safepoint region
[2021-12-31T02:37:41.844+0000][1][safepoint    ] Total time for which application threads were stopped: 0.0002773 seconds, Stopping threads took: 0.0001296 seconds
[2021-12-31T02:37:42.845+0000][1][safepoint    ] Application time: 1.0016301 seconds
[2021-12-31T02:37:42.846+0000][1][safepoint    ] Entering safepoint region: Cleanup
[2021-12-31T02:37:42.846+0000][1][safepoint    ] Leaving safepoint region
[2021-12-31T02:37:42.846+0000][1][safepoint    ] Total time for which application threads were stopped: 0.0002325 seconds, Stopping threads took: 0.0000977 seconds
[2021-12-31T02:37:43.846+0000][1][safepoint    ] Application time: 1.0004248 seconds
[2021-12-31T02:37:43.847+0000][1][safepoint    ] Entering safepoint region: Cleanup
[2021-12-31T02:37:43.847+0000][1][safepoint    ] Leaving safepoint region
[2021-12-31T02:37:43.847+0000][1][safepoint    ] Total time for which application threads were stopped: 0.0002351 seconds, Stopping threads took: 0.0001023 seconds
[2021-12-31T02:37:44.847+0000][1][safepoint    ] Application time: 1.0004047 seconds
[2021-12-31T02:37:44.847+0000][1][safepoint    ] Entering safepoint region: Cleanup
[2021-12-31T02:37:44.848+0000][1][safepoint    ] Leaving safepoint region
[2021-12-31T02:37:44.848+0000][1][safepoint    ] Total time for which application threads were stopped: 0.0002218 seconds, Stopping threads took: 0.0000974 seconds
[2021-12-31T02:37:45.849+0000][1][safepoint    ] Application time: 1.0008331 seconds
[2021-12-31T02:37:45.849+0000][1][safepoint    ] Entering safepoint region: Cleanup
[2021-12-31T02:37:45.849+0000][1][safepoint    ] Leaving safepoint region
[2021-12-31T02:37:45.849+0000][1][safepoint    ] Total time for which application threads were stopped: 0.0002466 seconds, Stopping threads took: 0.0001053 seconds
[2021-12-31T02:37:46.850+0000][1][safepoint    ] Application time: 1.0009741 seconds
[2021-12-31T02:37:46.850+0000][1][safepoint    ] Entering safepoint region: Cleanup
[2021-12-31T02:37:46.850+0000][1][safepoint    ] Leaving safepoint region
[2021-12-31T02:37:46.850+0000][1][safepoint    ] Total time for which application threads were stopped: 0.0002298 seconds, Stopping threads took: 0.0000966 seconds
[2021-12-31T02:37:47.851+0000][1][safepoint    ] Application time: 1.0008399 seconds
[2021-12-31T02:37:47.852+0000][1][safepoint    ] Entering safepoint region: Cleanup
[2021-12-31T02:37:47.852+0000][1][safepoint    ] Leaving safepoint region
[2021-12-31T02:37:47.852+0000][1][safepoint    ] Total time for which application threads were stopped: 0.0004682 seconds, Stopping threads took: 0.0003175 seconds
[2021-12-31T02:37:48.853+0000][1][safepoint    ] Application time: 1.0003607 seconds
[2021-12-31T02:37:48.853+0000][1][safepoint    ] Entering safepoint region: Cleanup
[2021-12-31T02:37:48.853+0000][1][safepoint    ] Leaving safepoint region
[2021-12-31T02:37:48.853+0000][1][safepoint    ] Total time for which application threads were stopped: 0.0002272 seconds, Stopping threads took: 0.0001004 seconds
[2021-12-31T02:37:49.853+0000][1][safepoint    ] Application time: 1.0002274 seconds
[2021-12-31T02:37:49.854+0000][1][safepoint    ] Entering safepoint region: Cleanup
[2021-12-31T02:37:49.854+0000][1][safepoint    ] Leaving safepoint region
[2021-12-31T02:37:49.854+0000][1][safepoint    ] Total time for which application threads were stopped: 0.0002363 seconds, Stopping threads took: 0.0000991 seconds
[2021-12-31T02:37:50.855+0000][1][safepoint    ] Application time: 1.0012834 seconds
[2021-12-31T02:37:50.855+0000][1][safepoint    ] Entering safepoint region: Cleanup
[2021-12-31T02:37:50.855+0000][1][safepoint    ] Leaving safepoint region
[2021-12-31T02:37:50.856+0000][1][safepoint    ] Total time for which application threads were stopped: 0.0002342 seconds, Stopping threads took: 0.0001069 seconds
[2021-12-31T02:37:51.858+0000][1][safepoint    ] Application time: 1.0019316 seconds
[2021-12-31T02:37:51.858+0000][1][safepoint    ] Entering safepoint region: Cleanup
[2021-12-31T02:37:51.858+0000][1][safepoint    ] Leaving safepoint region
[2021-12-31T02:37:51.858+0000][1][safepoint    ] Total time for which application threads were stopped: 0.0003493 seconds, Stopping threads took: 0.0001340 seconds
[2021-12-31T02:37:52.858+0000][1][safepoint    ] Application time: 1.0001618 seconds
[2021-12-31T02:37:52.859+0000][1][safepoint    ] Entering safepoint region: Cleanup
[2021-12-31T02:37:52.859+0000][1][safepoint    ] Leaving safepoint region
[2021-12-31T02:37:52.859+0000][1][safepoint    ] Total time for which application threads were stopped: 0.0003006 seconds, Stopping threads took: 0.0001320 seconds
[2021-12-31T02:37:53.862+0000][1][safepoint    ] Application time: 1.0027162 seconds
[2021-12-31T02:37:53.862+0000][1][safepoint    ] Entering safepoint region: Cleanup
[2021-12-31T02:37:53.862+0000][1][safepoint    ] Leaving safepoint region
[2021-12-31T02:37:53.862+0000][1][safepoint    ] Total time for which application threads were stopped: 0.0002534 seconds, Stopping threads took: 0.0001127 seconds
[2021-12-31T02:37:54.865+0000][1][safepoint    ] Application time: 1.0029841 seconds
[2021-12-31T02:37:54.866+0000][1][safepoint    ] Entering safepoint region: Cleanup
[2021-12-31T02:37:54.866+0000][1][safepoint    ] Leaving safepoint region
[2021-12-31T02:37:54.866+0000][1][safepoint    ] Total time for which application threads were stopped: 0.0002811 seconds, Stopping threads took: 0.0001115 seconds
[2021-12-31T02:37:55.866+0000][1][safepoint    ] Application time: 1.0002825 seconds
[2021-12-31T02:37:55.867+0000][1][safepoint    ] Entering safepoint region: Cleanup
[2021-12-31T02:37:55.867+0000][1][safepoint    ] Leaving safepoint region
[2021-12-31T02:37:55.867+0000][1][safepoint    ] Total time for which application threads were stopped: 0.0003089 seconds, Stopping threads took: 0.0001243 seconds
[2021-12-31T02:37:56.868+0000][1][safepoint    ] Application time: 1.0007175 seconds
[2021-12-31T02:37:56.868+0000][1][safepoint    ] Entering safepoint region: Cleanup
[2021-12-31T02:37:56.868+0000][1][safepoint    ] Leaving safepoint region
[2021-12-31T02:37:56.868+0000][1][safepoint    ] Total time for which application threads were stopped: 0.0002205 seconds, Stopping threads took: 0.0000971 seconds
[2021-12-31T02:37:57.868+0000][1][safepoint    ] Application time: 1.0002182 seconds
[2021-12-31T02:37:57.869+0000][1][safepoint    ] Entering safepoint region: Cleanup
[2021-12-31T02:37:57.869+0000][1][safepoint    ] Leaving safepoint region
[2021-12-31T02:37:57.869+0000][1][safepoint    ] Total time for which application threads were stopped: 0.0002449 seconds, Stopping threads took: 0.0001174 seconds
[2021-12-31T02:37:58.873+0000][1][safepoint    ] Application time: 1.0037554 seconds
[2021-12-31T02:37:58.873+0000][1][safepoint    ] Entering safepoint region: Cleanup
[2021-12-31T02:37:58.873+0000][1][safepoint    ] Leaving safepoint region
[2021-12-31T02:37:58.873+0000][1][safepoint    ] Total time for which application threads were stopped: 0.0003051 seconds, Stopping threads took: 0.0001549 seconds
[2021-12-31T02:37:59.876+0000][1][safepoint    ] Application time: 1.0025379 seconds
[2021-12-31T02:37:59.876+0000][1][safepoint    ] Entering safepoint region: Cleanup
[2021-12-31T02:37:59.876+0000][1][safepoint    ] Leaving safepoint region
[2021-12-31T02:37:59.876+0000][1][safepoint    ] Total time for which application threads were stopped: 0.0003492 seconds, Stopping threads took: 0.0001516 seconds
[2021-12-31T02:38:00.880+0000][1][safepoint    ] Application time: 1.0032161 seconds
[2021-12-31T02:38:00.880+0000][1][safepoint    ] Entering safepoint region: Cleanup
[2021-12-31T02:38:00.880+0000][1][safepoint    ] Leaving safepoint region
[2021-12-31T02:38:00.880+0000][1][safepoint    ] Total time for which application threads were stopped: 0.0002265 seconds, Stopping threads took: 0.0000986 seconds
[2021-12-31T02:38:01.884+0000][1][safepoint    ] Application time: 1.0035228 seconds
[2021-12-31T02:38:01.884+0000][1][safepoint    ] Entering safepoint region: Cleanup
[2021-12-31T02:38:01.884+0000][1][safepoint    ] Leaving safepoint region
[2021-12-31T02:38:01.884+0000][1][safepoint    ] Total time for which application threads were stopped: 0.0002526 seconds, Stopping threads took: 0.0001086 seconds
[2021-12-31T02:38:02.885+0000][1][safepoint    ] Application time: 1.0007744 seconds
[2021-12-31T02:38:02.886+0000][1][safepoint    ] Entering safepoint region: Cleanup
[2021-12-31T02:38:02.886+0000][1][safepoint    ] Leaving safepoint region
[2021-12-31T02:38:02.886+0000][1][safepoint    ] Total time for which application threads were stopped: 0.0003296 seconds, Stopping threads took: 0.0001830 seconds
[2021-12-31T02:38:03.889+0000][1][safepoint    ] Application time: 1.0029113 seconds
[2021-12-31T02:38:03.889+0000][1][safepoint    ] Entering safepoint region: Cleanup
[2021-12-31T02:38:03.890+0000][1][safepoint    ] Leaving safepoint region
[2021-12-31T02:38:03.890+0000][1][safepoint    ] Total time for which application threads were stopped: 0.0006326 seconds, Stopping threads took: 0.0004565 seconds
[2021-12-31T02:38:04.891+0000][1][safepoint    ] Application time: 1.0009601 seconds
[2021-12-31T02:38:04.891+0000][1][safepoint    ] Entering safepoint region: Cleanup
[2021-12-31T02:38:04.891+0000][1][safepoint    ] Leaving safepoint region
[2021-12-31T02:38:04.891+0000][1][safepoint    ] Total time for which application threads were stopped: 0.0002515 seconds, Stopping threads took: 0.0000985 seconds
[2021-12-31T02:38:05.893+0000][1][safepoint    ] Application time: 1.0019120 seconds
[2021-12-31T02:38:05.893+0000][1][safepoint    ] Entering safepoint region: Cleanup
[2021-12-31T02:38:05.893+0000][1][safepoint    ] Leaving safepoint region
[2021-12-31T02:38:05.894+0000][1][safepoint    ] Total time for which application threads were stopped: 0.0002177 seconds, Stopping threads took: 0.0000962 seconds
[2021-12-31T02:38:06.896+0000][1][safepoint    ] Application time: 1.0022655 seconds
[2021-12-31T02:38:06.896+0000][1][safepoint    ] Entering safepoint region: Cleanup
[2021-12-31T02:38:06.896+0000][1][safepoint    ] Leaving safepoint region
[2021-12-31T02:38:06.897+0000][1][safepoint    ] Total time for which application threads were stopped: 0.0002633 seconds, Stopping threads took: 0.0001079 seconds
[2021-12-31T02:38:07.907+0000][1][safepoint    ] Application time: 1.0100895 seconds
[2021-12-31T02:38:07.907+0000][1][safepoint    ] Entering safepoint region: Cleanup
[2021-12-31T02:38:07.907+0000][1][safepoint    ] Leaving safepoint region
[2021-12-31T02:38:07.907+0000][1][safepoint    ] Total time for which application threads were stopped: 0.0003808 seconds, Stopping threads took: 0.0002061 seconds
[2021-12-31T02:38:08.908+0000][1][safepoint    ] Application time: 1.0001806 seconds
[2021-12-31T02:38:08.908+0000][1][safepoint    ] Entering safepoint region: Cleanup
[2021-12-31T02:38:08.908+0000][1][safepoint    ] Leaving safepoint region
[2021-12-31T02:38:08.908+0000][1][safepoint    ] Total time for which application threads were stopped: 0.0002384 seconds, Stopping threads took: 0.0001105 seconds
[2021-12-31T02:38:09.911+0000][1][safepoint    ] Application time: 1.0028909 seconds
[2021-12-31T02:38:09.911+0000][1][safepoint    ] Entering safepoint region: Cleanup
[2021-12-31T02:38:09.911+0000][1][safepoint    ] Leaving safepoint region
[2021-12-31T02:38:09.912+0000][1][safepoint    ] Total time for which application threads were stopped: 0.0002417 seconds, Stopping threads took: 0.0001035 seconds
[2021-12-31T02:38:10.914+0000][1][safepoint    ] Application time: 1.0026820 seconds
[2021-12-31T02:38:10.915+0000][1][safepoint    ] Entering safepoint region: Cleanup
[2021-12-31T02:38:10.915+0000][1][safepoint    ] Leaving safepoint region
[2021-12-31T02:38:10.915+0000][1][safepoint    ] Total time for which application threads were stopped: 0.0002338 seconds, Stopping threads took: 0.0001018 seconds
[2021-12-31T02:38:11.917+0000][1][safepoint    ] Application time: 1.0023630 seconds
[2021-12-31T02:38:11.917+0000][1][safepoint    ] Entering safepoint region: Cleanup
[2021-12-31T02:38:11.918+0000][1][safepoint    ] Leaving safepoint region
[2021-12-31T02:38:11.918+0000][1][safepoint    ] Total time for which application threads were stopped: 0.0002522 seconds, Stopping threads took: 0.0001069 seconds
[2021-12-31T02:38:13.874+0000][1][safepoint    ] Application time: 1.9565289 seconds
[2021-12-31T02:38:13.875+0000][1][safepoint    ] Entering safepoint region: Cleanup
[2021-12-31T02:38:13.875+0000][1][safepoint    ] Leaving safepoint region
[2021-12-31T02:38:13.875+0000][1][safepoint    ] Total time for which application threads were stopped: 0.0002301 seconds, Stopping threads took: 0.0000992 seconds
[2021-12-31T02:38:14.876+0000][1][safepoint    ] Application time: 1.0015601 seconds
[2021-12-31T02:38:14.877+0000][1][safepoint    ] Entering safepoint region: Cleanup
[2021-12-31T02:38:14.877+0000][1][safepoint    ] Leaving safepoint region
[2021-12-31T02:38:14.877+0000][1][safepoint    ] Total time for which application threads were stopped: 0.0002196 seconds, Stopping threads took: 0.0000966 seconds
[2021-12-31T02:38:15.878+0000][1][safepoint    ] Application time: 1.0011391 seconds
[2021-12-31T02:38:15.878+0000][1][safepoint    ] Entering safepoint region: Cleanup
[2021-12-31T02:38:15.878+0000][1][safepoint    ] Leaving safepoint region
[2021-12-31T02:38:15.879+0000][1][safepoint    ] Total time for which application threads were stopped: 0.0002350 seconds, Stopping threads took: 0.0001012 seconds
[2021-12-31T02:38:16.778+0000][1][safepoint    ] Application time: 0.8996658 seconds
[2021-12-31T02:38:16.779+0000][1][safepoint    ] Entering safepoint region: RevokeBias
[2021-12-31T02:38:16.779+0000][1][safepoint    ] Leaving safepoint region
[2021-12-31T02:38:16.779+0000][1][safepoint    ] Total time for which application threads were stopped: 0.0002321 seconds, Stopping threads took: 0.0000961 seconds
[2021-12-31T02:38:17.780+0000][1][safepoint    ] Application time: 1.0004536 seconds
[2021-12-31T02:38:17.780+0000][1][safepoint    ] Entering safepoint region: Cleanup
[2021-12-31T02:38:17.780+0000][1][safepoint    ] Leaving safepoint region
[2021-12-31T02:38:17.780+0000][1][safepoint    ] Total time for which application threads were stopped: 0.0002493 seconds, Stopping threads took: 0.0001066 seconds
[2021-12-31T02:38:18.781+0000][1][safepoint    ] Application time: 1.0006762 seconds
[2021-12-31T02:38:18.781+0000][1][safepoint    ] Entering safepoint region: Cleanup
[2021-12-31T02:38:18.781+0000][1][safepoint    ] Leaving safepoint region
[2021-12-31T02:38:18.782+0000][1][safepoint    ] Total time for which application threads were stopped: 0.0003630 seconds, Stopping threads took: 0.0001504 seconds
[2021-12-31T02:38:19.784+0000][1][safepoint    ] Application time: 1.0019889 seconds
[2021-12-31T02:38:19.784+0000][1][safepoint    ] Entering safepoint region: Cleanup
[2021-12-31T02:38:19.784+0000][1][safepoint    ] Leaving safepoint region
[2021-12-31T02:38:19.784+0000][1][safepoint    ] Total time for which application threads were stopped: 0.0002413 seconds, Stopping threads took: 0.0001113 seconds
[2021-12-31T02:38:20.786+0000][1][safepoint    ] Application time: 1.0014523 seconds
[2021-12-31T02:38:20.786+0000][1][safepoint    ] Entering safepoint region: Cleanup
[2021-12-31T02:38:20.786+0000][1][safepoint    ] Leaving safepoint region
[2021-12-31T02:38:20.786+0000][1][safepoint    ] Total time for which application threads were stopped: 0.0002277 seconds, Stopping threads took: 0.0001002 seconds
[2021-12-31T02:38:21.790+0000][1][safepoint    ] Application time: 1.0038060 seconds
[2021-12-31T02:38:21.791+0000][1][safepoint    ] Entering safepoint region: Cleanup
[2021-12-31T02:38:21.791+0000][1][safepoint    ] Leaving safepoint region
[2021-12-31T02:38:21.792+0000][1][safepoint    ] Total time for which application threads were stopped: 0.0011053 seconds, Stopping threads took: 0.0005487 seconds
[2021-12-31T02:38:22.799+0000][1][safepoint    ] Application time: 1.0075644 seconds
[2021-12-31T02:38:22.807+0000][1][safepoint    ] Entering safepoint region: Cleanup
[2021-12-31T02:38:22.815+0000][1][safepoint    ] Leaving safepoint region
[2021-12-31T02:38:22.828+0000][1][safepoint    ] Total time for which application threads were stopped: 0.0212706 seconds, Stopping threads took: 0.0078763 seconds
[2021-12-31T02:38:23.841+0000][1][safepoint    ] Application time: 1.0006303 seconds
[2021-12-31T02:38:23.841+0000][1][safepoint    ] Entering safepoint region: Cleanup
[2021-12-31T02:38:23.841+0000][1][safepoint    ] Leaving safepoint region
[2021-12-31T02:38:23.841+0000][1][safepoint    ] Total time for which application threads were stopped: 0.0002274 seconds, Stopping threads took: 0.0001008 seconds
[2021-12-31T02:38:24.843+0000][1][safepoint    ] Application time: 1.0017522 seconds
[2021-12-31T02:38:24.844+0000][1][safepoint    ] Entering safepoint region: Cleanup
[2021-12-31T02:38:24.844+0000][1][safepoint    ] Leaving safepoint region
[2021-12-31T02:38:24.844+0000][1][safepoint    ] Total time for which application threads were stopped: 0.0003318 seconds, Stopping threads took: 0.0001469 seconds
[2021-12-31T02:38:25.846+0000][1][safepoint    ] Application time: 1.0016467 seconds
[2021-12-31T02:38:25.846+0000][1][safepoint    ] Entering safepoint region: Cleanup
[2021-12-31T02:38:25.846+0000][1][safepoint    ] Leaving safepoint region
[2021-12-31T02:38:25.846+0000][1][safepoint    ] Total time for which application threads were stopped: 0.0002438 seconds, Stopping threads took: 0.0001032 seconds
[2021-12-31T02:38:26.847+0000][1][safepoint    ] Application time: 1.0006767 seconds
[2021-12-31T02:38:26.847+0000][1][safepoint    ] Entering safepoint region: Cleanup
[2021-12-31T02:38:26.847+0000][1][safepoint    ] Leaving safepoint region
[2021-12-31T02:38:26.848+0000][1][safepoint    ] Total time for which application threads were stopped: 0.0002398 seconds, Stopping threads took: 0.0001028 seconds
[2021-12-31T02:38:27.848+0000][1][safepoint    ] Application time: 1.0002416 seconds
[2021-12-31T02:38:27.848+0000][1][safepoint    ] Entering safepoint region: Cleanup
[2021-12-31T02:38:27.848+0000][1][safepoint    ] Leaving safepoint region
[2021-12-31T02:38:27.848+0000][1][safepoint    ] Total time for which application threads were stopped: 0.0002264 seconds, Stopping threads took: 0.0001009 seconds
[2021-12-31T02:38:28.850+0000][1][safepoint    ] Application time: 1.0014323 seconds
[2021-12-31T02:38:28.850+0000][1][safepoint    ] Entering safepoint region: Cleanup
[2021-12-31T02:38:28.850+0000][1][safepoint    ] Leaving safepoint region
[2021-12-31T02:38:28.850+0000][1][safepoint    ] Total time for which application threads were stopped: 0.0002221 seconds, Stopping threads took: 0.0000970 seconds
[2021-12-31T02:38:29.853+0000][1][safepoint    ] Application time: 1.0025310 seconds
[2021-12-31T02:38:29.853+0000][1][safepoint    ] Entering safepoint region: Cleanup
[2021-12-31T02:38:29.853+0000][1][safepoint    ] Leaving safepoint region
[2021-12-31T02:38:29.853+0000][1][safepoint    ] Total time for which application threads were stopped: 0.0002428 seconds, Stopping threads took: 0.0001073 seconds
[2021-12-31T02:38:30.855+0000][1][safepoint    ] Application time: 1.0018151 seconds
[2021-12-31T02:38:30.856+0000][1][safepoint    ] Entering safepoint region: Cleanup
[2021-12-31T02:38:30.856+0000][1][safepoint    ] Leaving safepoint region
[2021-12-31T02:38:30.856+0000][1][safepoint    ] Total time for which application threads were stopped: 0.0002223 seconds, Stopping threads took: 0.0001063 seconds
[2021-12-31T02:38:31.857+0000][1][safepoint    ] Application time: 1.0008370 seconds
[2021-12-31T02:38:31.857+0000][1][safepoint    ] Entering safepoint region: Cleanup
[2021-12-31T02:38:31.857+0000][1][safepoint    ] Leaving safepoint region
[2021-12-31T02:38:31.857+0000][1][safepoint    ] Total time for which application threads were stopped: 0.0002063 seconds, Stopping threads took: 0.0000892 seconds
[2021-12-31T02:38:32.858+0000][1][safepoint    ] Application time: 1.0003777 seconds
[2021-12-31T02:38:32.858+0000][1][safepoint    ] Entering safepoint region: Cleanup
[2021-12-31T02:38:32.858+0000][1][safepoint    ] Leaving safepoint region
[2021-12-31T02:38:32.858+0000][1][safepoint    ] Total time for which application threads were stopped: 0.0004444 seconds, Stopping threads took: 0.0001962 seconds
[2021-12-31T02:38:33.860+0000][1][safepoint    ] Application time: 1.0011732 seconds
[2021-12-31T02:38:33.860+0000][1][safepoint    ] Entering safepoint region: Cleanup
[2021-12-31T02:38:33.860+0000][1][safepoint    ] Leaving safepoint region
[2021-12-31T02:38:33.861+0000][1][safepoint    ] Total time for which application threads were stopped: 0.0006187 seconds, Stopping threads took: 0.0002745 seconds
[2021-12-31T02:38:34.863+0000][1][safepoint    ] Application time: 1.0018954 seconds
[2021-12-31T02:38:34.863+0000][1][safepoint    ] Entering safepoint region: Cleanup
[2021-12-31T02:38:34.864+0000][1][safepoint    ] Leaving safepoint region
[2021-12-31T02:38:34.864+0000][1][safepoint    ] Total time for which application threads were stopped: 0.0005500 seconds, Stopping threads took: 0.0002163 seconds
[2021-12-31T02:38:35.865+0000][1][safepoint    ] Application time: 1.0008133 seconds
[2021-12-31T02:38:35.865+0000][1][safepoint    ] Entering safepoint region: Cleanup
[2021-12-31T02:38:35.866+0000][1][safepoint    ] Leaving safepoint region
[2021-12-31T02:38:35.866+0000][1][safepoint    ] Total time for which application threads were stopped: 0.0005765 seconds, Stopping threads took: 0.0002901 seconds
[2021-12-31T02:38:36.867+0000][1][safepoint    ] Application time: 1.0006439 seconds
[2021-12-31T02:38:36.867+0000][1][safepoint    ] Entering safepoint region: Cleanup
[2021-12-31T02:38:36.867+0000][1][safepoint    ] Leaving safepoint region
[2021-12-31T02:38:36.867+0000][1][safepoint    ] Total time for which application threads were stopped: 0.0003437 seconds, Stopping threads took: 0.0000942 seconds
[2021-12-31T02:38:37.870+0000][1][safepoint    ] Application time: 1.0028828 seconds
[2021-12-31T02:38:37.871+0000][1][safepoint    ] Entering safepoint region: Cleanup
[2021-12-31T02:38:37.871+0000][1][safepoint    ] Leaving safepoint region
[2021-12-31T02:38:37.871+0000][1][safepoint    ] Total time for which application threads were stopped: 0.0004419 seconds, Stopping threads took: 0.0001956 seconds
[2021-12-31T02:38:38.872+0000][1][safepoint    ] Application time: 1.0004601 seconds
[2021-12-31T02:38:38.872+0000][1][safepoint    ] Entering safepoint region: Cleanup
[2021-12-31T02:38:38.872+0000][1][safepoint    ] Leaving safepoint region
[2021-12-31T02:38:38.872+0000][1][safepoint    ] Total time for which application threads were stopped: 0.0004448 seconds, Stopping threads took: 0.0002054 seconds
[2021-12-31T02:38:39.873+0000][1][safepoint    ] Application time: 1.0009108 seconds
[2021-12-31T02:38:39.874+0000][1][safepoint    ] Entering safepoint region: Cleanup
[2021-12-31T02:38:39.874+0000][1][safepoint    ] Leaving safepoint region
[2021-12-31T02:38:39.874+0000][1][safepoint    ] Total time for which application threads were stopped: 0.0002677 seconds, Stopping threads took: 0.0001135 seconds
[2021-12-31T02:38:40.877+0000][1][safepoint    ] Application time: 1.0030637 seconds
[2021-12-31T02:38:40.877+0000][1][safepoint    ] Entering safepoint region: Cleanup
[2021-12-31T02:38:40.877+0000][1][safepoint    ] Leaving safepoint region
[2021-12-31T02:38:40.878+0000][1][safepoint    ] Total time for which application threads were stopped: 0.0002323 seconds, Stopping threads took: 0.0000996 seconds
[2021-12-31T02:38:41.547+0000][1][safepoint    ] Application time: 0.6692408 seconds
[2021-12-31T02:38:41.547+0000][1][safepoint    ] Entering safepoint region: GenCollectForAllocation
[2021-12-31T02:38:41.563+0000][1][gc,start     ] GC(25) Pause Young (Allocation Failure)
[2021-12-31T02:38:41.564+0000][1][gc,task      ] GC(25) Using 1 workers of 1 for evacuation
[2021-12-31T02:38:41.575+0000][1][gc,age       ] GC(25) Desired survivor size 4358144 bytes, new threshold 6 (max threshold 6)
[2021-12-31T02:38:41.576+0000][1][gc,age       ] GC(25) Age table with threshold 6 (max threshold 6)
[2021-12-31T02:38:41.576+0000][1][gc,age       ] GC(25) - age   1:       8184 bytes,       8184 total
[2021-12-31T02:38:41.576+0000][1][gc,age       ] GC(25) - age   2:       1512 bytes,       9696 total
[2021-12-31T02:38:41.576+0000][1][gc,age       ] GC(25) - age   3:     702728 bytes,     712424 total
[2021-12-31T02:38:41.576+0000][1][gc,age       ] GC(25) - age   4:    2508800 bytes,    3221224 total
[2021-12-31T02:38:41.576+0000][1][gc,heap      ] GC(25) ParNew: 73316K->6005K(76672K)
[2021-12-31T02:38:41.577+0000][1][gc,heap      ] GC(25) CMS: 63703K->63703K(439104K)
[2021-12-31T02:38:41.577+0000][1][gc,metaspace ] GC(25) Metaspace: 66971K->66971K(1110016K)
[2021-12-31T02:38:41.577+0000][1][gc           ] GC(25) Pause Young (Allocation Failure) 133M->68M(503M) 13.531ms
[2021-12-31T02:38:41.577+0000][1][gc,cpu       ] GC(25) User=0.01s Sys=0.00s Real=0.01s
[2021-12-31T02:38:41.577+0000][1][safepoint    ] Leaving safepoint region
[2021-12-31T02:38:41.577+0000][1][safepoint    ] Total time for which application threads were stopped: 0.0302904 seconds, Stopping threads took: 0.0001242 seconds
[2021-12-31T02:38:42.581+0000][1][safepoint    ] Application time: 1.0031085 seconds
[2021-12-31T02:38:42.581+0000][1][safepoint    ] Entering safepoint region: Cleanup
[2021-12-31T02:38:42.581+0000][1][safepoint    ] Leaving safepoint region
[2021-12-31T02:38:42.581+0000][1][safepoint    ] Total time for which application threads were stopped: 0.0002394 seconds, Stopping threads took: 0.0001057 seconds
[2021-12-31T02:38:43.583+0000][1][safepoint    ] Application time: 1.0016931 seconds
[2021-12-31T02:38:43.583+0000][1][safepoint    ] Entering safepoint region: Cleanup
[2021-12-31T02:38:43.583+0000][1][safepoint    ] Leaving safepoint region
[2021-12-31T02:38:43.583+0000][1][safepoint    ] Total time for which application threads were stopped: 0.0002036 seconds, Stopping threads took: 0.0000883 seconds
[2021-12-31T02:38:44.584+0000][1][safepoint    ] Application time: 1.0007990 seconds
[2021-12-31T02:38:44.585+0000][1][safepoint    ] Entering safepoint region: Cleanup
[2021-12-31T02:38:44.585+0000][1][safepoint    ] Leaving safepoint region
[2021-12-31T02:38:44.585+0000][1][safepoint    ] Total time for which application threads were stopped: 0.0006265 seconds, Stopping threads took: 0.0002280 seconds
[2021-12-31T02:38:45.586+0000][1][safepoint    ] Application time: 1.0001414 seconds
[2021-12-31T02:38:45.586+0000][1][safepoint    ] Entering safepoint region: Cleanup
[2021-12-31T02:38:45.586+0000][1][safepoint    ] Leaving safepoint region
[2021-12-31T02:38:45.586+0000][1][safepoint    ] Total time for which application threads were stopped: 0.0002157 seconds, Stopping threads took: 0.0000896 seconds
[2021-12-31T02:38:46.587+0000][1][safepoint    ] Application time: 1.0004446 seconds
[2021-12-31T02:38:46.587+0000][1][safepoint    ] Entering safepoint region: Cleanup
[2021-12-31T02:38:46.587+0000][1][safepoint    ] Leaving safepoint region
[2021-12-31T02:38:46.587+0000][1][safepoint    ] Total time for which application threads were stopped: 0.0002416 seconds, Stopping threads took: 0.0001071 seconds
[2021-12-31T02:38:47.910+0000][1][safepoint    ] Application time: 1.3226186 seconds
[2021-12-31T02:38:47.910+0000][1][safepoint    ] Entering safepoint region: Cleanup
[2021-12-31T02:38:47.910+0000][1][safepoint    ] Leaving safepoint region
[2021-12-31T02:38:47.910+0000][1][safepoint    ] Total time for which application threads were stopped: 0.0002242 seconds, Stopping threads took: 0.0000984 seconds
[2021-12-31T02:38:48.911+0000][1][safepoint    ] Application time: 1.0004031 seconds
[2021-12-31T02:38:48.911+0000][1][safepoint    ] Entering safepoint region: Cleanup
[2021-12-31T02:38:48.911+0000][1][safepoint    ] Leaving safepoint region
[2021-12-31T02:38:48.911+0000][1][safepoint    ] Total time for which application threads were stopped: 0.0002622 seconds, Stopping threads took: 0.0001228 seconds
[2021-12-31T02:38:49.912+0000][1][safepoint    ] Application time: 1.0005114 seconds
[2021-12-31T02:38:49.912+0000][1][safepoint    ] Entering safepoint region: Cleanup
[2021-12-31T02:38:49.912+0000][1][safepoint    ] Leaving safepoint region
[2021-12-31T02:38:49.912+0000][1][safepoint    ] Total time for which application threads were stopped: 0.0002201 seconds, Stopping threads took: 0.0000956 seconds
[2021-12-31T02:38:50.914+0000][1][safepoint    ] Application time: 1.0019872 seconds
[2021-12-31T02:38:50.914+0000][1][safepoint    ] Entering safepoint region: Cleanup
[2021-12-31T02:38:50.914+0000][1][safepoint    ] Leaving safepoint region
[2021-12-31T02:38:50.915+0000][1][safepoint    ] Total time for which application threads were stopped: 0.0002228 seconds, Stopping threads took: 0.0000969 seconds
[2021-12-31T02:38:51.916+0000][1][safepoint    ] Application time: 1.0015989 seconds
[2021-12-31T02:38:51.916+0000][1][safepoint    ] Entering safepoint region: Cleanup
[2021-12-31T02:38:51.917+0000][1][safepoint    ] Leaving safepoint region
[2021-12-31T02:38:51.917+0000][1][safepoint    ] Total time for which application threads were stopped: 0.0002384 seconds, Stopping threads took: 0.0001032 seconds
[2021-12-31T02:38:52.919+0000][1][safepoint    ] Application time: 1.0026669 seconds
[2021-12-31T02:38:52.920+0000][1][safepoint    ] Entering safepoint region: Cleanup
[2021-12-31T02:38:52.920+0000][1][safepoint    ] Leaving safepoint region
[2021-12-31T02:38:52.920+0000][1][safepoint    ] Total time for which application threads were stopped: 0.0002848 seconds, Stopping threads took: 0.0001577 seconds
[2021-12-31T02:38:53.922+0000][1][safepoint    ] Application time: 1.0014050 seconds
[2021-12-31T02:38:53.922+0000][1][safepoint    ] Entering safepoint region: Cleanup
[2021-12-31T02:38:53.922+0000][1][safepoint    ] Leaving safepoint region
[2021-12-31T02:38:53.922+0000][1][safepoint    ] Total time for which application threads were stopped: 0.0002015 seconds, Stopping threads took: 0.0000872 seconds
[2021-12-31T02:38:54.923+0000][1][safepoint    ] Application time: 1.0010505 seconds
[2021-12-31T02:38:54.923+0000][1][safepoint    ] Entering safepoint region: Cleanup
[2021-12-31T02:38:54.923+0000][1][safepoint    ] Leaving safepoint region
[2021-12-31T02:38:54.924+0000][1][safepoint    ] Total time for which application threads were stopped: 0.0002214 seconds, Stopping threads took: 0.0000996 seconds
[2021-12-31T02:38:55.926+0000][1][safepoint    ] Application time: 1.0019868 seconds
[2021-12-31T02:38:55.926+0000][1][safepoint    ] Entering safepoint region: Cleanup
[2021-12-31T02:38:55.926+0000][1][safepoint    ] Leaving safepoint region
[2021-12-31T02:38:55.926+0000][1][safepoint    ] Total time for which application threads were stopped: 0.0002497 seconds, Stopping threads took: 0.0001086 seconds
[2021-12-31T02:38:56.928+0000][1][safepoint    ] Application time: 1.0021976 seconds
[2021-12-31T02:38:56.929+0000][1][safepoint    ] Entering safepoint region: Cleanup
[2021-12-31T02:38:56.929+0000][1][safepoint    ] Leaving safepoint region
[2021-12-31T02:38:56.929+0000][1][safepoint    ] Total time for which application threads were stopped: 0.0002430 seconds, Stopping threads took: 0.0001055 seconds
[2021-12-31T02:38:57.930+0000][1][safepoint    ] Application time: 1.0014028 seconds
[2021-12-31T02:38:57.931+0000][1][safepoint    ] Entering safepoint region: Cleanup
[2021-12-31T02:38:57.931+0000][1][safepoint    ] Leaving safepoint region
[2021-12-31T02:38:57.931+0000][1][safepoint    ] Total time for which application threads were stopped: 0.0003953 seconds, Stopping threads took: 0.0002170 seconds
[2021-12-31T02:38:58.932+0000][1][safepoint    ] Application time: 1.0005270 seconds
[2021-12-31T02:38:58.932+0000][1][safepoint    ] Entering safepoint region: Cleanup
[2021-12-31T02:38:58.932+0000][1][safepoint    ] Leaving safepoint region
[2021-12-31T02:38:58.932+0000][1][safepoint    ] Total time for which application threads were stopped: 0.0004815 seconds, Stopping threads took: 0.0002025 seconds
[2021-12-31T02:38:59.934+0000][1][safepoint    ] Application time: 1.0017870 seconds
[2021-12-31T02:38:59.935+0000][1][safepoint    ] Entering safepoint region: Cleanup
[2021-12-31T02:38:59.935+0000][1][safepoint    ] Leaving safepoint region
[2021-12-31T02:38:59.935+0000][1][safepoint    ] Total time for which application threads were stopped: 0.0005256 seconds, Stopping threads took: 0.0002288 seconds
[2021-12-31T02:39:00.937+0000][1][safepoint    ] Application time: 1.0017429 seconds
[2021-12-31T02:39:00.938+0000][1][safepoint    ] Entering safepoint region: Cleanup
[2021-12-31T02:39:00.938+0000][1][safepoint    ] Leaving safepoint region
[2021-12-31T02:39:00.938+0000][1][safepoint    ] Total time for which application threads were stopped: 0.0005956 seconds, Stopping threads took: 0.0002606 seconds
[2021-12-31T02:39:01.941+0000][1][safepoint    ] Application time: 1.0024849 seconds
[2021-12-31T02:39:01.941+0000][1][safepoint    ] Entering safepoint region: Cleanup
[2021-12-31T02:39:01.941+0000][1][safepoint    ] Leaving safepoint region
[2021-12-31T02:39:01.941+0000][1][safepoint    ] Total time for which application threads were stopped: 0.0003083 seconds, Stopping threads took: 0.0001057 seconds
[2021-12-31T02:39:02.945+0000][1][safepoint    ] Application time: 1.0035936 seconds
[2021-12-31T02:39:02.945+0000][1][safepoint    ] Entering safepoint region: Cleanup
[2021-12-31T02:39:02.945+0000][1][safepoint    ] Leaving safepoint region
[2021-12-31T02:39:02.946+0000][1][safepoint    ] Total time for which application threads were stopped: 0.0002311 seconds, Stopping threads took: 0.0001039 seconds
[2021-12-31T02:39:03.948+0000][1][safepoint    ] Application time: 1.0023895 seconds
[2021-12-31T02:39:03.948+0000][1][safepoint    ] Entering safepoint region: Cleanup
[2021-12-31T02:39:03.948+0000][1][safepoint    ] Leaving safepoint region
[2021-12-31T02:39:03.948+0000][1][safepoint    ] Total time for which application threads were stopped: 0.0002542 seconds, Stopping threads took: 0.0001237 seconds
[2021-12-31T02:39:04.963+0000][1][safepoint    ] Application time: 1.0141010 seconds
[2021-12-31T02:39:04.963+0000][1][safepoint    ] Entering safepoint region: Cleanup
[2021-12-31T02:39:04.963+0000][1][safepoint    ] Leaving safepoint region
[2021-12-31T02:39:04.963+0000][1][safepoint    ] Total time for which application threads were stopped: 0.0002341 seconds, Stopping threads took: 0.0001058 seconds
[2021-12-31T02:39:06.434+0000][1][safepoint    ] Application time: 1.4709275 seconds
[2021-12-31T02:39:06.435+0000][1][safepoint    ] Entering safepoint region: Cleanup
[2021-12-31T02:39:06.435+0000][1][safepoint    ] Leaving safepoint region
[2021-12-31T02:39:06.435+0000][1][safepoint    ] Total time for which application threads were stopped: 0.0005258 seconds, Stopping threads took: 0.0002653 seconds
[2021-12-31T02:39:07.443+0000][1][safepoint    ] Application time: 1.0071697 seconds
[2021-12-31T02:39:07.443+0000][1][safepoint    ] Entering safepoint region: Cleanup
[2021-12-31T02:39:07.443+0000][1][safepoint    ] Leaving safepoint region
[2021-12-31T02:39:07.443+0000][1][safepoint    ] Total time for which application threads were stopped: 0.0002359 seconds, Stopping threads took: 0.0001098 seconds
[2021-12-31T02:39:08.450+0000][1][safepoint    ] Application time: 1.0069530 seconds
[2021-12-31T02:39:08.451+0000][1][safepoint    ] Entering safepoint region: Cleanup
[2021-12-31T02:39:08.451+0000][1][safepoint    ] Leaving safepoint region
[2021-12-31T02:39:08.451+0000][1][safepoint    ] Total time for which application threads were stopped: 0.0002659 seconds, Stopping threads took: 0.0001132 seconds
[2021-12-31T02:39:09.460+0000][1][safepoint    ] Application time: 1.0085094 seconds
[2021-12-31T02:39:09.460+0000][1][safepoint    ] Entering safepoint region: Cleanup
[2021-12-31T02:39:09.460+0000][1][safepoint    ] Leaving safepoint region
[2021-12-31T02:39:09.461+0000][1][safepoint    ] Total time for which application threads were stopped: 0.0002750 seconds, Stopping threads took: 0.0001347 seconds
[2021-12-31T02:39:10.464+0000][1][safepoint    ] Application time: 1.0030003 seconds
[2021-12-31T02:39:10.464+0000][1][safepoint    ] Entering safepoint region: Cleanup
[2021-12-31T02:39:10.464+0000][1][safepoint    ] Leaving safepoint region
[2021-12-31T02:39:10.464+0000][1][safepoint    ] Total time for which application threads were stopped: 0.0002287 seconds, Stopping threads took: 0.0000997 seconds
[2021-12-31T02:39:11.465+0000][1][safepoint    ] Application time: 1.0009549 seconds
[2021-12-31T02:39:11.465+0000][1][safepoint    ] Entering safepoint region: Cleanup
[2021-12-31T02:39:11.466+0000][1][safepoint    ] Leaving safepoint region
[2021-12-31T02:39:11.466+0000][1][safepoint    ] Total time for which application threads were stopped: 0.0002886 seconds, Stopping threads took: 0.0001279 seconds
[2021-12-31T02:39:12.467+0000][1][safepoint    ] Application time: 1.0008429 seconds
[2021-12-31T02:39:12.467+0000][1][safepoint    ] Entering safepoint region: Cleanup
[2021-12-31T02:39:12.467+0000][1][safepoint    ] Leaving safepoint region
[2021-12-31T02:39:12.467+0000][1][safepoint    ] Total time for which application threads were stopped: 0.0002220 seconds, Stopping threads took: 0.0000966 seconds
[2021-12-31T02:39:13.470+0000][1][safepoint    ] Application time: 1.0029095 seconds
[2021-12-31T02:39:13.470+0000][1][safepoint    ] Entering safepoint region: Cleanup
[2021-12-31T02:39:13.470+0000][1][safepoint    ] Leaving safepoint region
[2021-12-31T02:39:13.470+0000][1][safepoint    ] Total time for which application threads were stopped: 0.0002284 seconds, Stopping threads took: 0.0000973 seconds
[2021-12-31T02:39:14.472+0000][1][safepoint    ] Application time: 1.0012903 seconds
[2021-12-31T02:39:14.472+0000][1][safepoint    ] Entering safepoint region: Cleanup
[2021-12-31T02:39:14.472+0000][1][safepoint    ] Leaving safepoint region
[2021-12-31T02:39:14.472+0000][1][safepoint    ] Total time for which application threads were stopped: 0.0003241 seconds, Stopping threads took: 0.0001456 seconds
[2021-12-31T02:39:15.474+0000][1][safepoint    ] Application time: 1.0013976 seconds
[2021-12-31T02:39:15.474+0000][1][safepoint    ] Entering safepoint region: Cleanup
[2021-12-31T02:39:15.474+0000][1][safepoint    ] Leaving safepoint region
[2021-12-31T02:39:15.474+0000][1][safepoint    ] Total time for which application threads were stopped: 0.0002290 seconds, Stopping threads took: 0.0001028 seconds
[2021-12-31T02:39:16.475+0000][1][safepoint    ] Application time: 1.0008595 seconds
[2021-12-31T02:39:16.475+0000][1][safepoint    ] Entering safepoint region: Cleanup
[2021-12-31T02:39:16.476+0000][1][safepoint    ] Leaving safepoint region
[2021-12-31T02:39:16.476+0000][1][safepoint    ] Total time for which application threads were stopped: 0.0003148 seconds, Stopping threads took: 0.0001320 seconds
[2021-12-31T02:39:16.799+0000][1][safepoint    ] Application time: 0.3228428 seconds
[2021-12-31T02:39:16.799+0000][1][safepoint    ] Entering safepoint region: RevokeBias
[2021-12-31T02:39:16.799+0000][1][safepoint    ] Leaving safepoint region
[2021-12-31T02:39:16.799+0000][1][safepoint    ] Total time for which application threads were stopped: 0.0002614 seconds, Stopping threads took: 0.0001168 seconds
[2021-12-31T02:39:17.803+0000][1][safepoint    ] Application time: 1.0033922 seconds
[2021-12-31T02:39:17.803+0000][1][safepoint    ] Entering safepoint region: Cleanup
[2021-12-31T02:39:17.803+0000][1][safepoint    ] Leaving safepoint region
[2021-12-31T02:39:17.804+0000][1][safepoint    ] Total time for which application threads were stopped: 0.0005431 seconds, Stopping threads took: 0.0001033 seconds
[2021-12-31T02:39:18.805+0000][1][safepoint    ] Application time: 1.0008593 seconds
[2021-12-31T02:39:18.805+0000][1][safepoint    ] Entering safepoint region: Cleanup
[2021-12-31T02:39:18.805+0000][1][safepoint    ] Leaving safepoint region
[2021-12-31T02:39:18.805+0000][1][safepoint    ] Total time for which application threads were stopped: 0.0002664 seconds, Stopping threads took: 0.0001282 seconds
[2021-12-31T02:39:19.806+0000][1][safepoint    ] Application time: 1.0004957 seconds
[2021-12-31T02:39:19.806+0000][1][safepoint    ] Entering safepoint region: Cleanup
[2021-12-31T02:39:19.806+0000][1][safepoint    ] Leaving safepoint region
[2021-12-31T02:39:19.806+0000][1][safepoint    ] Total time for which application threads were stopped: 0.0002419 seconds, Stopping threads took: 0.0001072 seconds
[2021-12-31T02:39:20.806+0000][1][safepoint    ] Application time: 1.0001250 seconds
[2021-12-31T02:39:20.807+0000][1][safepoint    ] Entering safepoint region: Cleanup
[2021-12-31T02:39:20.807+0000][1][safepoint    ] Leaving safepoint region
[2021-12-31T02:39:20.807+0000][1][safepoint    ] Total time for which application threads were stopped: 0.0002528 seconds, Stopping threads took: 0.0001154 seconds
[2021-12-31T02:39:21.810+0000][1][safepoint    ] Application time: 1.0029268 seconds
[2021-12-31T02:39:21.810+0000][1][safepoint    ] Entering safepoint region: Cleanup
[2021-12-31T02:39:21.810+0000][1][safepoint    ] Leaving safepoint region
[2021-12-31T02:39:21.810+0000][1][safepoint    ] Total time for which application threads were stopped: 0.0002714 seconds, Stopping threads took: 0.0001188 seconds
[2021-12-31T02:39:22.813+0000][1][safepoint    ] Application time: 1.0028318 seconds
[2021-12-31T02:39:22.814+0000][1][safepoint    ] Entering safepoint region: Cleanup
[2021-12-31T02:39:22.814+0000][1][safepoint    ] Leaving safepoint region
[2021-12-31T02:39:22.814+0000][1][safepoint    ] Total time for which application threads were stopped: 0.0002793 seconds, Stopping threads took: 0.0001399 seconds
[2021-12-31T02:39:23.815+0000][1][safepoint    ] Application time: 1.0011810 seconds
[2021-12-31T02:39:23.815+0000][1][safepoint    ] Entering safepoint region: Cleanup
[2021-12-31T02:39:23.816+0000][1][safepoint    ] Leaving safepoint region
[2021-12-31T02:39:23.816+0000][1][safepoint    ] Total time for which application threads were stopped: 0.0003249 seconds, Stopping threads took: 0.0001414 seconds
[2021-12-31T02:39:24.824+0000][1][safepoint    ] Application time: 1.0079016 seconds
[2021-12-31T02:39:24.824+0000][1][safepoint    ] Entering safepoint region: Cleanup
[2021-12-31T02:39:24.824+0000][1][safepoint    ] Leaving safepoint region
[2021-12-31T02:39:24.824+0000][1][safepoint    ] Total time for which application threads were stopped: 0.0002649 seconds, Stopping threads took: 0.0001246 seconds
[2021-12-31T02:39:25.831+0000][1][safepoint    ] Application time: 1.0072359 seconds
[2021-12-31T02:39:25.832+0000][1][safepoint    ] Entering safepoint region: Cleanup
[2021-12-31T02:39:25.832+0000][1][safepoint    ] Leaving safepoint region
[2021-12-31T02:39:25.832+0000][1][safepoint    ] Total time for which application threads were stopped: 0.0003159 seconds, Stopping threads took: 0.0001404 seconds
[2021-12-31T02:39:26.835+0000][1][safepoint    ] Application time: 1.0028308 seconds
[2021-12-31T02:39:26.835+0000][1][safepoint    ] Entering safepoint region: Cleanup
[2021-12-31T02:39:26.835+0000][1][safepoint    ] Leaving safepoint region
[2021-12-31T02:39:26.836+0000][1][safepoint    ] Total time for which application threads were stopped: 0.0002929 seconds, Stopping threads took: 0.0001314 seconds
[2021-12-31T02:39:27.845+0000][1][safepoint    ] Application time: 1.0098253 seconds
[2021-12-31T02:39:27.846+0000][1][safepoint    ] Entering safepoint region: Cleanup
[2021-12-31T02:39:27.846+0000][1][safepoint    ] Leaving safepoint region
[2021-12-31T02:39:27.846+0000][1][safepoint    ] Total time for which application threads were stopped: 0.0002792 seconds, Stopping threads took: 0.0001127 seconds
[2021-12-31T02:39:28.862+0000][1][safepoint    ] Application time: 1.0160913 seconds
[2021-12-31T02:39:28.862+0000][1][safepoint    ] Entering safepoint region: Cleanup
[2021-12-31T02:39:28.863+0000][1][safepoint    ] Leaving safepoint region
[2021-12-31T02:39:28.863+0000][1][safepoint    ] Total time for which application threads were stopped: 0.0002382 seconds, Stopping threads took: 0.0001036 seconds
[2021-12-31T02:39:29.867+0000][1][safepoint    ] Application time: 1.0045331 seconds
[2021-12-31T02:39:29.868+0000][1][safepoint    ] Entering safepoint region: Cleanup
[2021-12-31T02:39:29.868+0000][1][safepoint    ] Leaving safepoint region
[2021-12-31T02:39:29.868+0000][1][safepoint    ] Total time for which application threads were stopped: 0.0003295 seconds, Stopping threads took: 0.0001526 seconds
[2021-12-31T02:39:30.874+0000][1][safepoint    ] Application time: 1.0061012 seconds
[2021-12-31T02:39:30.874+0000][1][safepoint    ] Entering safepoint region: Cleanup
[2021-12-31T02:39:30.875+0000][1][safepoint    ] Leaving safepoint region
[2021-12-31T02:39:30.875+0000][1][safepoint    ] Total time for which application threads were stopped: 0.0002616 seconds, Stopping threads took: 0.0001112 seconds
[2021-12-31T02:39:31.882+0000][1][safepoint    ] Application time: 1.0071887 seconds
[2021-12-31T02:39:31.882+0000][1][safepoint    ] Entering safepoint region: Cleanup
[2021-12-31T02:39:31.882+0000][1][safepoint    ] Leaving safepoint region
[2021-12-31T02:39:31.882+0000][1][safepoint    ] Total time for which application threads were stopped: 0.0002607 seconds, Stopping threads took: 0.0001010 seconds
[2021-12-31T02:39:32.893+0000][1][safepoint    ] Application time: 1.0099706 seconds
[2021-12-31T02:39:32.893+0000][1][safepoint    ] Entering safepoint region: Cleanup
[2021-12-31T02:39:32.893+0000][1][safepoint    ] Leaving safepoint region
[2021-12-31T02:39:32.893+0000][1][safepoint    ] Total time for which application threads were stopped: 0.0002752 seconds, Stopping threads took: 0.0001281 seconds
[2021-12-31T02:39:33.894+0000][1][safepoint    ] Application time: 1.0011867 seconds
[2021-12-31T02:39:33.895+0000][1][safepoint    ] Entering safepoint region: Cleanup
[2021-12-31T02:39:33.895+0000][1][safepoint    ] Leaving safepoint region
[2021-12-31T02:39:33.895+0000][1][safepoint    ] Total time for which application threads were stopped: 0.0002807 seconds, Stopping threads took: 0.0001226 seconds
[2021-12-31T02:39:34.895+0000][1][safepoint    ] Application time: 1.0001043 seconds
[2021-12-31T02:39:34.895+0000][1][safepoint    ] Entering safepoint region: Cleanup
[2021-12-31T02:39:34.896+0000][1][safepoint    ] Leaving safepoint region
[2021-12-31T02:39:34.896+0000][1][safepoint    ] Total time for which application threads were stopped: 0.0002609 seconds, Stopping threads took: 0.0001207 seconds
[2021-12-31T02:39:35.897+0000][1][safepoint    ] Application time: 1.0017372 seconds
[2021-12-31T02:39:35.898+0000][1][safepoint    ] Entering safepoint region: Cleanup
[2021-12-31T02:39:35.898+0000][1][safepoint    ] Leaving safepoint region
[2021-12-31T02:39:35.898+0000][1][safepoint    ] Total time for which application threads were stopped: 0.0002377 seconds, Stopping threads took: 0.0001034 seconds
[2021-12-31T02:39:36.899+0000][1][safepoint    ] Application time: 1.0008126 seconds
[2021-12-31T02:39:36.899+0000][1][safepoint    ] Entering safepoint region: Cleanup
[2021-12-31T02:39:36.899+0000][1][safepoint    ] Leaving safepoint region
[2021-12-31T02:39:36.899+0000][1][safepoint    ] Total time for which application threads were stopped: 0.0002304 seconds, Stopping threads took: 0.0001016 seconds
[2021-12-31T02:39:37.903+0000][1][safepoint    ] Application time: 1.0034442 seconds
[2021-12-31T02:39:37.903+0000][1][safepoint    ] Entering safepoint region: Cleanup
[2021-12-31T02:39:37.903+0000][1][safepoint    ] Leaving safepoint region
[2021-12-31T02:39:37.903+0000][1][safepoint    ] Total time for which application threads were stopped: 0.0002551 seconds, Stopping threads took: 0.0001199 seconds
[2021-12-31T02:39:38.905+0000][1][safepoint    ] Application time: 1.0020269 seconds
[2021-12-31T02:39:38.906+0000][1][safepoint    ] Entering safepoint region: Cleanup
[2021-12-31T02:39:38.906+0000][1][safepoint    ] Leaving safepoint region
[2021-12-31T02:39:38.906+0000][1][safepoint    ] Total time for which application threads were stopped: 0.0003527 seconds, Stopping threads took: 0.0001728 seconds
[2021-12-31T02:39:39.222+0000][1][safepoint    ] Application time: 0.3156450 seconds
[2021-12-31T02:39:39.222+0000][1][safepoint    ] Entering safepoint region: Deoptimize
[2021-12-31T02:39:39.223+0000][1][safepoint    ] Leaving safepoint region
[2021-12-31T02:39:39.223+0000][1][safepoint    ] Total time for which application threads were stopped: 0.0010291 seconds, Stopping threads took: 0.0001452 seconds
[2021-12-31T02:39:39.228+0000][1][safepoint    ] Application time: 0.0046780 seconds
[2021-12-31T02:39:39.229+0000][1][safepoint    ] Entering safepoint region: RevokeBias
[2021-12-31T02:39:39.229+0000][1][safepoint    ] Leaving safepoint region
[2021-12-31T02:39:39.230+0000][1][safepoint    ] Total time for which application threads were stopped: 0.0007484 seconds, Stopping threads took: 0.0001662 seconds
[2021-12-31T02:39:39.242+0000][1][safepoint    ] Application time: 0.0118096 seconds
[2021-12-31T02:39:39.242+0000][1][safepoint    ] Entering safepoint region: RevokeBias
[2021-12-31T02:39:39.242+0000][1][safepoint    ] Leaving safepoint region
[2021-12-31T02:39:39.242+0000][1][safepoint    ] Total time for which application threads were stopped: 0.0003273 seconds, Stopping threads took: 0.0001358 seconds
[2021-12-31T02:39:39.243+0000][1][safepoint    ] Application time: 0.0008731 seconds
[2021-12-31T02:39:39.244+0000][1][safepoint    ] Entering safepoint region: RevokeBias
[2021-12-31T02:39:39.244+0000][1][safepoint    ] Leaving safepoint region
[2021-12-31T02:39:39.244+0000][1][safepoint    ] Total time for which application threads were stopped: 0.0005385 seconds, Stopping threads took: 0.0002873 seconds
[2021-12-31T02:39:39.244+0000][1][safepoint    ] Application time: 0.0000581 seconds
[2021-12-31T02:39:39.245+0000][1][safepoint    ] Entering safepoint region: RevokeBias
[2021-12-31T02:39:39.245+0000][1][safepoint    ] Leaving safepoint region
[2021-12-31T02:39:39.245+0000][1][safepoint    ] Total time for which application threads were stopped: 0.0002690 seconds, Stopping threads took: 0.0000883 seconds
[2021-12-31T02:39:39.245+0000][1][safepoint    ] Application time: 0.0000430 seconds
[2021-12-31T02:39:39.245+0000][1][safepoint    ] Entering safepoint region: RevokeBias
[2021-12-31T02:39:39.245+0000][1][safepoint    ] Leaving safepoint region
[2021-12-31T02:39:39.245+0000][1][safepoint    ] Total time for which application threads were stopped: 0.0002064 seconds, Stopping threads took: 0.0000799 seconds
[2021-12-31T02:39:39.251+0000][1][safepoint    ] Application time: 0.0052920 seconds
[2021-12-31T02:39:39.251+0000][1][safepoint    ] Entering safepoint region: BulkRevokeBias
[2021-12-31T02:39:39.252+0000][1][safepoint    ] Leaving safepoint region
[2021-12-31T02:39:39.252+0000][1][safepoint    ] Total time for which application threads were stopped: 0.0010400 seconds, Stopping threads took: 0.0005669 seconds
[2021-12-31T02:39:39.252+0000][1][safepoint    ] Application time: 0.0000503 seconds
[2021-12-31T02:39:39.252+0000][1][safepoint    ] Entering safepoint region: RevokeBias
[2021-12-31T02:39:39.252+0000][1][safepoint    ] Leaving safepoint region
[2021-12-31T02:39:39.252+0000][1][safepoint    ] Total time for which application threads were stopped: 0.0002088 seconds, Stopping threads took: 0.0000802 seconds
[2021-12-31T02:39:39.255+0000][1][safepoint    ] Application time: 0.0023590 seconds
[2021-12-31T02:39:39.255+0000][1][safepoint    ] Entering safepoint region: RevokeBias
[2021-12-31T02:39:39.255+0000][1][safepoint    ] Leaving safepoint region
[2021-12-31T02:39:39.255+0000][1][safepoint    ] Total time for which application threads were stopped: 0.0003143 seconds, Stopping threads took: 0.0000854 seconds
[2021-12-31T02:39:39.255+0000][1][safepoint    ] Application time: 0.0000427 seconds
[2021-12-31T02:39:39.256+0000][1][safepoint    ] Entering safepoint region: BulkRevokeBias
[2021-12-31T02:39:39.256+0000][1][safepoint    ] Leaving safepoint region
[2021-12-31T02:39:39.256+0000][1][safepoint    ] Total time for which application threads were stopped: 0.0005567 seconds, Stopping threads took: 0.0000993 seconds
[2021-12-31T02:39:39.260+0000][1][safepoint    ] Application time: 0.0034591 seconds
[2021-12-31T02:39:39.260+0000][1][safepoint    ] Entering safepoint region: RevokeBias
[2021-12-31T02:39:39.260+0000][1][safepoint    ] Leaving safepoint region
[2021-12-31T02:39:39.260+0000][1][safepoint    ] Total time for which application threads were stopped: 0.0002752 seconds, Stopping threads took: 0.0001155 seconds
[2021-12-31T02:39:39.261+0000][1][safepoint    ] Application time: 0.0005266 seconds
[2021-12-31T02:39:39.261+0000][1][safepoint    ] Entering safepoint region: RevokeBias
[2021-12-31T02:39:39.261+0000][1][safepoint    ] Leaving safepoint region
[2021-12-31T02:39:39.261+0000][1][safepoint    ] Total time for which application threads were stopped: 0.0002562 seconds, Stopping threads took: 0.0000981 seconds
[2021-12-31T02:39:39.262+0000][1][safepoint    ] Application time: 0.0006830 seconds
[2021-12-31T02:39:39.262+0000][1][safepoint    ] Entering safepoint region: RevokeBias
[2021-12-31T02:39:39.263+0000][1][safepoint    ] Leaving safepoint region
[2021-12-31T02:39:39.263+0000][1][safepoint    ] Total time for which application threads were stopped: 0.0006392 seconds, Stopping threads took: 0.0000889 seconds
[2021-12-31T02:39:39.264+0000][1][safepoint    ] Application time: 0.0008381 seconds
[2021-12-31T02:39:39.264+0000][1][safepoint    ] Entering safepoint region: RevokeBias
[2021-12-31T02:39:39.264+0000][1][safepoint    ] Leaving safepoint region
[2021-12-31T02:39:39.264+0000][1][safepoint    ] Total time for which application threads were stopped: 0.0002410 seconds, Stopping threads took: 0.0001045 seconds
[2021-12-31T02:39:39.268+0000][1][safepoint    ] Application time: 0.0038438 seconds
[2021-12-31T02:39:39.269+0000][1][safepoint    ] Entering safepoint region: RevokeBias
[2021-12-31T02:39:39.269+0000][1][safepoint    ] Leaving safepoint region
[2021-12-31T02:39:39.271+0000][1][safepoint    ] Total time for which application threads were stopped: 0.0021291 seconds, Stopping threads took: 0.0001941 seconds
[2021-12-31T02:39:39.309+0000][1][safepoint    ] Application time: 0.0377062 seconds
[2021-12-31T02:39:39.309+0000][1][safepoint    ] Entering safepoint region: RevokeBias
[2021-12-31T02:39:39.309+0000][1][safepoint    ] Leaving safepoint region
[2021-12-31T02:39:39.309+0000][1][safepoint    ] Total time for which application threads were stopped: 0.0003169 seconds, Stopping threads took: 0.0001464 seconds
[2021-12-31T02:39:39.310+0000][1][safepoint    ] Application time: 0.0008561 seconds
[2021-12-31T02:39:39.311+0000][1][safepoint    ] Entering safepoint region: RevokeBias
[2021-12-31T02:39:39.311+0000][1][safepoint    ] Leaving safepoint region
[2021-12-31T02:39:39.311+0000][1][safepoint    ] Total time for which application threads were stopped: 0.0007003 seconds, Stopping threads took: 0.0002708 seconds
[2021-12-31T02:39:39.312+0000][1][safepoint    ] Application time: 0.0000167 seconds
[2021-12-31T02:39:39.312+0000][1][safepoint    ] Entering safepoint region: RevokeBias
[2021-12-31T02:39:39.312+0000][1][safepoint    ] Leaving safepoint region
[2021-12-31T02:39:39.312+0000][1][safepoint    ] Total time for which application threads were stopped: 0.0002728 seconds, Stopping threads took: 0.0001178 seconds
[2021-12-31T02:39:39.313+0000][1][safepoint    ] Application time: 0.0000613 seconds
[2021-12-31T02:39:39.313+0000][1][safepoint    ] Entering safepoint region: RevokeBias
[2021-12-31T02:39:39.313+0000][1][safepoint    ] Leaving safepoint region
[2021-12-31T02:39:39.313+0000][1][safepoint    ] Total time for which application threads were stopped: 0.0002611 seconds, Stopping threads took: 0.0001140 seconds
[2021-12-31T02:39:39.313+0000][1][safepoint    ] Application time: 0.0002344 seconds
[2021-12-31T02:39:39.313+0000][1][safepoint    ] Entering safepoint region: RevokeBias
[2021-12-31T02:39:39.314+0000][1][safepoint    ] Leaving safepoint region
[2021-12-31T02:39:39.314+0000][1][safepoint    ] Total time for which application threads were stopped: 0.0002239 seconds, Stopping threads took: 0.0001046 seconds
[2021-12-31T02:39:39.314+0000][1][safepoint    ] Application time: 0.0005294 seconds
[2021-12-31T02:39:39.315+0000][1][safepoint    ] Entering safepoint region: RevokeBias
[2021-12-31T02:39:39.315+0000][1][safepoint    ] Leaving safepoint region
[2021-12-31T02:39:39.315+0000][1][safepoint    ] Total time for which application threads were stopped: 0.0003247 seconds, Stopping threads took: 0.0001502 seconds
[2021-12-31T02:39:39.316+0000][1][safepoint    ] Application time: 0.0014381 seconds
[2021-12-31T02:39:39.317+0000][1][safepoint    ] Entering safepoint region: RevokeBias
[2021-12-31T02:39:39.317+0000][1][safepoint    ] Leaving safepoint region
[2021-12-31T02:39:39.317+0000][1][safepoint    ] Total time for which application threads were stopped: 0.0002656 seconds, Stopping threads took: 0.0001080 seconds
[2021-12-31T02:39:39.317+0000][1][safepoint    ] Application time: 0.0000522 seconds
[2021-12-31T02:39:39.317+0000][1][safepoint    ] Entering safepoint region: BulkRevokeBias
[2021-12-31T02:39:39.317+0000][1][safepoint    ] Leaving safepoint region
[2021-12-31T02:39:39.317+0000][1][safepoint    ] Total time for which application threads were stopped: 0.0002836 seconds, Stopping threads took: 0.0000819 seconds
[2021-12-31T02:39:39.319+0000][1][safepoint    ] Application time: 0.0012522 seconds
[2021-12-31T02:39:39.319+0000][1][safepoint    ] Entering safepoint region: RevokeBias
[2021-12-31T02:39:39.319+0000][1][safepoint    ] Leaving safepoint region
[2021-12-31T02:39:39.322+0000][1][safepoint    ] Total time for which application threads were stopped: 0.0026254 seconds, Stopping threads took: 0.0003805 seconds
[2021-12-31T02:39:39.322+0000][1][safepoint    ] Application time: 0.0007246 seconds
[2021-12-31T02:39:39.324+0000][1][safepoint    ] Entering safepoint region: RevokeBias
[2021-12-31T02:39:39.324+0000][1][safepoint    ] Leaving safepoint region
[2021-12-31T02:39:39.324+0000][1][safepoint    ] Total time for which application threads were stopped: 0.0003090 seconds, Stopping threads took: 0.0001362 seconds
[2021-12-31T02:39:39.326+0000][1][safepoint    ] Application time: 0.0024387 seconds
[2021-12-31T02:39:39.327+0000][1][safepoint    ] Entering safepoint region: RevokeBias
[2021-12-31T02:39:39.327+0000][1][safepoint    ] Leaving safepoint region
[2021-12-31T02:39:39.327+0000][1][safepoint    ] Total time for which application threads were stopped: 0.0002828 seconds, Stopping threads took: 0.0001174 seconds
[2021-12-31T02:39:39.331+0000][1][safepoint    ] Application time: 0.0035678 seconds
[2021-12-31T02:39:39.338+0000][1][safepoint    ] Entering safepoint region: RevokeBias
[2021-12-31T02:39:39.339+0000][1][safepoint    ] Leaving safepoint region
[2021-12-31T02:39:39.339+0000][1][safepoint    ] Total time for which application threads were stopped: 0.0004858 seconds, Stopping threads took: 0.0002855 seconds
[2021-12-31T02:39:39.343+0000][1][safepoint    ] Application time: 0.0038425 seconds
[2021-12-31T02:39:39.350+0000][1][safepoint    ] Entering safepoint region: RevokeBias
[2021-12-31T02:39:39.351+0000][1][safepoint    ] Leaving safepoint region
[2021-12-31T02:39:39.351+0000][1][safepoint    ] Total time for which application threads were stopped: 0.0004885 seconds, Stopping threads took: 0.0002309 seconds
[2021-12-31T02:39:39.351+0000][1][safepoint    ] Application time: 0.0003668 seconds
[2021-12-31T02:39:39.352+0000][1][safepoint    ] Entering safepoint region: RevokeBias
[2021-12-31T02:39:39.352+0000][1][safepoint    ] Leaving safepoint region
[2021-12-31T02:39:39.353+0000][1][safepoint    ] Total time for which application threads were stopped: 0.0009512 seconds, Stopping threads took: 0.0004815 seconds
[2021-12-31T02:39:39.357+0000][1][safepoint    ] Application time: 0.0044576 seconds
[2021-12-31T02:39:39.357+0000][1][safepoint    ] Entering safepoint region: RevokeBias
[2021-12-31T02:39:39.358+0000][1][safepoint    ] Leaving safepoint region
[2021-12-31T02:39:39.359+0000][1][safepoint    ] Total time for which application threads were stopped: 0.0014772 seconds, Stopping threads took: 0.0002588 seconds
[2021-12-31T02:39:39.365+0000][1][safepoint    ] Application time: 0.0056200 seconds
[2021-12-31T02:39:39.365+0000][1][safepoint    ] Entering safepoint region: RevokeBias
[2021-12-31T02:39:39.365+0000][1][safepoint    ] Leaving safepoint region
[2021-12-31T02:39:39.365+0000][1][safepoint    ] Total time for which application threads were stopped: 0.0002375 seconds, Stopping threads took: 0.0001039 seconds
[2021-12-31T02:39:39.366+0000][1][safepoint    ] Application time: 0.0006362 seconds
[2021-12-31T02:39:39.366+0000][1][safepoint    ] Entering safepoint region: RevokeBias
[2021-12-31T02:39:39.366+0000][1][safepoint    ] Leaving safepoint region
[2021-12-31T02:39:39.366+0000][1][safepoint    ] Total time for which application threads were stopped: 0.0002348 seconds, Stopping threads took: 0.0001069 seconds
[2021-12-31T02:39:39.367+0000][1][safepoint    ] Application time: 0.0005418 seconds
[2021-12-31T02:39:39.367+0000][1][safepoint    ] Entering safepoint region: RevokeBias
[2021-12-31T02:39:39.367+0000][1][safepoint    ] Leaving safepoint region
[2021-12-31T02:39:39.368+0000][1][safepoint    ] Total time for which application threads were stopped: 0.0004585 seconds, Stopping threads took: 0.0002930 seconds
[2021-12-31T02:39:39.368+0000][1][safepoint    ] Application time: 0.0000796 seconds
[2021-12-31T02:39:39.368+0000][1][safepoint    ] Entering safepoint region: RevokeBias
[2021-12-31T02:39:39.368+0000][1][safepoint    ] Leaving safepoint region
[2021-12-31T02:39:39.368+0000][1][safepoint    ] Total time for which application threads were stopped: 0.0002588 seconds, Stopping threads took: 0.0000865 seconds
[2021-12-31T02:39:39.370+0000][1][safepoint    ] Application time: 0.0013310 seconds
[2021-12-31T02:39:39.370+0000][1][safepoint    ] Entering safepoint region: RevokeBias
[2021-12-31T02:39:39.370+0000][1][safepoint    ] Leaving safepoint region
[2021-12-31T02:39:39.370+0000][1][safepoint    ] Total time for which application threads were stopped: 0.0002820 seconds, Stopping threads took: 0.0001279 seconds
[2021-12-31T02:39:39.371+0000][1][safepoint    ] Application time: 0.0011879 seconds
[2021-12-31T02:39:39.372+0000][1][safepoint    ] Entering safepoint region: RevokeBias
[2021-12-31T02:39:39.372+0000][1][safepoint    ] Leaving safepoint region
[2021-12-31T02:39:39.372+0000][1][safepoint    ] Total time for which application threads were stopped: 0.0002511 seconds, Stopping threads took: 0.0001018 seconds
[2021-12-31T02:39:39.376+0000][1][safepoint    ] Application time: 0.0034979 seconds
[2021-12-31T02:39:39.376+0000][1][safepoint    ] Entering safepoint region: RevokeBias
[2021-12-31T02:39:39.376+0000][1][safepoint    ] Leaving safepoint region
[2021-12-31T02:39:39.376+0000][1][safepoint    ] Total time for which application threads were stopped: 0.0003669 seconds, Stopping threads took: 0.0001632 seconds
[2021-12-31T02:39:39.394+0000][1][safepoint    ] Application time: 0.0180302 seconds
[2021-12-31T02:39:39.395+0000][1][safepoint    ] Entering safepoint region: RevokeBias
[2021-12-31T02:39:39.395+0000][1][safepoint    ] Leaving safepoint region
[2021-12-31T02:39:39.395+0000][1][safepoint    ] Total time for which application threads were stopped: 0.0004926 seconds, Stopping threads took: 0.0002498 seconds
[2021-12-31T02:39:39.403+0000][1][safepoint    ] Application time: 0.0079924 seconds
[2021-12-31T02:39:39.421+0000][1][safepoint    ] Entering safepoint region: RevokeBias
[2021-12-31T02:39:39.426+0000][1][safepoint    ] Leaving safepoint region
[2021-12-31T02:39:39.433+0000][1][safepoint    ] Total time for which application threads were stopped: 0.0126652 seconds, Stopping threads took: 0.0050291 seconds
[2021-12-31T02:39:39.440+0000][1][safepoint    ] Application time: 0.0000976 seconds
[2021-12-31T02:39:39.447+0000][1][safepoint    ] Entering safepoint region: RevokeBias
[2021-12-31T02:39:39.448+0000][1][safepoint    ] Leaving safepoint region
[2021-12-31T02:39:39.448+0000][1][safepoint    ] Total time for which application threads were stopped: 0.0004898 seconds, Stopping threads took: 0.0001646 seconds
[2021-12-31T02:39:39.449+0000][1][safepoint    ] Application time: 0.0009283 seconds
[2021-12-31T02:39:39.449+0000][1][safepoint    ] Entering safepoint region: RevokeBias
[2021-12-31T02:39:39.449+0000][1][safepoint    ] Leaving safepoint region
[2021-12-31T02:39:39.449+0000][1][safepoint    ] Total time for which application threads were stopped: 0.0003348 seconds, Stopping threads took: 0.0000846 seconds
[2021-12-31T02:39:39.450+0000][1][safepoint    ] Application time: 0.0004000 seconds
[2021-12-31T02:39:39.450+0000][1][safepoint    ] Entering safepoint region: RevokeBias
[2021-12-31T02:39:39.450+0000][1][safepoint    ] Leaving safepoint region
[2021-12-31T02:39:39.450+0000][1][safepoint    ] Total time for which application threads were stopped: 0.0003400 seconds, Stopping threads took: 0.0001044 seconds
[2021-12-31T02:39:39.451+0000][1][safepoint    ] Application time: 0.0000575 seconds
[2021-12-31T02:39:39.451+0000][1][safepoint    ] Entering safepoint region: RevokeBias
[2021-12-31T02:39:39.451+0000][1][safepoint    ] Leaving safepoint region
[2021-12-31T02:39:39.451+0000][1][safepoint    ] Total time for which application threads were stopped: 0.0002488 seconds, Stopping threads took: 0.0000833 seconds
[2021-12-31T02:39:39.452+0000][1][safepoint    ] Application time: 0.0010102 seconds
[2021-12-31T02:39:39.452+0000][1][safepoint    ] Entering safepoint region: RevokeBias
[2021-12-31T02:39:39.453+0000][1][safepoint    ] Leaving safepoint region
[2021-12-31T02:39:39.453+0000][1][safepoint    ] Total time for which application threads were stopped: 0.0002655 seconds, Stopping threads took: 0.0001059 seconds
[2021-12-31T02:39:39.462+0000][1][safepoint    ] Application time: 0.0087751 seconds
[2021-12-31T02:39:39.469+0000][1][safepoint    ] Entering safepoint region: GenCollectForAllocation
[2021-12-31T02:39:39.474+0000][1][gc,start     ] GC(26) Pause Young (Allocation Failure)
[2021-12-31T02:39:39.474+0000][1][gc,task      ] GC(26) Using 1 workers of 1 for evacuation
[2021-12-31T02:39:39.888+0000][1][gc,age       ] GC(26) Desired survivor size 4358144 bytes, new threshold 6 (max threshold 6)
[2021-12-31T02:39:39.888+0000][1][gc,age       ] GC(26) Age table with threshold 6 (max threshold 6)
[2021-12-31T02:39:39.888+0000][1][gc,age       ] GC(26) - age   1:     766128 bytes,     766128 total
[2021-12-31T02:39:39.888+0000][1][gc,age       ] GC(26) - age   2:       1880 bytes,     768008 total
[2021-12-31T02:39:39.888+0000][1][gc,age       ] GC(26) - age   3:       1512 bytes,     769520 total
[2021-12-31T02:39:39.889+0000][1][gc,age       ] GC(26) - age   4:     671992 bytes,    1441512 total
[2021-12-31T02:39:39.889+0000][1][gc,age       ] GC(26) - age   5:    2309536 bytes,    3751048 total
[2021-12-31T02:39:39.889+0000][1][gc,heap      ] GC(26) ParNew: 74165K->3860K(76672K)
[2021-12-31T02:39:39.889+0000][1][gc,heap      ] GC(26) CMS: 63703K->96471K(439104K)
[2021-12-31T02:39:39.889+0000][1][gc,metaspace ] GC(26) Metaspace: 68401K->68401K(1112064K)
[2021-12-31T02:39:39.889+0000][1][gc           ] GC(26) Pause Young (Allocation Failure) 134M->97M(503M) 415.746ms
[2021-12-31T02:39:39.890+0000][1][gc,cpu       ] GC(26) User=0.08s Sys=0.03s Real=0.41s
[2021-12-31T02:39:39.890+0000][1][safepoint    ] Leaving safepoint region
[2021-12-31T02:39:39.890+0000][1][safepoint    ] Total time for which application threads were stopped: 0.4212720 seconds, Stopping threads took: 0.0050957 seconds
[2021-12-31T02:39:39.897+0000][1][safepoint    ] Application time: 0.0068776 seconds
[2021-12-31T02:39:39.904+0000][1][safepoint    ] Entering safepoint region: RevokeBias
[2021-12-31T02:39:39.910+0000][1][safepoint    ] Leaving safepoint region
[2021-12-31T02:39:39.910+0000][1][safepoint    ] Total time for which application threads were stopped: 0.0061691 seconds, Stopping threads took: 0.0057347 seconds
[2021-12-31T02:39:39.911+0000][1][safepoint    ] Application time: 0.0001615 seconds
[2021-12-31T02:39:39.911+0000][1][safepoint    ] Entering safepoint region: RevokeBias
[2021-12-31T02:39:39.911+0000][1][safepoint    ] Leaving safepoint region
[2021-12-31T02:39:39.911+0000][1][safepoint    ] Total time for which application threads were stopped: 0.0005580 seconds, Stopping threads took: 0.0001144 seconds
[2021-12-31T02:39:39.923+0000][1][safepoint    ] Application time: 0.0115293 seconds
[2021-12-31T02:39:39.926+0000][1][safepoint    ] Entering safepoint region: RevokeBias
[2021-12-31T02:39:39.927+0000][1][safepoint    ] Leaving safepoint region
[2021-12-31T02:39:39.927+0000][1][safepoint    ] Total time for which application threads were stopped: 0.0011802 seconds, Stopping threads took: 0.0001288 seconds
[2021-12-31T02:39:39.931+0000][1][safepoint    ] Application time: 0.0036166 seconds
[2021-12-31T02:39:39.932+0000][1][safepoint    ] Entering safepoint region: RevokeBias
[2021-12-31T02:39:39.932+0000][1][safepoint    ] Leaving safepoint region
[2021-12-31T02:39:39.934+0000][1][safepoint    ] Total time for which application threads were stopped: 0.0020416 seconds, Stopping threads took: 0.0002794 seconds
[2021-12-31T02:39:39.938+0000][1][safepoint    ] Application time: 0.0000205 seconds
[2021-12-31T02:39:39.939+0000][1][safepoint    ] Entering safepoint region: RevokeBias
[2021-12-31T02:39:39.939+0000][1][safepoint    ] Leaving safepoint region
[2021-12-31T02:39:39.940+0000][1][safepoint    ] Total time for which application threads were stopped: 0.0003200 seconds, Stopping threads took: 0.0001160 seconds
[2021-12-31T02:39:39.947+0000][1][safepoint    ] Application time: 0.0072332 seconds
[2021-12-31T02:39:39.958+0000][1][safepoint    ] Entering safepoint region: RevokeBias
[2021-12-31T02:39:39.972+0000][1][safepoint    ] Leaving safepoint region
[2021-12-31T02:39:39.982+0000][1][safepoint    ] Total time for which application threads were stopped: 0.0237722 seconds, Stopping threads took: 0.0131198 seconds
[2021-12-31T02:39:40.026+0000][1][safepoint    ] Application time: 0.0368450 seconds
[2021-12-31T02:39:40.038+0000][1][safepoint    ] Entering safepoint region: RevokeBias
[2021-12-31T02:39:40.049+0000][1][safepoint    ] Leaving safepoint region
[2021-12-31T02:39:40.061+0000][1][safepoint    ] Total time for which application threads were stopped: 0.0300947 seconds, Stopping threads took: 0.0180989 seconds
[2021-12-31T02:39:40.124+0000][1][safepoint    ] Application time: 0.0615528 seconds
[2021-12-31T02:39:40.131+0000][1][safepoint    ] Entering safepoint region: RevokeBias
[2021-12-31T02:39:40.132+0000][1][safepoint    ] Leaving safepoint region
[2021-12-31T02:39:40.132+0000][1][safepoint    ] Total time for which application threads were stopped: 0.0008010 seconds, Stopping threads took: 0.0005902 seconds
[2021-12-31T02:39:40.132+0000][1][safepoint    ] Application time: 0.0000940 seconds
[2021-12-31T02:39:40.132+0000][1][safepoint    ] Entering safepoint region: RevokeBias
[2021-12-31T02:39:40.133+0000][1][safepoint    ] Leaving safepoint region
[2021-12-31T02:39:40.133+0000][1][safepoint    ] Total time for which application threads were stopped: 0.0002396 seconds, Stopping threads took: 0.0000755 seconds
[2021-12-31T02:39:40.133+0000][1][safepoint    ] Application time: 0.0002064 seconds
[2021-12-31T02:39:40.133+0000][1][safepoint    ] Entering safepoint region: RevokeBias
[2021-12-31T02:39:40.133+0000][1][safepoint    ] Leaving safepoint region
[2021-12-31T02:39:40.133+0000][1][safepoint    ] Total time for which application threads were stopped: 0.0002460 seconds, Stopping threads took: 0.0000921 seconds
[2021-12-31T02:39:40.133+0000][1][safepoint    ] Application time: 0.0000730 seconds
[2021-12-31T02:39:40.134+0000][1][safepoint    ] Entering safepoint region: BulkRevokeBias
[2021-12-31T02:39:40.134+0000][1][safepoint    ] Leaving safepoint region
[2021-12-31T02:39:40.134+0000][1][safepoint    ] Total time for which application threads were stopped: 0.0003674 seconds, Stopping threads took: 0.0000891 seconds
[2021-12-31T02:39:40.176+0000][1][safepoint    ] Application time: 0.0422430 seconds
[2021-12-31T02:39:40.180+0000][1][safepoint    ] Entering safepoint region: RevokeBias
[2021-12-31T02:39:40.180+0000][1][safepoint    ] Leaving safepoint region
[2021-12-31T02:39:40.180+0000][1][safepoint    ] Total time for which application threads were stopped: 0.0004728 seconds, Stopping threads took: 0.0002770 seconds
[2021-12-31T02:39:40.187+0000][1][safepoint    ] Application time: 0.0070909 seconds
[2021-12-31T02:39:40.188+0000][1][safepoint    ] Entering safepoint region: RevokeBias
[2021-12-31T02:39:40.188+0000][1][safepoint    ] Leaving safepoint region
[2021-12-31T02:39:40.190+0000][1][safepoint    ] Total time for which application threads were stopped: 0.0019758 seconds, Stopping threads took: 0.0002098 seconds
[2021-12-31T02:39:40.220+0000][1][safepoint    ] Application time: 0.0272384 seconds
[2021-12-31T02:39:40.229+0000][1][safepoint    ] Entering safepoint region: RevokeBias
[2021-12-31T02:39:40.239+0000][1][safepoint    ] Leaving safepoint region
[2021-12-31T02:39:40.245+0000][1][safepoint    ] Total time for which application threads were stopped: 0.0167722 seconds, Stopping threads took: 0.0100783 seconds
[2021-12-31T02:39:40.258+0000][1][safepoint    ] Application time: 0.0056503 seconds
[2021-12-31T02:39:40.265+0000][1][safepoint    ] Entering safepoint region: RevokeBias
[2021-12-31T02:39:40.266+0000][1][safepoint    ] Leaving safepoint region
[2021-12-31T02:39:40.266+0000][1][safepoint    ] Total time for which application threads were stopped: 0.0011537 seconds, Stopping threads took: 0.0009737 seconds
[2021-12-31T02:39:40.348+0000][1][safepoint    ] Application time: 0.0815324 seconds
[2021-12-31T02:39:40.356+0000][1][safepoint    ] Entering safepoint region: RevokeBias
[2021-12-31T02:39:40.356+0000][1][safepoint    ] Leaving safepoint region
[2021-12-31T02:39:40.357+0000][1][safepoint    ] Total time for which application threads were stopped: 0.0003545 seconds, Stopping threads took: 0.0001899 seconds
[2021-12-31T02:39:40.359+0000][1][safepoint    ] Application time: 0.0026357 seconds
[2021-12-31T02:39:40.359+0000][1][safepoint    ] Entering safepoint region: RevokeBias
[2021-12-31T02:39:40.360+0000][1][safepoint    ] Leaving safepoint region
[2021-12-31T02:39:40.360+0000][1][safepoint    ] Total time for which application threads were stopped: 0.0003239 seconds, Stopping threads took: 0.0001611 seconds
[2021-12-31T02:39:40.360+0000][1][safepoint    ] Application time: 0.0000657 seconds
[2021-12-31T02:39:40.360+0000][1][safepoint    ] Entering safepoint region: RevokeBias
[2021-12-31T02:39:40.360+0000][1][safepoint    ] Leaving safepoint region
[2021-12-31T02:39:40.360+0000][1][safepoint    ] Total time for which application threads were stopped: 0.0002180 seconds, Stopping threads took: 0.0000888 seconds
[2021-12-31T02:39:40.363+0000][1][safepoint    ] Application time: 0.0026397 seconds
[2021-12-31T02:39:40.366+0000][1][safepoint    ] Entering safepoint region: RevokeBias
[2021-12-31T02:39:40.366+0000][1][safepoint    ] Leaving safepoint region
[2021-12-31T02:39:40.366+0000][1][safepoint    ] Total time for which application threads were stopped: 0.0003767 seconds, Stopping threads took: 0.0001845 seconds
[2021-12-31T02:39:41.370+0000][1][safepoint    ] Application time: 1.0035533 seconds
[2021-12-31T02:39:41.370+0000][1][safepoint    ] Entering safepoint region: Cleanup
[2021-12-31T02:39:41.371+0000][1][safepoint    ] Leaving safepoint region
[2021-12-31T02:39:41.371+0000][1][safepoint    ] Total time for which application threads were stopped: 0.0002154 seconds, Stopping threads took: 0.0001022 seconds
[2021-12-31T02:39:43.374+0000][1][safepoint    ] Application time: 2.0031881 seconds
[2021-12-31T02:39:43.374+0000][1][safepoint    ] Entering safepoint region: Cleanup
[2021-12-31T02:39:43.374+0000][1][safepoint    ] Leaving safepoint region
[2021-12-31T02:39:43.375+0000][1][safepoint    ] Total time for which application threads were stopped: 0.0008004 seconds, Stopping threads took: 0.0001275 seconds
[2021-12-31T02:39:44.378+0000][1][safepoint    ] Application time: 1.0028233 seconds
[2021-12-31T02:39:44.378+0000][1][safepoint    ] Entering safepoint region: Cleanup
[2021-12-31T02:39:44.378+0000][1][safepoint    ] Leaving safepoint region
[2021-12-31T02:39:44.378+0000][1][safepoint    ] Total time for which application threads were stopped: 0.0002491 seconds, Stopping threads took: 0.0001036 seconds
[2021-12-31T02:39:46.384+0000][1][safepoint    ] Application time: 2.0056988 seconds
[2021-12-31T02:39:46.385+0000][1][safepoint    ] Entering safepoint region: Cleanup
[2021-12-31T02:39:46.385+0000][1][safepoint    ] Leaving safepoint region
[2021-12-31T02:39:46.385+0000][1][safepoint    ] Total time for which application threads were stopped: 0.0002723 seconds, Stopping threads took: 0.0001170 seconds
[2021-12-31T02:39:47.387+0000][1][safepoint    ] Application time: 1.0019242 seconds
[2021-12-31T02:39:47.387+0000][1][safepoint    ] Entering safepoint region: Cleanup
[2021-12-31T02:39:47.388+0000][1][safepoint    ] Leaving safepoint region
[2021-12-31T02:39:47.388+0000][1][safepoint    ] Total time for which application threads were stopped: 0.0005487 seconds, Stopping threads took: 0.0002717 seconds
[2021-12-31T02:39:56.409+0000][1][safepoint    ] Application time: 9.0211008 seconds
[2021-12-31T02:39:56.409+0000][1][safepoint    ] Entering safepoint region: Cleanup
[2021-12-31T02:39:56.410+0000][1][safepoint    ] Leaving safepoint region
[2021-12-31T02:39:56.410+0000][1][safepoint    ] Total time for which application threads were stopped: 0.0003510 seconds, Stopping threads took: 0.0001646 seconds
[2021-12-31T02:40:16.812+0000][1][safepoint    ] Application time: 20.4020345 seconds
[2021-12-31T02:40:16.813+0000][1][safepoint    ] Entering safepoint region: RevokeBias
[2021-12-31T02:40:16.813+0000][1][safepoint    ] Leaving safepoint region
[2021-12-31T02:40:16.813+0000][1][safepoint    ] Total time for which application threads were stopped: 0.0005183 seconds, Stopping threads took: 0.0001180 seconds
[2021-12-31T02:40:19.821+0000][1][safepoint    ] Application time: 3.0070235 seconds
[2021-12-31T02:40:19.821+0000][1][safepoint    ] Entering safepoint region: Cleanup
[2021-12-31T02:40:19.821+0000][1][safepoint    ] Leaving safepoint region
[2021-12-31T02:40:19.821+0000][1][safepoint    ] Total time for which application threads were stopped: 0.0002255 seconds, Stopping threads took: 0.0000917 seconds
[2021-12-31T02:40:31.851+0000][1][safepoint    ] Application time: 12.0294786 seconds
[2021-12-31T02:40:31.851+0000][1][safepoint    ] Entering safepoint region: Cleanup
[2021-12-31T02:40:31.851+0000][1][safepoint    ] Leaving safepoint region
[2021-12-31T02:40:31.851+0000][1][safepoint    ] Total time for which application threads were stopped: 0.0002475 seconds, Stopping threads took: 0.0001163 seconds
[2021-12-31T02:40:50.889+0000][1][safepoint    ] Application time: 19.0381012 seconds
[2021-12-31T02:40:50.890+0000][1][safepoint    ] Entering safepoint region: Cleanup
[2021-12-31T02:40:50.890+0000][1][safepoint    ] Leaving safepoint region
[2021-12-31T02:40:50.890+0000][1][safepoint    ] Total time for which application threads were stopped: 0.0005594 seconds, Stopping threads took: 0.0002554 seconds
[2021-12-31T02:40:59.897+0000][1][safepoint    ] Application time: 9.0070803 seconds
[2021-12-31T02:40:59.898+0000][1][safepoint    ] Entering safepoint region: Cleanup
[2021-12-31T02:40:59.898+0000][1][safepoint    ] Leaving safepoint region
[2021-12-31T02:40:59.898+0000][1][safepoint    ] Total time for which application threads were stopped: 0.0002572 seconds, Stopping threads took: 0.0001208 seconds
[2021-12-31T02:41:06.905+0000][1][safepoint    ] Application time: 7.0074627 seconds
[2021-12-31T02:41:06.906+0000][1][safepoint    ] Entering safepoint region: Cleanup
[2021-12-31T02:41:06.906+0000][1][safepoint    ] Leaving safepoint region
[2021-12-31T02:41:06.906+0000][1][safepoint    ] Total time for which application threads were stopped: 0.0003356 seconds, Stopping threads took: 0.0001208 seconds
[2021-12-31T02:41:08.910+0000][1][safepoint    ] Application time: 2.0040823 seconds
[2021-12-31T02:41:08.911+0000][1][safepoint    ] Entering safepoint region: Cleanup
[2021-12-31T02:41:08.911+0000][1][safepoint    ] Leaving safepoint region
[2021-12-31T02:41:08.911+0000][1][safepoint    ] Total time for which application threads were stopped: 0.0008237 seconds, Stopping threads took: 0.0002323 seconds
[2021-12-31T02:41:16.824+0000][1][safepoint    ] Application time: 7.9126439 seconds
[2021-12-31T02:41:16.825+0000][1][safepoint    ] Entering safepoint region: RevokeBias
[2021-12-31T02:41:16.825+0000][1][safepoint    ] Leaving safepoint region
[2021-12-31T02:41:16.825+0000][1][safepoint    ] Total time for which application threads were stopped: 0.0002446 seconds, Stopping threads took: 0.0001049 seconds
[2021-12-31T02:41:17.829+0000][1][safepoint    ] Application time: 1.0036343 seconds
[2021-12-31T02:41:17.829+0000][1][safepoint    ] Entering safepoint region: Cleanup
[2021-12-31T02:41:17.829+0000][1][safepoint    ] Leaving safepoint region
[2021-12-31T02:41:17.829+0000][1][safepoint    ] Total time for which application threads were stopped: 0.0003395 seconds, Stopping threads took: 0.0001459 seconds
[2021-12-31T02:41:31.853+0000][1][safepoint    ] Application time: 14.0238756 seconds
[2021-12-31T02:41:31.854+0000][1][safepoint    ] Entering safepoint region: Cleanup
[2021-12-31T02:41:31.854+0000][1][safepoint    ] Leaving safepoint region
[2021-12-31T02:41:31.854+0000][1][safepoint    ] Total time for which application threads were stopped: 0.0003026 seconds, Stopping threads took: 0.0001371 seconds
[2021-12-31T02:41:41.870+0000][1][safepoint    ] Application time: 10.0157741 seconds
[2021-12-31T02:41:41.870+0000][1][safepoint    ] Entering safepoint region: Cleanup
[2021-12-31T02:41:41.870+0000][1][safepoint    ] Leaving safepoint region
[2021-12-31T02:41:41.870+0000][1][safepoint    ] Total time for which application threads were stopped: 0.0002311 seconds, Stopping threads took: 0.0000996 seconds
[2021-12-31T02:41:46.903+0000][1][safepoint    ] Application time: 5.0330071 seconds
[2021-12-31T02:41:46.904+0000][1][safepoint    ] Entering safepoint region: Cleanup
[2021-12-31T02:41:46.904+0000][1][safepoint    ] Leaving safepoint region
[2021-12-31T02:41:46.904+0000][1][safepoint    ] Total time for which application threads were stopped: 0.0002569 seconds, Stopping threads took: 0.0001031 seconds
[2021-12-31T02:41:56.822+0000][1][safepoint    ] Application time: 9.9181229 seconds
[2021-12-31T02:41:56.822+0000][1][safepoint    ] Entering safepoint region: GenCollectForAllocation
[2021-12-31T02:41:56.822+0000][1][gc,start     ] GC(27) Pause Young (Allocation Failure)
[2021-12-31T02:41:56.823+0000][1][gc,task      ] GC(27) Using 1 workers of 1 for evacuation
[2021-12-31T02:41:56.840+0000][1][gc,age       ] GC(27) Desired survivor size 4358144 bytes, new threshold 6 (max threshold 6)
[2021-12-31T02:41:56.841+0000][1][gc,age       ] GC(27) Age table with threshold 6 (max threshold 6)
[2021-12-31T02:41:56.841+0000][1][gc,age       ] GC(27) - age   1:     190760 bytes,     190760 total
[2021-12-31T02:41:56.841+0000][1][gc,age       ] GC(27) - age   2:     737048 bytes,     927808 total
[2021-12-31T02:41:56.841+0000][1][gc,age       ] GC(27) - age   3:       1792 bytes,     929600 total
[2021-12-31T02:41:56.841+0000][1][gc,age       ] GC(27) - age   4:       1512 bytes,     931112 total
[2021-12-31T02:41:56.841+0000][1][gc,age       ] GC(27) - age   5:     671992 bytes,    1603104 total
[2021-12-31T02:41:56.841+0000][1][gc,age       ] GC(27) - age   6:    2308832 bytes,    3911936 total
[2021-12-31T02:41:56.841+0000][1][gc,heap      ] GC(27) ParNew: 72020K->6459K(76672K)
[2021-12-31T02:41:56.841+0000][1][gc,heap      ] GC(27) CMS: 96471K->96471K(439104K)
[2021-12-31T02:41:56.841+0000][1][gc,metaspace ] GC(27) Metaspace: 68980K->68980K(1112064K)
[2021-12-31T02:41:56.841+0000][1][gc           ] GC(27) Pause Young (Allocation Failure) 164M->100M(503M) 18.982ms
[2021-12-31T02:41:56.841+0000][1][gc,cpu       ] GC(27) User=0.02s Sys=0.00s Real=0.02s
[2021-12-31T02:41:56.842+0000][1][safepoint    ] Leaving safepoint region
[2021-12-31T02:41:56.842+0000][1][safepoint    ] Total time for which application threads were stopped: 0.0195402 seconds, Stopping threads took: 0.0001349 seconds
[2021-12-31T02:42:11.885+0000][1][safepoint    ] Application time: 15.0430608 seconds
[2021-12-31T02:42:11.885+0000][1][safepoint    ] Entering safepoint region: Cleanup
[2021-12-31T02:42:11.885+0000][1][safepoint    ] Leaving safepoint region
[2021-12-31T02:42:11.885+0000][1][safepoint    ] Total time for which application threads were stopped: 0.0002557 seconds, Stopping threads took: 0.0001265 seconds
[2021-12-31T02:42:16.837+0000][1][safepoint    ] Application time: 4.9517377 seconds
[2021-12-31T02:42:16.838+0000][1][safepoint    ] Entering safepoint region: RevokeBias
[2021-12-31T02:42:16.838+0000][1][safepoint    ] Leaving safepoint region
[2021-12-31T02:42:16.838+0000][1][safepoint    ] Total time for which application threads were stopped: 0.0002728 seconds, Stopping threads took: 0.0001326 seconds
[2021-12-31T02:42:17.841+0000][1][safepoint    ] Application time: 1.0027965 seconds
[2021-12-31T02:42:17.841+0000][1][safepoint    ] Entering safepoint region: Cleanup
[2021-12-31T02:42:17.841+0000][1][safepoint    ] Leaving safepoint region
[2021-12-31T02:42:17.841+0000][1][safepoint    ] Total time for which application threads were stopped: 0.0002746 seconds, Stopping threads took: 0.0001293 seconds
[2021-12-31T02:42:27.860+0000][1][safepoint    ] Application time: 10.0188404 seconds
[2021-12-31T02:42:27.860+0000][1][safepoint    ] Entering safepoint region: Cleanup
[2021-12-31T02:42:27.861+0000][1][safepoint    ] Leaving safepoint region
[2021-12-31T02:42:27.861+0000][1][safepoint    ] Total time for which application threads were stopped: 0.0002540 seconds, Stopping threads took: 0.0001183 seconds
[2021-12-31T02:42:32.872+0000][1][safepoint    ] Application time: 5.0110471 seconds
[2021-12-31T02:42:32.872+0000][1][safepoint    ] Entering safepoint region: Cleanup
[2021-12-31T02:42:32.873+0000][1][safepoint    ] Leaving safepoint region
[2021-12-31T02:42:32.873+0000][1][safepoint    ] Total time for which application threads were stopped: 0.0007325 seconds, Stopping threads took: 0.0003961 seconds
[2021-12-31T02:43:12.978+0000][1][safepoint    ] Application time: 40.1054530 seconds
[2021-12-31T02:43:12.979+0000][1][safepoint    ] Entering safepoint region: Cleanup
[2021-12-31T02:43:12.979+0000][1][safepoint    ] Leaving safepoint region
[2021-12-31T02:43:12.979+0000][1][safepoint    ] Total time for which application threads were stopped: 0.0003481 seconds, Stopping threads took: 0.0001745 seconds
[2021-12-31T02:43:16.861+0000][1][safepoint    ] Application time: 3.8821131 seconds
[2021-12-31T02:43:16.862+0000][1][safepoint    ] Entering safepoint region: RevokeBias
[2021-12-31T02:43:16.862+0000][1][safepoint    ] Leaving safepoint region
[2021-12-31T02:43:16.862+0000][1][safepoint    ] Total time for which application threads were stopped: 0.0002971 seconds, Stopping threads took: 0.0001193 seconds
[2021-12-31T02:44:16.957+0000][1][safepoint    ] Application time: 60.0941051 seconds
[2021-12-31T02:44:16.957+0000][1][safepoint    ] Entering safepoint region: RevokeBias
[2021-12-31T02:44:16.957+0000][1][safepoint    ] Leaving safepoint region
[2021-12-31T02:44:16.957+0000][1][safepoint    ] Total time for which application threads were stopped: 0.0003516 seconds, Stopping threads took: 0.0001490 seconds
[2021-12-31T02:44:22.969+0000][1][safepoint    ] Application time: 6.0118611 seconds
[2021-12-31T02:44:22.969+0000][1][safepoint    ] Entering safepoint region: Cleanup
[2021-12-31T02:44:22.970+0000][1][safepoint    ] Leaving safepoint region
[2021-12-31T02:44:22.970+0000][1][safepoint    ] Total time for which application threads were stopped: 0.0002502 seconds, Stopping threads took: 0.0001148 seconds
[2021-12-31T02:44:32.100+0000][1][safepoint    ] Application time: 9.1297660 seconds
[2021-12-31T02:44:32.100+0000][1][safepoint    ] Entering safepoint region: GenCollectForAllocation
[2021-12-31T02:44:32.100+0000][1][gc,start     ] GC(28) Pause Young (Allocation Failure)
[2021-12-31T02:44:32.101+0000][1][gc,task      ] GC(28) Using 1 workers of 1 for evacuation
[2021-12-31T02:44:32.151+0000][1][gc,age       ] GC(28) Desired survivor size 4358144 bytes, new threshold 6 (max threshold 6)
[2021-12-31T02:44:32.152+0000][1][gc,age       ] GC(28) Age table with threshold 6 (max threshold 6)
[2021-12-31T02:44:32.152+0000][1][gc,age       ] GC(28) - age   1:       7736 bytes,       7736 total
[2021-12-31T02:44:32.152+0000][1][gc,age       ] GC(28) - age   2:     182432 bytes,     190168 total
[2021-12-31T02:44:32.152+0000][1][gc,age       ] GC(28) - age   3:     737048 bytes,     927216 total
[2021-12-31T02:44:32.152+0000][1][gc,age       ] GC(28) - age   4:       1792 bytes,     929008 total
[2021-12-31T02:44:32.152+0000][1][gc,age       ] GC(28) - age   5:       1512 bytes,     930520 total
[2021-12-31T02:44:32.152+0000][1][gc,age       ] GC(28) - age   6:     671992 bytes,    1602512 total
[2021-12-31T02:44:32.152+0000][1][gc,heap      ] GC(28) ParNew: 74619K->2240K(76672K)
[2021-12-31T02:44:32.152+0000][1][gc,heap      ] GC(28) CMS: 96471K->98790K(439104K)
[2021-12-31T02:44:32.152+0000][1][gc,metaspace ] GC(28) Metaspace: 68993K->68993K(1112064K)
[2021-12-31T02:44:32.152+0000][1][gc           ] GC(28) Pause Young (Allocation Failure) 167M->98M(503M) 52.224ms
[2021-12-31T02:44:32.153+0000][1][gc,cpu       ] GC(28) User=0.02s Sys=0.01s Real=0.06s
[2021-12-31T02:44:32.153+0000][1][safepoint    ] Leaving safepoint region
[2021-12-31T02:44:32.153+0000][1][safepoint    ] Total time for which application threads were stopped: 0.0532866 seconds, Stopping threads took: 0.0003160 seconds
[2021-12-31T02:44:52.195+0000][1][safepoint    ] Application time: 20.0417339 seconds
[2021-12-31T02:44:52.195+0000][1][safepoint    ] Entering safepoint region: Cleanup
[2021-12-31T02:44:52.195+0000][1][safepoint    ] Leaving safepoint region
[2021-12-31T02:44:52.195+0000][1][safepoint    ] Total time for which application threads were stopped: 0.0002354 seconds, Stopping threads took: 0.0000987 seconds
[2021-12-31T02:45:02.217+0000][1][safepoint    ] Application time: 10.0212540 seconds
[2021-12-31T02:45:02.217+0000][1][safepoint    ] Entering safepoint region: Cleanup
[2021-12-31T02:45:02.217+0000][1][safepoint    ] Leaving safepoint region
[2021-12-31T02:45:02.217+0000][1][safepoint    ] Total time for which application threads were stopped: 0.0002470 seconds, Stopping threads took: 0.0001157 seconds
[2021-12-31T02:45:16.977+0000][1][safepoint    ] Application time: 14.7602072 seconds
[2021-12-31T02:45:16.978+0000][1][safepoint    ] Entering safepoint region: RevokeBias
[2021-12-31T02:45:16.978+0000][1][safepoint    ] Leaving safepoint region
[2021-12-31T02:45:16.979+0000][1][safepoint    ] Total time for which application threads were stopped: 0.0004375 seconds, Stopping threads took: 0.0001840 seconds
[2021-12-31T02:45:17.982+0000][1][safepoint    ] Application time: 1.0031394 seconds
[2021-12-31T02:45:17.982+0000][1][safepoint    ] Entering safepoint region: Cleanup
[2021-12-31T02:45:17.982+0000][1][safepoint    ] Leaving safepoint region
[2021-12-31T02:45:17.982+0000][1][safepoint    ] Total time for which application threads were stopped: 0.0002416 seconds, Stopping threads took: 0.0000950 seconds
[2021-12-31T02:45:35.013+0000][1][safepoint    ] Application time: 17.0302195 seconds
[2021-12-31T02:45:35.013+0000][1][safepoint    ] Entering safepoint region: Cleanup
[2021-12-31T02:45:35.013+0000][1][safepoint    ] Leaving safepoint region
[2021-12-31T02:45:35.013+0000][1][safepoint    ] Total time for which application threads were stopped: 0.0002491 seconds, Stopping threads took: 0.0001188 seconds
[2021-12-31T02:45:50.042+0000][1][safepoint    ] Application time: 15.0284485 seconds
[2021-12-31T02:45:50.042+0000][1][safepoint    ] Entering safepoint region: Cleanup
[2021-12-31T02:45:50.042+0000][1][safepoint    ] Leaving safepoint region
[2021-12-31T02:45:50.042+0000][1][safepoint    ] Total time for which application threads were stopped: 0.0002597 seconds, Stopping threads took: 0.0001165 seconds
[2021-12-31T02:45:53.048+0000][1][safepoint    ] Application time: 3.0055161 seconds
[2021-12-31T02:45:53.048+0000][1][safepoint    ] Entering safepoint region: Cleanup
[2021-12-31T02:45:53.049+0000][1][safepoint    ] Leaving safepoint region
[2021-12-31T02:45:53.049+0000][1][safepoint    ] Total time for which application threads were stopped: 0.0005810 seconds, Stopping threads took: 0.0002881 seconds
[2021-12-31T02:46:08.083+0000][1][safepoint    ] Application time: 15.0341666 seconds
[2021-12-31T02:46:08.084+0000][1][safepoint    ] Entering safepoint region: Cleanup
[2021-12-31T02:46:08.085+0000][1][safepoint    ] Leaving safepoint region
[2021-12-31T02:46:08.085+0000][1][safepoint    ] Total time for which application threads were stopped: 0.0009719 seconds, Stopping threads took: 0.0004765 seconds
[2021-12-31T02:46:16.993+0000][1][safepoint    ] Application time: 8.9076301 seconds
[2021-12-31T02:46:16.993+0000][1][safepoint    ] Entering safepoint region: RevokeBias
[2021-12-31T02:46:16.993+0000][1][safepoint    ] Leaving safepoint region
[2021-12-31T02:46:16.993+0000][1][safepoint    ] Total time for which application threads were stopped: 0.0004512 seconds, Stopping threads took: 0.0001909 seconds
[2021-12-31T02:47:02.096+0000][1][safepoint    ] Application time: 45.1021800 seconds
[2021-12-31T02:47:02.096+0000][1][safepoint    ] Entering safepoint region: Cleanup
[2021-12-31T02:47:02.097+0000][1][safepoint    ] Leaving safepoint region
[2021-12-31T02:47:02.097+0000][1][safepoint    ] Total time for which application threads were stopped: 0.0010841 seconds, Stopping threads took: 0.0007052 seconds
[2021-12-31T02:47:07.307+0000][1][safepoint    ] Application time: 5.2094090 seconds
[2021-12-31T02:47:07.307+0000][1][safepoint    ] Entering safepoint region: GenCollectForAllocation
[2021-12-31T02:47:07.307+0000][1][gc,start     ] GC(29) Pause Young (Allocation Failure)
[2021-12-31T02:47:07.307+0000][1][gc,task      ] GC(29) Using 1 workers of 1 for evacuation
[2021-12-31T02:47:07.321+0000][1][gc,age       ] GC(29) Desired survivor size 4358144 bytes, new threshold 6 (max threshold 6)
[2021-12-31T02:47:07.321+0000][1][gc,age       ] GC(29) Age table with threshold 6 (max threshold 6)
[2021-12-31T02:47:07.321+0000][1][gc,age       ] GC(29) - age   1:       6312 bytes,       6312 total
[2021-12-31T02:47:07.321+0000][1][gc,age       ] GC(29) - age   2:       1288 bytes,       7600 total
[2021-12-31T02:47:07.321+0000][1][gc,age       ] GC(29) - age   3:     182432 bytes,     190032 total
[2021-12-31T02:47:07.321+0000][1][gc,age       ] GC(29) - age   4:     737048 bytes,     927080 total
[2021-12-31T02:47:07.322+0000][1][gc,age       ] GC(29) - age   5:       1792 bytes,     928872 total
[2021-12-31T02:47:07.322+0000][1][gc,age       ] GC(29) - age   6:       1512 bytes,     930384 total
[2021-12-31T02:47:07.322+0000][1][gc,heap      ] GC(29) ParNew: 70400K->1733K(76672K)
[2021-12-31T02:47:07.322+0000][1][gc,heap      ] GC(29) CMS: 98790K->99454K(439104K)
[2021-12-31T02:47:07.322+0000][1][gc,metaspace ] GC(29) Metaspace: 69016K->69016K(1112064K)
[2021-12-31T02:47:07.322+0000][1][gc           ] GC(29) Pause Young (Allocation Failure) 165M->98M(503M) 15.096ms
[2021-12-31T02:47:07.322+0000][1][gc,cpu       ] GC(29) User=0.01s Sys=0.00s Real=0.02s
[2021-12-31T02:47:07.322+0000][1][safepoint    ] Leaving safepoint region
[2021-12-31T02:47:07.322+0000][1][safepoint    ] Total time for which application threads were stopped: 0.0156300 seconds, Stopping threads took: 0.0001172 seconds
[2021-12-31T02:47:09.528+0000][1][safepoint    ] Application time: 2.2056477 seconds
[2021-12-31T02:47:09.528+0000][1][safepoint    ] Entering safepoint region: RevokeBias
[2021-12-31T02:47:09.529+0000][1][safepoint    ] Leaving safepoint region
[2021-12-31T02:47:09.529+0000][1][safepoint    ] Total time for which application threads were stopped: 0.0003217 seconds, Stopping threads took: 0.0001304 seconds
[2021-12-31T02:47:09.529+0000][1][safepoint    ] Application time: 0.0005563 seconds
[2021-12-31T02:47:09.529+0000][1][safepoint    ] Entering safepoint region: RevokeBias
[2021-12-31T02:47:09.530+0000][1][safepoint    ] Leaving safepoint region
[2021-12-31T02:47:09.530+0000][1][safepoint    ] Total time for which application threads were stopped: 0.0002985 seconds, Stopping threads took: 0.0001304 seconds
[2021-12-31T02:47:09.543+0000][1][safepoint    ] Application time: 0.0129580 seconds
[2021-12-31T02:47:09.543+0000][1][safepoint    ] Entering safepoint region: RevokeBias
[2021-12-31T02:47:09.543+0000][1][safepoint    ] Leaving safepoint region
[2021-12-31T02:47:09.543+0000][1][safepoint    ] Total time for which application threads were stopped: 0.0004510 seconds, Stopping threads took: 0.0002728 seconds
[2021-12-31T02:47:09.559+0000][1][safepoint    ] Application time: 0.0158022 seconds
[2021-12-31T02:47:09.571+0000][1][safepoint    ] Entering safepoint region: RevokeBias
[2021-12-31T02:47:09.578+0000][1][safepoint    ] Leaving safepoint region
[2021-12-31T02:47:09.583+0000][1][safepoint    ] Total time for which application threads were stopped: 0.0121831 seconds, Stopping threads took: 0.0072871 seconds
[2021-12-31T02:47:09.584+0000][1][safepoint    ] Application time: 0.0010562 seconds
[2021-12-31T02:47:09.585+0000][1][safepoint    ] Entering safepoint region: RevokeBias
[2021-12-31T02:47:09.585+0000][1][safepoint    ] Leaving safepoint region
[2021-12-31T02:47:09.585+0000][1][safepoint    ] Total time for which application threads were stopped: 0.0002250 seconds, Stopping threads took: 0.0000900 seconds
[2021-12-31T02:47:09.593+0000][1][safepoint    ] Application time: 0.0079728 seconds
[2021-12-31T02:47:09.597+0000][1][safepoint    ] Entering safepoint region: RevokeBias
[2021-12-31T02:47:09.597+0000][1][safepoint    ] Leaving safepoint region
[2021-12-31T02:47:09.597+0000][1][safepoint    ] Total time for which application threads were stopped: 0.0003345 seconds, Stopping threads took: 0.0001344 seconds
[2021-12-31T02:47:09.598+0000][1][safepoint    ] Application time: 0.0001117 seconds
[2021-12-31T02:47:09.598+0000][1][safepoint    ] Entering safepoint region: RevokeBias
[2021-12-31T02:47:09.598+0000][1][safepoint    ] Leaving safepoint region
[2021-12-31T02:47:09.598+0000][1][safepoint    ] Total time for which application threads were stopped: 0.0002726 seconds, Stopping threads took: 0.0001190 seconds
[2021-12-31T02:47:09.773+0000][1][safepoint    ] Application time: 0.1752088 seconds
[2021-12-31T02:47:09.774+0000][1][safepoint    ] Entering safepoint region: RevokeBias
[2021-12-31T02:47:09.774+0000][1][safepoint    ] Leaving safepoint region
[2021-12-31T02:47:09.774+0000][1][safepoint    ] Total time for which application threads were stopped: 0.0004767 seconds, Stopping threads took: 0.0001858 seconds
[2021-12-31T02:47:09.788+0000][1][safepoint    ] Application time: 0.0139710 seconds
[2021-12-31T02:47:09.788+0000][1][safepoint    ] Entering safepoint region: RevokeBias
[2021-12-31T02:47:09.789+0000][1][safepoint    ] Leaving safepoint region
[2021-12-31T02:47:09.789+0000][1][safepoint    ] Total time for which application threads were stopped: 0.0003097 seconds, Stopping threads took: 0.0001267 seconds
[2021-12-31T02:47:09.789+0000][1][safepoint    ] Application time: 0.0003807 seconds
[2021-12-31T02:47:09.789+0000][1][safepoint    ] Entering safepoint region: RevokeBias
[2021-12-31T02:47:09.789+0000][1][safepoint    ] Leaving safepoint region
[2021-12-31T02:47:09.790+0000][1][safepoint    ] Total time for which application threads were stopped: 0.0002844 seconds, Stopping threads took: 0.0001196 seconds
[2021-12-31T02:47:09.823+0000][1][safepoint    ] Application time: 0.0329039 seconds
[2021-12-31T02:47:09.823+0000][1][safepoint    ] Entering safepoint region: RevokeBias
[2021-12-31T02:47:09.823+0000][1][safepoint    ] Leaving safepoint region
[2021-12-31T02:47:09.823+0000][1][safepoint    ] Total time for which application threads were stopped: 0.0003418 seconds, Stopping threads took: 0.0001305 seconds
[2021-12-31T02:47:10.426+0000][1][safepoint    ] Application time: 0.6031819 seconds
[2021-12-31T02:47:10.435+0000][1][safepoint    ] Entering safepoint region: GenCollectForAllocation
[2021-12-31T02:47:10.435+0000][1][gc,start     ] GC(30) Pause Young (Allocation Failure)
[2021-12-31T02:47:10.435+0000][1][gc,task      ] GC(30) Using 1 workers of 1 for evacuation
[2021-12-31T02:47:10.781+0000][1][gc,age       ] GC(30) Desired survivor size 4358144 bytes, new threshold 1 (max threshold 6)
[2021-12-31T02:47:10.782+0000][1][gc,age       ] GC(30) Age table with threshold 1 (max threshold 6)
[2021-12-31T02:47:10.782+0000][1][gc,age       ] GC(30) - age   1:    8706008 bytes,    8706008 total
[2021-12-31T02:47:10.782+0000][1][gc,age       ] GC(30) - age   4:       6448 bytes,    8712456 total
[2021-12-31T02:47:10.782+0000][1][gc,age       ] GC(30) - age   5:       3536 bytes,    8715992 total
[2021-12-31T02:47:10.782+0000][1][gc,heap      ] GC(30) ParNew: 69893K->8512K(76672K)
[2021-12-31T02:47:10.782+0000][1][gc,heap      ] GC(30) CMS: 99454K->114254K(439104K)
[2021-12-31T02:47:10.782+0000][1][gc,metaspace ] GC(30) Metaspace: 69771K->69771K(1114112K)
[2021-12-31T02:47:10.782+0000][1][gc           ] GC(30) Pause Young (Allocation Failure) 165M->119M(503M) 346.963ms
[2021-12-31T02:47:10.782+0000][1][gc,cpu       ] GC(30) User=0.11s Sys=0.03s Real=0.35s
[2021-12-31T02:47:10.783+0000][1][safepoint    ] Leaving safepoint region
[2021-12-31T02:47:10.783+0000][1][safepoint    ] Total time for which application threads were stopped: 0.3475435 seconds, Stopping threads took: 0.0001647 seconds
[2021-12-31T02:47:10.956+0000][1][safepoint    ] Application time: 0.1729132 seconds
[2021-12-31T02:47:10.964+0000][1][safepoint    ] Entering safepoint region: RevokeBias
[2021-12-31T02:47:10.964+0000][1][safepoint    ] Leaving safepoint region
[2021-12-31T02:47:10.964+0000][1][safepoint    ] Total time for which application threads were stopped: 0.0004228 seconds, Stopping threads took: 0.0001763 seconds
[2021-12-31T02:47:11.223+0000][1][safepoint    ] Application time: 0.2591909 seconds
[2021-12-31T02:47:11.224+0000][1][safepoint    ] Entering safepoint region: RevokeBias
[2021-12-31T02:47:11.224+0000][1][safepoint    ] Leaving safepoint region
[2021-12-31T02:47:11.224+0000][1][safepoint    ] Total time for which application threads were stopped: 0.0003237 seconds, Stopping threads took: 0.0001422 seconds
[2021-12-31T02:47:11.225+0000][1][safepoint    ] Application time: 0.0010433 seconds
[2021-12-31T02:47:11.225+0000][1][safepoint    ] Entering safepoint region: RevokeBias
[2021-12-31T02:47:11.226+0000][1][safepoint    ] Leaving safepoint region
[2021-12-31T02:47:11.226+0000][1][safepoint    ] Total time for which application threads were stopped: 0.0003022 seconds, Stopping threads took: 0.0001171 seconds
[2021-12-31T02:47:11.228+0000][1][safepoint    ] Application time: 0.0018409 seconds
[2021-12-31T02:47:11.231+0000][1][safepoint    ] Entering safepoint region: RevokeBias
[2021-12-31T02:47:11.231+0000][1][safepoint    ] Leaving safepoint region
[2021-12-31T02:47:11.231+0000][1][safepoint    ] Total time for which application threads were stopped: 0.0003151 seconds, Stopping threads took: 0.0001316 seconds
[2021-12-31T02:47:11.231+0000][1][safepoint    ] Application time: 0.0000898 seconds
[2021-12-31T02:47:11.232+0000][1][safepoint    ] Entering safepoint region: RevokeBias
[2021-12-31T02:47:11.232+0000][1][safepoint    ] Leaving safepoint region
[2021-12-31T02:47:11.232+0000][1][safepoint    ] Total time for which application threads were stopped: 0.0002053 seconds, Stopping threads took: 0.0000939 seconds
[2021-12-31T02:47:11.232+0000][1][safepoint    ] Application time: 0.0001492 seconds
[2021-12-31T02:47:11.232+0000][1][safepoint    ] Entering safepoint region: RevokeBias
[2021-12-31T02:47:11.232+0000][1][safepoint    ] Leaving safepoint region
[2021-12-31T02:47:11.232+0000][1][safepoint    ] Total time for which application threads were stopped: 0.0002017 seconds, Stopping threads took: 0.0000888 seconds
[2021-12-31T02:47:11.232+0000][1][safepoint    ] Application time: 0.0000502 seconds
[2021-12-31T02:47:11.233+0000][1][safepoint    ] Entering safepoint region: RevokeBias
[2021-12-31T02:47:11.233+0000][1][safepoint    ] Leaving safepoint region
[2021-12-31T02:47:11.233+0000][1][safepoint    ] Total time for which application threads were stopped: 0.0002074 seconds, Stopping threads took: 0.0000839 seconds
[2021-12-31T02:47:11.233+0000][1][safepoint    ] Application time: 0.0001702 seconds
[2021-12-31T02:47:11.233+0000][1][safepoint    ] Entering safepoint region: RevokeBias
[2021-12-31T02:47:11.233+0000][1][safepoint    ] Leaving safepoint region
[2021-12-31T02:47:11.233+0000][1][safepoint    ] Total time for which application threads were stopped: 0.0001825 seconds, Stopping threads took: 0.0000816 seconds
[2021-12-31T02:47:11.233+0000][1][safepoint    ] Application time: 0.0000467 seconds
[2021-12-31T02:47:11.234+0000][1][safepoint    ] Entering safepoint region: RevokeBias
[2021-12-31T02:47:11.234+0000][1][safepoint    ] Leaving safepoint region
[2021-12-31T02:47:11.234+0000][1][safepoint    ] Total time for which application threads were stopped: 0.0002059 seconds, Stopping threads took: 0.0000827 seconds
[2021-12-31T02:47:11.234+0000][1][safepoint    ] Application time: 0.0000710 seconds
[2021-12-31T02:47:11.234+0000][1][safepoint    ] Entering safepoint region: RevokeBias
[2021-12-31T02:47:11.234+0000][1][safepoint    ] Leaving safepoint region
[2021-12-31T02:47:11.234+0000][1][safepoint    ] Total time for which application threads were stopped: 0.0001971 seconds, Stopping threads took: 0.0000868 seconds
[2021-12-31T02:47:11.234+0000][1][safepoint    ] Application time: 0.0001233 seconds
[2021-12-31T02:47:11.234+0000][1][safepoint    ] Entering safepoint region: RevokeBias
[2021-12-31T02:47:11.235+0000][1][safepoint    ] Leaving safepoint region
[2021-12-31T02:47:11.235+0000][1][safepoint    ] Total time for which application threads were stopped: 0.0001832 seconds, Stopping threads took: 0.0000812 seconds
[2021-12-31T02:47:11.237+0000][1][safepoint    ] Application time: 0.0020900 seconds
[2021-12-31T02:47:11.237+0000][1][safepoint    ] Entering safepoint region: RevokeBias
[2021-12-31T02:47:11.237+0000][1][safepoint    ] Leaving safepoint region
[2021-12-31T02:47:11.237+0000][1][safepoint    ] Total time for which application threads were stopped: 0.0003031 seconds, Stopping threads took: 0.0001205 seconds
[2021-12-31T02:47:11.237+0000][1][safepoint    ] Application time: 0.0000673 seconds
[2021-12-31T02:47:11.238+0000][1][safepoint    ] Entering safepoint region: RevokeBias
[2021-12-31T02:47:11.238+0000][1][safepoint    ] Leaving safepoint region
[2021-12-31T02:47:11.238+0000][1][safepoint    ] Total time for which application threads were stopped: 0.0002800 seconds, Stopping threads took: 0.0001163 seconds
[2021-12-31T02:47:11.238+0000][1][safepoint    ] Application time: 0.0000608 seconds
[2021-12-31T02:47:11.238+0000][1][safepoint    ] Entering safepoint region: RevokeBias
[2021-12-31T02:47:11.238+0000][1][safepoint    ] Leaving safepoint region
[2021-12-31T02:47:11.238+0000][1][safepoint    ] Total time for which application threads were stopped: 0.0002674 seconds, Stopping threads took: 0.0001161 seconds
[2021-12-31T02:47:11.239+0000][1][safepoint    ] Application time: 0.0000599 seconds
[2021-12-31T02:47:11.239+0000][1][safepoint    ] Entering safepoint region: RevokeBias
[2021-12-31T02:47:11.239+0000][1][safepoint    ] Leaving safepoint region
[2021-12-31T02:47:11.239+0000][1][safepoint    ] Total time for which application threads were stopped: 0.0003467 seconds, Stopping threads took: 0.0002137 seconds
[2021-12-31T02:47:11.239+0000][1][safepoint    ] Application time: 0.0002298 seconds
[2021-12-31T02:47:11.240+0000][1][safepoint    ] Entering safepoint region: RevokeBias
[2021-12-31T02:47:11.240+0000][1][safepoint    ] Leaving safepoint region
[2021-12-31T02:47:11.240+0000][1][safepoint    ] Total time for which application threads were stopped: 0.0001831 seconds, Stopping threads took: 0.0000822 seconds
[2021-12-31T02:47:11.240+0000][1][safepoint    ] Application time: 0.0001594 seconds
[2021-12-31T02:47:11.240+0000][1][safepoint    ] Entering safepoint region: RevokeBias
[2021-12-31T02:47:11.240+0000][1][safepoint    ] Leaving safepoint region
[2021-12-31T02:47:11.240+0000][1][safepoint    ] Total time for which application threads were stopped: 0.0002508 seconds, Stopping threads took: 0.0001027 seconds
[2021-12-31T02:47:11.241+0000][1][safepoint    ] Application time: 0.0001342 seconds
[2021-12-31T02:47:11.241+0000][1][safepoint    ] Entering safepoint region: RevokeBias
[2021-12-31T02:47:11.241+0000][1][safepoint    ] Leaving safepoint region
[2021-12-31T02:47:11.241+0000][1][safepoint    ] Total time for which application threads were stopped: 0.0001841 seconds, Stopping threads took: 0.0000814 seconds
[2021-12-31T02:47:11.241+0000][1][safepoint    ] Application time: 0.0000451 seconds
[2021-12-31T02:47:11.241+0000][1][safepoint    ] Entering safepoint region: RevokeBias
[2021-12-31T02:47:11.241+0000][1][safepoint    ] Leaving safepoint region
[2021-12-31T02:47:11.241+0000][1][safepoint    ] Total time for which application threads were stopped: 0.0001776 seconds, Stopping threads took: 0.0000782 seconds
[2021-12-31T02:47:11.241+0000][1][safepoint    ] Application time: 0.0000428 seconds
[2021-12-31T02:47:11.241+0000][1][safepoint    ] Entering safepoint region: RevokeBias
[2021-12-31T02:47:11.242+0000][1][safepoint    ] Leaving safepoint region
[2021-12-31T02:47:11.242+0000][1][safepoint    ] Total time for which application threads were stopped: 0.0002118 seconds, Stopping threads took: 0.0000940 seconds
[2021-12-31T02:47:11.242+0000][1][safepoint    ] Application time: 0.0002582 seconds
[2021-12-31T02:47:11.242+0000][1][safepoint    ] Entering safepoint region: RevokeBias
[2021-12-31T02:47:11.242+0000][1][safepoint    ] Leaving safepoint region
[2021-12-31T02:47:11.242+0000][1][safepoint    ] Total time for which application threads were stopped: 0.0002145 seconds, Stopping threads took: 0.0000968 seconds
[2021-12-31T02:47:11.243+0000][1][safepoint    ] Application time: 0.0000550 seconds
[2021-12-31T02:47:11.243+0000][1][safepoint    ] Entering safepoint region: RevokeBias
[2021-12-31T02:47:11.243+0000][1][safepoint    ] Leaving safepoint region
[2021-12-31T02:47:11.243+0000][1][safepoint    ] Total time for which application threads were stopped: 0.0001980 seconds, Stopping threads took: 0.0000946 seconds
[2021-12-31T02:47:11.243+0000][1][safepoint    ] Application time: 0.0000546 seconds
[2021-12-31T02:47:11.243+0000][1][safepoint    ] Entering safepoint region: RevokeBias
[2021-12-31T02:47:11.243+0000][1][safepoint    ] Leaving safepoint region
[2021-12-31T02:47:11.243+0000][1][safepoint    ] Total time for which application threads were stopped: 0.0002217 seconds, Stopping threads took: 0.0000961 seconds
[2021-12-31T02:47:11.243+0000][1][safepoint    ] Application time: 0.0000441 seconds
[2021-12-31T02:47:11.244+0000][1][safepoint    ] Entering safepoint region: RevokeBias
[2021-12-31T02:47:11.244+0000][1][safepoint    ] Leaving safepoint region
[2021-12-31T02:47:11.244+0000][1][safepoint    ] Total time for which application threads were stopped: 0.0001778 seconds, Stopping threads took: 0.0000788 seconds
[2021-12-31T02:47:11.244+0000][1][safepoint    ] Application time: 0.0000470 seconds
[2021-12-31T02:47:11.244+0000][1][safepoint    ] Entering safepoint region: RevokeBias
[2021-12-31T02:47:11.244+0000][1][safepoint    ] Leaving safepoint region
[2021-12-31T02:47:11.244+0000][1][safepoint    ] Total time for which application threads were stopped: 0.0002375 seconds, Stopping threads took: 0.0001145 seconds
[2021-12-31T02:47:11.244+0000][1][safepoint    ] Application time: 0.0001301 seconds
[2021-12-31T02:47:11.245+0000][1][safepoint    ] Entering safepoint region: RevokeBias
[2021-12-31T02:47:11.245+0000][1][safepoint    ] Leaving safepoint region
[2021-12-31T02:47:11.245+0000][1][safepoint    ] Total time for which application threads were stopped: 0.0001816 seconds, Stopping threads took: 0.0000810 seconds
[2021-12-31T02:47:11.250+0000][1][safepoint    ] Application time: 0.0054886 seconds
[2021-12-31T02:47:11.251+0000][1][safepoint    ] Entering safepoint region: RevokeBias
[2021-12-31T02:47:11.251+0000][1][safepoint    ] Leaving safepoint region
[2021-12-31T02:47:11.251+0000][1][safepoint    ] Total time for which application threads were stopped: 0.0002146 seconds, Stopping threads took: 0.0000895 seconds
[2021-12-31T02:47:11.251+0000][1][safepoint    ] Application time: 0.0001973 seconds
[2021-12-31T02:47:11.251+0000][1][safepoint    ] Entering safepoint region: RevokeBias
[2021-12-31T02:47:11.251+0000][1][safepoint    ] Leaving safepoint region
[2021-12-31T02:47:11.251+0000][1][safepoint    ] Total time for which application threads were stopped: 0.0002529 seconds, Stopping threads took: 0.0001078 seconds
[2021-12-31T02:47:11.252+0000][1][safepoint    ] Application time: 0.0000529 seconds
[2021-12-31T02:47:11.252+0000][1][safepoint    ] Entering safepoint region: RevokeBias
[2021-12-31T02:47:11.252+0000][1][safepoint    ] Leaving safepoint region
[2021-12-31T02:47:11.252+0000][1][safepoint    ] Total time for which application threads were stopped: 0.0002239 seconds, Stopping threads took: 0.0000949 seconds
[2021-12-31T02:47:11.252+0000][1][safepoint    ] Application time: 0.0000510 seconds
[2021-12-31T02:47:11.252+0000][1][safepoint    ] Entering safepoint region: RevokeBias
[2021-12-31T02:47:11.252+0000][1][safepoint    ] Leaving safepoint region
[2021-12-31T02:47:11.252+0000][1][safepoint    ] Total time for which application threads were stopped: 0.0002352 seconds, Stopping threads took: 0.0001020 seconds
[2021-12-31T02:47:11.253+0000][1][safepoint    ] Application time: 0.0000543 seconds
[2021-12-31T02:47:11.253+0000][1][safepoint    ] Entering safepoint region: RevokeBias
[2021-12-31T02:47:11.253+0000][1][safepoint    ] Leaving safepoint region
[2021-12-31T02:47:11.253+0000][1][safepoint    ] Total time for which application threads were stopped: 0.0002446 seconds, Stopping threads took: 0.0001042 seconds
[2021-12-31T02:47:11.253+0000][1][safepoint    ] Application time: 0.0002017 seconds
[2021-12-31T02:47:11.253+0000][1][safepoint    ] Entering safepoint region: RevokeBias
[2021-12-31T02:47:11.254+0000][1][safepoint    ] Leaving safepoint region
[2021-12-31T02:47:11.254+0000][1][safepoint    ] Total time for which application threads were stopped: 0.0002405 seconds, Stopping threads took: 0.0001060 seconds
[2021-12-31T02:47:11.254+0000][1][safepoint    ] Application time: 0.0000636 seconds
[2021-12-31T02:47:11.254+0000][1][safepoint    ] Entering safepoint region: RevokeBias
[2021-12-31T02:47:11.254+0000][1][safepoint    ] Leaving safepoint region
[2021-12-31T02:47:11.254+0000][1][safepoint    ] Total time for which application threads were stopped: 0.0002286 seconds, Stopping threads took: 0.0000970 seconds
[2021-12-31T02:47:11.254+0000][1][safepoint    ] Application time: 0.0000496 seconds
[2021-12-31T02:47:11.254+0000][1][safepoint    ] Entering safepoint region: RevokeBias
[2021-12-31T02:47:11.255+0000][1][safepoint    ] Leaving safepoint region
[2021-12-31T02:47:11.255+0000][1][safepoint    ] Total time for which application threads were stopped: 0.0002208 seconds, Stopping threads took: 0.0000958 seconds
[2021-12-31T02:47:11.255+0000][1][safepoint    ] Application time: 0.0000494 seconds
[2021-12-31T02:47:11.255+0000][1][safepoint    ] Entering safepoint region: RevokeBias
[2021-12-31T02:47:11.255+0000][1][safepoint    ] Leaving safepoint region
[2021-12-31T02:47:11.255+0000][1][safepoint    ] Total time for which application threads were stopped: 0.0002427 seconds, Stopping threads took: 0.0001048 seconds
[2021-12-31T02:47:11.255+0000][1][safepoint    ] Application time: 0.0000534 seconds
[2021-12-31T02:47:11.255+0000][1][safepoint    ] Entering safepoint region: RevokeBias
[2021-12-31T02:47:11.255+0000][1][safepoint    ] Leaving safepoint region
[2021-12-31T02:47:11.256+0000][1][safepoint    ] Total time for which application threads were stopped: 0.0002424 seconds, Stopping threads took: 0.0001041 seconds
[2021-12-31T02:47:11.256+0000][1][safepoint    ] Application time: 0.0001679 seconds
[2021-12-31T02:47:11.256+0000][1][safepoint    ] Entering safepoint region: RevokeBias
[2021-12-31T02:47:11.256+0000][1][safepoint    ] Leaving safepoint region
[2021-12-31T02:47:11.256+0000][1][safepoint    ] Total time for which application threads were stopped: 0.0003424 seconds, Stopping threads took: 0.0001147 seconds
[2021-12-31T02:47:11.257+0000][1][safepoint    ] Application time: 0.0000552 seconds
[2021-12-31T02:47:11.257+0000][1][safepoint    ] Entering safepoint region: RevokeBias
[2021-12-31T02:47:11.257+0000][1][safepoint    ] Leaving safepoint region
[2021-12-31T02:47:11.257+0000][1][safepoint    ] Total time for which application threads were stopped: 0.0002581 seconds, Stopping threads took: 0.0001113 seconds
[2021-12-31T02:47:11.257+0000][1][safepoint    ] Application time: 0.0000558 seconds
[2021-12-31T02:47:11.257+0000][1][safepoint    ] Entering safepoint region: RevokeBias
[2021-12-31T02:47:11.257+0000][1][safepoint    ] Leaving safepoint region
[2021-12-31T02:47:11.257+0000][1][safepoint    ] Total time for which application threads were stopped: 0.0003140 seconds, Stopping threads took: 0.0001249 seconds
[2021-12-31T02:47:11.258+0000][1][safepoint    ] Application time: 0.0000565 seconds
[2021-12-31T02:47:11.258+0000][1][safepoint    ] Entering safepoint region: BulkRevokeBias
[2021-12-31T02:47:11.258+0000][1][safepoint    ] Leaving safepoint region
[2021-12-31T02:47:11.258+0000][1][safepoint    ] Total time for which application threads were stopped: 0.0004385 seconds, Stopping threads took: 0.0001153 seconds
[2021-12-31T02:47:11.301+0000][1][safepoint    ] Application time: 0.0430150 seconds
[2021-12-31T02:47:11.302+0000][1][safepoint    ] Entering safepoint region: RevokeBias
[2021-12-31T02:47:11.302+0000][1][safepoint    ] Leaving safepoint region
[2021-12-31T02:47:11.302+0000][1][safepoint    ] Total time for which application threads were stopped: 0.0002652 seconds, Stopping threads took: 0.0000978 seconds
[2021-12-31T02:47:11.302+0000][1][safepoint    ] Application time: 0.0000434 seconds
[2021-12-31T02:47:11.302+0000][1][safepoint    ] Entering safepoint region: RevokeBias
[2021-12-31T02:47:11.302+0000][1][safepoint    ] Leaving safepoint region
[2021-12-31T02:47:11.302+0000][1][safepoint    ] Total time for which application threads were stopped: 0.0001971 seconds, Stopping threads took: 0.0000808 seconds
[2021-12-31T02:47:11.424+0000][1][safepoint    ] Application time: 0.1214593 seconds
[2021-12-31T02:47:11.424+0000][1][safepoint    ] Entering safepoint region: CollectForMetadataAllocation
[2021-12-31T02:47:11.424+0000][1][safepoint    ] Leaving safepoint region
[2021-12-31T02:47:11.424+0000][1][safepoint    ] Total time for which application threads were stopped: 0.0004215 seconds, Stopping threads took: 0.0001351 seconds
[2021-12-31T02:47:11.439+0000][1][safepoint    ] Application time: 0.0149370 seconds
[2021-12-31T02:47:11.441+0000][1][safepoint    ] Entering safepoint region: CollectForMetadataAllocation
[2021-12-31T02:47:11.442+0000][1][safepoint    ] Leaving safepoint region
[2021-12-31T02:47:11.442+0000][1][safepoint    ] Total time for which application threads were stopped: 0.0015321 seconds, Stopping threads took: 0.0011556 seconds
[2021-12-31T02:47:11.445+0000][1][safepoint    ] Application time: 0.0019628 seconds
[2021-12-31T02:47:11.445+0000][1][safepoint    ] Entering safepoint region: CollectForMetadataAllocation
[2021-12-31T02:47:11.446+0000][1][safepoint    ] Leaving safepoint region
[2021-12-31T02:47:11.447+0000][1][safepoint    ] Total time for which application threads were stopped: 0.0012876 seconds, Stopping threads took: 0.0010814 seconds
[2021-12-31T02:47:11.450+0000][1][safepoint    ] Application time: 0.0037866 seconds
[2021-12-31T02:47:11.455+0000][1][safepoint    ] Entering safepoint region: RevokeBias
[2021-12-31T02:47:11.455+0000][1][safepoint    ] Leaving safepoint region
[2021-12-31T02:47:11.455+0000][1][safepoint    ] Total time for which application threads were stopped: 0.0006737 seconds, Stopping threads took: 0.0001804 seconds
[2021-12-31T02:47:11.457+0000][1][safepoint    ] Application time: 0.0003126 seconds
[2021-12-31T02:47:11.458+0000][1][safepoint    ] Entering safepoint region: RevokeBias
[2021-12-31T02:47:11.459+0000][1][safepoint    ] Leaving safepoint region
[2021-12-31T02:47:11.460+0000][1][safepoint    ] Total time for which application threads were stopped: 0.0024624 seconds, Stopping threads took: 0.0011843 seconds
[2021-12-31T02:47:11.478+0000][1][safepoint    ] Application time: 0.0174409 seconds
[2021-12-31T02:47:11.482+0000][1][safepoint    ] Entering safepoint region: RevokeBias
[2021-12-31T02:47:11.483+0000][1][safepoint    ] Leaving safepoint region
[2021-12-31T02:47:11.483+0000][1][safepoint    ] Total time for which application threads were stopped: 0.0016183 seconds, Stopping threads took: 0.0010194 seconds
[2021-12-31T02:47:11.530+0000][1][safepoint    ] Application time: 0.0452266 seconds
[2021-12-31T02:47:11.530+0000][1][safepoint    ] Entering safepoint region: RevokeBias
[2021-12-31T02:47:11.531+0000][1][safepoint    ] Leaving safepoint region
[2021-12-31T02:47:11.531+0000][1][safepoint    ] Total time for which application threads were stopped: 0.0004899 seconds, Stopping threads took: 0.0001535 seconds
[2021-12-31T02:47:11.549+0000][1][safepoint    ] Application time: 0.0178628 seconds
[2021-12-31T02:47:11.556+0000][1][safepoint    ] Entering safepoint region: RevokeBias
[2021-12-31T02:47:11.558+0000][1][safepoint    ] Leaving safepoint region
[2021-12-31T02:47:11.558+0000][1][safepoint    ] Total time for which application threads were stopped: 0.0020532 seconds, Stopping threads took: 0.0018371 seconds
[2021-12-31T02:47:11.665+0000][1][safepoint    ] Application time: 0.1071503 seconds
[2021-12-31T02:47:11.666+0000][1][safepoint    ] Entering safepoint region: RevokeBias
[2021-12-31T02:47:11.666+0000][1][safepoint    ] Leaving safepoint region
[2021-12-31T02:47:11.666+0000][1][safepoint    ] Total time for which application threads were stopped: 0.0003672 seconds, Stopping threads took: 0.0001733 seconds
[2021-12-31T02:47:11.668+0000][1][safepoint    ] Application time: 0.0011299 seconds
[2021-12-31T02:47:11.670+0000][1][safepoint    ] Entering safepoint region: RevokeBias
[2021-12-31T02:47:11.670+0000][1][safepoint    ] Leaving safepoint region
[2021-12-31T02:47:11.671+0000][1][safepoint    ] Total time for which application threads were stopped: 0.0015654 seconds, Stopping threads took: 0.0012007 seconds
[2021-12-31T02:47:11.724+0000][1][safepoint    ] Application time: 0.0531135 seconds
[2021-12-31T02:47:11.724+0000][1][safepoint    ] Entering safepoint region: RevokeBias
[2021-12-31T02:47:11.725+0000][1][safepoint    ] Leaving safepoint region
[2021-12-31T02:47:11.725+0000][1][safepoint    ] Total time for which application threads were stopped: 0.0003465 seconds, Stopping threads took: 0.0001638 seconds
[2021-12-31T02:47:11.784+0000][1][safepoint    ] Application time: 0.0590163 seconds
[2021-12-31T02:47:11.785+0000][1][safepoint    ] Entering safepoint region: RevokeBias
[2021-12-31T02:47:11.785+0000][1][safepoint    ] Leaving safepoint region
[2021-12-31T02:47:11.785+0000][1][safepoint    ] Total time for which application threads were stopped: 0.0004826 seconds, Stopping threads took: 0.0003082 seconds
[2021-12-31T02:47:11.791+0000][1][safepoint    ] Application time: 0.0059640 seconds
[2021-12-31T02:47:11.794+0000][1][safepoint    ] Entering safepoint region: RevokeBias
[2021-12-31T02:47:11.794+0000][1][safepoint    ] Leaving safepoint region
[2021-12-31T02:47:11.794+0000][1][safepoint    ] Total time for which application threads were stopped: 0.0003558 seconds, Stopping threads took: 0.0001761 seconds
[2021-12-31T02:47:11.796+0000][1][safepoint    ] Application time: 0.0019366 seconds
[2021-12-31T02:47:11.796+0000][1][safepoint    ] Entering safepoint region: RevokeBias
[2021-12-31T02:47:11.797+0000][1][safepoint    ] Leaving safepoint region
[2021-12-31T02:47:11.797+0000][1][safepoint    ] Total time for which application threads were stopped: 0.0005081 seconds, Stopping threads took: 0.0002192 seconds
[2021-12-31T02:47:11.942+0000][1][safepoint    ] Application time: 0.1449964 seconds
[2021-12-31T02:47:11.946+0000][1][safepoint    ] Entering safepoint region: RevokeBias
[2021-12-31T02:47:11.948+0000][1][safepoint    ] Leaving safepoint region
[2021-12-31T02:47:11.949+0000][1][safepoint    ] Total time for which application threads were stopped: 0.0029395 seconds, Stopping threads took: 0.0020554 seconds
[2021-12-31T02:47:12.071+0000][1][safepoint    ] Application time: 0.1216654 seconds
[2021-12-31T02:47:12.077+0000][1][safepoint    ] Entering safepoint region: CollectForMetadataAllocation
[2021-12-31T02:47:12.078+0000][1][safepoint    ] Leaving safepoint region
[2021-12-31T02:47:12.078+0000][1][safepoint    ] Total time for which application threads were stopped: 0.0010854 seconds, Stopping threads took: 0.0001825 seconds
[2021-12-31T02:47:12.134+0000][1][safepoint    ] Application time: 0.0556686 seconds
[2021-12-31T02:47:12.141+0000][1][safepoint    ] Entering safepoint region: RevokeBias
[2021-12-31T02:47:12.144+0000][1][safepoint    ] Leaving safepoint region
[2021-12-31T02:47:12.144+0000][1][safepoint    ] Total time for which application threads were stopped: 0.0038347 seconds, Stopping threads took: 0.0036448 seconds
[2021-12-31T02:47:12.158+0000][1][safepoint    ] Application time: 0.0137436 seconds
[2021-12-31T02:47:12.174+0000][1][safepoint    ] Entering safepoint region: RevokeBias
[2021-12-31T02:47:12.186+0000][1][safepoint    ] Leaving safepoint region
[2021-12-31T02:47:12.197+0000][1][safepoint    ] Total time for which application threads were stopped: 0.0368074 seconds, Stopping threads took: 0.0258124 seconds
[2021-12-31T02:47:12.202+0000][1][safepoint    ] Application time: 0.0017561 seconds
[2021-12-31T02:47:12.202+0000][1][safepoint    ] Entering safepoint region: RevokeBias
[2021-12-31T02:47:12.203+0000][1][safepoint    ] Leaving safepoint region
[2021-12-31T02:47:12.203+0000][1][safepoint    ] Total time for which application threads were stopped: 0.0003955 seconds, Stopping threads took: 0.0001341 seconds
[2021-12-31T02:47:12.213+0000][1][safepoint    ] Application time: 0.0103241 seconds
[2021-12-31T02:47:12.214+0000][1][safepoint    ] Entering safepoint region: RevokeBias
[2021-12-31T02:47:12.214+0000][1][safepoint    ] Leaving safepoint region
[2021-12-31T02:47:12.214+0000][1][safepoint    ] Total time for which application threads were stopped: 0.0002840 seconds, Stopping threads took: 0.0001180 seconds
[2021-12-31T02:47:12.225+0000][1][safepoint    ] Application time: 0.0102246 seconds
[2021-12-31T02:47:12.226+0000][1][safepoint    ] Entering safepoint region: RevokeBias
[2021-12-31T02:47:12.227+0000][1][safepoint    ] Leaving safepoint region
[2021-12-31T02:47:12.227+0000][1][safepoint    ] Total time for which application threads were stopped: 0.0006254 seconds, Stopping threads took: 0.0001708 seconds
[2021-12-31T02:47:12.229+0000][1][safepoint    ] Application time: 0.0020349 seconds
[2021-12-31T02:47:12.229+0000][1][safepoint    ] Entering safepoint region: RevokeBias
[2021-12-31T02:47:12.230+0000][1][safepoint    ] Leaving safepoint region
[2021-12-31T02:47:12.230+0000][1][safepoint    ] Total time for which application threads were stopped: 0.0004396 seconds, Stopping threads took: 0.0002387 seconds
[2021-12-31T02:47:12.231+0000][1][safepoint    ] Application time: 0.0010993 seconds
[2021-12-31T02:47:12.231+0000][1][safepoint    ] Entering safepoint region: RevokeBias
[2021-12-31T02:47:12.231+0000][1][safepoint    ] Leaving safepoint region
[2021-12-31T02:47:12.232+0000][1][safepoint    ] Total time for which application threads were stopped: 0.0002522 seconds, Stopping threads took: 0.0001109 seconds
[2021-12-31T02:47:12.248+0000][1][safepoint    ] Application time: 0.0165725 seconds
[2021-12-31T02:47:12.249+0000][1][safepoint    ] Entering safepoint region: RevokeBias
[2021-12-31T02:47:12.249+0000][1][safepoint    ] Leaving safepoint region
[2021-12-31T02:47:12.249+0000][1][safepoint    ] Total time for which application threads were stopped: 0.0004588 seconds, Stopping threads took: 0.0001598 seconds
[2021-12-31T02:47:12.250+0000][1][safepoint    ] Application time: 0.0006099 seconds
[2021-12-31T02:47:12.252+0000][1][safepoint    ] Entering safepoint region: RevokeBias
[2021-12-31T02:47:12.252+0000][1][safepoint    ] Leaving safepoint region
[2021-12-31T02:47:12.252+0000][1][safepoint    ] Total time for which application threads were stopped: 0.0003516 seconds, Stopping threads took: 0.0001537 seconds
[2021-12-31T02:47:12.262+0000][1][safepoint    ] Application time: 0.0094465 seconds
[2021-12-31T02:47:12.263+0000][1][safepoint    ] Entering safepoint region: RevokeBias
[2021-12-31T02:47:12.264+0000][1][safepoint    ] Leaving safepoint region
[2021-12-31T02:47:12.265+0000][1][safepoint    ] Total time for which application threads were stopped: 0.0019006 seconds, Stopping threads took: 0.0012843 seconds
[2021-12-31T02:47:12.280+0000][1][safepoint    ] Application time: 0.0151942 seconds
[2021-12-31T02:47:12.284+0000][1][safepoint    ] Entering safepoint region: RevokeBias
[2021-12-31T02:47:12.284+0000][1][safepoint    ] Leaving safepoint region
[2021-12-31T02:47:12.284+0000][1][safepoint    ] Total time for which application threads were stopped: 0.0007356 seconds, Stopping threads took: 0.0004164 seconds
[2021-12-31T02:47:12.286+0000][1][safepoint    ] Application time: 0.0009327 seconds
[2021-12-31T02:47:12.286+0000][1][safepoint    ] Entering safepoint region: RevokeBias
[2021-12-31T02:47:12.286+0000][1][safepoint    ] Leaving safepoint region
[2021-12-31T02:47:12.286+0000][1][safepoint    ] Total time for which application threads were stopped: 0.0003021 seconds, Stopping threads took: 0.0001261 seconds
[2021-12-31T02:47:12.286+0000][1][safepoint    ] Application time: 0.0000777 seconds
[2021-12-31T02:47:12.287+0000][1][safepoint    ] Entering safepoint region: RevokeBias
[2021-12-31T02:47:12.287+0000][1][safepoint    ] Leaving safepoint region
[2021-12-31T02:47:12.287+0000][1][safepoint    ] Total time for which application threads were stopped: 0.0001941 seconds, Stopping threads took: 0.0000820 seconds
[2021-12-31T02:47:12.287+0000][1][safepoint    ] Application time: 0.0000901 seconds
[2021-12-31T02:47:12.287+0000][1][safepoint    ] Entering safepoint region: RevokeBias
[2021-12-31T02:47:12.287+0000][1][safepoint    ] Leaving safepoint region
[2021-12-31T02:47:12.287+0000][1][safepoint    ] Total time for which application threads were stopped: 0.0002800 seconds, Stopping threads took: 0.0001237 seconds
[2021-12-31T02:47:12.287+0000][1][safepoint    ] Application time: 0.0000516 seconds
[2021-12-31T02:47:12.288+0000][1][safepoint    ] Entering safepoint region: RevokeBias
[2021-12-31T02:47:12.288+0000][1][safepoint    ] Leaving safepoint region
[2021-12-31T02:47:12.288+0000][1][safepoint    ] Total time for which application threads were stopped: 0.0001786 seconds, Stopping threads took: 0.0000791 seconds
[2021-12-31T02:47:12.288+0000][1][safepoint    ] Application time: 0.0003137 seconds
[2021-12-31T02:47:12.288+0000][1][safepoint    ] Entering safepoint region: RevokeBias
[2021-12-31T02:47:12.288+0000][1][safepoint    ] Leaving safepoint region
[2021-12-31T02:47:12.289+0000][1][safepoint    ] Total time for which application threads were stopped: 0.0002833 seconds, Stopping threads took: 0.0001150 seconds
[2021-12-31T02:47:12.289+0000][1][safepoint    ] Application time: 0.0000673 seconds
[2021-12-31T02:47:12.289+0000][1][safepoint    ] Entering safepoint region: RevokeBias
[2021-12-31T02:47:12.289+0000][1][safepoint    ] Leaving safepoint region
[2021-12-31T02:47:12.289+0000][1][safepoint    ] Total time for which application threads were stopped: 0.0001868 seconds, Stopping threads took: 0.0000866 seconds
[2021-12-31T02:47:12.289+0000][1][safepoint    ] Application time: 0.0000599 seconds
[2021-12-31T02:47:12.289+0000][1][safepoint    ] Entering safepoint region: RevokeBias
[2021-12-31T02:47:12.289+0000][1][safepoint    ] Leaving safepoint region
[2021-12-31T02:47:12.290+0000][1][safepoint    ] Total time for which application threads were stopped: 0.0005980 seconds, Stopping threads took: 0.0000991 seconds
[2021-12-31T02:47:12.290+0000][1][safepoint    ] Application time: 0.0000654 seconds
[2021-12-31T02:47:12.290+0000][1][safepoint    ] Entering safepoint region: RevokeBias
[2021-12-31T02:47:12.290+0000][1][safepoint    ] Leaving safepoint region
[2021-12-31T02:47:12.290+0000][1][safepoint    ] Total time for which application threads were stopped: 0.0002023 seconds, Stopping threads took: 0.0001008 seconds
[2021-12-31T02:47:12.356+0000][1][safepoint    ] Application time: 0.0651515 seconds
[2021-12-31T02:47:12.356+0000][1][safepoint    ] Entering safepoint region: GenCollectForAllocation
[2021-12-31T02:47:12.356+0000][1][gc,start     ] GC(31) Pause Young (Allocation Failure)
[2021-12-31T02:47:12.356+0000][1][gc,task      ] GC(31) Using 1 workers of 1 for evacuation
[2021-12-31T02:47:12.589+0000][1][gc,age       ] GC(31) Desired survivor size 4358144 bytes, new threshold 1 (max threshold 6)
[2021-12-31T02:47:12.590+0000][1][gc,age       ] GC(31) Age table with threshold 1 (max threshold 6)
[2021-12-31T02:47:12.590+0000][1][gc,age       ] GC(31) - age   1:    7713264 bytes,    7713264 total
[2021-12-31T02:47:12.590+0000][1][gc,heap      ] GC(31) ParNew: 76672K->8512K(76672K)
[2021-12-31T02:47:12.590+0000][1][gc,heap      ] GC(31) CMS: 114254K->122806K(439104K)
[2021-12-31T02:47:12.590+0000][1][gc,metaspace ] GC(31) Metaspace: 73033K->73033K(1116160K)
[2021-12-31T02:47:12.590+0000][1][gc           ] GC(31) Pause Young (Allocation Failure) 186M->128M(503M) 234.113ms
[2021-12-31T02:47:12.590+0000][1][gc,cpu       ] GC(31) User=0.08s Sys=0.01s Real=0.23s
[2021-12-31T02:47:12.591+0000][1][safepoint    ] Leaving safepoint region
[2021-12-31T02:47:12.591+0000][1][safepoint    ] Total time for which application threads were stopped: 0.2347822 seconds, Stopping threads took: 0.0001476 seconds
[2021-12-31T02:47:12.592+0000][1][safepoint    ] Application time: 0.0009019 seconds
[2021-12-31T02:47:12.592+0000][1][safepoint    ] Entering safepoint region: CMS_Initial_Mark
[2021-12-31T02:47:12.593+0000][1][gc,start     ] GC(32) Pause Initial Mark
[2021-12-31T02:47:12.605+0000][1][gc           ] GC(32) Pause Initial Mark 129M->129M(503M) 11.532ms
[2021-12-31T02:47:12.605+0000][1][gc,cpu       ] GC(32) User=0.01s Sys=0.01s Real=0.01s
[2021-12-31T02:47:12.605+0000][1][safepoint    ] Leaving safepoint region
[2021-12-31T02:47:12.605+0000][1][safepoint    ] Total time for which application threads were stopped: 0.0124696 seconds, Stopping threads took: 0.0004586 seconds
[2021-12-31T02:47:12.605+0000][1][gc           ] GC(32) Concurrent Mark
[2021-12-31T02:47:12.725+0000][1][gc           ] GC(32) Concurrent Mark 119.628ms
[2021-12-31T02:47:12.725+0000][1][gc,cpu       ] GC(32) User=0.11s Sys=0.01s Real=0.12s
[2021-12-31T02:47:12.726+0000][1][gc           ] GC(32) Concurrent Preclean
[2021-12-31T02:47:12.729+0000][1][gc           ] GC(32) Concurrent Preclean 2.831ms
[2021-12-31T02:47:12.729+0000][1][gc,cpu       ] GC(32) User=0.00s Sys=0.00s Real=0.00s
[2021-12-31T02:47:12.730+0000][1][safepoint    ] Application time: 0.1246598 seconds
[2021-12-31T02:47:12.730+0000][1][safepoint    ] Entering safepoint region: CMS_Final_Remark
[2021-12-31T02:47:12.730+0000][1][gc,start     ] GC(32) Pause Remark
[2021-12-31T02:47:12.783+0000][1][gc           ] GC(32) Pause Remark 129M->129M(503M) 52.953ms
[2021-12-31T02:47:12.784+0000][1][gc,cpu       ] GC(32) User=0.04s Sys=0.01s Real=0.05s
[2021-12-31T02:47:12.784+0000][1][safepoint    ] Leaving safepoint region
[2021-12-31T02:47:12.784+0000][1][safepoint    ] Total time for which application threads were stopped: 0.0540878 seconds, Stopping threads took: 0.0001838 seconds
[2021-12-31T02:47:12.793+0000][1][gc           ] GC(32) Concurrent Sweep
[2021-12-31T02:47:12.838+0000][1][gc           ] GC(32) Concurrent Sweep 44.687ms
[2021-12-31T02:47:12.838+0000][1][gc,cpu       ] GC(32) User=0.04s Sys=0.01s Real=0.04s
[2021-12-31T02:47:12.839+0000][1][gc           ] GC(32) Concurrent Reset
[2021-12-31T02:47:12.840+0000][1][gc           ] GC(32) Concurrent Reset 1.054ms
[2021-12-31T02:47:12.840+0000][1][gc,cpu       ] GC(32) User=0.00s Sys=0.00s Real=0.00s
[2021-12-31T02:47:12.840+0000][1][gc,heap      ] GC(32) Old: 122806K->120020K(439104K)
[2021-12-31T02:47:12.852+0000][1][safepoint    ] Application time: 0.0679889 seconds
[2021-12-31T02:47:12.852+0000][1][safepoint    ] Entering safepoint region: RevokeBias
[2021-12-31T02:47:12.853+0000][1][safepoint    ] Leaving safepoint region
[2021-12-31T02:47:12.854+0000][1][safepoint    ] Total time for which application threads were stopped: 0.0013697 seconds, Stopping threads took: 0.0002153 seconds
[2021-12-31T02:47:12.898+0000][1][safepoint    ] Application time: 0.0436919 seconds
[2021-12-31T02:47:12.898+0000][1][safepoint    ] Entering safepoint region: RevokeBias
[2021-12-31T02:47:12.898+0000][1][safepoint    ] Leaving safepoint region
[2021-12-31T02:47:12.898+0000][1][safepoint    ] Total time for which application threads were stopped: 0.0003983 seconds, Stopping threads took: 0.0001528 seconds
[2021-12-31T02:47:12.942+0000][1][safepoint    ] Application time: 0.0440293 seconds
[2021-12-31T02:47:12.943+0000][1][safepoint    ] Entering safepoint region: RevokeBias
[2021-12-31T02:47:12.943+0000][1][safepoint    ] Leaving safepoint region
[2021-12-31T02:47:12.944+0000][1][safepoint    ] Total time for which application threads were stopped: 0.0005880 seconds, Stopping threads took: 0.0001309 seconds
[2021-12-31T02:47:12.994+0000][1][safepoint    ] Application time: 0.0501458 seconds
[2021-12-31T02:47:13.003+0000][1][safepoint    ] Entering safepoint region: RevokeBias
[2021-12-31T02:47:13.004+0000][1][safepoint    ] Leaving safepoint region
[2021-12-31T02:47:13.004+0000][1][safepoint    ] Total time for which application threads were stopped: 0.0009880 seconds, Stopping threads took: 0.0006853 seconds
[2021-12-31T02:47:13.294+0000][1][safepoint    ] Application time: 0.2903124 seconds
[2021-12-31T02:47:13.295+0000][1][safepoint    ] Entering safepoint region: RevokeBias
[2021-12-31T02:47:13.295+0000][1][safepoint    ] Leaving safepoint region
[2021-12-31T02:47:13.295+0000][1][safepoint    ] Total time for which application threads were stopped: 0.0005330 seconds, Stopping threads took: 0.0002270 seconds
[2021-12-31T02:47:13.297+0000][1][safepoint    ] Application time: 0.0016788 seconds
[2021-12-31T02:47:13.297+0000][1][safepoint    ] Entering safepoint region: RevokeBias
[2021-12-31T02:47:13.298+0000][1][safepoint    ] Leaving safepoint region
[2021-12-31T02:47:13.298+0000][1][safepoint    ] Total time for which application threads were stopped: 0.0002882 seconds, Stopping threads took: 0.0001323 seconds
[2021-12-31T02:47:13.714+0000][1][safepoint    ] Application time: 0.4166067 seconds
[2021-12-31T02:47:13.715+0000][1][safepoint    ] Entering safepoint region: RevokeBias
[2021-12-31T02:47:13.715+0000][1][safepoint    ] Leaving safepoint region
[2021-12-31T02:47:13.715+0000][1][safepoint    ] Total time for which application threads were stopped: 0.0003290 seconds, Stopping threads took: 0.0001056 seconds
[2021-12-31T02:47:13.715+0000][1][safepoint    ] Application time: 0.0001050 seconds
[2021-12-31T02:47:13.715+0000][1][safepoint    ] Entering safepoint region: RevokeBias
[2021-12-31T02:47:13.716+0000][1][safepoint    ] Leaving safepoint region
[2021-12-31T02:47:13.716+0000][1][safepoint    ] Total time for which application threads were stopped: 0.0003039 seconds, Stopping threads took: 0.0001273 seconds
[2021-12-31T02:47:13.716+0000][1][safepoint    ] Application time: 0.0000407 seconds
[2021-12-31T02:47:13.716+0000][1][safepoint    ] Entering safepoint region: RevokeBias
[2021-12-31T02:47:13.716+0000][1][safepoint    ] Leaving safepoint region
[2021-12-31T02:47:13.716+0000][1][safepoint    ] Total time for which application threads were stopped: 0.0004962 seconds, Stopping threads took: 0.0002093 seconds
[2021-12-31T02:47:13.717+0000][1][safepoint    ] Application time: 0.0000512 seconds
[2021-12-31T02:47:13.717+0000][1][safepoint    ] Entering safepoint region: RevokeBias
[2021-12-31T02:47:13.717+0000][1][safepoint    ] Leaving safepoint region
[2021-12-31T02:47:13.717+0000][1][safepoint    ] Total time for which application threads were stopped: 0.0002381 seconds, Stopping threads took: 0.0000984 seconds
[2021-12-31T02:47:13.717+0000][1][safepoint    ] Application time: 0.0000487 seconds
[2021-12-31T02:47:13.717+0000][1][safepoint    ] Entering safepoint region: RevokeBias
[2021-12-31T02:47:13.717+0000][1][safepoint    ] Leaving safepoint region
[2021-12-31T02:47:13.718+0000][1][safepoint    ] Total time for which application threads were stopped: 0.0002081 seconds, Stopping threads took: 0.0000924 seconds
[2021-12-31T02:47:14.719+0000][1][safepoint    ] Application time: 1.0014098 seconds
[2021-12-31T02:47:14.719+0000][1][safepoint    ] Entering safepoint region: Cleanup
[2021-12-31T02:47:14.720+0000][1][safepoint    ] Leaving safepoint region
[2021-12-31T02:47:14.720+0000][1][safepoint    ] Total time for which application threads were stopped: 0.0003212 seconds, Stopping threads took: 0.0001541 seconds
[2021-12-31T02:47:15.720+0000][1][safepoint    ] Application time: 1.0003212 seconds
[2021-12-31T02:47:15.721+0000][1][safepoint    ] Entering safepoint region: Cleanup
[2021-12-31T02:47:15.721+0000][1][safepoint    ] Leaving safepoint region
[2021-12-31T02:47:15.721+0000][1][safepoint    ] Total time for which application threads were stopped: 0.0004366 seconds, Stopping threads took: 0.0002089 seconds
[2021-12-31T02:47:16.722+0000][1][safepoint    ] Application time: 1.0009662 seconds
[2021-12-31T02:47:16.722+0000][1][safepoint    ] Entering safepoint region: Cleanup
[2021-12-31T02:47:16.723+0000][1][safepoint    ] Leaving safepoint region
[2021-12-31T02:47:16.723+0000][1][safepoint    ] Total time for which application threads were stopped: 0.0002429 seconds, Stopping threads took: 0.0001029 seconds
[2021-12-31T02:47:17.004+0000][1][safepoint    ] Application time: 0.2814191 seconds
[2021-12-31T02:47:17.006+0000][1][safepoint    ] Entering safepoint region: RevokeBias
[2021-12-31T02:47:17.008+0000][1][safepoint    ] Leaving safepoint region
[2021-12-31T02:47:17.009+0000][1][safepoint    ] Total time for which application threads were stopped: 0.0028164 seconds, Stopping threads took: 0.0022519 seconds
[2021-12-31T02:47:17.011+0000][1][safepoint    ] Application time: 0.0022005 seconds
[2021-12-31T02:47:17.011+0000][1][safepoint    ] Entering safepoint region: RevokeBias
[2021-12-31T02:47:17.012+0000][1][safepoint    ] Leaving safepoint region
[2021-12-31T02:47:17.012+0000][1][safepoint    ] Total time for which application threads were stopped: 0.0005362 seconds, Stopping threads took: 0.0003736 seconds
[2021-12-31T02:47:17.019+0000][1][safepoint    ] Application time: 0.0074213 seconds
[2021-12-31T02:47:17.020+0000][1][safepoint    ] Entering safepoint region: RevokeBias
[2021-12-31T02:47:17.021+0000][1][safepoint    ] Leaving safepoint region
[2021-12-31T02:47:17.021+0000][1][safepoint    ] Total time for which application threads were stopped: 0.0007118 seconds, Stopping threads took: 0.0002865 seconds
[2021-12-31T02:47:17.786+0000][1][safepoint    ] Application time: 0.7645787 seconds
[2021-12-31T02:47:17.791+0000][1][safepoint    ] Entering safepoint region: RevokeBias
[2021-12-31T02:47:17.791+0000][1][safepoint    ] Leaving safepoint region
[2021-12-31T02:47:17.791+0000][1][safepoint    ] Total time for which application threads were stopped: 0.0007343 seconds, Stopping threads took: 0.0003472 seconds
[2021-12-31T02:47:17.792+0000][1][safepoint    ] Application time: 0.0002650 seconds
[2021-12-31T02:47:17.793+0000][1][safepoint    ] Entering safepoint region: RevokeBias
[2021-12-31T02:47:17.793+0000][1][safepoint    ] Leaving safepoint region
[2021-12-31T02:47:17.793+0000][1][safepoint    ] Total time for which application threads were stopped: 0.0003592 seconds, Stopping threads took: 0.0000955 seconds
[2021-12-31T02:47:17.812+0000][1][safepoint    ] Application time: 0.0182617 seconds
[2021-12-31T02:47:17.816+0000][1][safepoint    ] Entering safepoint region: RevokeBias
[2021-12-31T02:47:17.817+0000][1][safepoint    ] Leaving safepoint region
[2021-12-31T02:47:17.817+0000][1][safepoint    ] Total time for which application threads were stopped: 0.0007529 seconds, Stopping threads took: 0.0004059 seconds
[2021-12-31T02:47:17.817+0000][1][safepoint    ] Application time: 0.0002318 seconds
[2021-12-31T02:47:17.817+0000][1][safepoint    ] Entering safepoint region: RevokeBias
[2021-12-31T02:47:17.818+0000][1][safepoint    ] Leaving safepoint region
[2021-12-31T02:47:17.818+0000][1][safepoint    ] Total time for which application threads were stopped: 0.0004487 seconds, Stopping threads took: 0.0001197 seconds
[2021-12-31T02:47:17.818+0000][1][safepoint    ] Application time: 0.0003978 seconds
[2021-12-31T02:47:17.819+0000][1][safepoint    ] Entering safepoint region: RevokeBias
[2021-12-31T02:47:17.819+0000][1][safepoint    ] Leaving safepoint region
[2021-12-31T02:47:17.819+0000][1][safepoint    ] Total time for which application threads were stopped: 0.0003071 seconds, Stopping threads took: 0.0001363 seconds
[2021-12-31T02:47:17.837+0000][1][safepoint    ] Application time: 0.0178824 seconds
[2021-12-31T02:47:17.847+0000][1][safepoint    ] Entering safepoint region: RevokeBias
[2021-12-31T02:47:17.855+0000][1][safepoint    ] Leaving safepoint region
[2021-12-31T02:47:17.855+0000][1][safepoint    ] Total time for which application threads were stopped: 0.0137461 seconds, Stopping threads took: 0.0134713 seconds
[2021-12-31T02:47:17.861+0000][1][safepoint    ] Application time: 0.0057320 seconds
[2021-12-31T02:47:17.866+0000][1][safepoint    ] Entering safepoint region: RevokeBias
[2021-12-31T02:47:17.869+0000][1][safepoint    ] Leaving safepoint region
[2021-12-31T02:47:17.869+0000][1][safepoint    ] Total time for which application threads were stopped: 0.0032983 seconds, Stopping threads took: 0.0031349 seconds
[2021-12-31T02:47:17.870+0000][1][safepoint    ] Application time: 0.0002856 seconds
[2021-12-31T02:47:17.870+0000][1][safepoint    ] Entering safepoint region: RevokeBias
[2021-12-31T02:47:17.870+0000][1][safepoint    ] Leaving safepoint region
[2021-12-31T02:47:17.870+0000][1][safepoint    ] Total time for which application threads were stopped: 0.0001851 seconds, Stopping threads took: 0.0000787 seconds
[2021-12-31T02:47:17.870+0000][1][safepoint    ] Application time: 0.0001499 seconds
[2021-12-31T02:47:17.870+0000][1][safepoint    ] Entering safepoint region: RevokeBias
[2021-12-31T02:47:17.870+0000][1][safepoint    ] Leaving safepoint region
[2021-12-31T02:47:17.871+0000][1][safepoint    ] Total time for which application threads were stopped: 0.0003611 seconds, Stopping threads took: 0.0000943 seconds
[2021-12-31T02:47:17.871+0000][1][safepoint    ] Application time: 0.0001318 seconds
[2021-12-31T02:47:17.871+0000][1][safepoint    ] Entering safepoint region: RevokeBias
[2021-12-31T02:47:17.871+0000][1][safepoint    ] Leaving safepoint region
[2021-12-31T02:47:17.871+0000][1][safepoint    ] Total time for which application threads were stopped: 0.0001922 seconds, Stopping threads took: 0.0000866 seconds
[2021-12-31T02:47:17.877+0000][1][safepoint    ] Application time: 0.0054381 seconds
[2021-12-31T02:47:17.881+0000][1][safepoint    ] Entering safepoint region: RevokeBias
[2021-12-31T02:47:17.882+0000][1][safepoint    ] Leaving safepoint region
[2021-12-31T02:47:17.882+0000][1][safepoint    ] Total time for which application threads were stopped: 0.0010224 seconds, Stopping threads took: 0.0004863 seconds
[2021-12-31T02:47:17.883+0000][1][safepoint    ] Application time: 0.0003290 seconds
[2021-12-31T02:47:17.883+0000][1][safepoint    ] Entering safepoint region: RevokeBias
[2021-12-31T02:47:17.884+0000][1][safepoint    ] Leaving safepoint region
[2021-12-31T02:47:17.884+0000][1][safepoint    ] Total time for which application threads were stopped: 0.0002747 seconds, Stopping threads took: 0.0001138 seconds
[2021-12-31T02:47:17.884+0000][1][safepoint    ] Application time: 0.0001332 seconds
[2021-12-31T02:47:17.884+0000][1][safepoint    ] Entering safepoint region: RevokeBias
[2021-12-31T02:47:17.884+0000][1][safepoint    ] Leaving safepoint region
[2021-12-31T02:47:17.884+0000][1][safepoint    ] Total time for which application threads were stopped: 0.0002328 seconds, Stopping threads took: 0.0001020 seconds
[2021-12-31T02:47:17.908+0000][1][safepoint    ] Application time: 0.0230511 seconds
[2021-12-31T02:47:17.909+0000][1][safepoint    ] Entering safepoint region: RevokeBias
[2021-12-31T02:47:17.910+0000][1][safepoint    ] Leaving safepoint region
[2021-12-31T02:47:17.910+0000][1][safepoint    ] Total time for which application threads were stopped: 0.0005740 seconds, Stopping threads took: 0.0002881 seconds
[2021-12-31T02:47:17.910+0000][1][safepoint    ] Application time: 0.0003651 seconds
[2021-12-31T02:47:17.911+0000][1][safepoint    ] Entering safepoint region: RevokeBias
[2021-12-31T02:47:17.912+0000][1][safepoint    ] Leaving safepoint region
[2021-12-31T02:47:17.912+0000][1][safepoint    ] Total time for which application threads were stopped: 0.0012384 seconds, Stopping threads took: 0.0005535 seconds
[2021-12-31T02:47:17.913+0000][1][safepoint    ] Application time: 0.0000160 seconds
[2021-12-31T02:47:17.913+0000][1][safepoint    ] Entering safepoint region: RevokeBias
[2021-12-31T02:47:17.914+0000][1][safepoint    ] Leaving safepoint region
[2021-12-31T02:47:17.915+0000][1][safepoint    ] Total time for which application threads were stopped: 0.0011540 seconds, Stopping threads took: 0.0003372 seconds
[2021-12-31T02:47:17.915+0000][1][safepoint    ] Application time: 0.0000163 seconds
[2021-12-31T02:47:17.915+0000][1][safepoint    ] Entering safepoint region: RevokeBias
[2021-12-31T02:47:17.915+0000][1][safepoint    ] Leaving safepoint region
[2021-12-31T02:47:17.916+0000][1][safepoint    ] Total time for which application threads were stopped: 0.0003212 seconds, Stopping threads took: 0.0000984 seconds
[2021-12-31T02:47:17.916+0000][1][safepoint    ] Application time: 0.0002671 seconds
[2021-12-31T02:47:17.916+0000][1][safepoint    ] Entering safepoint region: RevokeBias
[2021-12-31T02:47:17.916+0000][1][safepoint    ] Leaving safepoint region
[2021-12-31T02:47:17.917+0000][1][safepoint    ] Total time for which application threads were stopped: 0.0004525 seconds, Stopping threads took: 0.0001912 seconds
[2021-12-31T02:47:17.957+0000][1][safepoint    ] Application time: 0.0403742 seconds
[2021-12-31T02:47:17.964+0000][1][safepoint    ] Entering safepoint region: RevokeBias
[2021-12-31T02:47:17.964+0000][1][safepoint    ] Leaving safepoint region
[2021-12-31T02:47:17.965+0000][1][safepoint    ] Total time for which application threads were stopped: 0.0018666 seconds, Stopping threads took: 0.0006672 seconds
[2021-12-31T02:47:17.972+0000][1][safepoint    ] Application time: 0.0069880 seconds
[2021-12-31T02:47:17.979+0000][1][safepoint    ] Entering safepoint region: RevokeBias
[2021-12-31T02:47:17.979+0000][1][safepoint    ] Leaving safepoint region
[2021-12-31T02:47:17.979+0000][1][safepoint    ] Total time for which application threads were stopped: 0.0044861 seconds, Stopping threads took: 0.0042545 seconds
[2021-12-31T02:47:17.982+0000][1][safepoint    ] Application time: 0.0022623 seconds
[2021-12-31T02:47:17.982+0000][1][safepoint    ] Entering safepoint region: RevokeBias
[2021-12-31T02:47:17.982+0000][1][safepoint    ] Leaving safepoint region
[2021-12-31T02:47:17.982+0000][1][safepoint    ] Total time for which application threads were stopped: 0.0004182 seconds, Stopping threads took: 0.0001243 seconds
[2021-12-31T02:47:18.000+0000][1][safepoint    ] Application time: 0.0174566 seconds
[2021-12-31T02:47:18.005+0000][1][safepoint    ] Entering safepoint region: RevokeBias
[2021-12-31T02:47:18.005+0000][1][safepoint    ] Leaving safepoint region
[2021-12-31T02:47:18.005+0000][1][safepoint    ] Total time for which application threads were stopped: 0.0034060 seconds, Stopping threads took: 0.0031697 seconds
[2021-12-31T02:47:18.073+0000][1][safepoint    ] Application time: 0.0673058 seconds
[2021-12-31T02:47:18.078+0000][1][safepoint    ] Entering safepoint region: RevokeBias
[2021-12-31T02:47:18.083+0000][1][safepoint    ] Leaving safepoint region
[2021-12-31T02:47:18.094+0000][1][safepoint    ] Total time for which application threads were stopped: 0.0155816 seconds, Stopping threads took: 0.0049782 seconds
[2021-12-31T02:47:18.146+0000][1][safepoint    ] Application time: 0.0396921 seconds
[2021-12-31T02:47:18.151+0000][1][safepoint    ] Entering safepoint region: BulkRevokeBias
[2021-12-31T02:47:18.163+0000][1][safepoint    ] Leaving safepoint region
[2021-12-31T02:47:18.173+0000][1][safepoint    ] Total time for which application threads were stopped: 0.0221579 seconds, Stopping threads took: 0.0124864 seconds
[2021-12-31T02:47:19.210+0000][1][safepoint    ] Application time: 1.0249351 seconds
[2021-12-31T02:47:19.210+0000][1][safepoint    ] Entering safepoint region: Cleanup
[2021-12-31T02:47:19.210+0000][1][safepoint    ] Leaving safepoint region
[2021-12-31T02:47:19.210+0000][1][safepoint    ] Total time for which application threads were stopped: 0.0004312 seconds, Stopping threads took: 0.0001201 seconds
[2021-12-31T02:47:20.212+0000][1][safepoint    ] Application time: 1.0012729 seconds
[2021-12-31T02:47:20.212+0000][1][safepoint    ] Entering safepoint region: Cleanup
[2021-12-31T02:47:20.212+0000][1][safepoint    ] Leaving safepoint region
[2021-12-31T02:47:20.212+0000][1][safepoint    ] Total time for which application threads were stopped: 0.0004076 seconds, Stopping threads took: 0.0001538 seconds
[2021-12-31T02:47:21.214+0000][1][safepoint    ] Application time: 1.0011415 seconds
[2021-12-31T02:47:21.214+0000][1][safepoint    ] Entering safepoint region: Cleanup
[2021-12-31T02:47:21.214+0000][1][safepoint    ] Leaving safepoint region
[2021-12-31T02:47:21.214+0000][1][safepoint    ] Total time for which application threads were stopped: 0.0003142 seconds, Stopping threads took: 0.0001162 seconds
[2021-12-31T02:47:22.215+0000][1][safepoint    ] Application time: 1.0003563 seconds
[2021-12-31T02:47:22.215+0000][1][safepoint    ] Entering safepoint region: Cleanup
[2021-12-31T02:47:22.215+0000][1][safepoint    ] Leaving safepoint region
[2021-12-31T02:47:22.215+0000][1][safepoint    ] Total time for which application threads were stopped: 0.0002533 seconds, Stopping threads took: 0.0001036 seconds
[2021-12-31T02:47:23.216+0000][1][safepoint    ] Application time: 1.0008184 seconds
[2021-12-31T02:47:23.216+0000][1][safepoint    ] Entering safepoint region: Cleanup
[2021-12-31T02:47:23.216+0000][1][safepoint    ] Leaving safepoint region
[2021-12-31T02:47:23.217+0000][1][safepoint    ] Total time for which application threads were stopped: 0.0002430 seconds, Stopping threads took: 0.0001022 seconds
[2021-12-31T02:47:24.217+0000][1][safepoint    ] Application time: 1.0006258 seconds
[2021-12-31T02:47:24.217+0000][1][safepoint    ] Entering safepoint region: Cleanup
[2021-12-31T02:47:24.218+0000][1][safepoint    ] Leaving safepoint region
[2021-12-31T02:47:24.218+0000][1][safepoint    ] Total time for which application threads were stopped: 0.0003457 seconds, Stopping threads took: 0.0001472 seconds
[2021-12-31T02:47:25.219+0000][1][safepoint    ] Application time: 1.0013141 seconds
[2021-12-31T02:47:25.219+0000][1][safepoint    ] Entering safepoint region: Cleanup
[2021-12-31T02:47:25.220+0000][1][safepoint    ] Leaving safepoint region
[2021-12-31T02:47:25.220+0000][1][safepoint    ] Total time for which application threads were stopped: 0.0002448 seconds, Stopping threads took: 0.0001048 seconds
[2021-12-31T02:47:26.222+0000][1][safepoint    ] Application time: 1.0025790 seconds
[2021-12-31T02:47:26.223+0000][1][safepoint    ] Entering safepoint region: Cleanup
[2021-12-31T02:47:26.223+0000][1][safepoint    ] Leaving safepoint region
[2021-12-31T02:47:26.223+0000][1][safepoint    ] Total time for which application threads were stopped: 0.0002492 seconds, Stopping threads took: 0.0001074 seconds
[2021-12-31T02:47:27.229+0000][1][safepoint    ] Application time: 1.0056905 seconds
[2021-12-31T02:47:27.229+0000][1][safepoint    ] Entering safepoint region: Cleanup
[2021-12-31T02:47:27.229+0000][1][safepoint    ] Leaving safepoint region
[2021-12-31T02:47:27.229+0000][1][safepoint    ] Total time for which application threads were stopped: 0.0002472 seconds, Stopping threads took: 0.0001153 seconds
[2021-12-31T02:47:28.237+0000][1][safepoint    ] Application time: 1.0079461 seconds
[2021-12-31T02:47:28.237+0000][1][safepoint    ] Entering safepoint region: Cleanup
[2021-12-31T02:47:28.237+0000][1][safepoint    ] Leaving safepoint region
[2021-12-31T02:47:28.239+0000][1][safepoint    ] Total time for which application threads were stopped: 0.0020621 seconds, Stopping threads took: 0.0001061 seconds
[2021-12-31T02:47:29.243+0000][1][safepoint    ] Application time: 1.0037079 seconds
[2021-12-31T02:47:29.244+0000][1][safepoint    ] Entering safepoint region: Cleanup
[2021-12-31T02:47:29.244+0000][1][safepoint    ] Leaving safepoint region
[2021-12-31T02:47:29.244+0000][1][safepoint    ] Total time for which application threads were stopped: 0.0002809 seconds, Stopping threads took: 0.0001342 seconds
[2021-12-31T02:47:30.247+0000][1][safepoint    ] Application time: 1.0031559 seconds
[2021-12-31T02:47:30.247+0000][1][safepoint    ] Entering safepoint region: Cleanup
[2021-12-31T02:47:30.247+0000][1][safepoint    ] Leaving safepoint region
[2021-12-31T02:47:30.248+0000][1][safepoint    ] Total time for which application threads were stopped: 0.0002604 seconds, Stopping threads took: 0.0001170 seconds
[2021-12-31T02:47:31.250+0000][1][safepoint    ] Application time: 1.0021476 seconds
[2021-12-31T02:47:31.250+0000][1][safepoint    ] Entering safepoint region: Cleanup
[2021-12-31T02:47:31.250+0000][1][safepoint    ] Leaving safepoint region
[2021-12-31T02:47:31.250+0000][1][safepoint    ] Total time for which application threads were stopped: 0.0003310 seconds, Stopping threads took: 0.0001339 seconds
[2021-12-31T02:47:32.253+0000][1][safepoint    ] Application time: 1.0026156 seconds
[2021-12-31T02:47:32.253+0000][1][safepoint    ] Entering safepoint region: Cleanup
[2021-12-31T02:47:32.253+0000][1][safepoint    ] Leaving safepoint region
[2021-12-31T02:47:32.254+0000][1][safepoint    ] Total time for which application threads were stopped: 0.0002341 seconds, Stopping threads took: 0.0001011 seconds
[2021-12-31T02:47:33.257+0000][1][safepoint    ] Application time: 1.0031343 seconds
[2021-12-31T02:47:33.257+0000][1][safepoint    ] Entering safepoint region: Cleanup
[2021-12-31T02:47:33.257+0000][1][safepoint    ] Leaving safepoint region
[2021-12-31T02:47:33.257+0000][1][safepoint    ] Total time for which application threads were stopped: 0.0002979 seconds, Stopping threads took: 0.0001339 seconds
[2021-12-31T02:47:34.260+0000][1][safepoint    ] Application time: 1.0031353 seconds
[2021-12-31T02:47:34.261+0000][1][safepoint    ] Entering safepoint region: Cleanup
[2021-12-31T02:47:34.261+0000][1][safepoint    ] Leaving safepoint region
[2021-12-31T02:47:34.261+0000][1][safepoint    ] Total time for which application threads were stopped: 0.0002337 seconds, Stopping threads took: 0.0001022 seconds
[2021-12-31T02:47:35.262+0000][1][safepoint    ] Application time: 1.0007203 seconds
[2021-12-31T02:47:35.262+0000][1][safepoint    ] Entering safepoint region: Cleanup
[2021-12-31T02:47:35.262+0000][1][safepoint    ] Leaving safepoint region
[2021-12-31T02:47:35.262+0000][1][safepoint    ] Total time for which application threads were stopped: 0.0002963 seconds, Stopping threads took: 0.0001480 seconds
[2021-12-31T02:47:36.265+0000][1][safepoint    ] Application time: 1.0023245 seconds
[2021-12-31T02:47:36.265+0000][1][safepoint    ] Entering safepoint region: Cleanup
[2021-12-31T02:47:36.265+0000][1][safepoint    ] Leaving safepoint region
[2021-12-31T02:47:36.265+0000][1][safepoint    ] Total time for which application threads were stopped: 0.0004833 seconds, Stopping threads took: 0.0001807 seconds
[2021-12-31T02:47:37.266+0000][1][safepoint    ] Application time: 1.0003677 seconds
[2021-12-31T02:47:37.266+0000][1][safepoint    ] Entering safepoint region: Cleanup
[2021-12-31T02:47:37.266+0000][1][safepoint    ] Leaving safepoint region
[2021-12-31T02:47:37.267+0000][1][safepoint    ] Total time for which application threads were stopped: 0.0003147 seconds, Stopping threads took: 0.0001305 seconds
[2021-12-31T02:47:38.270+0000][1][safepoint    ] Application time: 1.0033443 seconds
[2021-12-31T02:47:38.270+0000][1][safepoint    ] Entering safepoint region: Cleanup
[2021-12-31T02:47:38.270+0000][1][safepoint    ] Leaving safepoint region
[2021-12-31T02:47:38.270+0000][1][safepoint    ] Total time for which application threads were stopped: 0.0002139 seconds, Stopping threads took: 0.0000936 seconds
[2021-12-31T02:47:39.271+0000][1][safepoint    ] Application time: 1.0002795 seconds
[2021-12-31T02:47:39.271+0000][1][safepoint    ] Entering safepoint region: Cleanup
[2021-12-31T02:47:39.271+0000][1][safepoint    ] Leaving safepoint region
[2021-12-31T02:47:39.271+0000][1][safepoint    ] Total time for which application threads were stopped: 0.0002629 seconds, Stopping threads took: 0.0001140 seconds
[2021-12-31T02:47:40.271+0000][1][safepoint    ] Application time: 1.0001249 seconds
[2021-12-31T02:47:40.272+0000][1][safepoint    ] Entering safepoint region: Cleanup
[2021-12-31T02:47:40.272+0000][1][safepoint    ] Leaving safepoint region
[2021-12-31T02:47:40.272+0000][1][safepoint    ] Total time for which application threads were stopped: 0.0003018 seconds, Stopping threads took: 0.0001308 seconds
[2021-12-31T02:47:41.260+0000][1][safepoint    ] Application time: 0.9878554 seconds
[2021-12-31T02:47:41.260+0000][1][safepoint    ] Entering safepoint region: RevokeBias
[2021-12-31T02:47:41.260+0000][1][safepoint    ] Leaving safepoint region
[2021-12-31T02:47:41.260+0000][1][safepoint    ] Total time for which application threads were stopped: 0.0002423 seconds, Stopping threads took: 0.0000981 seconds
[2021-12-31T02:47:42.268+0000][1][safepoint    ] Application time: 1.0078879 seconds
[2021-12-31T02:47:42.269+0000][1][safepoint    ] Entering safepoint region: Cleanup
[2021-12-31T02:47:42.269+0000][1][safepoint    ] Leaving safepoint region
[2021-12-31T02:47:42.269+0000][1][safepoint    ] Total time for which application threads were stopped: 0.0003456 seconds, Stopping threads took: 0.0001891 seconds
[2021-12-31T02:47:43.272+0000][1][safepoint    ] Application time: 1.0024917 seconds
[2021-12-31T02:47:43.272+0000][1][safepoint    ] Entering safepoint region: Cleanup
[2021-12-31T02:47:43.272+0000][1][safepoint    ] Leaving safepoint region
[2021-12-31T02:47:43.272+0000][1][safepoint    ] Total time for which application threads were stopped: 0.0004277 seconds, Stopping threads took: 0.0002291 seconds
[2021-12-31T02:47:44.273+0000][1][safepoint    ] Application time: 1.0008879 seconds
[2021-12-31T02:47:44.274+0000][1][safepoint    ] Entering safepoint region: Cleanup
[2021-12-31T02:47:44.274+0000][1][safepoint    ] Leaving safepoint region
[2021-12-31T02:47:44.274+0000][1][safepoint    ] Total time for which application threads were stopped: 0.0003816 seconds, Stopping threads took: 0.0001328 seconds
[2021-12-31T02:47:45.274+0000][1][safepoint    ] Application time: 1.0001841 seconds
[2021-12-31T02:47:45.275+0000][1][safepoint    ] Entering safepoint region: Cleanup
[2021-12-31T02:47:45.275+0000][1][safepoint    ] Leaving safepoint region
[2021-12-31T02:47:45.275+0000][1][safepoint    ] Total time for which application threads were stopped: 0.0002184 seconds, Stopping threads took: 0.0000946 seconds
[2021-12-31T02:47:46.276+0000][1][safepoint    ] Application time: 1.0009455 seconds
[2021-12-31T02:47:46.276+0000][1][safepoint    ] Entering safepoint region: Cleanup
[2021-12-31T02:47:46.276+0000][1][safepoint    ] Leaving safepoint region
[2021-12-31T02:47:46.277+0000][1][safepoint    ] Total time for which application threads were stopped: 0.0005266 seconds, Stopping threads took: 0.0002310 seconds
[2021-12-31T02:47:47.277+0000][1][safepoint    ] Application time: 1.0002810 seconds
[2021-12-31T02:47:47.277+0000][1][safepoint    ] Entering safepoint region: Cleanup
[2021-12-31T02:47:47.278+0000][1][safepoint    ] Leaving safepoint region
[2021-12-31T02:47:47.278+0000][1][safepoint    ] Total time for which application threads were stopped: 0.0002425 seconds, Stopping threads took: 0.0001041 seconds
[2021-12-31T02:47:48.280+0000][1][safepoint    ] Application time: 1.0022301 seconds
[2021-12-31T02:47:48.280+0000][1][safepoint    ] Entering safepoint region: Cleanup
[2021-12-31T02:47:48.280+0000][1][safepoint    ] Leaving safepoint region
[2021-12-31T02:47:48.281+0000][1][safepoint    ] Total time for which application threads were stopped: 0.0003898 seconds, Stopping threads took: 0.0001325 seconds
[2021-12-31T02:47:49.284+0000][1][safepoint    ] Application time: 1.0030882 seconds
[2021-12-31T02:47:49.284+0000][1][safepoint    ] Entering safepoint region: Cleanup
[2021-12-31T02:47:49.284+0000][1][safepoint    ] Leaving safepoint region
[2021-12-31T02:47:49.284+0000][1][safepoint    ] Total time for which application threads were stopped: 0.0002412 seconds, Stopping threads took: 0.0000998 seconds
[2021-12-31T02:47:50.285+0000][1][safepoint    ] Application time: 1.0001810 seconds
[2021-12-31T02:47:50.285+0000][1][safepoint    ] Entering safepoint region: Cleanup
[2021-12-31T02:47:50.285+0000][1][safepoint    ] Leaving safepoint region
[2021-12-31T02:47:50.285+0000][1][safepoint    ] Total time for which application threads were stopped: 0.0003006 seconds, Stopping threads took: 0.0001444 seconds
[2021-12-31T02:47:51.288+0000][1][safepoint    ] Application time: 1.0025503 seconds
[2021-12-31T02:47:51.288+0000][1][safepoint    ] Entering safepoint region: Cleanup
[2021-12-31T02:47:51.288+0000][1][safepoint    ] Leaving safepoint region
[2021-12-31T02:47:51.288+0000][1][safepoint    ] Total time for which application threads were stopped: 0.0002474 seconds, Stopping threads took: 0.0001019 seconds
[2021-12-31T02:47:52.289+0000][1][safepoint    ] Application time: 1.0008767 seconds
[2021-12-31T02:47:52.289+0000][1][safepoint    ] Entering safepoint region: Cleanup
[2021-12-31T02:47:52.289+0000][1][safepoint    ] Leaving safepoint region
[2021-12-31T02:47:52.289+0000][1][safepoint    ] Total time for which application threads were stopped: 0.0002354 seconds, Stopping threads took: 0.0001019 seconds
[2021-12-31T02:47:53.291+0000][1][safepoint    ] Application time: 1.0015537 seconds
[2021-12-31T02:47:53.291+0000][1][safepoint    ] Entering safepoint region: Cleanup
[2021-12-31T02:47:53.291+0000][1][safepoint    ] Leaving safepoint region
[2021-12-31T02:47:53.292+0000][1][safepoint    ] Total time for which application threads were stopped: 0.0002644 seconds, Stopping threads took: 0.0001259 seconds
[2021-12-31T02:47:54.295+0000][1][safepoint    ] Application time: 1.0028345 seconds
[2021-12-31T02:47:54.295+0000][1][safepoint    ] Entering safepoint region: Cleanup
[2021-12-31T02:47:54.295+0000][1][safepoint    ] Leaving safepoint region
[2021-12-31T02:47:54.295+0000][1][safepoint    ] Total time for which application threads were stopped: 0.0003056 seconds, Stopping threads took: 0.0001336 seconds
[2021-12-31T02:47:55.296+0000][1][safepoint    ] Application time: 1.0013165 seconds
[2021-12-31T02:47:55.297+0000][1][safepoint    ] Entering safepoint region: Cleanup
[2021-12-31T02:47:55.297+0000][1][safepoint    ] Leaving safepoint region
[2021-12-31T02:47:55.297+0000][1][safepoint    ] Total time for which application threads were stopped: 0.0003310 seconds, Stopping threads took: 0.0001022 seconds
[2021-12-31T02:47:56.301+0000][1][safepoint    ] Application time: 1.0037254 seconds
[2021-12-31T02:47:56.301+0000][1][safepoint    ] Entering safepoint region: Cleanup
[2021-12-31T02:47:56.301+0000][1][safepoint    ] Leaving safepoint region
[2021-12-31T02:47:56.301+0000][1][safepoint    ] Total time for which application threads were stopped: 0.0002575 seconds, Stopping threads took: 0.0001123 seconds
[2021-12-31T02:47:57.305+0000][1][safepoint    ] Application time: 1.0032151 seconds
[2021-12-31T02:47:57.305+0000][1][safepoint    ] Entering safepoint region: Cleanup
[2021-12-31T02:47:57.305+0000][1][safepoint    ] Leaving safepoint region
[2021-12-31T02:47:57.305+0000][1][safepoint    ] Total time for which application threads were stopped: 0.0002230 seconds, Stopping threads took: 0.0000984 seconds
[2021-12-31T02:47:58.310+0000][1][safepoint    ] Application time: 1.0048192 seconds
[2021-12-31T02:47:58.310+0000][1][safepoint    ] Entering safepoint region: Cleanup
[2021-12-31T02:47:58.310+0000][1][safepoint    ] Leaving safepoint region
[2021-12-31T02:47:58.311+0000][1][safepoint    ] Total time for which application threads were stopped: 0.0003949 seconds, Stopping threads took: 0.0001433 seconds
[2021-12-31T02:47:59.315+0000][1][safepoint    ] Application time: 1.0042485 seconds
[2021-12-31T02:47:59.315+0000][1][safepoint    ] Entering safepoint region: Cleanup
[2021-12-31T02:47:59.316+0000][1][safepoint    ] Leaving safepoint region
[2021-12-31T02:47:59.316+0000][1][safepoint    ] Total time for which application threads were stopped: 0.0006213 seconds, Stopping threads took: 0.0002307 seconds
[2021-12-31T02:48:00.318+0000][1][safepoint    ] Application time: 1.0021450 seconds
[2021-12-31T02:48:00.319+0000][1][safepoint    ] Entering safepoint region: Cleanup
[2021-12-31T02:48:00.319+0000][1][safepoint    ] Leaving safepoint region
[2021-12-31T02:48:00.319+0000][1][safepoint    ] Total time for which application threads were stopped: 0.0002374 seconds, Stopping threads took: 0.0001007 seconds
[2021-12-31T02:48:01.321+0000][1][safepoint    ] Application time: 1.0021233 seconds
[2021-12-31T02:48:01.321+0000][1][safepoint    ] Entering safepoint region: Cleanup
[2021-12-31T02:48:01.321+0000][1][safepoint    ] Leaving safepoint region
[2021-12-31T02:48:01.322+0000][1][safepoint    ] Total time for which application threads were stopped: 0.0003072 seconds, Stopping threads took: 0.0001304 seconds
[2021-12-31T02:48:02.322+0000][1][safepoint    ] Application time: 1.0004569 seconds
[2021-12-31T02:48:02.322+0000][1][safepoint    ] Entering safepoint region: Cleanup
[2021-12-31T02:48:02.322+0000][1][safepoint    ] Leaving safepoint region
[2021-12-31T02:48:02.323+0000][1][safepoint    ] Total time for which application threads were stopped: 0.0002522 seconds, Stopping threads took: 0.0001022 seconds
[2021-12-31T02:48:03.324+0000][1][safepoint    ] Application time: 1.0010160 seconds
[2021-12-31T02:48:03.324+0000][1][safepoint    ] Entering safepoint region: Cleanup
[2021-12-31T02:48:03.324+0000][1][safepoint    ] Leaving safepoint region
[2021-12-31T02:48:03.325+0000][1][safepoint    ] Total time for which application threads were stopped: 0.0006879 seconds, Stopping threads took: 0.0001364 seconds
[2021-12-31T02:48:04.326+0000][1][safepoint    ] Application time: 1.0016856 seconds
[2021-12-31T02:48:04.327+0000][1][safepoint    ] Entering safepoint region: Cleanup
[2021-12-31T02:48:04.327+0000][1][safepoint    ] Leaving safepoint region
[2021-12-31T02:48:04.327+0000][1][safepoint    ] Total time for which application threads were stopped: 0.0002678 seconds, Stopping threads took: 0.0001139 seconds
[2021-12-31T02:48:05.328+0000][1][safepoint    ] Application time: 1.0010834 seconds
[2021-12-31T02:48:05.328+0000][1][safepoint    ] Entering safepoint region: Cleanup
[2021-12-31T02:48:05.328+0000][1][safepoint    ] Leaving safepoint region
[2021-12-31T02:48:05.329+0000][1][safepoint    ] Total time for which application threads were stopped: 0.0003577 seconds, Stopping threads took: 0.0001221 seconds
[2021-12-31T02:48:06.330+0000][1][safepoint    ] Application time: 1.0015388 seconds
[2021-12-31T02:48:06.331+0000][1][safepoint    ] Entering safepoint region: Cleanup
[2021-12-31T02:48:06.331+0000][1][safepoint    ] Leaving safepoint region
[2021-12-31T02:48:06.331+0000][1][safepoint    ] Total time for which application threads were stopped: 0.0004339 seconds, Stopping threads took: 0.0001874 seconds
[2021-12-31T02:48:07.334+0000][1][safepoint    ] Application time: 1.0026617 seconds
[2021-12-31T02:48:07.334+0000][1][safepoint    ] Entering safepoint region: Cleanup
[2021-12-31T02:48:07.334+0000][1][safepoint    ] Leaving safepoint region
[2021-12-31T02:48:07.335+0000][1][safepoint    ] Total time for which application threads were stopped: 0.0005170 seconds, Stopping threads took: 0.0001928 seconds
[2021-12-31T02:48:08.338+0000][1][safepoint    ] Application time: 1.0029503 seconds
[2021-12-31T02:48:08.338+0000][1][safepoint    ] Entering safepoint region: Cleanup
[2021-12-31T02:48:08.338+0000][1][safepoint    ] Leaving safepoint region
[2021-12-31T02:48:08.339+0000][1][safepoint    ] Total time for which application threads were stopped: 0.0005150 seconds, Stopping threads took: 0.0001516 seconds
[2021-12-31T02:48:09.342+0000][1][safepoint    ] Application time: 1.0029399 seconds
[2021-12-31T02:48:09.342+0000][1][safepoint    ] Entering safepoint region: Cleanup
[2021-12-31T02:48:09.342+0000][1][safepoint    ] Leaving safepoint region
[2021-12-31T02:48:09.342+0000][1][safepoint    ] Total time for which application threads were stopped: 0.0002539 seconds, Stopping threads took: 0.0001060 seconds
[2021-12-31T02:48:10.346+0000][1][safepoint    ] Application time: 1.0040614 seconds
[2021-12-31T02:48:10.347+0000][1][safepoint    ] Entering safepoint region: Cleanup
[2021-12-31T02:48:10.347+0000][1][safepoint    ] Leaving safepoint region
[2021-12-31T02:48:10.347+0000][1][safepoint    ] Total time for which application threads were stopped: 0.0003190 seconds, Stopping threads took: 0.0001265 seconds
[2021-12-31T02:48:11.279+0000][1][safepoint    ] Application time: 0.9320993 seconds
[2021-12-31T02:48:11.279+0000][1][safepoint    ] Entering safepoint region: RevokeBias
[2021-12-31T02:48:11.280+0000][1][safepoint    ] Leaving safepoint region
[2021-12-31T02:48:11.280+0000][1][safepoint    ] Total time for which application threads were stopped: 0.0005351 seconds, Stopping threads took: 0.0002234 seconds
[2021-12-31T02:48:11.281+0000][1][safepoint    ] Application time: 0.0003894 seconds
[2021-12-31T02:48:11.281+0000][1][safepoint    ] Entering safepoint region: RevokeBias
[2021-12-31T02:48:11.281+0000][1][safepoint    ] Leaving safepoint region
[2021-12-31T02:48:11.281+0000][1][safepoint    ] Total time for which application threads were stopped: 0.0004960 seconds, Stopping threads took: 0.0001902 seconds
[2021-12-31T02:48:11.282+0000][1][safepoint    ] Application time: 0.0002094 seconds
[2021-12-31T02:48:11.282+0000][1][safepoint    ] Entering safepoint region: RevokeBias
[2021-12-31T02:48:11.282+0000][1][safepoint    ] Leaving safepoint region
[2021-12-31T02:48:11.282+0000][1][safepoint    ] Total time for which application threads were stopped: 0.0004128 seconds, Stopping threads took: 0.0001913 seconds
[2021-12-31T02:48:11.283+0000][1][safepoint    ] Application time: 0.0004542 seconds
[2021-12-31T02:48:11.283+0000][1][safepoint    ] Entering safepoint region: RevokeBias
[2021-12-31T02:48:11.283+0000][1][safepoint    ] Leaving safepoint region
[2021-12-31T02:48:11.283+0000][1][safepoint    ] Total time for which application threads were stopped: 0.0002257 seconds, Stopping threads took: 0.0001057 seconds
[2021-12-31T02:48:11.284+0000][1][safepoint    ] Application time: 0.0001156 seconds
[2021-12-31T02:48:11.284+0000][1][safepoint    ] Entering safepoint region: RevokeBias
[2021-12-31T02:48:11.284+0000][1][safepoint    ] Leaving safepoint region
[2021-12-31T02:48:11.284+0000][1][safepoint    ] Total time for which application threads were stopped: 0.0002202 seconds, Stopping threads took: 0.0000988 seconds
[2021-12-31T02:48:12.287+0000][1][safepoint    ] Application time: 1.0027021 seconds
[2021-12-31T02:48:12.287+0000][1][safepoint    ] Entering safepoint region: Cleanup
[2021-12-31T02:48:12.287+0000][1][safepoint    ] Leaving safepoint region
[2021-12-31T02:48:12.287+0000][1][safepoint    ] Total time for which application threads were stopped: 0.0002285 seconds, Stopping threads took: 0.0000969 seconds
[2021-12-31T02:48:13.678+0000][1][safepoint    ] Application time: 1.3904553 seconds
[2021-12-31T02:48:13.678+0000][1][safepoint    ] Entering safepoint region: Cleanup
[2021-12-31T02:48:13.678+0000][1][safepoint    ] Leaving safepoint region
[2021-12-31T02:48:13.679+0000][1][safepoint    ] Total time for which application threads were stopped: 0.0002445 seconds, Stopping threads took: 0.0000983 seconds
[2021-12-31T02:48:14.679+0000][1][safepoint    ] Application time: 1.0006332 seconds
[2021-12-31T02:48:14.679+0000][1][safepoint    ] Entering safepoint region: Cleanup
[2021-12-31T02:48:14.680+0000][1][safepoint    ] Leaving safepoint region
[2021-12-31T02:48:14.680+0000][1][safepoint    ] Total time for which application threads were stopped: 0.0002339 seconds, Stopping threads took: 0.0001001 seconds
[2021-12-31T02:48:15.681+0000][1][safepoint    ] Application time: 1.0016617 seconds
[2021-12-31T02:48:15.682+0000][1][safepoint    ] Entering safepoint region: Cleanup
[2021-12-31T02:48:15.682+0000][1][safepoint    ] Leaving safepoint region
[2021-12-31T02:48:15.682+0000][1][safepoint    ] Total time for which application threads were stopped: 0.0002371 seconds, Stopping threads took: 0.0001029 seconds
[2021-12-31T02:48:16.683+0000][1][safepoint    ] Application time: 1.0010692 seconds
[2021-12-31T02:48:16.683+0000][1][safepoint    ] Entering safepoint region: Cleanup
[2021-12-31T02:48:16.683+0000][1][safepoint    ] Leaving safepoint region
[2021-12-31T02:48:16.684+0000][1][safepoint    ] Total time for which application threads were stopped: 0.0002608 seconds, Stopping threads took: 0.0001139 seconds
[2021-12-31T02:48:17.039+0000][1][safepoint    ] Application time: 0.3555216 seconds
[2021-12-31T02:48:17.041+0000][1][safepoint    ] Entering safepoint region: RevokeBias
[2021-12-31T02:48:17.041+0000][1][safepoint    ] Leaving safepoint region
[2021-12-31T02:48:17.042+0000][1][safepoint    ] Total time for which application threads were stopped: 0.0002499 seconds, Stopping threads took: 0.0000990 seconds
[2021-12-31T02:48:18.043+0000][1][safepoint    ] Application time: 1.0016068 seconds
[2021-12-31T02:48:18.044+0000][1][safepoint    ] Entering safepoint region: Cleanup
[2021-12-31T02:48:18.044+0000][1][safepoint    ] Leaving safepoint region
[2021-12-31T02:48:18.044+0000][1][safepoint    ] Total time for which application threads were stopped: 0.0002281 seconds, Stopping threads took: 0.0000985 seconds
[2021-12-31T02:48:19.046+0000][1][safepoint    ] Application time: 1.0024409 seconds
[2021-12-31T02:48:19.047+0000][1][safepoint    ] Entering safepoint region: Cleanup
[2021-12-31T02:48:19.047+0000][1][safepoint    ] Leaving safepoint region
[2021-12-31T02:48:19.047+0000][1][safepoint    ] Total time for which application threads were stopped: 0.0002959 seconds, Stopping threads took: 0.0001431 seconds
[2021-12-31T02:48:20.049+0000][1][safepoint    ] Application time: 1.0023931 seconds
[2021-12-31T02:48:20.050+0000][1][safepoint    ] Entering safepoint region: Cleanup
[2021-12-31T02:48:20.051+0000][1][safepoint    ] Leaving safepoint region
[2021-12-31T02:48:20.051+0000][1][safepoint    ] Total time for which application threads were stopped: 0.0002889 seconds, Stopping threads took: 0.0001178 seconds
[2021-12-31T02:48:21.053+0000][1][safepoint    ] Application time: 1.0024980 seconds
[2021-12-31T02:48:21.054+0000][1][safepoint    ] Entering safepoint region: Cleanup
[2021-12-31T02:48:21.054+0000][1][safepoint    ] Leaving safepoint region
[2021-12-31T02:48:21.054+0000][1][safepoint    ] Total time for which application threads were stopped: 0.0003714 seconds, Stopping threads took: 0.0001626 seconds
[2021-12-31T02:48:22.056+0000][1][safepoint    ] Application time: 1.0018145 seconds
[2021-12-31T02:48:22.056+0000][1][safepoint    ] Entering safepoint region: Cleanup
[2021-12-31T02:48:22.056+0000][1][safepoint    ] Leaving safepoint region
[2021-12-31T02:48:22.056+0000][1][safepoint    ] Total time for which application threads were stopped: 0.0003271 seconds, Stopping threads took: 0.0001091 seconds
[2021-12-31T02:48:23.058+0000][1][safepoint    ] Application time: 1.0015806 seconds
[2021-12-31T02:48:23.058+0000][1][safepoint    ] Entering safepoint region: Cleanup
[2021-12-31T02:48:23.058+0000][1][safepoint    ] Leaving safepoint region
[2021-12-31T02:48:23.058+0000][1][safepoint    ] Total time for which application threads were stopped: 0.0002572 seconds, Stopping threads took: 0.0001056 seconds
[2021-12-31T02:48:24.059+0000][1][safepoint    ] Application time: 1.0002692 seconds
[2021-12-31T02:48:24.059+0000][1][safepoint    ] Entering safepoint region: Cleanup
[2021-12-31T02:48:24.059+0000][1][safepoint    ] Leaving safepoint region
[2021-12-31T02:48:24.059+0000][1][safepoint    ] Total time for which application threads were stopped: 0.0002376 seconds, Stopping threads took: 0.0000989 seconds
[2021-12-31T02:48:25.060+0000][1][safepoint    ] Application time: 1.0008240 seconds
[2021-12-31T02:48:25.060+0000][1][safepoint    ] Entering safepoint region: Cleanup
[2021-12-31T02:48:25.061+0000][1][safepoint    ] Leaving safepoint region
[2021-12-31T02:48:25.061+0000][1][safepoint    ] Total time for which application threads were stopped: 0.0004010 seconds, Stopping threads took: 0.0001506 seconds
[2021-12-31T02:48:26.063+0000][1][safepoint    ] Application time: 1.0025544 seconds
[2021-12-31T02:48:26.068+0000][1][safepoint    ] Entering safepoint region: Cleanup
[2021-12-31T02:48:26.069+0000][1][safepoint    ] Leaving safepoint region
[2021-12-31T02:48:26.069+0000][1][safepoint    ] Total time for which application threads were stopped: 0.0003514 seconds, Stopping threads took: 0.0001662 seconds
[2021-12-31T02:48:27.072+0000][1][safepoint    ] Application time: 1.0031992 seconds
[2021-12-31T02:48:27.072+0000][1][safepoint    ] Entering safepoint region: Cleanup
[2021-12-31T02:48:27.072+0000][1][safepoint    ] Leaving safepoint region
[2021-12-31T02:48:27.072+0000][1][safepoint    ] Total time for which application threads were stopped: 0.0002410 seconds, Stopping threads took: 0.0001061 seconds
[2021-12-31T02:48:28.732+0000][1][safepoint    ] Application time: 1.6591606 seconds
[2021-12-31T02:48:28.732+0000][1][safepoint    ] Entering safepoint region: Cleanup
[2021-12-31T02:48:28.732+0000][1][safepoint    ] Leaving safepoint region
[2021-12-31T02:48:28.732+0000][1][safepoint    ] Total time for which application threads were stopped: 0.0002509 seconds, Stopping threads took: 0.0001154 seconds
[2021-12-31T02:48:29.735+0000][1][safepoint    ] Application time: 1.0027249 seconds
[2021-12-31T02:48:29.735+0000][1][safepoint    ] Entering safepoint region: Cleanup
[2021-12-31T02:48:29.735+0000][1][safepoint    ] Leaving safepoint region
[2021-12-31T02:48:29.735+0000][1][safepoint    ] Total time for which application threads were stopped: 0.0002472 seconds, Stopping threads took: 0.0001059 seconds
[2021-12-31T02:48:30.738+0000][1][safepoint    ] Application time: 1.0029209 seconds
[2021-12-31T02:48:30.739+0000][1][safepoint    ] Entering safepoint region: Cleanup
[2021-12-31T02:48:30.739+0000][1][safepoint    ] Leaving safepoint region
[2021-12-31T02:48:30.739+0000][1][safepoint    ] Total time for which application threads were stopped: 0.0002397 seconds, Stopping threads took: 0.0000977 seconds
[2021-12-31T02:48:31.742+0000][1][safepoint    ] Application time: 1.0033199 seconds
[2021-12-31T02:48:31.742+0000][1][safepoint    ] Entering safepoint region: Cleanup
[2021-12-31T02:48:31.743+0000][1][safepoint    ] Leaving safepoint region
[2021-12-31T02:48:31.743+0000][1][safepoint    ] Total time for which application threads were stopped: 0.0002511 seconds, Stopping threads took: 0.0001101 seconds
[2021-12-31T02:48:32.745+0000][1][safepoint    ] Application time: 1.0025897 seconds
[2021-12-31T02:48:32.745+0000][1][safepoint    ] Entering safepoint region: Cleanup
[2021-12-31T02:48:32.746+0000][1][safepoint    ] Leaving safepoint region
[2021-12-31T02:48:32.746+0000][1][safepoint    ] Total time for which application threads were stopped: 0.0002191 seconds, Stopping threads took: 0.0000918 seconds
[2021-12-31T02:48:33.747+0000][1][safepoint    ] Application time: 1.0014445 seconds
[2021-12-31T02:48:33.747+0000][1][safepoint    ] Entering safepoint region: Cleanup
[2021-12-31T02:48:33.748+0000][1][safepoint    ] Leaving safepoint region
[2021-12-31T02:48:33.748+0000][1][safepoint    ] Total time for which application threads were stopped: 0.0005671 seconds, Stopping threads took: 0.0001015 seconds
[2021-12-31T02:48:34.750+0000][1][safepoint    ] Application time: 1.0017948 seconds
[2021-12-31T02:48:34.750+0000][1][safepoint    ] Entering safepoint region: Cleanup
[2021-12-31T02:48:34.750+0000][1][safepoint    ] Leaving safepoint region
[2021-12-31T02:48:34.750+0000][1][safepoint    ] Total time for which application threads were stopped: 0.0002541 seconds, Stopping threads took: 0.0001050 seconds
[2021-12-31T02:48:35.753+0000][1][safepoint    ] Application time: 1.0023885 seconds
[2021-12-31T02:48:35.753+0000][1][safepoint    ] Entering safepoint region: Cleanup
[2021-12-31T02:48:35.753+0000][1][safepoint    ] Leaving safepoint region
[2021-12-31T02:48:35.753+0000][1][safepoint    ] Total time for which application threads were stopped: 0.0002483 seconds, Stopping threads took: 0.0001135 seconds
[2021-12-31T02:48:36.755+0000][1][safepoint    ] Application time: 1.0016506 seconds
[2021-12-31T02:48:36.755+0000][1][safepoint    ] Entering safepoint region: Cleanup
[2021-12-31T02:48:36.756+0000][1][safepoint    ] Leaving safepoint region
[2021-12-31T02:48:36.756+0000][1][safepoint    ] Total time for which application threads were stopped: 0.0002790 seconds, Stopping threads took: 0.0001090 seconds
[2021-12-31T02:48:37.757+0000][1][safepoint    ] Application time: 1.0015751 seconds
[2021-12-31T02:48:37.758+0000][1][safepoint    ] Entering safepoint region: Cleanup
[2021-12-31T02:48:37.758+0000][1][safepoint    ] Leaving safepoint region
[2021-12-31T02:48:37.758+0000][1][safepoint    ] Total time for which application threads were stopped: 0.0002454 seconds, Stopping threads took: 0.0001017 seconds
[2021-12-31T02:48:38.759+0000][1][safepoint    ] Application time: 1.0008290 seconds
[2021-12-31T02:48:38.759+0000][1][safepoint    ] Entering safepoint region: Cleanup
[2021-12-31T02:48:38.759+0000][1][safepoint    ] Leaving safepoint region
[2021-12-31T02:48:38.759+0000][1][safepoint    ] Total time for which application threads were stopped: 0.0002836 seconds, Stopping threads took: 0.0001060 seconds
[2021-12-31T02:48:39.762+0000][1][safepoint    ] Application time: 1.0023863 seconds
[2021-12-31T02:48:39.762+0000][1][safepoint    ] Entering safepoint region: Cleanup
[2021-12-31T02:48:39.762+0000][1][safepoint    ] Leaving safepoint region
[2021-12-31T02:48:39.762+0000][1][safepoint    ] Total time for which application threads were stopped: 0.0003093 seconds, Stopping threads took: 0.0001320 seconds
[2021-12-31T02:48:40.765+0000][1][safepoint    ] Application time: 1.0029656 seconds
[2021-12-31T02:48:40.766+0000][1][safepoint    ] Entering safepoint region: Cleanup
[2021-12-31T02:48:40.766+0000][1][safepoint    ] Leaving safepoint region
[2021-12-31T02:48:40.766+0000][1][safepoint    ] Total time for which application threads were stopped: 0.0002644 seconds, Stopping threads took: 0.0001270 seconds
[2021-12-31T02:48:41.769+0000][1][safepoint    ] Application time: 1.0030007 seconds
[2021-12-31T02:48:41.769+0000][1][safepoint    ] Entering safepoint region: Cleanup
[2021-12-31T02:48:41.769+0000][1][safepoint    ] Leaving safepoint region
[2021-12-31T02:48:41.769+0000][1][safepoint    ] Total time for which application threads were stopped: 0.0002427 seconds, Stopping threads took: 0.0001012 seconds
[2021-12-31T02:48:42.773+0000][1][safepoint    ] Application time: 1.0032189 seconds
[2021-12-31T02:48:42.773+0000][1][safepoint    ] Entering safepoint region: Cleanup
[2021-12-31T02:48:42.773+0000][1][safepoint    ] Leaving safepoint region
[2021-12-31T02:48:42.773+0000][1][safepoint    ] Total time for which application threads were stopped: 0.0002548 seconds, Stopping threads took: 0.0001072 seconds
[2021-12-31T02:48:43.775+0000][1][safepoint    ] Application time: 1.0016661 seconds
[2021-12-31T02:48:43.775+0000][1][safepoint    ] Entering safepoint region: Cleanup
[2021-12-31T02:48:43.776+0000][1][safepoint    ] Leaving safepoint region
[2021-12-31T02:48:43.776+0000][1][safepoint    ] Total time for which application threads were stopped: 0.0004942 seconds, Stopping threads took: 0.0002362 seconds
[2021-12-31T02:48:44.777+0000][1][safepoint    ] Application time: 1.0010736 seconds
[2021-12-31T02:48:44.777+0000][1][safepoint    ] Entering safepoint region: Cleanup
[2021-12-31T02:48:44.778+0000][1][safepoint    ] Leaving safepoint region
[2021-12-31T02:48:44.778+0000][1][safepoint    ] Total time for which application threads were stopped: 0.0003374 seconds, Stopping threads took: 0.0001395 seconds
[2021-12-31T02:48:45.781+0000][1][safepoint    ] Application time: 1.0034709 seconds
[2021-12-31T02:48:45.782+0000][1][safepoint    ] Entering safepoint region: Cleanup
[2021-12-31T02:48:45.782+0000][1][safepoint    ] Leaving safepoint region
[2021-12-31T02:48:45.782+0000][1][safepoint    ] Total time for which application threads were stopped: 0.0004284 seconds, Stopping threads took: 0.0001549 seconds
[2021-12-31T02:48:46.784+0000][1][safepoint    ] Application time: 1.0018265 seconds
[2021-12-31T02:48:46.784+0000][1][safepoint    ] Entering safepoint region: Cleanup
[2021-12-31T02:48:46.784+0000][1][safepoint    ] Leaving safepoint region
[2021-12-31T02:48:46.784+0000][1][safepoint    ] Total time for which application threads were stopped: 0.0003580 seconds, Stopping threads took: 0.0001273 seconds
[2021-12-31T02:48:47.788+0000][1][safepoint    ] Application time: 1.0035407 seconds
[2021-12-31T02:48:47.788+0000][1][safepoint    ] Entering safepoint region: Cleanup
[2021-12-31T02:48:47.788+0000][1][safepoint    ] Leaving safepoint region
[2021-12-31T02:48:47.789+0000][1][safepoint    ] Total time for which application threads were stopped: 0.0002311 seconds, Stopping threads took: 0.0000988 seconds
[2021-12-31T02:48:48.792+0000][1][safepoint    ] Application time: 1.0030135 seconds
[2021-12-31T02:48:48.792+0000][1][safepoint    ] Entering safepoint region: Cleanup
[2021-12-31T02:48:48.792+0000][1][safepoint    ] Leaving safepoint region
[2021-12-31T02:48:48.792+0000][1][safepoint    ] Total time for which application threads were stopped: 0.0002389 seconds, Stopping threads took: 0.0001030 seconds
[2021-12-31T02:48:49.795+0000][1][safepoint    ] Application time: 1.0031794 seconds
[2021-12-31T02:48:49.796+0000][1][safepoint    ] Entering safepoint region: Cleanup
[2021-12-31T02:48:49.796+0000][1][safepoint    ] Leaving safepoint region
[2021-12-31T02:48:49.796+0000][1][safepoint    ] Total time for which application threads were stopped: 0.0003044 seconds, Stopping threads took: 0.0001290 seconds
[2021-12-31T02:48:50.799+0000][1][safepoint    ] Application time: 1.0031249 seconds
[2021-12-31T02:48:50.800+0000][1][safepoint    ] Entering safepoint region: Cleanup
[2021-12-31T02:48:50.800+0000][1][safepoint    ] Leaving safepoint region
[2021-12-31T02:48:50.800+0000][1][safepoint    ] Total time for which application threads were stopped: 0.0003363 seconds, Stopping threads took: 0.0001435 seconds
[2021-12-31T02:48:51.802+0000][1][safepoint    ] Application time: 1.0020077 seconds
[2021-12-31T02:48:51.802+0000][1][safepoint    ] Entering safepoint region: Cleanup
[2021-12-31T02:48:51.802+0000][1][safepoint    ] Leaving safepoint region
[2021-12-31T02:48:51.802+0000][1][safepoint    ] Total time for which application threads were stopped: 0.0002379 seconds, Stopping threads took: 0.0001031 seconds
[2021-12-31T02:48:52.806+0000][1][safepoint    ] Application time: 1.0037903 seconds
[2021-12-31T02:48:52.807+0000][1][safepoint    ] Entering safepoint region: Cleanup
[2021-12-31T02:48:52.807+0000][1][safepoint    ] Leaving safepoint region
[2021-12-31T02:48:52.807+0000][1][safepoint    ] Total time for which application threads were stopped: 0.0003359 seconds, Stopping threads took: 0.0001454 seconds
[2021-12-31T02:48:53.810+0000][1][safepoint    ] Application time: 1.0026412 seconds
[2021-12-31T02:48:53.810+0000][1][safepoint    ] Entering safepoint region: Cleanup
[2021-12-31T02:48:53.810+0000][1][safepoint    ] Leaving safepoint region
[2021-12-31T02:48:53.810+0000][1][safepoint    ] Total time for which application threads were stopped: 0.0003434 seconds, Stopping threads took: 0.0001575 seconds
[2021-12-31T02:48:54.811+0000][1][safepoint    ] Application time: 1.0008068 seconds
[2021-12-31T02:48:54.812+0000][1][safepoint    ] Entering safepoint region: Cleanup
[2021-12-31T02:48:54.812+0000][1][safepoint    ] Leaving safepoint region
[2021-12-31T02:48:54.812+0000][1][safepoint    ] Total time for which application threads were stopped: 0.0002493 seconds, Stopping threads took: 0.0001104 seconds
[2021-12-31T02:48:55.813+0000][1][safepoint    ] Application time: 1.0011976 seconds
[2021-12-31T02:48:55.813+0000][1][safepoint    ] Entering safepoint region: Cleanup
[2021-12-31T02:48:55.814+0000][1][safepoint    ] Leaving safepoint region
[2021-12-31T02:48:55.814+0000][1][safepoint    ] Total time for which application threads were stopped: 0.0003775 seconds, Stopping threads took: 0.0001609 seconds
[2021-12-31T02:48:56.816+0000][1][safepoint    ] Application time: 1.0018292 seconds
[2021-12-31T02:48:56.816+0000][1][safepoint    ] Entering safepoint region: Cleanup
[2021-12-31T02:48:56.816+0000][1][safepoint    ] Leaving safepoint region
[2021-12-31T02:48:56.816+0000][1][safepoint    ] Total time for which application threads were stopped: 0.0002958 seconds, Stopping threads took: 0.0001317 seconds
[2021-12-31T02:48:57.819+0000][1][safepoint    ] Application time: 1.0029267 seconds
[2021-12-31T02:48:57.820+0000][1][safepoint    ] Entering safepoint region: Cleanup
[2021-12-31T02:48:57.820+0000][1][safepoint    ] Leaving safepoint region
[2021-12-31T02:48:57.820+0000][1][safepoint    ] Total time for which application threads were stopped: 0.0002941 seconds, Stopping threads took: 0.0001268 seconds
[2021-12-31T02:48:58.822+0000][1][safepoint    ] Application time: 1.0024029 seconds
[2021-12-31T02:48:58.823+0000][1][safepoint    ] Entering safepoint region: Cleanup
[2021-12-31T02:48:58.823+0000][1][safepoint    ] Leaving safepoint region
[2021-12-31T02:48:58.823+0000][1][safepoint    ] Total time for which application threads were stopped: 0.0005456 seconds, Stopping threads took: 0.0002258 seconds
[2021-12-31T02:48:59.826+0000][1][safepoint    ] Application time: 1.0024809 seconds
[2021-12-31T02:48:59.826+0000][1][safepoint    ] Entering safepoint region: Cleanup
[2021-12-31T02:48:59.826+0000][1][safepoint    ] Leaving safepoint region
[2021-12-31T02:48:59.827+0000][1][safepoint    ] Total time for which application threads were stopped: 0.0005036 seconds, Stopping threads took: 0.0003263 seconds
[2021-12-31T02:49:00.827+0000][1][safepoint    ] Application time: 1.0008649 seconds
[2021-12-31T02:49:00.828+0000][1][safepoint    ] Entering safepoint region: Cleanup
[2021-12-31T02:49:00.828+0000][1][safepoint    ] Leaving safepoint region
[2021-12-31T02:49:00.828+0000][1][safepoint    ] Total time for which application threads were stopped: 0.0005763 seconds, Stopping threads took: 0.0002510 seconds
[2021-12-31T02:49:02.175+0000][1][safepoint    ] Application time: 1.3465429 seconds
[2021-12-31T02:49:02.176+0000][1][safepoint    ] Entering safepoint region: Cleanup
[2021-12-31T02:49:02.177+0000][1][safepoint    ] Leaving safepoint region
[2021-12-31T02:49:02.177+0000][1][safepoint    ] Total time for which application threads were stopped: 0.0012579 seconds, Stopping threads took: 0.0010425 seconds
[2021-12-31T02:49:03.179+0000][1][safepoint    ] Application time: 1.0017460 seconds
[2021-12-31T02:49:03.179+0000][1][safepoint    ] Entering safepoint region: Cleanup
[2021-12-31T02:49:03.179+0000][1][safepoint    ] Leaving safepoint region
[2021-12-31T02:49:03.179+0000][1][safepoint    ] Total time for which application threads were stopped: 0.0002156 seconds, Stopping threads took: 0.0000944 seconds
[2021-12-31T02:49:04.180+0000][1][safepoint    ] Application time: 1.0005134 seconds
[2021-12-31T02:49:04.180+0000][1][safepoint    ] Entering safepoint region: Cleanup
[2021-12-31T02:49:04.180+0000][1][safepoint    ] Leaving safepoint region
[2021-12-31T02:49:04.181+0000][1][safepoint    ] Total time for which application threads were stopped: 0.0002504 seconds, Stopping threads took: 0.0001071 seconds
[2021-12-31T02:49:05.183+0000][1][safepoint    ] Application time: 1.0024445 seconds
[2021-12-31T02:49:05.183+0000][1][safepoint    ] Entering safepoint region: Cleanup
[2021-12-31T02:49:05.183+0000][1][safepoint    ] Leaving safepoint region
[2021-12-31T02:49:05.184+0000][1][safepoint    ] Total time for which application threads were stopped: 0.0002488 seconds, Stopping threads took: 0.0001103 seconds
[2021-12-31T02:49:06.185+0000][1][safepoint    ] Application time: 1.0011908 seconds
[2021-12-31T02:49:06.185+0000][1][safepoint    ] Entering safepoint region: Cleanup
[2021-12-31T02:49:06.185+0000][1][safepoint    ] Leaving safepoint region
[2021-12-31T02:49:06.186+0000][1][safepoint    ] Total time for which application threads were stopped: 0.0004666 seconds, Stopping threads took: 0.0002057 seconds
[2021-12-31T02:49:07.193+0000][1][safepoint    ] Application time: 1.0071481 seconds
[2021-12-31T02:49:07.194+0000][1][safepoint    ] Entering safepoint region: Cleanup
[2021-12-31T02:49:07.195+0000][1][safepoint    ] Leaving safepoint region
[2021-12-31T02:49:07.195+0000][1][safepoint    ] Total time for which application threads were stopped: 0.0002546 seconds, Stopping threads took: 0.0001132 seconds
[2021-12-31T02:49:07.760+0000][1][safepoint    ] Application time: 0.5656214 seconds
[2021-12-31T02:49:07.761+0000][1][safepoint    ] Entering safepoint region: GenCollectForAllocation
[2021-12-31T02:49:07.761+0000][1][gc,start     ] GC(33) Pause Young (Allocation Failure)
[2021-12-31T02:49:07.761+0000][1][gc,task      ] GC(33) Using 1 workers of 1 for evacuation
[2021-12-31T02:49:07.869+0000][1][gc,age       ] GC(33) Desired survivor size 4358144 bytes, new threshold 6 (max threshold 6)
[2021-12-31T02:49:07.869+0000][1][gc,age       ] GC(33) Age table with threshold 6 (max threshold 6)
[2021-12-31T02:49:07.869+0000][1][gc,age       ] GC(33) - age   1:     204376 bytes,     204376 total
[2021-12-31T02:49:07.869+0000][1][gc,heap      ] GC(33) ParNew: 76672K->7293K(76672K)
[2021-12-31T02:49:07.869+0000][1][gc,heap      ] GC(33) CMS: 120020K->127562K(439104K)
[2021-12-31T02:49:07.870+0000][1][gc,metaspace ] GC(33) Metaspace: 73209K->73209K(1116160K)
[2021-12-31T02:49:07.870+0000][1][gc           ] GC(33) Pause Young (Allocation Failure) 192M->131M(503M) 108.673ms
[2021-12-31T02:49:07.870+0000][1][gc,cpu       ] GC(33) User=0.04s Sys=0.01s Real=0.12s
[2021-12-31T02:49:07.870+0000][1][safepoint    ] Leaving safepoint region
[2021-12-31T02:49:07.870+0000][1][safepoint    ] Total time for which application threads were stopped: 0.1092836 seconds, Stopping threads took: 0.0001871 seconds
[2021-12-31T02:49:08.872+0000][1][safepoint    ] Application time: 1.0019155 seconds
[2021-12-31T02:49:08.872+0000][1][safepoint    ] Entering safepoint region: Cleanup
[2021-12-31T02:49:08.873+0000][1][safepoint    ] Leaving safepoint region
[2021-12-31T02:49:08.873+0000][1][safepoint    ] Total time for which application threads were stopped: 0.0004449 seconds, Stopping threads took: 0.0001907 seconds
[2021-12-31T02:49:09.874+0000][1][safepoint    ] Application time: 1.0005921 seconds
[2021-12-31T02:49:09.874+0000][1][safepoint    ] Entering safepoint region: Cleanup
[2021-12-31T02:49:09.874+0000][1][safepoint    ] Leaving safepoint region
[2021-12-31T02:49:09.874+0000][1][safepoint    ] Total time for which application threads were stopped: 0.0003169 seconds, Stopping threads took: 0.0001473 seconds
[2021-12-31T02:49:10.876+0000][1][safepoint    ] Application time: 1.0018138 seconds
[2021-12-31T02:49:10.877+0000][1][safepoint    ] Entering safepoint region: Cleanup
[2021-12-31T02:49:10.877+0000][1][safepoint    ] Leaving safepoint region
[2021-12-31T02:49:10.877+0000][1][safepoint    ] Total time for which application threads were stopped: 0.0003104 seconds, Stopping threads took: 0.0001353 seconds
[2021-12-31T02:49:11.877+0000][1][safepoint    ] Application time: 1.0004323 seconds
[2021-12-31T02:49:11.878+0000][1][safepoint    ] Entering safepoint region: Cleanup
[2021-12-31T02:49:11.878+0000][1][safepoint    ] Leaving safepoint region
[2021-12-31T02:49:11.878+0000][1][safepoint    ] Total time for which application threads were stopped: 0.0002592 seconds, Stopping threads took: 0.0001197 seconds
[2021-12-31T02:49:12.881+0000][1][safepoint    ] Application time: 1.0029527 seconds
[2021-12-31T02:49:12.886+0000][1][safepoint    ] Entering safepoint region: Cleanup
[2021-12-31T02:49:12.887+0000][1][safepoint    ] Leaving safepoint region
[2021-12-31T02:49:12.887+0000][1][safepoint    ] Total time for which application threads were stopped: 0.0013339 seconds, Stopping threads took: 0.0010939 seconds
[2021-12-31T02:49:13.889+0000][1][safepoint    ] Application time: 1.0015897 seconds
[2021-12-31T02:49:13.889+0000][1][safepoint    ] Entering safepoint region: Cleanup
[2021-12-31T02:49:13.890+0000][1][safepoint    ] Leaving safepoint region
[2021-12-31T02:49:13.890+0000][1][safepoint    ] Total time for which application threads were stopped: 0.0004480 seconds, Stopping threads took: 0.0001819 seconds
[2021-12-31T02:49:14.892+0000][1][safepoint    ] Application time: 1.0019087 seconds
[2021-12-31T02:49:14.892+0000][1][safepoint    ] Entering safepoint region: Cleanup
[2021-12-31T02:49:14.892+0000][1][safepoint    ] Leaving safepoint region
[2021-12-31T02:49:14.893+0000][1][safepoint    ] Total time for which application threads were stopped: 0.0004501 seconds, Stopping threads took: 0.0001990 seconds
[2021-12-31T02:49:15.895+0000][1][safepoint    ] Application time: 1.0023421 seconds
[2021-12-31T02:49:15.895+0000][1][safepoint    ] Entering safepoint region: Cleanup
[2021-12-31T02:49:15.896+0000][1][safepoint    ] Leaving safepoint region
[2021-12-31T02:49:15.896+0000][1][safepoint    ] Total time for which application threads were stopped: 0.0004827 seconds, Stopping threads took: 0.0002025 seconds
[2021-12-31T02:49:16.900+0000][1][safepoint    ] Application time: 1.0034214 seconds
[2021-12-31T02:49:16.900+0000][1][safepoint    ] Entering safepoint region: Cleanup
[2021-12-31T02:49:16.900+0000][1][safepoint    ] Leaving safepoint region
[2021-12-31T02:49:16.900+0000][1][safepoint    ] Total time for which application threads were stopped: 0.0003456 seconds, Stopping threads took: 0.0001505 seconds
[2021-12-31T02:49:17.052+0000][1][safepoint    ] Application time: 0.1517278 seconds
[2021-12-31T02:49:17.052+0000][1][safepoint    ] Entering safepoint region: RevokeBias
[2021-12-31T02:49:17.052+0000][1][safepoint    ] Leaving safepoint region
[2021-12-31T02:49:17.053+0000][1][safepoint    ] Total time for which application threads were stopped: 0.0002956 seconds, Stopping threads took: 0.0001247 seconds
[2021-12-31T02:49:18.055+0000][1][safepoint    ] Application time: 1.0024955 seconds
[2021-12-31T02:49:18.055+0000][1][safepoint    ] Entering safepoint region: Cleanup
[2021-12-31T02:49:18.056+0000][1][safepoint    ] Leaving safepoint region
[2021-12-31T02:49:18.056+0000][1][safepoint    ] Total time for which application threads were stopped: 0.0005039 seconds, Stopping threads took: 0.0001974 seconds
[2021-12-31T02:49:19.057+0000][1][safepoint    ] Application time: 1.0008767 seconds
[2021-12-31T02:49:19.057+0000][1][safepoint    ] Entering safepoint region: Cleanup
[2021-12-31T02:49:19.057+0000][1][safepoint    ] Leaving safepoint region
[2021-12-31T02:49:19.057+0000][1][safepoint    ] Total time for which application threads were stopped: 0.0002925 seconds, Stopping threads took: 0.0001115 seconds
[2021-12-31T02:49:20.073+0000][1][safepoint    ] Application time: 1.0155830 seconds
[2021-12-31T02:49:20.073+0000][1][safepoint    ] Entering safepoint region: Cleanup
[2021-12-31T02:49:20.074+0000][1][safepoint    ] Leaving safepoint region
[2021-12-31T02:49:20.074+0000][1][safepoint    ] Total time for which application threads were stopped: 0.0004444 seconds, Stopping threads took: 0.0002007 seconds
[2021-12-31T02:49:21.076+0000][1][safepoint    ] Application time: 1.0024346 seconds
[2021-12-31T02:49:21.077+0000][1][safepoint    ] Entering safepoint region: Cleanup
[2021-12-31T02:49:21.077+0000][1][safepoint    ] Leaving safepoint region
[2021-12-31T02:49:21.077+0000][1][safepoint    ] Total time for which application threads were stopped: 0.0002578 seconds, Stopping threads took: 0.0001192 seconds
[2021-12-31T02:49:22.088+0000][1][safepoint    ] Application time: 1.0111497 seconds
[2021-12-31T02:49:22.088+0000][1][safepoint    ] Entering safepoint region: Cleanup
[2021-12-31T02:49:22.089+0000][1][safepoint    ] Leaving safepoint region
[2021-12-31T02:49:22.089+0000][1][safepoint    ] Total time for which application threads were stopped: 0.0002763 seconds, Stopping threads took: 0.0001229 seconds
[2021-12-31T02:49:23.089+0000][1][safepoint    ] Application time: 1.0004167 seconds
[2021-12-31T02:49:23.090+0000][1][safepoint    ] Entering safepoint region: Cleanup
[2021-12-31T02:49:23.090+0000][1][safepoint    ] Leaving safepoint region
[2021-12-31T02:49:23.090+0000][1][safepoint    ] Total time for which application threads were stopped: 0.0005757 seconds, Stopping threads took: 0.0002137 seconds
[2021-12-31T02:49:24.093+0000][1][safepoint    ] Application time: 1.0028553 seconds
[2021-12-31T02:49:24.094+0000][1][safepoint    ] Entering safepoint region: Cleanup
[2021-12-31T02:49:24.094+0000][1][safepoint    ] Leaving safepoint region
[2021-12-31T02:49:24.094+0000][1][safepoint    ] Total time for which application threads were stopped: 0.0006356 seconds, Stopping threads took: 0.0002807 seconds
[2021-12-31T02:49:25.098+0000][1][safepoint    ] Application time: 1.0030305 seconds
[2021-12-31T02:49:25.098+0000][1][safepoint    ] Entering safepoint region: Cleanup
[2021-12-31T02:49:25.098+0000][1][safepoint    ] Leaving safepoint region
[2021-12-31T02:49:25.098+0000][1][safepoint    ] Total time for which application threads were stopped: 0.0002839 seconds, Stopping threads took: 0.0001173 seconds
[2021-12-31T02:49:26.100+0000][1][safepoint    ] Application time: 1.0017181 seconds
[2021-12-31T02:49:26.100+0000][1][safepoint    ] Entering safepoint region: Cleanup
[2021-12-31T02:49:26.100+0000][1][safepoint    ] Leaving safepoint region
[2021-12-31T02:49:26.100+0000][1][safepoint    ] Total time for which application threads were stopped: 0.0002386 seconds, Stopping threads took: 0.0001029 seconds
[2021-12-31T02:49:27.102+0000][1][safepoint    ] Application time: 1.0017314 seconds
[2021-12-31T02:49:27.102+0000][1][safepoint    ] Entering safepoint region: Cleanup
[2021-12-31T02:49:27.103+0000][1][safepoint    ] Leaving safepoint region
[2021-12-31T02:49:27.103+0000][1][safepoint    ] Total time for which application threads were stopped: 0.0002386 seconds, Stopping threads took: 0.0001035 seconds
[2021-12-31T02:49:28.106+0000][1][safepoint    ] Application time: 1.0036072 seconds
[2021-12-31T02:49:28.107+0000][1][safepoint    ] Entering safepoint region: Cleanup
[2021-12-31T02:49:28.107+0000][1][safepoint    ] Leaving safepoint region
[2021-12-31T02:49:28.107+0000][1][safepoint    ] Total time for which application threads were stopped: 0.0002271 seconds, Stopping threads took: 0.0001033 seconds
[2021-12-31T02:49:29.111+0000][1][safepoint    ] Application time: 1.0043625 seconds
[2021-12-31T02:49:29.112+0000][1][safepoint    ] Entering safepoint region: Cleanup
[2021-12-31T02:49:29.112+0000][1][safepoint    ] Leaving safepoint region
[2021-12-31T02:49:29.112+0000][1][safepoint    ] Total time for which application threads were stopped: 0.0007302 seconds, Stopping threads took: 0.0003325 seconds
[2021-12-31T02:49:30.116+0000][1][safepoint    ] Application time: 1.0035919 seconds
[2021-12-31T02:49:30.117+0000][1][safepoint    ] Entering safepoint region: Cleanup
[2021-12-31T02:49:30.117+0000][1][safepoint    ] Leaving safepoint region
[2021-12-31T02:49:30.117+0000][1][safepoint    ] Total time for which application threads were stopped: 0.0006059 seconds, Stopping threads took: 0.0002713 seconds
[2021-12-31T02:49:31.601+0000][1][safepoint    ] Application time: 1.4833672 seconds
[2021-12-31T02:49:31.601+0000][1][safepoint    ] Entering safepoint region: Cleanup
[2021-12-31T02:49:31.602+0000][1][safepoint    ] Leaving safepoint region
[2021-12-31T02:49:31.602+0000][1][safepoint    ] Total time for which application threads were stopped: 0.0002859 seconds, Stopping threads took: 0.0001183 seconds
[2021-12-31T02:49:32.605+0000][1][safepoint    ] Application time: 1.0031726 seconds
[2021-12-31T02:49:32.605+0000][1][safepoint    ] Entering safepoint region: Cleanup
[2021-12-31T02:49:32.605+0000][1][safepoint    ] Leaving safepoint region
[2021-12-31T02:49:32.605+0000][1][safepoint    ] Total time for which application threads were stopped: 0.0002078 seconds, Stopping threads took: 0.0000897 seconds
[2021-12-31T02:49:33.607+0000][1][safepoint    ] Application time: 1.0012083 seconds
[2021-12-31T02:49:33.607+0000][1][safepoint    ] Entering safepoint region: Cleanup
[2021-12-31T02:49:33.607+0000][1][safepoint    ] Leaving safepoint region
[2021-12-31T02:49:33.607+0000][1][safepoint    ] Total time for which application threads were stopped: 0.0002417 seconds, Stopping threads took: 0.0001074 seconds
[2021-12-31T02:49:34.608+0000][1][safepoint    ] Application time: 1.0002383 seconds
[2021-12-31T02:49:34.608+0000][1][safepoint    ] Entering safepoint region: Cleanup
[2021-12-31T02:49:34.608+0000][1][safepoint    ] Leaving safepoint region
[2021-12-31T02:49:34.608+0000][1][safepoint    ] Total time for which application threads were stopped: 0.0002367 seconds, Stopping threads took: 0.0000997 seconds
[2021-12-31T02:49:35.611+0000][1][safepoint    ] Application time: 1.0024609 seconds
[2021-12-31T02:49:35.611+0000][1][safepoint    ] Entering safepoint region: Cleanup
[2021-12-31T02:49:35.611+0000][1][safepoint    ] Leaving safepoint region
[2021-12-31T02:49:35.611+0000][1][safepoint    ] Total time for which application threads were stopped: 0.0002244 seconds, Stopping threads took: 0.0000963 seconds
[2021-12-31T02:49:36.611+0000][1][safepoint    ] Application time: 1.0001391 seconds
[2021-12-31T02:49:36.611+0000][1][safepoint    ] Entering safepoint region: Cleanup
[2021-12-31T02:49:36.612+0000][1][safepoint    ] Leaving safepoint region
[2021-12-31T02:49:36.612+0000][1][safepoint    ] Total time for which application threads were stopped: 0.0002383 seconds, Stopping threads took: 0.0001032 seconds
[2021-12-31T02:49:37.614+0000][1][safepoint    ] Application time: 1.0023280 seconds
[2021-12-31T02:49:37.614+0000][1][safepoint    ] Entering safepoint region: Cleanup
[2021-12-31T02:49:37.615+0000][1][safepoint    ] Leaving safepoint region
[2021-12-31T02:49:37.615+0000][1][safepoint    ] Total time for which application threads were stopped: 0.0005242 seconds, Stopping threads took: 0.0002184 seconds
[2021-12-31T02:49:38.618+0000][1][safepoint    ] Application time: 1.0027161 seconds
[2021-12-31T02:49:38.618+0000][1][safepoint    ] Entering safepoint region: Cleanup
[2021-12-31T02:49:38.619+0000][1][safepoint    ] Leaving safepoint region
[2021-12-31T02:49:38.619+0000][1][safepoint    ] Total time for which application threads were stopped: 0.0006002 seconds, Stopping threads took: 0.0001927 seconds
[2021-12-31T02:49:39.622+0000][1][safepoint    ] Application time: 1.0026975 seconds
[2021-12-31T02:49:39.622+0000][1][safepoint    ] Entering safepoint region: Cleanup
[2021-12-31T02:49:39.622+0000][1][safepoint    ] Leaving safepoint region
[2021-12-31T02:49:39.622+0000][1][safepoint    ] Total time for which application threads were stopped: 0.0002185 seconds, Stopping threads took: 0.0000983 seconds
[2021-12-31T02:49:40.624+0000][1][safepoint    ] Application time: 1.0018710 seconds
[2021-12-31T02:49:40.625+0000][1][safepoint    ] Entering safepoint region: Cleanup
[2021-12-31T02:49:40.625+0000][1][safepoint    ] Leaving safepoint region
[2021-12-31T02:49:40.625+0000][1][safepoint    ] Total time for which application threads were stopped: 0.0002444 seconds, Stopping threads took: 0.0001096 seconds
[2021-12-31T02:49:41.632+0000][1][safepoint    ] Application time: 1.0068912 seconds
[2021-12-31T02:49:41.632+0000][1][safepoint    ] Entering safepoint region: Cleanup
[2021-12-31T02:49:41.632+0000][1][safepoint    ] Leaving safepoint region
[2021-12-31T02:49:41.633+0000][1][safepoint    ] Total time for which application threads were stopped: 0.0004621 seconds, Stopping threads took: 0.0001979 seconds
[2021-12-31T02:49:42.641+0000][1][safepoint    ] Application time: 1.0077526 seconds
[2021-12-31T02:49:42.641+0000][1][safepoint    ] Entering safepoint region: Cleanup
[2021-12-31T02:49:42.641+0000][1][safepoint    ] Leaving safepoint region
[2021-12-31T02:49:42.641+0000][1][safepoint    ] Total time for which application threads were stopped: 0.0003105 seconds, Stopping threads took: 0.0000983 seconds
[2021-12-31T02:49:43.646+0000][1][safepoint    ] Application time: 1.0044210 seconds
[2021-12-31T02:49:43.646+0000][1][safepoint    ] Entering safepoint region: Cleanup
[2021-12-31T02:49:43.647+0000][1][safepoint    ] Leaving safepoint region
[2021-12-31T02:49:43.647+0000][1][safepoint    ] Total time for which application threads were stopped: 0.0002791 seconds, Stopping threads took: 0.0001283 seconds
[2021-12-31T02:49:44.648+0000][1][safepoint    ] Application time: 1.0015027 seconds
[2021-12-31T02:49:44.649+0000][1][safepoint    ] Entering safepoint region: Cleanup
[2021-12-31T02:49:44.649+0000][1][safepoint    ] Leaving safepoint region
[2021-12-31T02:49:44.649+0000][1][safepoint    ] Total time for which application threads were stopped: 0.0002301 seconds, Stopping threads took: 0.0001005 seconds
[2021-12-31T02:49:45.652+0000][1][safepoint    ] Application time: 1.0026784 seconds
[2021-12-31T02:49:45.652+0000][1][safepoint    ] Entering safepoint region: Cleanup
[2021-12-31T02:49:45.652+0000][1][safepoint    ] Leaving safepoint region
[2021-12-31T02:49:45.652+0000][1][safepoint    ] Total time for which application threads were stopped: 0.0002340 seconds, Stopping threads took: 0.0001036 seconds
[2021-12-31T02:49:46.653+0000][1][safepoint    ] Application time: 1.0012017 seconds
[2021-12-31T02:49:46.654+0000][1][safepoint    ] Entering safepoint region: Cleanup
[2021-12-31T02:49:46.654+0000][1][safepoint    ] Leaving safepoint region
[2021-12-31T02:49:46.654+0000][1][safepoint    ] Total time for which application threads were stopped: 0.0003204 seconds, Stopping threads took: 0.0001406 seconds
[2021-12-31T02:49:47.656+0000][1][safepoint    ] Application time: 1.0021042 seconds
[2021-12-31T02:49:47.657+0000][1][safepoint    ] Entering safepoint region: Cleanup
[2021-12-31T02:49:47.657+0000][1][safepoint    ] Leaving safepoint region
[2021-12-31T02:49:47.657+0000][1][safepoint    ] Total time for which application threads were stopped: 0.0002834 seconds, Stopping threads took: 0.0001055 seconds
[2021-12-31T02:49:48.659+0000][1][safepoint    ] Application time: 1.0017514 seconds
[2021-12-31T02:49:48.660+0000][1][safepoint    ] Entering safepoint region: Cleanup
[2021-12-31T02:49:48.660+0000][1][safepoint    ] Leaving safepoint region
[2021-12-31T02:49:48.660+0000][1][safepoint    ] Total time for which application threads were stopped: 0.0002549 seconds, Stopping threads took: 0.0001192 seconds
[2021-12-31T02:49:49.664+0000][1][safepoint    ] Application time: 1.0036828 seconds
[2021-12-31T02:49:49.665+0000][1][safepoint    ] Entering safepoint region: Cleanup
[2021-12-31T02:49:49.665+0000][1][safepoint    ] Leaving safepoint region
[2021-12-31T02:49:49.665+0000][1][safepoint    ] Total time for which application threads were stopped: 0.0007038 seconds, Stopping threads took: 0.0003368 seconds
[2021-12-31T02:49:50.669+0000][1][safepoint    ] Application time: 1.0035136 seconds
[2021-12-31T02:49:50.669+0000][1][safepoint    ] Entering safepoint region: Cleanup
[2021-12-31T02:49:50.669+0000][1][safepoint    ] Leaving safepoint region
[2021-12-31T02:49:50.669+0000][1][safepoint    ] Total time for which application threads were stopped: 0.0002140 seconds, Stopping threads took: 0.0000897 seconds
[2021-12-31T02:49:51.674+0000][1][safepoint    ] Application time: 1.0046051 seconds
[2021-12-31T02:49:51.674+0000][1][safepoint    ] Entering safepoint region: Cleanup
[2021-12-31T02:49:51.675+0000][1][safepoint    ] Leaving safepoint region
[2021-12-31T02:49:51.675+0000][1][safepoint    ] Total time for which application threads were stopped: 0.0003012 seconds, Stopping threads took: 0.0001349 seconds
[2021-12-31T02:49:52.675+0000][1][safepoint    ] Application time: 1.0006353 seconds
[2021-12-31T02:49:52.676+0000][1][safepoint    ] Entering safepoint region: Cleanup
[2021-12-31T02:49:52.676+0000][1][safepoint    ] Leaving safepoint region
[2021-12-31T02:49:52.676+0000][1][safepoint    ] Total time for which application threads were stopped: 0.0002446 seconds, Stopping threads took: 0.0001069 seconds
[2021-12-31T02:49:53.678+0000][1][safepoint    ] Application time: 1.0018689 seconds
[2021-12-31T02:49:53.678+0000][1][safepoint    ] Entering safepoint region: Cleanup
[2021-12-31T02:49:53.678+0000][1][safepoint    ] Leaving safepoint region
[2021-12-31T02:49:53.678+0000][1][safepoint    ] Total time for which application threads were stopped: 0.0002950 seconds, Stopping threads took: 0.0001015 seconds
[2021-12-31T02:49:54.680+0000][1][safepoint    ] Application time: 1.0013179 seconds
[2021-12-31T02:49:54.680+0000][1][safepoint    ] Entering safepoint region: Cleanup
[2021-12-31T02:49:54.680+0000][1][safepoint    ] Leaving safepoint region
[2021-12-31T02:49:54.680+0000][1][safepoint    ] Total time for which application threads were stopped: 0.0002440 seconds, Stopping threads took: 0.0001092 seconds
[2021-12-31T02:49:55.683+0000][1][safepoint    ] Application time: 1.0024613 seconds
[2021-12-31T02:49:55.683+0000][1][safepoint    ] Entering safepoint region: Cleanup
[2021-12-31T02:49:55.683+0000][1][safepoint    ] Leaving safepoint region
[2021-12-31T02:49:55.684+0000][1][safepoint    ] Total time for which application threads were stopped: 0.0004103 seconds, Stopping threads took: 0.0001711 seconds
[2021-12-31T02:49:57.325+0000][1][safepoint    ] Application time: 1.6414932 seconds
[2021-12-31T02:49:57.326+0000][1][safepoint    ] Entering safepoint region: Cleanup
[2021-12-31T02:49:57.326+0000][1][safepoint    ] Leaving safepoint region
[2021-12-31T02:49:57.326+0000][1][safepoint    ] Total time for which application threads were stopped: 0.0004819 seconds, Stopping threads took: 0.0001829 seconds
[2021-12-31T02:49:58.330+0000][1][safepoint    ] Application time: 1.0034125 seconds
[2021-12-31T02:49:58.330+0000][1][safepoint    ] Entering safepoint region: Cleanup
[2021-12-31T02:49:58.330+0000][1][safepoint    ] Leaving safepoint region
[2021-12-31T02:49:58.330+0000][1][safepoint    ] Total time for which application threads were stopped: 0.0002672 seconds, Stopping threads took: 0.0001150 seconds
[2021-12-31T02:49:59.331+0000][1][safepoint    ] Application time: 1.0004915 seconds
[2021-12-31T02:49:59.331+0000][1][safepoint    ] Entering safepoint region: Cleanup
[2021-12-31T02:49:59.331+0000][1][safepoint    ] Leaving safepoint region
[2021-12-31T02:49:59.331+0000][1][safepoint    ] Total time for which application threads were stopped: 0.0002650 seconds, Stopping threads took: 0.0001232 seconds
[2021-12-31T02:50:00.331+0000][1][safepoint    ] Application time: 1.0001515 seconds
[2021-12-31T02:50:00.332+0000][1][safepoint    ] Entering safepoint region: Cleanup
[2021-12-31T02:50:00.332+0000][1][safepoint    ] Leaving safepoint region
[2021-12-31T02:50:00.332+0000][1][safepoint    ] Total time for which application threads were stopped: 0.0002654 seconds, Stopping threads took: 0.0001107 seconds
[2021-12-31T02:50:01.338+0000][1][safepoint    ] Application time: 1.0054664 seconds
[2021-12-31T02:50:01.339+0000][1][safepoint    ] Entering safepoint region: Cleanup
[2021-12-31T02:50:01.344+0000][1][safepoint    ] Leaving safepoint region
[2021-12-31T02:50:01.348+0000][1][safepoint    ] Total time for which application threads were stopped: 0.0087583 seconds, Stopping threads took: 0.0054504 seconds
[2021-12-31T02:50:02.351+0000][1][safepoint    ] Application time: 1.0018089 seconds
[2021-12-31T02:50:02.352+0000][1][safepoint    ] Entering safepoint region: Cleanup
[2021-12-31T02:50:02.352+0000][1][safepoint    ] Leaving safepoint region
[2021-12-31T02:50:02.352+0000][1][safepoint    ] Total time for which application threads were stopped: 0.0002440 seconds, Stopping threads took: 0.0001051 seconds
[2021-12-31T02:50:03.354+0000][1][safepoint    ] Application time: 1.0019988 seconds
[2021-12-31T02:50:03.354+0000][1][safepoint    ] Entering safepoint region: Cleanup
[2021-12-31T02:50:03.354+0000][1][safepoint    ] Leaving safepoint region
[2021-12-31T02:50:03.355+0000][1][safepoint    ] Total time for which application threads were stopped: 0.0002973 seconds, Stopping threads took: 0.0001189 seconds
[2021-12-31T02:50:04.355+0000][1][safepoint    ] Application time: 1.0002078 seconds
[2021-12-31T02:50:04.355+0000][1][safepoint    ] Entering safepoint region: Cleanup
[2021-12-31T02:50:04.355+0000][1][safepoint    ] Leaving safepoint region
[2021-12-31T02:50:04.355+0000][1][safepoint    ] Total time for which application threads were stopped: 0.0002363 seconds, Stopping threads took: 0.0001019 seconds
[2021-12-31T02:50:05.357+0000][1][safepoint    ] Application time: 1.0019607 seconds
[2021-12-31T02:50:05.358+0000][1][safepoint    ] Entering safepoint region: Cleanup
[2021-12-31T02:50:05.358+0000][1][safepoint    ] Leaving safepoint region
[2021-12-31T02:50:05.358+0000][1][safepoint    ] Total time for which application threads were stopped: 0.0002356 seconds, Stopping threads took: 0.0001045 seconds
[2021-12-31T02:50:06.360+0000][1][safepoint    ] Application time: 1.0023346 seconds
[2021-12-31T02:50:06.361+0000][1][safepoint    ] Entering safepoint region: Cleanup
[2021-12-31T02:50:06.361+0000][1][safepoint    ] Leaving safepoint region
[2021-12-31T02:50:06.361+0000][1][safepoint    ] Total time for which application threads were stopped: 0.0003054 seconds, Stopping threads took: 0.0001350 seconds
[2021-12-31T02:50:07.361+0000][1][safepoint    ] Application time: 1.0002325 seconds
[2021-12-31T02:50:07.362+0000][1][safepoint    ] Entering safepoint region: Cleanup
[2021-12-31T02:50:07.362+0000][1][safepoint    ] Leaving safepoint region
[2021-12-31T02:50:07.362+0000][1][safepoint    ] Total time for which application threads were stopped: 0.0003101 seconds, Stopping threads took: 0.0001377 seconds
[2021-12-31T02:50:08.362+0000][1][safepoint    ] Application time: 1.0003942 seconds
[2021-12-31T02:50:08.363+0000][1][safepoint    ] Entering safepoint region: Cleanup
[2021-12-31T02:50:08.363+0000][1][safepoint    ] Leaving safepoint region
[2021-12-31T02:50:08.363+0000][1][safepoint    ] Total time for which application threads were stopped: 0.0002612 seconds, Stopping threads took: 0.0001273 seconds
[2021-12-31T02:50:09.363+0000][1][safepoint    ] Application time: 1.0002169 seconds
[2021-12-31T02:50:09.364+0000][1][safepoint    ] Entering safepoint region: Cleanup
[2021-12-31T02:50:09.364+0000][1][safepoint    ] Leaving safepoint region
[2021-12-31T02:50:09.364+0000][1][safepoint    ] Total time for which application threads were stopped: 0.0002639 seconds, Stopping threads took: 0.0001076 seconds
[2021-12-31T02:50:10.366+0000][1][safepoint    ] Application time: 1.0015595 seconds
[2021-12-31T02:50:10.366+0000][1][safepoint    ] Entering safepoint region: Cleanup
[2021-12-31T02:50:10.366+0000][1][safepoint    ] Leaving safepoint region
[2021-12-31T02:50:10.366+0000][1][safepoint    ] Total time for which application threads were stopped: 0.0004084 seconds, Stopping threads took: 0.0002595 seconds
[2021-12-31T02:50:11.367+0000][1][safepoint    ] Application time: 1.0009463 seconds
[2021-12-31T02:50:11.368+0000][1][safepoint    ] Entering safepoint region: Cleanup
[2021-12-31T02:50:11.368+0000][1][safepoint    ] Leaving safepoint region
[2021-12-31T02:50:11.368+0000][1][safepoint    ] Total time for which application threads were stopped: 0.0002490 seconds, Stopping threads took: 0.0001116 seconds
[2021-12-31T02:50:12.370+0000][1][safepoint    ] Application time: 1.0014495 seconds
[2021-12-31T02:50:12.370+0000][1][safepoint    ] Entering safepoint region: Cleanup
[2021-12-31T02:50:12.370+0000][1][safepoint    ] Leaving safepoint region
[2021-12-31T02:50:12.370+0000][1][safepoint    ] Total time for which application threads were stopped: 0.0003639 seconds, Stopping threads took: 0.0001504 seconds
[2021-12-31T02:50:13.954+0000][1][safepoint    ] Application time: 1.5835723 seconds
[2021-12-31T02:50:13.954+0000][1][safepoint    ] Entering safepoint region: Cleanup
[2021-12-31T02:50:13.954+0000][1][safepoint    ] Leaving safepoint region
[2021-12-31T02:50:13.955+0000][1][safepoint    ] Total time for which application threads were stopped: 0.0004147 seconds, Stopping threads took: 0.0001141 seconds
[2021-12-31T02:50:14.957+0000][1][safepoint    ] Application time: 1.0018850 seconds
[2021-12-31T02:50:14.957+0000][1][safepoint    ] Entering safepoint region: Cleanup
[2021-12-31T02:50:14.957+0000][1][safepoint    ] Leaving safepoint region
[2021-12-31T02:50:14.957+0000][1][safepoint    ] Total time for which application threads were stopped: 0.0002465 seconds, Stopping threads took: 0.0000997 seconds
[2021-12-31T02:50:15.959+0000][1][safepoint    ] Application time: 1.0013933 seconds
[2021-12-31T02:50:15.959+0000][1][safepoint    ] Entering safepoint region: Cleanup
[2021-12-31T02:50:15.959+0000][1][safepoint    ] Leaving safepoint region
[2021-12-31T02:50:15.959+0000][1][safepoint    ] Total time for which application threads were stopped: 0.0002341 seconds, Stopping threads took: 0.0000993 seconds
[2021-12-31T02:50:16.960+0000][1][safepoint    ] Application time: 1.0012790 seconds
[2021-12-31T02:50:16.961+0000][1][safepoint    ] Entering safepoint region: Cleanup
[2021-12-31T02:50:16.961+0000][1][safepoint    ] Leaving safepoint region
[2021-12-31T02:50:16.961+0000][1][safepoint    ] Total time for which application threads were stopped: 0.0002508 seconds, Stopping threads took: 0.0001066 seconds
[2021-12-31T02:50:17.067+0000][1][safepoint    ] Application time: 0.1061949 seconds
[2021-12-31T02:50:17.067+0000][1][safepoint    ] Entering safepoint region: BulkRevokeBias
[2021-12-31T02:50:17.068+0000][1][safepoint    ] Leaving safepoint region
[2021-12-31T02:50:17.068+0000][1][safepoint    ] Total time for which application threads were stopped: 0.0005462 seconds, Stopping threads took: 0.0001778 seconds
[2021-12-31T02:50:18.070+0000][1][safepoint    ] Application time: 1.0018098 seconds
[2021-12-31T02:50:18.071+0000][1][safepoint    ] Entering safepoint region: Cleanup
[2021-12-31T02:50:18.071+0000][1][safepoint    ] Leaving safepoint region
[2021-12-31T02:50:18.071+0000][1][safepoint    ] Total time for which application threads were stopped: 0.0003537 seconds, Stopping threads took: 0.0001640 seconds
[2021-12-31T02:50:19.073+0000][1][safepoint    ] Application time: 1.0021987 seconds
[2021-12-31T02:50:19.073+0000][1][safepoint    ] Entering safepoint region: Cleanup
[2021-12-31T02:50:19.074+0000][1][safepoint    ] Leaving safepoint region
[2021-12-31T02:50:19.074+0000][1][safepoint    ] Total time for which application threads were stopped: 0.0004002 seconds, Stopping threads took: 0.0001798 seconds
[2021-12-31T02:50:20.076+0000][1][safepoint    ] Application time: 1.0023592 seconds
[2021-12-31T02:50:20.077+0000][1][safepoint    ] Entering safepoint region: Cleanup
[2021-12-31T02:50:20.077+0000][1][safepoint    ] Leaving safepoint region
[2021-12-31T02:50:20.077+0000][1][safepoint    ] Total time for which application threads were stopped: 0.0002955 seconds, Stopping threads took: 0.0001219 seconds
[2021-12-31T02:50:21.078+0000][1][safepoint    ] Application time: 1.0010684 seconds
[2021-12-31T02:50:21.078+0000][1][safepoint    ] Entering safepoint region: Cleanup
[2021-12-31T02:50:21.079+0000][1][safepoint    ] Leaving safepoint region
[2021-12-31T02:50:21.079+0000][1][safepoint    ] Total time for which application threads were stopped: 0.0003327 seconds, Stopping threads took: 0.0001568 seconds
[2021-12-31T02:50:22.079+0000][1][safepoint    ] Application time: 1.0005101 seconds
[2021-12-31T02:50:22.079+0000][1][safepoint    ] Entering safepoint region: Cleanup
[2021-12-31T02:50:22.080+0000][1][safepoint    ] Leaving safepoint region
[2021-12-31T02:50:22.080+0000][1][safepoint    ] Total time for which application threads were stopped: 0.0002335 seconds, Stopping threads took: 0.0001006 seconds
[2021-12-31T02:50:23.083+0000][1][safepoint    ] Application time: 1.0031700 seconds
[2021-12-31T02:50:23.083+0000][1][safepoint    ] Entering safepoint region: Cleanup
[2021-12-31T02:50:23.083+0000][1][safepoint    ] Leaving safepoint region
[2021-12-31T02:50:23.083+0000][1][safepoint    ] Total time for which application threads were stopped: 0.0002380 seconds, Stopping threads took: 0.0001045 seconds
[2021-12-31T02:50:24.086+0000][1][safepoint    ] Application time: 1.0023975 seconds
[2021-12-31T02:50:24.086+0000][1][safepoint    ] Entering safepoint region: Cleanup
[2021-12-31T02:50:24.086+0000][1][safepoint    ] Leaving safepoint region
[2021-12-31T02:50:24.086+0000][1][safepoint    ] Total time for which application threads were stopped: 0.0002989 seconds, Stopping threads took: 0.0001261 seconds
[2021-12-31T02:50:25.090+0000][1][safepoint    ] Application time: 1.0038686 seconds
[2021-12-31T02:50:25.091+0000][1][safepoint    ] Entering safepoint region: Cleanup
[2021-12-31T02:50:25.091+0000][1][safepoint    ] Leaving safepoint region
[2021-12-31T02:50:25.091+0000][1][safepoint    ] Total time for which application threads were stopped: 0.0002403 seconds, Stopping threads took: 0.0001046 seconds
[2021-12-31T02:50:26.094+0000][1][safepoint    ] Application time: 1.0030502 seconds
[2021-12-31T02:50:26.094+0000][1][safepoint    ] Entering safepoint region: Cleanup
[2021-12-31T02:50:26.094+0000][1][safepoint    ] Leaving safepoint region
[2021-12-31T02:50:26.094+0000][1][safepoint    ] Total time for which application threads were stopped: 0.0003400 seconds, Stopping threads took: 0.0001582 seconds
[2021-12-31T02:50:27.098+0000][1][safepoint    ] Application time: 1.0034860 seconds
[2021-12-31T02:50:27.098+0000][1][safepoint    ] Entering safepoint region: Cleanup
[2021-12-31T02:50:27.098+0000][1][safepoint    ] Leaving safepoint region
[2021-12-31T02:50:27.099+0000][1][safepoint    ] Total time for which application threads were stopped: 0.0002492 seconds, Stopping threads took: 0.0001045 seconds
[2021-12-31T02:50:28.100+0000][1][safepoint    ] Application time: 1.0009290 seconds
[2021-12-31T02:50:28.100+0000][1][safepoint    ] Entering safepoint region: Cleanup
[2021-12-31T02:50:28.100+0000][1][safepoint    ] Leaving safepoint region
[2021-12-31T02:50:28.100+0000][1][safepoint    ] Total time for which application threads were stopped: 0.0004839 seconds, Stopping threads took: 0.0002004 seconds
[2021-12-31T02:50:29.103+0000][1][safepoint    ] Application time: 1.0020668 seconds
[2021-12-31T02:50:29.103+0000][1][safepoint    ] Entering safepoint region: Cleanup
[2021-12-31T02:50:29.103+0000][1][safepoint    ] Leaving safepoint region
[2021-12-31T02:50:29.103+0000][1][safepoint    ] Total time for which application threads were stopped: 0.0005091 seconds, Stopping threads took: 0.0002391 seconds
[2021-12-31T02:50:30.106+0000][1][safepoint    ] Application time: 1.0019726 seconds
[2021-12-31T02:50:30.106+0000][1][safepoint    ] Entering safepoint region: Cleanup
[2021-12-31T02:50:30.106+0000][1][safepoint    ] Leaving safepoint region
[2021-12-31T02:50:30.106+0000][1][safepoint    ] Total time for which application threads were stopped: 0.0002573 seconds, Stopping threads took: 0.0001049 seconds
[2021-12-31T02:50:31.107+0000][1][safepoint    ] Application time: 1.0010267 seconds
[2021-12-31T02:50:31.107+0000][1][safepoint    ] Entering safepoint region: Cleanup
[2021-12-31T02:50:31.108+0000][1][safepoint    ] Leaving safepoint region
[2021-12-31T02:50:31.108+0000][1][safepoint    ] Total time for which application threads were stopped: 0.0002301 seconds, Stopping threads took: 0.0000980 seconds
[2021-12-31T02:50:32.110+0000][1][safepoint    ] Application time: 1.0021245 seconds
[2021-12-31T02:50:32.110+0000][1][safepoint    ] Entering safepoint region: Cleanup
[2021-12-31T02:50:32.110+0000][1][safepoint    ] Leaving safepoint region
[2021-12-31T02:50:32.110+0000][1][safepoint    ] Total time for which application threads were stopped: 0.0003262 seconds, Stopping threads took: 0.0001359 seconds
[2021-12-31T02:50:33.114+0000][1][safepoint    ] Application time: 1.0033276 seconds
[2021-12-31T02:50:33.114+0000][1][safepoint    ] Entering safepoint region: Cleanup
[2021-12-31T02:50:33.114+0000][1][safepoint    ] Leaving safepoint region
[2021-12-31T02:50:33.115+0000][1][safepoint    ] Total time for which application threads were stopped: 0.0002370 seconds, Stopping threads took: 0.0001012 seconds
[2021-12-31T02:50:34.118+0000][1][safepoint    ] Application time: 1.0033637 seconds
[2021-12-31T02:50:34.118+0000][1][safepoint    ] Entering safepoint region: Cleanup
[2021-12-31T02:50:34.118+0000][1][safepoint    ] Leaving safepoint region
[2021-12-31T02:50:34.118+0000][1][safepoint    ] Total time for which application threads were stopped: 0.0002355 seconds, Stopping threads took: 0.0001020 seconds
[2021-12-31T02:50:35.759+0000][1][safepoint    ] Application time: 1.6400981 seconds
[2021-12-31T02:50:35.759+0000][1][safepoint    ] Entering safepoint region: Cleanup
[2021-12-31T02:50:35.759+0000][1][safepoint    ] Leaving safepoint region
[2021-12-31T02:50:35.759+0000][1][safepoint    ] Total time for which application threads were stopped: 0.0002872 seconds, Stopping threads took: 0.0001013 seconds
[2021-12-31T02:50:36.760+0000][1][safepoint    ] Application time: 1.0012279 seconds
[2021-12-31T02:50:36.761+0000][1][safepoint    ] Entering safepoint region: Cleanup
[2021-12-31T02:50:36.761+0000][1][safepoint    ] Leaving safepoint region
[2021-12-31T02:50:36.761+0000][1][safepoint    ] Total time for which application threads were stopped: 0.0004328 seconds, Stopping threads took: 0.0001937 seconds
[2021-12-31T02:50:37.763+0000][1][safepoint    ] Application time: 1.0011968 seconds
[2021-12-31T02:50:37.763+0000][1][safepoint    ] Entering safepoint region: Cleanup
[2021-12-31T02:50:37.763+0000][1][safepoint    ] Leaving safepoint region
[2021-12-31T02:50:37.763+0000][1][safepoint    ] Total time for which application threads were stopped: 0.0002025 seconds, Stopping threads took: 0.0000860 seconds
[2021-12-31T02:50:38.764+0000][1][safepoint    ] Application time: 1.0010450 seconds
[2021-12-31T02:50:38.764+0000][1][safepoint    ] Entering safepoint region: Cleanup
[2021-12-31T02:50:38.764+0000][1][safepoint    ] Leaving safepoint region
[2021-12-31T02:50:38.765+0000][1][safepoint    ] Total time for which application threads were stopped: 0.0002383 seconds, Stopping threads took: 0.0001094 seconds
[2021-12-31T02:50:39.768+0000][1][safepoint    ] Application time: 1.0031642 seconds
[2021-12-31T02:50:39.768+0000][1][safepoint    ] Entering safepoint region: Cleanup
[2021-12-31T02:50:39.768+0000][1][safepoint    ] Leaving safepoint region
[2021-12-31T02:50:39.769+0000][1][safepoint    ] Total time for which application threads were stopped: 0.0002534 seconds, Stopping threads took: 0.0001034 seconds
[2021-12-31T02:50:40.769+0000][1][safepoint    ] Application time: 1.0003303 seconds
[2021-12-31T02:50:40.770+0000][1][safepoint    ] Entering safepoint region: Cleanup
[2021-12-31T02:50:40.770+0000][1][safepoint    ] Leaving safepoint region
[2021-12-31T02:50:40.770+0000][1][safepoint    ] Total time for which application threads were stopped: 0.0008347 seconds, Stopping threads took: 0.0002148 seconds
[2021-12-31T02:50:41.773+0000][1][safepoint    ] Application time: 1.0020856 seconds
[2021-12-31T02:50:41.773+0000][1][safepoint    ] Entering safepoint region: Cleanup
[2021-12-31T02:50:41.773+0000][1][safepoint    ] Leaving safepoint region
[2021-12-31T02:50:41.773+0000][1][safepoint    ] Total time for which application threads were stopped: 0.0002217 seconds, Stopping threads took: 0.0000944 seconds
[2021-12-31T02:50:42.773+0000][1][safepoint    ] Application time: 1.0002982 seconds
[2021-12-31T02:50:42.774+0000][1][safepoint    ] Entering safepoint region: Cleanup
[2021-12-31T02:50:42.774+0000][1][safepoint    ] Leaving safepoint region
[2021-12-31T02:50:42.774+0000][1][safepoint    ] Total time for which application threads were stopped: 0.0002207 seconds, Stopping threads took: 0.0000943 seconds
[2021-12-31T02:50:43.777+0000][1][safepoint    ] Application time: 1.0030956 seconds
[2021-12-31T02:50:43.778+0000][1][safepoint    ] Entering safepoint region: Cleanup
[2021-12-31T02:50:43.778+0000][1][safepoint    ] Leaving safepoint region
[2021-12-31T02:50:43.778+0000][1][safepoint    ] Total time for which application threads were stopped: 0.0004115 seconds, Stopping threads took: 0.0001792 seconds
[2021-12-31T02:50:44.780+0000][1][safepoint    ] Application time: 1.0021239 seconds
[2021-12-31T02:50:44.781+0000][1][safepoint    ] Entering safepoint region: Cleanup
[2021-12-31T02:50:44.781+0000][1][safepoint    ] Leaving safepoint region
[2021-12-31T02:50:44.781+0000][1][safepoint    ] Total time for which application threads were stopped: 0.0002369 seconds, Stopping threads took: 0.0001045 seconds
[2021-12-31T02:50:45.782+0000][1][safepoint    ] Application time: 1.0009589 seconds
[2021-12-31T02:50:45.782+0000][1][safepoint    ] Entering safepoint region: Cleanup
[2021-12-31T02:50:45.782+0000][1][safepoint    ] Leaving safepoint region
[2021-12-31T02:50:45.783+0000][1][safepoint    ] Total time for which application threads were stopped: 0.0002686 seconds, Stopping threads took: 0.0001105 seconds
[2021-12-31T02:50:46.786+0000][1][safepoint    ] Application time: 1.0037572 seconds
[2021-12-31T02:50:46.787+0000][1][safepoint    ] Entering safepoint region: Cleanup
[2021-12-31T02:50:46.787+0000][1][safepoint    ] Leaving safepoint region
[2021-12-31T02:50:46.787+0000][1][safepoint    ] Total time for which application threads were stopped: 0.0003149 seconds, Stopping threads took: 0.0001235 seconds
[2021-12-31T02:50:47.791+0000][1][safepoint    ] Application time: 1.0037544 seconds
[2021-12-31T02:50:47.791+0000][1][safepoint    ] Entering safepoint region: Cleanup
[2021-12-31T02:50:47.791+0000][1][safepoint    ] Leaving safepoint region
[2021-12-31T02:50:47.791+0000][1][safepoint    ] Total time for which application threads were stopped: 0.0003835 seconds, Stopping threads took: 0.0001036 seconds
[2021-12-31T02:50:48.794+0000][1][safepoint    ] Application time: 1.0025314 seconds
[2021-12-31T02:50:48.795+0000][1][safepoint    ] Entering safepoint region: Cleanup
[2021-12-31T02:50:48.795+0000][1][safepoint    ] Leaving safepoint region
[2021-12-31T02:50:48.795+0000][1][safepoint    ] Total time for which application threads were stopped: 0.0002402 seconds, Stopping threads took: 0.0001069 seconds
[2021-12-31T02:50:49.798+0000][1][safepoint    ] Application time: 1.0027526 seconds
[2021-12-31T02:50:49.798+0000][1][safepoint    ] Entering safepoint region: Cleanup
[2021-12-31T02:50:49.798+0000][1][safepoint    ] Leaving safepoint region
[2021-12-31T02:50:49.798+0000][1][safepoint    ] Total time for which application threads were stopped: 0.0002183 seconds, Stopping threads took: 0.0000933 seconds
[2021-12-31T02:50:50.800+0000][1][safepoint    ] Application time: 1.0022110 seconds
[2021-12-31T02:50:50.801+0000][1][safepoint    ] Entering safepoint region: Cleanup
[2021-12-31T02:50:50.801+0000][1][safepoint    ] Leaving safepoint region
[2021-12-31T02:50:50.801+0000][1][safepoint    ] Total time for which application threads were stopped: 0.0002426 seconds, Stopping threads took: 0.0001006 seconds
[2021-12-31T02:50:51.803+0000][1][safepoint    ] Application time: 1.0020374 seconds
[2021-12-31T02:50:51.803+0000][1][safepoint    ] Entering safepoint region: Cleanup
[2021-12-31T02:50:51.804+0000][1][safepoint    ] Leaving safepoint region
[2021-12-31T02:50:51.804+0000][1][safepoint    ] Total time for which application threads were stopped: 0.0003054 seconds, Stopping threads took: 0.0001545 seconds
[2021-12-31T02:50:52.805+0000][1][safepoint    ] Application time: 1.0014625 seconds
[2021-12-31T02:50:52.805+0000][1][safepoint    ] Entering safepoint region: Cleanup
[2021-12-31T02:50:52.806+0000][1][safepoint    ] Leaving safepoint region
[2021-12-31T02:50:52.806+0000][1][safepoint    ] Total time for which application threads were stopped: 0.0002462 seconds, Stopping threads took: 0.0001111 seconds
[2021-12-31T02:50:53.810+0000][1][safepoint    ] Application time: 1.0046364 seconds
[2021-12-31T02:50:53.811+0000][1][safepoint    ] Entering safepoint region: Cleanup
[2021-12-31T02:50:53.811+0000][1][safepoint    ] Leaving safepoint region
[2021-12-31T02:50:53.814+0000][1][safepoint    ] Total time for which application threads were stopped: 0.0025225 seconds, Stopping threads took: 0.0003621 seconds
[2021-12-31T02:50:54.815+0000][1][safepoint    ] Application time: 1.0003943 seconds
[2021-12-31T02:50:54.815+0000][1][safepoint    ] Entering safepoint region: Cleanup
[2021-12-31T02:50:54.815+0000][1][safepoint    ] Leaving safepoint region
[2021-12-31T02:50:54.815+0000][1][safepoint    ] Total time for which application threads were stopped: 0.0002345 seconds, Stopping threads took: 0.0001009 seconds
[2021-12-31T02:50:55.816+0000][1][safepoint    ] Application time: 1.0003421 seconds
[2021-12-31T02:50:55.816+0000][1][safepoint    ] Entering safepoint region: Cleanup
[2021-12-31T02:50:55.816+0000][1][safepoint    ] Leaving safepoint region
[2021-12-31T02:50:55.816+0000][1][safepoint    ] Total time for which application threads were stopped: 0.0002234 seconds, Stopping threads took: 0.0001040 seconds
[2021-12-31T02:50:56.818+0000][1][safepoint    ] Application time: 1.0018985 seconds
[2021-12-31T02:50:56.818+0000][1][safepoint    ] Entering safepoint region: Cleanup
[2021-12-31T02:50:56.818+0000][1][safepoint    ] Leaving safepoint region
[2021-12-31T02:50:56.819+0000][1][safepoint    ] Total time for which application threads were stopped: 0.0002590 seconds, Stopping threads took: 0.0001088 seconds
[2021-12-31T02:50:57.820+0000][1][safepoint    ] Application time: 1.0013977 seconds
[2021-12-31T02:50:57.820+0000][1][safepoint    ] Entering safepoint region: Cleanup
[2021-12-31T02:50:57.820+0000][1][safepoint    ] Leaving safepoint region
[2021-12-31T02:50:57.821+0000][1][safepoint    ] Total time for which application threads were stopped: 0.0002210 seconds, Stopping threads took: 0.0000981 seconds
[2021-12-31T02:50:58.821+0000][1][safepoint    ] Application time: 1.0001645 seconds
[2021-12-31T02:50:58.821+0000][1][safepoint    ] Entering safepoint region: Cleanup
[2021-12-31T02:50:58.821+0000][1][safepoint    ] Leaving safepoint region
[2021-12-31T02:50:58.821+0000][1][safepoint    ] Total time for which application threads were stopped: 0.0002292 seconds, Stopping threads took: 0.0000997 seconds
[2021-12-31T02:50:59.822+0000][1][safepoint    ] Application time: 1.0008990 seconds
[2021-12-31T02:50:59.823+0000][1][safepoint    ] Entering safepoint region: Cleanup
[2021-12-31T02:50:59.823+0000][1][safepoint    ] Leaving safepoint region
[2021-12-31T02:50:59.824+0000][1][safepoint    ] Total time for which application threads were stopped: 0.0006232 seconds, Stopping threads took: 0.0002917 seconds
[2021-12-31T02:51:00.826+0000][1][safepoint    ] Application time: 1.0017341 seconds
[2021-12-31T02:51:00.826+0000][1][safepoint    ] Entering safepoint region: Cleanup
[2021-12-31T02:51:00.826+0000][1][safepoint    ] Leaving safepoint region
[2021-12-31T02:51:00.826+0000][1][safepoint    ] Total time for which application threads were stopped: 0.0002169 seconds, Stopping threads took: 0.0000936 seconds
[2021-12-31T02:51:01.828+0000][1][safepoint    ] Application time: 1.0020561 seconds
[2021-12-31T02:51:01.828+0000][1][safepoint    ] Entering safepoint region: Cleanup
[2021-12-31T02:51:01.828+0000][1][safepoint    ] Leaving safepoint region
[2021-12-31T02:51:01.829+0000][1][safepoint    ] Total time for which application threads were stopped: 0.0002419 seconds, Stopping threads took: 0.0001082 seconds
[2021-12-31T02:51:02.829+0000][1][safepoint    ] Application time: 1.0008549 seconds
[2021-12-31T02:51:02.830+0000][1][safepoint    ] Entering safepoint region: Cleanup
[2021-12-31T02:51:02.830+0000][1][safepoint    ] Leaving safepoint region
[2021-12-31T02:51:02.830+0000][1][safepoint    ] Total time for which application threads were stopped: 0.0002303 seconds, Stopping threads took: 0.0001001 seconds
[2021-12-31T02:51:03.832+0000][1][safepoint    ] Application time: 1.0021997 seconds
[2021-12-31T02:51:03.832+0000][1][safepoint    ] Entering safepoint region: Cleanup
[2021-12-31T02:51:03.833+0000][1][safepoint    ] Leaving safepoint region
[2021-12-31T02:51:03.833+0000][1][safepoint    ] Total time for which application threads were stopped: 0.0002387 seconds, Stopping threads took: 0.0001038 seconds
[2021-12-31T02:51:04.835+0000][1][safepoint    ] Application time: 1.0026423 seconds
[2021-12-31T02:51:04.836+0000][1][safepoint    ] Entering safepoint region: Cleanup
[2021-12-31T02:51:04.836+0000][1][safepoint    ] Leaving safepoint region
[2021-12-31T02:51:04.836+0000][1][safepoint    ] Total time for which application threads were stopped: 0.0002946 seconds, Stopping threads took: 0.0001291 seconds
[2021-12-31T02:51:05.851+0000][1][safepoint    ] Application time: 1.0153289 seconds
[2021-12-31T02:51:05.856+0000][1][safepoint    ] Entering safepoint region: Cleanup
[2021-12-31T02:51:05.856+0000][1][safepoint    ] Leaving safepoint region
[2021-12-31T02:51:05.856+0000][1][safepoint    ] Total time for which application threads were stopped: 0.0002974 seconds, Stopping threads took: 0.0001181 seconds
[2021-12-31T02:51:06.858+0000][1][safepoint    ] Application time: 1.0018010 seconds
[2021-12-31T02:51:06.858+0000][1][safepoint    ] Entering safepoint region: Cleanup
[2021-12-31T02:51:06.858+0000][1][safepoint    ] Leaving safepoint region
[2021-12-31T02:51:06.858+0000][1][safepoint    ] Total time for which application threads were stopped: 0.0002757 seconds, Stopping threads took: 0.0001064 seconds
[2021-12-31T02:51:07.863+0000][1][safepoint    ] Application time: 1.0047465 seconds
[2021-12-31T02:51:07.867+0000][1][safepoint    ] Entering safepoint region: Cleanup
[2021-12-31T02:51:07.868+0000][1][safepoint    ] Leaving safepoint region
[2021-12-31T02:51:07.868+0000][1][safepoint    ] Total time for which application threads were stopped: 0.0013965 seconds, Stopping threads took: 0.0009703 seconds
[2021-12-31T02:51:08.869+0000][1][safepoint    ] Application time: 1.0004549 seconds
[2021-12-31T02:51:08.869+0000][1][safepoint    ] Entering safepoint region: Cleanup
[2021-12-31T02:51:08.869+0000][1][safepoint    ] Leaving safepoint region
[2021-12-31T02:51:08.869+0000][1][safepoint    ] Total time for which application threads were stopped: 0.0002334 seconds, Stopping threads took: 0.0001000 seconds
[2021-12-31T02:51:09.870+0000][1][safepoint    ] Application time: 1.0009093 seconds
[2021-12-31T02:51:09.871+0000][1][safepoint    ] Entering safepoint region: Cleanup
[2021-12-31T02:51:09.871+0000][1][safepoint    ] Leaving safepoint region
[2021-12-31T02:51:09.871+0000][1][safepoint    ] Total time for which application threads were stopped: 0.0002413 seconds, Stopping threads took: 0.0001028 seconds
[2021-12-31T02:51:10.872+0000][1][safepoint    ] Application time: 1.0006285 seconds
[2021-12-31T02:51:10.872+0000][1][safepoint    ] Entering safepoint region: Cleanup
[2021-12-31T02:51:10.872+0000][1][safepoint    ] Leaving safepoint region
[2021-12-31T02:51:10.872+0000][1][safepoint    ] Total time for which application threads were stopped: 0.0002364 seconds, Stopping threads took: 0.0000974 seconds
[2021-12-31T02:51:11.873+0000][1][safepoint    ] Application time: 1.0007195 seconds
[2021-12-31T02:51:11.873+0000][1][safepoint    ] Entering safepoint region: Cleanup
[2021-12-31T02:51:11.873+0000][1][safepoint    ] Leaving safepoint region
[2021-12-31T02:51:11.873+0000][1][safepoint    ] Total time for which application threads were stopped: 0.0002348 seconds, Stopping threads took: 0.0001011 seconds
[2021-12-31T02:51:12.874+0000][1][safepoint    ] Application time: 1.0005060 seconds
[2021-12-31T02:51:12.874+0000][1][safepoint    ] Entering safepoint region: Cleanup
[2021-12-31T02:51:12.874+0000][1][safepoint    ] Leaving safepoint region
[2021-12-31T02:51:12.875+0000][1][safepoint    ] Total time for which application threads were stopped: 0.0004146 seconds, Stopping threads took: 0.0001830 seconds
[2021-12-31T02:51:13.876+0000][1][safepoint    ] Application time: 1.0008560 seconds
[2021-12-31T02:51:13.876+0000][1][safepoint    ] Entering safepoint region: Cleanup
[2021-12-31T02:51:13.876+0000][1][safepoint    ] Leaving safepoint region
[2021-12-31T02:51:13.876+0000][1][safepoint    ] Total time for which application threads were stopped: 0.0002539 seconds, Stopping threads took: 0.0001132 seconds
[2021-12-31T02:51:14.877+0000][1][safepoint    ] Application time: 1.0009462 seconds
[2021-12-31T02:51:14.878+0000][1][safepoint    ] Entering safepoint region: Cleanup
[2021-12-31T02:51:14.878+0000][1][safepoint    ] Leaving safepoint region
[2021-12-31T02:51:14.878+0000][1][safepoint    ] Total time for which application threads were stopped: 0.0004099 seconds, Stopping threads took: 0.0001793 seconds
[2021-12-31T02:51:15.879+0000][1][safepoint    ] Application time: 1.0010426 seconds
[2021-12-31T02:51:15.880+0000][1][safepoint    ] Entering safepoint region: Cleanup
[2021-12-31T02:51:15.880+0000][1][safepoint    ] Leaving safepoint region
[2021-12-31T02:51:15.880+0000][1][safepoint    ] Total time for which application threads were stopped: 0.0004626 seconds, Stopping threads took: 0.0002052 seconds
[2021-12-31T02:51:16.881+0000][1][safepoint    ] Application time: 1.0004499 seconds
[2021-12-31T02:51:16.881+0000][1][safepoint    ] Entering safepoint region: Cleanup
[2021-12-31T02:51:16.881+0000][1][safepoint    ] Leaving safepoint region
[2021-12-31T02:51:16.881+0000][1][safepoint    ] Total time for which application threads were stopped: 0.0004855 seconds, Stopping threads took: 0.0002914 seconds
[2021-12-31T02:51:17.076+0000][1][safepoint    ] Application time: 0.1948345 seconds
[2021-12-31T02:51:17.077+0000][1][safepoint    ] Entering safepoint region: RevokeBias
[2021-12-31T02:51:17.078+0000][1][safepoint    ] Leaving safepoint region
[2021-12-31T02:51:17.078+0000][1][safepoint    ] Total time for which application threads were stopped: 0.0002421 seconds, Stopping threads took: 0.0000997 seconds
[2021-12-31T02:51:18.078+0000][1][safepoint    ] Application time: 1.0004270 seconds
[2021-12-31T02:51:18.078+0000][1][safepoint    ] Entering safepoint region: Cleanup
[2021-12-31T02:51:18.079+0000][1][safepoint    ] Leaving safepoint region
[2021-12-31T02:51:18.079+0000][1][safepoint    ] Total time for which application threads were stopped: 0.0002558 seconds, Stopping threads took: 0.0001088 seconds
[2021-12-31T02:51:19.080+0000][1][safepoint    ] Application time: 1.0007193 seconds
[2021-12-31T02:51:19.080+0000][1][safepoint    ] Entering safepoint region: Cleanup
[2021-12-31T02:51:19.080+0000][1][safepoint    ] Leaving safepoint region
[2021-12-31T02:51:19.080+0000][1][safepoint    ] Total time for which application threads were stopped: 0.0004330 seconds, Stopping threads took: 0.0001935 seconds
[2021-12-31T02:51:20.083+0000][1][safepoint    ] Application time: 1.0028216 seconds
[2021-12-31T02:51:20.084+0000][1][safepoint    ] Entering safepoint region: Cleanup
[2021-12-31T02:51:20.084+0000][1][safepoint    ] Leaving safepoint region
[2021-12-31T02:51:20.084+0000][1][safepoint    ] Total time for which application threads were stopped: 0.0002344 seconds, Stopping threads took: 0.0001011 seconds
[2021-12-31T02:51:21.090+0000][1][safepoint    ] Application time: 1.0060870 seconds
[2021-12-31T02:51:21.090+0000][1][safepoint    ] Entering safepoint region: Cleanup
[2021-12-31T02:51:21.091+0000][1][safepoint    ] Leaving safepoint region
[2021-12-31T02:51:21.091+0000][1][safepoint    ] Total time for which application threads were stopped: 0.0004575 seconds, Stopping threads took: 0.0002082 seconds
[2021-12-31T02:51:22.095+0000][1][safepoint    ] Application time: 1.0035802 seconds
[2021-12-31T02:51:22.095+0000][1][safepoint    ] Entering safepoint region: Cleanup
[2021-12-31T02:51:22.095+0000][1][safepoint    ] Leaving safepoint region
[2021-12-31T02:51:22.095+0000][1][safepoint    ] Total time for which application threads were stopped: 0.0002608 seconds, Stopping threads took: 0.0001219 seconds
[2021-12-31T02:51:23.099+0000][1][safepoint    ] Application time: 1.0039290 seconds
[2021-12-31T02:51:23.099+0000][1][safepoint    ] Entering safepoint region: Cleanup
[2021-12-31T02:51:23.100+0000][1][safepoint    ] Leaving safepoint region
[2021-12-31T02:51:23.100+0000][1][safepoint    ] Total time for which application threads were stopped: 0.0002454 seconds, Stopping threads took: 0.0001032 seconds
[2021-12-31T02:51:24.103+0000][1][safepoint    ] Application time: 1.0033156 seconds
[2021-12-31T02:51:24.103+0000][1][safepoint    ] Entering safepoint region: Cleanup
[2021-12-31T02:51:24.103+0000][1][safepoint    ] Leaving safepoint region
[2021-12-31T02:51:24.103+0000][1][safepoint    ] Total time for which application threads were stopped: 0.0002316 seconds, Stopping threads took: 0.0001022 seconds
[2021-12-31T02:51:25.107+0000][1][safepoint    ] Application time: 1.0037900 seconds
[2021-12-31T02:51:25.108+0000][1][safepoint    ] Entering safepoint region: Cleanup
[2021-12-31T02:51:25.108+0000][1][safepoint    ] Leaving safepoint region
[2021-12-31T02:51:25.108+0000][1][safepoint    ] Total time for which application threads were stopped: 0.0002181 seconds, Stopping threads took: 0.0000990 seconds
[2021-12-31T02:51:26.111+0000][1][safepoint    ] Application time: 1.0029866 seconds
[2021-12-31T02:51:26.111+0000][1][safepoint    ] Entering safepoint region: Cleanup
[2021-12-31T02:51:26.111+0000][1][safepoint    ] Leaving safepoint region
[2021-12-31T02:51:26.111+0000][1][safepoint    ] Total time for which application threads were stopped: 0.0002529 seconds, Stopping threads took: 0.0001079 seconds
[2021-12-31T02:51:27.113+0000][1][safepoint    ] Application time: 1.0017222 seconds
[2021-12-31T02:51:27.113+0000][1][safepoint    ] Entering safepoint region: Cleanup
[2021-12-31T02:51:27.113+0000][1][safepoint    ] Leaving safepoint region
[2021-12-31T02:51:27.114+0000][1][safepoint    ] Total time for which application threads were stopped: 0.0002288 seconds, Stopping threads took: 0.0000981 seconds
[2021-12-31T02:51:28.117+0000][1][safepoint    ] Application time: 1.0030418 seconds
[2021-12-31T02:51:28.117+0000][1][safepoint    ] Entering safepoint region: Cleanup
[2021-12-31T02:51:28.117+0000][1][safepoint    ] Leaving safepoint region
[2021-12-31T02:51:28.117+0000][1][safepoint    ] Total time for which application threads were stopped: 0.0002314 seconds, Stopping threads took: 0.0001007 seconds
[2021-12-31T02:51:29.118+0000][1][safepoint    ] Application time: 1.0007791 seconds
[2021-12-31T02:51:29.118+0000][1][safepoint    ] Entering safepoint region: Cleanup
[2021-12-31T02:51:29.118+0000][1][safepoint    ] Leaving safepoint region
[2021-12-31T02:51:29.118+0000][1][safepoint    ] Total time for which application threads were stopped: 0.0002466 seconds, Stopping threads took: 0.0001119 seconds
[2021-12-31T02:51:30.122+0000][1][safepoint    ] Application time: 1.0030894 seconds
[2021-12-31T02:51:30.122+0000][1][safepoint    ] Entering safepoint region: Cleanup
[2021-12-31T02:51:30.122+0000][1][safepoint    ] Leaving safepoint region
[2021-12-31T02:51:30.122+0000][1][safepoint    ] Total time for which application threads were stopped: 0.0002345 seconds, Stopping threads took: 0.0001097 seconds
[2021-12-31T02:51:31.122+0000][1][safepoint    ] Application time: 1.0001026 seconds
[2021-12-31T02:51:31.122+0000][1][safepoint    ] Entering safepoint region: Cleanup
[2021-12-31T02:51:31.123+0000][1][safepoint    ] Leaving safepoint region
[2021-12-31T02:51:31.123+0000][1][safepoint    ] Total time for which application threads were stopped: 0.0002378 seconds, Stopping threads took: 0.0001136 seconds
[2021-12-31T02:51:32.126+0000][1][safepoint    ] Application time: 1.0030654 seconds
[2021-12-31T02:51:32.126+0000][1][safepoint    ] Entering safepoint region: Cleanup
[2021-12-31T02:51:32.126+0000][1][safepoint    ] Leaving safepoint region
[2021-12-31T02:51:32.126+0000][1][safepoint    ] Total time for which application threads were stopped: 0.0002197 seconds, Stopping threads took: 0.0000971 seconds
[2021-12-31T02:51:33.129+0000][1][safepoint    ] Application time: 1.0023188 seconds
[2021-12-31T02:51:33.130+0000][1][safepoint    ] Entering safepoint region: Cleanup
[2021-12-31T02:51:33.131+0000][1][safepoint    ] Leaving safepoint region
[2021-12-31T02:51:33.131+0000][1][safepoint    ] Total time for which application threads were stopped: 0.0005933 seconds, Stopping threads took: 0.0003184 seconds
[2021-12-31T02:51:34.132+0000][1][safepoint    ] Application time: 1.0014460 seconds
[2021-12-31T02:51:34.133+0000][1][safepoint    ] Entering safepoint region: Cleanup
[2021-12-31T02:51:34.133+0000][1][safepoint    ] Leaving safepoint region
[2021-12-31T02:51:34.133+0000][1][safepoint    ] Total time for which application threads were stopped: 0.0002395 seconds, Stopping threads took: 0.0001061 seconds
[2021-12-31T02:51:35.135+0000][1][safepoint    ] Application time: 1.0022302 seconds
[2021-12-31T02:51:35.135+0000][1][safepoint    ] Entering safepoint region: Cleanup
[2021-12-31T02:51:35.136+0000][1][safepoint    ] Leaving safepoint region
[2021-12-31T02:51:35.136+0000][1][safepoint    ] Total time for which application threads were stopped: 0.0002277 seconds, Stopping threads took: 0.0000984 seconds
[2021-12-31T02:51:36.136+0000][1][safepoint    ] Application time: 1.0007522 seconds
[2021-12-31T02:51:36.137+0000][1][safepoint    ] Entering safepoint region: Cleanup
[2021-12-31T02:51:36.137+0000][1][safepoint    ] Leaving safepoint region
[2021-12-31T02:51:36.137+0000][1][safepoint    ] Total time for which application threads were stopped: 0.0002625 seconds, Stopping threads took: 0.0001073 seconds
[2021-12-31T02:51:37.139+0000][1][safepoint    ] Application time: 1.0017509 seconds
[2021-12-31T02:51:37.139+0000][1][safepoint    ] Entering safepoint region: Cleanup
[2021-12-31T02:51:37.139+0000][1][safepoint    ] Leaving safepoint region
[2021-12-31T02:51:37.139+0000][1][safepoint    ] Total time for which application threads were stopped: 0.0002076 seconds, Stopping threads took: 0.0000871 seconds
[2021-12-31T02:51:38.045+0000][1][safepoint    ] Application time: 0.9061925 seconds
[2021-12-31T02:51:38.046+0000][1][safepoint    ] Entering safepoint region: GenCollectForAllocation
[2021-12-31T02:51:38.046+0000][1][gc,start     ] GC(34) Pause Young (Allocation Failure)
[2021-12-31T02:51:38.047+0000][1][gc,task      ] GC(34) Using 1 workers of 1 for evacuation
[2021-12-31T02:51:38.051+0000][1][gc,age       ] GC(34) Desired survivor size 4358144 bytes, new threshold 6 (max threshold 6)
[2021-12-31T02:51:38.051+0000][1][gc,age       ] GC(34) Age table with threshold 6 (max threshold 6)
[2021-12-31T02:51:38.051+0000][1][gc,age       ] GC(34) - age   1:      17176 bytes,      17176 total
[2021-12-31T02:51:38.051+0000][1][gc,age       ] GC(34) - age   2:     187920 bytes,     205096 total
[2021-12-31T02:51:38.051+0000][1][gc,heap      ] GC(34) ParNew: 75453K->1860K(76672K)
[2021-12-31T02:51:38.051+0000][1][gc,heap      ] GC(34) CMS: 127562K->127562K(439104K)
[2021-12-31T02:51:38.052+0000][1][gc,metaspace ] GC(34) Metaspace: 73235K->73235K(1116160K)
[2021-12-31T02:51:38.052+0000][1][gc           ] GC(34) Pause Young (Allocation Failure) 198M->126M(503M) 5.357ms
[2021-12-31T02:51:38.052+0000][1][gc,cpu       ] GC(34) User=0.01s Sys=0.00s Real=0.01s
[2021-12-31T02:51:38.052+0000][1][safepoint    ] Leaving safepoint region
[2021-12-31T02:51:38.052+0000][1][safepoint    ] Total time for which application threads were stopped: 0.0062291 seconds, Stopping threads took: 0.0001816 seconds
[2021-12-31T02:51:39.054+0000][1][safepoint    ] Application time: 1.0021076 seconds
[2021-12-31T02:51:39.054+0000][1][safepoint    ] Entering safepoint region: Cleanup
[2021-12-31T02:51:39.054+0000][1][safepoint    ] Leaving safepoint region
[2021-12-31T02:51:39.055+0000][1][safepoint    ] Total time for which application threads were stopped: 0.0002310 seconds, Stopping threads took: 0.0000999 seconds
[2021-12-31T02:51:40.056+0000][1][safepoint    ] Application time: 1.0015901 seconds
[2021-12-31T02:51:40.056+0000][1][safepoint    ] Entering safepoint region: Cleanup
[2021-12-31T02:51:40.057+0000][1][safepoint    ] Leaving safepoint region
[2021-12-31T02:51:40.057+0000][1][safepoint    ] Total time for which application threads were stopped: 0.0002960 seconds, Stopping threads took: 0.0001017 seconds
[2021-12-31T02:51:41.058+0000][1][safepoint    ] Application time: 1.0016205 seconds
[2021-12-31T02:51:41.059+0000][1][safepoint    ] Entering safepoint region: Cleanup
[2021-12-31T02:51:41.059+0000][1][safepoint    ] Leaving safepoint region
[2021-12-31T02:51:41.059+0000][1][safepoint    ] Total time for which application threads were stopped: 0.0002299 seconds, Stopping threads took: 0.0000960 seconds
[2021-12-31T02:51:42.062+0000][1][safepoint    ] Application time: 1.0029891 seconds
[2021-12-31T02:51:42.062+0000][1][safepoint    ] Entering safepoint region: Cleanup
[2021-12-31T02:51:42.062+0000][1][safepoint    ] Leaving safepoint region
[2021-12-31T02:51:42.062+0000][1][safepoint    ] Total time for which application threads were stopped: 0.0002588 seconds, Stopping threads took: 0.0001073 seconds
[2021-12-31T02:51:43.066+0000][1][safepoint    ] Application time: 1.0030345 seconds
[2021-12-31T02:51:43.066+0000][1][safepoint    ] Entering safepoint region: Cleanup
[2021-12-31T02:51:43.066+0000][1][safepoint    ] Leaving safepoint region
[2021-12-31T02:51:43.067+0000][1][safepoint    ] Total time for which application threads were stopped: 0.0006639 seconds, Stopping threads took: 0.0002301 seconds
[2021-12-31T02:51:44.070+0000][1][safepoint    ] Application time: 1.0033263 seconds
[2021-12-31T02:51:44.071+0000][1][safepoint    ] Entering safepoint region: Cleanup
[2021-12-31T02:51:44.071+0000][1][safepoint    ] Leaving safepoint region
[2021-12-31T02:51:44.071+0000][1][safepoint    ] Total time for which application threads were stopped: 0.0004074 seconds, Stopping threads took: 0.0001934 seconds
[2021-12-31T02:51:45.072+0000][1][safepoint    ] Application time: 1.0009090 seconds
[2021-12-31T02:51:45.072+0000][1][safepoint    ] Entering safepoint region: Cleanup
[2021-12-31T02:51:45.073+0000][1][safepoint    ] Leaving safepoint region
[2021-12-31T02:51:45.073+0000][1][safepoint    ] Total time for which application threads were stopped: 0.0002464 seconds, Stopping threads took: 0.0000975 seconds
[2021-12-31T02:51:46.075+0000][1][safepoint    ] Application time: 1.0025267 seconds
[2021-12-31T02:51:46.076+0000][1][safepoint    ] Entering safepoint region: Cleanup
[2021-12-31T02:51:46.076+0000][1][safepoint    ] Leaving safepoint region
[2021-12-31T02:51:46.076+0000][1][safepoint    ] Total time for which application threads were stopped: 0.0004952 seconds, Stopping threads took: 0.0002206 seconds
[2021-12-31T02:51:47.077+0000][1][safepoint    ] Application time: 1.0005539 seconds
[2021-12-31T02:51:47.079+0000][1][safepoint    ] Entering safepoint region: Cleanup
[2021-12-31T02:51:47.080+0000][1][safepoint    ] Leaving safepoint region
[2021-12-31T02:51:47.081+0000][1][safepoint    ] Total time for which application threads were stopped: 0.0010887 seconds, Stopping threads took: 0.0006308 seconds
[2021-12-31T02:51:48.083+0000][1][safepoint    ] Application time: 1.0027461 seconds
[2021-12-31T02:51:48.084+0000][1][safepoint    ] Entering safepoint region: Cleanup
[2021-12-31T02:51:48.084+0000][1][safepoint    ] Leaving safepoint region
[2021-12-31T02:51:48.084+0000][1][safepoint    ] Total time for which application threads were stopped: 0.0002427 seconds, Stopping threads took: 0.0001108 seconds
[2021-12-31T02:51:49.086+0000][1][safepoint    ] Application time: 1.0016156 seconds
[2021-12-31T02:51:49.086+0000][1][safepoint    ] Entering safepoint region: Cleanup
[2021-12-31T02:51:49.086+0000][1][safepoint    ] Leaving safepoint region
[2021-12-31T02:51:49.086+0000][1][safepoint    ] Total time for which application threads were stopped: 0.0002412 seconds, Stopping threads took: 0.0001025 seconds
[2021-12-31T02:51:50.088+0000][1][safepoint    ] Application time: 1.0022976 seconds
[2021-12-31T02:51:50.089+0000][1][safepoint    ] Entering safepoint region: Cleanup
[2021-12-31T02:51:50.089+0000][1][safepoint    ] Leaving safepoint region
[2021-12-31T02:51:50.089+0000][1][safepoint    ] Total time for which application threads were stopped: 0.0002567 seconds, Stopping threads took: 0.0001089 seconds
[2021-12-31T02:51:51.092+0000][1][safepoint    ] Application time: 1.0030280 seconds
[2021-12-31T02:51:51.092+0000][1][safepoint    ] Entering safepoint region: Cleanup
[2021-12-31T02:51:51.093+0000][1][safepoint    ] Leaving safepoint region
[2021-12-31T02:51:51.093+0000][1][safepoint    ] Total time for which application threads were stopped: 0.0002394 seconds, Stopping threads took: 0.0001009 seconds
[2021-12-31T02:51:52.094+0000][1][safepoint    ] Application time: 1.0016898 seconds
[2021-12-31T02:51:52.095+0000][1][safepoint    ] Entering safepoint region: Cleanup
[2021-12-31T02:51:52.095+0000][1][safepoint    ] Leaving safepoint region
[2021-12-31T02:51:52.095+0000][1][safepoint    ] Total time for which application threads were stopped: 0.0003012 seconds, Stopping threads took: 0.0001325 seconds
[2021-12-31T02:51:53.097+0000][1][safepoint    ] Application time: 1.0022850 seconds
[2021-12-31T02:51:53.098+0000][1][safepoint    ] Entering safepoint region: Cleanup
[2021-12-31T02:51:53.098+0000][1][safepoint    ] Leaving safepoint region
[2021-12-31T02:51:53.098+0000][1][safepoint    ] Total time for which application threads were stopped: 0.0002446 seconds, Stopping threads took: 0.0001070 seconds
[2021-12-31T02:51:54.925+0000][1][safepoint    ] Application time: 1.8269157 seconds
[2021-12-31T02:51:54.925+0000][1][safepoint    ] Entering safepoint region: Cleanup
[2021-12-31T02:51:54.926+0000][1][safepoint    ] Leaving safepoint region
[2021-12-31T02:51:54.926+0000][1][safepoint    ] Total time for which application threads were stopped: 0.0002349 seconds, Stopping threads took: 0.0001039 seconds
[2021-12-31T02:51:55.926+0000][1][safepoint    ] Application time: 1.0004293 seconds
[2021-12-31T02:51:55.926+0000][1][safepoint    ] Entering safepoint region: Cleanup
[2021-12-31T02:51:55.926+0000][1][safepoint    ] Leaving safepoint region
[2021-12-31T02:51:55.927+0000][1][safepoint    ] Total time for which application threads were stopped: 0.0002311 seconds, Stopping threads took: 0.0000981 seconds
[2021-12-31T02:51:56.929+0000][1][safepoint    ] Application time: 1.0025095 seconds
[2021-12-31T02:51:56.929+0000][1][safepoint    ] Entering safepoint region: Cleanup
[2021-12-31T02:51:56.930+0000][1][safepoint    ] Leaving safepoint region
[2021-12-31T02:51:56.930+0000][1][safepoint    ] Total time for which application threads were stopped: 0.0002680 seconds, Stopping threads took: 0.0001131 seconds
[2021-12-31T02:51:57.931+0000][1][safepoint    ] Application time: 1.0009552 seconds
[2021-12-31T02:51:57.931+0000][1][safepoint    ] Entering safepoint region: Cleanup
[2021-12-31T02:51:57.931+0000][1][safepoint    ] Leaving safepoint region
[2021-12-31T02:51:57.931+0000][1][safepoint    ] Total time for which application threads were stopped: 0.0002328 seconds, Stopping threads took: 0.0001026 seconds
[2021-12-31T02:51:58.932+0000][1][safepoint    ] Application time: 1.0008041 seconds
[2021-12-31T02:51:58.932+0000][1][safepoint    ] Entering safepoint region: Cleanup
[2021-12-31T02:51:58.933+0000][1][safepoint    ] Leaving safepoint region
[2021-12-31T02:51:58.933+0000][1][safepoint    ] Total time for which application threads were stopped: 0.0002344 seconds, Stopping threads took: 0.0001058 seconds
[2021-12-31T02:51:59.934+0000][1][safepoint    ] Application time: 1.0007143 seconds
[2021-12-31T02:51:59.934+0000][1][safepoint    ] Entering safepoint region: Cleanup
[2021-12-31T02:51:59.934+0000][1][safepoint    ] Leaving safepoint region
[2021-12-31T02:51:59.934+0000][1][safepoint    ] Total time for which application threads were stopped: 0.0002782 seconds, Stopping threads took: 0.0001316 seconds
[2021-12-31T02:52:00.938+0000][1][safepoint    ] Application time: 1.0032307 seconds
[2021-12-31T02:52:00.938+0000][1][safepoint    ] Entering safepoint region: Cleanup
[2021-12-31T02:52:00.938+0000][1][safepoint    ] Leaving safepoint region
[2021-12-31T02:52:00.938+0000][1][safepoint    ] Total time for which application threads were stopped: 0.0002246 seconds, Stopping threads took: 0.0000975 seconds
[2021-12-31T02:52:01.940+0000][1][safepoint    ] Application time: 1.0015554 seconds
[2021-12-31T02:52:01.940+0000][1][safepoint    ] Entering safepoint region: Cleanup
[2021-12-31T02:52:01.941+0000][1][safepoint    ] Leaving safepoint region
[2021-12-31T02:52:01.941+0000][1][safepoint    ] Total time for which application threads were stopped: 0.0011281 seconds, Stopping threads took: 0.0004540 seconds
[2021-12-31T02:52:02.943+0000][1][safepoint    ] Application time: 1.0008865 seconds
[2021-12-31T02:52:02.943+0000][1][safepoint    ] Entering safepoint region: Cleanup
[2021-12-31T02:52:02.943+0000][1][safepoint    ] Leaving safepoint region
[2021-12-31T02:52:02.943+0000][1][safepoint    ] Total time for which application threads were stopped: 0.0002295 seconds, Stopping threads took: 0.0001007 seconds
[2021-12-31T02:52:03.944+0000][1][safepoint    ] Application time: 1.0004903 seconds
[2021-12-31T02:52:03.948+0000][1][safepoint    ] Entering safepoint region: Cleanup
[2021-12-31T02:52:03.948+0000][1][safepoint    ] Leaving safepoint region
[2021-12-31T02:52:03.951+0000][1][safepoint    ] Total time for which application threads were stopped: 0.0033243 seconds, Stopping threads took: 0.0002943 seconds
[2021-12-31T02:52:04.963+0000][1][safepoint    ] Application time: 1.0006015 seconds
[2021-12-31T02:52:04.963+0000][1][safepoint    ] Entering safepoint region: Cleanup
[2021-12-31T02:52:04.963+0000][1][safepoint    ] Leaving safepoint region
[2021-12-31T02:52:04.963+0000][1][safepoint    ] Total time for which application threads were stopped: 0.0002474 seconds, Stopping threads took: 0.0001092 seconds
[2021-12-31T02:52:05.963+0000][1][safepoint    ] Application time: 1.0000821 seconds
[2021-12-31T02:52:05.963+0000][1][safepoint    ] Entering safepoint region: Cleanup
[2021-12-31T02:52:05.964+0000][1][safepoint    ] Leaving safepoint region
[2021-12-31T02:52:05.964+0000][1][safepoint    ] Total time for which application threads were stopped: 0.0002262 seconds, Stopping threads took: 0.0000996 seconds
[2021-12-31T02:52:06.965+0000][1][safepoint    ] Application time: 1.0007397 seconds
[2021-12-31T02:52:06.965+0000][1][safepoint    ] Entering safepoint region: Cleanup
[2021-12-31T02:52:06.965+0000][1][safepoint    ] Leaving safepoint region
[2021-12-31T02:52:06.965+0000][1][safepoint    ] Total time for which application threads were stopped: 0.0002439 seconds, Stopping threads took: 0.0001055 seconds
[2021-12-31T02:52:07.966+0000][1][safepoint    ] Application time: 1.0006278 seconds
[2021-12-31T02:52:07.966+0000][1][safepoint    ] Entering safepoint region: Cleanup
[2021-12-31T02:52:07.966+0000][1][safepoint    ] Leaving safepoint region
[2021-12-31T02:52:07.966+0000][1][safepoint    ] Total time for which application threads were stopped: 0.0002222 seconds, Stopping threads took: 0.0000958 seconds
[2021-12-31T02:52:08.966+0000][1][safepoint    ] Application time: 1.0002889 seconds
[2021-12-31T02:52:08.967+0000][1][safepoint    ] Entering safepoint region: Cleanup
[2021-12-31T02:52:08.967+0000][1][safepoint    ] Leaving safepoint region
[2021-12-31T02:52:08.967+0000][1][safepoint    ] Total time for which application threads were stopped: 0.0002430 seconds, Stopping threads took: 0.0001035 seconds
[2021-12-31T02:52:09.968+0000][1][safepoint    ] Application time: 1.0010525 seconds
[2021-12-31T02:52:09.968+0000][1][safepoint    ] Entering safepoint region: Cleanup
[2021-12-31T02:52:09.968+0000][1][safepoint    ] Leaving safepoint region
[2021-12-31T02:52:09.968+0000][1][safepoint    ] Total time for which application threads were stopped: 0.0002433 seconds, Stopping threads took: 0.0001057 seconds
[2021-12-31T02:52:10.970+0000][1][safepoint    ] Application time: 1.0010530 seconds
[2021-12-31T02:52:10.970+0000][1][safepoint    ] Entering safepoint region: Cleanup
[2021-12-31T02:52:10.970+0000][1][safepoint    ] Leaving safepoint region
[2021-12-31T02:52:10.970+0000][1][safepoint    ] Total time for which application threads were stopped: 0.0004297 seconds, Stopping threads took: 0.0001939 seconds
[2021-12-31T02:52:11.971+0000][1][safepoint    ] Application time: 1.0002684 seconds
[2021-12-31T02:52:11.971+0000][1][safepoint    ] Entering safepoint region: Cleanup
[2021-12-31T02:52:11.971+0000][1][safepoint    ] Leaving safepoint region
[2021-12-31T02:52:11.972+0000][1][safepoint    ] Total time for which application threads were stopped: 0.0002885 seconds, Stopping threads took: 0.0001044 seconds
[2021-12-31T02:52:12.972+0000][1][safepoint    ] Application time: 1.0004514 seconds
[2021-12-31T02:52:12.972+0000][1][safepoint    ] Entering safepoint region: Cleanup
[2021-12-31T02:52:12.973+0000][1][safepoint    ] Leaving safepoint region
[2021-12-31T02:52:12.973+0000][1][safepoint    ] Total time for which application threads were stopped: 0.0003028 seconds, Stopping threads took: 0.0001241 seconds
[2021-12-31T02:52:13.880+0000][1][safepoint    ] Application time: 0.9071794 seconds
[2021-12-31T02:52:13.880+0000][1][safepoint    ] Entering safepoint region: RevokeBias
[2021-12-31T02:52:13.880+0000][1][safepoint    ] Leaving safepoint region
[2021-12-31T02:52:13.880+0000][1][safepoint    ] Total time for which application threads were stopped: 0.0002699 seconds, Stopping threads took: 0.0001143 seconds
[2021-12-31T02:52:13.882+0000][1][safepoint    ] Application time: 0.0018663 seconds
[2021-12-31T02:52:13.883+0000][1][safepoint    ] Entering safepoint region: RevokeBias
[2021-12-31T02:52:13.883+0000][1][safepoint    ] Leaving safepoint region
[2021-12-31T02:52:13.883+0000][1][safepoint    ] Total time for which application threads were stopped: 0.0002500 seconds, Stopping threads took: 0.0001072 seconds
[2021-12-31T02:52:13.883+0000][1][safepoint    ] Application time: 0.0002721 seconds
[2021-12-31T02:52:13.883+0000][1][safepoint    ] Entering safepoint region: RevokeBias
[2021-12-31T02:52:13.883+0000][1][safepoint    ] Leaving safepoint region
[2021-12-31T02:52:13.883+0000][1][safepoint    ] Total time for which application threads were stopped: 0.0002133 seconds, Stopping threads took: 0.0001031 seconds
[2021-12-31T02:52:13.884+0000][1][safepoint    ] Application time: 0.0007785 seconds
[2021-12-31T02:52:13.884+0000][1][safepoint    ] Entering safepoint region: RevokeBias
[2021-12-31T02:52:13.885+0000][1][safepoint    ] Leaving safepoint region
[2021-12-31T02:52:13.885+0000][1][safepoint    ] Total time for which application threads were stopped: 0.0007011 seconds, Stopping threads took: 0.0004679 seconds
[2021-12-31T02:52:13.887+0000][1][safepoint    ] Application time: 0.0018332 seconds
[2021-12-31T02:52:13.887+0000][1][safepoint    ] Entering safepoint region: RevokeBias
[2021-12-31T02:52:13.888+0000][1][safepoint    ] Leaving safepoint region
[2021-12-31T02:52:13.888+0000][1][safepoint    ] Total time for which application threads were stopped: 0.0002530 seconds, Stopping threads took: 0.0001079 seconds
[2021-12-31T02:52:13.892+0000][1][safepoint    ] Application time: 0.0044906 seconds
[2021-12-31T02:52:13.892+0000][1][safepoint    ] Entering safepoint region: RevokeBias
[2021-12-31T02:52:13.893+0000][1][safepoint    ] Leaving safepoint region
[2021-12-31T02:52:13.893+0000][1][safepoint    ] Total time for which application threads were stopped: 0.0003869 seconds, Stopping threads took: 0.0002380 seconds
[2021-12-31T02:52:13.893+0000][1][safepoint    ] Application time: 0.0005327 seconds
[2021-12-31T02:52:13.894+0000][1][safepoint    ] Entering safepoint region: RevokeBias
[2021-12-31T02:52:13.894+0000][1][safepoint    ] Leaving safepoint region
[2021-12-31T02:52:13.894+0000][1][safepoint    ] Total time for which application threads were stopped: 0.0002070 seconds, Stopping threads took: 0.0000949 seconds
[2021-12-31T02:52:13.894+0000][1][safepoint    ] Application time: 0.0002812 seconds
[2021-12-31T02:52:13.894+0000][1][safepoint    ] Entering safepoint region: RevokeBias
[2021-12-31T02:52:13.894+0000][1][safepoint    ] Leaving safepoint region
[2021-12-31T02:52:13.894+0000][1][safepoint    ] Total time for which application threads were stopped: 0.0001641 seconds, Stopping threads took: 0.0000731 seconds
[2021-12-31T02:52:13.895+0000][1][safepoint    ] Application time: 0.0001801 seconds
[2021-12-31T02:52:13.895+0000][1][safepoint    ] Entering safepoint region: RevokeBias
[2021-12-31T02:52:13.895+0000][1][safepoint    ] Leaving safepoint region
[2021-12-31T02:52:13.895+0000][1][safepoint    ] Total time for which application threads were stopped: 0.0003953 seconds, Stopping threads took: 0.0001781 seconds
[2021-12-31T02:52:13.896+0000][1][safepoint    ] Application time: 0.0003088 seconds
[2021-12-31T02:52:13.896+0000][1][safepoint    ] Entering safepoint region: RevokeBias
[2021-12-31T02:52:13.896+0000][1][safepoint    ] Leaving safepoint region
[2021-12-31T02:52:13.896+0000][1][safepoint    ] Total time for which application threads were stopped: 0.0002192 seconds, Stopping threads took: 0.0000856 seconds
[2021-12-31T02:52:13.897+0000][1][safepoint    ] Application time: 0.0004417 seconds
[2021-12-31T02:52:13.897+0000][1][safepoint    ] Entering safepoint region: RevokeBias
[2021-12-31T02:52:13.897+0000][1][safepoint    ] Leaving safepoint region
[2021-12-31T02:52:13.898+0000][1][safepoint    ] Total time for which application threads were stopped: 0.0004369 seconds, Stopping threads took: 0.0002039 seconds
[2021-12-31T02:52:13.898+0000][1][safepoint    ] Application time: 0.0002178 seconds
[2021-12-31T02:52:13.898+0000][1][safepoint    ] Entering safepoint region: RevokeBias
[2021-12-31T02:52:13.898+0000][1][safepoint    ] Leaving safepoint region
[2021-12-31T02:52:13.899+0000][1][safepoint    ] Total time for which application threads were stopped: 0.0005533 seconds, Stopping threads took: 0.0002481 seconds
[2021-12-31T02:52:13.899+0000][1][safepoint    ] Application time: 0.0003378 seconds
[2021-12-31T02:52:13.899+0000][1][safepoint    ] Entering safepoint region: RevokeBias
[2021-12-31T02:52:13.900+0000][1][safepoint    ] Leaving safepoint region
[2021-12-31T02:52:13.900+0000][1][safepoint    ] Total time for which application threads were stopped: 0.0002265 seconds, Stopping threads took: 0.0001020 seconds
[2021-12-31T02:52:13.900+0000][1][safepoint    ] Application time: 0.0002244 seconds
[2021-12-31T02:52:13.900+0000][1][safepoint    ] Entering safepoint region: RevokeBias
[2021-12-31T02:52:13.900+0000][1][safepoint    ] Leaving safepoint region
[2021-12-31T02:52:13.900+0000][1][safepoint    ] Total time for which application threads were stopped: 0.0002005 seconds, Stopping threads took: 0.0000975 seconds
[2021-12-31T02:52:13.901+0000][1][safepoint    ] Application time: 0.0003752 seconds
[2021-12-31T02:52:13.901+0000][1][safepoint    ] Entering safepoint region: RevokeBias
[2021-12-31T02:52:13.901+0000][1][safepoint    ] Leaving safepoint region
[2021-12-31T02:52:13.901+0000][1][safepoint    ] Total time for which application threads were stopped: 0.0002080 seconds, Stopping threads took: 0.0000944 seconds
[2021-12-31T02:52:13.901+0000][1][safepoint    ] Application time: 0.0000734 seconds
[2021-12-31T02:52:13.901+0000][1][safepoint    ] Entering safepoint region: RevokeBias
[2021-12-31T02:52:13.901+0000][1][safepoint    ] Leaving safepoint region
[2021-12-31T02:52:13.901+0000][1][safepoint    ] Total time for which application threads were stopped: 0.0002100 seconds, Stopping threads took: 0.0000912 seconds
[2021-12-31T02:52:13.902+0000][1][safepoint    ] Application time: 0.0006021 seconds
[2021-12-31T02:52:13.902+0000][1][safepoint    ] Entering safepoint region: RevokeBias
[2021-12-31T02:52:13.902+0000][1][safepoint    ] Leaving safepoint region
[2021-12-31T02:52:13.903+0000][1][safepoint    ] Total time for which application threads were stopped: 0.0003622 seconds, Stopping threads took: 0.0001047 seconds
[2021-12-31T02:52:13.903+0000][1][safepoint    ] Application time: 0.0000679 seconds
[2021-12-31T02:52:13.903+0000][1][safepoint    ] Entering safepoint region: RevokeBias
[2021-12-31T02:52:13.903+0000][1][safepoint    ] Leaving safepoint region
[2021-12-31T02:52:13.903+0000][1][safepoint    ] Total time for which application threads were stopped: 0.0001868 seconds, Stopping threads took: 0.0000826 seconds
[2021-12-31T02:52:13.903+0000][1][safepoint    ] Application time: 0.0000598 seconds
[2021-12-31T02:52:13.903+0000][1][safepoint    ] Entering safepoint region: RevokeBias
[2021-12-31T02:52:13.904+0000][1][safepoint    ] Leaving safepoint region
[2021-12-31T02:52:13.904+0000][1][safepoint    ] Total time for which application threads were stopped: 0.0001919 seconds, Stopping threads took: 0.0000880 seconds
[2021-12-31T02:52:13.904+0000][1][safepoint    ] Application time: 0.0000454 seconds
[2021-12-31T02:52:13.904+0000][1][safepoint    ] Entering safepoint region: RevokeBias
[2021-12-31T02:52:13.904+0000][1][safepoint    ] Leaving safepoint region
[2021-12-31T02:52:13.904+0000][1][safepoint    ] Total time for which application threads were stopped: 0.0001938 seconds, Stopping threads took: 0.0000916 seconds
[2021-12-31T02:52:13.904+0000][1][safepoint    ] Application time: 0.0001348 seconds
[2021-12-31T02:52:13.904+0000][1][safepoint    ] Entering safepoint region: RevokeBias
[2021-12-31T02:52:13.904+0000][1][safepoint    ] Leaving safepoint region
[2021-12-31T02:52:13.905+0000][1][safepoint    ] Total time for which application threads were stopped: 0.0001837 seconds, Stopping threads took: 0.0000805 seconds
[2021-12-31T02:52:13.912+0000][1][safepoint    ] Application time: 0.0069029 seconds
[2021-12-31T02:52:13.912+0000][1][safepoint    ] Entering safepoint region: RevokeBias
[2021-12-31T02:52:13.912+0000][1][safepoint    ] Leaving safepoint region
[2021-12-31T02:52:13.912+0000][1][safepoint    ] Total time for which application threads were stopped: 0.0002179 seconds, Stopping threads took: 0.0000871 seconds
[2021-12-31T02:52:13.912+0000][1][safepoint    ] Application time: 0.0005036 seconds
[2021-12-31T02:52:13.913+0000][1][safepoint    ] Entering safepoint region: RevokeBias
[2021-12-31T02:52:13.913+0000][1][safepoint    ] Leaving safepoint region
[2021-12-31T02:52:13.913+0000][1][safepoint    ] Total time for which application threads were stopped: 0.0002217 seconds, Stopping threads took: 0.0000944 seconds
[2021-12-31T02:52:13.918+0000][1][safepoint    ] Application time: 0.0053662 seconds
[2021-12-31T02:52:13.918+0000][1][safepoint    ] Entering safepoint region: RevokeBias
[2021-12-31T02:52:13.919+0000][1][safepoint    ] Leaving safepoint region
[2021-12-31T02:52:13.919+0000][1][safepoint    ] Total time for which application threads were stopped: 0.0002467 seconds, Stopping threads took: 0.0001007 seconds
[2021-12-31T02:52:13.919+0000][1][safepoint    ] Application time: 0.0000754 seconds
[2021-12-31T02:52:13.919+0000][1][safepoint    ] Entering safepoint region: RevokeBias
[2021-12-31T02:52:13.919+0000][1][safepoint    ] Leaving safepoint region
[2021-12-31T02:52:13.919+0000][1][safepoint    ] Total time for which application threads were stopped: 0.0002248 seconds, Stopping threads took: 0.0000970 seconds
[2021-12-31T02:52:13.919+0000][1][safepoint    ] Application time: 0.0000544 seconds
[2021-12-31T02:52:13.919+0000][1][safepoint    ] Entering safepoint region: RevokeBias
[2021-12-31T02:52:13.919+0000][1][safepoint    ] Leaving safepoint region
[2021-12-31T02:52:13.920+0000][1][safepoint    ] Total time for which application threads were stopped: 0.0002781 seconds, Stopping threads took: 0.0000924 seconds
[2021-12-31T02:52:13.920+0000][1][safepoint    ] Application time: 0.0001079 seconds
[2021-12-31T02:52:13.920+0000][1][safepoint    ] Entering safepoint region: RevokeBias
[2021-12-31T02:52:13.920+0000][1][safepoint    ] Leaving safepoint region
[2021-12-31T02:52:13.920+0000][1][safepoint    ] Total time for which application threads were stopped: 0.0003807 seconds, Stopping threads took: 0.0001709 seconds
[2021-12-31T02:52:13.921+0000][1][safepoint    ] Application time: 0.0001276 seconds
[2021-12-31T02:52:13.921+0000][1][safepoint    ] Entering safepoint region: RevokeBias
[2021-12-31T02:52:13.921+0000][1][safepoint    ] Leaving safepoint region
[2021-12-31T02:52:13.921+0000][1][safepoint    ] Total time for which application threads were stopped: 0.0003511 seconds, Stopping threads took: 0.0000954 seconds
[2021-12-31T02:52:13.928+0000][1][safepoint    ] Application time: 0.0063741 seconds
[2021-12-31T02:52:13.928+0000][1][safepoint    ] Entering safepoint region: RevokeBias
[2021-12-31T02:52:13.928+0000][1][safepoint    ] Leaving safepoint region
[2021-12-31T02:52:13.928+0000][1][safepoint    ] Total time for which application threads were stopped: 0.0002802 seconds, Stopping threads took: 0.0001122 seconds
[2021-12-31T02:52:13.929+0000][1][safepoint    ] Application time: 0.0006249 seconds
[2021-12-31T02:52:13.929+0000][1][safepoint    ] Entering safepoint region: RevokeBias
[2021-12-31T02:52:13.929+0000][1][safepoint    ] Leaving safepoint region
[2021-12-31T02:52:13.930+0000][1][safepoint    ] Total time for which application threads were stopped: 0.0005444 seconds, Stopping threads took: 0.0003035 seconds
[2021-12-31T02:52:13.935+0000][1][safepoint    ] Application time: 0.0056667 seconds
[2021-12-31T02:52:13.936+0000][1][safepoint    ] Entering safepoint region: RevokeBias
[2021-12-31T02:52:13.936+0000][1][safepoint    ] Leaving safepoint region
[2021-12-31T02:52:13.936+0000][1][safepoint    ] Total time for which application threads were stopped: 0.0002474 seconds, Stopping threads took: 0.0001102 seconds
[2021-12-31T02:52:13.936+0000][1][safepoint    ] Application time: 0.0000700 seconds
[2021-12-31T02:52:13.936+0000][1][safepoint    ] Entering safepoint region: RevokeBias
[2021-12-31T02:52:13.936+0000][1][safepoint    ] Leaving safepoint region
[2021-12-31T02:52:13.936+0000][1][safepoint    ] Total time for which application threads were stopped: 0.0002100 seconds, Stopping threads took: 0.0000923 seconds
[2021-12-31T02:52:13.936+0000][1][safepoint    ] Application time: 0.0000554 seconds
[2021-12-31T02:52:13.937+0000][1][safepoint    ] Entering safepoint region: RevokeBias
[2021-12-31T02:52:13.937+0000][1][safepoint    ] Leaving safepoint region
[2021-12-31T02:52:13.937+0000][1][safepoint    ] Total time for which application threads were stopped: 0.0002081 seconds, Stopping threads took: 0.0000912 seconds
[2021-12-31T02:52:13.937+0000][1][safepoint    ] Application time: 0.0000495 seconds
[2021-12-31T02:52:13.937+0000][1][safepoint    ] Entering safepoint region: RevokeBias
[2021-12-31T02:52:13.937+0000][1][safepoint    ] Leaving safepoint region
[2021-12-31T02:52:13.937+0000][1][safepoint    ] Total time for which application threads were stopped: 0.0003282 seconds, Stopping threads took: 0.0000944 seconds
[2021-12-31T02:52:13.938+0000][1][safepoint    ] Application time: 0.0000971 seconds
[2021-12-31T02:52:13.938+0000][1][safepoint    ] Entering safepoint region: RevokeBias
[2021-12-31T02:52:13.938+0000][1][safepoint    ] Leaving safepoint region
[2021-12-31T02:52:13.938+0000][1][safepoint    ] Total time for which application threads were stopped: 0.0001966 seconds, Stopping threads took: 0.0000930 seconds
[2021-12-31T02:52:13.943+0000][1][safepoint    ] Application time: 0.0047742 seconds
[2021-12-31T02:52:13.943+0000][1][safepoint    ] Entering safepoint region: RevokeBias
[2021-12-31T02:52:13.943+0000][1][safepoint    ] Leaving safepoint region
[2021-12-31T02:52:13.943+0000][1][safepoint    ] Total time for which application threads were stopped: 0.0003380 seconds, Stopping threads took: 0.0001475 seconds
[2021-12-31T02:52:13.945+0000][1][safepoint    ] Application time: 0.0015141 seconds
[2021-12-31T02:52:13.945+0000][1][safepoint    ] Entering safepoint region: RevokeBias
[2021-12-31T02:52:13.945+0000][1][safepoint    ] Leaving safepoint region
[2021-12-31T02:52:13.945+0000][1][safepoint    ] Total time for which application threads were stopped: 0.0002410 seconds, Stopping threads took: 0.0000886 seconds
[2021-12-31T02:52:13.950+0000][1][safepoint    ] Application time: 0.0044419 seconds
[2021-12-31T02:52:13.950+0000][1][safepoint    ] Entering safepoint region: RevokeBias
[2021-12-31T02:52:13.950+0000][1][safepoint    ] Leaving safepoint region
[2021-12-31T02:52:13.950+0000][1][safepoint    ] Total time for which application threads were stopped: 0.0002471 seconds, Stopping threads took: 0.0001053 seconds
[2021-12-31T02:52:13.951+0000][1][safepoint    ] Application time: 0.0000765 seconds
[2021-12-31T02:52:13.951+0000][1][safepoint    ] Entering safepoint region: RevokeBias
[2021-12-31T02:52:13.951+0000][1][safepoint    ] Leaving safepoint region
[2021-12-31T02:52:13.951+0000][1][safepoint    ] Total time for which application threads were stopped: 0.0002308 seconds, Stopping threads took: 0.0000985 seconds
[2021-12-31T02:52:13.951+0000][1][safepoint    ] Application time: 0.0000731 seconds
[2021-12-31T02:52:13.951+0000][1][safepoint    ] Entering safepoint region: RevokeBias
[2021-12-31T02:52:13.951+0000][1][safepoint    ] Leaving safepoint region
[2021-12-31T02:52:13.951+0000][1][safepoint    ] Total time for which application threads were stopped: 0.0002271 seconds, Stopping threads took: 0.0000986 seconds
[2021-12-31T02:52:13.952+0000][1][safepoint    ] Application time: 0.0000513 seconds
[2021-12-31T02:52:13.952+0000][1][safepoint    ] Entering safepoint region: RevokeBias
[2021-12-31T02:52:13.952+0000][1][safepoint    ] Leaving safepoint region
[2021-12-31T02:52:13.952+0000][1][safepoint    ] Total time for which application threads were stopped: 0.0002224 seconds, Stopping threads took: 0.0000984 seconds
[2021-12-31T02:52:13.952+0000][1][safepoint    ] Application time: 0.0004526 seconds
[2021-12-31T02:52:13.953+0000][1][safepoint    ] Entering safepoint region: RevokeBias
[2021-12-31T02:52:13.953+0000][1][safepoint    ] Leaving safepoint region
[2021-12-31T02:52:13.953+0000][1][safepoint    ] Total time for which application threads were stopped: 0.0002030 seconds, Stopping threads took: 0.0000971 seconds
[2021-12-31T02:52:13.958+0000][1][safepoint    ] Application time: 0.0049860 seconds
[2021-12-31T02:52:13.958+0000][1][safepoint    ] Entering safepoint region: RevokeBias
[2021-12-31T02:52:13.958+0000][1][safepoint    ] Leaving safepoint region
[2021-12-31T02:52:13.958+0000][1][safepoint    ] Total time for which application threads were stopped: 0.0004192 seconds, Stopping threads took: 0.0001823 seconds
[2021-12-31T02:52:13.959+0000][1][safepoint    ] Application time: 0.0003323 seconds
[2021-12-31T02:52:13.964+0000][1][safepoint    ] Entering safepoint region: RevokeBias
[2021-12-31T02:52:13.964+0000][1][safepoint    ] Leaving safepoint region
[2021-12-31T02:52:13.964+0000][1][safepoint    ] Total time for which application threads were stopped: 0.0006637 seconds, Stopping threads took: 0.0003927 seconds
[2021-12-31T02:52:13.989+0000][1][safepoint    ] Application time: 0.0242269 seconds
[2021-12-31T02:52:13.989+0000][1][safepoint    ] Entering safepoint region: RevokeBias
[2021-12-31T02:52:13.989+0000][1][safepoint    ] Leaving safepoint region
[2021-12-31T02:52:13.989+0000][1][safepoint    ] Total time for which application threads were stopped: 0.0002464 seconds, Stopping threads took: 0.0000941 seconds
[2021-12-31T02:52:13.989+0000][1][safepoint    ] Application time: 0.0000637 seconds
[2021-12-31T02:52:13.989+0000][1][safepoint    ] Entering safepoint region: RevokeBias
[2021-12-31T02:52:13.990+0000][1][safepoint    ] Leaving safepoint region
[2021-12-31T02:52:13.990+0000][1][safepoint    ] Total time for which application threads were stopped: 0.0001929 seconds, Stopping threads took: 0.0000813 seconds
[2021-12-31T02:52:13.990+0000][1][safepoint    ] Application time: 0.0000522 seconds
[2021-12-31T02:52:13.990+0000][1][safepoint    ] Entering safepoint region: RevokeBias
[2021-12-31T02:52:13.990+0000][1][safepoint    ] Leaving safepoint region
[2021-12-31T02:52:13.990+0000][1][safepoint    ] Total time for which application threads were stopped: 0.0002600 seconds, Stopping threads took: 0.0001318 seconds
[2021-12-31T02:52:13.990+0000][1][safepoint    ] Application time: 0.0000495 seconds
[2021-12-31T02:52:13.990+0000][1][safepoint    ] Entering safepoint region: RevokeBias
[2021-12-31T02:52:13.990+0000][1][safepoint    ] Leaving safepoint region
[2021-12-31T02:52:13.991+0000][1][safepoint    ] Total time for which application threads were stopped: 0.0002357 seconds, Stopping threads took: 0.0000987 seconds
[2021-12-31T02:52:13.991+0000][1][safepoint    ] Application time: 0.0003866 seconds
[2021-12-31T02:52:13.991+0000][1][safepoint    ] Entering safepoint region: RevokeBias
[2021-12-31T02:52:13.992+0000][1][safepoint    ] Leaving safepoint region
[2021-12-31T02:52:13.992+0000][1][safepoint    ] Total time for which application threads were stopped: 0.0003949 seconds, Stopping threads took: 0.0001856 seconds
[2021-12-31T02:52:14.000+0000][1][safepoint    ] Application time: 0.0079342 seconds
[2021-12-31T02:52:14.000+0000][1][safepoint    ] Entering safepoint region: RevokeBias
[2021-12-31T02:52:14.000+0000][1][safepoint    ] Leaving safepoint region
[2021-12-31T02:52:14.000+0000][1][safepoint    ] Total time for which application threads were stopped: 0.0003385 seconds, Stopping threads took: 0.0001275 seconds
[2021-12-31T02:52:14.001+0000][1][safepoint    ] Application time: 0.0002478 seconds
[2021-12-31T02:52:14.001+0000][1][safepoint    ] Entering safepoint region: RevokeBias
[2021-12-31T02:52:14.001+0000][1][safepoint    ] Leaving safepoint region
[2021-12-31T02:52:14.001+0000][1][safepoint    ] Total time for which application threads were stopped: 0.0002485 seconds, Stopping threads took: 0.0000912 seconds
[2021-12-31T02:52:15.003+0000][1][safepoint    ] Application time: 1.0015700 seconds
[2021-12-31T02:52:15.003+0000][1][safepoint    ] Entering safepoint region: Cleanup
[2021-12-31T02:52:15.003+0000][1][safepoint    ] Leaving safepoint region
[2021-12-31T02:52:15.003+0000][1][safepoint    ] Total time for which application threads were stopped: 0.0002430 seconds, Stopping threads took: 0.0000946 seconds
[2021-12-31T02:52:16.005+0000][1][safepoint    ] Application time: 1.0020715 seconds
[2021-12-31T02:52:16.005+0000][1][safepoint    ] Entering safepoint region: Cleanup
[2021-12-31T02:52:16.006+0000][1][safepoint    ] Leaving safepoint region
[2021-12-31T02:52:16.006+0000][1][safepoint    ] Total time for which application threads were stopped: 0.0002346 seconds, Stopping threads took: 0.0001016 seconds
[2021-12-31T02:52:17.010+0000][1][safepoint    ] Application time: 1.0037391 seconds
[2021-12-31T02:52:17.010+0000][1][safepoint    ] Entering safepoint region: Cleanup
[2021-12-31T02:52:17.010+0000][1][safepoint    ] Leaving safepoint region
[2021-12-31T02:52:17.010+0000][1][safepoint    ] Total time for which application threads were stopped: 0.0002434 seconds, Stopping threads took: 0.0001028 seconds
[2021-12-31T02:52:17.096+0000][1][safepoint    ] Application time: 0.0860882 seconds
[2021-12-31T02:52:17.097+0000][1][safepoint    ] Entering safepoint region: RevokeBias
[2021-12-31T02:52:17.097+0000][1][safepoint    ] Leaving safepoint region
[2021-12-31T02:52:17.097+0000][1][safepoint    ] Total time for which application threads were stopped: 0.0004127 seconds, Stopping threads took: 0.0001775 seconds
[2021-12-31T02:52:18.099+0000][1][safepoint    ] Application time: 1.0014200 seconds
[2021-12-31T02:52:18.099+0000][1][safepoint    ] Entering safepoint region: Cleanup
[2021-12-31T02:52:18.099+0000][1][safepoint    ] Leaving safepoint region
[2021-12-31T02:52:18.099+0000][1][safepoint    ] Total time for which application threads were stopped: 0.0003660 seconds, Stopping threads took: 0.0001671 seconds
[2021-12-31T02:52:19.102+0000][1][safepoint    ] Application time: 1.0019962 seconds
[2021-12-31T02:52:19.102+0000][1][safepoint    ] Entering safepoint region: Cleanup
[2021-12-31T02:52:19.102+0000][1][safepoint    ] Leaving safepoint region
[2021-12-31T02:52:19.103+0000][1][safepoint    ] Total time for which application threads were stopped: 0.0005976 seconds, Stopping threads took: 0.0002630 seconds
[2021-12-31T02:52:20.105+0000][1][safepoint    ] Application time: 1.0019613 seconds
[2021-12-31T02:52:20.105+0000][1][safepoint    ] Entering safepoint region: Cleanup
[2021-12-31T02:52:20.105+0000][1][safepoint    ] Leaving safepoint region
[2021-12-31T02:52:20.105+0000][1][safepoint    ] Total time for which application threads were stopped: 0.0002657 seconds, Stopping threads took: 0.0001335 seconds
[2021-12-31T02:52:21.106+0000][1][safepoint    ] Application time: 1.0007553 seconds
[2021-12-31T02:52:21.106+0000][1][safepoint    ] Entering safepoint region: Cleanup
[2021-12-31T02:52:21.107+0000][1][safepoint    ] Leaving safepoint region
[2021-12-31T02:52:21.107+0000][1][safepoint    ] Total time for which application threads were stopped: 0.0002371 seconds, Stopping threads took: 0.0001017 seconds
[2021-12-31T02:52:22.107+0000][1][safepoint    ] Application time: 1.0004369 seconds
[2021-12-31T02:52:22.107+0000][1][safepoint    ] Entering safepoint region: Cleanup
[2021-12-31T02:52:22.108+0000][1][safepoint    ] Leaving safepoint region
[2021-12-31T02:52:22.108+0000][1][safepoint    ] Total time for which application threads were stopped: 0.0002282 seconds, Stopping threads took: 0.0000983 seconds
[2021-12-31T02:52:23.110+0000][1][safepoint    ] Application time: 1.0025921 seconds
[2021-12-31T02:52:23.111+0000][1][safepoint    ] Entering safepoint region: Cleanup
[2021-12-31T02:52:23.111+0000][1][safepoint    ] Leaving safepoint region
[2021-12-31T02:52:23.111+0000][1][safepoint    ] Total time for which application threads were stopped: 0.0002553 seconds, Stopping threads took: 0.0001201 seconds
[2021-12-31T02:52:24.113+0000][1][safepoint    ] Application time: 1.0020838 seconds
[2021-12-31T02:52:24.113+0000][1][safepoint    ] Entering safepoint region: Cleanup
[2021-12-31T02:52:24.114+0000][1][safepoint    ] Leaving safepoint region
[2021-12-31T02:52:24.114+0000][1][safepoint    ] Total time for which application threads were stopped: 0.0005008 seconds, Stopping threads took: 0.0001662 seconds
[2021-12-31T02:52:25.116+0000][1][safepoint    ] Application time: 1.0021824 seconds
[2021-12-31T02:52:25.117+0000][1][safepoint    ] Entering safepoint region: Cleanup
[2021-12-31T02:52:25.117+0000][1][safepoint    ] Leaving safepoint region
[2021-12-31T02:52:25.117+0000][1][safepoint    ] Total time for which application threads were stopped: 0.0002713 seconds, Stopping threads took: 0.0001161 seconds
[2021-12-31T02:52:26.118+0000][1][safepoint    ] Application time: 1.0010936 seconds
[2021-12-31T02:52:26.119+0000][1][safepoint    ] Entering safepoint region: Cleanup
[2021-12-31T02:52:26.119+0000][1][safepoint    ] Leaving safepoint region
[2021-12-31T02:52:26.119+0000][1][safepoint    ] Total time for which application threads were stopped: 0.0003386 seconds, Stopping threads took: 0.0001954 seconds
[2021-12-31T02:52:27.122+0000][1][safepoint    ] Application time: 1.0031580 seconds
[2021-12-31T02:52:27.123+0000][1][safepoint    ] Entering safepoint region: Cleanup
[2021-12-31T02:52:27.123+0000][1][safepoint    ] Leaving safepoint region
[2021-12-31T02:52:27.123+0000][1][safepoint    ] Total time for which application threads were stopped: 0.0003512 seconds, Stopping threads took: 0.0001630 seconds
[2021-12-31T02:52:28.125+0000][1][safepoint    ] Application time: 1.0022822 seconds
[2021-12-31T02:52:28.126+0000][1][safepoint    ] Entering safepoint region: Cleanup
[2021-12-31T02:52:28.126+0000][1][safepoint    ] Leaving safepoint region
[2021-12-31T02:52:28.126+0000][1][safepoint    ] Total time for which application threads were stopped: 0.0003555 seconds, Stopping threads took: 0.0001279 seconds
[2021-12-31T02:52:29.127+0000][1][safepoint    ] Application time: 1.0010916 seconds
[2021-12-31T02:52:29.128+0000][1][safepoint    ] Entering safepoint region: Cleanup
[2021-12-31T02:52:29.128+0000][1][safepoint    ] Leaving safepoint region
[2021-12-31T02:52:29.128+0000][1][safepoint    ] Total time for which application threads were stopped: 0.0004925 seconds, Stopping threads took: 0.0002937 seconds
[2021-12-31T02:52:30.130+0000][1][safepoint    ] Application time: 1.0020331 seconds
[2021-12-31T02:52:30.130+0000][1][safepoint    ] Entering safepoint region: Cleanup
[2021-12-31T02:52:30.131+0000][1][safepoint    ] Leaving safepoint region
[2021-12-31T02:52:30.131+0000][1][safepoint    ] Total time for which application threads were stopped: 0.0002745 seconds, Stopping threads took: 0.0001398 seconds
[2021-12-31T02:52:31.131+0000][1][safepoint    ] Application time: 1.0002925 seconds
[2021-12-31T02:52:31.131+0000][1][safepoint    ] Entering safepoint region: Cleanup
[2021-12-31T02:52:31.132+0000][1][safepoint    ] Leaving safepoint region
[2021-12-31T02:52:31.132+0000][1][safepoint    ] Total time for which application threads were stopped: 0.0003878 seconds, Stopping threads took: 0.0001743 seconds
[2021-12-31T02:52:32.135+0000][1][safepoint    ] Application time: 1.0029846 seconds
[2021-12-31T02:52:32.135+0000][1][safepoint    ] Entering safepoint region: Cleanup
[2021-12-31T02:52:32.135+0000][1][safepoint    ] Leaving safepoint region
[2021-12-31T02:52:32.135+0000][1][safepoint    ] Total time for which application threads were stopped: 0.0002405 seconds, Stopping threads took: 0.0001051 seconds
[2021-12-31T02:52:33.137+0000][1][safepoint    ] Application time: 1.0019431 seconds
[2021-12-31T02:52:33.137+0000][1][safepoint    ] Entering safepoint region: Cleanup
[2021-12-31T02:52:33.138+0000][1][safepoint    ] Leaving safepoint region
[2021-12-31T02:52:33.138+0000][1][safepoint    ] Total time for which application threads were stopped: 0.0002384 seconds, Stopping threads took: 0.0001041 seconds
[2021-12-31T02:52:34.138+0000][1][safepoint    ] Application time: 1.0002576 seconds
[2021-12-31T02:52:34.138+0000][1][safepoint    ] Entering safepoint region: Cleanup
[2021-12-31T02:52:34.138+0000][1][safepoint    ] Leaving safepoint region
[2021-12-31T02:52:34.138+0000][1][safepoint    ] Total time for which application threads were stopped: 0.0002387 seconds, Stopping threads took: 0.0001037 seconds
[2021-12-31T02:52:35.141+0000][1][safepoint    ] Application time: 1.0027872 seconds
[2021-12-31T02:52:35.142+0000][1][safepoint    ] Entering safepoint region: Cleanup
[2021-12-31T02:52:35.142+0000][1][safepoint    ] Leaving safepoint region
[2021-12-31T02:52:35.142+0000][1][safepoint    ] Total time for which application threads were stopped: 0.0008137 seconds, Stopping threads took: 0.0001351 seconds
[2021-12-31T02:52:36.146+0000][1][safepoint    ] Application time: 1.0030891 seconds
[2021-12-31T02:52:36.146+0000][1][safepoint    ] Entering safepoint region: Cleanup
[2021-12-31T02:52:36.146+0000][1][safepoint    ] Leaving safepoint region
[2021-12-31T02:52:36.147+0000][1][safepoint    ] Total time for which application threads were stopped: 0.0006710 seconds, Stopping threads took: 0.0003009 seconds
[2021-12-31T02:52:37.148+0000][1][safepoint    ] Application time: 1.0005437 seconds
[2021-12-31T02:52:37.148+0000][1][safepoint    ] Entering safepoint region: Cleanup
[2021-12-31T02:52:37.148+0000][1][safepoint    ] Leaving safepoint region
[2021-12-31T02:52:37.149+0000][1][safepoint    ] Total time for which application threads were stopped: 0.0006805 seconds, Stopping threads took: 0.0002774 seconds
[2021-12-31T02:52:38.152+0000][1][safepoint    ] Application time: 1.0031531 seconds
[2021-12-31T02:52:38.152+0000][1][safepoint    ] Entering safepoint region: Cleanup
[2021-12-31T02:52:38.152+0000][1][safepoint    ] Leaving safepoint region
[2021-12-31T02:52:38.153+0000][1][safepoint    ] Total time for which application threads were stopped: 0.0002673 seconds, Stopping threads took: 0.0001119 seconds
[2021-12-31T02:52:39.153+0000][1][safepoint    ] Application time: 1.0002890 seconds
[2021-12-31T02:52:39.153+0000][1][safepoint    ] Entering safepoint region: Cleanup
[2021-12-31T02:52:39.153+0000][1][safepoint    ] Leaving safepoint region
[2021-12-31T02:52:39.153+0000][1][safepoint    ] Total time for which application threads were stopped: 0.0002268 seconds, Stopping threads took: 0.0000959 seconds
[2021-12-31T02:52:40.154+0000][1][safepoint    ] Application time: 1.0008141 seconds
[2021-12-31T02:52:40.154+0000][1][safepoint    ] Entering safepoint region: Cleanup
[2021-12-31T02:52:40.155+0000][1][safepoint    ] Leaving safepoint region
[2021-12-31T02:52:40.155+0000][1][safepoint    ] Total time for which application threads were stopped: 0.0002464 seconds, Stopping threads took: 0.0001025 seconds
[2021-12-31T02:52:41.159+0000][1][safepoint    ] Application time: 1.0039482 seconds
[2021-12-31T02:52:41.159+0000][1][safepoint    ] Entering safepoint region: Cleanup
[2021-12-31T02:52:41.159+0000][1][safepoint    ] Leaving safepoint region
[2021-12-31T02:52:41.159+0000][1][safepoint    ] Total time for which application threads were stopped: 0.0002442 seconds, Stopping threads took: 0.0001073 seconds
[2021-12-31T02:52:42.162+0000][1][safepoint    ] Application time: 1.0023249 seconds
[2021-12-31T02:52:42.162+0000][1][safepoint    ] Entering safepoint region: Cleanup
[2021-12-31T02:52:42.162+0000][1][safepoint    ] Leaving safepoint region
[2021-12-31T02:52:42.162+0000][1][safepoint    ] Total time for which application threads were stopped: 0.0002613 seconds, Stopping threads took: 0.0001142 seconds
[2021-12-31T02:52:43.164+0000][1][safepoint    ] Application time: 1.0019513 seconds
[2021-12-31T02:52:43.164+0000][1][safepoint    ] Entering safepoint region: Cleanup
[2021-12-31T02:52:43.165+0000][1][safepoint    ] Leaving safepoint region
[2021-12-31T02:52:43.165+0000][1][safepoint    ] Total time for which application threads were stopped: 0.0002265 seconds, Stopping threads took: 0.0000924 seconds
[2021-12-31T02:52:44.165+0000][1][safepoint    ] Application time: 1.0005500 seconds
[2021-12-31T02:52:44.165+0000][1][safepoint    ] Entering safepoint region: Cleanup
[2021-12-31T02:52:44.166+0000][1][safepoint    ] Leaving safepoint region
[2021-12-31T02:52:44.166+0000][1][safepoint    ] Total time for which application threads were stopped: 0.0002080 seconds, Stopping threads took: 0.0000908 seconds
[2021-12-31T02:52:45.167+0000][1][safepoint    ] Application time: 1.0017369 seconds
[2021-12-31T02:52:45.168+0000][1][safepoint    ] Entering safepoint region: Cleanup
[2021-12-31T02:52:45.168+0000][1][safepoint    ] Leaving safepoint region
[2021-12-31T02:52:45.168+0000][1][safepoint    ] Total time for which application threads were stopped: 0.0008193 seconds, Stopping threads took: 0.0001078 seconds
[2021-12-31T02:52:46.171+0000][1][safepoint    ] Application time: 1.0023826 seconds
[2021-12-31T02:52:46.171+0000][1][safepoint    ] Entering safepoint region: Cleanup
[2021-12-31T02:52:46.171+0000][1][safepoint    ] Leaving safepoint region
[2021-12-31T02:52:46.172+0000][1][safepoint    ] Total time for which application threads were stopped: 0.0002851 seconds, Stopping threads took: 0.0001214 seconds
[2021-12-31T02:52:47.172+0000][1][safepoint    ] Application time: 1.0008331 seconds
[2021-12-31T02:52:47.173+0000][1][safepoint    ] Entering safepoint region: Cleanup
[2021-12-31T02:52:47.173+0000][1][safepoint    ] Leaving safepoint region
[2021-12-31T02:52:47.173+0000][1][safepoint    ] Total time for which application threads were stopped: 0.0003616 seconds, Stopping threads took: 0.0001778 seconds
[2021-12-31T02:52:48.176+0000][1][safepoint    ] Application time: 1.0031772 seconds
[2021-12-31T02:52:48.177+0000][1][safepoint    ] Entering safepoint region: Cleanup
[2021-12-31T02:52:48.177+0000][1][safepoint    ] Leaving safepoint region
[2021-12-31T02:52:48.177+0000][1][safepoint    ] Total time for which application threads were stopped: 0.0004365 seconds, Stopping threads took: 0.0001944 seconds
[2021-12-31T02:52:49.180+0000][1][safepoint    ] Application time: 1.0021270 seconds
[2021-12-31T02:52:49.180+0000][1][safepoint    ] Entering safepoint region: Cleanup
[2021-12-31T02:52:49.180+0000][1][safepoint    ] Leaving safepoint region
[2021-12-31T02:52:49.180+0000][1][safepoint    ] Total time for which application threads were stopped: 0.0004272 seconds, Stopping threads took: 0.0001834 seconds
[2021-12-31T02:52:50.184+0000][1][safepoint    ] Application time: 1.0031805 seconds
[2021-12-31T02:52:50.184+0000][1][safepoint    ] Entering safepoint region: Cleanup
[2021-12-31T02:52:50.184+0000][1][safepoint    ] Leaving safepoint region
[2021-12-31T02:52:50.184+0000][1][safepoint    ] Total time for which application threads were stopped: 0.0002511 seconds, Stopping threads took: 0.0001022 seconds
[2021-12-31T02:52:51.187+0000][1][safepoint    ] Application time: 1.0026579 seconds
[2021-12-31T02:52:51.187+0000][1][safepoint    ] Entering safepoint region: Cleanup
[2021-12-31T02:52:51.187+0000][1][safepoint    ] Leaving safepoint region
[2021-12-31T02:52:51.188+0000][1][safepoint    ] Total time for which application threads were stopped: 0.0005188 seconds, Stopping threads took: 0.0002205 seconds
[2021-12-31T02:52:52.190+0000][1][safepoint    ] Application time: 1.0024134 seconds
[2021-12-31T02:52:52.190+0000][1][safepoint    ] Entering safepoint region: Cleanup
[2021-12-31T02:52:52.191+0000][1][safepoint    ] Leaving safepoint region
[2021-12-31T02:52:52.191+0000][1][safepoint    ] Total time for which application threads were stopped: 0.0002089 seconds, Stopping threads took: 0.0000885 seconds
[2021-12-31T02:52:54.177+0000][1][safepoint    ] Application time: 1.9866190 seconds
[2021-12-31T02:52:54.178+0000][1][safepoint    ] Entering safepoint region: Cleanup
[2021-12-31T02:52:54.178+0000][1][safepoint    ] Leaving safepoint region
[2021-12-31T02:52:54.178+0000][1][safepoint    ] Total time for which application threads were stopped: 0.0002434 seconds, Stopping threads took: 0.0001006 seconds
[2021-12-31T02:52:55.179+0000][1][safepoint    ] Application time: 1.0015659 seconds
[2021-12-31T02:52:55.180+0000][1][safepoint    ] Entering safepoint region: Cleanup
[2021-12-31T02:52:55.180+0000][1][safepoint    ] Leaving safepoint region
[2021-12-31T02:52:55.180+0000][1][safepoint    ] Total time for which application threads were stopped: 0.0002421 seconds, Stopping threads took: 0.0001097 seconds
[2021-12-31T02:52:56.182+0000][1][safepoint    ] Application time: 1.0023922 seconds
[2021-12-31T02:52:56.183+0000][1][safepoint    ] Entering safepoint region: Cleanup
[2021-12-31T02:52:56.183+0000][1][safepoint    ] Leaving safepoint region
[2021-12-31T02:52:56.183+0000][1][safepoint    ] Total time for which application threads were stopped: 0.0002449 seconds, Stopping threads took: 0.0001021 seconds
[2021-12-31T02:52:57.185+0000][1][safepoint    ] Application time: 1.0018598 seconds
[2021-12-31T02:52:57.185+0000][1][safepoint    ] Entering safepoint region: Cleanup
[2021-12-31T02:52:57.185+0000][1][safepoint    ] Leaving safepoint region
[2021-12-31T02:52:57.185+0000][1][safepoint    ] Total time for which application threads were stopped: 0.0002457 seconds, Stopping threads took: 0.0001042 seconds
[2021-12-31T02:52:58.185+0000][1][safepoint    ] Application time: 1.0000802 seconds
[2021-12-31T02:52:58.186+0000][1][safepoint    ] Entering safepoint region: Cleanup
[2021-12-31T02:52:58.186+0000][1][safepoint    ] Leaving safepoint region
[2021-12-31T02:52:58.186+0000][1][safepoint    ] Total time for which application threads were stopped: 0.0002218 seconds, Stopping threads took: 0.0001014 seconds
[2021-12-31T02:52:59.189+0000][1][safepoint    ] Application time: 1.0028474 seconds
[2021-12-31T02:52:59.189+0000][1][safepoint    ] Entering safepoint region: Cleanup
[2021-12-31T02:52:59.189+0000][1][safepoint    ] Leaving safepoint region
[2021-12-31T02:52:59.189+0000][1][safepoint    ] Total time for which application threads were stopped: 0.0002139 seconds, Stopping threads took: 0.0000918 seconds
[2021-12-31T02:53:00.191+0000][1][safepoint    ] Application time: 1.0015976 seconds
[2021-12-31T02:53:00.191+0000][1][safepoint    ] Entering safepoint region: Cleanup
[2021-12-31T02:53:00.191+0000][1][safepoint    ] Leaving safepoint region
[2021-12-31T02:53:00.191+0000][1][safepoint    ] Total time for which application threads were stopped: 0.0002260 seconds, Stopping threads took: 0.0001044 seconds
[2021-12-31T02:53:01.195+0000][1][safepoint    ] Application time: 1.0033704 seconds
[2021-12-31T02:53:01.195+0000][1][safepoint    ] Entering safepoint region: Cleanup
[2021-12-31T02:53:01.195+0000][1][safepoint    ] Leaving safepoint region
[2021-12-31T02:53:01.195+0000][1][safepoint    ] Total time for which application threads were stopped: 0.0002311 seconds, Stopping threads took: 0.0000958 seconds
[2021-12-31T02:53:02.196+0000][1][safepoint    ] Application time: 1.0003387 seconds
[2021-12-31T02:53:02.196+0000][1][safepoint    ] Entering safepoint region: Cleanup
[2021-12-31T02:53:02.196+0000][1][safepoint    ] Leaving safepoint region
[2021-12-31T02:53:02.196+0000][1][safepoint    ] Total time for which application threads were stopped: 0.0004704 seconds, Stopping threads took: 0.0002168 seconds
[2021-12-31T02:53:03.197+0000][1][safepoint    ] Application time: 1.0008729 seconds
[2021-12-31T02:53:03.198+0000][1][safepoint    ] Entering safepoint region: Cleanup
[2021-12-31T02:53:03.198+0000][1][safepoint    ] Leaving safepoint region
[2021-12-31T02:53:03.198+0000][1][safepoint    ] Total time for which application threads were stopped: 0.0002602 seconds, Stopping threads took: 0.0001085 seconds
[2021-12-31T02:53:04.201+0000][1][safepoint    ] Application time: 1.0031313 seconds
[2021-12-31T02:53:04.201+0000][1][safepoint    ] Entering safepoint region: Cleanup
[2021-12-31T02:53:04.202+0000][1][safepoint    ] Leaving safepoint region
[2021-12-31T02:53:04.202+0000][1][safepoint    ] Total time for which application threads were stopped: 0.0003598 seconds, Stopping threads took: 0.0001572 seconds
[2021-12-31T02:53:05.204+0000][1][safepoint    ] Application time: 1.0019154 seconds
[2021-12-31T02:53:05.204+0000][1][safepoint    ] Entering safepoint region: Cleanup
[2021-12-31T02:53:05.204+0000][1][safepoint    ] Leaving safepoint region
[2021-12-31T02:53:05.205+0000][1][safepoint    ] Total time for which application threads were stopped: 0.0007447 seconds, Stopping threads took: 0.0001535 seconds
[2021-12-31T02:53:06.209+0000][1][safepoint    ] Application time: 1.0034362 seconds
[2021-12-31T02:53:06.209+0000][1][safepoint    ] Entering safepoint region: Cleanup
[2021-12-31T02:53:06.209+0000][1][safepoint    ] Leaving safepoint region
[2021-12-31T02:53:06.209+0000][1][safepoint    ] Total time for which application threads were stopped: 0.0002394 seconds, Stopping threads took: 0.0001048 seconds
[2021-12-31T02:53:07.212+0000][1][safepoint    ] Application time: 1.0027254 seconds
[2021-12-31T02:53:07.212+0000][1][safepoint    ] Entering safepoint region: Cleanup
[2021-12-31T02:53:07.212+0000][1][safepoint    ] Leaving safepoint region
[2021-12-31T02:53:07.212+0000][1][safepoint    ] Total time for which application threads were stopped: 0.0002764 seconds, Stopping threads took: 0.0001010 seconds
[2021-12-31T02:53:08.214+0000][1][safepoint    ] Application time: 1.0015522 seconds
[2021-12-31T02:53:08.214+0000][1][safepoint    ] Entering safepoint region: Cleanup
[2021-12-31T02:53:08.214+0000][1][safepoint    ] Leaving safepoint region
[2021-12-31T02:53:08.214+0000][1][safepoint    ] Total time for which application threads were stopped: 0.0003392 seconds, Stopping threads took: 0.0001201 seconds
[2021-12-31T02:53:09.217+0000][1][safepoint    ] Application time: 1.0026198 seconds
[2021-12-31T02:53:09.217+0000][1][safepoint    ] Entering safepoint region: Cleanup
[2021-12-31T02:53:09.218+0000][1][safepoint    ] Leaving safepoint region
[2021-12-31T02:53:09.218+0000][1][safepoint    ] Total time for which application threads were stopped: 0.0003408 seconds, Stopping threads took: 0.0001111 seconds
[2021-12-31T02:53:10.220+0000][1][safepoint    ] Application time: 1.0016757 seconds
[2021-12-31T02:53:10.220+0000][1][safepoint    ] Entering safepoint region: Cleanup
[2021-12-31T02:53:10.220+0000][1][safepoint    ] Leaving safepoint region
[2021-12-31T02:53:10.220+0000][1][safepoint    ] Total time for which application threads were stopped: 0.0002806 seconds, Stopping threads took: 0.0001201 seconds
[2021-12-31T02:53:11.228+0000][1][safepoint    ] Application time: 1.0077451 seconds
[2021-12-31T02:53:11.228+0000][1][safepoint    ] Entering safepoint region: Cleanup
[2021-12-31T02:53:11.228+0000][1][safepoint    ] Leaving safepoint region
[2021-12-31T02:53:11.228+0000][1][safepoint    ] Total time for which application threads were stopped: 0.0002523 seconds, Stopping threads took: 0.0001061 seconds
[2021-12-31T02:53:12.238+0000][1][safepoint    ] Application time: 1.0090802 seconds
[2021-12-31T02:53:12.238+0000][1][safepoint    ] Entering safepoint region: Cleanup
[2021-12-31T02:53:12.238+0000][1][safepoint    ] Leaving safepoint region
[2021-12-31T02:53:12.238+0000][1][safepoint    ] Total time for which application threads were stopped: 0.0004432 seconds, Stopping threads took: 0.0001995 seconds
[2021-12-31T02:53:13.239+0000][1][safepoint    ] Application time: 1.0008276 seconds
[2021-12-31T02:53:13.240+0000][1][safepoint    ] Entering safepoint region: Cleanup
[2021-12-31T02:53:13.240+0000][1][safepoint    ] Leaving safepoint region
[2021-12-31T02:53:13.240+0000][1][safepoint    ] Total time for which application threads were stopped: 0.0002553 seconds, Stopping threads took: 0.0001053 seconds
[2021-12-31T02:53:14.244+0000][1][safepoint    ] Application time: 1.0038840 seconds
[2021-12-31T02:53:14.244+0000][1][safepoint    ] Entering safepoint region: Cleanup
[2021-12-31T02:53:14.244+0000][1][safepoint    ] Leaving safepoint region
[2021-12-31T02:53:14.244+0000][1][safepoint    ] Total time for which application threads were stopped: 0.0002510 seconds, Stopping threads took: 0.0001050 seconds
[2021-12-31T02:53:15.246+0000][1][safepoint    ] Application time: 1.0017037 seconds
[2021-12-31T02:53:15.246+0000][1][safepoint    ] Entering safepoint region: Cleanup
[2021-12-31T02:53:15.247+0000][1][safepoint    ] Leaving safepoint region
[2021-12-31T02:53:15.247+0000][1][safepoint    ] Total time for which application threads were stopped: 0.0004652 seconds, Stopping threads took: 0.0002020 seconds
[2021-12-31T02:53:16.247+0000][1][safepoint    ] Application time: 1.0003385 seconds
[2021-12-31T02:53:16.248+0000][1][safepoint    ] Entering safepoint region: Cleanup
[2021-12-31T02:53:16.248+0000][1][safepoint    ] Leaving safepoint region
[2021-12-31T02:53:16.248+0000][1][safepoint    ] Total time for which application threads were stopped: 0.0002727 seconds, Stopping threads took: 0.0001253 seconds
[2021-12-31T02:53:17.108+0000][1][safepoint    ] Application time: 0.8602185 seconds
[2021-12-31T02:53:17.109+0000][1][safepoint    ] Entering safepoint region: RevokeBias
[2021-12-31T02:53:17.110+0000][1][safepoint    ] Leaving safepoint region
[2021-12-31T02:53:17.110+0000][1][safepoint    ] Total time for which application threads were stopped: 0.0006598 seconds, Stopping threads took: 0.0003815 seconds
[2021-12-31T02:53:18.110+0000][1][safepoint    ] Application time: 1.0003957 seconds
[2021-12-31T02:53:18.111+0000][1][safepoint    ] Entering safepoint region: Cleanup
[2021-12-31T02:53:18.111+0000][1][safepoint    ] Leaving safepoint region
[2021-12-31T02:53:18.111+0000][1][safepoint    ] Total time for which application threads were stopped: 0.0003404 seconds, Stopping threads took: 0.0001542 seconds
[2021-12-31T02:53:19.114+0000][1][safepoint    ] Application time: 1.0025533 seconds
[2021-12-31T02:53:19.114+0000][1][safepoint    ] Entering safepoint region: Cleanup
[2021-12-31T02:53:19.114+0000][1][safepoint    ] Leaving safepoint region
[2021-12-31T02:53:19.114+0000][1][safepoint    ] Total time for which application threads were stopped: 0.0002347 seconds, Stopping threads took: 0.0001021 seconds
[2021-12-31T02:53:20.116+0000][1][safepoint    ] Application time: 1.0019349 seconds
[2021-12-31T02:53:20.116+0000][1][safepoint    ] Entering safepoint region: Cleanup
[2021-12-31T02:53:20.116+0000][1][safepoint    ] Leaving safepoint region
[2021-12-31T02:53:20.117+0000][1][safepoint    ] Total time for which application threads were stopped: 0.0002817 seconds, Stopping threads took: 0.0001116 seconds
[2021-12-31T02:53:21.119+0000][1][safepoint    ] Application time: 1.0022545 seconds
[2021-12-31T02:53:21.119+0000][1][safepoint    ] Entering safepoint region: Cleanup
[2021-12-31T02:53:21.119+0000][1][safepoint    ] Leaving safepoint region
[2021-12-31T02:53:21.119+0000][1][safepoint    ] Total time for which application threads were stopped: 0.0002257 seconds, Stopping threads took: 0.0000976 seconds
[2021-12-31T02:53:22.121+0000][1][safepoint    ] Application time: 1.0014202 seconds
[2021-12-31T02:53:22.121+0000][1][safepoint    ] Entering safepoint region: Cleanup
[2021-12-31T02:53:22.121+0000][1][safepoint    ] Leaving safepoint region
[2021-12-31T02:53:22.121+0000][1][safepoint    ] Total time for which application threads were stopped: 0.0002546 seconds, Stopping threads took: 0.0001171 seconds
[2021-12-31T02:53:23.124+0000][1][safepoint    ] Application time: 1.0026090 seconds
[2021-12-31T02:53:23.124+0000][1][safepoint    ] Entering safepoint region: Cleanup
[2021-12-31T02:53:23.124+0000][1][safepoint    ] Leaving safepoint region
[2021-12-31T02:53:23.124+0000][1][safepoint    ] Total time for which application threads were stopped: 0.0002479 seconds, Stopping threads took: 0.0001067 seconds
[2021-12-31T02:53:24.125+0000][1][safepoint    ] Application time: 1.0009577 seconds
[2021-12-31T02:53:24.126+0000][1][safepoint    ] Entering safepoint region: Cleanup
[2021-12-31T02:53:24.126+0000][1][safepoint    ] Leaving safepoint region
[2021-12-31T02:53:24.126+0000][1][safepoint    ] Total time for which application threads were stopped: 0.0003112 seconds, Stopping threads took: 0.0001419 seconds
[2021-12-31T02:53:25.127+0000][1][safepoint    ] Application time: 1.0005018 seconds
[2021-12-31T02:53:25.127+0000][1][safepoint    ] Entering safepoint region: Cleanup
[2021-12-31T02:53:25.127+0000][1][safepoint    ] Leaving safepoint region
[2021-12-31T02:53:25.127+0000][1][safepoint    ] Total time for which application threads were stopped: 0.0002383 seconds, Stopping threads took: 0.0001037 seconds
[2021-12-31T02:53:26.127+0000][1][safepoint    ] Application time: 1.0002920 seconds
[2021-12-31T02:53:26.128+0000][1][safepoint    ] Entering safepoint region: Cleanup
[2021-12-31T02:53:26.128+0000][1][safepoint    ] Leaving safepoint region
[2021-12-31T02:53:26.128+0000][1][safepoint    ] Total time for which application threads were stopped: 0.0004086 seconds, Stopping threads took: 0.0001854 seconds
[2021-12-31T02:53:27.130+0000][1][safepoint    ] Application time: 1.0013047 seconds
[2021-12-31T02:53:27.130+0000][1][safepoint    ] Entering safepoint region: Cleanup
[2021-12-31T02:53:27.130+0000][1][safepoint    ] Leaving safepoint region
[2021-12-31T02:53:27.130+0000][1][safepoint    ] Total time for which application threads were stopped: 0.0002031 seconds, Stopping threads took: 0.0000901 seconds
[2021-12-31T02:53:28.130+0000][1][safepoint    ] Application time: 1.0004443 seconds
[2021-12-31T02:53:28.131+0000][1][safepoint    ] Entering safepoint region: Cleanup
[2021-12-31T02:53:28.131+0000][1][safepoint    ] Leaving safepoint region
[2021-12-31T02:53:28.131+0000][1][safepoint    ] Total time for which application threads were stopped: 0.0002361 seconds, Stopping threads took: 0.0001059 seconds
[2021-12-31T02:53:29.133+0000][1][safepoint    ] Application time: 1.0019349 seconds
[2021-12-31T02:53:29.133+0000][1][safepoint    ] Entering safepoint region: Cleanup
[2021-12-31T02:53:29.133+0000][1][safepoint    ] Leaving safepoint region
[2021-12-31T02:53:29.133+0000][1][safepoint    ] Total time for which application threads were stopped: 0.0002359 seconds, Stopping threads took: 0.0001017 seconds
[2021-12-31T02:53:30.135+0000][1][safepoint    ] Application time: 1.0019272 seconds
[2021-12-31T02:53:30.136+0000][1][safepoint    ] Entering safepoint region: Cleanup
[2021-12-31T02:53:30.136+0000][1][safepoint    ] Leaving safepoint region
[2021-12-31T02:53:30.136+0000][1][safepoint    ] Total time for which application threads were stopped: 0.0003459 seconds, Stopping threads took: 0.0001483 seconds
[2021-12-31T02:53:31.139+0000][1][safepoint    ] Application time: 1.0033145 seconds
[2021-12-31T02:53:31.140+0000][1][safepoint    ] Entering safepoint region: Cleanup
[2021-12-31T02:53:31.140+0000][1][safepoint    ] Leaving safepoint region
[2021-12-31T02:53:31.140+0000][1][safepoint    ] Total time for which application threads were stopped: 0.0002228 seconds, Stopping threads took: 0.0000941 seconds
[2021-12-31T02:53:32.142+0000][1][safepoint    ] Application time: 1.0022697 seconds
[2021-12-31T02:53:32.142+0000][1][safepoint    ] Entering safepoint region: Cleanup
[2021-12-31T02:53:32.143+0000][1][safepoint    ] Leaving safepoint region
[2021-12-31T02:53:32.143+0000][1][safepoint    ] Total time for which application threads were stopped: 0.0003284 seconds, Stopping threads took: 0.0001363 seconds
[2021-12-31T02:53:33.144+0000][1][safepoint    ] Application time: 1.0006281 seconds
[2021-12-31T02:53:33.144+0000][1][safepoint    ] Entering safepoint region: Cleanup
[2021-12-31T02:53:33.144+0000][1][safepoint    ] Leaving safepoint region
[2021-12-31T02:53:33.145+0000][1][safepoint    ] Total time for which application threads were stopped: 0.0006466 seconds, Stopping threads took: 0.0002554 seconds
[2021-12-31T02:53:34.145+0000][1][safepoint    ] Application time: 1.0001825 seconds
[2021-12-31T02:53:34.145+0000][1][safepoint    ] Entering safepoint region: Cleanup
[2021-12-31T02:53:34.146+0000][1][safepoint    ] Leaving safepoint region
[2021-12-31T02:53:34.146+0000][1][safepoint    ] Total time for which application threads were stopped: 0.0003524 seconds, Stopping threads took: 0.0001578 seconds
[2021-12-31T02:53:35.149+0000][1][safepoint    ] Application time: 1.0033045 seconds
[2021-12-31T02:53:35.149+0000][1][safepoint    ] Entering safepoint region: Cleanup
[2021-12-31T02:53:35.149+0000][1][safepoint    ] Leaving safepoint region
[2021-12-31T02:53:35.149+0000][1][safepoint    ] Total time for which application threads were stopped: 0.0002315 seconds, Stopping threads took: 0.0000987 seconds
[2021-12-31T02:53:36.153+0000][1][safepoint    ] Application time: 1.0035475 seconds
[2021-12-31T02:53:36.153+0000][1][safepoint    ] Entering safepoint region: Cleanup
[2021-12-31T02:53:36.153+0000][1][safepoint    ] Leaving safepoint region
[2021-12-31T02:53:36.154+0000][1][safepoint    ] Total time for which application threads were stopped: 0.0002301 seconds, Stopping threads took: 0.0000972 seconds
[2021-12-31T02:53:37.157+0000][1][safepoint    ] Application time: 1.0031219 seconds
[2021-12-31T02:53:37.157+0000][1][safepoint    ] Entering safepoint region: Cleanup
[2021-12-31T02:53:37.157+0000][1][safepoint    ] Leaving safepoint region
[2021-12-31T02:53:37.157+0000][1][safepoint    ] Total time for which application threads were stopped: 0.0002459 seconds, Stopping threads took: 0.0001027 seconds
[2021-12-31T02:53:38.158+0000][1][safepoint    ] Application time: 1.0002448 seconds
[2021-12-31T02:53:38.158+0000][1][safepoint    ] Entering safepoint region: Cleanup
[2021-12-31T02:53:38.158+0000][1][safepoint    ] Leaving safepoint region
[2021-12-31T02:53:38.158+0000][1][safepoint    ] Total time for which application threads were stopped: 0.0003289 seconds, Stopping threads took: 0.0001410 seconds
[2021-12-31T02:53:39.159+0000][1][safepoint    ] Application time: 1.0007740 seconds
[2021-12-31T02:53:39.159+0000][1][safepoint    ] Entering safepoint region: Cleanup
[2021-12-31T02:53:39.160+0000][1][safepoint    ] Leaving safepoint region
[2021-12-31T02:53:39.160+0000][1][safepoint    ] Total time for which application threads were stopped: 0.0002917 seconds, Stopping threads took: 0.0001085 seconds
[2021-12-31T02:53:40.161+0000][1][safepoint    ] Application time: 1.0012118 seconds
[2021-12-31T02:53:40.161+0000][1][safepoint    ] Entering safepoint region: Cleanup
[2021-12-31T02:53:40.161+0000][1][safepoint    ] Leaving safepoint region
[2021-12-31T02:53:40.162+0000][1][safepoint    ] Total time for which application threads were stopped: 0.0003663 seconds, Stopping threads took: 0.0001647 seconds
[2021-12-31T02:53:41.206+0000][1][safepoint    ] Application time: 1.0445775 seconds
[2021-12-31T02:53:41.207+0000][1][safepoint    ] Entering safepoint region: Cleanup
[2021-12-31T02:53:41.207+0000][1][safepoint    ] Leaving safepoint region
[2021-12-31T02:53:41.207+0000][1][safepoint    ] Total time for which application threads were stopped: 0.0002426 seconds, Stopping threads took: 0.0001061 seconds
[2021-12-31T02:53:42.209+0000][1][safepoint    ] Application time: 1.0020198 seconds
[2021-12-31T02:53:42.210+0000][1][safepoint    ] Entering safepoint region: Cleanup
[2021-12-31T02:53:42.210+0000][1][safepoint    ] Leaving safepoint region
[2021-12-31T02:53:42.210+0000][1][safepoint    ] Total time for which application threads were stopped: 0.0003739 seconds, Stopping threads took: 0.0001875 seconds
[2021-12-31T02:53:43.211+0000][1][safepoint    ] Application time: 1.0014347 seconds
[2021-12-31T02:53:43.212+0000][1][safepoint    ] Entering safepoint region: Cleanup
[2021-12-31T02:53:43.212+0000][1][safepoint    ] Leaving safepoint region
[2021-12-31T02:53:43.212+0000][1][safepoint    ] Total time for which application threads were stopped: 0.0002444 seconds, Stopping threads took: 0.0001118 seconds
[2021-12-31T02:53:44.214+0000][1][safepoint    ] Application time: 1.0023664 seconds
[2021-12-31T02:53:44.215+0000][1][safepoint    ] Entering safepoint region: Cleanup
[2021-12-31T02:53:44.215+0000][1][safepoint    ] Leaving safepoint region
[2021-12-31T02:53:44.215+0000][1][safepoint    ] Total time for which application threads were stopped: 0.0005275 seconds, Stopping threads took: 0.0001088 seconds
[2021-12-31T02:53:45.219+0000][1][safepoint    ] Application time: 1.0040107 seconds
[2021-12-31T02:53:45.220+0000][1][safepoint    ] Entering safepoint region: Cleanup
[2021-12-31T02:53:45.220+0000][1][safepoint    ] Leaving safepoint region
[2021-12-31T02:53:45.220+0000][1][safepoint    ] Total time for which application threads were stopped: 0.0005700 seconds, Stopping threads took: 0.0002956 seconds
[2021-12-31T02:53:46.222+0000][1][safepoint    ] Application time: 1.0013590 seconds
[2021-12-31T02:53:46.222+0000][1][safepoint    ] Entering safepoint region: Cleanup
[2021-12-31T02:53:46.222+0000][1][safepoint    ] Leaving safepoint region
[2021-12-31T02:53:46.222+0000][1][safepoint    ] Total time for which application threads were stopped: 0.0003100 seconds, Stopping threads took: 0.0001172 seconds
[2021-12-31T02:53:47.223+0000][1][safepoint    ] Application time: 1.0003050 seconds
[2021-12-31T02:53:47.223+0000][1][safepoint    ] Entering safepoint region: Cleanup
[2021-12-31T02:53:47.223+0000][1][safepoint    ] Leaving safepoint region
[2021-12-31T02:53:47.223+0000][1][safepoint    ] Total time for which application threads were stopped: 0.0002312 seconds, Stopping threads took: 0.0000975 seconds
[2021-12-31T02:53:48.225+0000][1][safepoint    ] Application time: 1.0021473 seconds
[2021-12-31T02:53:48.226+0000][1][safepoint    ] Entering safepoint region: Cleanup
[2021-12-31T02:53:48.226+0000][1][safepoint    ] Leaving safepoint region
[2021-12-31T02:53:48.226+0000][1][safepoint    ] Total time for which application threads were stopped: 0.0005031 seconds, Stopping threads took: 0.0001832 seconds
[2021-12-31T02:53:49.229+0000][1][safepoint    ] Application time: 1.0023541 seconds
[2021-12-31T02:53:49.229+0000][1][safepoint    ] Entering safepoint region: Cleanup
[2021-12-31T02:53:49.229+0000][1][safepoint    ] Leaving safepoint region
[2021-12-31T02:53:49.229+0000][1][safepoint    ] Total time for which application threads were stopped: 0.0004283 seconds, Stopping threads took: 0.0001939 seconds
[2021-12-31T02:53:50.231+0000][1][safepoint    ] Application time: 1.0016290 seconds
[2021-12-31T02:53:50.232+0000][1][safepoint    ] Entering safepoint region: Cleanup
[2021-12-31T02:53:50.232+0000][1][safepoint    ] Leaving safepoint region
[2021-12-31T02:53:50.233+0000][1][safepoint    ] Total time for which application threads were stopped: 0.0006881 seconds, Stopping threads took: 0.0003030 seconds
[2021-12-31T02:53:51.236+0000][1][safepoint    ] Application time: 1.0030318 seconds
[2021-12-31T02:53:51.236+0000][1][safepoint    ] Entering safepoint region: Cleanup
[2021-12-31T02:53:51.237+0000][1][safepoint    ] Leaving safepoint region
[2021-12-31T02:53:51.237+0000][1][safepoint    ] Total time for which application threads were stopped: 0.0005922 seconds, Stopping threads took: 0.0002669 seconds
[2021-12-31T02:53:52.238+0000][1][safepoint    ] Application time: 1.0011551 seconds
[2021-12-31T02:53:52.239+0000][1][safepoint    ] Entering safepoint region: Cleanup
[2021-12-31T02:53:52.239+0000][1][safepoint    ] Leaving safepoint region
[2021-12-31T02:53:52.239+0000][1][safepoint    ] Total time for which application threads were stopped: 0.0005795 seconds, Stopping threads took: 0.0002568 seconds
[2021-12-31T02:53:53.159+0000][1][safepoint    ] Application time: 0.9192314 seconds
[2021-12-31T02:53:53.159+0000][1][safepoint    ] Entering safepoint region: GenCollectForAllocation
[2021-12-31T02:53:53.159+0000][1][gc,start     ] GC(35) Pause Young (Allocation Failure)
[2021-12-31T02:53:53.159+0000][1][gc,task      ] GC(35) Using 1 workers of 1 for evacuation
[2021-12-31T02:53:53.163+0000][1][gc,age       ] GC(35) Desired survivor size 4358144 bytes, new threshold 6 (max threshold 6)
[2021-12-31T02:53:53.163+0000][1][gc,age       ] GC(35) Age table with threshold 6 (max threshold 6)
[2021-12-31T02:53:53.163+0000][1][gc,age       ] GC(35) - age   1:      85104 bytes,      85104 total
[2021-12-31T02:53:53.164+0000][1][gc,age       ] GC(35) - age   2:       1176 bytes,      86280 total
[2021-12-31T02:53:53.164+0000][1][gc,age       ] GC(35) - age   3:     181992 bytes,     268272 total
[2021-12-31T02:53:53.164+0000][1][gc,heap      ] GC(35) ParNew: 70020K->502K(76672K)
[2021-12-31T02:53:53.164+0000][1][gc,heap      ] GC(35) CMS: 127562K->127562K(439104K)
[2021-12-31T02:53:53.164+0000][1][gc,metaspace ] GC(35) Metaspace: 73379K->73379K(1116160K)
[2021-12-31T02:53:53.164+0000][1][gc           ] GC(35) Pause Young (Allocation Failure) 192M->125M(503M) 4.975ms
[2021-12-31T02:53:53.164+0000][1][gc,cpu       ] GC(35) User=0.00s Sys=0.00s Real=0.01s
[2021-12-31T02:53:53.164+0000][1][safepoint    ] Leaving safepoint region
[2021-12-31T02:53:53.164+0000][1][safepoint    ] Total time for which application threads were stopped: 0.0054559 seconds, Stopping threads took: 0.0001109 seconds
[2021-12-31T02:53:54.167+0000][1][safepoint    ] Application time: 1.0026163 seconds
[2021-12-31T02:53:54.167+0000][1][safepoint    ] Entering safepoint region: Cleanup
[2021-12-31T02:53:54.167+0000][1][safepoint    ] Leaving safepoint region
[2021-12-31T02:53:54.167+0000][1][safepoint    ] Total time for which application threads were stopped: 0.0002379 seconds, Stopping threads took: 0.0000967 seconds
[2021-12-31T02:53:55.171+0000][1][safepoint    ] Application time: 1.0034685 seconds
[2021-12-31T02:53:55.171+0000][1][safepoint    ] Entering safepoint region: Cleanup
[2021-12-31T02:53:55.172+0000][1][safepoint    ] Leaving safepoint region
[2021-12-31T02:53:55.172+0000][1][safepoint    ] Total time for which application threads were stopped: 0.0003633 seconds, Stopping threads took: 0.0001600 seconds
[2021-12-31T02:53:56.188+0000][1][safepoint    ] Application time: 1.0158551 seconds
[2021-12-31T02:53:56.188+0000][1][safepoint    ] Entering safepoint region: Cleanup
[2021-12-31T02:53:56.188+0000][1][safepoint    ] Leaving safepoint region
[2021-12-31T02:53:56.189+0000][1][safepoint    ] Total time for which application threads were stopped: 0.0005244 seconds, Stopping threads took: 0.0002320 seconds
[2021-12-31T02:53:57.197+0000][1][safepoint    ] Application time: 1.0082628 seconds
[2021-12-31T02:53:57.197+0000][1][safepoint    ] Entering safepoint region: Cleanup
[2021-12-31T02:53:57.198+0000][1][safepoint    ] Leaving safepoint region
[2021-12-31T02:53:57.198+0000][1][safepoint    ] Total time for which application threads were stopped: 0.0005495 seconds, Stopping threads took: 0.0002391 seconds
[2021-12-31T02:53:58.266+0000][1][safepoint    ] Application time: 1.0674452 seconds
[2021-12-31T02:53:58.266+0000][1][safepoint    ] Entering safepoint region: Cleanup
[2021-12-31T02:53:58.266+0000][1][safepoint    ] Leaving safepoint region
[2021-12-31T02:53:58.266+0000][1][safepoint    ] Total time for which application threads were stopped: 0.0002644 seconds, Stopping threads took: 0.0001329 seconds
[2021-12-31T02:53:59.269+0000][1][safepoint    ] Application time: 1.0024320 seconds
[2021-12-31T02:53:59.269+0000][1][safepoint    ] Entering safepoint region: Cleanup
[2021-12-31T02:53:59.270+0000][1][safepoint    ] Leaving safepoint region
[2021-12-31T02:53:59.270+0000][1][safepoint    ] Total time for which application threads were stopped: 0.0006919 seconds, Stopping threads took: 0.0003014 seconds
[2021-12-31T02:54:00.273+0000][1][safepoint    ] Application time: 1.0027385 seconds
[2021-12-31T02:54:00.273+0000][1][safepoint    ] Entering safepoint region: Cleanup
[2021-12-31T02:54:00.274+0000][1][safepoint    ] Leaving safepoint region
[2021-12-31T02:54:00.274+0000][1][safepoint    ] Total time for which application threads were stopped: 0.0002435 seconds, Stopping threads took: 0.0001090 seconds
[2021-12-31T02:54:01.275+0000][1][safepoint    ] Application time: 1.0014750 seconds
[2021-12-31T02:54:01.275+0000][1][safepoint    ] Entering safepoint region: Cleanup
[2021-12-31T02:54:01.275+0000][1][safepoint    ] Leaving safepoint region
[2021-12-31T02:54:01.276+0000][1][safepoint    ] Total time for which application threads were stopped: 0.0002223 seconds, Stopping threads took: 0.0000960 seconds
[2021-12-31T02:54:02.288+0000][1][safepoint    ] Application time: 1.0124090 seconds
[2021-12-31T02:54:02.293+0000][1][safepoint    ] Entering safepoint region: Cleanup
[2021-12-31T02:54:02.299+0000][1][safepoint    ] Leaving safepoint region
[2021-12-31T02:54:02.299+0000][1][safepoint    ] Total time for which application threads were stopped: 0.0066074 seconds, Stopping threads took: 0.0063492 seconds
[2021-12-31T02:54:03.302+0000][1][safepoint    ] Application time: 1.0022419 seconds
[2021-12-31T02:54:03.302+0000][1][safepoint    ] Entering safepoint region: Cleanup
[2021-12-31T02:54:03.302+0000][1][safepoint    ] Leaving safepoint region
[2021-12-31T02:54:03.303+0000][1][safepoint    ] Total time for which application threads were stopped: 0.0005608 seconds, Stopping threads took: 0.0002561 seconds
[2021-12-31T02:54:04.305+0000][1][safepoint    ] Application time: 1.0020895 seconds
[2021-12-31T02:54:04.305+0000][1][safepoint    ] Entering safepoint region: Cleanup
[2021-12-31T02:54:04.305+0000][1][safepoint    ] Leaving safepoint region
[2021-12-31T02:54:04.305+0000][1][safepoint    ] Total time for which application threads were stopped: 0.0002467 seconds, Stopping threads took: 0.0001053 seconds
[2021-12-31T02:54:05.308+0000][1][safepoint    ] Application time: 1.0028641 seconds
[2021-12-31T02:54:05.309+0000][1][safepoint    ] Entering safepoint region: Cleanup
[2021-12-31T02:54:05.309+0000][1][safepoint    ] Leaving safepoint region
[2021-12-31T02:54:05.309+0000][1][safepoint    ] Total time for which application threads were stopped: 0.0002356 seconds, Stopping threads took: 0.0001001 seconds
[2021-12-31T02:54:06.312+0000][1][safepoint    ] Application time: 1.0028432 seconds
[2021-12-31T02:54:06.312+0000][1][safepoint    ] Entering safepoint region: Cleanup
[2021-12-31T02:54:06.312+0000][1][safepoint    ] Leaving safepoint region
[2021-12-31T02:54:06.312+0000][1][safepoint    ] Total time for which application threads were stopped: 0.0002454 seconds, Stopping threads took: 0.0001004 seconds
[2021-12-31T02:54:07.315+0000][1][safepoint    ] Application time: 1.0023273 seconds
[2021-12-31T02:54:07.315+0000][1][safepoint    ] Entering safepoint region: Cleanup
[2021-12-31T02:54:07.315+0000][1][safepoint    ] Leaving safepoint region
[2021-12-31T02:54:07.316+0000][1][safepoint    ] Total time for which application threads were stopped: 0.0005818 seconds, Stopping threads took: 0.0002713 seconds
[2021-12-31T02:54:08.318+0000][1][safepoint    ] Application time: 1.0020276 seconds
[2021-12-31T02:54:08.318+0000][1][safepoint    ] Entering safepoint region: Cleanup
[2021-12-31T02:54:08.318+0000][1][safepoint    ] Leaving safepoint region
[2021-12-31T02:54:08.318+0000][1][safepoint    ] Total time for which application threads were stopped: 0.0002700 seconds, Stopping threads took: 0.0001017 seconds
[2021-12-31T02:54:09.320+0000][1][safepoint    ] Application time: 1.0016347 seconds
[2021-12-31T02:54:09.320+0000][1][safepoint    ] Entering safepoint region: Cleanup
[2021-12-31T02:54:09.321+0000][1][safepoint    ] Leaving safepoint region
[2021-12-31T02:54:09.321+0000][1][safepoint    ] Total time for which application threads were stopped: 0.0002693 seconds, Stopping threads took: 0.0001065 seconds
[2021-12-31T02:54:10.321+0000][1][safepoint    ] Application time: 1.0001443 seconds
[2021-12-31T02:54:10.321+0000][1][safepoint    ] Entering safepoint region: Cleanup
[2021-12-31T02:54:10.321+0000][1][safepoint    ] Leaving safepoint region
[2021-12-31T02:54:10.321+0000][1][safepoint    ] Total time for which application threads were stopped: 0.0002778 seconds, Stopping threads took: 0.0001344 seconds
[2021-12-31T02:54:11.322+0000][1][safepoint    ] Application time: 1.0001598 seconds
[2021-12-31T02:54:11.322+0000][1][safepoint    ] Entering safepoint region: Cleanup
[2021-12-31T02:54:11.322+0000][1][safepoint    ] Leaving safepoint region
[2021-12-31T02:54:11.322+0000][1][safepoint    ] Total time for which application threads were stopped: 0.0002865 seconds, Stopping threads took: 0.0001182 seconds
[2021-12-31T02:54:12.323+0000][1][safepoint    ] Application time: 1.0003270 seconds
[2021-12-31T02:54:12.323+0000][1][safepoint    ] Entering safepoint region: Cleanup
[2021-12-31T02:54:12.323+0000][1][safepoint    ] Leaving safepoint region
[2021-12-31T02:54:12.323+0000][1][safepoint    ] Total time for which application threads were stopped: 0.0002437 seconds, Stopping threads took: 0.0001008 seconds
[2021-12-31T02:54:13.325+0000][1][safepoint    ] Application time: 1.0019882 seconds
[2021-12-31T02:54:13.325+0000][1][safepoint    ] Entering safepoint region: Cleanup
[2021-12-31T02:54:13.325+0000][1][safepoint    ] Leaving safepoint region
[2021-12-31T02:54:13.326+0000][1][safepoint    ] Total time for which application threads were stopped: 0.0002199 seconds, Stopping threads took: 0.0000939 seconds
[2021-12-31T02:54:14.329+0000][1][safepoint    ] Application time: 1.0030293 seconds
[2021-12-31T02:54:14.329+0000][1][safepoint    ] Entering safepoint region: Cleanup
[2021-12-31T02:54:14.329+0000][1][safepoint    ] Leaving safepoint region
[2021-12-31T02:54:14.329+0000][1][safepoint    ] Total time for which application threads were stopped: 0.0005141 seconds, Stopping threads took: 0.0001151 seconds
[2021-12-31T02:54:15.331+0000][1][safepoint    ] Application time: 1.0017892 seconds
[2021-12-31T02:54:15.331+0000][1][safepoint    ] Entering safepoint region: Cleanup
[2021-12-31T02:54:15.332+0000][1][safepoint    ] Leaving safepoint region
[2021-12-31T02:54:15.332+0000][1][safepoint    ] Total time for which application threads were stopped: 0.0002542 seconds, Stopping threads took: 0.0000997 seconds
[2021-12-31T02:54:16.333+0000][1][safepoint    ] Application time: 1.0016794 seconds
[2021-12-31T02:54:16.334+0000][1][safepoint    ] Entering safepoint region: Cleanup
[2021-12-31T02:54:16.334+0000][1][safepoint    ] Leaving safepoint region
[2021-12-31T02:54:16.334+0000][1][safepoint    ] Total time for which application threads were stopped: 0.0003329 seconds, Stopping threads took: 0.0001460 seconds
[2021-12-31T02:54:17.132+0000][1][safepoint    ] Application time: 0.7981782 seconds
[2021-12-31T02:54:17.133+0000][1][safepoint    ] Entering safepoint region: RevokeBias
[2021-12-31T02:54:17.133+0000][1][safepoint    ] Leaving safepoint region
[2021-12-31T02:54:17.133+0000][1][safepoint    ] Total time for which application threads were stopped: 0.0002803 seconds, Stopping threads took: 0.0001188 seconds
[2021-12-31T02:54:18.135+0000][1][safepoint    ] Application time: 1.0020001 seconds
[2021-12-31T02:54:18.135+0000][1][safepoint    ] Entering safepoint region: Cleanup
[2021-12-31T02:54:18.136+0000][1][safepoint    ] Leaving safepoint region
[2021-12-31T02:54:18.136+0000][1][safepoint    ] Total time for which application threads were stopped: 0.0005642 seconds, Stopping threads took: 0.0002125 seconds
[2021-12-31T02:54:19.142+0000][1][safepoint    ] Application time: 1.0059215 seconds
[2021-12-31T02:54:19.142+0000][1][safepoint    ] Entering safepoint region: Cleanup
[2021-12-31T02:54:19.143+0000][1][safepoint    ] Leaving safepoint region
[2021-12-31T02:54:19.143+0000][1][safepoint    ] Total time for which application threads were stopped: 0.0002754 seconds, Stopping threads took: 0.0001062 seconds
[2021-12-31T02:54:20.146+0000][1][safepoint    ] Application time: 1.0036887 seconds
[2021-12-31T02:54:20.147+0000][1][safepoint    ] Entering safepoint region: Cleanup
[2021-12-31T02:54:20.147+0000][1][safepoint    ] Leaving safepoint region
[2021-12-31T02:54:20.147+0000][1][safepoint    ] Total time for which application threads were stopped: 0.0005958 seconds, Stopping threads took: 0.0002846 seconds
[2021-12-31T02:54:21.154+0000][1][safepoint    ] Application time: 1.0065587 seconds
[2021-12-31T02:54:21.155+0000][1][safepoint    ] Entering safepoint region: Cleanup
[2021-12-31T02:54:21.155+0000][1][safepoint    ] Leaving safepoint region
[2021-12-31T02:54:21.155+0000][1][safepoint    ] Total time for which application threads were stopped: 0.0005238 seconds, Stopping threads took: 0.0002394 seconds
[2021-12-31T02:54:22.165+0000][1][safepoint    ] Application time: 1.0096640 seconds
[2021-12-31T02:54:22.165+0000][1][safepoint    ] Entering safepoint region: Cleanup
[2021-12-31T02:54:22.165+0000][1][safepoint    ] Leaving safepoint region
[2021-12-31T02:54:22.165+0000][1][safepoint    ] Total time for which application threads were stopped: 0.0003035 seconds, Stopping threads took: 0.0001356 seconds
[2021-12-31T02:54:23.171+0000][1][safepoint    ] Application time: 1.0049572 seconds
[2021-12-31T02:54:23.171+0000][1][safepoint    ] Entering safepoint region: Cleanup
[2021-12-31T02:54:23.171+0000][1][safepoint    ] Leaving safepoint region
[2021-12-31T02:54:23.171+0000][1][safepoint    ] Total time for which application threads were stopped: 0.0004451 seconds, Stopping threads took: 0.0001303 seconds
[2021-12-31T02:54:24.173+0000][1][safepoint    ] Application time: 1.0021270 seconds
[2021-12-31T02:54:24.174+0000][1][safepoint    ] Entering safepoint region: Cleanup
[2021-12-31T02:54:24.174+0000][1][safepoint    ] Leaving safepoint region
[2021-12-31T02:54:24.174+0000][1][safepoint    ] Total time for which application threads were stopped: 0.0004935 seconds, Stopping threads took: 0.0002082 seconds
[2021-12-31T02:54:25.176+0000][1][safepoint    ] Application time: 1.0018302 seconds
[2021-12-31T02:54:25.177+0000][1][safepoint    ] Entering safepoint region: Cleanup
[2021-12-31T02:54:25.177+0000][1][safepoint    ] Leaving safepoint region
[2021-12-31T02:54:25.177+0000][1][safepoint    ] Total time for which application threads were stopped: 0.0002377 seconds, Stopping threads took: 0.0001034 seconds
[2021-12-31T02:54:26.177+0000][1][safepoint    ] Application time: 1.0002715 seconds
[2021-12-31T02:54:26.177+0000][1][safepoint    ] Entering safepoint region: Cleanup
[2021-12-31T02:54:26.178+0000][1][safepoint    ] Leaving safepoint region
[2021-12-31T02:54:26.178+0000][1][safepoint    ] Total time for which application threads were stopped: 0.0004587 seconds, Stopping threads took: 0.0002057 seconds
[2021-12-31T02:54:27.181+0000][1][safepoint    ] Application time: 1.0028763 seconds
[2021-12-31T02:54:27.182+0000][1][safepoint    ] Entering safepoint region: Cleanup
[2021-12-31T02:54:27.182+0000][1][safepoint    ] Leaving safepoint region
[2021-12-31T02:54:27.182+0000][1][safepoint    ] Total time for which application threads were stopped: 0.0006703 seconds, Stopping threads took: 0.0003073 seconds
[2021-12-31T02:54:28.184+0000][1][safepoint    ] Application time: 1.0010959 seconds
[2021-12-31T02:54:28.184+0000][1][safepoint    ] Entering safepoint region: Cleanup
[2021-12-31T02:54:28.184+0000][1][safepoint    ] Leaving safepoint region
[2021-12-31T02:54:28.184+0000][1][safepoint    ] Total time for which application threads were stopped: 0.0002754 seconds, Stopping threads took: 0.0001356 seconds
[2021-12-31T02:54:29.185+0000][1][safepoint    ] Application time: 1.0007902 seconds
[2021-12-31T02:54:29.185+0000][1][safepoint    ] Entering safepoint region: Cleanup
[2021-12-31T02:54:29.186+0000][1][safepoint    ] Leaving safepoint region
[2021-12-31T02:54:29.186+0000][1][safepoint    ] Total time for which application threads were stopped: 0.0002950 seconds, Stopping threads took: 0.0001130 seconds
[2021-12-31T02:54:30.190+0000][1][safepoint    ] Application time: 1.0043110 seconds
[2021-12-31T02:54:30.191+0000][1][safepoint    ] Entering safepoint region: Cleanup
[2021-12-31T02:54:30.191+0000][1][safepoint    ] Leaving safepoint region
[2021-12-31T02:54:30.191+0000][1][safepoint    ] Total time for which application threads were stopped: 0.0003806 seconds, Stopping threads took: 0.0001786 seconds
[2021-12-31T02:54:31.193+0000][1][safepoint    ] Application time: 1.0019165 seconds
[2021-12-31T02:54:31.193+0000][1][safepoint    ] Entering safepoint region: Cleanup
[2021-12-31T02:54:31.194+0000][1][safepoint    ] Leaving safepoint region
[2021-12-31T02:54:31.194+0000][1][safepoint    ] Total time for which application threads were stopped: 0.0003121 seconds, Stopping threads took: 0.0001206 seconds
[2021-12-31T02:54:32.195+0000][1][safepoint    ] Application time: 1.0013909 seconds
[2021-12-31T02:54:32.195+0000][1][safepoint    ] Entering safepoint region: Cleanup
[2021-12-31T02:54:32.196+0000][1][safepoint    ] Leaving safepoint region
[2021-12-31T02:54:32.196+0000][1][safepoint    ] Total time for which application threads were stopped: 0.0002309 seconds, Stopping threads took: 0.0000984 seconds
[2021-12-31T02:54:33.198+0000][1][safepoint    ] Application time: 1.0025535 seconds
[2021-12-31T02:54:33.199+0000][1][safepoint    ] Entering safepoint region: Cleanup
[2021-12-31T02:54:33.199+0000][1][safepoint    ] Leaving safepoint region
[2021-12-31T02:54:33.199+0000][1][safepoint    ] Total time for which application threads were stopped: 0.0002731 seconds, Stopping threads took: 0.0001143 seconds
[2021-12-31T02:54:34.201+0000][1][safepoint    ] Application time: 1.0024387 seconds
[2021-12-31T02:54:34.202+0000][1][safepoint    ] Entering safepoint region: Cleanup
[2021-12-31T02:54:34.202+0000][1][safepoint    ] Leaving safepoint region
[2021-12-31T02:54:34.202+0000][1][safepoint    ] Total time for which application threads were stopped: 0.0002381 seconds, Stopping threads took: 0.0001048 seconds
[2021-12-31T02:54:35.205+0000][1][safepoint    ] Application time: 1.0033293 seconds
[2021-12-31T02:54:35.206+0000][1][safepoint    ] Entering safepoint region: Cleanup
[2021-12-31T02:54:35.206+0000][1][safepoint    ] Leaving safepoint region
[2021-12-31T02:54:35.206+0000][1][safepoint    ] Total time for which application threads were stopped: 0.0003414 seconds, Stopping threads took: 0.0001476 seconds
[2021-12-31T02:54:36.209+0000][1][safepoint    ] Application time: 1.0028507 seconds
[2021-12-31T02:54:36.209+0000][1][safepoint    ] Entering safepoint region: Cleanup
[2021-12-31T02:54:36.209+0000][1][safepoint    ] Leaving safepoint region
[2021-12-31T02:54:36.209+0000][1][safepoint    ] Total time for which application threads were stopped: 0.0002331 seconds, Stopping threads took: 0.0000989 seconds
[2021-12-31T02:54:37.212+0000][1][safepoint    ] Application time: 1.0022938 seconds
[2021-12-31T02:54:37.212+0000][1][safepoint    ] Entering safepoint region: Cleanup
[2021-12-31T02:54:37.212+0000][1][safepoint    ] Leaving safepoint region
[2021-12-31T02:54:37.212+0000][1][safepoint    ] Total time for which application threads were stopped: 0.0002408 seconds, Stopping threads took: 0.0001055 seconds
[2021-12-31T02:54:38.214+0000][1][safepoint    ] Application time: 1.0021691 seconds
[2021-12-31T02:54:38.215+0000][1][safepoint    ] Entering safepoint region: Cleanup
[2021-12-31T02:54:38.215+0000][1][safepoint    ] Leaving safepoint region
[2021-12-31T02:54:38.215+0000][1][safepoint    ] Total time for which application threads were stopped: 0.0002395 seconds, Stopping threads took: 0.0001026 seconds
[2021-12-31T02:54:39.216+0000][1][safepoint    ] Application time: 1.0009132 seconds
[2021-12-31T02:54:39.216+0000][1][safepoint    ] Entering safepoint region: Cleanup
[2021-12-31T02:54:39.216+0000][1][safepoint    ] Leaving safepoint region
[2021-12-31T02:54:39.216+0000][1][safepoint    ] Total time for which application threads were stopped: 0.0003553 seconds, Stopping threads took: 0.0001031 seconds
[2021-12-31T02:54:40.219+0000][1][safepoint    ] Application time: 1.0020884 seconds
[2021-12-31T02:54:40.219+0000][1][safepoint    ] Entering safepoint region: Cleanup
[2021-12-31T02:54:40.219+0000][1][safepoint    ] Leaving safepoint region
[2021-12-31T02:54:40.219+0000][1][safepoint    ] Total time for which application threads were stopped: 0.0002565 seconds, Stopping threads took: 0.0001103 seconds
[2021-12-31T02:54:41.222+0000][1][safepoint    ] Application time: 1.0030335 seconds
[2021-12-31T02:54:41.223+0000][1][safepoint    ] Entering safepoint region: Cleanup
[2021-12-31T02:54:41.223+0000][1][safepoint    ] Leaving safepoint region
[2021-12-31T02:54:41.224+0000][1][safepoint    ] Total time for which application threads were stopped: 0.0009378 seconds, Stopping threads took: 0.0004846 seconds
[2021-12-31T02:54:42.228+0000][1][safepoint    ] Application time: 1.0038496 seconds
[2021-12-31T02:54:42.228+0000][1][safepoint    ] Entering safepoint region: Cleanup
[2021-12-31T02:54:42.228+0000][1][safepoint    ] Leaving safepoint region
[2021-12-31T02:54:42.228+0000][1][safepoint    ] Total time for which application threads were stopped: 0.0002346 seconds, Stopping threads took: 0.0001022 seconds
[2021-12-31T02:54:43.230+0000][1][safepoint    ] Application time: 1.0019667 seconds
[2021-12-31T02:54:43.230+0000][1][safepoint    ] Entering safepoint region: Cleanup
[2021-12-31T02:54:43.230+0000][1][safepoint    ] Leaving safepoint region
[2021-12-31T02:54:43.231+0000][1][safepoint    ] Total time for which application threads were stopped: 0.0002451 seconds, Stopping threads took: 0.0001024 seconds
[2021-12-31T02:54:44.233+0000][1][safepoint    ] Application time: 1.0019956 seconds
[2021-12-31T02:54:44.233+0000][1][safepoint    ] Entering safepoint region: Cleanup
[2021-12-31T02:54:44.233+0000][1][safepoint    ] Leaving safepoint region
[2021-12-31T02:54:44.233+0000][1][safepoint    ] Total time for which application threads were stopped: 0.0002156 seconds, Stopping threads took: 0.0000927 seconds
[2021-12-31T02:54:45.236+0000][1][safepoint    ] Application time: 1.0031132 seconds
[2021-12-31T02:54:45.237+0000][1][safepoint    ] Entering safepoint region: Cleanup
[2021-12-31T02:54:45.237+0000][1][safepoint    ] Leaving safepoint region
[2021-12-31T02:54:45.237+0000][1][safepoint    ] Total time for which application threads were stopped: 0.0005193 seconds, Stopping threads took: 0.0002399 seconds
[2021-12-31T02:54:46.240+0000][1][safepoint    ] Application time: 1.0022172 seconds
[2021-12-31T02:54:46.240+0000][1][safepoint    ] Entering safepoint region: Cleanup
[2021-12-31T02:54:46.240+0000][1][safepoint    ] Leaving safepoint region
[2021-12-31T02:54:46.240+0000][1][safepoint    ] Total time for which application threads were stopped: 0.0005220 seconds, Stopping threads took: 0.0002233 seconds
[2021-12-31T02:54:47.244+0000][1][safepoint    ] Application time: 1.0030325 seconds
[2021-12-31T02:54:47.244+0000][1][safepoint    ] Entering safepoint region: Cleanup
[2021-12-31T02:54:47.244+0000][1][safepoint    ] Leaving safepoint region
[2021-12-31T02:54:47.244+0000][1][safepoint    ] Total time for which application threads were stopped: 0.0004048 seconds, Stopping threads took: 0.0001414 seconds
[2021-12-31T02:54:48.246+0000][1][safepoint    ] Application time: 1.0016536 seconds
[2021-12-31T02:54:48.246+0000][1][safepoint    ] Entering safepoint region: Cleanup
[2021-12-31T02:54:48.246+0000][1][safepoint    ] Leaving safepoint region
[2021-12-31T02:54:48.247+0000][1][safepoint    ] Total time for which application threads were stopped: 0.0002269 seconds, Stopping threads took: 0.0000978 seconds
[2021-12-31T02:54:49.249+0000][1][safepoint    ] Application time: 1.0025112 seconds
[2021-12-31T02:54:49.249+0000][1][safepoint    ] Entering safepoint region: Cleanup
[2021-12-31T02:54:49.249+0000][1][safepoint    ] Leaving safepoint region
[2021-12-31T02:54:49.250+0000][1][safepoint    ] Total time for which application threads were stopped: 0.0003029 seconds, Stopping threads took: 0.0001014 seconds
[2021-12-31T02:54:50.252+0000][1][safepoint    ] Application time: 1.0024464 seconds
[2021-12-31T02:54:50.253+0000][1][safepoint    ] Entering safepoint region: Cleanup
[2021-12-31T02:54:50.253+0000][1][safepoint    ] Leaving safepoint region
[2021-12-31T02:54:50.253+0000][1][safepoint    ] Total time for which application threads were stopped: 0.0005297 seconds, Stopping threads took: 0.0002376 seconds
[2021-12-31T02:54:51.256+0000][1][safepoint    ] Application time: 1.0029579 seconds
[2021-12-31T02:54:51.257+0000][1][safepoint    ] Entering safepoint region: Cleanup
[2021-12-31T02:54:51.257+0000][1][safepoint    ] Leaving safepoint region
[2021-12-31T02:54:51.257+0000][1][safepoint    ] Total time for which application threads were stopped: 0.0002519 seconds, Stopping threads took: 0.0001054 seconds
[2021-12-31T02:54:52.257+0000][1][safepoint    ] Application time: 1.0001639 seconds
[2021-12-31T02:54:52.258+0000][1][safepoint    ] Entering safepoint region: Cleanup
[2021-12-31T02:54:52.258+0000][1][safepoint    ] Leaving safepoint region
[2021-12-31T02:54:52.258+0000][1][safepoint    ] Total time for which application threads were stopped: 0.0006291 seconds, Stopping threads took: 0.0002665 seconds
[2021-12-31T02:54:53.259+0000][1][safepoint    ] Application time: 1.0001618 seconds
[2021-12-31T02:54:53.259+0000][1][safepoint    ] Entering safepoint region: Cleanup
[2021-12-31T02:54:53.259+0000][1][safepoint    ] Leaving safepoint region
[2021-12-31T02:54:53.259+0000][1][safepoint    ] Total time for which application threads were stopped: 0.0002331 seconds, Stopping threads took: 0.0000966 seconds
[2021-12-31T02:54:54.259+0000][1][safepoint    ] Application time: 1.0003104 seconds
[2021-12-31T02:54:54.260+0000][1][safepoint    ] Entering safepoint region: Cleanup
[2021-12-31T02:54:54.260+0000][1][safepoint    ] Leaving safepoint region
[2021-12-31T02:54:54.260+0000][1][safepoint    ] Total time for which application threads were stopped: 0.0002480 seconds, Stopping threads took: 0.0001047 seconds
[2021-12-31T02:54:55.263+0000][1][safepoint    ] Application time: 1.0025311 seconds
[2021-12-31T02:54:55.263+0000][1][safepoint    ] Entering safepoint region: Cleanup
[2021-12-31T02:54:55.263+0000][1][safepoint    ] Leaving safepoint region
[2021-12-31T02:54:55.263+0000][1][safepoint    ] Total time for which application threads were stopped: 0.0005643 seconds, Stopping threads took: 0.0002312 seconds
[2021-12-31T02:54:56.264+0000][1][safepoint    ] Application time: 1.0007198 seconds
[2021-12-31T02:54:56.265+0000][1][safepoint    ] Entering safepoint region: Cleanup
[2021-12-31T02:54:56.265+0000][1][safepoint    ] Leaving safepoint region
[2021-12-31T02:54:56.265+0000][1][safepoint    ] Total time for which application threads were stopped: 0.0002109 seconds, Stopping threads took: 0.0000886 seconds
[2021-12-31T02:54:57.268+0000][1][safepoint    ] Application time: 1.0030220 seconds
[2021-12-31T02:54:57.268+0000][1][safepoint    ] Entering safepoint region: Cleanup
[2021-12-31T02:54:57.269+0000][1][safepoint    ] Leaving safepoint region
[2021-12-31T02:54:57.269+0000][1][safepoint    ] Total time for which application threads were stopped: 0.0007545 seconds, Stopping threads took: 0.0003811 seconds
[2021-12-31T02:54:58.273+0000][1][safepoint    ] Application time: 1.0037934 seconds
[2021-12-31T02:54:58.273+0000][1][safepoint    ] Entering safepoint region: Cleanup
[2021-12-31T02:54:58.273+0000][1][safepoint    ] Leaving safepoint region
[2021-12-31T02:54:58.274+0000][1][safepoint    ] Total time for which application threads were stopped: 0.0002996 seconds, Stopping threads took: 0.0001203 seconds
[2021-12-31T02:54:59.276+0000][1][safepoint    ] Application time: 1.0019086 seconds
[2021-12-31T02:54:59.276+0000][1][safepoint    ] Entering safepoint region: Cleanup
[2021-12-31T02:54:59.276+0000][1][safepoint    ] Leaving safepoint region
[2021-12-31T02:54:59.276+0000][1][safepoint    ] Total time for which application threads were stopped: 0.0003288 seconds, Stopping threads took: 0.0000955 seconds
[2021-12-31T02:55:00.280+0000][1][safepoint    ] Application time: 1.0036742 seconds
[2021-12-31T02:55:00.280+0000][1][safepoint    ] Entering safepoint region: Cleanup
[2021-12-31T02:55:00.281+0000][1][safepoint    ] Leaving safepoint region
[2021-12-31T02:55:00.281+0000][1][safepoint    ] Total time for which application threads were stopped: 0.0005098 seconds, Stopping threads took: 0.0002351 seconds
[2021-12-31T02:55:01.283+0000][1][safepoint    ] Application time: 1.0015334 seconds
[2021-12-31T02:55:01.283+0000][1][safepoint    ] Entering safepoint region: Cleanup
[2021-12-31T02:55:01.283+0000][1][safepoint    ] Leaving safepoint region
[2021-12-31T02:55:01.284+0000][1][safepoint    ] Total time for which application threads were stopped: 0.0006354 seconds, Stopping threads took: 0.0003195 seconds
[2021-12-31T02:55:02.285+0000][1][safepoint    ] Application time: 1.0009987 seconds
[2021-12-31T02:55:02.285+0000][1][safepoint    ] Entering safepoint region: Cleanup
[2021-12-31T02:55:02.285+0000][1][safepoint    ] Leaving safepoint region
[2021-12-31T02:55:02.286+0000][1][safepoint    ] Total time for which application threads were stopped: 0.0004309 seconds, Stopping threads took: 0.0001909 seconds
[2021-12-31T02:55:03.289+0000][1][safepoint    ] Application time: 1.0034097 seconds
[2021-12-31T02:55:03.290+0000][1][safepoint    ] Entering safepoint region: Cleanup
[2021-12-31T02:55:03.290+0000][1][safepoint    ] Leaving safepoint region
[2021-12-31T02:55:03.290+0000][1][safepoint    ] Total time for which application threads were stopped: 0.0005498 seconds, Stopping threads took: 0.0002355 seconds
[2021-12-31T02:55:04.292+0000][1][safepoint    ] Application time: 1.0018014 seconds
[2021-12-31T02:55:04.292+0000][1][safepoint    ] Entering safepoint region: Cleanup
[2021-12-31T02:55:04.293+0000][1][safepoint    ] Leaving safepoint region
[2021-12-31T02:55:04.293+0000][1][safepoint    ] Total time for which application threads were stopped: 0.0002307 seconds, Stopping threads took: 0.0000987 seconds
[2021-12-31T02:55:05.296+0000][1][safepoint    ] Application time: 1.0029971 seconds
[2021-12-31T02:55:05.296+0000][1][safepoint    ] Entering safepoint region: Cleanup
[2021-12-31T02:55:05.296+0000][1][safepoint    ] Leaving safepoint region
[2021-12-31T02:55:05.296+0000][1][safepoint    ] Total time for which application threads were stopped: 0.0002460 seconds, Stopping threads took: 0.0001014 seconds
[2021-12-31T02:55:06.297+0000][1][safepoint    ] Application time: 1.0008956 seconds
[2021-12-31T02:55:06.297+0000][1][safepoint    ] Entering safepoint region: Cleanup
[2021-12-31T02:55:06.298+0000][1][safepoint    ] Leaving safepoint region
[2021-12-31T02:55:06.298+0000][1][safepoint    ] Total time for which application threads were stopped: 0.0004318 seconds, Stopping threads took: 0.0001905 seconds
[2021-12-31T02:55:07.301+0000][1][safepoint    ] Application time: 1.0028873 seconds
[2021-12-31T02:55:07.301+0000][1][safepoint    ] Entering safepoint region: Cleanup
[2021-12-31T02:55:07.301+0000][1][safepoint    ] Leaving safepoint region
[2021-12-31T02:55:07.301+0000][1][safepoint    ] Total time for which application threads were stopped: 0.0002557 seconds, Stopping threads took: 0.0001098 seconds
[2021-12-31T02:55:08.302+0000][1][safepoint    ] Application time: 1.0007866 seconds
[2021-12-31T02:55:08.303+0000][1][safepoint    ] Entering safepoint region: Cleanup
[2021-12-31T02:55:08.303+0000][1][safepoint    ] Leaving safepoint region
[2021-12-31T02:55:08.303+0000][1][safepoint    ] Total time for which application threads were stopped: 0.0006671 seconds, Stopping threads took: 0.0001996 seconds
[2021-12-31T02:55:09.304+0000][1][safepoint    ] Application time: 1.0001927 seconds
[2021-12-31T02:55:09.304+0000][1][safepoint    ] Entering safepoint region: Cleanup
[2021-12-31T02:55:09.304+0000][1][safepoint    ] Leaving safepoint region
[2021-12-31T02:55:09.304+0000][1][safepoint    ] Total time for which application threads were stopped: 0.0002589 seconds, Stopping threads took: 0.0001122 seconds
[2021-12-31T02:55:10.306+0000][1][safepoint    ] Application time: 1.0012577 seconds
[2021-12-31T02:55:10.306+0000][1][safepoint    ] Entering safepoint region: Cleanup
[2021-12-31T02:55:10.306+0000][1][safepoint    ] Leaving safepoint region
[2021-12-31T02:55:10.306+0000][1][safepoint    ] Total time for which application threads were stopped: 0.0005579 seconds, Stopping threads took: 0.0002476 seconds
[2021-12-31T02:55:11.308+0000][1][safepoint    ] Application time: 1.0008579 seconds
[2021-12-31T02:55:11.308+0000][1][safepoint    ] Entering safepoint region: Cleanup
[2021-12-31T02:55:11.308+0000][1][safepoint    ] Leaving safepoint region
[2021-12-31T02:55:11.308+0000][1][safepoint    ] Total time for which application threads were stopped: 0.0003580 seconds, Stopping threads took: 0.0001295 seconds
[2021-12-31T02:55:12.309+0000][1][safepoint    ] Application time: 1.0001991 seconds
[2021-12-31T02:55:12.309+0000][1][safepoint    ] Entering safepoint region: Cleanup
[2021-12-31T02:55:12.309+0000][1][safepoint    ] Leaving safepoint region
[2021-12-31T02:55:12.309+0000][1][safepoint    ] Total time for which application threads were stopped: 0.0002275 seconds, Stopping threads took: 0.0000940 seconds
[2021-12-31T02:55:13.311+0000][1][safepoint    ] Application time: 1.0023343 seconds
[2021-12-31T02:55:13.312+0000][1][safepoint    ] Entering safepoint region: Cleanup
[2021-12-31T02:55:13.312+0000][1][safepoint    ] Leaving safepoint region
[2021-12-31T02:55:13.312+0000][1][safepoint    ] Total time for which application threads were stopped: 0.0002394 seconds, Stopping threads took: 0.0001027 seconds
[2021-12-31T02:55:14.314+0000][1][safepoint    ] Application time: 1.0020412 seconds
[2021-12-31T02:55:14.314+0000][1][safepoint    ] Entering safepoint region: Cleanup
[2021-12-31T02:55:14.314+0000][1][safepoint    ] Leaving safepoint region
[2021-12-31T02:55:14.314+0000][1][safepoint    ] Total time for which application threads were stopped: 0.0002815 seconds, Stopping threads took: 0.0001181 seconds
[2021-12-31T02:55:15.316+0000][1][safepoint    ] Application time: 1.0016832 seconds
[2021-12-31T02:55:15.317+0000][1][safepoint    ] Entering safepoint region: Cleanup
[2021-12-31T02:55:15.317+0000][1][safepoint    ] Leaving safepoint region
[2021-12-31T02:55:15.317+0000][1][safepoint    ] Total time for which application threads were stopped: 0.0004486 seconds, Stopping threads took: 0.0001904 seconds
[2021-12-31T02:55:16.319+0000][1][safepoint    ] Application time: 1.0016568 seconds
[2021-12-31T02:55:16.319+0000][1][safepoint    ] Entering safepoint region: Cleanup
[2021-12-31T02:55:16.319+0000][1][safepoint    ] Leaving safepoint region
[2021-12-31T02:55:16.319+0000][1][safepoint    ] Total time for which application threads were stopped: 0.0003663 seconds, Stopping threads took: 0.0001421 seconds
[2021-12-31T02:55:17.148+0000][1][safepoint    ] Application time: 0.8281429 seconds
[2021-12-31T02:55:17.152+0000][1][safepoint    ] Entering safepoint region: RevokeBias
[2021-12-31T02:55:17.152+0000][1][safepoint    ] Leaving safepoint region
[2021-12-31T02:55:17.152+0000][1][safepoint    ] Total time for which application threads were stopped: 0.0002615 seconds, Stopping threads took: 0.0001142 seconds
[2021-12-31T02:55:18.156+0000][1][safepoint    ] Application time: 1.0038648 seconds
[2021-12-31T02:55:18.156+0000][1][safepoint    ] Entering safepoint region: Cleanup
[2021-12-31T02:55:18.157+0000][1][safepoint    ] Leaving safepoint region
[2021-12-31T02:55:18.157+0000][1][safepoint    ] Total time for which application threads were stopped: 0.0002427 seconds, Stopping threads took: 0.0001075 seconds
[2021-12-31T02:55:19.158+0000][1][safepoint    ] Application time: 1.0008524 seconds
[2021-12-31T02:55:19.158+0000][1][safepoint    ] Entering safepoint region: Cleanup
[2021-12-31T02:55:19.158+0000][1][safepoint    ] Leaving safepoint region
[2021-12-31T02:55:19.158+0000][1][safepoint    ] Total time for which application threads were stopped: 0.0004671 seconds, Stopping threads took: 0.0001292 seconds
[2021-12-31T02:55:20.160+0000][1][safepoint    ] Application time: 1.0010601 seconds
[2021-12-31T02:55:20.160+0000][1][safepoint    ] Entering safepoint region: Cleanup
[2021-12-31T02:55:20.160+0000][1][safepoint    ] Leaving safepoint region
[2021-12-31T02:55:20.161+0000][1][safepoint    ] Total time for which application threads were stopped: 0.0005615 seconds, Stopping threads took: 0.0002648 seconds
[2021-12-31T02:55:21.162+0000][1][safepoint    ] Application time: 1.0013313 seconds
[2021-12-31T02:55:21.162+0000][1][safepoint    ] Entering safepoint region: Cleanup
[2021-12-31T02:55:21.162+0000][1][safepoint    ] Leaving safepoint region
[2021-12-31T02:55:21.162+0000][1][safepoint    ] Total time for which application threads were stopped: 0.0002417 seconds, Stopping threads took: 0.0001039 seconds
[2021-12-31T02:55:22.164+0000][1][safepoint    ] Application time: 1.0016679 seconds
[2021-12-31T02:55:22.164+0000][1][safepoint    ] Entering safepoint region: Cleanup
[2021-12-31T02:55:22.165+0000][1][safepoint    ] Leaving safepoint region
[2021-12-31T02:55:22.165+0000][1][safepoint    ] Total time for which application threads were stopped: 0.0002288 seconds, Stopping threads took: 0.0000979 seconds
[2021-12-31T02:55:23.427+0000][1][safepoint    ] Application time: 1.2619131 seconds
[2021-12-31T02:55:23.427+0000][1][safepoint    ] Entering safepoint region: Cleanup
[2021-12-31T02:55:23.427+0000][1][safepoint    ] Leaving safepoint region
[2021-12-31T02:55:23.427+0000][1][safepoint    ] Total time for which application threads were stopped: 0.0002068 seconds, Stopping threads took: 0.0000880 seconds
[2021-12-31T02:55:24.430+0000][1][safepoint    ] Application time: 1.0025604 seconds
[2021-12-31T02:55:24.430+0000][1][safepoint    ] Entering safepoint region: Cleanup
[2021-12-31T02:55:24.430+0000][1][safepoint    ] Leaving safepoint region
[2021-12-31T02:55:24.430+0000][1][safepoint    ] Total time for which application threads were stopped: 0.0002324 seconds, Stopping threads took: 0.0001016 seconds
[2021-12-31T02:55:25.434+0000][1][safepoint    ] Application time: 1.0032293 seconds
[2021-12-31T02:55:25.434+0000][1][safepoint    ] Entering safepoint region: Cleanup
[2021-12-31T02:55:25.434+0000][1][safepoint    ] Leaving safepoint region
[2021-12-31T02:55:25.434+0000][1][safepoint    ] Total time for which application threads were stopped: 0.0002562 seconds, Stopping threads took: 0.0001124 seconds
[2021-12-31T02:55:26.437+0000][1][safepoint    ] Application time: 1.0023731 seconds
[2021-12-31T02:55:26.437+0000][1][safepoint    ] Entering safepoint region: Cleanup
[2021-12-31T02:55:26.438+0000][1][safepoint    ] Leaving safepoint region
[2021-12-31T02:55:26.438+0000][1][safepoint    ] Total time for which application threads were stopped: 0.0004507 seconds, Stopping threads took: 0.0000971 seconds
[2021-12-31T02:55:27.442+0000][1][safepoint    ] Application time: 1.0036179 seconds
[2021-12-31T02:55:27.442+0000][1][safepoint    ] Entering safepoint region: Cleanup
[2021-12-31T02:55:27.442+0000][1][safepoint    ] Leaving safepoint region
[2021-12-31T02:55:27.443+0000][1][safepoint    ] Total time for which application threads were stopped: 0.0005871 seconds, Stopping threads took: 0.0002631 seconds
[2021-12-31T02:55:28.443+0000][1][safepoint    ] Application time: 1.0004271 seconds
[2021-12-31T02:55:28.444+0000][1][safepoint    ] Entering safepoint region: Cleanup
[2021-12-31T02:55:28.444+0000][1][safepoint    ] Leaving safepoint region
[2021-12-31T02:55:28.444+0000][1][safepoint    ] Total time for which application threads were stopped: 0.0003277 seconds, Stopping threads took: 0.0001838 seconds
[2021-12-31T02:55:29.447+0000][1][safepoint    ] Application time: 1.0030793 seconds
[2021-12-31T02:55:29.447+0000][1][safepoint    ] Entering safepoint region: Cleanup
[2021-12-31T02:55:29.448+0000][1][safepoint    ] Leaving safepoint region
[2021-12-31T02:55:29.448+0000][1][safepoint    ] Total time for which application threads were stopped: 0.0002273 seconds, Stopping threads took: 0.0000994 seconds
[2021-12-31T02:55:30.451+0000][1][safepoint    ] Application time: 1.0028745 seconds
[2021-12-31T02:55:30.451+0000][1][safepoint    ] Entering safepoint region: Cleanup
[2021-12-31T02:55:30.451+0000][1][safepoint    ] Leaving safepoint region
[2021-12-31T02:55:30.451+0000][1][safepoint    ] Total time for which application threads were stopped: 0.0002546 seconds, Stopping threads took: 0.0001149 seconds
[2021-12-31T02:55:31.454+0000][1][safepoint    ] Application time: 1.0028219 seconds
[2021-12-31T02:55:31.454+0000][1][safepoint    ] Entering safepoint region: Cleanup
[2021-12-31T02:55:31.454+0000][1][safepoint    ] Leaving safepoint region
[2021-12-31T02:55:31.454+0000][1][safepoint    ] Total time for which application threads were stopped: 0.0002397 seconds, Stopping threads took: 0.0001027 seconds
[2021-12-31T02:55:32.456+0000][1][safepoint    ] Application time: 1.0011236 seconds
[2021-12-31T02:55:32.456+0000][1][safepoint    ] Entering safepoint region: Cleanup
[2021-12-31T02:55:32.456+0000][1][safepoint    ] Leaving safepoint region
[2021-12-31T02:55:32.456+0000][1][safepoint    ] Total time for which application threads were stopped: 0.0003532 seconds, Stopping threads took: 0.0001407 seconds
[2021-12-31T02:55:33.458+0000][1][safepoint    ] Application time: 1.0013766 seconds
[2021-12-31T02:55:33.458+0000][1][safepoint    ] Entering safepoint region: Cleanup
[2021-12-31T02:55:33.459+0000][1][safepoint    ] Leaving safepoint region
[2021-12-31T02:55:33.459+0000][1][safepoint    ] Total time for which application threads were stopped: 0.0004856 seconds, Stopping threads took: 0.0002229 seconds
[2021-12-31T02:55:34.460+0000][1][safepoint    ] Application time: 1.0011563 seconds
[2021-12-31T02:55:34.461+0000][1][safepoint    ] Entering safepoint region: Cleanup
[2021-12-31T02:55:34.461+0000][1][safepoint    ] Leaving safepoint region
[2021-12-31T02:55:34.461+0000][1][safepoint    ] Total time for which application threads were stopped: 0.0005186 seconds, Stopping threads took: 0.0001802 seconds
[2021-12-31T02:55:35.462+0000][1][safepoint    ] Application time: 1.0006713 seconds
[2021-12-31T02:55:35.462+0000][1][safepoint    ] Entering safepoint region: Cleanup
[2021-12-31T02:55:35.462+0000][1][safepoint    ] Leaving safepoint region
[2021-12-31T02:55:35.463+0000][1][safepoint    ] Total time for which application threads were stopped: 0.0002495 seconds, Stopping threads took: 0.0000993 seconds
[2021-12-31T02:55:36.463+0000][1][safepoint    ] Application time: 1.0005200 seconds
[2021-12-31T02:55:36.464+0000][1][safepoint    ] Entering safepoint region: Cleanup
[2021-12-31T02:55:36.464+0000][1][safepoint    ] Leaving safepoint region
[2021-12-31T02:55:36.464+0000][1][safepoint    ] Total time for which application threads were stopped: 0.0003529 seconds, Stopping threads took: 0.0001779 seconds
[2021-12-31T02:55:37.467+0000][1][safepoint    ] Application time: 1.0028435 seconds
[2021-12-31T02:55:37.467+0000][1][safepoint    ] Entering safepoint region: Cleanup
[2021-12-31T02:55:37.468+0000][1][safepoint    ] Leaving safepoint region
[2021-12-31T02:55:37.468+0000][1][safepoint    ] Total time for which application threads were stopped: 0.0002348 seconds, Stopping threads took: 0.0001009 seconds
[2021-12-31T02:55:38.537+0000][1][safepoint    ] Application time: 1.0694484 seconds
[2021-12-31T02:55:38.537+0000][1][safepoint    ] Entering safepoint region: Cleanup
[2021-12-31T02:55:38.538+0000][1][safepoint    ] Leaving safepoint region
[2021-12-31T02:55:38.538+0000][1][safepoint    ] Total time for which application threads were stopped: 0.0002917 seconds, Stopping threads took: 0.0001135 seconds
[2021-12-31T02:55:39.538+0000][1][safepoint    ] Application time: 1.0004282 seconds
[2021-12-31T02:55:39.539+0000][1][safepoint    ] Entering safepoint region: Cleanup
[2021-12-31T02:55:39.539+0000][1][safepoint    ] Leaving safepoint region
[2021-12-31T02:55:39.539+0000][1][safepoint    ] Total time for which application threads were stopped: 0.0003055 seconds, Stopping threads took: 0.0001489 seconds
[2021-12-31T02:55:40.540+0000][1][safepoint    ] Application time: 1.0008695 seconds
[2021-12-31T02:55:40.541+0000][1][safepoint    ] Entering safepoint region: Cleanup
[2021-12-31T02:55:40.541+0000][1][safepoint    ] Leaving safepoint region
[2021-12-31T02:55:40.541+0000][1][safepoint    ] Total time for which application threads were stopped: 0.0003609 seconds, Stopping threads took: 0.0001673 seconds
[2021-12-31T02:55:41.550+0000][1][safepoint    ] Application time: 1.0093022 seconds
[2021-12-31T02:55:41.551+0000][1][safepoint    ] Entering safepoint region: Cleanup
[2021-12-31T02:55:41.551+0000][1][safepoint    ] Leaving safepoint region
[2021-12-31T02:55:41.551+0000][1][safepoint    ] Total time for which application threads were stopped: 0.0005733 seconds, Stopping threads took: 0.0002785 seconds
[2021-12-31T02:55:42.558+0000][1][safepoint    ] Application time: 1.0062966 seconds
[2021-12-31T02:55:42.558+0000][1][safepoint    ] Entering safepoint region: Cleanup
[2021-12-31T02:55:42.558+0000][1][safepoint    ] Leaving safepoint region
[2021-12-31T02:55:42.558+0000][1][safepoint    ] Total time for which application threads were stopped: 0.0002628 seconds, Stopping threads took: 0.0001115 seconds
[2021-12-31T02:55:43.567+0000][1][safepoint    ] Application time: 1.0080210 seconds
[2021-12-31T02:55:43.568+0000][1][safepoint    ] Entering safepoint region: Cleanup
[2021-12-31T02:55:43.568+0000][1][safepoint    ] Leaving safepoint region
[2021-12-31T02:55:43.568+0000][1][safepoint    ] Total time for which application threads were stopped: 0.0003590 seconds, Stopping threads took: 0.0001049 seconds
[2021-12-31T02:55:44.573+0000][1][safepoint    ] Application time: 1.0050453 seconds
[2021-12-31T02:55:44.573+0000][1][safepoint    ] Entering safepoint region: Cleanup
[2021-12-31T02:55:44.574+0000][1][safepoint    ] Leaving safepoint region
[2021-12-31T02:55:44.574+0000][1][safepoint    ] Total time for which application threads were stopped: 0.0002778 seconds, Stopping threads took: 0.0001217 seconds
[2021-12-31T02:55:45.574+0000][1][safepoint    ] Application time: 1.0004174 seconds
[2021-12-31T02:55:45.575+0000][1][safepoint    ] Entering safepoint region: Cleanup
[2021-12-31T02:55:45.575+0000][1][safepoint    ] Leaving safepoint region
[2021-12-31T02:55:45.575+0000][1][safepoint    ] Total time for which application threads were stopped: 0.0002421 seconds, Stopping threads took: 0.0001079 seconds
[2021-12-31T02:55:46.578+0000][1][safepoint    ] Application time: 1.0033232 seconds
[2021-12-31T02:55:46.579+0000][1][safepoint    ] Entering safepoint region: Cleanup
[2021-12-31T02:55:46.579+0000][1][safepoint    ] Leaving safepoint region
[2021-12-31T02:55:46.579+0000][1][safepoint    ] Total time for which application threads were stopped: 0.0002060 seconds, Stopping threads took: 0.0000909 seconds
[2021-12-31T02:55:47.581+0000][1][safepoint    ] Application time: 1.0022771 seconds
[2021-12-31T02:55:47.582+0000][1][safepoint    ] Entering safepoint region: Cleanup
[2021-12-31T02:55:47.582+0000][1][safepoint    ] Leaving safepoint region
[2021-12-31T02:55:47.582+0000][1][safepoint    ] Total time for which application threads were stopped: 0.0004690 seconds, Stopping threads took: 0.0002028 seconds
[2021-12-31T02:55:48.585+0000][1][safepoint    ] Application time: 1.0032314 seconds
[2021-12-31T02:55:48.586+0000][1][safepoint    ] Entering safepoint region: Cleanup
[2021-12-31T02:55:48.586+0000][1][safepoint    ] Leaving safepoint region
[2021-12-31T02:55:48.586+0000][1][safepoint    ] Total time for which application threads were stopped: 0.0002457 seconds, Stopping threads took: 0.0001058 seconds
[2021-12-31T02:55:49.588+0000][1][safepoint    ] Application time: 1.0024829 seconds
[2021-12-31T02:55:49.589+0000][1][safepoint    ] Entering safepoint region: Cleanup
[2021-12-31T02:55:49.589+0000][1][safepoint    ] Leaving safepoint region
[2021-12-31T02:55:49.589+0000][1][safepoint    ] Total time for which application threads were stopped: 0.0002967 seconds, Stopping threads took: 0.0001208 seconds
[2021-12-31T02:55:50.592+0000][1][safepoint    ] Application time: 1.0032583 seconds
[2021-12-31T02:55:50.593+0000][1][safepoint    ] Entering safepoint region: Cleanup
[2021-12-31T02:55:50.593+0000][1][safepoint    ] Leaving safepoint region
[2021-12-31T02:55:50.593+0000][1][safepoint    ] Total time for which application threads were stopped: 0.0002485 seconds, Stopping threads took: 0.0001118 seconds
[2021-12-31T02:55:51.596+0000][1][safepoint    ] Application time: 1.0025258 seconds
[2021-12-31T02:55:51.596+0000][1][safepoint    ] Entering safepoint region: Cleanup
[2021-12-31T02:55:51.596+0000][1][safepoint    ] Leaving safepoint region
[2021-12-31T02:55:51.596+0000][1][safepoint    ] Total time for which application threads were stopped: 0.0003425 seconds, Stopping threads took: 0.0001953 seconds
[2021-12-31T02:55:52.597+0000][1][safepoint    ] Application time: 1.0003216 seconds
[2021-12-31T02:55:52.597+0000][1][safepoint    ] Entering safepoint region: Cleanup
[2021-12-31T02:55:52.597+0000][1][safepoint    ] Leaving safepoint region
[2021-12-31T02:55:52.597+0000][1][safepoint    ] Total time for which application threads were stopped: 0.0003579 seconds, Stopping threads took: 0.0001568 seconds
[2021-12-31T02:55:53.598+0000][1][safepoint    ] Application time: 1.0001932 seconds
[2021-12-31T02:55:53.598+0000][1][safepoint    ] Entering safepoint region: Cleanup
[2021-12-31T02:55:53.598+0000][1][safepoint    ] Leaving safepoint region
[2021-12-31T02:55:53.598+0000][1][safepoint    ] Total time for which application threads were stopped: 0.0002464 seconds, Stopping threads took: 0.0001101 seconds
[2021-12-31T02:55:54.601+0000][1][safepoint    ] Application time: 1.0033704 seconds
[2021-12-31T02:55:54.602+0000][1][safepoint    ] Entering safepoint region: Cleanup
[2021-12-31T02:55:54.602+0000][1][safepoint    ] Leaving safepoint region
[2021-12-31T02:55:54.602+0000][1][safepoint    ] Total time for which application threads were stopped: 0.0002310 seconds, Stopping threads took: 0.0001012 seconds
[2021-12-31T02:55:55.603+0000][1][safepoint    ] Application time: 1.0012593 seconds
[2021-12-31T02:55:55.603+0000][1][safepoint    ] Entering safepoint region: Cleanup
[2021-12-31T02:55:55.604+0000][1][safepoint    ] Leaving safepoint region
[2021-12-31T02:55:55.604+0000][1][safepoint    ] Total time for which application threads were stopped: 0.0002346 seconds, Stopping threads took: 0.0000968 seconds
[2021-12-31T02:55:56.607+0000][1][safepoint    ] Application time: 1.0028904 seconds
[2021-12-31T02:55:56.607+0000][1][safepoint    ] Entering safepoint region: Cleanup
[2021-12-31T02:55:56.607+0000][1][safepoint    ] Leaving safepoint region
[2021-12-31T02:55:56.607+0000][1][safepoint    ] Total time for which application threads were stopped: 0.0002994 seconds, Stopping threads took: 0.0001251 seconds
[2021-12-31T02:55:57.609+0000][1][safepoint    ] Application time: 1.0021304 seconds
[2021-12-31T02:55:57.610+0000][1][safepoint    ] Entering safepoint region: Cleanup
[2021-12-31T02:55:57.610+0000][1][safepoint    ] Leaving safepoint region
[2021-12-31T02:55:57.610+0000][1][safepoint    ] Total time for which application threads were stopped: 0.0002401 seconds, Stopping threads took: 0.0001015 seconds
[2021-12-31T02:55:58.613+0000][1][safepoint    ] Application time: 1.0029792 seconds
[2021-12-31T02:55:58.613+0000][1][safepoint    ] Entering safepoint region: Cleanup
[2021-12-31T02:55:58.613+0000][1][safepoint    ] Leaving safepoint region
[2021-12-31T02:55:58.613+0000][1][safepoint    ] Total time for which application threads were stopped: 0.0003316 seconds, Stopping threads took: 0.0001195 seconds
[2021-12-31T02:55:59.617+0000][1][safepoint    ] Application time: 1.0032737 seconds
[2021-12-31T02:55:59.617+0000][1][safepoint    ] Entering safepoint region: Cleanup
[2021-12-31T02:55:59.617+0000][1][safepoint    ] Leaving safepoint region
[2021-12-31T02:55:59.618+0000][1][safepoint    ] Total time for which application threads were stopped: 0.0004768 seconds, Stopping threads took: 0.0002249 seconds
[2021-12-31T02:56:00.619+0000][1][safepoint    ] Application time: 1.0008726 seconds
[2021-12-31T02:56:00.619+0000][1][safepoint    ] Entering safepoint region: Cleanup
[2021-12-31T02:56:00.619+0000][1][safepoint    ] Leaving safepoint region
[2021-12-31T02:56:00.619+0000][1][safepoint    ] Total time for which application threads were stopped: 0.0002555 seconds, Stopping threads took: 0.0001124 seconds
[2021-12-31T02:56:01.621+0000][1][safepoint    ] Application time: 1.0016172 seconds
[2021-12-31T02:56:01.621+0000][1][safepoint    ] Entering safepoint region: Cleanup
[2021-12-31T02:56:01.621+0000][1][safepoint    ] Leaving safepoint region
[2021-12-31T02:56:01.621+0000][1][safepoint    ] Total time for which application threads were stopped: 0.0002377 seconds, Stopping threads took: 0.0001018 seconds
[2021-12-31T02:56:02.622+0000][1][safepoint    ] Application time: 1.0003239 seconds
[2021-12-31T02:56:02.622+0000][1][safepoint    ] Entering safepoint region: Cleanup
[2021-12-31T02:56:02.622+0000][1][safepoint    ] Leaving safepoint region
[2021-12-31T02:56:02.622+0000][1][safepoint    ] Total time for which application threads were stopped: 0.0007171 seconds, Stopping threads took: 0.0001166 seconds
[2021-12-31T02:56:03.626+0000][1][safepoint    ] Application time: 1.0034106 seconds
[2021-12-31T02:56:03.626+0000][1][safepoint    ] Entering safepoint region: Cleanup
[2021-12-31T02:56:03.626+0000][1][safepoint    ] Leaving safepoint region
[2021-12-31T02:56:03.627+0000][1][safepoint    ] Total time for which application threads were stopped: 0.0002697 seconds, Stopping threads took: 0.0000975 seconds
[2021-12-31T02:56:04.628+0000][1][safepoint    ] Application time: 1.0017157 seconds
[2021-12-31T02:56:04.629+0000][1][safepoint    ] Entering safepoint region: Cleanup
[2021-12-31T02:56:04.629+0000][1][safepoint    ] Leaving safepoint region
[2021-12-31T02:56:04.629+0000][1][safepoint    ] Total time for which application threads were stopped: 0.0003188 seconds, Stopping threads took: 0.0001450 seconds
[2021-12-31T02:56:05.633+0000][1][safepoint    ] Application time: 1.0036324 seconds
[2021-12-31T02:56:05.633+0000][1][safepoint    ] Entering safepoint region: Cleanup
[2021-12-31T02:56:05.633+0000][1][safepoint    ] Leaving safepoint region
[2021-12-31T02:56:05.633+0000][1][safepoint    ] Total time for which application threads were stopped: 0.0002392 seconds, Stopping threads took: 0.0001035 seconds
[2021-12-31T02:56:06.634+0000][1][safepoint    ] Application time: 1.0006284 seconds
[2021-12-31T02:56:06.634+0000][1][safepoint    ] Entering safepoint region: Cleanup
[2021-12-31T02:56:06.634+0000][1][safepoint    ] Leaving safepoint region
[2021-12-31T02:56:06.634+0000][1][safepoint    ] Total time for which application threads were stopped: 0.0002363 seconds, Stopping threads took: 0.0001027 seconds
[2021-12-31T02:56:07.635+0000][1][safepoint    ] Application time: 1.0005154 seconds
[2021-12-31T02:56:07.635+0000][1][safepoint    ] Entering safepoint region: Cleanup
[2021-12-31T02:56:07.635+0000][1][safepoint    ] Leaving safepoint region
[2021-12-31T02:56:07.635+0000][1][safepoint    ] Total time for which application threads were stopped: 0.0002442 seconds, Stopping threads took: 0.0001046 seconds
[2021-12-31T02:56:08.636+0000][1][safepoint    ] Application time: 1.0010593 seconds
[2021-12-31T02:56:08.637+0000][1][safepoint    ] Entering safepoint region: Cleanup
[2021-12-31T02:56:08.637+0000][1][safepoint    ] Leaving safepoint region
[2021-12-31T02:56:08.637+0000][1][safepoint    ] Total time for which application threads were stopped: 0.0002960 seconds, Stopping threads took: 0.0001201 seconds
[2021-12-31T02:56:09.640+0000][1][safepoint    ] Application time: 1.0026645 seconds
[2021-12-31T02:56:09.640+0000][1][safepoint    ] Entering safepoint region: Cleanup
[2021-12-31T02:56:09.640+0000][1][safepoint    ] Leaving safepoint region
[2021-12-31T02:56:09.640+0000][1][safepoint    ] Total time for which application threads were stopped: 0.0002545 seconds, Stopping threads took: 0.0001069 seconds
[2021-12-31T02:56:10.642+0000][1][safepoint    ] Application time: 1.0017583 seconds
[2021-12-31T02:56:10.642+0000][1][safepoint    ] Entering safepoint region: Cleanup
[2021-12-31T02:56:10.643+0000][1][safepoint    ] Leaving safepoint region
[2021-12-31T02:56:10.643+0000][1][safepoint    ] Total time for which application threads were stopped: 0.0002587 seconds, Stopping threads took: 0.0001196 seconds
[2021-12-31T02:56:11.645+0000][1][safepoint    ] Application time: 1.0021625 seconds
[2021-12-31T02:56:11.645+0000][1][safepoint    ] Entering safepoint region: Cleanup
[2021-12-31T02:56:11.645+0000][1][safepoint    ] Leaving safepoint region
[2021-12-31T02:56:11.645+0000][1][safepoint    ] Total time for which application threads were stopped: 0.0002406 seconds, Stopping threads took: 0.0001039 seconds
[2021-12-31T02:56:12.647+0000][1][safepoint    ] Application time: 1.0021096 seconds
[2021-12-31T02:56:12.648+0000][1][safepoint    ] Entering safepoint region: Cleanup
[2021-12-31T02:56:12.648+0000][1][safepoint    ] Leaving safepoint region
[2021-12-31T02:56:12.648+0000][1][safepoint    ] Total time for which application threads were stopped: 0.0003279 seconds, Stopping threads took: 0.0001402 seconds
[2021-12-31T02:56:13.651+0000][1][safepoint    ] Application time: 1.0026424 seconds
[2021-12-31T02:56:13.651+0000][1][safepoint    ] Entering safepoint region: Cleanup
[2021-12-31T02:56:13.651+0000][1][safepoint    ] Leaving safepoint region
[2021-12-31T02:56:13.651+0000][1][safepoint    ] Total time for which application threads were stopped: 0.0002417 seconds, Stopping threads took: 0.0001051 seconds
[2021-12-31T02:56:14.653+0000][1][safepoint    ] Application time: 1.0021580 seconds
[2021-12-31T02:56:14.654+0000][1][safepoint    ] Entering safepoint region: Cleanup
[2021-12-31T02:56:14.654+0000][1][safepoint    ] Leaving safepoint region
[2021-12-31T02:56:14.654+0000][1][safepoint    ] Total time for which application threads were stopped: 0.0005394 seconds, Stopping threads took: 0.0002324 seconds
[2021-12-31T02:56:15.655+0000][1][safepoint    ] Application time: 1.0006191 seconds
[2021-12-31T02:56:15.656+0000][1][safepoint    ] Entering safepoint region: Cleanup
[2021-12-31T02:56:15.656+0000][1][safepoint    ] Leaving safepoint region
[2021-12-31T02:56:15.656+0000][1][safepoint    ] Total time for which application threads were stopped: 0.0004227 seconds, Stopping threads took: 0.0001199 seconds
[2021-12-31T02:56:16.660+0000][1][safepoint    ] Application time: 1.0042039 seconds
[2021-12-31T02:56:16.661+0000][1][safepoint    ] Entering safepoint region: Cleanup
[2021-12-31T02:56:16.661+0000][1][safepoint    ] Leaving safepoint region
[2021-12-31T02:56:16.661+0000][1][safepoint    ] Total time for which application threads were stopped: 0.0004606 seconds, Stopping threads took: 0.0002943 seconds
[2021-12-31T02:56:17.155+0000][1][safepoint    ] Application time: 0.4942300 seconds
[2021-12-31T02:56:17.158+0000][1][safepoint    ] Entering safepoint region: RevokeBias
[2021-12-31T02:56:17.158+0000][1][safepoint    ] Leaving safepoint region
[2021-12-31T02:56:17.158+0000][1][safepoint    ] Total time for which application threads were stopped: 0.0002545 seconds, Stopping threads took: 0.0001174 seconds
[2021-12-31T02:56:18.163+0000][1][safepoint    ] Application time: 1.0052591 seconds
[2021-12-31T02:56:18.164+0000][1][safepoint    ] Entering safepoint region: Cleanup
[2021-12-31T02:56:18.164+0000][1][safepoint    ] Leaving safepoint region
[2021-12-31T02:56:18.164+0000][1][safepoint    ] Total time for which application threads were stopped: 0.0003804 seconds, Stopping threads took: 0.0001598 seconds
[2021-12-31T02:56:19.173+0000][1][safepoint    ] Application time: 1.0084603 seconds
[2021-12-31T02:56:19.173+0000][1][safepoint    ] Entering safepoint region: Cleanup
[2021-12-31T02:56:19.173+0000][1][safepoint    ] Leaving safepoint region
[2021-12-31T02:56:19.173+0000][1][safepoint    ] Total time for which application threads were stopped: 0.0002120 seconds, Stopping threads took: 0.0000939 seconds
[2021-12-31T02:56:20.175+0000][1][safepoint    ] Application time: 1.0017610 seconds
[2021-12-31T02:56:20.175+0000][1][safepoint    ] Entering safepoint region: Cleanup
[2021-12-31T02:56:20.175+0000][1][safepoint    ] Leaving safepoint region
[2021-12-31T02:56:20.176+0000][1][safepoint    ] Total time for which application threads were stopped: 0.0003124 seconds, Stopping threads took: 0.0001428 seconds
[2021-12-31T02:56:21.176+0000][1][safepoint    ] Application time: 1.0002715 seconds
[2021-12-31T02:56:21.176+0000][1][safepoint    ] Entering safepoint region: Cleanup
[2021-12-31T02:56:21.176+0000][1][safepoint    ] Leaving safepoint region
[2021-12-31T02:56:21.176+0000][1][safepoint    ] Total time for which application threads were stopped: 0.0002650 seconds, Stopping threads took: 0.0001132 seconds
[2021-12-31T02:56:22.178+0000][1][safepoint    ] Application time: 1.0014816 seconds
[2021-12-31T02:56:22.178+0000][1][safepoint    ] Entering safepoint region: Cleanup
[2021-12-31T02:56:22.178+0000][1][safepoint    ] Leaving safepoint region
[2021-12-31T02:56:22.178+0000][1][safepoint    ] Total time for which application threads were stopped: 0.0002694 seconds, Stopping threads took: 0.0001047 seconds
[2021-12-31T02:56:23.180+0000][1][safepoint    ] Application time: 1.0015426 seconds
[2021-12-31T02:56:23.180+0000][1][safepoint    ] Entering safepoint region: Cleanup
[2021-12-31T02:56:23.181+0000][1][safepoint    ] Leaving safepoint region
[2021-12-31T02:56:23.181+0000][1][safepoint    ] Total time for which application threads were stopped: 0.0004528 seconds, Stopping threads took: 0.0002014 seconds
[2021-12-31T02:56:23.548+0000][1][safepoint    ] Application time: 0.3670974 seconds
[2021-12-31T02:56:23.548+0000][1][safepoint    ] Entering safepoint region: GenCollectForAllocation
[2021-12-31T02:56:23.549+0000][1][gc,start     ] GC(36) Pause Young (Allocation Failure)
[2021-12-31T02:56:23.549+0000][1][gc,task      ] GC(36) Using 1 workers of 1 for evacuation
[2021-12-31T02:56:23.553+0000][1][gc,age       ] GC(36) Desired survivor size 4358144 bytes, new threshold 6 (max threshold 6)
[2021-12-31T02:56:23.553+0000][1][gc,age       ] GC(36) Age table with threshold 6 (max threshold 6)
[2021-12-31T02:56:23.554+0000][1][gc,age       ] GC(36) - age   1:      17104 bytes,      17104 total
[2021-12-31T02:56:23.554+0000][1][gc,age       ] GC(36) - age   2:      67952 bytes,      85056 total
[2021-12-31T02:56:23.554+0000][1][gc,age       ] GC(36) - age   3:       1176 bytes,      86232 total
[2021-12-31T02:56:23.554+0000][1][gc,age       ] GC(36) - age   4:      90128 bytes,     176360 total
[2021-12-31T02:56:23.554+0000][1][gc,heap      ] GC(36) ParNew: 68662K->223K(76672K)
[2021-12-31T02:56:23.554+0000][1][gc,heap      ] GC(36) CMS: 127562K->127562K(439104K)
[2021-12-31T02:56:23.554+0000][1][gc,metaspace ] GC(36) Metaspace: 73393K->73393K(1116160K)
[2021-12-31T02:56:23.554+0000][1][gc           ] GC(36) Pause Young (Allocation Failure) 191M->124M(503M) 5.718ms
[2021-12-31T02:56:23.554+0000][1][gc,cpu       ] GC(36) User=0.00s Sys=0.00s Real=0.01s
[2021-12-31T02:56:23.554+0000][1][safepoint    ] Leaving safepoint region
[2021-12-31T02:56:23.555+0000][1][safepoint    ] Total time for which application threads were stopped: 0.0062797 seconds, Stopping threads took: 0.0001347 seconds
[2021-12-31T02:56:24.555+0000][1][safepoint    ] Application time: 1.0003872 seconds
[2021-12-31T02:56:24.555+0000][1][safepoint    ] Entering safepoint region: Cleanup
[2021-12-31T02:56:24.555+0000][1][safepoint    ] Leaving safepoint region
[2021-12-31T02:56:24.556+0000][1][safepoint    ] Total time for which application threads were stopped: 0.0002435 seconds, Stopping threads took: 0.0001017 seconds
[2021-12-31T02:56:25.556+0000][1][safepoint    ] Application time: 1.0001693 seconds
[2021-12-31T02:56:25.556+0000][1][safepoint    ] Entering safepoint region: Cleanup
[2021-12-31T02:56:25.556+0000][1][safepoint    ] Leaving safepoint region
[2021-12-31T02:56:25.556+0000][1][safepoint    ] Total time for which application threads were stopped: 0.0002493 seconds, Stopping threads took: 0.0001026 seconds
[2021-12-31T02:56:26.557+0000][1][safepoint    ] Application time: 1.0009477 seconds
[2021-12-31T02:56:26.557+0000][1][safepoint    ] Entering safepoint region: Cleanup
[2021-12-31T02:56:26.558+0000][1][safepoint    ] Leaving safepoint region
[2021-12-31T02:56:26.558+0000][1][safepoint    ] Total time for which application threads were stopped: 0.0002710 seconds, Stopping threads took: 0.0001231 seconds
[2021-12-31T02:56:27.558+0000][1][safepoint    ] Application time: 1.0004143 seconds
[2021-12-31T02:56:27.558+0000][1][safepoint    ] Entering safepoint region: Cleanup
[2021-12-31T02:56:27.559+0000][1][safepoint    ] Leaving safepoint region
[2021-12-31T02:56:27.559+0000][1][safepoint    ] Total time for which application threads were stopped: 0.0002753 seconds, Stopping threads took: 0.0001213 seconds
[2021-12-31T02:56:28.560+0000][1][safepoint    ] Application time: 1.0013978 seconds
[2021-12-31T02:56:28.560+0000][1][safepoint    ] Entering safepoint region: Cleanup
[2021-12-31T02:56:28.561+0000][1][safepoint    ] Leaving safepoint region
[2021-12-31T02:56:28.561+0000][1][safepoint    ] Total time for which application threads were stopped: 0.0002536 seconds, Stopping threads took: 0.0001060 seconds
[2021-12-31T02:56:29.562+0000][1][safepoint    ] Application time: 1.0010810 seconds
[2021-12-31T02:56:29.562+0000][1][safepoint    ] Entering safepoint region: Cleanup
[2021-12-31T02:56:29.562+0000][1][safepoint    ] Leaving safepoint region
[2021-12-31T02:56:29.562+0000][1][safepoint    ] Total time for which application threads were stopped: 0.0002599 seconds, Stopping threads took: 0.0001036 seconds
[2021-12-31T02:56:30.563+0000][1][safepoint    ] Application time: 1.0009886 seconds
[2021-12-31T02:56:30.564+0000][1][safepoint    ] Entering safepoint region: Cleanup
[2021-12-31T02:56:30.564+0000][1][safepoint    ] Leaving safepoint region
[2021-12-31T02:56:30.564+0000][1][safepoint    ] Total time for which application threads were stopped: 0.0003624 seconds, Stopping threads took: 0.0001256 seconds
[2021-12-31T02:56:31.565+0000][1][safepoint    ] Application time: 1.0003924 seconds
[2021-12-31T02:56:31.565+0000][1][safepoint    ] Entering safepoint region: Cleanup
[2021-12-31T02:56:31.565+0000][1][safepoint    ] Leaving safepoint region
[2021-12-31T02:56:31.565+0000][1][safepoint    ] Total time for which application threads were stopped: 0.0004144 seconds, Stopping threads took: 0.0001819 seconds
[2021-12-31T02:56:32.567+0000][1][safepoint    ] Application time: 1.0012974 seconds
[2021-12-31T02:56:32.567+0000][1][safepoint    ] Entering safepoint region: Cleanup
[2021-12-31T02:56:32.567+0000][1][safepoint    ] Leaving safepoint region
[2021-12-31T02:56:32.567+0000][1][safepoint    ] Total time for which application threads were stopped: 0.0002323 seconds, Stopping threads took: 0.0001008 seconds
[2021-12-31T02:56:33.568+0000][1][safepoint    ] Application time: 1.0008248 seconds
[2021-12-31T02:56:33.568+0000][1][safepoint    ] Entering safepoint region: Cleanup
[2021-12-31T02:56:33.569+0000][1][safepoint    ] Leaving safepoint region
[2021-12-31T02:56:33.569+0000][1][safepoint    ] Total time for which application threads were stopped: 0.0002359 seconds, Stopping threads took: 0.0001108 seconds
[2021-12-31T02:56:34.570+0000][1][safepoint    ] Application time: 1.0008846 seconds
[2021-12-31T02:56:34.570+0000][1][safepoint    ] Entering safepoint region: Cleanup
[2021-12-31T02:56:34.570+0000][1][safepoint    ] Leaving safepoint region
[2021-12-31T02:56:34.570+0000][1][safepoint    ] Total time for which application threads were stopped: 0.0003059 seconds, Stopping threads took: 0.0001361 seconds
[2021-12-31T02:56:35.570+0000][1][safepoint    ] Application time: 1.0000881 seconds
[2021-12-31T02:56:35.571+0000][1][safepoint    ] Entering safepoint region: Cleanup
[2021-12-31T02:56:35.571+0000][1][safepoint    ] Leaving safepoint region
[2021-12-31T02:56:35.571+0000][1][safepoint    ] Total time for which application threads were stopped: 0.0002535 seconds, Stopping threads took: 0.0001076 seconds
[2021-12-31T02:56:36.574+0000][1][safepoint    ] Application time: 1.0029470 seconds
[2021-12-31T02:56:36.574+0000][1][safepoint    ] Entering safepoint region: Cleanup
[2021-12-31T02:56:36.575+0000][1][safepoint    ] Leaving safepoint region
[2021-12-31T02:56:36.575+0000][1][safepoint    ] Total time for which application threads were stopped: 0.0005413 seconds, Stopping threads took: 0.0002505 seconds
[2021-12-31T02:56:37.575+0000][1][safepoint    ] Application time: 1.0002643 seconds
[2021-12-31T02:56:37.576+0000][1][safepoint    ] Entering safepoint region: Cleanup
[2021-12-31T02:56:37.576+0000][1][safepoint    ] Leaving safepoint region
[2021-12-31T02:56:37.576+0000][1][safepoint    ] Total time for which application threads were stopped: 0.0002501 seconds, Stopping threads took: 0.0001009 seconds
[2021-12-31T02:56:38.582+0000][1][safepoint    ] Application time: 1.0063275 seconds
[2021-12-31T02:56:38.583+0000][1][safepoint    ] Entering safepoint region: Cleanup
[2021-12-31T02:56:38.583+0000][1][safepoint    ] Leaving safepoint region
[2021-12-31T02:56:38.583+0000][1][safepoint    ] Total time for which application threads were stopped: 0.0002928 seconds, Stopping threads took: 0.0001501 seconds
[2021-12-31T02:56:39.585+0000][1][safepoint    ] Application time: 1.0023744 seconds
[2021-12-31T02:56:39.586+0000][1][safepoint    ] Entering safepoint region: Cleanup
[2021-12-31T02:56:39.586+0000][1][safepoint    ] Leaving safepoint region
[2021-12-31T02:56:39.586+0000][1][safepoint    ] Total time for which application threads were stopped: 0.0002715 seconds, Stopping threads took: 0.0001142 seconds
[2021-12-31T02:56:40.588+0000][1][safepoint    ] Application time: 1.0022820 seconds
[2021-12-31T02:56:40.588+0000][1][safepoint    ] Entering safepoint region: Cleanup
[2021-12-31T02:56:40.589+0000][1][safepoint    ] Leaving safepoint region
[2021-12-31T02:56:40.589+0000][1][safepoint    ] Total time for which application threads were stopped: 0.0002675 seconds, Stopping threads took: 0.0001059 seconds
[2021-12-31T02:56:41.591+0000][1][safepoint    ] Application time: 1.0020855 seconds
[2021-12-31T02:56:41.591+0000][1][safepoint    ] Entering safepoint region: Cleanup
[2021-12-31T02:56:41.591+0000][1][safepoint    ] Leaving safepoint region
[2021-12-31T02:56:41.591+0000][1][safepoint    ] Total time for which application threads were stopped: 0.0002373 seconds, Stopping threads took: 0.0001030 seconds
[2021-12-31T02:56:42.594+0000][1][safepoint    ] Application time: 1.0022708 seconds
[2021-12-31T02:56:42.594+0000][1][safepoint    ] Entering safepoint region: Cleanup
[2021-12-31T02:56:42.595+0000][1][safepoint    ] Leaving safepoint region
[2021-12-31T02:56:42.595+0000][1][safepoint    ] Total time for which application threads were stopped: 0.0013625 seconds, Stopping threads took: 0.0010202 seconds
[2021-12-31T02:56:43.596+0000][1][safepoint    ] Application time: 1.0002392 seconds
[2021-12-31T02:56:43.597+0000][1][safepoint    ] Entering safepoint region: Cleanup
[2021-12-31T02:56:43.597+0000][1][safepoint    ] Leaving safepoint region
[2021-12-31T02:56:43.597+0000][1][safepoint    ] Total time for which application threads were stopped: 0.0004370 seconds, Stopping threads took: 0.0001948 seconds
[2021-12-31T02:56:44.598+0000][1][safepoint    ] Application time: 1.0007320 seconds
[2021-12-31T02:56:44.599+0000][1][safepoint    ] Entering safepoint region: Cleanup
[2021-12-31T02:56:44.599+0000][1][safepoint    ] Leaving safepoint region
[2021-12-31T02:56:44.599+0000][1][safepoint    ] Total time for which application threads were stopped: 0.0002390 seconds, Stopping threads took: 0.0001035 seconds
[2021-12-31T02:56:45.601+0000][1][safepoint    ] Application time: 1.0020428 seconds
[2021-12-31T02:56:45.601+0000][1][safepoint    ] Entering safepoint region: Cleanup
[2021-12-31T02:56:45.601+0000][1][safepoint    ] Leaving safepoint region
[2021-12-31T02:56:45.601+0000][1][safepoint    ] Total time for which application threads were stopped: 0.0002388 seconds, Stopping threads took: 0.0001024 seconds
[2021-12-31T02:56:46.603+0000][1][safepoint    ] Application time: 1.0014472 seconds
[2021-12-31T02:56:46.603+0000][1][safepoint    ] Entering safepoint region: Cleanup
[2021-12-31T02:56:46.603+0000][1][safepoint    ] Leaving safepoint region
[2021-12-31T02:56:46.603+0000][1][safepoint    ] Total time for which application threads were stopped: 0.0002749 seconds, Stopping threads took: 0.0001233 seconds
[2021-12-31T02:56:47.604+0000][1][safepoint    ] Application time: 1.0004732 seconds
[2021-12-31T02:56:47.604+0000][1][safepoint    ] Entering safepoint region: Cleanup
[2021-12-31T02:56:47.604+0000][1][safepoint    ] Leaving safepoint region
[2021-12-31T02:56:47.604+0000][1][safepoint    ] Total time for which application threads were stopped: 0.0002297 seconds, Stopping threads took: 0.0001001 seconds
[2021-12-31T02:56:48.605+0000][1][safepoint    ] Application time: 1.0007465 seconds
[2021-12-31T02:56:48.605+0000][1][safepoint    ] Entering safepoint region: Cleanup
[2021-12-31T02:56:48.605+0000][1][safepoint    ] Leaving safepoint region
[2021-12-31T02:56:48.606+0000][1][safepoint    ] Total time for which application threads were stopped: 0.0002310 seconds, Stopping threads took: 0.0000992 seconds
[2021-12-31T02:56:49.606+0000][1][safepoint    ] Application time: 1.0004450 seconds
[2021-12-31T02:56:49.606+0000][1][safepoint    ] Entering safepoint region: Cleanup
[2021-12-31T02:56:49.606+0000][1][safepoint    ] Leaving safepoint region
[2021-12-31T02:56:49.606+0000][1][safepoint    ] Total time for which application threads were stopped: 0.0002040 seconds, Stopping threads took: 0.0000883 seconds
[2021-12-31T02:56:50.607+0000][1][safepoint    ] Application time: 1.0001874 seconds
[2021-12-31T02:56:50.607+0000][1][safepoint    ] Entering safepoint region: Cleanup
[2021-12-31T02:56:50.607+0000][1][safepoint    ] Leaving safepoint region
[2021-12-31T02:56:50.607+0000][1][safepoint    ] Total time for which application threads were stopped: 0.0003312 seconds, Stopping threads took: 0.0001814 seconds
[2021-12-31T02:56:51.609+0000][1][safepoint    ] Application time: 1.0012780 seconds
[2021-12-31T02:56:51.609+0000][1][safepoint    ] Entering safepoint region: Cleanup
[2021-12-31T02:56:51.609+0000][1][safepoint    ] Leaving safepoint region
[2021-12-31T02:56:51.609+0000][1][safepoint    ] Total time for which application threads were stopped: 0.0002378 seconds, Stopping threads took: 0.0001035 seconds
[2021-12-31T02:56:52.611+0000][1][safepoint    ] Application time: 1.0013833 seconds
[2021-12-31T02:56:52.611+0000][1][safepoint    ] Entering safepoint region: Cleanup
[2021-12-31T02:56:52.611+0000][1][safepoint    ] Leaving safepoint region
[2021-12-31T02:56:52.611+0000][1][safepoint    ] Total time for which application threads were stopped: 0.0002650 seconds, Stopping threads took: 0.0001247 seconds
[2021-12-31T02:56:53.612+0000][1][safepoint    ] Application time: 1.0003979 seconds
[2021-12-31T02:56:53.612+0000][1][safepoint    ] Entering safepoint region: Cleanup
[2021-12-31T02:56:53.612+0000][1][safepoint    ] Leaving safepoint region
[2021-12-31T02:56:53.612+0000][1][safepoint    ] Total time for which application threads were stopped: 0.0002956 seconds, Stopping threads took: 0.0000924 seconds
[2021-12-31T02:56:54.612+0000][1][safepoint    ] Application time: 1.0001921 seconds
[2021-12-31T02:56:54.613+0000][1][safepoint    ] Entering safepoint region: Cleanup
[2021-12-31T02:56:54.613+0000][1][safepoint    ] Leaving safepoint region
[2021-12-31T02:56:54.613+0000][1][safepoint    ] Total time for which application threads were stopped: 0.0002810 seconds, Stopping threads took: 0.0001257 seconds
[2021-12-31T02:56:55.615+0000][1][safepoint    ] Application time: 1.0020787 seconds
[2021-12-31T02:56:55.615+0000][1][safepoint    ] Entering safepoint region: Cleanup
[2021-12-31T02:56:55.615+0000][1][safepoint    ] Leaving safepoint region
[2021-12-31T02:56:55.616+0000][1][safepoint    ] Total time for which application threads were stopped: 0.0002848 seconds, Stopping threads took: 0.0001020 seconds
[2021-12-31T02:56:56.616+0000][1][safepoint    ] Application time: 1.0007126 seconds
[2021-12-31T02:56:56.617+0000][1][safepoint    ] Entering safepoint region: Cleanup
[2021-12-31T02:56:56.617+0000][1][safepoint    ] Leaving safepoint region
[2021-12-31T02:56:56.617+0000][1][safepoint    ] Total time for which application threads were stopped: 0.0002514 seconds, Stopping threads took: 0.0001133 seconds
[2021-12-31T02:56:57.619+0000][1][safepoint    ] Application time: 1.0016690 seconds
[2021-12-31T02:56:57.619+0000][1][safepoint    ] Entering safepoint region: Cleanup
[2021-12-31T02:56:57.619+0000][1][safepoint    ] Leaving safepoint region
[2021-12-31T02:56:57.619+0000][1][safepoint    ] Total time for which application threads were stopped: 0.0003034 seconds, Stopping threads took: 0.0001393 seconds
[2021-12-31T02:56:58.621+0000][1][safepoint    ] Application time: 1.0016062 seconds
[2021-12-31T02:56:58.621+0000][1][safepoint    ] Entering safepoint region: Cleanup
[2021-12-31T02:56:58.621+0000][1][safepoint    ] Leaving safepoint region
[2021-12-31T02:56:58.621+0000][1][safepoint    ] Total time for which application threads were stopped: 0.0002406 seconds, Stopping threads took: 0.0001030 seconds
[2021-12-31T02:57:00.332+0000][1][safepoint    ] Application time: 1.7104470 seconds
[2021-12-31T02:57:00.332+0000][1][safepoint    ] Entering safepoint region: Cleanup
[2021-12-31T02:57:00.332+0000][1][safepoint    ] Leaving safepoint region
[2021-12-31T02:57:00.333+0000][1][safepoint    ] Total time for which application threads were stopped: 0.0004817 seconds, Stopping threads took: 0.0002257 seconds
[2021-12-31T02:57:01.335+0000][1][safepoint    ] Application time: 1.0016927 seconds
[2021-12-31T02:57:01.335+0000][1][safepoint    ] Entering safepoint region: Cleanup
[2021-12-31T02:57:01.335+0000][1][safepoint    ] Leaving safepoint region
[2021-12-31T02:57:01.335+0000][1][safepoint    ] Total time for which application threads were stopped: 0.0002386 seconds, Stopping threads took: 0.0000985 seconds
[2021-12-31T02:57:02.338+0000][1][safepoint    ] Application time: 1.0034116 seconds
[2021-12-31T02:57:02.339+0000][1][safepoint    ] Entering safepoint region: Cleanup
[2021-12-31T02:57:02.339+0000][1][safepoint    ] Leaving safepoint region
[2021-12-31T02:57:02.339+0000][1][safepoint    ] Total time for which application threads were stopped: 0.0002449 seconds, Stopping threads took: 0.0001023 seconds
[2021-12-31T02:57:03.342+0000][1][safepoint    ] Application time: 1.0033368 seconds
[2021-12-31T02:57:03.343+0000][1][safepoint    ] Entering safepoint region: Cleanup
[2021-12-31T02:57:03.343+0000][1][safepoint    ] Leaving safepoint region
[2021-12-31T02:57:03.343+0000][1][safepoint    ] Total time for which application threads were stopped: 0.0002736 seconds, Stopping threads took: 0.0001280 seconds
[2021-12-31T02:57:04.344+0000][1][safepoint    ] Application time: 1.0004501 seconds
[2021-12-31T02:57:04.344+0000][1][safepoint    ] Entering safepoint region: Cleanup
[2021-12-31T02:57:04.344+0000][1][safepoint    ] Leaving safepoint region
[2021-12-31T02:57:04.344+0000][1][safepoint    ] Total time for which application threads were stopped: 0.0002855 seconds, Stopping threads took: 0.0001228 seconds
[2021-12-31T02:57:05.348+0000][1][safepoint    ] Application time: 1.0035187 seconds
[2021-12-31T02:57:05.348+0000][1][safepoint    ] Entering safepoint region: Cleanup
[2021-12-31T02:57:05.348+0000][1][safepoint    ] Leaving safepoint region
[2021-12-31T02:57:05.348+0000][1][safepoint    ] Total time for which application threads were stopped: 0.0003163 seconds, Stopping threads took: 0.0001336 seconds
[2021-12-31T02:57:06.350+0000][1][safepoint    ] Application time: 1.0009006 seconds
[2021-12-31T02:57:06.350+0000][1][safepoint    ] Entering safepoint region: Cleanup
[2021-12-31T02:57:06.350+0000][1][safepoint    ] Leaving safepoint region
[2021-12-31T02:57:06.350+0000][1][safepoint    ] Total time for which application threads were stopped: 0.0002359 seconds, Stopping threads took: 0.0001031 seconds
[2021-12-31T02:57:07.352+0000][1][safepoint    ] Application time: 1.0021406 seconds
[2021-12-31T02:57:07.352+0000][1][safepoint    ] Entering safepoint region: Cleanup
[2021-12-31T02:57:07.353+0000][1][safepoint    ] Leaving safepoint region
[2021-12-31T02:57:07.353+0000][1][safepoint    ] Total time for which application threads were stopped: 0.0002617 seconds, Stopping threads took: 0.0001054 seconds
[2021-12-31T02:57:08.357+0000][1][safepoint    ] Application time: 1.0040146 seconds
[2021-12-31T02:57:08.357+0000][1][safepoint    ] Entering safepoint region: Cleanup
[2021-12-31T02:57:08.357+0000][1][safepoint    ] Leaving safepoint region
[2021-12-31T02:57:08.357+0000][1][safepoint    ] Total time for which application threads were stopped: 0.0002519 seconds, Stopping threads took: 0.0001023 seconds
[2021-12-31T02:57:09.360+0000][1][safepoint    ] Application time: 1.0029756 seconds
[2021-12-31T02:57:09.361+0000][1][safepoint    ] Entering safepoint region: Cleanup
[2021-12-31T02:57:09.361+0000][1][safepoint    ] Leaving safepoint region
[2021-12-31T02:57:09.361+0000][1][safepoint    ] Total time for which application threads were stopped: 0.0002431 seconds, Stopping threads took: 0.0001062 seconds
[2021-12-31T02:57:10.361+0000][1][safepoint    ] Application time: 1.0004381 seconds
[2021-12-31T02:57:10.362+0000][1][safepoint    ] Entering safepoint region: Cleanup
[2021-12-31T02:57:10.362+0000][1][safepoint    ] Leaving safepoint region
[2021-12-31T02:57:10.362+0000][1][safepoint    ] Total time for which application threads were stopped: 0.0003692 seconds, Stopping threads took: 0.0001630 seconds
[2021-12-31T02:57:11.261+0000][1][safepoint    ] Application time: 0.8992482 seconds
[2021-12-31T02:57:11.261+0000][1][safepoint    ] Entering safepoint region: RevokeBias
[2021-12-31T02:57:11.262+0000][1][safepoint    ] Leaving safepoint region
[2021-12-31T02:57:11.262+0000][1][safepoint    ] Total time for which application threads were stopped: 0.0003458 seconds, Stopping threads took: 0.0001028 seconds
[2021-12-31T02:57:12.265+0000][1][safepoint    ] Application time: 1.0029286 seconds
[2021-12-31T02:57:12.265+0000][1][safepoint    ] Entering safepoint region: Cleanup
[2021-12-31T02:57:12.265+0000][1][safepoint    ] Leaving safepoint region
[2021-12-31T02:57:12.265+0000][1][safepoint    ] Total time for which application threads were stopped: 0.0002374 seconds, Stopping threads took: 0.0000965 seconds
[2021-12-31T02:57:13.269+0000][1][safepoint    ] Application time: 1.0031250 seconds
[2021-12-31T02:57:13.269+0000][1][safepoint    ] Entering safepoint region: Cleanup
[2021-12-31T02:57:13.269+0000][1][safepoint    ] Leaving safepoint region
[2021-12-31T02:57:13.269+0000][1][safepoint    ] Total time for which application threads were stopped: 0.0002918 seconds, Stopping threads took: 0.0001341 seconds
[2021-12-31T02:57:14.270+0000][1][safepoint    ] Application time: 1.0008188 seconds
[2021-12-31T02:57:14.270+0000][1][safepoint    ] Entering safepoint region: Cleanup
[2021-12-31T02:57:14.271+0000][1][safepoint    ] Leaving safepoint region
[2021-12-31T02:57:14.271+0000][1][safepoint    ] Total time for which application threads were stopped: 0.0004644 seconds, Stopping threads took: 0.0002052 seconds
[2021-12-31T02:57:15.273+0000][1][safepoint    ] Application time: 1.0019458 seconds
[2021-12-31T02:57:15.273+0000][1][safepoint    ] Entering safepoint region: Cleanup
[2021-12-31T02:57:15.273+0000][1][safepoint    ] Leaving safepoint region
[2021-12-31T02:57:15.274+0000][1][safepoint    ] Total time for which application threads were stopped: 0.0002300 seconds, Stopping threads took: 0.0000978 seconds
[2021-12-31T02:57:16.275+0000][1][safepoint    ] Application time: 1.0018098 seconds
[2021-12-31T02:57:16.276+0000][1][safepoint    ] Entering safepoint region: Cleanup
[2021-12-31T02:57:16.276+0000][1][safepoint    ] Leaving safepoint region
[2021-12-31T02:57:16.276+0000][1][safepoint    ] Total time for which application threads were stopped: 0.0002496 seconds, Stopping threads took: 0.0001023 seconds
[2021-12-31T02:57:17.173+0000][1][safepoint    ] Application time: 0.8974900 seconds
[2021-12-31T02:57:17.175+0000][1][safepoint    ] Entering safepoint region: RevokeBias
[2021-12-31T02:57:17.175+0000][1][safepoint    ] Leaving safepoint region
[2021-12-31T02:57:17.175+0000][1][safepoint    ] Total time for which application threads were stopped: 0.0005702 seconds, Stopping threads took: 0.0003792 seconds
[2021-12-31T02:57:18.176+0000][1][safepoint    ] Application time: 1.0005818 seconds
[2021-12-31T02:57:18.176+0000][1][safepoint    ] Entering safepoint region: Cleanup
[2021-12-31T02:57:18.176+0000][1][safepoint    ] Leaving safepoint region
[2021-12-31T02:57:18.177+0000][1][safepoint    ] Total time for which application threads were stopped: 0.0002620 seconds, Stopping threads took: 0.0001108 seconds
[2021-12-31T02:57:19.177+0000][1][safepoint    ] Application time: 1.0005228 seconds
[2021-12-31T02:57:19.178+0000][1][safepoint    ] Entering safepoint region: Cleanup
[2021-12-31T02:57:19.178+0000][1][safepoint    ] Leaving safepoint region
[2021-12-31T02:57:19.178+0000][1][safepoint    ] Total time for which application threads were stopped: 0.0004846 seconds, Stopping threads took: 0.0002160 seconds
[2021-12-31T02:57:20.179+0000][1][safepoint    ] Application time: 1.0007095 seconds
[2021-12-31T02:57:20.179+0000][1][safepoint    ] Entering safepoint region: Cleanup
[2021-12-31T02:57:20.179+0000][1][safepoint    ] Leaving safepoint region
[2021-12-31T02:57:20.179+0000][1][safepoint    ] Total time for which application threads were stopped: 0.0002444 seconds, Stopping threads took: 0.0001016 seconds
[2021-12-31T02:57:21.181+0000][1][safepoint    ] Application time: 1.0018458 seconds
[2021-12-31T02:57:21.181+0000][1][safepoint    ] Entering safepoint region: Cleanup
[2021-12-31T02:57:21.182+0000][1][safepoint    ] Leaving safepoint region
[2021-12-31T02:57:21.182+0000][1][safepoint    ] Total time for which application threads were stopped: 0.0002322 seconds, Stopping threads took: 0.0000995 seconds
[2021-12-31T02:57:22.184+0000][1][safepoint    ] Application time: 1.0018740 seconds
[2021-12-31T02:57:22.184+0000][1][safepoint    ] Entering safepoint region: Cleanup
[2021-12-31T02:57:22.184+0000][1][safepoint    ] Leaving safepoint region
[2021-12-31T02:57:22.184+0000][1][safepoint    ] Total time for which application threads were stopped: 0.0002676 seconds, Stopping threads took: 0.0001047 seconds
[2021-12-31T02:57:24.147+0000][1][safepoint    ] Application time: 1.9627894 seconds
[2021-12-31T02:57:24.147+0000][1][safepoint    ] Entering safepoint region: Cleanup
[2021-12-31T02:57:24.147+0000][1][safepoint    ] Leaving safepoint region
[2021-12-31T02:57:24.148+0000][1][safepoint    ] Total time for which application threads were stopped: 0.0003376 seconds, Stopping threads took: 0.0001072 seconds
[2021-12-31T02:57:25.149+0000][1][safepoint    ] Application time: 1.0011370 seconds
[2021-12-31T02:57:25.149+0000][1][safepoint    ] Entering safepoint region: Cleanup
[2021-12-31T02:57:25.149+0000][1][safepoint    ] Leaving safepoint region
[2021-12-31T02:57:25.149+0000][1][safepoint    ] Total time for which application threads were stopped: 0.0002373 seconds, Stopping threads took: 0.0001010 seconds
[2021-12-31T02:57:26.156+0000][1][safepoint    ] Application time: 1.0060771 seconds
[2021-12-31T02:57:26.156+0000][1][safepoint    ] Entering safepoint region: Cleanup
[2021-12-31T02:57:26.156+0000][1][safepoint    ] Leaving safepoint region
[2021-12-31T02:57:26.156+0000][1][safepoint    ] Total time for which application threads were stopped: 0.0002860 seconds, Stopping threads took: 0.0001226 seconds
[2021-12-31T02:57:27.157+0000][1][safepoint    ] Application time: 1.0003734 seconds
[2021-12-31T02:57:27.157+0000][1][safepoint    ] Entering safepoint region: Cleanup
[2021-12-31T02:57:27.157+0000][1][safepoint    ] Leaving safepoint region
[2021-12-31T02:57:27.157+0000][1][safepoint    ] Total time for which application threads were stopped: 0.0002379 seconds, Stopping threads took: 0.0001031 seconds
[2021-12-31T02:57:28.159+0000][1][safepoint    ] Application time: 1.0022510 seconds
[2021-12-31T02:57:28.160+0000][1][safepoint    ] Entering safepoint region: Cleanup
[2021-12-31T02:57:28.160+0000][1][safepoint    ] Leaving safepoint region
[2021-12-31T02:57:28.160+0000][1][safepoint    ] Total time for which application threads were stopped: 0.0003096 seconds, Stopping threads took: 0.0001164 seconds
[2021-12-31T02:57:29.161+0000][1][safepoint    ] Application time: 1.0011232 seconds
[2021-12-31T02:57:29.162+0000][1][safepoint    ] Entering safepoint region: Cleanup
[2021-12-31T02:57:29.162+0000][1][safepoint    ] Leaving safepoint region
[2021-12-31T02:57:29.162+0000][1][safepoint    ] Total time for which application threads were stopped: 0.0004589 seconds, Stopping threads took: 0.0001980 seconds
[2021-12-31T02:57:30.163+0000][1][safepoint    ] Application time: 1.0007885 seconds
[2021-12-31T02:57:30.163+0000][1][safepoint    ] Entering safepoint region: Cleanup
[2021-12-31T02:57:30.163+0000][1][safepoint    ] Leaving safepoint region
[2021-12-31T02:57:30.163+0000][1][safepoint    ] Total time for which application threads were stopped: 0.0002610 seconds, Stopping threads took: 0.0001217 seconds
[2021-12-31T02:57:31.166+0000][1][safepoint    ] Application time: 1.0022225 seconds
[2021-12-31T02:57:31.166+0000][1][safepoint    ] Entering safepoint region: Cleanup
[2021-12-31T02:57:31.166+0000][1][safepoint    ] Leaving safepoint region
[2021-12-31T02:57:31.166+0000][1][safepoint    ] Total time for which application threads were stopped: 0.0002342 seconds, Stopping threads took: 0.0000991 seconds
[2021-12-31T02:57:32.168+0000][1][safepoint    ] Application time: 1.0019258 seconds
[2021-12-31T02:57:32.169+0000][1][safepoint    ] Entering safepoint region: Cleanup
[2021-12-31T02:57:32.169+0000][1][safepoint    ] Leaving safepoint region
[2021-12-31T02:57:32.169+0000][1][safepoint    ] Total time for which application threads were stopped: 0.0002262 seconds, Stopping threads took: 0.0000940 seconds
[2021-12-31T02:57:33.170+0000][1][safepoint    ] Application time: 1.0007766 seconds
[2021-12-31T02:57:33.170+0000][1][safepoint    ] Entering safepoint region: Cleanup
[2021-12-31T02:57:33.170+0000][1][safepoint    ] Leaving safepoint region
[2021-12-31T02:57:33.171+0000][1][safepoint    ] Total time for which application threads were stopped: 0.0005499 seconds, Stopping threads took: 0.0002463 seconds
[2021-12-31T02:57:34.172+0000][1][safepoint    ] Application time: 1.0009253 seconds
[2021-12-31T02:57:34.172+0000][1][safepoint    ] Entering safepoint region: Cleanup
[2021-12-31T02:57:34.172+0000][1][safepoint    ] Leaving safepoint region
[2021-12-31T02:57:34.172+0000][1][safepoint    ] Total time for which application threads were stopped: 0.0002673 seconds, Stopping threads took: 0.0001185 seconds
[2021-12-31T02:57:35.173+0000][1][safepoint    ] Application time: 1.0004120 seconds
[2021-12-31T02:57:35.173+0000][1][safepoint    ] Entering safepoint region: Cleanup
[2021-12-31T02:57:35.173+0000][1][safepoint    ] Leaving safepoint region
[2021-12-31T02:57:35.174+0000][1][safepoint    ] Total time for which application threads were stopped: 0.0005813 seconds, Stopping threads took: 0.0002470 seconds
[2021-12-31T02:57:36.176+0000][1][safepoint    ] Application time: 1.0023680 seconds
[2021-12-31T02:57:36.177+0000][1][safepoint    ] Entering safepoint region: Cleanup
[2021-12-31T02:57:36.177+0000][1][safepoint    ] Leaving safepoint region
[2021-12-31T02:57:36.177+0000][1][safepoint    ] Total time for which application threads were stopped: 0.0005369 seconds, Stopping threads took: 0.0002296 seconds
[2021-12-31T02:57:37.179+0000][1][safepoint    ] Application time: 1.0017539 seconds
[2021-12-31T02:57:37.179+0000][1][safepoint    ] Entering safepoint region: Cleanup
[2021-12-31T02:57:37.180+0000][1][safepoint    ] Leaving safepoint region
[2021-12-31T02:57:37.180+0000][1][safepoint    ] Total time for which application threads were stopped: 0.0004114 seconds, Stopping threads took: 0.0001591 seconds
[2021-12-31T02:57:38.183+0000][1][safepoint    ] Application time: 1.0028189 seconds
[2021-12-31T02:57:38.183+0000][1][safepoint    ] Entering safepoint region: Cleanup
[2021-12-31T02:57:38.183+0000][1][safepoint    ] Leaving safepoint region
[2021-12-31T02:57:38.184+0000][1][safepoint    ] Total time for which application threads were stopped: 0.0002294 seconds, Stopping threads took: 0.0000967 seconds
[2021-12-31T02:57:39.187+0000][1][safepoint    ] Application time: 1.0029773 seconds
[2021-12-31T02:57:39.187+0000][1][safepoint    ] Entering safepoint region: Cleanup
[2021-12-31T02:57:39.187+0000][1][safepoint    ] Leaving safepoint region
[2021-12-31T02:57:39.187+0000][1][safepoint    ] Total time for which application threads were stopped: 0.0002452 seconds, Stopping threads took: 0.0001072 seconds
[2021-12-31T02:57:40.190+0000][1][safepoint    ] Application time: 1.0025964 seconds
[2021-12-31T02:57:40.190+0000][1][safepoint    ] Entering safepoint region: Cleanup
[2021-12-31T02:57:40.190+0000][1][safepoint    ] Leaving safepoint region
[2021-12-31T02:57:40.191+0000][1][safepoint    ] Total time for which application threads were stopped: 0.0004887 seconds, Stopping threads took: 0.0002001 seconds
[2021-12-31T02:57:41.397+0000][1][safepoint    ] Application time: 1.2065911 seconds
[2021-12-31T02:57:41.398+0000][1][safepoint    ] Entering safepoint region: Cleanup
[2021-12-31T02:57:41.398+0000][1][safepoint    ] Leaving safepoint region
[2021-12-31T02:57:41.399+0000][1][safepoint    ] Total time for which application threads were stopped: 0.0007567 seconds, Stopping threads took: 0.0002359 seconds
[2021-12-31T02:57:42.399+0000][1][safepoint    ] Application time: 1.0002026 seconds
[2021-12-31T02:57:42.399+0000][1][safepoint    ] Entering safepoint region: Cleanup
[2021-12-31T02:57:42.400+0000][1][safepoint    ] Leaving safepoint region
[2021-12-31T02:57:42.400+0000][1][safepoint    ] Total time for which application threads were stopped: 0.0007342 seconds, Stopping threads took: 0.0002849 seconds
[2021-12-31T02:57:43.403+0000][1][safepoint    ] Application time: 1.0025870 seconds
[2021-12-31T02:57:43.404+0000][1][safepoint    ] Entering safepoint region: Cleanup
[2021-12-31T02:57:43.405+0000][1][safepoint    ] Leaving safepoint region
[2021-12-31T02:57:43.406+0000][1][safepoint    ] Total time for which application threads were stopped: 0.0018598 seconds, Stopping threads took: 0.0015989 seconds
[2021-12-31T02:57:44.409+0000][1][safepoint    ] Application time: 1.0035196 seconds
[2021-12-31T02:57:44.409+0000][1][safepoint    ] Entering safepoint region: Cleanup
[2021-12-31T02:57:44.410+0000][1][safepoint    ] Leaving safepoint region
[2021-12-31T02:57:44.410+0000][1][safepoint    ] Total time for which application threads were stopped: 0.0003381 seconds, Stopping threads took: 0.0001288 seconds
[2021-12-31T02:57:45.412+0000][1][safepoint    ] Application time: 1.0016882 seconds
[2021-12-31T02:57:45.412+0000][1][safepoint    ] Entering safepoint region: Cleanup
[2021-12-31T02:57:45.412+0000][1][safepoint    ] Leaving safepoint region
[2021-12-31T02:57:45.412+0000][1][safepoint    ] Total time for which application threads were stopped: 0.0002703 seconds, Stopping threads took: 0.0001182 seconds
[2021-12-31T02:57:46.415+0000][1][safepoint    ] Application time: 1.0028370 seconds
[2021-12-31T02:57:46.415+0000][1][safepoint    ] Entering safepoint region: Cleanup
[2021-12-31T02:57:46.415+0000][1][safepoint    ] Leaving safepoint region
[2021-12-31T02:57:46.415+0000][1][safepoint    ] Total time for which application threads were stopped: 0.0002447 seconds, Stopping threads took: 0.0001027 seconds
[2021-12-31T02:57:47.417+0000][1][safepoint    ] Application time: 1.0016724 seconds
[2021-12-31T02:57:47.417+0000][1][safepoint    ] Entering safepoint region: Cleanup
[2021-12-31T02:57:47.418+0000][1][safepoint    ] Leaving safepoint region
[2021-12-31T02:57:47.418+0000][1][safepoint    ] Total time for which application threads were stopped: 0.0002568 seconds, Stopping threads took: 0.0001052 seconds
[2021-12-31T02:57:48.418+0000][1][safepoint    ] Application time: 1.0003615 seconds
[2021-12-31T02:57:48.418+0000][1][safepoint    ] Entering safepoint region: Cleanup
[2021-12-31T02:57:48.418+0000][1][safepoint    ] Leaving safepoint region
[2021-12-31T02:57:48.419+0000][1][safepoint    ] Total time for which application threads were stopped: 0.0002332 seconds, Stopping threads took: 0.0001001 seconds
[2021-12-31T02:57:49.419+0000][1][safepoint    ] Application time: 1.0005330 seconds
[2021-12-31T02:57:49.419+0000][1][safepoint    ] Entering safepoint region: Cleanup
[2021-12-31T02:57:49.420+0000][1][safepoint    ] Leaving safepoint region
[2021-12-31T02:57:49.420+0000][1][safepoint    ] Total time for which application threads were stopped: 0.0006099 seconds, Stopping threads took: 0.0004675 seconds
[2021-12-31T02:57:50.423+0000][1][safepoint    ] Application time: 1.0030765 seconds
[2021-12-31T02:57:50.423+0000][1][safepoint    ] Entering safepoint region: Cleanup
[2021-12-31T02:57:50.424+0000][1][safepoint    ] Leaving safepoint region
[2021-12-31T02:57:50.424+0000][1][safepoint    ] Total time for which application threads were stopped: 0.0002786 seconds, Stopping threads took: 0.0001172 seconds
[2021-12-31T02:57:51.425+0000][1][safepoint    ] Application time: 1.0006946 seconds
[2021-12-31T02:57:51.425+0000][1][safepoint    ] Entering safepoint region: Cleanup
[2021-12-31T02:57:51.425+0000][1][safepoint    ] Leaving safepoint region
[2021-12-31T02:57:51.425+0000][1][safepoint    ] Total time for which application threads were stopped: 0.0003343 seconds, Stopping threads took: 0.0001546 seconds
[2021-12-31T02:57:52.426+0000][1][safepoint    ] Application time: 1.0008196 seconds
[2021-12-31T02:57:52.426+0000][1][safepoint    ] Entering safepoint region: Cleanup
[2021-12-31T02:57:52.426+0000][1][safepoint    ] Leaving safepoint region
[2021-12-31T02:57:52.427+0000][1][safepoint    ] Total time for which application threads were stopped: 0.0003478 seconds, Stopping threads took: 0.0001250 seconds
[2021-12-31T02:57:53.429+0000][1][safepoint    ] Application time: 1.0024076 seconds
[2021-12-31T02:57:53.429+0000][1][safepoint    ] Entering safepoint region: Cleanup
[2021-12-31T02:57:53.430+0000][1][safepoint    ] Leaving safepoint region
[2021-12-31T02:57:53.430+0000][1][safepoint    ] Total time for which application threads were stopped: 0.0002305 seconds, Stopping threads took: 0.0000988 seconds
[2021-12-31T02:57:54.430+0000][1][safepoint    ] Application time: 1.0005510 seconds
[2021-12-31T02:57:54.430+0000][1][safepoint    ] Entering safepoint region: Cleanup
[2021-12-31T02:57:54.431+0000][1][safepoint    ] Leaving safepoint region
[2021-12-31T02:57:54.431+0000][1][safepoint    ] Total time for which application threads were stopped: 0.0002367 seconds, Stopping threads took: 0.0000993 seconds
[2021-12-31T02:57:55.433+0000][1][safepoint    ] Application time: 1.0025765 seconds
[2021-12-31T02:57:55.434+0000][1][safepoint    ] Entering safepoint region: Cleanup
[2021-12-31T02:57:55.434+0000][1][safepoint    ] Leaving safepoint region
[2021-12-31T02:57:55.434+0000][1][safepoint    ] Total time for which application threads were stopped: 0.0002438 seconds, Stopping threads took: 0.0001005 seconds
[2021-12-31T02:57:56.436+0000][1][safepoint    ] Application time: 1.0024819 seconds
[2021-12-31T02:57:56.437+0000][1][safepoint    ] Entering safepoint region: Cleanup
[2021-12-31T02:57:56.437+0000][1][safepoint    ] Leaving safepoint region
[2021-12-31T02:57:56.437+0000][1][safepoint    ] Total time for which application threads were stopped: 0.0002693 seconds, Stopping threads took: 0.0001051 seconds
[2021-12-31T02:57:57.440+0000][1][safepoint    ] Application time: 1.0029903 seconds
[2021-12-31T02:57:57.440+0000][1][safepoint    ] Entering safepoint region: Cleanup
[2021-12-31T02:57:57.440+0000][1][safepoint    ] Leaving safepoint region
[2021-12-31T02:57:57.440+0000][1][safepoint    ] Total time for which application threads were stopped: 0.0002267 seconds, Stopping threads took: 0.0000926 seconds
[2021-12-31T02:57:58.442+0000][1][safepoint    ] Application time: 1.0015681 seconds
[2021-12-31T02:57:58.442+0000][1][safepoint    ] Entering safepoint region: Cleanup
[2021-12-31T02:57:58.442+0000][1][safepoint    ] Leaving safepoint region
[2021-12-31T02:57:58.442+0000][1][safepoint    ] Total time for which application threads were stopped: 0.0002514 seconds, Stopping threads took: 0.0001013 seconds
[2021-12-31T02:57:59.446+0000][1][safepoint    ] Application time: 1.0030081 seconds
[2021-12-31T02:57:59.446+0000][1][safepoint    ] Entering safepoint region: Cleanup
[2021-12-31T02:57:59.446+0000][1][safepoint    ] Leaving safepoint region
[2021-12-31T02:57:59.446+0000][1][safepoint    ] Total time for which application threads were stopped: 0.0002381 seconds, Stopping threads took: 0.0001030 seconds
[2021-12-31T02:58:00.449+0000][1][safepoint    ] Application time: 1.0024451 seconds
[2021-12-31T02:58:00.449+0000][1][safepoint    ] Entering safepoint region: Cleanup
[2021-12-31T02:58:00.449+0000][1][safepoint    ] Leaving safepoint region
[2021-12-31T02:58:00.449+0000][1][safepoint    ] Total time for which application threads were stopped: 0.0003323 seconds, Stopping threads took: 0.0001670 seconds
[2021-12-31T02:58:01.452+0000][1][safepoint    ] Application time: 1.0029147 seconds
[2021-12-31T02:58:01.452+0000][1][safepoint    ] Entering safepoint region: Cleanup
[2021-12-31T02:58:01.452+0000][1][safepoint    ] Leaving safepoint region
[2021-12-31T02:58:01.453+0000][1][safepoint    ] Total time for which application threads were stopped: 0.0002178 seconds, Stopping threads took: 0.0000952 seconds
[2021-12-31T02:58:02.454+0000][1][safepoint    ] Application time: 1.0018750 seconds
[2021-12-31T02:58:02.455+0000][1][safepoint    ] Entering safepoint region: Cleanup
[2021-12-31T02:58:02.455+0000][1][safepoint    ] Leaving safepoint region
[2021-12-31T02:58:02.455+0000][1][safepoint    ] Total time for which application threads were stopped: 0.0003228 seconds, Stopping threads took: 0.0001304 seconds
[2021-12-31T02:58:03.457+0000][1][safepoint    ] Application time: 1.0022360 seconds
[2021-12-31T02:58:03.458+0000][1][safepoint    ] Entering safepoint region: Cleanup
[2021-12-31T02:58:03.458+0000][1][safepoint    ] Leaving safepoint region
[2021-12-31T02:58:03.458+0000][1][safepoint    ] Total time for which application threads were stopped: 0.0002820 seconds, Stopping threads took: 0.0001184 seconds
[2021-12-31T02:58:04.460+0000][1][safepoint    ] Application time: 1.0020023 seconds
[2021-12-31T02:58:04.460+0000][1][safepoint    ] Entering safepoint region: Cleanup
[2021-12-31T02:58:04.460+0000][1][safepoint    ] Leaving safepoint region
[2021-12-31T02:58:04.461+0000][1][safepoint    ] Total time for which application threads were stopped: 0.0002587 seconds, Stopping threads took: 0.0001222 seconds
[2021-12-31T02:58:05.464+0000][1][safepoint    ] Application time: 1.0031686 seconds
[2021-12-31T02:58:05.464+0000][1][safepoint    ] Entering safepoint region: Cleanup
[2021-12-31T02:58:05.464+0000][1][safepoint    ] Leaving safepoint region
[2021-12-31T02:58:05.464+0000][1][safepoint    ] Total time for which application threads were stopped: 0.0003012 seconds, Stopping threads took: 0.0001291 seconds
[2021-12-31T02:58:06.466+0000][1][safepoint    ] Application time: 1.0018934 seconds
[2021-12-31T02:58:06.467+0000][1][safepoint    ] Entering safepoint region: Cleanup
[2021-12-31T02:58:06.467+0000][1][safepoint    ] Leaving safepoint region
[2021-12-31T02:58:06.467+0000][1][safepoint    ] Total time for which application threads were stopped: 0.0002929 seconds, Stopping threads took: 0.0001224 seconds
[2021-12-31T02:58:07.468+0000][1][safepoint    ] Application time: 1.0012441 seconds
[2021-12-31T02:58:07.469+0000][1][safepoint    ] Entering safepoint region: Cleanup
[2021-12-31T02:58:07.469+0000][1][safepoint    ] Leaving safepoint region
[2021-12-31T02:58:07.469+0000][1][safepoint    ] Total time for which application threads were stopped: 0.0002476 seconds, Stopping threads took: 0.0001006 seconds
[2021-12-31T02:58:08.473+0000][1][safepoint    ] Application time: 1.0036395 seconds
[2021-12-31T02:58:08.473+0000][1][safepoint    ] Entering safepoint region: Cleanup
[2021-12-31T02:58:08.473+0000][1][safepoint    ] Leaving safepoint region
[2021-12-31T02:58:08.473+0000][1][safepoint    ] Total time for which application threads were stopped: 0.0002327 seconds, Stopping threads took: 0.0000995 seconds
[2021-12-31T02:58:09.475+0000][1][safepoint    ] Application time: 1.0015040 seconds
[2021-12-31T02:58:09.475+0000][1][safepoint    ] Entering safepoint region: Cleanup
[2021-12-31T02:58:09.475+0000][1][safepoint    ] Leaving safepoint region
[2021-12-31T02:58:09.475+0000][1][safepoint    ] Total time for which application threads were stopped: 0.0002475 seconds, Stopping threads took: 0.0001078 seconds
[2021-12-31T02:58:10.485+0000][1][safepoint    ] Application time: 1.0094787 seconds
[2021-12-31T02:58:10.485+0000][1][safepoint    ] Entering safepoint region: Cleanup
[2021-12-31T02:58:10.485+0000][1][safepoint    ] Leaving safepoint region
[2021-12-31T02:58:10.485+0000][1][safepoint    ] Total time for which application threads were stopped: 0.0002542 seconds, Stopping threads took: 0.0001209 seconds
[2021-12-31T02:58:11.488+0000][1][safepoint    ] Application time: 1.0028383 seconds
[2021-12-31T02:58:11.488+0000][1][safepoint    ] Entering safepoint region: Cleanup
[2021-12-31T02:58:11.489+0000][1][safepoint    ] Leaving safepoint region
[2021-12-31T02:58:11.489+0000][1][safepoint    ] Total time for which application threads were stopped: 0.0003283 seconds, Stopping threads took: 0.0001485 seconds
[2021-12-31T02:58:12.491+0000][1][safepoint    ] Application time: 1.0018471 seconds
[2021-12-31T02:58:12.491+0000][1][safepoint    ] Entering safepoint region: Cleanup
[2021-12-31T02:58:12.491+0000][1][safepoint    ] Leaving safepoint region
[2021-12-31T02:58:12.491+0000][1][safepoint    ] Total time for which application threads were stopped: 0.0002404 seconds, Stopping threads took: 0.0001053 seconds
[2021-12-31T02:58:13.493+0000][1][safepoint    ] Application time: 1.0015531 seconds
[2021-12-31T02:58:13.493+0000][1][safepoint    ] Entering safepoint region: Cleanup
[2021-12-31T02:58:13.493+0000][1][safepoint    ] Leaving safepoint region
[2021-12-31T02:58:13.493+0000][1][safepoint    ] Total time for which application threads were stopped: 0.0002386 seconds, Stopping threads took: 0.0001056 seconds
[2021-12-31T02:58:14.494+0000][1][safepoint    ] Application time: 1.0003151 seconds
[2021-12-31T02:58:14.494+0000][1][safepoint    ] Entering safepoint region: Cleanup
[2021-12-31T02:58:14.494+0000][1][safepoint    ] Leaving safepoint region
[2021-12-31T02:58:14.494+0000][1][safepoint    ] Total time for which application threads were stopped: 0.0002478 seconds, Stopping threads took: 0.0001075 seconds
[2021-12-31T02:58:15.497+0000][1][safepoint    ] Application time: 1.0026404 seconds
[2021-12-31T02:58:15.497+0000][1][safepoint    ] Entering safepoint region: Cleanup
[2021-12-31T02:58:15.498+0000][1][safepoint    ] Leaving safepoint region
[2021-12-31T02:58:15.498+0000][1][safepoint    ] Total time for which application threads were stopped: 0.0002209 seconds, Stopping threads took: 0.0000926 seconds
[2021-12-31T02:58:16.500+0000][1][safepoint    ] Application time: 1.0027038 seconds
[2021-12-31T02:58:16.501+0000][1][safepoint    ] Entering safepoint region: Cleanup
[2021-12-31T02:58:16.501+0000][1][safepoint    ] Leaving safepoint region
[2021-12-31T02:58:16.501+0000][1][safepoint    ] Total time for which application threads were stopped: 0.0002539 seconds, Stopping threads took: 0.0001113 seconds
[2021-12-31T02:58:17.192+0000][1][safepoint    ] Application time: 0.6904891 seconds
[2021-12-31T02:58:17.192+0000][1][safepoint    ] Entering safepoint region: RevokeBias
[2021-12-31T02:58:17.192+0000][1][safepoint    ] Leaving safepoint region
[2021-12-31T02:58:17.193+0000][1][safepoint    ] Total time for which application threads were stopped: 0.0004408 seconds, Stopping threads took: 0.0001892 seconds
[2021-12-31T02:58:18.195+0000][1][safepoint    ] Application time: 1.0024429 seconds
[2021-12-31T02:58:18.196+0000][1][safepoint    ] Entering safepoint region: Cleanup
[2021-12-31T02:58:18.196+0000][1][safepoint    ] Leaving safepoint region
[2021-12-31T02:58:18.196+0000][1][safepoint    ] Total time for which application threads were stopped: 0.0004840 seconds, Stopping threads took: 0.0002071 seconds
[2021-12-31T02:58:19.198+0000][1][safepoint    ] Application time: 1.0019553 seconds
[2021-12-31T02:58:19.199+0000][1][safepoint    ] Entering safepoint region: Cleanup
[2021-12-31T02:58:19.199+0000][1][safepoint    ] Leaving safepoint region
[2021-12-31T02:58:19.199+0000][1][safepoint    ] Total time for which application threads were stopped: 0.0005772 seconds, Stopping threads took: 0.0002313 seconds
[2021-12-31T02:58:20.200+0000][1][safepoint    ] Application time: 1.0008398 seconds
[2021-12-31T02:58:20.201+0000][1][safepoint    ] Entering safepoint region: Cleanup
[2021-12-31T02:58:20.201+0000][1][safepoint    ] Leaving safepoint region
[2021-12-31T02:58:20.201+0000][1][safepoint    ] Total time for which application threads were stopped: 0.0002274 seconds, Stopping threads took: 0.0000997 seconds
[2021-12-31T02:58:21.202+0000][1][safepoint    ] Application time: 1.0009960 seconds
[2021-12-31T02:58:21.202+0000][1][safepoint    ] Entering safepoint region: Cleanup
[2021-12-31T02:58:21.202+0000][1][safepoint    ] Leaving safepoint region
[2021-12-31T02:58:21.202+0000][1][safepoint    ] Total time for which application threads were stopped: 0.0002288 seconds, Stopping threads took: 0.0000971 seconds
[2021-12-31T02:58:22.203+0000][1][safepoint    ] Application time: 1.0003327 seconds
[2021-12-31T02:58:22.203+0000][1][safepoint    ] Entering safepoint region: Cleanup
[2021-12-31T02:58:22.203+0000][1][safepoint    ] Leaving safepoint region
[2021-12-31T02:58:22.203+0000][1][safepoint    ] Total time for which application threads were stopped: 0.0002279 seconds, Stopping threads took: 0.0000970 seconds
[2021-12-31T02:58:23.206+0000][1][safepoint    ] Application time: 1.0031781 seconds
[2021-12-31T02:58:23.207+0000][1][safepoint    ] Entering safepoint region: Cleanup
[2021-12-31T02:58:23.207+0000][1][safepoint    ] Leaving safepoint region
[2021-12-31T02:58:23.207+0000][1][safepoint    ] Total time for which application threads were stopped: 0.0002496 seconds, Stopping threads took: 0.0001126 seconds
[2021-12-31T02:58:24.208+0000][1][safepoint    ] Application time: 1.0010979 seconds
[2021-12-31T02:58:24.208+0000][1][safepoint    ] Entering safepoint region: Cleanup
[2021-12-31T02:58:24.209+0000][1][safepoint    ] Leaving safepoint region
[2021-12-31T02:58:24.209+0000][1][safepoint    ] Total time for which application threads were stopped: 0.0003971 seconds, Stopping threads took: 0.0001673 seconds
[2021-12-31T02:58:25.213+0000][1][safepoint    ] Application time: 1.0037659 seconds
[2021-12-31T02:58:25.213+0000][1][safepoint    ] Entering safepoint region: Cleanup
[2021-12-31T02:58:25.213+0000][1][safepoint    ] Leaving safepoint region
[2021-12-31T02:58:25.213+0000][1][safepoint    ] Total time for which application threads were stopped: 0.0002665 seconds, Stopping threads took: 0.0001177 seconds
[2021-12-31T02:58:26.215+0000][1][safepoint    ] Application time: 1.0020474 seconds
[2021-12-31T02:58:26.215+0000][1][safepoint    ] Entering safepoint region: Cleanup
[2021-12-31T02:58:26.216+0000][1][safepoint    ] Leaving safepoint region
[2021-12-31T02:58:26.216+0000][1][safepoint    ] Total time for which application threads were stopped: 0.0002454 seconds, Stopping threads took: 0.0001022 seconds
[2021-12-31T02:58:27.219+0000][1][safepoint    ] Application time: 1.0031724 seconds
[2021-12-31T02:58:27.219+0000][1][safepoint    ] Entering safepoint region: Cleanup
[2021-12-31T02:58:27.219+0000][1][safepoint    ] Leaving safepoint region
[2021-12-31T02:58:27.219+0000][1][safepoint    ] Total time for which application threads were stopped: 0.0002538 seconds, Stopping threads took: 0.0001063 seconds
[2021-12-31T02:58:28.222+0000][1][safepoint    ] Application time: 1.0026898 seconds
[2021-12-31T02:58:28.222+0000][1][safepoint    ] Entering safepoint region: Cleanup
[2021-12-31T02:58:28.223+0000][1][safepoint    ] Leaving safepoint region
[2021-12-31T02:58:28.223+0000][1][safepoint    ] Total time for which application threads were stopped: 0.0005822 seconds, Stopping threads took: 0.0001714 seconds
[2021-12-31T02:58:29.226+0000][1][safepoint    ] Application time: 1.0029742 seconds
[2021-12-31T02:58:29.226+0000][1][safepoint    ] Entering safepoint region: Cleanup
[2021-12-31T02:58:29.226+0000][1][safepoint    ] Leaving safepoint region
[2021-12-31T02:58:29.227+0000][1][safepoint    ] Total time for which application threads were stopped: 0.0002400 seconds, Stopping threads took: 0.0001042 seconds
[2021-12-31T02:58:30.229+0000][1][safepoint    ] Application time: 1.0024338 seconds
[2021-12-31T02:58:30.229+0000][1][safepoint    ] Entering safepoint region: Cleanup
[2021-12-31T02:58:30.229+0000][1][safepoint    ] Leaving safepoint region
[2021-12-31T02:58:30.229+0000][1][safepoint    ] Total time for which application threads were stopped: 0.0002541 seconds, Stopping threads took: 0.0001207 seconds
[2021-12-31T02:58:31.230+0000][1][safepoint    ] Application time: 1.0004008 seconds
[2021-12-31T02:58:31.230+0000][1][safepoint    ] Entering safepoint region: Cleanup
[2021-12-31T02:58:31.230+0000][1][safepoint    ] Leaving safepoint region
[2021-12-31T02:58:31.230+0000][1][safepoint    ] Total time for which application threads were stopped: 0.0002391 seconds, Stopping threads took: 0.0001040 seconds
[2021-12-31T02:58:32.231+0000][1][safepoint    ] Application time: 1.0002281 seconds
[2021-12-31T02:58:32.231+0000][1][safepoint    ] Entering safepoint region: Cleanup
[2021-12-31T02:58:32.231+0000][1][safepoint    ] Leaving safepoint region
[2021-12-31T02:58:32.231+0000][1][safepoint    ] Total time for which application threads were stopped: 0.0002396 seconds, Stopping threads took: 0.0001034 seconds
[2021-12-31T02:58:33.234+0000][1][safepoint    ] Application time: 1.0030383 seconds
[2021-12-31T02:58:33.235+0000][1][safepoint    ] Entering safepoint region: Cleanup
[2021-12-31T02:58:33.235+0000][1][safepoint    ] Leaving safepoint region
[2021-12-31T02:58:33.235+0000][1][safepoint    ] Total time for which application threads were stopped: 0.0002543 seconds, Stopping threads took: 0.0001085 seconds
[2021-12-31T02:58:34.238+0000][1][safepoint    ] Application time: 1.0032070 seconds
[2021-12-31T02:58:34.238+0000][1][safepoint    ] Entering safepoint region: Cleanup
[2021-12-31T02:58:34.239+0000][1][safepoint    ] Leaving safepoint region
[2021-12-31T02:58:34.239+0000][1][safepoint    ] Total time for which application threads were stopped: 0.0002705 seconds, Stopping threads took: 0.0001225 seconds
[2021-12-31T02:58:35.240+0000][1][safepoint    ] Application time: 1.0011952 seconds
[2021-12-31T02:58:35.240+0000][1][safepoint    ] Entering safepoint region: Cleanup
[2021-12-31T02:58:35.240+0000][1][safepoint    ] Leaving safepoint region
[2021-12-31T02:58:35.240+0000][1][safepoint    ] Total time for which application threads were stopped: 0.0002393 seconds, Stopping threads took: 0.0001045 seconds
[2021-12-31T02:58:36.243+0000][1][safepoint    ] Application time: 1.0028803 seconds
[2021-12-31T02:58:36.244+0000][1][safepoint    ] Entering safepoint region: Cleanup
[2021-12-31T02:58:36.244+0000][1][safepoint    ] Leaving safepoint region
[2021-12-31T02:58:36.244+0000][1][safepoint    ] Total time for which application threads were stopped: 0.0005844 seconds, Stopping threads took: 0.0002724 seconds
[2021-12-31T02:58:37.246+0000][1][safepoint    ] Application time: 1.0018259 seconds
[2021-12-31T02:58:37.247+0000][1][safepoint    ] Entering safepoint region: Cleanup
[2021-12-31T02:58:37.247+0000][1][safepoint    ] Leaving safepoint region
[2021-12-31T02:58:37.247+0000][1][safepoint    ] Total time for which application threads were stopped: 0.0002546 seconds, Stopping threads took: 0.0001061 seconds
[2021-12-31T02:58:38.249+0000][1][safepoint    ] Application time: 1.0016347 seconds
[2021-12-31T02:58:38.249+0000][1][safepoint    ] Entering safepoint region: Cleanup
[2021-12-31T02:58:38.249+0000][1][safepoint    ] Leaving safepoint region
[2021-12-31T02:58:38.249+0000][1][safepoint    ] Total time for which application threads were stopped: 0.0002502 seconds, Stopping threads took: 0.0001075 seconds
[2021-12-31T02:58:39.250+0000][1][safepoint    ] Application time: 1.0007752 seconds
[2021-12-31T02:58:39.250+0000][1][safepoint    ] Entering safepoint region: Cleanup
[2021-12-31T02:58:39.250+0000][1][safepoint    ] Leaving safepoint region
[2021-12-31T02:58:39.251+0000][1][safepoint    ] Total time for which application threads were stopped: 0.0004024 seconds, Stopping threads took: 0.0001810 seconds
[2021-12-31T02:58:40.252+0000][1][safepoint    ] Application time: 1.0013854 seconds
[2021-12-31T02:58:40.253+0000][1][safepoint    ] Entering safepoint region: Cleanup
[2021-12-31T02:58:40.253+0000][1][safepoint    ] Leaving safepoint region
[2021-12-31T02:58:40.253+0000][1][safepoint    ] Total time for which application threads were stopped: 0.0003146 seconds, Stopping threads took: 0.0001312 seconds
[2021-12-31T02:58:41.255+0000][1][safepoint    ] Application time: 1.0022393 seconds
[2021-12-31T02:58:41.256+0000][1][safepoint    ] Entering safepoint region: Cleanup
[2021-12-31T02:58:41.256+0000][1][safepoint    ] Leaving safepoint region
[2021-12-31T02:58:41.256+0000][1][safepoint    ] Total time for which application threads were stopped: 0.0004958 seconds, Stopping threads took: 0.0002094 seconds
[2021-12-31T02:58:42.257+0000][1][safepoint    ] Application time: 1.0011189 seconds
[2021-12-31T02:58:42.258+0000][1][safepoint    ] Entering safepoint region: Cleanup
[2021-12-31T02:58:42.258+0000][1][safepoint    ] Leaving safepoint region
[2021-12-31T02:58:42.258+0000][1][safepoint    ] Total time for which application threads were stopped: 0.0005230 seconds, Stopping threads took: 0.0002369 seconds
[2021-12-31T02:58:43.261+0000][1][safepoint    ] Application time: 1.0028136 seconds
[2021-12-31T02:58:43.262+0000][1][safepoint    ] Entering safepoint region: Cleanup
[2021-12-31T02:58:43.262+0000][1][safepoint    ] Leaving safepoint region
[2021-12-31T02:58:43.262+0000][1][safepoint    ] Total time for which application threads were stopped: 0.0006495 seconds, Stopping threads took: 0.0002663 seconds
[2021-12-31T02:58:44.265+0000][1][safepoint    ] Application time: 1.0023108 seconds
[2021-12-31T02:58:44.265+0000][1][safepoint    ] Entering safepoint region: Cleanup
[2021-12-31T02:58:44.265+0000][1][safepoint    ] Leaving safepoint region
[2021-12-31T02:58:44.265+0000][1][safepoint    ] Total time for which application threads were stopped: 0.0002394 seconds, Stopping threads took: 0.0001036 seconds
[2021-12-31T02:58:45.269+0000][1][safepoint    ] Application time: 1.0035030 seconds
[2021-12-31T02:58:45.269+0000][1][safepoint    ] Entering safepoint region: Cleanup
[2021-12-31T02:58:45.270+0000][1][safepoint    ] Leaving safepoint region
[2021-12-31T02:58:45.270+0000][1][safepoint    ] Total time for which application threads were stopped: 0.0006396 seconds, Stopping threads took: 0.0002712 seconds
[2021-12-31T02:58:46.272+0000][1][safepoint    ] Application time: 1.0014755 seconds
[2021-12-31T02:58:46.272+0000][1][safepoint    ] Entering safepoint region: Cleanup
[2021-12-31T02:58:46.273+0000][1][safepoint    ] Leaving safepoint region
[2021-12-31T02:58:46.273+0000][1][safepoint    ] Total time for which application threads were stopped: 0.0007236 seconds, Stopping threads took: 0.0003493 seconds
[2021-12-31T02:58:47.275+0000][1][safepoint    ] Application time: 1.0018023 seconds
[2021-12-31T02:58:47.276+0000][1][safepoint    ] Entering safepoint region: Cleanup
[2021-12-31T02:58:47.276+0000][1][safepoint    ] Leaving safepoint region
[2021-12-31T02:58:47.276+0000][1][safepoint    ] Total time for which application threads were stopped: 0.0005583 seconds, Stopping threads took: 0.0002529 seconds
[2021-12-31T02:58:48.280+0000][1][safepoint    ] Application time: 1.0038727 seconds
[2021-12-31T02:58:48.280+0000][1][safepoint    ] Entering safepoint region: Cleanup
[2021-12-31T02:58:48.281+0000][1][safepoint    ] Leaving safepoint region
[2021-12-31T02:58:48.281+0000][1][safepoint    ] Total time for which application threads were stopped: 0.0003445 seconds, Stopping threads took: 0.0001699 seconds
[2021-12-31T02:58:49.284+0000][1][safepoint    ] Application time: 1.0026481 seconds
[2021-12-31T02:58:49.284+0000][1][safepoint    ] Entering safepoint region: Cleanup
[2021-12-31T02:58:49.285+0000][1][safepoint    ] Leaving safepoint region
[2021-12-31T02:58:49.285+0000][1][safepoint    ] Total time for which application threads were stopped: 0.0009438 seconds, Stopping threads took: 0.0005221 seconds
[2021-12-31T02:58:50.287+0000][1][safepoint    ] Application time: 1.0021066 seconds
[2021-12-31T02:58:50.287+0000][1][safepoint    ] Entering safepoint region: Cleanup
[2021-12-31T02:58:50.288+0000][1][safepoint    ] Leaving safepoint region
[2021-12-31T02:58:50.288+0000][1][safepoint    ] Total time for which application threads were stopped: 0.0004723 seconds, Stopping threads took: 0.0002079 seconds
[2021-12-31T02:58:51.292+0000][1][safepoint    ] Application time: 1.0037216 seconds
[2021-12-31T02:58:51.292+0000][1][safepoint    ] Entering safepoint region: Cleanup
[2021-12-31T02:58:51.292+0000][1][safepoint    ] Leaving safepoint region
[2021-12-31T02:58:51.293+0000][1][safepoint    ] Total time for which application threads were stopped: 0.0005784 seconds, Stopping threads took: 0.0002095 seconds
[2021-12-31T02:58:52.296+0000][1][safepoint    ] Application time: 1.0028314 seconds
[2021-12-31T02:58:52.296+0000][1][safepoint    ] Entering safepoint region: Cleanup
[2021-12-31T02:58:52.296+0000][1][safepoint    ] Leaving safepoint region
[2021-12-31T02:58:52.296+0000][1][safepoint    ] Total time for which application threads were stopped: 0.0002380 seconds, Stopping threads took: 0.0001011 seconds
[2021-12-31T02:58:53.298+0000][1][safepoint    ] Application time: 1.0013507 seconds
[2021-12-31T02:58:53.298+0000][1][safepoint    ] Entering safepoint region: Cleanup
[2021-12-31T02:58:53.298+0000][1][safepoint    ] Leaving safepoint region
[2021-12-31T02:58:53.299+0000][1][safepoint    ] Total time for which application threads were stopped: 0.0005146 seconds, Stopping threads took: 0.0002176 seconds
[2021-12-31T02:58:54.303+0000][1][safepoint    ] Application time: 1.0043374 seconds
[2021-12-31T02:58:54.303+0000][1][safepoint    ] Entering safepoint region: Cleanup
[2021-12-31T02:58:54.304+0000][1][safepoint    ] Leaving safepoint region
[2021-12-31T02:58:54.304+0000][1][safepoint    ] Total time for which application threads were stopped: 0.0006960 seconds, Stopping threads took: 0.0002234 seconds
[2021-12-31T02:58:55.305+0000][1][safepoint    ] Application time: 1.0011497 seconds
[2021-12-31T02:58:55.306+0000][1][safepoint    ] Entering safepoint region: Cleanup
[2021-12-31T02:58:55.306+0000][1][safepoint    ] Leaving safepoint region
[2021-12-31T02:58:55.306+0000][1][safepoint    ] Total time for which application threads were stopped: 0.0002523 seconds, Stopping threads took: 0.0001030 seconds
[2021-12-31T02:58:56.309+0000][1][safepoint    ] Application time: 1.0032077 seconds
[2021-12-31T02:58:56.309+0000][1][safepoint    ] Entering safepoint region: Cleanup
[2021-12-31T02:58:56.310+0000][1][safepoint    ] Leaving safepoint region
[2021-12-31T02:58:56.310+0000][1][safepoint    ] Total time for which application threads were stopped: 0.0002257 seconds, Stopping threads took: 0.0001090 seconds
[2021-12-31T02:58:57.312+0000][1][safepoint    ] Application time: 1.0018615 seconds
[2021-12-31T02:58:57.312+0000][1][safepoint    ] Entering safepoint region: Cleanup
[2021-12-31T02:58:57.312+0000][1][safepoint    ] Leaving safepoint region
[2021-12-31T02:58:57.312+0000][1][safepoint    ] Total time for which application threads were stopped: 0.0002246 seconds, Stopping threads took: 0.0000934 seconds
[2021-12-31T02:58:58.313+0000][1][safepoint    ] Application time: 1.0009508 seconds
[2021-12-31T02:58:58.313+0000][1][safepoint    ] Entering safepoint region: Cleanup
[2021-12-31T02:58:58.314+0000][1][safepoint    ] Leaving safepoint region
[2021-12-31T02:58:58.314+0000][1][safepoint    ] Total time for which application threads were stopped: 0.0004734 seconds, Stopping threads took: 0.0002068 seconds
[2021-12-31T02:58:58.477+0000][1][safepoint    ] Application time: 0.1630256 seconds
[2021-12-31T02:58:58.477+0000][1][safepoint    ] Entering safepoint region: GenCollectForAllocation
[2021-12-31T02:58:58.478+0000][1][gc,start     ] GC(37) Pause Young (Allocation Failure)
[2021-12-31T02:58:58.478+0000][1][gc,task      ] GC(37) Using 1 workers of 1 for evacuation
[2021-12-31T02:58:58.482+0000][1][gc,age       ] GC(37) Desired survivor size 4358144 bytes, new threshold 6 (max threshold 6)
[2021-12-31T02:58:58.482+0000][1][gc,age       ] GC(37) Age table with threshold 6 (max threshold 6)
[2021-12-31T02:58:58.483+0000][1][gc,age       ] GC(37) - age   1:      15448 bytes,      15448 total
[2021-12-31T02:58:58.483+0000][1][gc,age       ] GC(37) - age   2:       2128 bytes,      17576 total
[2021-12-31T02:58:58.483+0000][1][gc,age       ] GC(37) - age   3:      67952 bytes,      85528 total
[2021-12-31T02:58:58.483+0000][1][gc,age       ] GC(37) - age   4:       1176 bytes,      86704 total
[2021-12-31T02:58:58.483+0000][1][gc,age       ] GC(37) - age   5:      90128 bytes,     176832 total
[2021-12-31T02:58:58.483+0000][1][gc,heap      ] GC(37) ParNew: 68383K->185K(76672K)
[2021-12-31T02:58:58.484+0000][1][gc,heap      ] GC(37) CMS: 127562K->127562K(439104K)
[2021-12-31T02:58:58.484+0000][1][gc,metaspace ] GC(37) Metaspace: 73409K->73409K(1116160K)
[2021-12-31T02:58:58.484+0000][1][gc           ] GC(37) Pause Young (Allocation Failure) 191M->124M(503M) 6.199ms
[2021-12-31T02:58:58.484+0000][1][gc,cpu       ] GC(37) User=0.00s Sys=0.00s Real=0.01s
[2021-12-31T02:58:58.484+0000][1][safepoint    ] Leaving safepoint region
[2021-12-31T02:58:58.485+0000][1][safepoint    ] Total time for which application threads were stopped: 0.0072697 seconds, Stopping threads took: 0.0002719 seconds
[2021-12-31T02:58:59.489+0000][1][safepoint    ] Application time: 1.0039228 seconds
[2021-12-31T02:58:59.489+0000][1][safepoint    ] Entering safepoint region: Cleanup
[2021-12-31T02:58:59.489+0000][1][safepoint    ] Leaving safepoint region
[2021-12-31T02:58:59.490+0000][1][safepoint    ] Total time for which application threads were stopped: 0.0005776 seconds, Stopping threads took: 0.0002533 seconds
[2021-12-31T02:59:00.490+0000][1][safepoint    ] Application time: 1.0002645 seconds
[2021-12-31T02:59:00.491+0000][1][safepoint    ] Entering safepoint region: Cleanup
[2021-12-31T02:59:00.491+0000][1][safepoint    ] Leaving safepoint region
[2021-12-31T02:59:00.491+0000][1][safepoint    ] Total time for which application threads were stopped: 0.0006732 seconds, Stopping threads took: 0.0003306 seconds
[2021-12-31T02:59:01.505+0000][1][safepoint    ] Application time: 1.0136501 seconds
[2021-12-31T02:59:01.506+0000][1][safepoint    ] Entering safepoint region: Cleanup
[2021-12-31T02:59:01.507+0000][1][safepoint    ] Leaving safepoint region
[2021-12-31T02:59:01.507+0000][1][safepoint    ] Total time for which application threads were stopped: 0.0005934 seconds, Stopping threads took: 0.0002662 seconds
[2021-12-31T02:59:02.513+0000][1][safepoint    ] Application time: 1.0064140 seconds
[2021-12-31T02:59:02.514+0000][1][safepoint    ] Entering safepoint region: Cleanup
[2021-12-31T02:59:02.514+0000][1][safepoint    ] Leaving safepoint region
[2021-12-31T02:59:02.514+0000][1][safepoint    ] Total time for which application threads were stopped: 0.0003761 seconds, Stopping threads took: 0.0001081 seconds
[2021-12-31T02:59:03.515+0000][1][safepoint    ] Application time: 1.0002509 seconds
[2021-12-31T02:59:03.515+0000][1][safepoint    ] Entering safepoint region: Cleanup
[2021-12-31T02:59:03.516+0000][1][safepoint    ] Leaving safepoint region
[2021-12-31T02:59:03.517+0000][1][safepoint    ] Total time for which application threads were stopped: 0.0024103 seconds, Stopping threads took: 0.0009653 seconds
[2021-12-31T02:59:04.523+0000][1][safepoint    ] Application time: 1.0051859 seconds
[2021-12-31T02:59:04.523+0000][1][safepoint    ] Entering safepoint region: Cleanup
[2021-12-31T02:59:04.524+0000][1][safepoint    ] Leaving safepoint region
[2021-12-31T02:59:04.524+0000][1][safepoint    ] Total time for which application threads were stopped: 0.0007781 seconds, Stopping threads took: 0.0002454 seconds
[2021-12-31T02:59:05.531+0000][1][safepoint    ] Application time: 1.0066735 seconds
[2021-12-31T02:59:05.532+0000][1][safepoint    ] Entering safepoint region: Cleanup
[2021-12-31T02:59:05.532+0000][1][safepoint    ] Leaving safepoint region
[2021-12-31T02:59:05.533+0000][1][safepoint    ] Total time for which application threads were stopped: 0.0008879 seconds, Stopping threads took: 0.0004007 seconds
[2021-12-31T02:59:06.542+0000][1][safepoint    ] Application time: 1.0092621 seconds
[2021-12-31T02:59:06.543+0000][1][safepoint    ] Entering safepoint region: Cleanup
[2021-12-31T02:59:06.543+0000][1][safepoint    ] Leaving safepoint region
[2021-12-31T02:59:06.543+0000][1][safepoint    ] Total time for which application threads were stopped: 0.0007009 seconds, Stopping threads took: 0.0004066 seconds
[2021-12-31T02:59:07.547+0000][1][safepoint    ] Application time: 1.0034542 seconds
[2021-12-31T02:59:07.547+0000][1][safepoint    ] Entering safepoint region: Cleanup
[2021-12-31T02:59:07.548+0000][1][safepoint    ] Leaving safepoint region
[2021-12-31T02:59:07.548+0000][1][safepoint    ] Total time for which application threads were stopped: 0.0006869 seconds, Stopping threads took: 0.0003386 seconds
[2021-12-31T02:59:08.552+0000][1][safepoint    ] Application time: 1.0035432 seconds
[2021-12-31T02:59:08.552+0000][1][safepoint    ] Entering safepoint region: Cleanup
[2021-12-31T02:59:08.552+0000][1][safepoint    ] Leaving safepoint region
[2021-12-31T02:59:08.552+0000][1][safepoint    ] Total time for which application threads were stopped: 0.0002489 seconds, Stopping threads took: 0.0001002 seconds
[2021-12-31T02:59:09.554+0000][1][safepoint    ] Application time: 1.0017293 seconds
[2021-12-31T02:59:09.554+0000][1][safepoint    ] Entering safepoint region: Cleanup
[2021-12-31T02:59:09.555+0000][1][safepoint    ] Leaving safepoint region
[2021-12-31T02:59:09.555+0000][1][safepoint    ] Total time for which application threads were stopped: 0.0007032 seconds, Stopping threads took: 0.0003154 seconds
[2021-12-31T02:59:10.557+0000][1][safepoint    ] Application time: 1.0018850 seconds
[2021-12-31T02:59:10.558+0000][1][safepoint    ] Entering safepoint region: Cleanup
[2021-12-31T02:59:10.558+0000][1][safepoint    ] Leaving safepoint region
[2021-12-31T02:59:10.559+0000][1][safepoint    ] Total time for which application threads were stopped: 0.0007350 seconds, Stopping threads took: 0.0002334 seconds
[2021-12-31T02:59:11.559+0000][1][safepoint    ] Application time: 1.0005796 seconds
[2021-12-31T02:59:11.560+0000][1][safepoint    ] Entering safepoint region: Cleanup
[2021-12-31T02:59:11.560+0000][1][safepoint    ] Leaving safepoint region
[2021-12-31T02:59:11.560+0000][1][safepoint    ] Total time for which application threads were stopped: 0.0002247 seconds, Stopping threads took: 0.0000941 seconds
[2021-12-31T02:59:12.561+0000][1][safepoint    ] Application time: 1.0006656 seconds
[2021-12-31T02:59:12.561+0000][1][safepoint    ] Entering safepoint region: Cleanup
[2021-12-31T02:59:12.561+0000][1][safepoint    ] Leaving safepoint region
[2021-12-31T02:59:12.561+0000][1][safepoint    ] Total time for which application threads were stopped: 0.0002834 seconds, Stopping threads took: 0.0001172 seconds
[2021-12-31T02:59:13.562+0000][1][safepoint    ] Application time: 1.0005377 seconds
[2021-12-31T02:59:13.562+0000][1][safepoint    ] Entering safepoint region: Cleanup
[2021-12-31T02:59:13.562+0000][1][safepoint    ] Leaving safepoint region
[2021-12-31T02:59:13.562+0000][1][safepoint    ] Total time for which application threads were stopped: 0.0002112 seconds, Stopping threads took: 0.0000900 seconds
[2021-12-31T02:59:14.563+0000][1][safepoint    ] Application time: 1.0007420 seconds
[2021-12-31T02:59:14.563+0000][1][safepoint    ] Entering safepoint region: Cleanup
[2021-12-31T02:59:14.564+0000][1][safepoint    ] Leaving safepoint region
[2021-12-31T02:59:14.564+0000][1][safepoint    ] Total time for which application threads were stopped: 0.0006367 seconds, Stopping threads took: 0.0001924 seconds
[2021-12-31T02:59:15.565+0000][1][safepoint    ] Application time: 1.0007174 seconds
[2021-12-31T02:59:15.565+0000][1][safepoint    ] Entering safepoint region: Cleanup
[2021-12-31T02:59:15.566+0000][1][safepoint    ] Leaving safepoint region
[2021-12-31T02:59:15.566+0000][1][safepoint    ] Total time for which application threads were stopped: 0.0004853 seconds, Stopping threads took: 0.0001981 seconds
[2021-12-31T02:59:16.573+0000][1][safepoint    ] Application time: 1.0076367 seconds
[2021-12-31T02:59:16.574+0000][1][safepoint    ] Entering safepoint region: Cleanup
[2021-12-31T02:59:16.574+0000][1][safepoint    ] Leaving safepoint region
[2021-12-31T02:59:16.574+0000][1][safepoint    ] Total time for which application threads were stopped: 0.0005574 seconds, Stopping threads took: 0.0002068 seconds
[2021-12-31T02:59:17.270+0000][1][safepoint    ] Application time: 0.6960547 seconds
[2021-12-31T02:59:17.273+0000][1][safepoint    ] Entering safepoint region: RevokeBias
[2021-12-31T02:59:17.274+0000][1][safepoint    ] Leaving safepoint region
[2021-12-31T02:59:17.277+0000][1][safepoint    ] Total time for which application threads were stopped: 0.0036710 seconds, Stopping threads took: 0.0005620 seconds
[2021-12-31T02:59:18.281+0000][1][safepoint    ] Application time: 1.0007663 seconds
[2021-12-31T02:59:18.281+0000][1][safepoint    ] Entering safepoint region: Cleanup
[2021-12-31T02:59:18.281+0000][1][safepoint    ] Leaving safepoint region
[2021-12-31T02:59:18.281+0000][1][safepoint    ] Total time for which application threads were stopped: 0.0004329 seconds, Stopping threads took: 0.0001969 seconds
[2021-12-31T02:59:19.282+0000][1][safepoint    ] Application time: 1.0004669 seconds
[2021-12-31T02:59:19.282+0000][1][safepoint    ] Entering safepoint region: Cleanup
[2021-12-31T02:59:19.283+0000][1][safepoint    ] Leaving safepoint region
[2021-12-31T02:59:19.283+0000][1][safepoint    ] Total time for which application threads were stopped: 0.0002649 seconds, Stopping threads took: 0.0000946 seconds
[2021-12-31T02:59:20.283+0000][1][safepoint    ] Application time: 1.0002733 seconds
[2021-12-31T02:59:20.283+0000][1][safepoint    ] Entering safepoint region: Cleanup
[2021-12-31T02:59:20.283+0000][1][safepoint    ] Leaving safepoint region
[2021-12-31T02:59:20.284+0000][1][safepoint    ] Total time for which application threads were stopped: 0.0002929 seconds, Stopping threads took: 0.0001282 seconds
[2021-12-31T02:59:21.284+0000][1][safepoint    ] Application time: 1.0003370 seconds
[2021-12-31T02:59:21.284+0000][1][safepoint    ] Entering safepoint region: Cleanup
[2021-12-31T02:59:21.284+0000][1][safepoint    ] Leaving safepoint region
[2021-12-31T02:59:21.285+0000][1][safepoint    ] Total time for which application threads were stopped: 0.0002806 seconds, Stopping threads took: 0.0001176 seconds
[2021-12-31T02:59:22.287+0000][1][safepoint    ] Application time: 1.0020778 seconds
[2021-12-31T02:59:22.287+0000][1][safepoint    ] Entering safepoint region: Cleanup
[2021-12-31T02:59:22.287+0000][1][safepoint    ] Leaving safepoint region
[2021-12-31T02:59:22.288+0000][1][safepoint    ] Total time for which application threads were stopped: 0.0006842 seconds, Stopping threads took: 0.0000951 seconds
[2021-12-31T02:59:23.288+0000][1][safepoint    ] Application time: 1.0005332 seconds
[2021-12-31T02:59:23.289+0000][1][safepoint    ] Entering safepoint region: Cleanup
[2021-12-31T02:59:23.289+0000][1][safepoint    ] Leaving safepoint region
[2021-12-31T02:59:23.289+0000][1][safepoint    ] Total time for which application threads were stopped: 0.0002279 seconds, Stopping threads took: 0.0000951 seconds
[2021-12-31T02:59:24.290+0000][1][safepoint    ] Application time: 1.0006710 seconds
[2021-12-31T02:59:24.290+0000][1][safepoint    ] Entering safepoint region: Cleanup
[2021-12-31T02:59:24.290+0000][1][safepoint    ] Leaving safepoint region
[2021-12-31T02:59:24.291+0000][1][safepoint    ] Total time for which application threads were stopped: 0.0005603 seconds, Stopping threads took: 0.0003321 seconds
[2021-12-31T02:59:25.291+0000][1][safepoint    ] Application time: 1.0005719 seconds
[2021-12-31T02:59:25.292+0000][1][safepoint    ] Entering safepoint region: Cleanup
[2021-12-31T02:59:25.292+0000][1][safepoint    ] Leaving safepoint region
[2021-12-31T02:59:25.292+0000][1][safepoint    ] Total time for which application threads were stopped: 0.0004227 seconds, Stopping threads took: 0.0001960 seconds
[2021-12-31T02:59:26.303+0000][1][safepoint    ] Application time: 1.0108955 seconds
[2021-12-31T02:59:26.304+0000][1][safepoint    ] Entering safepoint region: Cleanup
[2021-12-31T02:59:26.304+0000][1][safepoint    ] Leaving safepoint region
[2021-12-31T02:59:26.304+0000][1][safepoint    ] Total time for which application threads were stopped: 0.0003148 seconds, Stopping threads took: 0.0001431 seconds
[2021-12-31T02:59:27.305+0000][1][safepoint    ] Application time: 1.0005798 seconds
[2021-12-31T02:59:27.305+0000][1][safepoint    ] Entering safepoint region: Cleanup
[2021-12-31T02:59:27.305+0000][1][safepoint    ] Leaving safepoint region
[2021-12-31T02:59:27.305+0000][1][safepoint    ] Total time for which application threads were stopped: 0.0004855 seconds, Stopping threads took: 0.0001526 seconds
[2021-12-31T02:59:28.306+0000][1][safepoint    ] Application time: 1.0005429 seconds
[2021-12-31T02:59:28.306+0000][1][safepoint    ] Entering safepoint region: Cleanup
[2021-12-31T02:59:28.306+0000][1][safepoint    ] Leaving safepoint region
[2021-12-31T02:59:28.306+0000][1][safepoint    ] Total time for which application threads were stopped: 0.0002276 seconds, Stopping threads took: 0.0000962 seconds
[2021-12-31T02:59:29.309+0000][1][safepoint    ] Application time: 1.0026088 seconds
[2021-12-31T02:59:29.309+0000][1][safepoint    ] Entering safepoint region: Cleanup
[2021-12-31T02:59:29.309+0000][1][safepoint    ] Leaving safepoint region
[2021-12-31T02:59:29.310+0000][1][safepoint    ] Total time for which application threads were stopped: 0.0002284 seconds, Stopping threads took: 0.0000972 seconds
[2021-12-31T02:59:30.310+0000][1][safepoint    ] Application time: 1.0006910 seconds
[2021-12-31T02:59:30.311+0000][1][safepoint    ] Entering safepoint region: Cleanup
[2021-12-31T02:59:30.311+0000][1][safepoint    ] Leaving safepoint region
[2021-12-31T02:59:30.312+0000][1][safepoint    ] Total time for which application threads were stopped: 0.0006364 seconds, Stopping threads took: 0.0002788 seconds
[2021-12-31T02:59:32.105+0000][1][safepoint    ] Application time: 1.7927564 seconds
[2021-12-31T02:59:32.105+0000][1][safepoint    ] Entering safepoint region: Cleanup
[2021-12-31T02:59:32.105+0000][1][safepoint    ] Leaving safepoint region
[2021-12-31T02:59:32.105+0000][1][safepoint    ] Total time for which application threads were stopped: 0.0002131 seconds, Stopping threads took: 0.0000865 seconds
[2021-12-31T02:59:33.107+0000][1][safepoint    ] Application time: 1.0018044 seconds
[2021-12-31T02:59:33.107+0000][1][safepoint    ] Entering safepoint region: Cleanup
[2021-12-31T02:59:33.108+0000][1][safepoint    ] Leaving safepoint region
[2021-12-31T02:59:33.108+0000][1][safepoint    ] Total time for which application threads were stopped: 0.0005431 seconds, Stopping threads took: 0.0002144 seconds
[2021-12-31T02:59:34.111+0000][1][safepoint    ] Application time: 1.0028037 seconds
[2021-12-31T02:59:34.111+0000][1][safepoint    ] Entering safepoint region: Cleanup
[2021-12-31T02:59:34.111+0000][1][safepoint    ] Leaving safepoint region
[2021-12-31T02:59:34.111+0000][1][safepoint    ] Total time for which application threads were stopped: 0.0002202 seconds, Stopping threads took: 0.0000958 seconds
[2021-12-31T02:59:35.113+0000][1][safepoint    ] Application time: 1.0015654 seconds
[2021-12-31T02:59:35.113+0000][1][safepoint    ] Entering safepoint region: Cleanup
[2021-12-31T02:59:35.113+0000][1][safepoint    ] Leaving safepoint region
[2021-12-31T02:59:35.114+0000][1][safepoint    ] Total time for which application threads were stopped: 0.0004904 seconds, Stopping threads took: 0.0002063 seconds
[2021-12-31T02:59:36.115+0000][1][safepoint    ] Application time: 1.0014002 seconds
[2021-12-31T02:59:36.116+0000][1][safepoint    ] Entering safepoint region: Cleanup
[2021-12-31T02:59:36.116+0000][1][safepoint    ] Leaving safepoint region
[2021-12-31T02:59:36.116+0000][1][safepoint    ] Total time for which application threads were stopped: 0.0002613 seconds, Stopping threads took: 0.0001219 seconds
[2021-12-31T02:59:37.118+0000][1][safepoint    ] Application time: 1.0021136 seconds
[2021-12-31T02:59:37.118+0000][1][safepoint    ] Entering safepoint region: Cleanup
[2021-12-31T02:59:37.118+0000][1][safepoint    ] Leaving safepoint region
[2021-12-31T02:59:37.119+0000][1][safepoint    ] Total time for which application threads were stopped: 0.0002100 seconds, Stopping threads took: 0.0000886 seconds
[2021-12-31T02:59:38.121+0000][1][safepoint    ] Application time: 1.0021993 seconds
[2021-12-31T02:59:38.121+0000][1][safepoint    ] Entering safepoint region: Cleanup
[2021-12-31T02:59:38.121+0000][1][safepoint    ] Leaving safepoint region
[2021-12-31T02:59:38.121+0000][1][safepoint    ] Total time for which application threads were stopped: 0.0002286 seconds, Stopping threads took: 0.0000976 seconds
[2021-12-31T02:59:39.122+0000][1][safepoint    ] Application time: 1.0009988 seconds
[2021-12-31T02:59:39.123+0000][1][safepoint    ] Entering safepoint region: Cleanup
[2021-12-31T02:59:39.123+0000][1][safepoint    ] Leaving safepoint region
[2021-12-31T02:59:39.123+0000][1][safepoint    ] Total time for which application threads were stopped: 0.0005890 seconds, Stopping threads took: 0.0002303 seconds
[2021-12-31T02:59:40.125+0000][1][safepoint    ] Application time: 1.0016126 seconds
[2021-12-31T02:59:40.125+0000][1][safepoint    ] Entering safepoint region: Cleanup
[2021-12-31T02:59:40.125+0000][1][safepoint    ] Leaving safepoint region
[2021-12-31T02:59:40.125+0000][1][safepoint    ] Total time for which application threads were stopped: 0.0002321 seconds, Stopping threads took: 0.0001081 seconds
[2021-12-31T02:59:41.127+0000][1][safepoint    ] Application time: 1.0017647 seconds
[2021-12-31T02:59:41.127+0000][1][safepoint    ] Entering safepoint region: Cleanup
[2021-12-31T02:59:41.128+0000][1][safepoint    ] Leaving safepoint region
[2021-12-31T02:59:41.128+0000][1][safepoint    ] Total time for which application threads were stopped: 0.0002111 seconds, Stopping threads took: 0.0000920 seconds
[2021-12-31T02:59:42.130+0000][1][safepoint    ] Application time: 1.0018675 seconds
[2021-12-31T02:59:42.130+0000][1][safepoint    ] Entering safepoint region: Cleanup
[2021-12-31T02:59:42.130+0000][1][safepoint    ] Leaving safepoint region
[2021-12-31T02:59:42.130+0000][1][safepoint    ] Total time for which application threads were stopped: 0.0005445 seconds, Stopping threads took: 0.0002254 seconds
[2021-12-31T02:59:43.133+0000][1][safepoint    ] Application time: 1.0022164 seconds
[2021-12-31T02:59:43.133+0000][1][safepoint    ] Entering safepoint region: Cleanup
[2021-12-31T02:59:43.134+0000][1][safepoint    ] Leaving safepoint region
[2021-12-31T02:59:43.134+0000][1][safepoint    ] Total time for which application threads were stopped: 0.0005605 seconds, Stopping threads took: 0.0002399 seconds
[2021-12-31T02:59:44.135+0000][1][safepoint    ] Application time: 1.0006200 seconds
[2021-12-31T02:59:44.135+0000][1][safepoint    ] Entering safepoint region: Cleanup
[2021-12-31T02:59:44.135+0000][1][safepoint    ] Leaving safepoint region
[2021-12-31T02:59:44.136+0000][1][safepoint    ] Total time for which application threads were stopped: 0.0006005 seconds, Stopping threads took: 0.0003070 seconds
[2021-12-31T02:59:45.137+0000][1][safepoint    ] Application time: 1.0016267 seconds
[2021-12-31T02:59:45.138+0000][1][safepoint    ] Entering safepoint region: Cleanup
[2021-12-31T02:59:45.138+0000][1][safepoint    ] Leaving safepoint region
[2021-12-31T02:59:45.139+0000][1][safepoint    ] Total time for which application threads were stopped: 0.0006011 seconds, Stopping threads took: 0.0002855 seconds
[2021-12-31T02:59:46.140+0000][1][safepoint    ] Application time: 1.0015370 seconds
[2021-12-31T02:59:46.141+0000][1][safepoint    ] Entering safepoint region: Cleanup
[2021-12-31T02:59:46.141+0000][1][safepoint    ] Leaving safepoint region
[2021-12-31T02:59:46.141+0000][1][safepoint    ] Total time for which application threads were stopped: 0.0005103 seconds, Stopping threads took: 0.0002108 seconds
[2021-12-31T02:59:47.145+0000][1][safepoint    ] Application time: 1.0036028 seconds
[2021-12-31T02:59:47.145+0000][1][safepoint    ] Entering safepoint region: Cleanup
[2021-12-31T02:59:47.146+0000][1][safepoint    ] Leaving safepoint region
[2021-12-31T02:59:47.146+0000][1][safepoint    ] Total time for which application threads were stopped: 0.0006714 seconds, Stopping threads took: 0.0003109 seconds
[2021-12-31T02:59:48.148+0000][1][safepoint    ] Application time: 1.0021610 seconds
[2021-12-31T02:59:48.149+0000][1][safepoint    ] Entering safepoint region: Cleanup
[2021-12-31T02:59:48.149+0000][1][safepoint    ] Leaving safepoint region
[2021-12-31T02:59:48.149+0000][1][safepoint    ] Total time for which application threads were stopped: 0.0002482 seconds, Stopping threads took: 0.0001009 seconds
[2021-12-31T02:59:49.151+0000][1][safepoint    ] Application time: 1.0025122 seconds
[2021-12-31T02:59:49.152+0000][1][safepoint    ] Entering safepoint region: Cleanup
[2021-12-31T02:59:49.152+0000][1][safepoint    ] Leaving safepoint region
[2021-12-31T02:59:49.152+0000][1][safepoint    ] Total time for which application threads were stopped: 0.0002904 seconds, Stopping threads took: 0.0001227 seconds
[2021-12-31T02:59:50.154+0000][1][safepoint    ] Application time: 1.0015326 seconds
[2021-12-31T02:59:50.154+0000][1][safepoint    ] Entering safepoint region: Cleanup
[2021-12-31T02:59:50.154+0000][1][safepoint    ] Leaving safepoint region
[2021-12-31T02:59:50.154+0000][1][safepoint    ] Total time for which application threads were stopped: 0.0004548 seconds, Stopping threads took: 0.0000861 seconds
[2021-12-31T02:59:51.157+0000][1][safepoint    ] Application time: 1.0020616 seconds
[2021-12-31T02:59:51.157+0000][1][safepoint    ] Entering safepoint region: Cleanup
[2021-12-31T02:59:51.157+0000][1][safepoint    ] Leaving safepoint region
[2021-12-31T02:59:51.157+0000][1][safepoint    ] Total time for which application threads were stopped: 0.0002775 seconds, Stopping threads took: 0.0001112 seconds
[2021-12-31T02:59:52.160+0000][1][safepoint    ] Application time: 1.0030148 seconds
[2021-12-31T02:59:52.161+0000][1][safepoint    ] Entering safepoint region: Cleanup
[2021-12-31T02:59:52.161+0000][1][safepoint    ] Leaving safepoint region
[2021-12-31T02:59:52.161+0000][1][safepoint    ] Total time for which application threads were stopped: 0.0005798 seconds, Stopping threads took: 0.0002639 seconds
[2021-12-31T02:59:53.163+0000][1][safepoint    ] Application time: 1.0011234 seconds
[2021-12-31T02:59:53.163+0000][1][safepoint    ] Entering safepoint region: Cleanup
[2021-12-31T02:59:53.163+0000][1][safepoint    ] Leaving safepoint region
[2021-12-31T02:59:53.163+0000][1][safepoint    ] Total time for which application threads were stopped: 0.0002186 seconds, Stopping threads took: 0.0000918 seconds
[2021-12-31T02:59:55.092+0000][1][safepoint    ] Application time: 1.9293556 seconds
[2021-12-31T02:59:55.093+0000][1][safepoint    ] Entering safepoint region: Cleanup
[2021-12-31T02:59:55.093+0000][1][safepoint    ] Leaving safepoint region
[2021-12-31T02:59:55.093+0000][1][safepoint    ] Total time for which application threads were stopped: 0.0002060 seconds, Stopping threads took: 0.0000876 seconds
[2021-12-31T02:59:56.097+0000][1][safepoint    ] Application time: 1.0037831 seconds
[2021-12-31T02:59:56.097+0000][1][safepoint    ] Entering safepoint region: Cleanup
[2021-12-31T02:59:56.097+0000][1][safepoint    ] Leaving safepoint region
[2021-12-31T02:59:56.097+0000][1][safepoint    ] Total time for which application threads were stopped: 0.0002558 seconds, Stopping threads took: 0.0001144 seconds
[2021-12-31T02:59:57.099+0000][1][safepoint    ] Application time: 1.0014324 seconds
[2021-12-31T02:59:57.099+0000][1][safepoint    ] Entering safepoint region: Cleanup
[2021-12-31T02:59:57.100+0000][1][safepoint    ] Leaving safepoint region
[2021-12-31T02:59:57.100+0000][1][safepoint    ] Total time for which application threads were stopped: 0.0007045 seconds, Stopping threads took: 0.0003290 seconds
[2021-12-31T02:59:58.101+0000][1][safepoint    ] Application time: 1.0007175 seconds
[2021-12-31T02:59:58.101+0000][1][safepoint    ] Entering safepoint region: Cleanup
[2021-12-31T02:59:58.102+0000][1][safepoint    ] Leaving safepoint region
[2021-12-31T02:59:58.102+0000][1][safepoint    ] Total time for which application threads were stopped: 0.0006887 seconds, Stopping threads took: 0.0003559 seconds
[2021-12-31T02:59:59.103+0000][1][safepoint    ] Application time: 1.0011289 seconds
[2021-12-31T02:59:59.104+0000][1][safepoint    ] Entering safepoint region: Cleanup
[2021-12-31T02:59:59.104+0000][1][safepoint    ] Leaving safepoint region
[2021-12-31T02:59:59.104+0000][1][safepoint    ] Total time for which application threads were stopped: 0.0005455 seconds, Stopping threads took: 0.0002669 seconds
[2021-12-31T03:00:00.108+0000][1][safepoint    ] Application time: 1.0028049 seconds
[2021-12-31T03:00:00.108+0000][1][safepoint    ] Entering safepoint region: Cleanup
[2021-12-31T03:00:00.108+0000][1][safepoint    ] Leaving safepoint region
[2021-12-31T03:00:00.108+0000][1][safepoint    ] Total time for which application threads were stopped: 0.0006458 seconds, Stopping threads took: 0.0003189 seconds
[2021-12-31T03:00:01.110+0000][1][safepoint    ] Application time: 1.0015165 seconds
[2021-12-31T03:00:01.111+0000][1][safepoint    ] Entering safepoint region: Cleanup
[2021-12-31T03:00:01.111+0000][1][safepoint    ] Leaving safepoint region
[2021-12-31T03:00:01.111+0000][1][safepoint    ] Total time for which application threads were stopped: 0.0005776 seconds, Stopping threads took: 0.0002609 seconds
[2021-12-31T03:00:02.114+0000][1][safepoint    ] Application time: 1.0028836 seconds
[2021-12-31T03:00:02.115+0000][1][safepoint    ] Entering safepoint region: Cleanup
[2021-12-31T03:00:02.115+0000][1][safepoint    ] Leaving safepoint region
[2021-12-31T03:00:02.116+0000][1][safepoint    ] Total time for which application threads were stopped: 0.0008136 seconds, Stopping threads took: 0.0004331 seconds
[2021-12-31T03:00:03.119+0000][1][safepoint    ] Application time: 1.0032721 seconds
[2021-12-31T03:00:03.120+0000][1][safepoint    ] Entering safepoint region: Cleanup
[2021-12-31T03:00:03.120+0000][1][safepoint    ] Leaving safepoint region
[2021-12-31T03:00:03.120+0000][1][safepoint    ] Total time for which application threads were stopped: 0.0005044 seconds, Stopping threads took: 0.0002360 seconds
[2021-12-31T03:00:04.126+0000][1][safepoint    ] Application time: 1.0029807 seconds
[2021-12-31T03:00:04.127+0000][1][safepoint    ] Entering safepoint region: Cleanup
[2021-12-31T03:00:04.127+0000][1][safepoint    ] Leaving safepoint region
[2021-12-31T03:00:04.127+0000][1][safepoint    ] Total time for which application threads were stopped: 0.0002075 seconds, Stopping threads took: 0.0000889 seconds
[2021-12-31T03:00:05.129+0000][1][safepoint    ] Application time: 1.0025595 seconds
[2021-12-31T03:00:05.130+0000][1][safepoint    ] Entering safepoint region: Cleanup
[2021-12-31T03:00:05.130+0000][1][safepoint    ] Leaving safepoint region
[2021-12-31T03:00:05.130+0000][1][safepoint    ] Total time for which application threads were stopped: 0.0003299 seconds, Stopping threads took: 0.0000971 seconds
[2021-12-31T03:00:06.132+0000][1][safepoint    ] Application time: 1.0022692 seconds
[2021-12-31T03:00:06.133+0000][1][safepoint    ] Entering safepoint region: Cleanup
[2021-12-31T03:00:06.133+0000][1][safepoint    ] Leaving safepoint region
[2021-12-31T03:00:06.133+0000][1][safepoint    ] Total time for which application threads were stopped: 0.0006543 seconds, Stopping threads took: 0.0003538 seconds
[2021-12-31T03:00:07.135+0000][1][safepoint    ] Application time: 1.0019385 seconds
[2021-12-31T03:00:07.136+0000][1][safepoint    ] Entering safepoint region: Cleanup
[2021-12-31T03:00:07.136+0000][1][safepoint    ] Leaving safepoint region
[2021-12-31T03:00:07.136+0000][1][safepoint    ] Total time for which application threads were stopped: 0.0005021 seconds, Stopping threads took: 0.0002280 seconds
[2021-12-31T03:00:08.139+0000][1][safepoint    ] Application time: 1.0020344 seconds
[2021-12-31T03:00:08.139+0000][1][safepoint    ] Entering safepoint region: Cleanup
[2021-12-31T03:00:08.139+0000][1][safepoint    ] Leaving safepoint region
[2021-12-31T03:00:08.139+0000][1][safepoint    ] Total time for which application threads were stopped: 0.0005525 seconds, Stopping threads took: 0.0002535 seconds
[2021-12-31T03:00:09.665+0000][1][safepoint    ] Application time: 1.5253333 seconds
[2021-12-31T03:00:09.665+0000][1][safepoint    ] Entering safepoint region: Cleanup
[2021-12-31T03:00:09.665+0000][1][safepoint    ] Leaving safepoint region
[2021-12-31T03:00:09.665+0000][1][safepoint    ] Total time for which application threads were stopped: 0.0002328 seconds, Stopping threads took: 0.0000978 seconds
[2021-12-31T03:00:10.668+0000][1][safepoint    ] Application time: 1.0028587 seconds
[2021-12-31T03:00:10.669+0000][1][safepoint    ] Entering safepoint region: Cleanup
[2021-12-31T03:00:10.669+0000][1][safepoint    ] Leaving safepoint region
[2021-12-31T03:00:10.669+0000][1][safepoint    ] Total time for which application threads were stopped: 0.0003066 seconds, Stopping threads took: 0.0001408 seconds
[2021-12-31T03:00:11.672+0000][1][safepoint    ] Application time: 1.0031994 seconds
[2021-12-31T03:00:11.672+0000][1][safepoint    ] Entering safepoint region: Cleanup
[2021-12-31T03:00:11.673+0000][1][safepoint    ] Leaving safepoint region
[2021-12-31T03:00:11.673+0000][1][safepoint    ] Total time for which application threads were stopped: 0.0002506 seconds, Stopping threads took: 0.0001035 seconds
[2021-12-31T03:00:12.676+0000][1][safepoint    ] Application time: 1.0038070 seconds
[2021-12-31T03:00:12.677+0000][1][safepoint    ] Entering safepoint region: Cleanup
[2021-12-31T03:00:12.677+0000][1][safepoint    ] Leaving safepoint region
[2021-12-31T03:00:12.678+0000][1][safepoint    ] Total time for which application threads were stopped: 0.0006880 seconds, Stopping threads took: 0.0003031 seconds
[2021-12-31T03:00:13.680+0000][1][safepoint    ] Application time: 1.0024349 seconds
[2021-12-31T03:00:13.681+0000][1][safepoint    ] Entering safepoint region: Cleanup
[2021-12-31T03:00:13.681+0000][1][safepoint    ] Leaving safepoint region
[2021-12-31T03:00:13.681+0000][1][safepoint    ] Total time for which application threads were stopped: 0.0005918 seconds, Stopping threads took: 0.0002026 seconds
[2021-12-31T03:00:14.684+0000][1][safepoint    ] Application time: 1.0025991 seconds
[2021-12-31T03:00:14.684+0000][1][safepoint    ] Entering safepoint region: Cleanup
[2021-12-31T03:00:14.684+0000][1][safepoint    ] Leaving safepoint region
[2021-12-31T03:00:14.684+0000][1][safepoint    ] Total time for which application threads were stopped: 0.0002078 seconds, Stopping threads took: 0.0000873 seconds
[2021-12-31T03:00:15.688+0000][1][safepoint    ] Application time: 1.0038028 seconds
[2021-12-31T03:00:15.688+0000][1][safepoint    ] Entering safepoint region: Cleanup
[2021-12-31T03:00:15.689+0000][1][safepoint    ] Leaving safepoint region
[2021-12-31T03:00:15.689+0000][1][safepoint    ] Total time for which application threads were stopped: 0.0002410 seconds, Stopping threads took: 0.0001159 seconds
[2021-12-31T03:00:16.691+0000][1][safepoint    ] Application time: 1.0025821 seconds
[2021-12-31T03:00:16.692+0000][1][safepoint    ] Entering safepoint region: Cleanup
[2021-12-31T03:00:16.692+0000][1][safepoint    ] Leaving safepoint region
[2021-12-31T03:00:16.693+0000][1][safepoint    ] Total time for which application threads were stopped: 0.0007130 seconds, Stopping threads took: 0.0003536 seconds
[2021-12-31T03:00:17.311+0000][1][safepoint    ] Application time: 0.6179605 seconds
[2021-12-31T03:00:17.311+0000][1][safepoint    ] Entering safepoint region: RevokeBias
[2021-12-31T03:00:17.312+0000][1][safepoint    ] Leaving safepoint region
[2021-12-31T03:00:17.312+0000][1][safepoint    ] Total time for which application threads were stopped: 0.0002949 seconds, Stopping threads took: 0.0001112 seconds
[2021-12-31T03:00:18.315+0000][1][safepoint    ] Application time: 1.0029035 seconds
[2021-12-31T03:00:18.315+0000][1][safepoint    ] Entering safepoint region: Cleanup
[2021-12-31T03:00:18.315+0000][1][safepoint    ] Leaving safepoint region
[2021-12-31T03:00:18.315+0000][1][safepoint    ] Total time for which application threads were stopped: 0.0002649 seconds, Stopping threads took: 0.0001067 seconds
[2021-12-31T03:00:19.317+0000][1][safepoint    ] Application time: 1.0015413 seconds
[2021-12-31T03:00:19.317+0000][1][safepoint    ] Entering safepoint region: Cleanup
[2021-12-31T03:00:19.317+0000][1][safepoint    ] Leaving safepoint region
[2021-12-31T03:00:19.318+0000][1][safepoint    ] Total time for which application threads were stopped: 0.0006009 seconds, Stopping threads took: 0.0002379 seconds
[2021-12-31T03:00:20.321+0000][1][safepoint    ] Application time: 1.0028577 seconds
[2021-12-31T03:00:20.321+0000][1][safepoint    ] Entering safepoint region: Cleanup
[2021-12-31T03:00:20.321+0000][1][safepoint    ] Leaving safepoint region
[2021-12-31T03:00:20.321+0000][1][safepoint    ] Total time for which application threads were stopped: 0.0002340 seconds, Stopping threads took: 0.0001005 seconds
[2021-12-31T03:00:21.324+0000][1][safepoint    ] Application time: 1.0025637 seconds
[2021-12-31T03:00:21.324+0000][1][safepoint    ] Entering safepoint region: Cleanup
[2021-12-31T03:00:21.324+0000][1][safepoint    ] Leaving safepoint region
[2021-12-31T03:00:21.324+0000][1][safepoint    ] Total time for which application threads were stopped: 0.0002477 seconds, Stopping threads took: 0.0001045 seconds
[2021-12-31T03:00:22.326+0000][1][safepoint    ] Application time: 1.0012093 seconds
[2021-12-31T03:00:22.326+0000][1][safepoint    ] Entering safepoint region: Cleanup
[2021-12-31T03:00:22.327+0000][1][safepoint    ] Leaving safepoint region
[2021-12-31T03:00:22.327+0000][1][safepoint    ] Total time for which application threads were stopped: 0.0007158 seconds, Stopping threads took: 0.0003324 seconds
[2021-12-31T03:00:23.329+0000][1][safepoint    ] Application time: 1.0015430 seconds
[2021-12-31T03:00:23.329+0000][1][safepoint    ] Entering safepoint region: Cleanup
[2021-12-31T03:00:23.329+0000][1][safepoint    ] Leaving safepoint region
[2021-12-31T03:00:23.330+0000][1][safepoint    ] Total time for which application threads were stopped: 0.0005784 seconds, Stopping threads took: 0.0002614 seconds
[2021-12-31T03:00:24.331+0000][1][safepoint    ] Application time: 1.0014476 seconds
[2021-12-31T03:00:24.332+0000][1][safepoint    ] Entering safepoint region: Cleanup
[2021-12-31T03:00:24.332+0000][1][safepoint    ] Leaving safepoint region
[2021-12-31T03:00:24.332+0000][1][safepoint    ] Total time for which application threads were stopped: 0.0008294 seconds, Stopping threads took: 0.0004479 seconds
[2021-12-31T03:00:25.334+0000][1][safepoint    ] Application time: 1.0016031 seconds
[2021-12-31T03:00:25.335+0000][1][safepoint    ] Entering safepoint region: Cleanup
[2021-12-31T03:00:25.335+0000][1][safepoint    ] Leaving safepoint region
[2021-12-31T03:00:25.335+0000][1][safepoint    ] Total time for which application threads were stopped: 0.0003234 seconds, Stopping threads took: 0.0001565 seconds
[2021-12-31T03:00:26.336+0000][1][safepoint    ] Application time: 1.0006843 seconds
[2021-12-31T03:00:26.336+0000][1][safepoint    ] Entering safepoint region: Cleanup
[2021-12-31T03:00:26.336+0000][1][safepoint    ] Leaving safepoint region
[2021-12-31T03:00:26.337+0000][1][safepoint    ] Total time for which application threads were stopped: 0.0003814 seconds, Stopping threads took: 0.0002287 seconds
[2021-12-31T03:00:27.338+0000][1][safepoint    ] Application time: 1.0011661 seconds
[2021-12-31T03:00:27.338+0000][1][safepoint    ] Entering safepoint region: Cleanup
[2021-12-31T03:00:27.338+0000][1][safepoint    ] Leaving safepoint region
[2021-12-31T03:00:27.338+0000][1][safepoint    ] Total time for which application threads were stopped: 0.0002612 seconds, Stopping threads took: 0.0001152 seconds
[2021-12-31T03:00:28.339+0000][1][safepoint    ] Application time: 1.0009857 seconds
[2021-12-31T03:00:28.340+0000][1][safepoint    ] Entering safepoint region: Cleanup
[2021-12-31T03:00:28.340+0000][1][safepoint    ] Leaving safepoint region
[2021-12-31T03:00:28.341+0000][1][safepoint    ] Total time for which application threads were stopped: 0.0008697 seconds, Stopping threads took: 0.0004571 seconds
[2021-12-31T03:00:29.344+0000][1][safepoint    ] Application time: 1.0034757 seconds
[2021-12-31T03:00:29.344+0000][1][safepoint    ] Entering safepoint region: Cleanup
[2021-12-31T03:00:29.345+0000][1][safepoint    ] Leaving safepoint region
[2021-12-31T03:00:29.345+0000][1][safepoint    ] Total time for which application threads were stopped: 0.0003360 seconds, Stopping threads took: 0.0000969 seconds
[2021-12-31T03:00:30.346+0000][1][safepoint    ] Application time: 1.0013360 seconds
[2021-12-31T03:00:30.347+0000][1][safepoint    ] Entering safepoint region: Cleanup
[2021-12-31T03:00:30.347+0000][1][safepoint    ] Leaving safepoint region
[2021-12-31T03:00:30.348+0000][1][safepoint    ] Total time for which application threads were stopped: 0.0006922 seconds, Stopping threads took: 0.0003142 seconds
[2021-12-31T03:00:31.350+0000][1][safepoint    ] Application time: 1.0022269 seconds
[2021-12-31T03:00:31.350+0000][1][safepoint    ] Entering safepoint region: Cleanup
[2021-12-31T03:00:31.350+0000][1][safepoint    ] Leaving safepoint region
[2021-12-31T03:00:31.350+0000][1][safepoint    ] Total time for which application threads were stopped: 0.0002789 seconds, Stopping threads took: 0.0001138 seconds
[2021-12-31T03:00:32.353+0000][1][safepoint    ] Application time: 1.0022185 seconds
[2021-12-31T03:00:32.353+0000][1][safepoint    ] Entering safepoint region: Cleanup
[2021-12-31T03:00:32.353+0000][1][safepoint    ] Leaving safepoint region
[2021-12-31T03:00:32.354+0000][1][safepoint    ] Total time for which application threads were stopped: 0.0005093 seconds, Stopping threads took: 0.0002372 seconds
[2021-12-31T03:00:33.356+0000][1][safepoint    ] Application time: 1.0020131 seconds
[2021-12-31T03:00:33.356+0000][1][safepoint    ] Entering safepoint region: Cleanup
[2021-12-31T03:00:33.356+0000][1][safepoint    ] Leaving safepoint region
[2021-12-31T03:00:33.356+0000][1][safepoint    ] Total time for which application threads were stopped: 0.0002346 seconds, Stopping threads took: 0.0001011 seconds
[2021-12-31T03:00:34.358+0000][1][safepoint    ] Application time: 1.0012101 seconds
[2021-12-31T03:00:34.358+0000][1][safepoint    ] Entering safepoint region: Cleanup
[2021-12-31T03:00:34.358+0000][1][safepoint    ] Leaving safepoint region
[2021-12-31T03:00:34.358+0000][1][safepoint    ] Total time for which application threads were stopped: 0.0002482 seconds, Stopping threads took: 0.0001059 seconds
[2021-12-31T03:00:35.362+0000][1][safepoint    ] Application time: 1.0034040 seconds
[2021-12-31T03:00:35.362+0000][1][safepoint    ] Entering safepoint region: Cleanup
[2021-12-31T03:00:35.363+0000][1][safepoint    ] Leaving safepoint region
[2021-12-31T03:00:35.363+0000][1][safepoint    ] Total time for which application threads were stopped: 0.0005540 seconds, Stopping threads took: 0.0002583 seconds
[2021-12-31T03:00:36.364+0000][1][safepoint    ] Application time: 1.0013306 seconds
[2021-12-31T03:00:36.365+0000][1][safepoint    ] Entering safepoint region: Cleanup
[2021-12-31T03:00:36.365+0000][1][safepoint    ] Leaving safepoint region
[2021-12-31T03:00:36.365+0000][1][safepoint    ] Total time for which application threads were stopped: 0.0005720 seconds, Stopping threads took: 0.0002682 seconds
[2021-12-31T03:00:37.369+0000][1][safepoint    ] Application time: 1.0032419 seconds
[2021-12-31T03:00:37.369+0000][1][safepoint    ] Entering safepoint region: Cleanup
[2021-12-31T03:00:37.370+0000][1][safepoint    ] Leaving safepoint region
[2021-12-31T03:00:37.370+0000][1][safepoint    ] Total time for which application threads were stopped: 0.0005873 seconds, Stopping threads took: 0.0002924 seconds
[2021-12-31T03:00:38.370+0000][1][safepoint    ] Application time: 1.0002484 seconds
[2021-12-31T03:00:38.371+0000][1][safepoint    ] Entering safepoint region: Cleanup
[2021-12-31T03:00:38.371+0000][1][safepoint    ] Leaving safepoint region
[2021-12-31T03:00:38.371+0000][1][safepoint    ] Total time for which application threads were stopped: 0.0003740 seconds, Stopping threads took: 0.0002115 seconds
[2021-12-31T03:00:39.373+0000][1][safepoint    ] Application time: 1.0014706 seconds
[2021-12-31T03:00:39.373+0000][1][safepoint    ] Entering safepoint region: Cleanup
[2021-12-31T03:00:39.373+0000][1][safepoint    ] Leaving safepoint region
[2021-12-31T03:00:39.373+0000][1][safepoint    ] Total time for which application threads were stopped: 0.0004997 seconds, Stopping threads took: 0.0002235 seconds
[2021-12-31T03:00:40.374+0000][1][safepoint    ] Application time: 1.0003922 seconds
[2021-12-31T03:00:40.374+0000][1][safepoint    ] Entering safepoint region: Cleanup
[2021-12-31T03:00:40.375+0000][1][safepoint    ] Leaving safepoint region
[2021-12-31T03:00:40.375+0000][1][safepoint    ] Total time for which application threads were stopped: 0.0006263 seconds, Stopping threads took: 0.0002622 seconds
[2021-12-31T03:00:41.377+0000][1][safepoint    ] Application time: 1.0019963 seconds
[2021-12-31T03:00:41.377+0000][1][safepoint    ] Entering safepoint region: Cleanup
[2021-12-31T03:00:41.378+0000][1][safepoint    ] Leaving safepoint region
[2021-12-31T03:00:41.378+0000][1][safepoint    ] Total time for which application threads were stopped: 0.0002989 seconds, Stopping threads took: 0.0001128 seconds
[2021-12-31T03:00:43.227+0000][1][safepoint    ] Application time: 1.8489006 seconds
[2021-12-31T03:00:43.227+0000][1][safepoint    ] Entering safepoint region: Cleanup
[2021-12-31T03:00:43.227+0000][1][safepoint    ] Leaving safepoint region
[2021-12-31T03:00:43.227+0000][1][safepoint    ] Total time for which application threads were stopped: 0.0002028 seconds, Stopping threads took: 0.0000852 seconds
[2021-12-31T03:00:44.229+0000][1][safepoint    ] Application time: 1.0015190 seconds
[2021-12-31T03:00:44.229+0000][1][safepoint    ] Entering safepoint region: Cleanup
[2021-12-31T03:00:44.229+0000][1][safepoint    ] Leaving safepoint region
[2021-12-31T03:00:44.229+0000][1][safepoint    ] Total time for which application threads were stopped: 0.0004524 seconds, Stopping threads took: 0.0001906 seconds
[2021-12-31T03:00:45.231+0000][1][safepoint    ] Application time: 1.0009604 seconds
[2021-12-31T03:00:45.231+0000][1][safepoint    ] Entering safepoint region: Cleanup
[2021-12-31T03:00:45.232+0000][1][safepoint    ] Leaving safepoint region
[2021-12-31T03:00:45.232+0000][1][safepoint    ] Total time for which application threads were stopped: 0.0005737 seconds, Stopping threads took: 0.0002727 seconds
[2021-12-31T03:00:46.232+0000][1][safepoint    ] Application time: 1.0003214 seconds
[2021-12-31T03:00:46.233+0000][1][safepoint    ] Entering safepoint region: Cleanup
[2021-12-31T03:00:46.233+0000][1][safepoint    ] Leaving safepoint region
[2021-12-31T03:00:46.233+0000][1][safepoint    ] Total time for which application threads were stopped: 0.0005088 seconds, Stopping threads took: 0.0001994 seconds
[2021-12-31T03:00:47.234+0000][1][safepoint    ] Application time: 1.0004765 seconds
[2021-12-31T03:00:47.234+0000][1][safepoint    ] Entering safepoint region: Cleanup
[2021-12-31T03:00:47.234+0000][1][safepoint    ] Leaving safepoint region
[2021-12-31T03:00:47.235+0000][1][safepoint    ] Total time for which application threads were stopped: 0.0004873 seconds, Stopping threads took: 0.0002196 seconds
[2021-12-31T03:00:48.238+0000][1][safepoint    ] Application time: 1.0029100 seconds
[2021-12-31T03:00:48.238+0000][1][safepoint    ] Entering safepoint region: Cleanup
[2021-12-31T03:00:48.238+0000][1][safepoint    ] Leaving safepoint region
[2021-12-31T03:00:48.238+0000][1][safepoint    ] Total time for which application threads were stopped: 0.0002846 seconds, Stopping threads took: 0.0001381 seconds
[2021-12-31T03:00:49.239+0000][1][safepoint    ] Application time: 1.0005931 seconds
[2021-12-31T03:00:49.240+0000][1][safepoint    ] Entering safepoint region: Cleanup
[2021-12-31T03:00:49.240+0000][1][safepoint    ] Leaving safepoint region
[2021-12-31T03:00:49.241+0000][1][safepoint    ] Total time for which application threads were stopped: 0.0007537 seconds, Stopping threads took: 0.0002468 seconds
[2021-12-31T03:00:50.242+0000][1][safepoint    ] Application time: 1.0013756 seconds
[2021-12-31T03:00:50.243+0000][1][safepoint    ] Entering safepoint region: Cleanup
[2021-12-31T03:00:50.243+0000][1][safepoint    ] Leaving safepoint region
[2021-12-31T03:00:50.243+0000][1][safepoint    ] Total time for which application threads were stopped: 0.0006516 seconds, Stopping threads took: 0.0003544 seconds
[2021-12-31T03:00:51.245+0000][1][safepoint    ] Application time: 1.0011457 seconds
[2021-12-31T03:00:51.245+0000][1][safepoint    ] Entering safepoint region: Cleanup
[2021-12-31T03:00:51.245+0000][1][safepoint    ] Leaving safepoint region
[2021-12-31T03:00:51.245+0000][1][safepoint    ] Total time for which application threads were stopped: 0.0002402 seconds, Stopping threads took: 0.0000994 seconds
[2021-12-31T03:00:52.246+0000][1][safepoint    ] Application time: 1.0013590 seconds
[2021-12-31T03:00:52.247+0000][1][safepoint    ] Entering safepoint region: Cleanup
[2021-12-31T03:00:52.247+0000][1][safepoint    ] Leaving safepoint region
[2021-12-31T03:00:52.247+0000][1][safepoint    ] Total time for which application threads were stopped: 0.0005181 seconds, Stopping threads took: 0.0002230 seconds
[2021-12-31T03:00:53.249+0000][1][safepoint    ] Application time: 1.0016407 seconds
[2021-12-31T03:00:53.249+0000][1][safepoint    ] Entering safepoint region: Cleanup
[2021-12-31T03:00:53.250+0000][1][safepoint    ] Leaving safepoint region
[2021-12-31T03:00:53.250+0000][1][safepoint    ] Total time for which application threads were stopped: 0.0004718 seconds, Stopping threads took: 0.0002008 seconds
[2021-12-31T03:00:54.253+0000][1][safepoint    ] Application time: 1.0026961 seconds
[2021-12-31T03:00:54.257+0000][1][safepoint    ] Entering safepoint region: Cleanup
[2021-12-31T03:00:54.266+0000][1][safepoint    ] Leaving safepoint region
[2021-12-31T03:00:54.271+0000][1][safepoint    ] Total time for which application threads were stopped: 0.0135880 seconds, Stopping threads took: 0.0088869 seconds
[2021-12-31T03:00:55.277+0000][1][safepoint    ] Application time: 1.0006800 seconds
[2021-12-31T03:00:55.277+0000][1][safepoint    ] Entering safepoint region: Cleanup
[2021-12-31T03:00:55.277+0000][1][safepoint    ] Leaving safepoint region
[2021-12-31T03:00:55.277+0000][1][safepoint    ] Total time for which application threads were stopped: 0.0002338 seconds, Stopping threads took: 0.0000986 seconds
[2021-12-31T03:00:56.277+0000][1][safepoint    ] Application time: 1.0001921 seconds
[2021-12-31T03:00:56.278+0000][1][safepoint    ] Entering safepoint region: Cleanup
[2021-12-31T03:00:56.278+0000][1][safepoint    ] Leaving safepoint region
[2021-12-31T03:00:56.278+0000][1][safepoint    ] Total time for which application threads were stopped: 0.0002425 seconds, Stopping threads took: 0.0001021 seconds
[2021-12-31T03:00:57.279+0000][1][safepoint    ] Application time: 1.0008030 seconds
[2021-12-31T03:00:57.279+0000][1][safepoint    ] Entering safepoint region: Cleanup
[2021-12-31T03:00:57.279+0000][1][safepoint    ] Leaving safepoint region
[2021-12-31T03:00:57.279+0000][1][safepoint    ] Total time for which application threads were stopped: 0.0004156 seconds, Stopping threads took: 0.0001811 seconds
[2021-12-31T03:00:58.280+0000][1][safepoint    ] Application time: 1.0005832 seconds
[2021-12-31T03:00:58.280+0000][1][safepoint    ] Entering safepoint region: Cleanup
[2021-12-31T03:00:58.281+0000][1][safepoint    ] Leaving safepoint region
[2021-12-31T03:00:58.281+0000][1][safepoint    ] Total time for which application threads were stopped: 0.0003159 seconds, Stopping threads took: 0.0001070 seconds
[2021-12-31T03:00:59.281+0000][1][safepoint    ] Application time: 1.0005043 seconds
[2021-12-31T03:00:59.282+0000][1][safepoint    ] Entering safepoint region: Cleanup
[2021-12-31T03:00:59.282+0000][1][safepoint    ] Leaving safepoint region
[2021-12-31T03:00:59.282+0000][1][safepoint    ] Total time for which application threads were stopped: 0.0002701 seconds, Stopping threads took: 0.0001103 seconds
[2021-12-31T03:01:00.282+0000][1][safepoint    ] Application time: 1.0003923 seconds
[2021-12-31T03:01:00.282+0000][1][safepoint    ] Entering safepoint region: Cleanup
[2021-12-31T03:01:00.283+0000][1][safepoint    ] Leaving safepoint region
[2021-12-31T03:01:00.283+0000][1][safepoint    ] Total time for which application threads were stopped: 0.0002177 seconds, Stopping threads took: 0.0000917 seconds
[2021-12-31T03:01:01.878+0000][1][safepoint    ] Application time: 1.5954660 seconds
[2021-12-31T03:01:01.879+0000][1][safepoint    ] Entering safepoint region: Cleanup
[2021-12-31T03:01:01.879+0000][1][safepoint    ] Leaving safepoint region
[2021-12-31T03:01:01.879+0000][1][safepoint    ] Total time for which application threads were stopped: 0.0002545 seconds, Stopping threads took: 0.0001121 seconds
[2021-12-31T03:01:02.880+0000][1][safepoint    ] Application time: 1.0006607 seconds
[2021-12-31T03:01:02.880+0000][1][safepoint    ] Entering safepoint region: Cleanup
[2021-12-31T03:01:02.880+0000][1][safepoint    ] Leaving safepoint region
[2021-12-31T03:01:02.881+0000][1][safepoint    ] Total time for which application threads were stopped: 0.0007931 seconds, Stopping threads took: 0.0002806 seconds
[2021-12-31T03:01:03.883+0000][1][safepoint    ] Application time: 1.0012820 seconds
[2021-12-31T03:01:03.883+0000][1][safepoint    ] Entering safepoint region: Cleanup
[2021-12-31T03:01:03.883+0000][1][safepoint    ] Leaving safepoint region
[2021-12-31T03:01:03.884+0000][1][safepoint    ] Total time for which application threads were stopped: 0.0007816 seconds, Stopping threads took: 0.0002319 seconds
[2021-12-31T03:01:04.885+0000][1][safepoint    ] Application time: 1.0007286 seconds
[2021-12-31T03:01:04.885+0000][1][safepoint    ] Entering safepoint region: Cleanup
[2021-12-31T03:01:04.885+0000][1][safepoint    ] Leaving safepoint region
[2021-12-31T03:01:04.885+0000][1][safepoint    ] Total time for which application threads were stopped: 0.0004452 seconds, Stopping threads took: 0.0001983 seconds
[2021-12-31T03:01:05.886+0000][1][safepoint    ] Application time: 1.0007387 seconds
[2021-12-31T03:01:05.887+0000][1][safepoint    ] Entering safepoint region: Cleanup
[2021-12-31T03:01:05.887+0000][1][safepoint    ] Leaving safepoint region
[2021-12-31T03:01:05.887+0000][1][safepoint    ] Total time for which application threads were stopped: 0.0002561 seconds, Stopping threads took: 0.0001095 seconds
[2021-12-31T03:01:06.888+0000][1][safepoint    ] Application time: 1.0010324 seconds
[2021-12-31T03:01:06.888+0000][1][safepoint    ] Entering safepoint region: Cleanup
[2021-12-31T03:01:06.889+0000][1][safepoint    ] Leaving safepoint region
[2021-12-31T03:01:06.889+0000][1][safepoint    ] Total time for which application threads were stopped: 0.0006924 seconds, Stopping threads took: 0.0003816 seconds
[2021-12-31T03:01:07.892+0000][1][safepoint    ] Application time: 1.0032622 seconds
[2021-12-31T03:01:07.893+0000][1][safepoint    ] Entering safepoint region: Cleanup
[2021-12-31T03:01:07.893+0000][1][safepoint    ] Leaving safepoint region
[2021-12-31T03:01:07.893+0000][1][safepoint    ] Total time for which application threads were stopped: 0.0002759 seconds, Stopping threads took: 0.0001243 seconds
[2021-12-31T03:01:08.908+0000][1][safepoint    ] Application time: 1.0148853 seconds
[2021-12-31T03:01:08.908+0000][1][safepoint    ] Entering safepoint region: Cleanup
[2021-12-31T03:01:08.909+0000][1][safepoint    ] Leaving safepoint region
[2021-12-31T03:01:08.909+0000][1][safepoint    ] Total time for which application threads were stopped: 0.0005683 seconds, Stopping threads took: 0.0002633 seconds
[2021-12-31T03:01:09.923+0000][1][safepoint    ] Application time: 1.0141211 seconds
[2021-12-31T03:01:09.924+0000][1][safepoint    ] Entering safepoint region: Cleanup
[2021-12-31T03:01:09.924+0000][1][safepoint    ] Leaving safepoint region
[2021-12-31T03:01:09.924+0000][1][safepoint    ] Total time for which application threads were stopped: 0.0003369 seconds, Stopping threads took: 0.0001637 seconds
[2021-12-31T03:01:10.929+0000][1][safepoint    ] Application time: 1.0052488 seconds
[2021-12-31T03:01:10.930+0000][1][safepoint    ] Entering safepoint region: Cleanup
[2021-12-31T03:01:10.930+0000][1][safepoint    ] Leaving safepoint region
[2021-12-31T03:01:10.930+0000][1][safepoint    ] Total time for which application threads were stopped: 0.0003656 seconds, Stopping threads took: 0.0001362 seconds
[2021-12-31T03:01:11.932+0000][1][safepoint    ] Application time: 1.0020891 seconds
[2021-12-31T03:01:11.932+0000][1][safepoint    ] Entering safepoint region: Cleanup
[2021-12-31T03:01:11.932+0000][1][safepoint    ] Leaving safepoint region
[2021-12-31T03:01:11.933+0000][1][safepoint    ] Total time for which application threads were stopped: 0.0002634 seconds, Stopping threads took: 0.0001179 seconds
[2021-12-31T03:01:12.936+0000][1][safepoint    ] Application time: 1.0036766 seconds
[2021-12-31T03:01:12.937+0000][1][safepoint    ] Entering safepoint region: Cleanup
[2021-12-31T03:01:12.937+0000][1][safepoint    ] Leaving safepoint region
[2021-12-31T03:01:12.937+0000][1][safepoint    ] Total time for which application threads were stopped: 0.0002485 seconds, Stopping threads took: 0.0001037 seconds
[2021-12-31T03:01:13.940+0000][1][safepoint    ] Application time: 1.0027841 seconds
[2021-12-31T03:01:13.940+0000][1][safepoint    ] Entering safepoint region: Cleanup
[2021-12-31T03:01:13.940+0000][1][safepoint    ] Leaving safepoint region
[2021-12-31T03:01:13.940+0000][1][safepoint    ] Total time for which application threads were stopped: 0.0004819 seconds, Stopping threads took: 0.0002123 seconds
[2021-12-31T03:01:14.943+0000][1][safepoint    ] Application time: 1.0023187 seconds
[2021-12-31T03:01:14.943+0000][1][safepoint    ] Entering safepoint region: Cleanup
[2021-12-31T03:01:14.944+0000][1][safepoint    ] Leaving safepoint region
[2021-12-31T03:01:14.944+0000][1][safepoint    ] Total time for which application threads were stopped: 0.0006076 seconds, Stopping threads took: 0.0002018 seconds
[2021-12-31T03:01:15.946+0000][1][safepoint    ] Application time: 1.0019191 seconds
[2021-12-31T03:01:15.946+0000][1][safepoint    ] Entering safepoint region: Cleanup
[2021-12-31T03:01:15.946+0000][1][safepoint    ] Leaving safepoint region
[2021-12-31T03:01:15.947+0000][1][safepoint    ] Total time for which application threads were stopped: 0.0002341 seconds, Stopping threads took: 0.0000996 seconds
[2021-12-31T03:01:16.947+0000][1][safepoint    ] Application time: 1.0007988 seconds
[2021-12-31T03:01:16.948+0000][1][safepoint    ] Entering safepoint region: Cleanup
[2021-12-31T03:01:16.948+0000][1][safepoint    ] Leaving safepoint region
[2021-12-31T03:01:16.948+0000][1][safepoint    ] Total time for which application threads were stopped: 0.0003013 seconds, Stopping threads took: 0.0001401 seconds
[2021-12-31T03:01:17.343+0000][1][safepoint    ] Application time: 0.3953541 seconds
[2021-12-31T03:01:17.344+0000][1][safepoint    ] Entering safepoint region: RevokeBias
[2021-12-31T03:01:17.344+0000][1][safepoint    ] Leaving safepoint region
[2021-12-31T03:01:17.344+0000][1][safepoint    ] Total time for which application threads were stopped: 0.0004225 seconds, Stopping threads took: 0.0001864 seconds
[2021-12-31T03:01:18.346+0000][1][safepoint    ] Application time: 1.0014917 seconds
[2021-12-31T03:01:18.346+0000][1][safepoint    ] Entering safepoint region: Cleanup
[2021-12-31T03:01:18.347+0000][1][safepoint    ] Leaving safepoint region
[2021-12-31T03:01:18.347+0000][1][safepoint    ] Total time for which application threads were stopped: 0.0004304 seconds, Stopping threads took: 0.0001631 seconds
[2021-12-31T03:01:19.348+0000][1][safepoint    ] Application time: 1.0008308 seconds
[2021-12-31T03:01:19.348+0000][1][safepoint    ] Entering safepoint region: Cleanup
[2021-12-31T03:01:19.348+0000][1][safepoint    ] Leaving safepoint region
[2021-12-31T03:01:19.348+0000][1][safepoint    ] Total time for which application threads were stopped: 0.0005947 seconds, Stopping threads took: 0.0003791 seconds
[2021-12-31T03:01:20.351+0000][1][safepoint    ] Application time: 1.0021630 seconds
[2021-12-31T03:01:20.351+0000][1][safepoint    ] Entering safepoint region: Cleanup
[2021-12-31T03:01:20.351+0000][1][safepoint    ] Leaving safepoint region
[2021-12-31T03:01:20.351+0000][1][safepoint    ] Total time for which application threads were stopped: 0.0002344 seconds, Stopping threads took: 0.0001008 seconds
[2021-12-31T03:01:21.352+0000][1][safepoint    ] Application time: 1.0008661 seconds
[2021-12-31T03:01:21.352+0000][1][safepoint    ] Entering safepoint region: Cleanup
[2021-12-31T03:01:21.353+0000][1][safepoint    ] Leaving safepoint region
[2021-12-31T03:01:21.353+0000][1][safepoint    ] Total time for which application threads were stopped: 0.0003682 seconds, Stopping threads took: 0.0001564 seconds
[2021-12-31T03:01:22.356+0000][1][safepoint    ] Application time: 1.0028896 seconds
[2021-12-31T03:01:22.356+0000][1][safepoint    ] Entering safepoint region: Cleanup
[2021-12-31T03:01:22.356+0000][1][safepoint    ] Leaving safepoint region
[2021-12-31T03:01:22.356+0000][1][safepoint    ] Total time for which application threads were stopped: 0.0002930 seconds, Stopping threads took: 0.0001051 seconds
[2021-12-31T03:01:23.367+0000][1][safepoint    ] Application time: 1.0110025 seconds
[2021-12-31T03:01:23.368+0000][1][safepoint    ] Entering safepoint region: Cleanup
[2021-12-31T03:01:23.368+0000][1][safepoint    ] Leaving safepoint region
[2021-12-31T03:01:23.368+0000][1][safepoint    ] Total time for which application threads were stopped: 0.0002981 seconds, Stopping threads took: 0.0001301 seconds
[2021-12-31T03:01:24.374+0000][1][safepoint    ] Application time: 1.0059441 seconds
[2021-12-31T03:01:24.374+0000][1][safepoint    ] Entering safepoint region: Cleanup
[2021-12-31T03:01:24.375+0000][1][safepoint    ] Leaving safepoint region
[2021-12-31T03:01:24.375+0000][1][safepoint    ] Total time for which application threads were stopped: 0.0006224 seconds, Stopping threads took: 0.0002976 seconds
[2021-12-31T03:01:25.377+0000][1][safepoint    ] Application time: 1.0016015 seconds
[2021-12-31T03:01:25.377+0000][1][safepoint    ] Entering safepoint region: Cleanup
[2021-12-31T03:01:25.377+0000][1][safepoint    ] Leaving safepoint region
[2021-12-31T03:01:25.377+0000][1][safepoint    ] Total time for which application threads were stopped: 0.0002753 seconds, Stopping threads took: 0.0001091 seconds
[2021-12-31T03:01:26.378+0000][1][safepoint    ] Application time: 1.0007660 seconds
[2021-12-31T03:01:26.378+0000][1][safepoint    ] Entering safepoint region: Cleanup
[2021-12-31T03:01:26.379+0000][1][safepoint    ] Leaving safepoint region
[2021-12-31T03:01:26.379+0000][1][safepoint    ] Total time for which application threads were stopped: 0.0002465 seconds, Stopping threads took: 0.0001047 seconds
[2021-12-31T03:01:27.383+0000][1][safepoint    ] Application time: 1.0042210 seconds
[2021-12-31T03:01:27.383+0000][1][safepoint    ] Entering safepoint region: Cleanup
[2021-12-31T03:01:27.384+0000][1][safepoint    ] Leaving safepoint region
[2021-12-31T03:01:27.384+0000][1][safepoint    ] Total time for which application threads were stopped: 0.0005840 seconds, Stopping threads took: 0.0002793 seconds
[2021-12-31T03:01:28.387+0000][1][safepoint    ] Application time: 1.0030873 seconds
[2021-12-31T03:01:28.388+0000][1][safepoint    ] Entering safepoint region: Cleanup
[2021-12-31T03:01:28.388+0000][1][safepoint    ] Leaving safepoint region
[2021-12-31T03:01:28.388+0000][1][safepoint    ] Total time for which application threads were stopped: 0.0006134 seconds, Stopping threads took: 0.0002753 seconds
[2021-12-31T03:01:28.684+0000][1][safepoint    ] Application time: 0.2953867 seconds
[2021-12-31T03:01:28.684+0000][1][safepoint    ] Entering safepoint region: GenCollectForAllocation
[2021-12-31T03:01:28.685+0000][1][gc,start     ] GC(38) Pause Young (Allocation Failure)
[2021-12-31T03:01:28.685+0000][1][gc,task      ] GC(38) Using 1 workers of 1 for evacuation
[2021-12-31T03:01:28.694+0000][1][gc,age       ] GC(38) Desired survivor size 4358144 bytes, new threshold 6 (max threshold 6)
[2021-12-31T03:01:28.694+0000][1][gc,age       ] GC(38) Age table with threshold 6 (max threshold 6)
[2021-12-31T03:01:28.694+0000][1][gc,age       ] GC(38) - age   1:      32968 bytes,      32968 total
[2021-12-31T03:01:28.694+0000][1][gc,age       ] GC(38) - age   2:        304 bytes,      33272 total
[2021-12-31T03:01:28.695+0000][1][gc,age       ] GC(38) - age   3:       2128 bytes,      35400 total
[2021-12-31T03:01:28.695+0000][1][gc,age       ] GC(38) - age   4:      67408 bytes,     102808 total
[2021-12-31T03:01:28.695+0000][1][gc,age       ] GC(38) - age   5:       1176 bytes,     103984 total
[2021-12-31T03:01:28.695+0000][1][gc,age       ] GC(38) - age   6:      90128 bytes,     194112 total
[2021-12-31T03:01:28.695+0000][1][gc,heap      ] GC(38) ParNew: 68345K->351K(76672K)
[2021-12-31T03:01:28.696+0000][1][gc,heap      ] GC(38) CMS: 127562K->127562K(439104K)
[2021-12-31T03:01:28.696+0000][1][gc,metaspace ] GC(38) Metaspace: 73438K->73438K(1116160K)
[2021-12-31T03:01:28.696+0000][1][gc           ] GC(38) Pause Young (Allocation Failure) 191M->124M(503M) 11.113ms
[2021-12-31T03:01:28.696+0000][1][gc,cpu       ] GC(38) User=0.00s Sys=0.00s Real=0.01s
[2021-12-31T03:01:28.696+0000][1][safepoint    ] Leaving safepoint region
[2021-12-31T03:01:28.697+0000][1][safepoint    ] Total time for which application threads were stopped: 0.0124240 seconds, Stopping threads took: 0.0004610 seconds
[2021-12-31T03:01:29.699+0000][1][safepoint    ] Application time: 1.0023669 seconds
[2021-12-31T03:01:29.700+0000][1][safepoint    ] Entering safepoint region: Cleanup
[2021-12-31T03:01:29.700+0000][1][safepoint    ] Leaving safepoint region
[2021-12-31T03:01:29.700+0000][1][safepoint    ] Total time for which application threads were stopped: 0.0006285 seconds, Stopping threads took: 0.0002701 seconds
[2021-12-31T03:01:30.702+0000][1][safepoint    ] Application time: 1.0016886 seconds
[2021-12-31T03:01:30.703+0000][1][safepoint    ] Entering safepoint region: Cleanup
[2021-12-31T03:01:30.703+0000][1][safepoint    ] Leaving safepoint region
[2021-12-31T03:01:30.703+0000][1][safepoint    ] Total time for which application threads were stopped: 0.0002529 seconds, Stopping threads took: 0.0001069 seconds
[2021-12-31T03:01:31.706+0000][1][safepoint    ] Application time: 1.0033268 seconds
[2021-12-31T03:01:31.706+0000][1][safepoint    ] Entering safepoint region: Cleanup
[2021-12-31T03:01:31.707+0000][1][safepoint    ] Leaving safepoint region
[2021-12-31T03:01:31.707+0000][1][safepoint    ] Total time for which application threads were stopped: 0.0002863 seconds, Stopping threads took: 0.0001121 seconds
[2021-12-31T03:01:32.709+0000][1][safepoint    ] Application time: 1.0020572 seconds
[2021-12-31T03:01:32.709+0000][1][safepoint    ] Entering safepoint region: Cleanup
[2021-12-31T03:01:32.709+0000][1][safepoint    ] Leaving safepoint region
[2021-12-31T03:01:32.709+0000][1][safepoint    ] Total time for which application threads were stopped: 0.0002452 seconds, Stopping threads took: 0.0001021 seconds
[2021-12-31T03:01:33.713+0000][1][safepoint    ] Application time: 1.0033486 seconds
[2021-12-31T03:01:33.713+0000][1][safepoint    ] Entering safepoint region: Cleanup
[2021-12-31T03:01:33.713+0000][1][safepoint    ] Leaving safepoint region
[2021-12-31T03:01:33.714+0000][1][safepoint    ] Total time for which application threads were stopped: 0.0005097 seconds, Stopping threads took: 0.0002202 seconds
[2021-12-31T03:01:35.363+0000][1][safepoint    ] Application time: 1.6490220 seconds
[2021-12-31T03:01:35.363+0000][1][safepoint    ] Entering safepoint region: Cleanup
[2021-12-31T03:01:35.363+0000][1][safepoint    ] Leaving safepoint region
[2021-12-31T03:01:35.363+0000][1][safepoint    ] Total time for which application threads were stopped: 0.0003147 seconds, Stopping threads took: 0.0001355 seconds
[2021-12-31T03:01:36.366+0000][1][safepoint    ] Application time: 1.0028704 seconds
[2021-12-31T03:01:36.366+0000][1][safepoint    ] Entering safepoint region: Cleanup
[2021-12-31T03:01:36.367+0000][1][safepoint    ] Leaving safepoint region
[2021-12-31T03:01:36.367+0000][1][safepoint    ] Total time for which application threads were stopped: 0.0002200 seconds, Stopping threads took: 0.0000948 seconds
[2021-12-31T03:01:37.370+0000][1][safepoint    ] Application time: 1.0027948 seconds
[2021-12-31T03:01:37.370+0000][1][safepoint    ] Entering safepoint region: Cleanup
[2021-12-31T03:01:37.370+0000][1][safepoint    ] Leaving safepoint region
[2021-12-31T03:01:37.370+0000][1][safepoint    ] Total time for which application threads were stopped: 0.0002497 seconds, Stopping threads took: 0.0001094 seconds
[2021-12-31T03:01:38.373+0000][1][safepoint    ] Application time: 1.0028869 seconds
[2021-12-31T03:01:38.373+0000][1][safepoint    ] Entering safepoint region: Cleanup
[2021-12-31T03:01:38.373+0000][1][safepoint    ] Leaving safepoint region
[2021-12-31T03:01:38.373+0000][1][safepoint    ] Total time for which application threads were stopped: 0.0002583 seconds, Stopping threads took: 0.0001077 seconds
[2021-12-31T03:01:39.375+0000][1][safepoint    ] Application time: 1.0015727 seconds
[2021-12-31T03:01:39.375+0000][1][safepoint    ] Entering safepoint region: Cleanup
[2021-12-31T03:01:39.375+0000][1][safepoint    ] Leaving safepoint region
[2021-12-31T03:01:39.376+0000][1][safepoint    ] Total time for which application threads were stopped: 0.0002266 seconds, Stopping threads took: 0.0000978 seconds
[2021-12-31T03:01:40.379+0000][1][safepoint    ] Application time: 1.0031306 seconds
[2021-12-31T03:01:40.379+0000][1][safepoint    ] Entering safepoint region: Cleanup
[2021-12-31T03:01:40.379+0000][1][safepoint    ] Leaving safepoint region
[2021-12-31T03:01:40.379+0000][1][safepoint    ] Total time for which application threads were stopped: 0.0002425 seconds, Stopping threads took: 0.0001036 seconds
[2021-12-31T03:01:41.382+0000][1][safepoint    ] Application time: 1.0027970 seconds
[2021-12-31T03:01:41.383+0000][1][safepoint    ] Entering safepoint region: Cleanup
[2021-12-31T03:01:41.384+0000][1][safepoint    ] Leaving safepoint region
[2021-12-31T03:01:41.385+0000][1][safepoint    ] Total time for which application threads were stopped: 0.0019016 seconds, Stopping threads took: 0.0008505 seconds
[2021-12-31T03:01:42.387+0000][1][safepoint    ] Application time: 1.0010927 seconds
[2021-12-31T03:01:42.394+0000][1][safepoint    ] Entering safepoint region: Cleanup
[2021-12-31T03:01:42.400+0000][1][safepoint    ] Leaving safepoint region
[2021-12-31T03:01:42.403+0000][1][safepoint    ] Total time for which application threads were stopped: 0.0097066 seconds, Stopping threads took: 0.0064720 seconds
[2021-12-31T03:01:43.421+0000][1][safepoint    ] Application time: 1.0060717 seconds
[2021-12-31T03:01:43.432+0000][1][safepoint    ] Entering safepoint region: Cleanup
[2021-12-31T03:01:43.464+0000][1][safepoint    ] Leaving safepoint region
[2021-12-31T03:01:43.480+0000][1][safepoint    ] Total time for which application threads were stopped: 0.0488706 seconds, Stopping threads took: 0.0318351 seconds
[2021-12-31T03:01:44.481+0000][1][safepoint    ] Application time: 1.0005740 seconds
[2021-12-31T03:01:44.492+0000][1][safepoint    ] Entering safepoint region: Cleanup
[2021-12-31T03:01:44.499+0000][1][safepoint    ] Leaving safepoint region
[2021-12-31T03:01:44.503+0000][1][safepoint    ] Total time for which application threads were stopped: 0.0118084 seconds, Stopping threads took: 0.0070165 seconds
[2021-12-31T03:01:45.513+0000][1][safepoint    ] Application time: 1.0001532 seconds
[2021-12-31T03:01:45.514+0000][1][safepoint    ] Entering safepoint region: Cleanup
[2021-12-31T03:01:45.514+0000][1][safepoint    ] Leaving safepoint region
[2021-12-31T03:01:45.514+0000][1][safepoint    ] Total time for which application threads were stopped: 0.0003324 seconds, Stopping threads took: 0.0001192 seconds
[2021-12-31T03:01:46.514+0000][1][safepoint    ] Application time: 1.0004179 seconds
[2021-12-31T03:01:46.515+0000][1][safepoint    ] Entering safepoint region: Cleanup
[2021-12-31T03:01:46.515+0000][1][safepoint    ] Leaving safepoint region
[2021-12-31T03:01:46.515+0000][1][safepoint    ] Total time for which application threads were stopped: 0.0003863 seconds, Stopping threads took: 0.0001573 seconds
[2021-12-31T03:01:47.516+0000][1][safepoint    ] Application time: 1.0004846 seconds
[2021-12-31T03:01:47.516+0000][1][safepoint    ] Entering safepoint region: Cleanup
[2021-12-31T03:01:47.516+0000][1][safepoint    ] Leaving safepoint region
[2021-12-31T03:01:47.516+0000][1][safepoint    ] Total time for which application threads were stopped: 0.0005158 seconds, Stopping threads took: 0.0002706 seconds
[2021-12-31T03:01:48.517+0000][1][safepoint    ] Application time: 1.0003897 seconds
[2021-12-31T03:01:48.517+0000][1][safepoint    ] Entering safepoint region: Cleanup
[2021-12-31T03:01:48.517+0000][1][safepoint    ] Leaving safepoint region
[2021-12-31T03:01:48.517+0000][1][safepoint    ] Total time for which application threads were stopped: 0.0003234 seconds, Stopping threads took: 0.0001073 seconds
[2021-12-31T03:01:49.520+0000][1][safepoint    ] Application time: 1.0023161 seconds
[2021-12-31T03:01:49.530+0000][1][safepoint    ] Entering safepoint region: Cleanup
[2021-12-31T03:01:49.549+0000][1][safepoint    ] Leaving safepoint region
[2021-12-31T03:01:49.551+0000][1][safepoint    ] Total time for which application threads were stopped: 0.0210406 seconds, Stopping threads took: 0.0190566 seconds
[2021-12-31T03:01:50.552+0000][1][safepoint    ] Application time: 1.0003528 seconds
[2021-12-31T03:01:50.552+0000][1][safepoint    ] Entering safepoint region: Cleanup
[2021-12-31T03:01:50.552+0000][1][safepoint    ] Leaving safepoint region
[2021-12-31T03:01:50.553+0000][1][safepoint    ] Total time for which application threads were stopped: 0.0003416 seconds, Stopping threads took: 0.0001338 seconds
[2021-12-31T03:01:51.553+0000][1][safepoint    ] Application time: 1.0005095 seconds
[2021-12-31T03:01:51.553+0000][1][safepoint    ] Entering safepoint region: Cleanup
[2021-12-31T03:01:51.554+0000][1][safepoint    ] Leaving safepoint region
[2021-12-31T03:01:51.554+0000][1][safepoint    ] Total time for which application threads were stopped: 0.0002413 seconds, Stopping threads took: 0.0000999 seconds
[2021-12-31T03:01:52.554+0000][1][safepoint    ] Application time: 1.0006054 seconds
[2021-12-31T03:01:52.559+0000][1][safepoint    ] Entering safepoint region: Cleanup
[2021-12-31T03:01:52.560+0000][1][safepoint    ] Leaving safepoint region
[2021-12-31T03:01:52.563+0000][1][safepoint    ] Total time for which application threads were stopped: 0.0047245 seconds, Stopping threads took: 0.0015750 seconds
[2021-12-31T03:01:53.567+0000][1][safepoint    ] Application time: 1.0003645 seconds
[2021-12-31T03:01:53.567+0000][1][safepoint    ] Entering safepoint region: Cleanup
[2021-12-31T03:01:53.568+0000][1][safepoint    ] Leaving safepoint region
[2021-12-31T03:01:53.568+0000][1][safepoint    ] Total time for which application threads were stopped: 0.0003054 seconds, Stopping threads took: 0.0001395 seconds
[2021-12-31T03:01:54.568+0000][1][safepoint    ] Application time: 1.0003345 seconds
[2021-12-31T03:01:54.568+0000][1][safepoint    ] Entering safepoint region: Cleanup
[2021-12-31T03:01:54.568+0000][1][safepoint    ] Leaving safepoint region
[2021-12-31T03:01:54.569+0000][1][safepoint    ] Total time for which application threads were stopped: 0.0003929 seconds, Stopping threads took: 0.0001040 seconds
[2021-12-31T03:01:55.572+0000][1][safepoint    ] Application time: 1.0036632 seconds
[2021-12-31T03:01:55.573+0000][1][safepoint    ] Entering safepoint region: Cleanup
[2021-12-31T03:01:55.575+0000][1][safepoint    ] Leaving safepoint region
[2021-12-31T03:01:55.576+0000][1][safepoint    ] Total time for which application threads were stopped: 0.0022067 seconds, Stopping threads took: 0.0017226 seconds
[2021-12-31T03:01:56.581+0000][1][safepoint    ] Application time: 1.0007340 seconds
[2021-12-31T03:01:56.582+0000][1][safepoint    ] Entering safepoint region: Cleanup
[2021-12-31T03:01:56.582+0000][1][safepoint    ] Leaving safepoint region
[2021-12-31T03:01:56.582+0000][1][safepoint    ] Total time for which application threads were stopped: 0.0003345 seconds, Stopping threads took: 0.0001757 seconds
[2021-12-31T03:01:57.583+0000][1][safepoint    ] Application time: 1.0006463 seconds
[2021-12-31T03:01:57.583+0000][1][safepoint    ] Entering safepoint region: Cleanup
[2021-12-31T03:01:57.583+0000][1][safepoint    ] Leaving safepoint region
[2021-12-31T03:01:57.583+0000][1][safepoint    ] Total time for which application threads were stopped: 0.0003489 seconds, Stopping threads took: 0.0001057 seconds
[2021-12-31T03:01:58.583+0000][1][safepoint    ] Application time: 1.0001237 seconds
[2021-12-31T03:01:58.584+0000][1][safepoint    ] Entering safepoint region: Cleanup
[2021-12-31T03:01:58.584+0000][1][safepoint    ] Leaving safepoint region
[2021-12-31T03:01:58.584+0000][1][safepoint    ] Total time for which application threads were stopped: 0.0002663 seconds, Stopping threads took: 0.0001036 seconds
[2021-12-31T03:01:59.584+0000][1][safepoint    ] Application time: 1.0001386 seconds
[2021-12-31T03:01:59.584+0000][1][safepoint    ] Entering safepoint region: Cleanup
[2021-12-31T03:01:59.585+0000][1][safepoint    ] Leaving safepoint region
[2021-12-31T03:01:59.585+0000][1][safepoint    ] Total time for which application threads were stopped: 0.0002454 seconds, Stopping threads took: 0.0001035 seconds
[2021-12-31T03:02:00.585+0000][1][safepoint    ] Application time: 1.0003544 seconds
[2021-12-31T03:02:00.585+0000][1][safepoint    ] Entering safepoint region: Cleanup
[2021-12-31T03:02:00.585+0000][1][safepoint    ] Leaving safepoint region
[2021-12-31T03:02:00.586+0000][1][safepoint    ] Total time for which application threads were stopped: 0.0002499 seconds, Stopping threads took: 0.0001049 seconds
[2021-12-31T03:02:01.586+0000][1][safepoint    ] Application time: 1.0003618 seconds
[2021-12-31T03:02:01.586+0000][1][safepoint    ] Entering safepoint region: Cleanup
[2021-12-31T03:02:01.586+0000][1][safepoint    ] Leaving safepoint region
[2021-12-31T03:02:01.587+0000][1][safepoint    ] Total time for which application threads were stopped: 0.0004459 seconds, Stopping threads took: 0.0001016 seconds
[2021-12-31T03:02:02.587+0000][1][safepoint    ] Application time: 1.0006043 seconds
[2021-12-31T03:02:02.588+0000][1][safepoint    ] Entering safepoint region: Cleanup
[2021-12-31T03:02:02.588+0000][1][safepoint    ] Leaving safepoint region
[2021-12-31T03:02:02.588+0000][1][safepoint    ] Total time for which application threads were stopped: 0.0003027 seconds, Stopping threads took: 0.0001014 seconds
[2021-12-31T03:02:03.589+0000][1][safepoint    ] Application time: 1.0005963 seconds
[2021-12-31T03:02:03.589+0000][1][safepoint    ] Entering safepoint region: Cleanup
[2021-12-31T03:02:03.589+0000][1][safepoint    ] Leaving safepoint region
[2021-12-31T03:02:03.589+0000][1][safepoint    ] Total time for which application threads were stopped: 0.0003368 seconds, Stopping threads took: 0.0001044 seconds
[2021-12-31T03:02:04.600+0000][1][safepoint    ] Application time: 1.0104950 seconds
[2021-12-31T03:02:04.600+0000][1][safepoint    ] Entering safepoint region: Cleanup
[2021-12-31T03:02:04.600+0000][1][safepoint    ] Leaving safepoint region
[2021-12-31T03:02:04.600+0000][1][safepoint    ] Total time for which application threads were stopped: 0.0002853 seconds, Stopping threads took: 0.0001188 seconds
[2021-12-31T03:02:05.601+0000][1][safepoint    ] Application time: 1.0002564 seconds
[2021-12-31T03:02:05.601+0000][1][safepoint    ] Entering safepoint region: Cleanup
[2021-12-31T03:02:05.601+0000][1][safepoint    ] Leaving safepoint region
[2021-12-31T03:02:05.601+0000][1][safepoint    ] Total time for which application threads were stopped: 0.0002358 seconds, Stopping threads took: 0.0001134 seconds
[2021-12-31T03:02:06.602+0000][1][safepoint    ] Application time: 1.0011129 seconds
[2021-12-31T03:02:06.603+0000][1][safepoint    ] Entering safepoint region: Cleanup
[2021-12-31T03:02:06.603+0000][1][safepoint    ] Leaving safepoint region
[2021-12-31T03:02:06.603+0000][1][safepoint    ] Total time for which application threads were stopped: 0.0002302 seconds, Stopping threads took: 0.0000989 seconds
[2021-12-31T03:02:07.603+0000][1][safepoint    ] Application time: 1.0002313 seconds
[2021-12-31T03:02:07.603+0000][1][safepoint    ] Entering safepoint region: Cleanup
[2021-12-31T03:02:07.603+0000][1][safepoint    ] Leaving safepoint region
[2021-12-31T03:02:07.604+0000][1][safepoint    ] Total time for which application threads were stopped: 0.0002277 seconds, Stopping threads took: 0.0000996 seconds
[2021-12-31T03:02:08.605+0000][1][safepoint    ] Application time: 1.0012870 seconds
[2021-12-31T03:02:08.605+0000][1][safepoint    ] Entering safepoint region: Cleanup
[2021-12-31T03:02:08.605+0000][1][safepoint    ] Leaving safepoint region
[2021-12-31T03:02:08.605+0000][1][safepoint    ] Total time for which application threads were stopped: 0.0003303 seconds, Stopping threads took: 0.0001036 seconds
[2021-12-31T03:02:09.607+0000][1][safepoint    ] Application time: 1.0015135 seconds
[2021-12-31T03:02:09.607+0000][1][safepoint    ] Entering safepoint region: Cleanup
[2021-12-31T03:02:09.607+0000][1][safepoint    ] Leaving safepoint region
[2021-12-31T03:02:09.608+0000][1][safepoint    ] Total time for which application threads were stopped: 0.0002234 seconds, Stopping threads took: 0.0000926 seconds
[2021-12-31T03:02:10.608+0000][1][safepoint    ] Application time: 1.0007803 seconds
[2021-12-31T03:02:10.609+0000][1][safepoint    ] Entering safepoint region: Cleanup
[2021-12-31T03:02:10.609+0000][1][safepoint    ] Leaving safepoint region
[2021-12-31T03:02:10.609+0000][1][safepoint    ] Total time for which application threads were stopped: 0.0002538 seconds, Stopping threads took: 0.0001055 seconds
[2021-12-31T03:02:11.613+0000][1][safepoint    ] Application time: 1.0039799 seconds
[2021-12-31T03:02:11.613+0000][1][safepoint    ] Entering safepoint region: Cleanup
[2021-12-31T03:02:11.613+0000][1][safepoint    ] Leaving safepoint region
[2021-12-31T03:02:11.614+0000][1][safepoint    ] Total time for which application threads were stopped: 0.0004272 seconds, Stopping threads took: 0.0002217 seconds
[2021-12-31T03:02:12.616+0000][1][safepoint    ] Application time: 1.0020002 seconds
[2021-12-31T03:02:12.616+0000][1][safepoint    ] Entering safepoint region: Cleanup
[2021-12-31T03:02:12.616+0000][1][safepoint    ] Leaving safepoint region
[2021-12-31T03:02:12.616+0000][1][safepoint    ] Total time for which application threads were stopped: 0.0002527 seconds, Stopping threads took: 0.0001062 seconds
[2021-12-31T03:02:13.617+0000][1][safepoint    ] Application time: 1.0012266 seconds
[2021-12-31T03:02:13.618+0000][1][safepoint    ] Entering safepoint region: Cleanup
[2021-12-31T03:02:13.618+0000][1][safepoint    ] Leaving safepoint region
[2021-12-31T03:02:13.618+0000][1][safepoint    ] Total time for which application threads were stopped: 0.0003023 seconds, Stopping threads took: 0.0001358 seconds
[2021-12-31T03:02:14.619+0000][1][safepoint    ] Application time: 1.0008332 seconds
[2021-12-31T03:02:14.619+0000][1][safepoint    ] Entering safepoint region: Cleanup
[2021-12-31T03:02:14.619+0000][1][safepoint    ] Leaving safepoint region
[2021-12-31T03:02:14.619+0000][1][safepoint    ] Total time for which application threads were stopped: 0.0002280 seconds, Stopping threads took: 0.0001005 seconds
[2021-12-31T03:02:15.623+0000][1][safepoint    ] Application time: 1.0037544 seconds
[2021-12-31T03:02:15.623+0000][1][safepoint    ] Entering safepoint region: Cleanup
[2021-12-31T03:02:15.624+0000][1][safepoint    ] Leaving safepoint region
[2021-12-31T03:02:15.624+0000][1][safepoint    ] Total time for which application threads were stopped: 0.0002529 seconds, Stopping threads took: 0.0001176 seconds
[2021-12-31T03:02:16.627+0000][1][safepoint    ] Application time: 1.0036751 seconds
[2021-12-31T03:02:16.628+0000][1][safepoint    ] Entering safepoint region: Cleanup
[2021-12-31T03:02:16.628+0000][1][safepoint    ] Leaving safepoint region
[2021-12-31T03:02:16.628+0000][1][safepoint    ] Total time for which application threads were stopped: 0.0002347 seconds, Stopping threads took: 0.0001036 seconds
[2021-12-31T03:02:17.356+0000][1][safepoint    ] Application time: 0.7284989 seconds
[2021-12-31T03:02:17.370+0000][1][safepoint    ] Entering safepoint region: RevokeBias
[2021-12-31T03:02:17.370+0000][1][safepoint    ] Leaving safepoint region
[2021-12-31T03:02:17.370+0000][1][safepoint    ] Total time for which application threads were stopped: 0.0043528 seconds, Stopping threads took: 0.0041795 seconds
[2021-12-31T03:02:18.375+0000][1][safepoint    ] Application time: 1.0044221 seconds
[2021-12-31T03:02:18.375+0000][1][safepoint    ] Entering safepoint region: Cleanup
[2021-12-31T03:02:18.376+0000][1][safepoint    ] Leaving safepoint region
[2021-12-31T03:02:18.376+0000][1][safepoint    ] Total time for which application threads were stopped: 0.0006066 seconds, Stopping threads took: 0.0002736 seconds
[2021-12-31T03:02:19.378+0000][1][safepoint    ] Application time: 1.0018228 seconds
[2021-12-31T03:02:19.378+0000][1][safepoint    ] Entering safepoint region: Cleanup
[2021-12-31T03:02:19.378+0000][1][safepoint    ] Leaving safepoint region
[2021-12-31T03:02:19.379+0000][1][safepoint    ] Total time for which application threads were stopped: 0.0002839 seconds, Stopping threads took: 0.0001224 seconds
[2021-12-31T03:02:20.379+0000][1][safepoint    ] Application time: 1.0008571 seconds
[2021-12-31T03:02:20.380+0000][1][safepoint    ] Entering safepoint region: Cleanup
[2021-12-31T03:02:20.380+0000][1][safepoint    ] Leaving safepoint region
[2021-12-31T03:02:20.380+0000][1][safepoint    ] Total time for which application threads were stopped: 0.0002404 seconds, Stopping threads took: 0.0001030 seconds
[2021-12-31T03:02:21.382+0000][1][safepoint    ] Application time: 1.0024799 seconds
[2021-12-31T03:02:21.383+0000][1][safepoint    ] Entering safepoint region: Cleanup
[2021-12-31T03:02:21.383+0000][1][safepoint    ] Leaving safepoint region
[2021-12-31T03:02:21.383+0000][1][safepoint    ] Total time for which application threads were stopped: 0.0002449 seconds, Stopping threads took: 0.0001065 seconds
[2021-12-31T03:02:22.384+0000][1][safepoint    ] Application time: 1.0013165 seconds
[2021-12-31T03:02:22.385+0000][1][safepoint    ] Entering safepoint region: Cleanup
[2021-12-31T03:02:22.385+0000][1][safepoint    ] Leaving safepoint region
[2021-12-31T03:02:22.385+0000][1][safepoint    ] Total time for which application threads were stopped: 0.0002262 seconds, Stopping threads took: 0.0000979 seconds
[2021-12-31T03:02:23.386+0000][1][safepoint    ] Application time: 1.0008410 seconds
[2021-12-31T03:02:23.386+0000][1][safepoint    ] Entering safepoint region: Cleanup
[2021-12-31T03:02:23.386+0000][1][safepoint    ] Leaving safepoint region
[2021-12-31T03:02:23.386+0000][1][safepoint    ] Total time for which application threads were stopped: 0.0002458 seconds, Stopping threads took: 0.0001054 seconds
[2021-12-31T03:02:24.388+0000][1][safepoint    ] Application time: 1.0021080 seconds
[2021-12-31T03:02:24.389+0000][1][safepoint    ] Entering safepoint region: Cleanup
[2021-12-31T03:02:24.389+0000][1][safepoint    ] Leaving safepoint region
[2021-12-31T03:02:24.389+0000][1][safepoint    ] Total time for which application threads were stopped: 0.0002392 seconds, Stopping threads took: 0.0001011 seconds
[2021-12-31T03:02:25.390+0000][1][safepoint    ] Application time: 1.0013857 seconds
[2021-12-31T03:02:25.390+0000][1][safepoint    ] Entering safepoint region: Cleanup
[2021-12-31T03:02:25.391+0000][1][safepoint    ] Leaving safepoint region
[2021-12-31T03:02:25.391+0000][1][safepoint    ] Total time for which application threads were stopped: 0.0005233 seconds, Stopping threads took: 0.0001101 seconds
[2021-12-31T03:02:26.391+0000][1][safepoint    ] Application time: 1.0001703 seconds
[2021-12-31T03:02:26.392+0000][1][safepoint    ] Entering safepoint region: Cleanup
[2021-12-31T03:02:26.392+0000][1][safepoint    ] Leaving safepoint region
[2021-12-31T03:02:26.392+0000][1][safepoint    ] Total time for which application threads were stopped: 0.0002328 seconds, Stopping threads took: 0.0000983 seconds
[2021-12-31T03:02:27.395+0000][1][safepoint    ] Application time: 1.0034682 seconds
[2021-12-31T03:02:27.395+0000][1][safepoint    ] Entering safepoint region: Cleanup
[2021-12-31T03:02:27.396+0000][1][safepoint    ] Leaving safepoint region
[2021-12-31T03:02:27.396+0000][1][safepoint    ] Total time for which application threads were stopped: 0.0002025 seconds, Stopping threads took: 0.0000857 seconds
[2021-12-31T03:02:28.396+0000][1][safepoint    ] Application time: 1.0005888 seconds
[2021-12-31T03:02:28.397+0000][1][safepoint    ] Entering safepoint region: Cleanup
[2021-12-31T03:02:28.397+0000][1][safepoint    ] Leaving safepoint region
[2021-12-31T03:02:28.397+0000][1][safepoint    ] Total time for which application threads were stopped: 0.0002275 seconds, Stopping threads took: 0.0000974 seconds
[2021-12-31T03:02:29.398+0000][1][safepoint    ] Application time: 1.0010478 seconds
[2021-12-31T03:02:29.398+0000][1][safepoint    ] Entering safepoint region: Cleanup
[2021-12-31T03:02:29.398+0000][1][safepoint    ] Leaving safepoint region
[2021-12-31T03:02:29.398+0000][1][safepoint    ] Total time for which application threads were stopped: 0.0002286 seconds, Stopping threads took: 0.0000983 seconds
[2021-12-31T03:02:30.400+0000][1][safepoint    ] Application time: 1.0014466 seconds
[2021-12-31T03:02:30.400+0000][1][safepoint    ] Entering safepoint region: Cleanup
[2021-12-31T03:02:30.400+0000][1][safepoint    ] Leaving safepoint region
[2021-12-31T03:02:30.400+0000][1][safepoint    ] Total time for which application threads were stopped: 0.0003876 seconds, Stopping threads took: 0.0002203 seconds
[2021-12-31T03:02:31.402+0000][1][safepoint    ] Application time: 1.0009791 seconds
[2021-12-31T03:02:31.402+0000][1][safepoint    ] Entering safepoint region: Cleanup
[2021-12-31T03:02:31.402+0000][1][safepoint    ] Leaving safepoint region
[2021-12-31T03:02:31.402+0000][1][safepoint    ] Total time for which application threads were stopped: 0.0002652 seconds, Stopping threads took: 0.0001255 seconds
[2021-12-31T03:02:32.403+0000][1][safepoint    ] Application time: 1.0010943 seconds
[2021-12-31T03:02:32.404+0000][1][safepoint    ] Entering safepoint region: Cleanup
[2021-12-31T03:02:32.404+0000][1][safepoint    ] Leaving safepoint region
[2021-12-31T03:02:32.404+0000][1][safepoint    ] Total time for which application threads were stopped: 0.0002420 seconds, Stopping threads took: 0.0001025 seconds
[2021-12-31T03:02:33.406+0000][1][safepoint    ] Application time: 1.0019292 seconds
[2021-12-31T03:02:33.406+0000][1][safepoint    ] Entering safepoint region: Cleanup
[2021-12-31T03:02:33.406+0000][1][safepoint    ] Leaving safepoint region
[2021-12-31T03:02:33.406+0000][1][safepoint    ] Total time for which application threads were stopped: 0.0002284 seconds, Stopping threads took: 0.0000989 seconds
[2021-12-31T03:02:34.409+0000][1][safepoint    ] Application time: 1.0031138 seconds
[2021-12-31T03:02:34.410+0000][1][safepoint    ] Entering safepoint region: Cleanup
[2021-12-31T03:02:34.410+0000][1][safepoint    ] Leaving safepoint region
[2021-12-31T03:02:34.410+0000][1][safepoint    ] Total time for which application threads were stopped: 0.0002647 seconds, Stopping threads took: 0.0001215 seconds
[2021-12-31T03:02:35.413+0000][1][safepoint    ] Application time: 1.0030957 seconds
[2021-12-31T03:02:35.413+0000][1][safepoint    ] Entering safepoint region: Cleanup
[2021-12-31T03:02:35.413+0000][1][safepoint    ] Leaving safepoint region
[2021-12-31T03:02:35.413+0000][1][safepoint    ] Total time for which application threads were stopped: 0.0002403 seconds, Stopping threads took: 0.0001072 seconds
[2021-12-31T03:02:37.109+0000][1][safepoint    ] Application time: 1.6952277 seconds
[2021-12-31T03:02:37.109+0000][1][safepoint    ] Entering safepoint region: Cleanup
[2021-12-31T03:02:37.109+0000][1][safepoint    ] Leaving safepoint region
[2021-12-31T03:02:37.109+0000][1][safepoint    ] Total time for which application threads were stopped: 0.0002149 seconds, Stopping threads took: 0.0000913 seconds
[2021-12-31T03:02:38.110+0000][1][safepoint    ] Application time: 1.0005522 seconds
[2021-12-31T03:02:38.110+0000][1][safepoint    ] Entering safepoint region: Cleanup
[2021-12-31T03:02:38.110+0000][1][safepoint    ] Leaving safepoint region
[2021-12-31T03:02:38.110+0000][1][safepoint    ] Total time for which application threads were stopped: 0.0002587 seconds, Stopping threads took: 0.0001426 seconds
[2021-12-31T03:02:39.114+0000][1][safepoint    ] Application time: 1.0032905 seconds
[2021-12-31T03:02:39.114+0000][1][safepoint    ] Entering safepoint region: Cleanup
[2021-12-31T03:02:39.115+0000][1][safepoint    ] Leaving safepoint region
[2021-12-31T03:02:39.115+0000][1][safepoint    ] Total time for which application threads were stopped: 0.0005186 seconds, Stopping threads took: 0.0002520 seconds
[2021-12-31T03:02:40.116+0000][1][safepoint    ] Application time: 1.0013833 seconds
[2021-12-31T03:02:40.116+0000][1][safepoint    ] Entering safepoint region: Cleanup
[2021-12-31T03:02:40.116+0000][1][safepoint    ] Leaving safepoint region
[2021-12-31T03:02:40.117+0000][1][safepoint    ] Total time for which application threads were stopped: 0.0002290 seconds, Stopping threads took: 0.0001001 seconds
[2021-12-31T03:02:41.120+0000][1][safepoint    ] Application time: 1.0030493 seconds
[2021-12-31T03:02:41.120+0000][1][safepoint    ] Entering safepoint region: Cleanup
[2021-12-31T03:02:41.120+0000][1][safepoint    ] Leaving safepoint region
[2021-12-31T03:02:41.120+0000][1][safepoint    ] Total time for which application threads were stopped: 0.0002760 seconds, Stopping threads took: 0.0001057 seconds
[2021-12-31T03:02:42.124+0000][1][safepoint    ] Application time: 1.0035868 seconds
[2021-12-31T03:02:42.124+0000][1][safepoint    ] Entering safepoint region: Cleanup
[2021-12-31T03:02:42.124+0000][1][safepoint    ] Leaving safepoint region
[2021-12-31T03:02:42.124+0000][1][safepoint    ] Total time for which application threads were stopped: 0.0002224 seconds, Stopping threads took: 0.0000976 seconds
[2021-12-31T03:02:43.126+0000][1][safepoint    ] Application time: 1.0015400 seconds
[2021-12-31T03:02:43.126+0000][1][safepoint    ] Entering safepoint region: Cleanup
[2021-12-31T03:02:43.126+0000][1][safepoint    ] Leaving safepoint region
[2021-12-31T03:02:43.126+0000][1][safepoint    ] Total time for which application threads were stopped: 0.0002389 seconds, Stopping threads took: 0.0001065 seconds
[2021-12-31T03:02:44.128+0000][1][safepoint    ] Application time: 1.0015723 seconds
[2021-12-31T03:02:44.128+0000][1][safepoint    ] Entering safepoint region: Cleanup
[2021-12-31T03:02:44.128+0000][1][safepoint    ] Leaving safepoint region
[2021-12-31T03:02:44.128+0000][1][safepoint    ] Total time for which application threads were stopped: 0.0002255 seconds, Stopping threads took: 0.0001015 seconds
[2021-12-31T03:02:45.132+0000][1][safepoint    ] Application time: 1.0034705 seconds
[2021-12-31T03:02:45.132+0000][1][safepoint    ] Entering safepoint region: Cleanup
[2021-12-31T03:02:45.132+0000][1][safepoint    ] Leaving safepoint region
[2021-12-31T03:02:45.132+0000][1][safepoint    ] Total time for which application threads were stopped: 0.0002403 seconds, Stopping threads took: 0.0001023 seconds
[2021-12-31T03:02:46.135+0000][1][safepoint    ] Application time: 1.0028689 seconds
[2021-12-31T03:02:46.136+0000][1][safepoint    ] Entering safepoint region: Cleanup
[2021-12-31T03:02:46.136+0000][1][safepoint    ] Leaving safepoint region
[2021-12-31T03:02:46.136+0000][1][safepoint    ] Total time for which application threads were stopped: 0.0002484 seconds, Stopping threads took: 0.0001017 seconds
[2021-12-31T03:02:47.137+0000][1][safepoint    ] Application time: 1.0006472 seconds
[2021-12-31T03:02:47.137+0000][1][safepoint    ] Entering safepoint region: Cleanup
[2021-12-31T03:02:47.137+0000][1][safepoint    ] Leaving safepoint region
[2021-12-31T03:02:47.137+0000][1][safepoint    ] Total time for which application threads were stopped: 0.0002812 seconds, Stopping threads took: 0.0001095 seconds
[2021-12-31T03:02:48.140+0000][1][safepoint    ] Application time: 1.0031963 seconds
[2021-12-31T03:02:48.141+0000][1][safepoint    ] Entering safepoint region: Cleanup
[2021-12-31T03:02:48.141+0000][1][safepoint    ] Leaving safepoint region
[2021-12-31T03:02:48.141+0000][1][safepoint    ] Total time for which application threads were stopped: 0.0002268 seconds, Stopping threads took: 0.0000933 seconds
[2021-12-31T03:02:49.144+0000][1][safepoint    ] Application time: 1.0031124 seconds
[2021-12-31T03:02:49.144+0000][1][safepoint    ] Entering safepoint region: Cleanup
[2021-12-31T03:02:49.144+0000][1][safepoint    ] Leaving safepoint region
[2021-12-31T03:02:49.145+0000][1][safepoint    ] Total time for which application threads were stopped: 0.0002355 seconds, Stopping threads took: 0.0000983 seconds
[2021-12-31T03:02:50.148+0000][1][safepoint    ] Application time: 1.0038593 seconds
[2021-12-31T03:02:50.149+0000][1][safepoint    ] Entering safepoint region: Cleanup
[2021-12-31T03:02:50.149+0000][1][safepoint    ] Leaving safepoint region
[2021-12-31T03:02:50.149+0000][1][safepoint    ] Total time for which application threads were stopped: 0.0002496 seconds, Stopping threads took: 0.0001155 seconds
[2021-12-31T03:02:51.151+0000][1][safepoint    ] Application time: 1.0023690 seconds
[2021-12-31T03:02:51.152+0000][1][safepoint    ] Entering safepoint region: Cleanup
[2021-12-31T03:02:51.152+0000][1][safepoint    ] Leaving safepoint region
[2021-12-31T03:02:51.152+0000][1][safepoint    ] Total time for which application threads were stopped: 0.0003006 seconds, Stopping threads took: 0.0001270 seconds
[2021-12-31T03:02:52.153+0000][1][safepoint    ] Application time: 1.0010112 seconds
[2021-12-31T03:02:52.153+0000][1][safepoint    ] Entering safepoint region: Cleanup
[2021-12-31T03:02:52.153+0000][1][safepoint    ] Leaving safepoint region
[2021-12-31T03:02:52.154+0000][1][safepoint    ] Total time for which application threads were stopped: 0.0002669 seconds, Stopping threads took: 0.0001268 seconds
[2021-12-31T03:02:53.154+0000][1][safepoint    ] Application time: 1.0005080 seconds
[2021-12-31T03:02:53.154+0000][1][safepoint    ] Entering safepoint region: Cleanup
[2021-12-31T03:02:53.154+0000][1][safepoint    ] Leaving safepoint region
[2021-12-31T03:02:53.155+0000][1][safepoint    ] Total time for which application threads were stopped: 0.0002311 seconds, Stopping threads took: 0.0000996 seconds
[2021-12-31T03:02:54.157+0000][1][safepoint    ] Application time: 1.0023860 seconds
[2021-12-31T03:02:54.157+0000][1][safepoint    ] Entering safepoint region: Cleanup
[2021-12-31T03:02:54.157+0000][1][safepoint    ] Leaving safepoint region
[2021-12-31T03:02:54.158+0000][1][safepoint    ] Total time for which application threads were stopped: 0.0003380 seconds, Stopping threads took: 0.0001504 seconds
[2021-12-31T03:02:55.159+0000][1][safepoint    ] Application time: 1.0008119 seconds
[2021-12-31T03:02:55.159+0000][1][safepoint    ] Entering safepoint region: Cleanup
[2021-12-31T03:02:55.159+0000][1][safepoint    ] Leaving safepoint region
[2021-12-31T03:02:55.159+0000][1][safepoint    ] Total time for which application threads were stopped: 0.0004667 seconds, Stopping threads took: 0.0002574 seconds
[2021-12-31T03:02:56.162+0000][1][safepoint    ] Application time: 1.0022803 seconds
[2021-12-31T03:02:56.162+0000][1][safepoint    ] Entering safepoint region: Cleanup
[2021-12-31T03:02:56.162+0000][1][safepoint    ] Leaving safepoint region
[2021-12-31T03:02:56.162+0000][1][safepoint    ] Total time for which application threads were stopped: 0.0003129 seconds, Stopping threads took: 0.0001338 seconds
[2021-12-31T03:02:57.164+0000][1][safepoint    ] Application time: 1.0015308 seconds
[2021-12-31T03:02:57.164+0000][1][safepoint    ] Entering safepoint region: Cleanup
[2021-12-31T03:02:57.164+0000][1][safepoint    ] Leaving safepoint region
[2021-12-31T03:02:57.164+0000][1][safepoint    ] Total time for which application threads were stopped: 0.0002341 seconds, Stopping threads took: 0.0001039 seconds
[2021-12-31T03:02:58.168+0000][1][safepoint    ] Application time: 1.0040231 seconds
[2021-12-31T03:02:58.169+0000][1][safepoint    ] Entering safepoint region: Cleanup
[2021-12-31T03:02:58.169+0000][1][safepoint    ] Leaving safepoint region
[2021-12-31T03:02:58.169+0000][1][safepoint    ] Total time for which application threads were stopped: 0.0002544 seconds, Stopping threads took: 0.0001118 seconds
[2021-12-31T03:02:59.172+0000][1][safepoint    ] Application time: 1.0025359 seconds
[2021-12-31T03:02:59.172+0000][1][safepoint    ] Entering safepoint region: Cleanup
[2021-12-31T03:02:59.172+0000][1][safepoint    ] Leaving safepoint region
[2021-12-31T03:02:59.172+0000][1][safepoint    ] Total time for which application threads were stopped: 0.0002357 seconds, Stopping threads took: 0.0001032 seconds
[2021-12-31T03:03:00.174+0000][1][safepoint    ] Application time: 1.0023963 seconds
[2021-12-31T03:03:00.175+0000][1][safepoint    ] Entering safepoint region: Cleanup
[2021-12-31T03:03:00.175+0000][1][safepoint    ] Leaving safepoint region
[2021-12-31T03:03:00.175+0000][1][safepoint    ] Total time for which application threads were stopped: 0.0003246 seconds, Stopping threads took: 0.0001141 seconds
[2021-12-31T03:03:01.176+0000][1][safepoint    ] Application time: 1.0011047 seconds
[2021-12-31T03:03:01.177+0000][1][safepoint    ] Entering safepoint region: Cleanup
[2021-12-31T03:03:01.177+0000][1][safepoint    ] Leaving safepoint region
[2021-12-31T03:03:01.177+0000][1][safepoint    ] Total time for which application threads were stopped: 0.0002857 seconds, Stopping threads took: 0.0001403 seconds
[2021-12-31T03:03:02.179+0000][1][safepoint    ] Application time: 1.0025331 seconds
[2021-12-31T03:03:02.180+0000][1][safepoint    ] Entering safepoint region: Cleanup
[2021-12-31T03:03:02.180+0000][1][safepoint    ] Leaving safepoint region
[2021-12-31T03:03:02.180+0000][1][safepoint    ] Total time for which application threads were stopped: 0.0002351 seconds, Stopping threads took: 0.0001014 seconds
[2021-12-31T03:03:03.181+0000][1][safepoint    ] Application time: 1.0010365 seconds
[2021-12-31T03:03:03.181+0000][1][safepoint    ] Entering safepoint region: Cleanup
[2021-12-31T03:03:03.181+0000][1][safepoint    ] Leaving safepoint region
[2021-12-31T03:03:03.181+0000][1][safepoint    ] Total time for which application threads were stopped: 0.0002539 seconds, Stopping threads took: 0.0001101 seconds
[2021-12-31T03:03:04.184+0000][1][safepoint    ] Application time: 1.0027889 seconds
[2021-12-31T03:03:04.185+0000][1][safepoint    ] Entering safepoint region: Cleanup
[2021-12-31T03:03:04.185+0000][1][safepoint    ] Leaving safepoint region
[2021-12-31T03:03:04.185+0000][1][safepoint    ] Total time for which application threads were stopped: 0.0003391 seconds, Stopping threads took: 0.0001529 seconds
[2021-12-31T03:03:05.187+0000][1][safepoint    ] Application time: 1.0016708 seconds
[2021-12-31T03:03:05.187+0000][1][safepoint    ] Entering safepoint region: Cleanup
[2021-12-31T03:03:05.187+0000][1][safepoint    ] Leaving safepoint region
[2021-12-31T03:03:05.187+0000][1][safepoint    ] Total time for which application threads were stopped: 0.0002462 seconds, Stopping threads took: 0.0001046 seconds
[2021-12-31T03:03:06.188+0000][1][safepoint    ] Application time: 1.0008642 seconds
[2021-12-31T03:03:06.188+0000][1][safepoint    ] Entering safepoint region: Cleanup
[2021-12-31T03:03:06.188+0000][1][safepoint    ] Leaving safepoint region
[2021-12-31T03:03:06.188+0000][1][safepoint    ] Total time for which application threads were stopped: 0.0002339 seconds, Stopping threads took: 0.0000956 seconds
[2021-12-31T03:03:07.189+0000][1][safepoint    ] Application time: 1.0006367 seconds
[2021-12-31T03:03:07.189+0000][1][safepoint    ] Entering safepoint region: Cleanup
[2021-12-31T03:03:07.189+0000][1][safepoint    ] Leaving safepoint region
[2021-12-31T03:03:07.190+0000][1][safepoint    ] Total time for which application threads were stopped: 0.0002922 seconds, Stopping threads took: 0.0001093 seconds
[2021-12-31T03:03:08.577+0000][1][safepoint    ] Application time: 1.3873651 seconds
[2021-12-31T03:03:08.577+0000][1][safepoint    ] Entering safepoint region: Cleanup
[2021-12-31T03:03:08.577+0000][1][safepoint    ] Leaving safepoint region
[2021-12-31T03:03:08.578+0000][1][safepoint    ] Total time for which application threads were stopped: 0.0002283 seconds, Stopping threads took: 0.0000989 seconds
[2021-12-31T03:03:09.580+0000][1][safepoint    ] Application time: 1.0020879 seconds
[2021-12-31T03:03:09.580+0000][1][safepoint    ] Entering safepoint region: Cleanup
[2021-12-31T03:03:09.580+0000][1][safepoint    ] Leaving safepoint region
[2021-12-31T03:03:09.580+0000][1][safepoint    ] Total time for which application threads were stopped: 0.0002661 seconds, Stopping threads took: 0.0001077 seconds
[2021-12-31T03:03:10.581+0000][1][safepoint    ] Application time: 1.0011816 seconds
[2021-12-31T03:03:10.582+0000][1][safepoint    ] Entering safepoint region: Cleanup
[2021-12-31T03:03:10.582+0000][1][safepoint    ] Leaving safepoint region
[2021-12-31T03:03:10.582+0000][1][safepoint    ] Total time for which application threads were stopped: 0.0002693 seconds, Stopping threads took: 0.0001347 seconds
[2021-12-31T03:03:11.584+0000][1][safepoint    ] Application time: 1.0021582 seconds
[2021-12-31T03:03:11.584+0000][1][safepoint    ] Entering safepoint region: Cleanup
[2021-12-31T03:03:11.585+0000][1][safepoint    ] Leaving safepoint region
[2021-12-31T03:03:11.585+0000][1][safepoint    ] Total time for which application threads were stopped: 0.0002512 seconds, Stopping threads took: 0.0001047 seconds
[2021-12-31T03:03:12.587+0000][1][safepoint    ] Application time: 1.0020635 seconds
[2021-12-31T03:03:12.587+0000][1][safepoint    ] Entering safepoint region: Cleanup
[2021-12-31T03:03:12.587+0000][1][safepoint    ] Leaving safepoint region
[2021-12-31T03:03:12.587+0000][1][safepoint    ] Total time for which application threads were stopped: 0.0002878 seconds, Stopping threads took: 0.0001288 seconds
[2021-12-31T03:03:13.589+0000][1][safepoint    ] Application time: 1.0011812 seconds
[2021-12-31T03:03:13.589+0000][1][safepoint    ] Entering safepoint region: Cleanup
[2021-12-31T03:03:13.589+0000][1][safepoint    ] Leaving safepoint region
[2021-12-31T03:03:13.589+0000][1][safepoint    ] Total time for which application threads were stopped: 0.0002288 seconds, Stopping threads took: 0.0000958 seconds
[2021-12-31T03:03:14.592+0000][1][safepoint    ] Application time: 1.0029421 seconds
[2021-12-31T03:03:14.592+0000][1][safepoint    ] Entering safepoint region: Cleanup
[2021-12-31T03:03:14.592+0000][1][safepoint    ] Leaving safepoint region
[2021-12-31T03:03:14.592+0000][1][safepoint    ] Total time for which application threads were stopped: 0.0002206 seconds, Stopping threads took: 0.0000946 seconds
[2021-12-31T03:03:15.593+0000][1][safepoint    ] Application time: 1.0001201 seconds
[2021-12-31T03:03:15.593+0000][1][safepoint    ] Entering safepoint region: Cleanup
[2021-12-31T03:03:15.593+0000][1][safepoint    ] Leaving safepoint region
[2021-12-31T03:03:15.593+0000][1][safepoint    ] Total time for which application threads were stopped: 0.0002370 seconds, Stopping threads took: 0.0001042 seconds
[2021-12-31T03:03:16.594+0000][1][safepoint    ] Application time: 1.0004699 seconds
[2021-12-31T03:03:16.594+0000][1][safepoint    ] Entering safepoint region: Cleanup
[2021-12-31T03:03:16.594+0000][1][safepoint    ] Leaving safepoint region
[2021-12-31T03:03:16.594+0000][1][safepoint    ] Total time for which application threads were stopped: 0.0002517 seconds, Stopping threads took: 0.0001010 seconds
[2021-12-31T03:03:17.370+0000][1][safepoint    ] Application time: 0.7758185 seconds
[2021-12-31T03:03:17.370+0000][1][safepoint    ] Entering safepoint region: RevokeBias
[2021-12-31T03:03:17.371+0000][1][safepoint    ] Leaving safepoint region
[2021-12-31T03:03:17.371+0000][1][safepoint    ] Total time for which application threads were stopped: 0.0002801 seconds, Stopping threads took: 0.0001044 seconds
[2021-12-31T03:03:18.372+0000][1][safepoint    ] Application time: 1.0013730 seconds
[2021-12-31T03:03:18.372+0000][1][safepoint    ] Entering safepoint region: Cleanup
[2021-12-31T03:03:18.373+0000][1][safepoint    ] Leaving safepoint region
[2021-12-31T03:03:18.373+0000][1][safepoint    ] Total time for which application threads were stopped: 0.0002403 seconds, Stopping threads took: 0.0001037 seconds
[2021-12-31T03:03:19.374+0000][1][safepoint    ] Application time: 1.0010349 seconds
[2021-12-31T03:03:19.374+0000][1][safepoint    ] Entering safepoint region: Cleanup
[2021-12-31T03:03:19.374+0000][1][safepoint    ] Leaving safepoint region
[2021-12-31T03:03:19.374+0000][1][safepoint    ] Total time for which application threads were stopped: 0.0002341 seconds, Stopping threads took: 0.0001009 seconds
[2021-12-31T03:03:20.377+0000][1][safepoint    ] Application time: 1.0024114 seconds
[2021-12-31T03:03:20.377+0000][1][safepoint    ] Entering safepoint region: Cleanup
[2021-12-31T03:03:20.377+0000][1][safepoint    ] Leaving safepoint region
[2021-12-31T03:03:20.377+0000][1][safepoint    ] Total time for which application threads were stopped: 0.0002784 seconds, Stopping threads took: 0.0001147 seconds
[2021-12-31T03:03:21.379+0000][1][safepoint    ] Application time: 1.0016413 seconds
[2021-12-31T03:03:21.379+0000][1][safepoint    ] Entering safepoint region: Cleanup
[2021-12-31T03:03:21.379+0000][1][safepoint    ] Leaving safepoint region
[2021-12-31T03:03:21.379+0000][1][safepoint    ] Total time for which application threads were stopped: 0.0002483 seconds, Stopping threads took: 0.0001090 seconds
[2021-12-31T03:03:22.382+0000][1][safepoint    ] Application time: 1.0020051 seconds
[2021-12-31T03:03:22.382+0000][1][safepoint    ] Entering safepoint region: Cleanup
[2021-12-31T03:03:22.382+0000][1][safepoint    ] Leaving safepoint region
[2021-12-31T03:03:22.382+0000][1][safepoint    ] Total time for which application threads were stopped: 0.0002431 seconds, Stopping threads took: 0.0001082 seconds
[2021-12-31T03:03:23.384+0000][1][safepoint    ] Application time: 1.0021059 seconds
[2021-12-31T03:03:23.384+0000][1][safepoint    ] Entering safepoint region: Cleanup
[2021-12-31T03:03:23.384+0000][1][safepoint    ] Leaving safepoint region
[2021-12-31T03:03:23.385+0000][1][safepoint    ] Total time for which application threads were stopped: 0.0002412 seconds, Stopping threads took: 0.0001037 seconds
[2021-12-31T03:03:24.385+0000][1][safepoint    ] Application time: 1.0002074 seconds
[2021-12-31T03:03:24.385+0000][1][safepoint    ] Entering safepoint region: Cleanup
[2021-12-31T03:03:24.385+0000][1][safepoint    ] Leaving safepoint region
[2021-12-31T03:03:24.385+0000][1][safepoint    ] Total time for which application threads were stopped: 0.0002747 seconds, Stopping threads took: 0.0001088 seconds
[2021-12-31T03:03:25.388+0000][1][safepoint    ] Application time: 1.0020709 seconds
[2021-12-31T03:03:25.388+0000][1][safepoint    ] Entering safepoint region: Cleanup
[2021-12-31T03:03:25.388+0000][1][safepoint    ] Leaving safepoint region
[2021-12-31T03:03:25.388+0000][1][safepoint    ] Total time for which application threads were stopped: 0.0006616 seconds, Stopping threads took: 0.0003589 seconds
[2021-12-31T03:03:26.390+0000][1][safepoint    ] Application time: 1.0018502 seconds
[2021-12-31T03:03:26.391+0000][1][safepoint    ] Entering safepoint region: Cleanup
[2021-12-31T03:03:26.391+0000][1][safepoint    ] Leaving safepoint region
[2021-12-31T03:03:26.391+0000][1][safepoint    ] Total time for which application threads were stopped: 0.0002384 seconds, Stopping threads took: 0.0001043 seconds
[2021-12-31T03:03:27.396+0000][1][safepoint    ] Application time: 1.0050570 seconds
[2021-12-31T03:03:27.396+0000][1][safepoint    ] Entering safepoint region: Cleanup
[2021-12-31T03:03:27.396+0000][1][safepoint    ] Leaving safepoint region
[2021-12-31T03:03:27.397+0000][1][safepoint    ] Total time for which application threads were stopped: 0.0003385 seconds, Stopping threads took: 0.0001528 seconds
[2021-12-31T03:03:28.399+0000][1][safepoint    ] Application time: 1.0025109 seconds
[2021-12-31T03:03:28.400+0000][1][safepoint    ] Entering safepoint region: Cleanup
[2021-12-31T03:03:28.400+0000][1][safepoint    ] Leaving safepoint region
[2021-12-31T03:03:28.400+0000][1][safepoint    ] Total time for which application threads were stopped: 0.0003695 seconds, Stopping threads took: 0.0002178 seconds
[2021-12-31T03:03:29.401+0000][1][safepoint    ] Application time: 1.0006425 seconds
[2021-12-31T03:03:29.401+0000][1][safepoint    ] Entering safepoint region: Cleanup
[2021-12-31T03:03:29.401+0000][1][safepoint    ] Leaving safepoint region
[2021-12-31T03:03:29.401+0000][1][safepoint    ] Total time for which application threads were stopped: 0.0002746 seconds, Stopping threads took: 0.0001228 seconds
[2021-12-31T03:03:30.402+0000][1][safepoint    ] Application time: 1.0009509 seconds
[2021-12-31T03:03:30.402+0000][1][safepoint    ] Entering safepoint region: Cleanup
[2021-12-31T03:03:30.403+0000][1][safepoint    ] Leaving safepoint region
[2021-12-31T03:03:30.403+0000][1][safepoint    ] Total time for which application threads were stopped: 0.0002406 seconds, Stopping threads took: 0.0001075 seconds
[2021-12-31T03:03:31.407+0000][1][safepoint    ] Application time: 1.0038226 seconds
[2021-12-31T03:03:31.407+0000][1][safepoint    ] Entering safepoint region: Cleanup
[2021-12-31T03:03:31.407+0000][1][safepoint    ] Leaving safepoint region
[2021-12-31T03:03:31.407+0000][1][safepoint    ] Total time for which application threads were stopped: 0.0003147 seconds, Stopping threads took: 0.0001910 seconds
[2021-12-31T03:03:32.411+0000][1][safepoint    ] Application time: 1.0035053 seconds
[2021-12-31T03:03:32.411+0000][1][safepoint    ] Entering safepoint region: Cleanup
[2021-12-31T03:03:32.411+0000][1][safepoint    ] Leaving safepoint region
[2021-12-31T03:03:32.411+0000][1][safepoint    ] Total time for which application threads were stopped: 0.0003269 seconds, Stopping threads took: 0.0001418 seconds
[2021-12-31T03:03:33.415+0000][1][safepoint    ] Application time: 1.0031777 seconds
[2021-12-31T03:03:33.415+0000][1][safepoint    ] Entering safepoint region: Cleanup
[2021-12-31T03:03:33.415+0000][1][safepoint    ] Leaving safepoint region
[2021-12-31T03:03:33.415+0000][1][safepoint    ] Total time for which application threads were stopped: 0.0002319 seconds, Stopping threads took: 0.0001004 seconds
[2021-12-31T03:03:34.416+0000][1][safepoint    ] Application time: 1.0005902 seconds
[2021-12-31T03:03:34.416+0000][1][safepoint    ] Entering safepoint region: Cleanup
[2021-12-31T03:03:34.416+0000][1][safepoint    ] Leaving safepoint region
[2021-12-31T03:03:34.416+0000][1][safepoint    ] Total time for which application threads were stopped: 0.0002326 seconds, Stopping threads took: 0.0001007 seconds
[2021-12-31T03:03:35.417+0000][1][safepoint    ] Application time: 1.0003224 seconds
[2021-12-31T03:03:35.417+0000][1][safepoint    ] Entering safepoint region: Cleanup
[2021-12-31T03:03:35.417+0000][1][safepoint    ] Leaving safepoint region
[2021-12-31T03:03:35.417+0000][1][safepoint    ] Total time for which application threads were stopped: 0.0002711 seconds, Stopping threads took: 0.0001325 seconds
[2021-12-31T03:03:36.417+0000][1][safepoint    ] Application time: 1.0002628 seconds
[2021-12-31T03:03:36.418+0000][1][safepoint    ] Entering safepoint region: Cleanup
[2021-12-31T03:03:36.418+0000][1][safepoint    ] Leaving safepoint region
[2021-12-31T03:03:36.418+0000][1][safepoint    ] Total time for which application threads were stopped: 0.0002589 seconds, Stopping threads took: 0.0001132 seconds
[2021-12-31T03:03:37.421+0000][1][safepoint    ] Application time: 1.0023759 seconds
[2021-12-31T03:03:37.421+0000][1][safepoint    ] Entering safepoint region: Cleanup
[2021-12-31T03:03:37.421+0000][1][safepoint    ] Leaving safepoint region
[2021-12-31T03:03:37.421+0000][1][safepoint    ] Total time for which application threads were stopped: 0.0002458 seconds, Stopping threads took: 0.0001052 seconds
[2021-12-31T03:03:38.421+0000][1][safepoint    ] Application time: 1.0001026 seconds
[2021-12-31T03:03:38.421+0000][1][safepoint    ] Entering safepoint region: Cleanup
[2021-12-31T03:03:38.422+0000][1][safepoint    ] Leaving safepoint region
[2021-12-31T03:03:38.422+0000][1][safepoint    ] Total time for which application threads were stopped: 0.0002416 seconds, Stopping threads took: 0.0001069 seconds
[2021-12-31T03:03:39.425+0000][1][safepoint    ] Application time: 1.0030727 seconds
[2021-12-31T03:03:39.425+0000][1][safepoint    ] Entering safepoint region: Cleanup
[2021-12-31T03:03:39.425+0000][1][safepoint    ] Leaving safepoint region
[2021-12-31T03:03:39.425+0000][1][safepoint    ] Total time for which application threads were stopped: 0.0002805 seconds, Stopping threads took: 0.0001284 seconds
[2021-12-31T03:03:40.426+0000][1][safepoint    ] Application time: 1.0008480 seconds
[2021-12-31T03:03:40.427+0000][1][safepoint    ] Entering safepoint region: Cleanup
[2021-12-31T03:03:40.427+0000][1][safepoint    ] Leaving safepoint region
[2021-12-31T03:03:40.427+0000][1][safepoint    ] Total time for which application threads were stopped: 0.0002979 seconds, Stopping threads took: 0.0001391 seconds
[2021-12-31T03:03:41.429+0000][1][safepoint    ] Application time: 1.0019732 seconds
[2021-12-31T03:03:41.429+0000][1][safepoint    ] Entering safepoint region: Cleanup
[2021-12-31T03:03:41.429+0000][1][safepoint    ] Leaving safepoint region
[2021-12-31T03:03:41.429+0000][1][safepoint    ] Total time for which application threads were stopped: 0.0002308 seconds, Stopping threads took: 0.0001009 seconds
[2021-12-31T03:03:42.432+0000][1][safepoint    ] Application time: 1.0023551 seconds
[2021-12-31T03:03:42.432+0000][1][safepoint    ] Entering safepoint region: Cleanup
[2021-12-31T03:03:42.432+0000][1][safepoint    ] Leaving safepoint region
[2021-12-31T03:03:42.432+0000][1][safepoint    ] Total time for which application threads were stopped: 0.0002376 seconds, Stopping threads took: 0.0001072 seconds
[2021-12-31T03:03:43.434+0000][1][safepoint    ] Application time: 1.0021208 seconds
[2021-12-31T03:03:43.435+0000][1][safepoint    ] Entering safepoint region: Cleanup
[2021-12-31T03:03:43.435+0000][1][safepoint    ] Leaving safepoint region
[2021-12-31T03:03:43.435+0000][1][safepoint    ] Total time for which application threads were stopped: 0.0002378 seconds, Stopping threads took: 0.0001050 seconds
[2021-12-31T03:03:44.435+0000][1][safepoint    ] Application time: 1.0000911 seconds
[2021-12-31T03:03:44.435+0000][1][safepoint    ] Entering safepoint region: Cleanup
[2021-12-31T03:03:44.435+0000][1][safepoint    ] Leaving safepoint region
[2021-12-31T03:03:44.435+0000][1][safepoint    ] Total time for which application threads were stopped: 0.0002362 seconds, Stopping threads took: 0.0001036 seconds
[2021-12-31T03:03:45.438+0000][1][safepoint    ] Application time: 1.0021133 seconds
[2021-12-31T03:03:45.438+0000][1][safepoint    ] Entering safepoint region: Cleanup
[2021-12-31T03:03:45.438+0000][1][safepoint    ] Leaving safepoint region
[2021-12-31T03:03:45.438+0000][1][safepoint    ] Total time for which application threads were stopped: 0.0002505 seconds, Stopping threads took: 0.0001099 seconds
[2021-12-31T03:03:46.441+0000][1][safepoint    ] Application time: 1.0025362 seconds
[2021-12-31T03:03:46.441+0000][1][safepoint    ] Entering safepoint region: Cleanup
[2021-12-31T03:03:46.441+0000][1][safepoint    ] Leaving safepoint region
[2021-12-31T03:03:46.441+0000][1][safepoint    ] Total time for which application threads were stopped: 0.0002715 seconds, Stopping threads took: 0.0001020 seconds
[2021-12-31T03:03:47.442+0000][1][safepoint    ] Application time: 1.0003547 seconds
[2021-12-31T03:03:47.442+0000][1][safepoint    ] Entering safepoint region: Cleanup
[2021-12-31T03:03:47.442+0000][1][safepoint    ] Leaving safepoint region
[2021-12-31T03:03:47.442+0000][1][safepoint    ] Total time for which application threads were stopped: 0.0003113 seconds, Stopping threads took: 0.0001022 seconds
[2021-12-31T03:03:48.445+0000][1][safepoint    ] Application time: 1.0022651 seconds
[2021-12-31T03:03:48.445+0000][1][safepoint    ] Entering safepoint region: Cleanup
[2021-12-31T03:03:48.445+0000][1][safepoint    ] Leaving safepoint region
[2021-12-31T03:03:48.445+0000][1][safepoint    ] Total time for which application threads were stopped: 0.0002408 seconds, Stopping threads took: 0.0001061 seconds
[2021-12-31T03:03:49.449+0000][1][safepoint    ] Application time: 1.0035884 seconds
[2021-12-31T03:03:49.449+0000][1][safepoint    ] Entering safepoint region: Cleanup
[2021-12-31T03:03:49.449+0000][1][safepoint    ] Leaving safepoint region
[2021-12-31T03:03:49.449+0000][1][safepoint    ] Total time for which application threads were stopped: 0.0003012 seconds, Stopping threads took: 0.0001141 seconds
[2021-12-31T03:03:50.452+0000][1][safepoint    ] Application time: 1.0030632 seconds
[2021-12-31T03:03:50.453+0000][1][safepoint    ] Entering safepoint region: Cleanup
[2021-12-31T03:03:50.453+0000][1][safepoint    ] Leaving safepoint region
[2021-12-31T03:03:50.453+0000][1][safepoint    ] Total time for which application threads were stopped: 0.0003748 seconds, Stopping threads took: 0.0001058 seconds
[2021-12-31T03:03:51.453+0000][1][safepoint    ] Application time: 1.0001490 seconds
[2021-12-31T03:03:51.454+0000][1][safepoint    ] Entering safepoint region: Cleanup
[2021-12-31T03:03:51.454+0000][1][safepoint    ] Leaving safepoint region
[2021-12-31T03:03:51.454+0000][1][safepoint    ] Total time for which application threads were stopped: 0.0003222 seconds, Stopping threads took: 0.0001206 seconds
[2021-12-31T03:03:52.456+0000][1][safepoint    ] Application time: 1.0019601 seconds
[2021-12-31T03:03:52.456+0000][1][safepoint    ] Entering safepoint region: Cleanup
[2021-12-31T03:03:52.457+0000][1][safepoint    ] Leaving safepoint region
[2021-12-31T03:03:52.457+0000][1][safepoint    ] Total time for which application threads were stopped: 0.0004737 seconds, Stopping threads took: 0.0002197 seconds
[2021-12-31T03:03:53.717+0000][1][safepoint    ] Application time: 1.2602131 seconds
[2021-12-31T03:03:53.718+0000][1][safepoint    ] Entering safepoint region: Cleanup
[2021-12-31T03:03:53.718+0000][1][safepoint    ] Leaving safepoint region
[2021-12-31T03:03:53.718+0000][1][safepoint    ] Total time for which application threads were stopped: 0.0003121 seconds, Stopping threads took: 0.0001607 seconds
[2021-12-31T03:03:54.720+0000][1][safepoint    ] Application time: 1.0021316 seconds
[2021-12-31T03:03:54.722+0000][1][safepoint    ] Entering safepoint region: Cleanup
[2021-12-31T03:03:54.725+0000][1][safepoint    ] Leaving safepoint region
[2021-12-31T03:03:54.727+0000][1][safepoint    ] Total time for which application threads were stopped: 0.0047571 seconds, Stopping threads took: 0.0027617 seconds
[2021-12-31T03:03:55.732+0000][1][safepoint    ] Application time: 1.0034340 seconds
[2021-12-31T03:03:55.733+0000][1][safepoint    ] Entering safepoint region: Cleanup
[2021-12-31T03:03:55.735+0000][1][safepoint    ] Leaving safepoint region
[2021-12-31T03:03:55.737+0000][1][safepoint    ] Total time for which application threads were stopped: 0.0032189 seconds, Stopping threads took: 0.0016492 seconds
[2021-12-31T03:03:56.748+0000][1][safepoint    ] Application time: 1.0094665 seconds
[2021-12-31T03:03:56.748+0000][1][safepoint    ] Entering safepoint region: Cleanup
[2021-12-31T03:03:56.749+0000][1][safepoint    ] Leaving safepoint region
[2021-12-31T03:03:56.749+0000][1][safepoint    ] Total time for which application threads were stopped: 0.0002797 seconds, Stopping threads took: 0.0001444 seconds
[2021-12-31T03:03:57.760+0000][1][safepoint    ] Application time: 1.0112671 seconds
[2021-12-31T03:03:57.760+0000][1][safepoint    ] Entering safepoint region: Cleanup
[2021-12-31T03:03:57.761+0000][1][safepoint    ] Leaving safepoint region
[2021-12-31T03:03:57.761+0000][1][safepoint    ] Total time for which application threads were stopped: 0.0004235 seconds, Stopping threads took: 0.0002052 seconds
[2021-12-31T03:03:58.761+0000][1][safepoint    ] Application time: 1.0005940 seconds
[2021-12-31T03:03:58.763+0000][1][safepoint    ] Entering safepoint region: Cleanup
[2021-12-31T03:03:58.764+0000][1][safepoint    ] Leaving safepoint region
[2021-12-31T03:03:58.765+0000][1][safepoint    ] Total time for which application threads were stopped: 0.0024539 seconds, Stopping threads took: 0.0012265 seconds
[2021-12-31T03:03:59.314+0000][1][safepoint    ] Application time: 0.5471592 seconds
[2021-12-31T03:03:59.324+0000][1][safepoint    ] Entering safepoint region: GenCollectForAllocation
[2021-12-31T03:03:59.348+0000][1][gc,start     ] GC(39) Pause Young (Allocation Failure)
[2021-12-31T03:03:59.352+0000][1][gc,task      ] GC(39) Using 1 workers of 1 for evacuation
[2021-12-31T03:03:59.401+0000][1][gc,age       ] GC(39) Desired survivor size 4358144 bytes, new threshold 6 (max threshold 6)
[2021-12-31T03:03:59.401+0000][1][gc,age       ] GC(39) Age table with threshold 6 (max threshold 6)
[2021-12-31T03:03:59.401+0000][1][gc,age       ] GC(39) - age   1:      17480 bytes,      17480 total
[2021-12-31T03:03:59.401+0000][1][gc,age       ] GC(39) - age   2:      16928 bytes,      34408 total
[2021-12-31T03:03:59.402+0000][1][gc,age       ] GC(39) - age   3:        304 bytes,      34712 total
[2021-12-31T03:03:59.402+0000][1][gc,age       ] GC(39) - age   4:       2128 bytes,      36840 total
[2021-12-31T03:03:59.402+0000][1][gc,age       ] GC(39) - age   5:      67312 bytes,     104152 total
[2021-12-31T03:03:59.402+0000][1][gc,age       ] GC(39) - age   6:       1176 bytes,     105328 total
[2021-12-31T03:03:59.402+0000][1][gc,heap      ] GC(39) ParNew: 68511K->115K(76672K)
[2021-12-31T03:03:59.402+0000][1][gc,heap      ] GC(39) CMS: 127562K->127652K(439104K)
[2021-12-31T03:03:59.402+0000][1][gc,metaspace ] GC(39) Metaspace: 73447K->73447K(1116160K)
[2021-12-31T03:03:59.402+0000][1][gc           ] GC(39) Pause Young (Allocation Failure) 191M->124M(503M) 54.773ms
[2021-12-31T03:03:59.402+0000][1][gc,cpu       ] GC(39) User=0.00s Sys=0.00s Real=0.06s
[2021-12-31T03:03:59.403+0000][1][safepoint    ] Leaving safepoint region
[2021-12-31T03:03:59.403+0000][1][safepoint    ] Total time for which application threads were stopped: 0.0783880 seconds, Stopping threads took: 0.0001837 seconds
[2021-12-31T03:04:00.411+0000][1][safepoint    ] Application time: 1.0082446 seconds
[2021-12-31T03:04:00.411+0000][1][safepoint    ] Entering safepoint region: Cleanup
[2021-12-31T03:04:00.411+0000][1][safepoint    ] Leaving safepoint region
[2021-12-31T03:04:00.412+0000][1][safepoint    ] Total time for which application threads were stopped: 0.0003280 seconds, Stopping threads took: 0.0001182 seconds
[2021-12-31T03:04:01.412+0000][1][safepoint    ] Application time: 1.0002182 seconds
[2021-12-31T03:04:01.412+0000][1][safepoint    ] Entering safepoint region: Cleanup
[2021-12-31T03:04:01.413+0000][1][safepoint    ] Leaving safepoint region
[2021-12-31T03:04:01.418+0000][1][safepoint    ] Total time for which application threads were stopped: 0.0054082 seconds, Stopping threads took: 0.0007018 seconds
[2021-12-31T03:04:02.430+0000][1][safepoint    ] Application time: 1.0079820 seconds
[2021-12-31T03:04:02.441+0000][1][safepoint    ] Entering safepoint region: Cleanup
[2021-12-31T03:04:02.445+0000][1][safepoint    ] Leaving safepoint region
[2021-12-31T03:04:02.461+0000][1][safepoint    ] Total time for which application threads were stopped: 0.0198078 seconds, Stopping threads took: 0.0042263 seconds
[2021-12-31T03:04:03.469+0000][1][safepoint    ] Application time: 1.0040832 seconds
[2021-12-31T03:04:03.479+0000][1][safepoint    ] Entering safepoint region: Cleanup
[2021-12-31T03:04:03.500+0000][1][safepoint    ] Leaving safepoint region
[2021-12-31T03:04:03.515+0000][1][safepoint    ] Total time for which application threads were stopped: 0.0359870 seconds, Stopping threads took: 0.0210097 seconds
[2021-12-31T03:04:04.529+0000][1][safepoint    ] Application time: 1.0058675 seconds
[2021-12-31T03:04:04.530+0000][1][safepoint    ] Entering safepoint region: Cleanup
[2021-12-31T03:04:04.530+0000][1][safepoint    ] Leaving safepoint region
[2021-12-31T03:04:04.530+0000][1][safepoint    ] Total time for which application threads were stopped: 0.0004992 seconds, Stopping threads took: 0.0002590 seconds
[2021-12-31T03:04:05.531+0000][1][safepoint    ] Application time: 1.0002607 seconds
[2021-12-31T03:04:05.531+0000][1][safepoint    ] Entering safepoint region: Cleanup
[2021-12-31T03:04:05.531+0000][1][safepoint    ] Leaving safepoint region
[2021-12-31T03:04:05.531+0000][1][safepoint    ] Total time for which application threads were stopped: 0.0003083 seconds, Stopping threads took: 0.0001032 seconds
[2021-12-31T03:04:06.532+0000][1][safepoint    ] Application time: 1.0002456 seconds
[2021-12-31T03:04:06.532+0000][1][safepoint    ] Entering safepoint region: Cleanup
[2021-12-31T03:04:06.532+0000][1][safepoint    ] Leaving safepoint region
[2021-12-31T03:04:06.532+0000][1][safepoint    ] Total time for which application threads were stopped: 0.0004242 seconds, Stopping threads took: 0.0001113 seconds
[2021-12-31T03:04:07.533+0000][1][safepoint    ] Application time: 1.0004618 seconds
[2021-12-31T03:04:07.533+0000][1][safepoint    ] Entering safepoint region: Cleanup
[2021-12-31T03:04:07.533+0000][1][safepoint    ] Leaving safepoint region
[2021-12-31T03:04:07.534+0000][1][safepoint    ] Total time for which application threads were stopped: 0.0005825 seconds, Stopping threads took: 0.0002501 seconds
[2021-12-31T03:04:08.534+0000][1][safepoint    ] Application time: 1.0006335 seconds
[2021-12-31T03:04:08.535+0000][1][safepoint    ] Entering safepoint region: Cleanup
[2021-12-31T03:04:08.535+0000][1][safepoint    ] Leaving safepoint region
[2021-12-31T03:04:08.535+0000][1][safepoint    ] Total time for which application threads were stopped: 0.0002549 seconds, Stopping threads took: 0.0001006 seconds
[2021-12-31T03:04:09.535+0000][1][safepoint    ] Application time: 1.0002437 seconds
[2021-12-31T03:04:09.536+0000][1][safepoint    ] Entering safepoint region: Cleanup
[2021-12-31T03:04:09.536+0000][1][safepoint    ] Leaving safepoint region
[2021-12-31T03:04:09.536+0000][1][safepoint    ] Total time for which application threads were stopped: 0.0005377 seconds, Stopping threads took: 0.0002685 seconds
[2021-12-31T03:04:10.537+0000][1][safepoint    ] Application time: 1.0002807 seconds
[2021-12-31T03:04:10.537+0000][1][safepoint    ] Entering safepoint region: Cleanup
[2021-12-31T03:04:10.537+0000][1][safepoint    ] Leaving safepoint region
[2021-12-31T03:04:10.537+0000][1][safepoint    ] Total time for which application threads were stopped: 0.0003501 seconds, Stopping threads took: 0.0001128 seconds
[2021-12-31T03:04:11.538+0000][1][safepoint    ] Application time: 1.0003516 seconds
[2021-12-31T03:04:11.538+0000][1][safepoint    ] Entering safepoint region: Cleanup
[2021-12-31T03:04:11.538+0000][1][safepoint    ] Leaving safepoint region
[2021-12-31T03:04:11.538+0000][1][safepoint    ] Total time for which application threads were stopped: 0.0003148 seconds, Stopping threads took: 0.0000997 seconds
[2021-12-31T03:04:12.540+0000][1][safepoint    ] Application time: 1.0017721 seconds
[2021-12-31T03:04:12.548+0000][1][safepoint    ] Entering safepoint region: Cleanup
[2021-12-31T03:04:12.552+0000][1][safepoint    ] Leaving safepoint region
[2021-12-31T03:04:12.564+0000][1][safepoint    ] Total time for which application threads were stopped: 0.0155091 seconds, Stopping threads took: 0.0042729 seconds
[2021-12-31T03:04:13.579+0000][1][safepoint    ] Application time: 1.0053179 seconds
[2021-12-31T03:04:13.581+0000][1][safepoint    ] Entering safepoint region: Cleanup
[2021-12-31T03:04:13.592+0000][1][safepoint    ] Leaving safepoint region
[2021-12-31T03:04:13.603+0000][1][safepoint    ] Total time for which application threads were stopped: 0.0221269 seconds, Stopping threads took: 0.0109978 seconds
[2021-12-31T03:04:14.627+0000][1][safepoint    ] Application time: 1.0138206 seconds
[2021-12-31T03:04:14.628+0000][1][safepoint    ] Entering safepoint region: Cleanup
[2021-12-31T03:04:14.628+0000][1][safepoint    ] Leaving safepoint region
[2021-12-31T03:04:14.628+0000][1][safepoint    ] Total time for which application threads were stopped: 0.0003761 seconds, Stopping threads took: 0.0001784 seconds
[2021-12-31T03:04:15.639+0000][1][safepoint    ] Application time: 1.0111831 seconds
[2021-12-31T03:04:15.685+0000][1][safepoint    ] Entering safepoint region: Cleanup
[2021-12-31T03:04:15.707+0000][1][safepoint    ] Leaving safepoint region
[2021-12-31T03:04:15.707+0000][1][safepoint    ] Total time for which application threads were stopped: 0.0217161 seconds, Stopping threads took: 0.0214747 seconds
[2021-12-31T03:04:16.713+0000][1][safepoint    ] Application time: 1.0062121 seconds
[2021-12-31T03:04:16.753+0000][1][safepoint    ] Entering safepoint region: Cleanup
[2021-12-31T03:04:16.794+0000][1][safepoint    ] Leaving safepoint region
[2021-12-31T03:04:16.838+0000][1][safepoint    ] Total time for which application threads were stopped: 0.0847782 seconds, Stopping threads took: 0.0410609 seconds
[2021-12-31T03:04:17.578+0000][1][safepoint    ] Application time: 0.6960215 seconds
[2021-12-31T03:04:17.589+0000][1][safepoint    ] Entering safepoint region: RevokeBias
[2021-12-31T03:04:17.599+0000][1][safepoint    ] Leaving safepoint region
[2021-12-31T03:04:17.605+0000][1][safepoint    ] Total time for which application threads were stopped: 0.0150562 seconds, Stopping threads took: 0.0090067 seconds
[2021-12-31T03:04:18.612+0000][1][safepoint    ] Application time: 1.0048032 seconds
[2021-12-31T03:04:18.613+0000][1][safepoint    ] Entering safepoint region: Cleanup
[2021-12-31T03:04:18.613+0000][1][safepoint    ] Leaving safepoint region
[2021-12-31T03:04:18.613+0000][1][safepoint    ] Total time for which application threads were stopped: 0.0002720 seconds, Stopping threads took: 0.0001119 seconds
[2021-12-31T03:04:19.614+0000][1][safepoint    ] Application time: 1.0010273 seconds
[2021-12-31T03:04:19.614+0000][1][safepoint    ] Entering safepoint region: Cleanup
[2021-12-31T03:04:19.614+0000][1][safepoint    ] Leaving safepoint region
[2021-12-31T03:04:19.615+0000][1][safepoint    ] Total time for which application threads were stopped: 0.0002755 seconds, Stopping threads took: 0.0001093 seconds
[2021-12-31T03:04:20.615+0000][1][safepoint    ] Application time: 1.0001278 seconds
[2021-12-31T03:04:20.615+0000][1][safepoint    ] Entering safepoint region: Cleanup
[2021-12-31T03:04:20.615+0000][1][safepoint    ] Leaving safepoint region
[2021-12-31T03:04:20.615+0000][1][safepoint    ] Total time for which application threads were stopped: 0.0004990 seconds, Stopping threads took: 0.0000995 seconds
[2021-12-31T03:04:21.616+0000][1][safepoint    ] Application time: 1.0004005 seconds
[2021-12-31T03:04:21.617+0000][1][safepoint    ] Entering safepoint region: Cleanup
[2021-12-31T03:04:21.618+0000][1][safepoint    ] Leaving safepoint region
[2021-12-31T03:04:21.618+0000][1][safepoint    ] Total time for which application threads were stopped: 0.0011016 seconds, Stopping threads took: 0.0009302 seconds
[2021-12-31T03:04:22.619+0000][1][safepoint    ] Application time: 1.0009644 seconds
[2021-12-31T03:04:22.619+0000][1][safepoint    ] Entering safepoint region: Cleanup
[2021-12-31T03:04:22.619+0000][1][safepoint    ] Leaving safepoint region
[2021-12-31T03:04:22.619+0000][1][safepoint    ] Total time for which application threads were stopped: 0.0002851 seconds, Stopping threads took: 0.0001027 seconds
[2021-12-31T03:04:23.620+0000][1][safepoint    ] Application time: 1.0002462 seconds
[2021-12-31T03:04:23.620+0000][1][safepoint    ] Entering safepoint region: Cleanup
[2021-12-31T03:04:23.625+0000][1][safepoint    ] Leaving safepoint region
[2021-12-31T03:04:23.625+0000][1][safepoint    ] Total time for which application threads were stopped: 0.0054226 seconds, Stopping threads took: 0.0048386 seconds
[2021-12-31T03:04:24.626+0000][1][safepoint    ] Application time: 1.0001618 seconds
[2021-12-31T03:04:24.626+0000][1][safepoint    ] Entering safepoint region: Cleanup
[2021-12-31T03:04:24.626+0000][1][safepoint    ] Leaving safepoint region
[2021-12-31T03:04:24.626+0000][1][safepoint    ] Total time for which application threads were stopped: 0.0002476 seconds, Stopping threads took: 0.0001133 seconds
[2021-12-31T03:04:25.627+0000][1][safepoint    ] Application time: 1.0005851 seconds
[2021-12-31T03:04:25.627+0000][1][safepoint    ] Entering safepoint region: Cleanup
[2021-12-31T03:04:25.627+0000][1][safepoint    ] Leaving safepoint region
[2021-12-31T03:04:25.627+0000][1][safepoint    ] Total time for which application threads were stopped: 0.0002483 seconds, Stopping threads took: 0.0001181 seconds
[2021-12-31T03:04:26.628+0000][1][safepoint    ] Application time: 1.0008019 seconds
[2021-12-31T03:04:26.628+0000][1][safepoint    ] Entering safepoint region: Cleanup
[2021-12-31T03:04:26.628+0000][1][safepoint    ] Leaving safepoint region
[2021-12-31T03:04:26.629+0000][1][safepoint    ] Total time for which application threads were stopped: 0.0002447 seconds, Stopping threads took: 0.0001046 seconds
[2021-12-31T03:04:27.629+0000][1][safepoint    ] Application time: 1.0004975 seconds
[2021-12-31T03:04:27.629+0000][1][safepoint    ] Entering safepoint region: Cleanup
[2021-12-31T03:04:27.630+0000][1][safepoint    ] Leaving safepoint region
[2021-12-31T03:04:27.630+0000][1][safepoint    ] Total time for which application threads were stopped: 0.0002942 seconds, Stopping threads took: 0.0001138 seconds
[2021-12-31T03:04:28.630+0000][1][safepoint    ] Application time: 1.0005342 seconds
[2021-12-31T03:04:28.630+0000][1][safepoint    ] Entering safepoint region: Cleanup
[2021-12-31T03:04:28.631+0000][1][safepoint    ] Leaving safepoint region
[2021-12-31T03:04:28.631+0000][1][safepoint    ] Total time for which application threads were stopped: 0.0004428 seconds, Stopping threads took: 0.0001244 seconds
[2021-12-31T03:04:29.632+0000][1][safepoint    ] Application time: 1.0007109 seconds
[2021-12-31T03:04:29.632+0000][1][safepoint    ] Entering safepoint region: Cleanup
[2021-12-31T03:04:29.632+0000][1][safepoint    ] Leaving safepoint region
[2021-12-31T03:04:29.632+0000][1][safepoint    ] Total time for which application threads were stopped: 0.0002345 seconds, Stopping threads took: 0.0001018 seconds
[2021-12-31T03:04:30.635+0000][1][safepoint    ] Application time: 1.0031727 seconds
[2021-12-31T03:04:30.636+0000][1][safepoint    ] Entering safepoint region: Cleanup
[2021-12-31T03:04:30.636+0000][1][safepoint    ] Leaving safepoint region
[2021-12-31T03:04:30.636+0000][1][safepoint    ] Total time for which application threads were stopped: 0.0002780 seconds, Stopping threads took: 0.0001202 seconds
[2021-12-31T03:04:31.639+0000][1][safepoint    ] Application time: 1.0033088 seconds
[2021-12-31T03:04:31.640+0000][1][safepoint    ] Entering safepoint region: Cleanup
[2021-12-31T03:04:31.640+0000][1][safepoint    ] Leaving safepoint region
[2021-12-31T03:04:31.640+0000][1][safepoint    ] Total time for which application threads were stopped: 0.0002259 seconds, Stopping threads took: 0.0000950 seconds
[2021-12-31T03:04:32.642+0000][1][safepoint    ] Application time: 1.0020856 seconds
[2021-12-31T03:04:32.642+0000][1][safepoint    ] Entering safepoint region: Cleanup
[2021-12-31T03:04:32.642+0000][1][safepoint    ] Leaving safepoint region
[2021-12-31T03:04:32.642+0000][1][safepoint    ] Total time for which application threads were stopped: 0.0002348 seconds, Stopping threads took: 0.0001134 seconds
[2021-12-31T03:04:33.645+0000][1][safepoint    ] Application time: 1.0023476 seconds
[2021-12-31T03:04:33.645+0000][1][safepoint    ] Entering safepoint region: Cleanup
[2021-12-31T03:04:33.646+0000][1][safepoint    ] Leaving safepoint region
[2021-12-31T03:04:33.646+0000][1][safepoint    ] Total time for which application threads were stopped: 0.0006205 seconds, Stopping threads took: 0.0002389 seconds
[2021-12-31T03:04:34.647+0000][1][safepoint    ] Application time: 1.0013107 seconds
[2021-12-31T03:04:34.648+0000][1][safepoint    ] Entering safepoint region: Cleanup
[2021-12-31T03:04:34.648+0000][1][safepoint    ] Leaving safepoint region
[2021-12-31T03:04:34.648+0000][1][safepoint    ] Total time for which application threads were stopped: 0.0002536 seconds, Stopping threads took: 0.0001191 seconds
[2021-12-31T03:04:35.651+0000][1][safepoint    ] Application time: 1.0025017 seconds
[2021-12-31T03:04:35.651+0000][1][safepoint    ] Entering safepoint region: Cleanup
[2021-12-31T03:04:35.651+0000][1][safepoint    ] Leaving safepoint region
[2021-12-31T03:04:35.651+0000][1][safepoint    ] Total time for which application threads were stopped: 0.0003068 seconds, Stopping threads took: 0.0001230 seconds
[2021-12-31T03:04:36.652+0000][1][safepoint    ] Application time: 1.0006223 seconds
[2021-12-31T03:04:36.652+0000][1][safepoint    ] Entering safepoint region: Cleanup
[2021-12-31T03:04:36.652+0000][1][safepoint    ] Leaving safepoint region
[2021-12-31T03:04:36.652+0000][1][safepoint    ] Total time for which application threads were stopped: 0.0002446 seconds, Stopping threads took: 0.0001046 seconds
[2021-12-31T03:04:37.653+0000][1][safepoint    ] Application time: 1.0008209 seconds
[2021-12-31T03:04:37.653+0000][1][safepoint    ] Entering safepoint region: Cleanup
[2021-12-31T03:04:37.654+0000][1][safepoint    ] Leaving safepoint region
[2021-12-31T03:04:37.654+0000][1][safepoint    ] Total time for which application threads were stopped: 0.0002421 seconds, Stopping threads took: 0.0001014 seconds
[2021-12-31T03:04:38.657+0000][1][safepoint    ] Application time: 1.0029902 seconds
[2021-12-31T03:04:38.657+0000][1][safepoint    ] Entering safepoint region: Cleanup
[2021-12-31T03:04:38.657+0000][1][safepoint    ] Leaving safepoint region
[2021-12-31T03:04:38.657+0000][1][safepoint    ] Total time for which application threads were stopped: 0.0002277 seconds, Stopping threads took: 0.0000957 seconds
[2021-12-31T03:04:39.659+0000][1][safepoint    ] Application time: 1.0013265 seconds
[2021-12-31T03:04:39.659+0000][1][safepoint    ] Entering safepoint region: Cleanup
[2021-12-31T03:04:39.659+0000][1][safepoint    ] Leaving safepoint region
[2021-12-31T03:04:39.659+0000][1][safepoint    ] Total time for which application threads were stopped: 0.0006946 seconds, Stopping threads took: 0.0001854 seconds
[2021-12-31T03:04:40.662+0000][1][safepoint    ] Application time: 1.0026489 seconds
[2021-12-31T03:04:40.663+0000][1][safepoint    ] Entering safepoint region: Cleanup
[2021-12-31T03:04:40.663+0000][1][safepoint    ] Leaving safepoint region
[2021-12-31T03:04:40.664+0000][1][safepoint    ] Total time for which application threads were stopped: 0.0005348 seconds, Stopping threads took: 0.0002417 seconds
[2021-12-31T03:04:41.665+0000][1][safepoint    ] Application time: 1.0015704 seconds
[2021-12-31T03:04:41.666+0000][1][safepoint    ] Entering safepoint region: Cleanup
[2021-12-31T03:04:41.666+0000][1][safepoint    ] Leaving safepoint region
[2021-12-31T03:04:41.666+0000][1][safepoint    ] Total time for which application threads were stopped: 0.0002481 seconds, Stopping threads took: 0.0001060 seconds
[2021-12-31T03:04:42.668+0000][1][safepoint    ] Application time: 1.0021757 seconds
[2021-12-31T03:04:42.668+0000][1][safepoint    ] Entering safepoint region: Cleanup
[2021-12-31T03:04:42.669+0000][1][safepoint    ] Leaving safepoint region
[2021-12-31T03:04:42.669+0000][1][safepoint    ] Total time for which application threads were stopped: 0.0002286 seconds, Stopping threads took: 0.0000995 seconds
[2021-12-31T03:04:43.669+0000][1][safepoint    ] Application time: 1.0002866 seconds
[2021-12-31T03:04:43.669+0000][1][safepoint    ] Entering safepoint region: Cleanup
[2021-12-31T03:04:43.670+0000][1][safepoint    ] Leaving safepoint region
[2021-12-31T03:04:43.670+0000][1][safepoint    ] Total time for which application threads were stopped: 0.0004205 seconds, Stopping threads took: 0.0001775 seconds
[2021-12-31T03:04:44.671+0000][1][safepoint    ] Application time: 1.0008306 seconds
[2021-12-31T03:04:44.671+0000][1][safepoint    ] Entering safepoint region: Cleanup
[2021-12-31T03:04:44.671+0000][1][safepoint    ] Leaving safepoint region
[2021-12-31T03:04:44.671+0000][1][safepoint    ] Total time for which application threads were stopped: 0.0002272 seconds, Stopping threads took: 0.0001000 seconds
[2021-12-31T03:04:45.674+0000][1][safepoint    ] Application time: 1.0027868 seconds
[2021-12-31T03:04:45.674+0000][1][safepoint    ] Entering safepoint region: Cleanup
[2021-12-31T03:04:45.675+0000][1][safepoint    ] Leaving safepoint region
[2021-12-31T03:04:45.676+0000][1][safepoint    ] Total time for which application threads were stopped: 0.0012815 seconds, Stopping threads took: 0.0008974 seconds
[2021-12-31T03:04:46.678+0000][1][safepoint    ] Application time: 1.0019322 seconds
[2021-12-31T03:04:46.679+0000][1][safepoint    ] Entering safepoint region: Cleanup
[2021-12-31T03:04:46.679+0000][1][safepoint    ] Leaving safepoint region
[2021-12-31T03:04:46.679+0000][1][safepoint    ] Total time for which application threads were stopped: 0.0005941 seconds, Stopping threads took: 0.0002256 seconds
[2021-12-31T03:04:47.681+0000][1][safepoint    ] Application time: 1.0011100 seconds
[2021-12-31T03:04:47.681+0000][1][safepoint    ] Entering safepoint region: Cleanup
[2021-12-31T03:04:47.681+0000][1][safepoint    ] Leaving safepoint region
[2021-12-31T03:04:47.681+0000][1][safepoint    ] Total time for which application threads were stopped: 0.0002472 seconds, Stopping threads took: 0.0001046 seconds
[2021-12-31T03:04:48.682+0000][1][safepoint    ] Application time: 1.0003750 seconds
[2021-12-31T03:04:48.682+0000][1][safepoint    ] Entering safepoint region: Cleanup
[2021-12-31T03:04:48.682+0000][1][safepoint    ] Leaving safepoint region
[2021-12-31T03:04:48.682+0000][1][safepoint    ] Total time for which application threads were stopped: 0.0005709 seconds, Stopping threads took: 0.0001077 seconds
[2021-12-31T03:04:49.685+0000][1][safepoint    ] Application time: 1.0023599 seconds
[2021-12-31T03:04:49.685+0000][1][safepoint    ] Entering safepoint region: Cleanup
[2021-12-31T03:04:49.685+0000][1][safepoint    ] Leaving safepoint region
[2021-12-31T03:04:49.686+0000][1][safepoint    ] Total time for which application threads were stopped: 0.0003532 seconds, Stopping threads took: 0.0001057 seconds
[2021-12-31T03:04:50.688+0000][1][safepoint    ] Application time: 1.0016595 seconds
[2021-12-31T03:04:50.688+0000][1][safepoint    ] Entering safepoint region: Cleanup
[2021-12-31T03:04:50.688+0000][1][safepoint    ] Leaving safepoint region
[2021-12-31T03:04:50.688+0000][1][safepoint    ] Total time for which application threads were stopped: 0.0002478 seconds, Stopping threads took: 0.0001150 seconds
[2021-12-31T03:04:51.689+0000][1][safepoint    ] Application time: 1.0008354 seconds
[2021-12-31T03:04:51.689+0000][1][safepoint    ] Entering safepoint region: Cleanup
[2021-12-31T03:04:51.689+0000][1][safepoint    ] Leaving safepoint region
[2021-12-31T03:04:51.689+0000][1][safepoint    ] Total time for which application threads were stopped: 0.0002408 seconds, Stopping threads took: 0.0001056 seconds
[2021-12-31T03:04:52.692+0000][1][safepoint    ] Application time: 1.0022329 seconds
[2021-12-31T03:04:52.692+0000][1][safepoint    ] Entering safepoint region: Cleanup
[2021-12-31T03:04:52.692+0000][1][safepoint    ] Leaving safepoint region
[2021-12-31T03:04:52.692+0000][1][safepoint    ] Total time for which application threads were stopped: 0.0002320 seconds, Stopping threads took: 0.0001005 seconds
[2021-12-31T03:04:53.696+0000][1][safepoint    ] Application time: 1.0036330 seconds
[2021-12-31T03:04:53.696+0000][1][safepoint    ] Entering safepoint region: Cleanup
[2021-12-31T03:04:53.698+0000][1][safepoint    ] Leaving safepoint region
[2021-12-31T03:04:53.699+0000][1][safepoint    ] Total time for which application threads were stopped: 0.0024150 seconds, Stopping threads took: 0.0021410 seconds
[2021-12-31T03:04:54.701+0000][1][safepoint    ] Application time: 1.0023257 seconds
[2021-12-31T03:04:54.702+0000][1][safepoint    ] Entering safepoint region: Cleanup
[2021-12-31T03:04:54.702+0000][1][safepoint    ] Leaving safepoint region
[2021-12-31T03:04:54.702+0000][1][safepoint    ] Total time for which application threads were stopped: 0.0003311 seconds, Stopping threads took: 0.0001484 seconds
[2021-12-31T03:04:55.703+0000][1][safepoint    ] Application time: 1.0008437 seconds
[2021-12-31T03:04:55.703+0000][1][safepoint    ] Entering safepoint region: Cleanup
[2021-12-31T03:04:55.703+0000][1][safepoint    ] Leaving safepoint region
[2021-12-31T03:04:55.703+0000][1][safepoint    ] Total time for which application threads were stopped: 0.0002896 seconds, Stopping threads took: 0.0001017 seconds
[2021-12-31T03:04:56.704+0000][1][safepoint    ] Application time: 1.0002040 seconds
[2021-12-31T03:04:56.704+0000][1][safepoint    ] Entering safepoint region: Cleanup
[2021-12-31T03:04:56.704+0000][1][safepoint    ] Leaving safepoint region
[2021-12-31T03:04:56.704+0000][1][safepoint    ] Total time for which application threads were stopped: 0.0003293 seconds, Stopping threads took: 0.0001918 seconds
[2021-12-31T03:04:57.705+0000][1][safepoint    ] Application time: 1.0003934 seconds
[2021-12-31T03:04:57.706+0000][1][safepoint    ] Entering safepoint region: Cleanup
[2021-12-31T03:04:57.707+0000][1][safepoint    ] Leaving safepoint region
[2021-12-31T03:04:57.708+0000][1][safepoint    ] Total time for which application threads were stopped: 0.0020257 seconds, Stopping threads took: 0.0009993 seconds
[2021-12-31T03:04:58.710+0000][1][safepoint    ] Application time: 1.0019042 seconds
[2021-12-31T03:04:58.710+0000][1][safepoint    ] Entering safepoint region: Cleanup
[2021-12-31T03:04:58.711+0000][1][safepoint    ] Leaving safepoint region
[2021-12-31T03:04:58.711+0000][1][safepoint    ] Total time for which application threads were stopped: 0.0003340 seconds, Stopping threads took: 0.0001740 seconds
[2021-12-31T03:04:59.713+0000][1][safepoint    ] Application time: 1.0019012 seconds
[2021-12-31T03:04:59.713+0000][1][safepoint    ] Entering safepoint region: Cleanup
[2021-12-31T03:04:59.713+0000][1][safepoint    ] Leaving safepoint region
[2021-12-31T03:04:59.713+0000][1][safepoint    ] Total time for which application threads were stopped: 0.0004320 seconds, Stopping threads took: 0.0002010 seconds
[2021-12-31T03:05:00.715+0000][1][safepoint    ] Application time: 1.0007163 seconds
[2021-12-31T03:05:00.715+0000][1][safepoint    ] Entering safepoint region: Cleanup
[2021-12-31T03:05:00.715+0000][1][safepoint    ] Leaving safepoint region
[2021-12-31T03:05:00.715+0000][1][safepoint    ] Total time for which application threads were stopped: 0.0002408 seconds, Stopping threads took: 0.0001067 seconds
[2021-12-31T03:05:01.715+0000][1][safepoint    ] Application time: 1.0000999 seconds
[2021-12-31T03:05:01.716+0000][1][safepoint    ] Entering safepoint region: Cleanup
[2021-12-31T03:05:01.716+0000][1][safepoint    ] Leaving safepoint region
[2021-12-31T03:05:01.717+0000][1][safepoint    ] Total time for which application threads were stopped: 0.0012078 seconds, Stopping threads took: 0.0004507 seconds
[2021-12-31T03:05:02.718+0000][1][safepoint    ] Application time: 1.0008702 seconds
[2021-12-31T03:05:02.718+0000][1][safepoint    ] Entering safepoint region: Cleanup
[2021-12-31T03:05:02.719+0000][1][safepoint    ] Leaving safepoint region
[2021-12-31T03:05:02.719+0000][1][safepoint    ] Total time for which application threads were stopped: 0.0004247 seconds, Stopping threads took: 0.0002366 seconds
[2021-12-31T03:05:03.720+0000][1][safepoint    ] Application time: 1.0007167 seconds
[2021-12-31T03:05:03.720+0000][1][safepoint    ] Entering safepoint region: Cleanup
[2021-12-31T03:05:03.720+0000][1][safepoint    ] Leaving safepoint region
[2021-12-31T03:05:03.720+0000][1][safepoint    ] Total time for which application threads were stopped: 0.0004437 seconds, Stopping threads took: 0.0002084 seconds
[2021-12-31T03:05:04.721+0000][1][safepoint    ] Application time: 1.0007966 seconds
[2021-12-31T03:05:04.722+0000][1][safepoint    ] Entering safepoint region: Cleanup
[2021-12-31T03:05:04.722+0000][1][safepoint    ] Leaving safepoint region
[2021-12-31T03:05:04.722+0000][1][safepoint    ] Total time for which application threads were stopped: 0.0005690 seconds, Stopping threads took: 0.0001175 seconds
[2021-12-31T03:05:05.723+0000][1][safepoint    ] Application time: 1.0007602 seconds
[2021-12-31T03:05:05.724+0000][1][safepoint    ] Entering safepoint region: Cleanup
[2021-12-31T03:05:05.724+0000][1][safepoint    ] Leaving safepoint region
[2021-12-31T03:05:05.724+0000][1][safepoint    ] Total time for which application threads were stopped: 0.0002534 seconds, Stopping threads took: 0.0001061 seconds
[2021-12-31T03:05:06.725+0000][1][safepoint    ] Application time: 1.0008047 seconds
[2021-12-31T03:05:06.725+0000][1][safepoint    ] Entering safepoint region: Cleanup
[2021-12-31T03:05:06.725+0000][1][safepoint    ] Leaving safepoint region
[2021-12-31T03:05:06.725+0000][1][safepoint    ] Total time for which application threads were stopped: 0.0004351 seconds, Stopping threads took: 0.0001146 seconds
[2021-12-31T03:05:07.727+0000][1][safepoint    ] Application time: 1.0014886 seconds
[2021-12-31T03:05:07.727+0000][1][safepoint    ] Entering safepoint region: Cleanup
[2021-12-31T03:05:07.727+0000][1][safepoint    ] Leaving safepoint region
[2021-12-31T03:05:07.728+0000][1][safepoint    ] Total time for which application threads were stopped: 0.0002423 seconds, Stopping threads took: 0.0001098 seconds
[2021-12-31T03:05:08.729+0000][1][safepoint    ] Application time: 1.0010401 seconds
[2021-12-31T03:05:08.729+0000][1][safepoint    ] Entering safepoint region: Cleanup
[2021-12-31T03:05:08.729+0000][1][safepoint    ] Leaving safepoint region
[2021-12-31T03:05:08.729+0000][1][safepoint    ] Total time for which application threads were stopped: 0.0002367 seconds, Stopping threads took: 0.0001036 seconds
[2021-12-31T03:05:09.730+0000][1][safepoint    ] Application time: 1.0011156 seconds
[2021-12-31T03:05:09.731+0000][1][safepoint    ] Entering safepoint region: Cleanup
[2021-12-31T03:05:09.731+0000][1][safepoint    ] Leaving safepoint region
[2021-12-31T03:05:09.731+0000][1][safepoint    ] Total time for which application threads were stopped: 0.0002203 seconds, Stopping threads took: 0.0000994 seconds
[2021-12-31T03:05:10.731+0000][1][safepoint    ] Application time: 1.0001480 seconds
[2021-12-31T03:05:10.732+0000][1][safepoint    ] Entering safepoint region: Cleanup
[2021-12-31T03:05:10.732+0000][1][safepoint    ] Leaving safepoint region
[2021-12-31T03:05:10.732+0000][1][safepoint    ] Total time for which application threads were stopped: 0.0004491 seconds, Stopping threads took: 0.0002163 seconds
[2021-12-31T03:05:11.734+0000][1][safepoint    ] Application time: 1.0017940 seconds
[2021-12-31T03:05:11.734+0000][1][safepoint    ] Entering safepoint region: Cleanup
[2021-12-31T03:05:11.734+0000][1][safepoint    ] Leaving safepoint region
[2021-12-31T03:05:11.734+0000][1][safepoint    ] Total time for which application threads were stopped: 0.0002371 seconds, Stopping threads took: 0.0001022 seconds
[2021-12-31T03:05:12.736+0000][1][safepoint    ] Application time: 1.0012617 seconds
[2021-12-31T03:05:12.736+0000][1][safepoint    ] Entering safepoint region: Cleanup
[2021-12-31T03:05:12.736+0000][1][safepoint    ] Leaving safepoint region
[2021-12-31T03:05:12.736+0000][1][safepoint    ] Total time for which application threads were stopped: 0.0002630 seconds, Stopping threads took: 0.0001176 seconds
[2021-12-31T03:05:13.737+0000][1][safepoint    ] Application time: 1.0002858 seconds
[2021-12-31T03:05:13.737+0000][1][safepoint    ] Entering safepoint region: Cleanup
[2021-12-31T03:05:13.737+0000][1][safepoint    ] Leaving safepoint region
[2021-12-31T03:05:13.738+0000][1][safepoint    ] Total time for which application threads were stopped: 0.0007553 seconds, Stopping threads took: 0.0002006 seconds
[2021-12-31T03:05:14.739+0000][1][safepoint    ] Application time: 1.0009378 seconds
[2021-12-31T03:05:14.739+0000][1][safepoint    ] Entering safepoint region: Cleanup
[2021-12-31T03:05:14.740+0000][1][safepoint    ] Leaving safepoint region
[2021-12-31T03:05:14.740+0000][1][safepoint    ] Total time for which application threads were stopped: 0.0003447 seconds, Stopping threads took: 0.0001911 seconds
[2021-12-31T03:05:15.741+0000][1][safepoint    ] Application time: 1.0009530 seconds
[2021-12-31T03:05:15.752+0000][1][safepoint    ] Entering safepoint region: Cleanup
[2021-12-31T03:05:15.762+0000][1][safepoint    ] Leaving safepoint region
[2021-12-31T03:05:15.768+0000][1][safepoint    ] Total time for which application threads were stopped: 0.0166186 seconds, Stopping threads took: 0.0104130 seconds
[2021-12-31T03:05:16.780+0000][1][safepoint    ] Application time: 1.0003300 seconds
[2021-12-31T03:05:16.785+0000][1][safepoint    ] Entering safepoint region: Cleanup
[2021-12-31T03:05:16.795+0000][1][safepoint    ] Leaving safepoint region
[2021-12-31T03:05:16.798+0000][1][safepoint    ] Total time for which application threads were stopped: 0.0126663 seconds, Stopping threads took: 0.0103711 seconds
[2021-12-31T03:05:17.656+0000][1][safepoint    ] Application time: 0.8542894 seconds
[2021-12-31T03:05:17.663+0000][1][safepoint    ] Entering safepoint region: RevokeBias
[2021-12-31T03:05:17.664+0000][1][safepoint    ] Leaving safepoint region
[2021-12-31T03:05:17.664+0000][1][safepoint    ] Total time for which application threads were stopped: 0.0004095 seconds, Stopping threads took: 0.0002284 seconds
[2021-12-31T03:05:18.665+0000][1][safepoint    ] Application time: 1.0008865 seconds
[2021-12-31T03:05:18.676+0000][1][safepoint    ] Entering safepoint region: Cleanup
[2021-12-31T03:05:18.687+0000][1][safepoint    ] Leaving safepoint region
[2021-12-31T03:05:18.691+0000][1][safepoint    ] Total time for which application threads were stopped: 0.0152675 seconds, Stopping threads took: 0.0113940 seconds
[2021-12-31T03:05:19.702+0000][1][safepoint    ] Application time: 1.0009052 seconds
[2021-12-31T03:05:19.709+0000][1][safepoint    ] Entering safepoint region: Cleanup
[2021-12-31T03:05:19.717+0000][1][safepoint    ] Leaving safepoint region
[2021-12-31T03:05:19.720+0000][1][safepoint    ] Total time for which application threads were stopped: 0.0110341 seconds, Stopping threads took: 0.0077602 seconds
[2021-12-31T03:05:20.727+0000][1][safepoint    ] Application time: 1.0005140 seconds
[2021-12-31T03:05:20.737+0000][1][safepoint    ] Entering safepoint region: Cleanup
[2021-12-31T03:05:20.749+0000][1][safepoint    ] Leaving safepoint region
[2021-12-31T03:05:20.754+0000][1][safepoint    ] Total time for which application threads were stopped: 0.0163567 seconds, Stopping threads took: 0.0112565 seconds
[2021-12-31T03:05:21.798+0000][1][safepoint    ] Application time: 1.0119411 seconds
[2021-12-31T03:05:21.819+0000][1][safepoint    ] Entering safepoint region: Cleanup
[2021-12-31T03:05:21.840+0000][1][safepoint    ] Leaving safepoint region
[2021-12-31T03:05:21.852+0000][1][safepoint    ] Total time for which application threads were stopped: 0.0331430 seconds, Stopping threads took: 0.0210383 seconds
[2021-12-31T03:05:22.864+0000][1][safepoint    ] Application time: 1.0007657 seconds
[2021-12-31T03:05:22.916+0000][1][safepoint    ] Entering safepoint region: Cleanup
[2021-12-31T03:05:22.927+0000][1][safepoint    ] Leaving safepoint region
[2021-12-31T03:05:22.929+0000][1][safepoint    ] Total time for which application threads were stopped: 0.0132427 seconds, Stopping threads took: 0.0107103 seconds
[2021-12-31T03:05:23.932+0000][1][safepoint    ] Application time: 1.0006062 seconds
[2021-12-31T03:05:23.932+0000][1][safepoint    ] Entering safepoint region: Cleanup
[2021-12-31T03:05:23.932+0000][1][safepoint    ] Leaving safepoint region
[2021-12-31T03:05:23.932+0000][1][safepoint    ] Total time for which application threads were stopped: 0.0002344 seconds, Stopping threads took: 0.0001033 seconds
[2021-12-31T03:05:24.933+0000][1][safepoint    ] Application time: 1.0002599 seconds
[2021-12-31T03:05:24.933+0000][1][safepoint    ] Entering safepoint region: Cleanup
[2021-12-31T03:05:24.933+0000][1][safepoint    ] Leaving safepoint region
[2021-12-31T03:05:24.934+0000][1][safepoint    ] Total time for which application threads were stopped: 0.0006535 seconds, Stopping threads took: 0.0001053 seconds
[2021-12-31T03:05:25.934+0000][1][safepoint    ] Application time: 1.0004532 seconds
[2021-12-31T03:05:25.935+0000][1][safepoint    ] Entering safepoint region: Cleanup
[2021-12-31T03:05:25.935+0000][1][safepoint    ] Leaving safepoint region
[2021-12-31T03:05:25.935+0000][1][safepoint    ] Total time for which application threads were stopped: 0.0002541 seconds, Stopping threads took: 0.0001084 seconds
[2021-12-31T03:05:26.935+0000][1][safepoint    ] Application time: 1.0003463 seconds
[2021-12-31T03:05:26.935+0000][1][safepoint    ] Entering safepoint region: Cleanup
[2021-12-31T03:05:26.936+0000][1][safepoint    ] Leaving safepoint region
[2021-12-31T03:05:26.936+0000][1][safepoint    ] Total time for which application threads were stopped: 0.0003520 seconds, Stopping threads took: 0.0001118 seconds
[2021-12-31T03:05:27.936+0000][1][safepoint    ] Application time: 1.0003001 seconds
[2021-12-31T03:05:28.041+0000][1][safepoint    ] Entering safepoint region: Cleanup
[2021-12-31T03:05:28.042+0000][1][safepoint    ] Leaving safepoint region
[2021-12-31T03:05:28.042+0000][1][safepoint    ] Total time for which application threads were stopped: 0.0005851 seconds, Stopping threads took: 0.0004075 seconds
[2021-12-31T03:05:29.044+0000][1][safepoint    ] Application time: 1.0026161 seconds
[2021-12-31T03:05:29.046+0000][1][safepoint    ] Entering safepoint region: Cleanup
[2021-12-31T03:05:29.046+0000][1][safepoint    ] Leaving safepoint region
[2021-12-31T03:05:29.046+0000][1][safepoint    ] Total time for which application threads were stopped: 0.0002660 seconds, Stopping threads took: 0.0001295 seconds
[2021-12-31T03:05:30.047+0000][1][safepoint    ] Application time: 1.0007474 seconds
[2021-12-31T03:05:30.047+0000][1][safepoint    ] Entering safepoint region: Cleanup
[2021-12-31T03:05:30.047+0000][1][safepoint    ] Leaving safepoint region
[2021-12-31T03:05:30.048+0000][1][safepoint    ] Total time for which application threads were stopped: 0.0002501 seconds, Stopping threads took: 0.0001159 seconds
[2021-12-31T03:05:31.048+0000][1][safepoint    ] Application time: 1.0003707 seconds
[2021-12-31T03:05:31.048+0000][1][safepoint    ] Entering safepoint region: Cleanup
[2021-12-31T03:05:31.048+0000][1][safepoint    ] Leaving safepoint region
[2021-12-31T03:05:31.049+0000][1][safepoint    ] Total time for which application threads were stopped: 0.0003167 seconds, Stopping threads took: 0.0001388 seconds
[2021-12-31T03:05:32.049+0000][1][safepoint    ] Application time: 1.0004494 seconds
[2021-12-31T03:05:32.049+0000][1][safepoint    ] Entering safepoint region: Cleanup
[2021-12-31T03:05:32.050+0000][1][safepoint    ] Leaving safepoint region
[2021-12-31T03:05:32.050+0000][1][safepoint    ] Total time for which application threads were stopped: 0.0002576 seconds, Stopping threads took: 0.0001110 seconds
[2021-12-31T03:05:33.051+0000][1][safepoint    ] Application time: 1.0013522 seconds
[2021-12-31T03:05:33.051+0000][1][safepoint    ] Entering safepoint region: Cleanup
[2021-12-31T03:05:33.051+0000][1][safepoint    ] Leaving safepoint region
[2021-12-31T03:05:33.052+0000][1][safepoint    ] Total time for which application threads were stopped: 0.0002340 seconds, Stopping threads took: 0.0001003 seconds
[2021-12-31T03:05:34.052+0000][1][safepoint    ] Application time: 1.0006516 seconds
[2021-12-31T03:05:34.054+0000][1][safepoint    ] Entering safepoint region: Cleanup
[2021-12-31T03:05:34.054+0000][1][safepoint    ] Leaving safepoint region
[2021-12-31T03:05:34.054+0000][1][safepoint    ] Total time for which application threads were stopped: 0.0002356 seconds, Stopping threads took: 0.0001067 seconds
[2021-12-31T03:05:35.055+0000][1][safepoint    ] Application time: 1.0002805 seconds
[2021-12-31T03:05:35.058+0000][1][safepoint    ] Entering safepoint region: Cleanup
[2021-12-31T03:05:35.059+0000][1][safepoint    ] Leaving safepoint region
[2021-12-31T03:05:35.059+0000][1][safepoint    ] Total time for which application threads were stopped: 0.0003784 seconds, Stopping threads took: 0.0002319 seconds
[2021-12-31T03:05:36.061+0000][1][safepoint    ] Application time: 1.0019829 seconds
[2021-12-31T03:05:36.061+0000][1][safepoint    ] Entering safepoint region: Cleanup
[2021-12-31T03:05:36.061+0000][1][safepoint    ] Leaving safepoint region
[2021-12-31T03:05:36.061+0000][1][safepoint    ] Total time for which application threads were stopped: 0.0002537 seconds, Stopping threads took: 0.0001055 seconds
[2021-12-31T03:05:37.062+0000][1][safepoint    ] Application time: 1.0004673 seconds
[2021-12-31T03:05:37.062+0000][1][safepoint    ] Entering safepoint region: Cleanup
[2021-12-31T03:05:37.062+0000][1][safepoint    ] Leaving safepoint region
[2021-12-31T03:05:37.063+0000][1][safepoint    ] Total time for which application threads were stopped: 0.0004101 seconds, Stopping threads took: 0.0001338 seconds
[2021-12-31T03:05:38.064+0000][1][safepoint    ] Application time: 1.0011794 seconds
[2021-12-31T03:05:38.064+0000][1][safepoint    ] Entering safepoint region: Cleanup
[2021-12-31T03:05:38.064+0000][1][safepoint    ] Leaving safepoint region
[2021-12-31T03:05:38.064+0000][1][safepoint    ] Total time for which application threads were stopped: 0.0002392 seconds, Stopping threads took: 0.0001074 seconds
[2021-12-31T03:05:39.065+0000][1][safepoint    ] Application time: 1.0002470 seconds
[2021-12-31T03:05:39.065+0000][1][safepoint    ] Entering safepoint region: Cleanup
[2021-12-31T03:05:39.066+0000][1][safepoint    ] Leaving safepoint region
[2021-12-31T03:05:39.066+0000][1][safepoint    ] Total time for which application threads were stopped: 0.0004840 seconds, Stopping threads took: 0.0001085 seconds
[2021-12-31T03:05:40.067+0000][1][safepoint    ] Application time: 1.0006861 seconds
[2021-12-31T03:05:40.068+0000][1][safepoint    ] Entering safepoint region: Cleanup
[2021-12-31T03:05:40.068+0000][1][safepoint    ] Leaving safepoint region
[2021-12-31T03:05:40.068+0000][1][safepoint    ] Total time for which application threads were stopped: 0.0005399 seconds, Stopping threads took: 0.0002664 seconds
[2021-12-31T03:05:41.069+0000][1][safepoint    ] Application time: 1.0010996 seconds
[2021-12-31T03:05:41.070+0000][1][safepoint    ] Entering safepoint region: Cleanup
[2021-12-31T03:05:41.070+0000][1][safepoint    ] Leaving safepoint region
[2021-12-31T03:05:41.070+0000][1][safepoint    ] Total time for which application threads were stopped: 0.0002064 seconds, Stopping threads took: 0.0000888 seconds
[2021-12-31T03:05:42.071+0000][1][safepoint    ] Application time: 1.0009893 seconds
[2021-12-31T03:05:42.071+0000][1][safepoint    ] Entering safepoint region: Cleanup
[2021-12-31T03:05:42.071+0000][1][safepoint    ] Leaving safepoint region
[2021-12-31T03:05:42.071+0000][1][safepoint    ] Total time for which application threads were stopped: 0.0002438 seconds, Stopping threads took: 0.0001026 seconds
[2021-12-31T03:05:43.072+0000][1][safepoint    ] Application time: 1.0010651 seconds
[2021-12-31T03:05:43.073+0000][1][safepoint    ] Entering safepoint region: Cleanup
[2021-12-31T03:05:43.073+0000][1][safepoint    ] Leaving safepoint region
[2021-12-31T03:05:43.073+0000][1][safepoint    ] Total time for which application threads were stopped: 0.0002302 seconds, Stopping threads took: 0.0001019 seconds
[2021-12-31T03:05:44.076+0000][1][safepoint    ] Application time: 1.0034873 seconds
[2021-12-31T03:05:44.077+0000][1][safepoint    ] Entering safepoint region: Cleanup
[2021-12-31T03:05:44.079+0000][1][safepoint    ] Leaving safepoint region
[2021-12-31T03:05:44.079+0000][1][safepoint    ] Total time for which application threads were stopped: 0.0024907 seconds, Stopping threads took: 0.0021004 seconds
[2021-12-31T03:05:45.080+0000][1][safepoint    ] Application time: 1.0002595 seconds
[2021-12-31T03:05:45.080+0000][1][safepoint    ] Entering safepoint region: Cleanup
[2021-12-31T03:05:45.081+0000][1][safepoint    ] Leaving safepoint region
[2021-12-31T03:05:45.081+0000][1][safepoint    ] Total time for which application threads were stopped: 0.0002439 seconds, Stopping threads took: 0.0001136 seconds
[2021-12-31T03:05:46.081+0000][1][safepoint    ] Application time: 1.0006261 seconds
[2021-12-31T03:05:46.082+0000][1][safepoint    ] Entering safepoint region: Cleanup
[2021-12-31T03:05:46.082+0000][1][safepoint    ] Leaving safepoint region
[2021-12-31T03:05:46.082+0000][1][safepoint    ] Total time for which application threads were stopped: 0.0005208 seconds, Stopping threads took: 0.0002396 seconds
[2021-12-31T03:05:47.085+0000][1][safepoint    ] Application time: 1.0021135 seconds
[2021-12-31T03:05:47.085+0000][1][safepoint    ] Entering safepoint region: Cleanup
[2021-12-31T03:05:47.085+0000][1][safepoint    ] Leaving safepoint region
[2021-12-31T03:05:47.085+0000][1][safepoint    ] Total time for which application threads were stopped: 0.0002420 seconds, Stopping threads took: 0.0001057 seconds
[2021-12-31T03:05:48.087+0000][1][safepoint    ] Application time: 1.0019021 seconds
[2021-12-31T03:05:48.090+0000][1][safepoint    ] Entering safepoint region: Cleanup
[2021-12-31T03:05:48.090+0000][1][safepoint    ] Leaving safepoint region
[2021-12-31T03:05:48.090+0000][1][safepoint    ] Total time for which application threads were stopped: 0.0004035 seconds, Stopping threads took: 0.0001835 seconds
[2021-12-31T03:05:49.090+0000][1][safepoint    ] Application time: 1.0002829 seconds
[2021-12-31T03:05:49.091+0000][1][safepoint    ] Entering safepoint region: Cleanup
[2021-12-31T03:05:49.091+0000][1][safepoint    ] Leaving safepoint region
[2021-12-31T03:05:49.091+0000][1][safepoint    ] Total time for which application threads were stopped: 0.0002179 seconds, Stopping threads took: 0.0000930 seconds
[2021-12-31T03:05:50.092+0000][1][safepoint    ] Application time: 1.0010473 seconds
[2021-12-31T03:05:50.092+0000][1][safepoint    ] Entering safepoint region: Cleanup
[2021-12-31T03:05:50.093+0000][1][safepoint    ] Leaving safepoint region
[2021-12-31T03:05:50.093+0000][1][safepoint    ] Total time for which application threads were stopped: 0.0002727 seconds, Stopping threads took: 0.0001054 seconds
[2021-12-31T03:05:51.093+0000][1][safepoint    ] Application time: 1.0001386 seconds
[2021-12-31T03:05:51.093+0000][1][safepoint    ] Entering safepoint region: Cleanup
[2021-12-31T03:05:51.094+0000][1][safepoint    ] Leaving safepoint region
[2021-12-31T03:05:51.094+0000][1][safepoint    ] Total time for which application threads were stopped: 0.0002415 seconds, Stopping threads took: 0.0001044 seconds
[2021-12-31T03:05:52.094+0000][1][safepoint    ] Application time: 1.0007211 seconds
[2021-12-31T03:05:52.095+0000][1][safepoint    ] Entering safepoint region: Cleanup
[2021-12-31T03:05:52.095+0000][1][safepoint    ] Leaving safepoint region
[2021-12-31T03:05:52.095+0000][1][safepoint    ] Total time for which application threads were stopped: 0.0003607 seconds, Stopping threads took: 0.0001166 seconds
[2021-12-31T03:05:53.097+0000][1][safepoint    ] Application time: 1.0015776 seconds
[2021-12-31T03:05:53.097+0000][1][safepoint    ] Entering safepoint region: Cleanup
[2021-12-31T03:05:53.097+0000][1][safepoint    ] Leaving safepoint region
[2021-12-31T03:05:53.097+0000][1][safepoint    ] Total time for which application threads were stopped: 0.0004245 seconds, Stopping threads took: 0.0001219 seconds
[2021-12-31T03:05:54.098+0000][1][safepoint    ] Application time: 1.0004605 seconds
[2021-12-31T03:05:54.098+0000][1][safepoint    ] Entering safepoint region: Cleanup
[2021-12-31T03:05:54.099+0000][1][safepoint    ] Leaving safepoint region
[2021-12-31T03:05:54.099+0000][1][safepoint    ] Total time for which application threads were stopped: 0.0009312 seconds, Stopping threads took: 0.0003969 seconds
[2021-12-31T03:05:55.101+0000][1][safepoint    ] Application time: 1.0013465 seconds
[2021-12-31T03:05:55.101+0000][1][safepoint    ] Entering safepoint region: Cleanup
[2021-12-31T03:05:55.101+0000][1][safepoint    ] Leaving safepoint region
[2021-12-31T03:05:55.102+0000][1][safepoint    ] Total time for which application threads were stopped: 0.0002103 seconds, Stopping threads took: 0.0000916 seconds
[2021-12-31T03:05:56.103+0000][1][safepoint    ] Application time: 1.0008663 seconds
[2021-12-31T03:05:56.103+0000][1][safepoint    ] Entering safepoint region: Cleanup
[2021-12-31T03:05:56.103+0000][1][safepoint    ] Leaving safepoint region
[2021-12-31T03:05:56.103+0000][1][safepoint    ] Total time for which application threads were stopped: 0.0002686 seconds, Stopping threads took: 0.0001264 seconds
[2021-12-31T03:05:57.103+0000][1][safepoint    ] Application time: 1.0000576 seconds
[2021-12-31T03:05:57.103+0000][1][safepoint    ] Entering safepoint region: Cleanup
[2021-12-31T03:05:57.103+0000][1][safepoint    ] Leaving safepoint region
[2021-12-31T03:05:57.104+0000][1][safepoint    ] Total time for which application threads were stopped: 0.0002371 seconds, Stopping threads took: 0.0001074 seconds
[2021-12-31T03:05:58.104+0000][1][safepoint    ] Application time: 1.0002354 seconds
[2021-12-31T03:05:58.104+0000][1][safepoint    ] Entering safepoint region: Cleanup
[2021-12-31T03:05:58.104+0000][1][safepoint    ] Leaving safepoint region
[2021-12-31T03:05:58.105+0000][1][safepoint    ] Total time for which application threads were stopped: 0.0005410 seconds, Stopping threads took: 0.0000988 seconds
[2021-12-31T03:05:59.105+0000][1][safepoint    ] Application time: 1.0005823 seconds
[2021-12-31T03:05:59.105+0000][1][safepoint    ] Entering safepoint region: Cleanup
[2021-12-31T03:05:59.106+0000][1][safepoint    ] Leaving safepoint region
[2021-12-31T03:05:59.106+0000][1][safepoint    ] Total time for which application threads were stopped: 0.0002973 seconds, Stopping threads took: 0.0001262 seconds
[2021-12-31T03:06:00.107+0000][1][safepoint    ] Application time: 1.0008050 seconds
[2021-12-31T03:06:00.107+0000][1][safepoint    ] Entering safepoint region: Cleanup
[2021-12-31T03:06:00.107+0000][1][safepoint    ] Leaving safepoint region
[2021-12-31T03:06:00.107+0000][1][safepoint    ] Total time for which application threads were stopped: 0.0002233 seconds, Stopping threads took: 0.0001002 seconds
[2021-12-31T03:06:01.108+0000][1][safepoint    ] Application time: 1.0010817 seconds
[2021-12-31T03:06:01.109+0000][1][safepoint    ] Entering safepoint region: Cleanup
[2021-12-31T03:06:01.109+0000][1][safepoint    ] Leaving safepoint region
[2021-12-31T03:06:01.109+0000][1][safepoint    ] Total time for which application threads were stopped: 0.0002472 seconds, Stopping threads took: 0.0001075 seconds
[2021-12-31T03:06:02.110+0000][1][safepoint    ] Application time: 1.0006439 seconds
[2021-12-31T03:06:02.110+0000][1][safepoint    ] Entering safepoint region: Cleanup
[2021-12-31T03:06:02.110+0000][1][safepoint    ] Leaving safepoint region
[2021-12-31T03:06:02.111+0000][1][safepoint    ] Total time for which application threads were stopped: 0.0007145 seconds, Stopping threads took: 0.0001796 seconds
[2021-12-31T03:06:03.113+0000][1][safepoint    ] Application time: 1.0010863 seconds
[2021-12-31T03:06:03.113+0000][1][safepoint    ] Entering safepoint region: Cleanup
[2021-12-31T03:06:03.114+0000][1][safepoint    ] Leaving safepoint region
[2021-12-31T03:06:03.114+0000][1][safepoint    ] Total time for which application threads were stopped: 0.0002181 seconds, Stopping threads took: 0.0000975 seconds
[2021-12-31T03:06:04.114+0000][1][safepoint    ] Application time: 1.0007420 seconds
[2021-12-31T03:06:04.115+0000][1][safepoint    ] Entering safepoint region: Cleanup
[2021-12-31T03:06:04.115+0000][1][safepoint    ] Leaving safepoint region
[2021-12-31T03:06:04.115+0000][1][safepoint    ] Total time for which application threads were stopped: 0.0002993 seconds, Stopping threads took: 0.0000982 seconds
[2021-12-31T03:06:05.115+0000][1][safepoint    ] Application time: 1.0001569 seconds
[2021-12-31T03:06:05.116+0000][1][safepoint    ] Entering safepoint region: Cleanup
[2021-12-31T03:06:05.116+0000][1][safepoint    ] Leaving safepoint region
[2021-12-31T03:06:05.116+0000][1][safepoint    ] Total time for which application threads were stopped: 0.0005477 seconds, Stopping threads took: 0.0002580 seconds
[2021-12-31T03:06:06.117+0000][1][safepoint    ] Application time: 1.0004333 seconds
[2021-12-31T03:06:06.117+0000][1][safepoint    ] Entering safepoint region: Cleanup
[2021-12-31T03:06:06.117+0000][1][safepoint    ] Leaving safepoint region
[2021-12-31T03:06:06.117+0000][1][safepoint    ] Total time for which application threads were stopped: 0.0002243 seconds, Stopping threads took: 0.0000975 seconds
[2021-12-31T03:06:07.117+0000][1][safepoint    ] Application time: 1.0001926 seconds
[2021-12-31T03:06:07.118+0000][1][safepoint    ] Entering safepoint region: Cleanup
[2021-12-31T03:06:07.118+0000][1][safepoint    ] Leaving safepoint region
[2021-12-31T03:06:07.118+0000][1][safepoint    ] Total time for which application threads were stopped: 0.0004883 seconds, Stopping threads took: 0.0002580 seconds
[2021-12-31T03:06:08.120+0000][1][safepoint    ] Application time: 1.0021675 seconds
[2021-12-31T03:06:08.121+0000][1][safepoint    ] Entering safepoint region: Cleanup
[2021-12-31T03:06:08.121+0000][1][safepoint    ] Leaving safepoint region
[2021-12-31T03:06:08.121+0000][1][safepoint    ] Total time for which application threads were stopped: 0.0002403 seconds, Stopping threads took: 0.0001028 seconds
[2021-12-31T03:06:09.122+0000][1][safepoint    ] Application time: 1.0012384 seconds
[2021-12-31T03:06:09.122+0000][1][safepoint    ] Entering safepoint region: Cleanup
[2021-12-31T03:06:09.123+0000][1][safepoint    ] Leaving safepoint region
[2021-12-31T03:06:09.123+0000][1][safepoint    ] Total time for which application threads were stopped: 0.0002334 seconds, Stopping threads took: 0.0000990 seconds
[2021-12-31T03:06:10.138+0000][1][safepoint    ] Application time: 1.0150187 seconds
[2021-12-31T03:06:10.138+0000][1][safepoint    ] Entering safepoint region: Cleanup
[2021-12-31T03:06:10.138+0000][1][safepoint    ] Leaving safepoint region
[2021-12-31T03:06:10.139+0000][1][safepoint    ] Total time for which application threads were stopped: 0.0005411 seconds, Stopping threads took: 0.0002219 seconds
[2021-12-31T03:06:11.141+0000][1][safepoint    ] Application time: 1.0024879 seconds
[2021-12-31T03:06:11.142+0000][1][safepoint    ] Entering safepoint region: Cleanup
[2021-12-31T03:06:11.142+0000][1][safepoint    ] Leaving safepoint region
[2021-12-31T03:06:11.142+0000][1][safepoint    ] Total time for which application threads were stopped: 0.0002242 seconds, Stopping threads took: 0.0000952 seconds
[2021-12-31T03:06:12.144+0000][1][safepoint    ] Application time: 1.0026046 seconds
[2021-12-31T03:06:12.145+0000][1][safepoint    ] Entering safepoint region: Cleanup
[2021-12-31T03:06:12.145+0000][1][safepoint    ] Leaving safepoint region
[2021-12-31T03:06:12.145+0000][1][safepoint    ] Total time for which application threads were stopped: 0.0004966 seconds, Stopping threads took: 0.0002433 seconds
[2021-12-31T03:06:13.148+0000][1][safepoint    ] Application time: 1.0027722 seconds
[2021-12-31T03:06:13.149+0000][1][safepoint    ] Entering safepoint region: Cleanup
[2021-12-31T03:06:13.149+0000][1][safepoint    ] Leaving safepoint region
[2021-12-31T03:06:13.149+0000][1][safepoint    ] Total time for which application threads were stopped: 0.0006087 seconds, Stopping threads took: 0.0003577 seconds
[2021-12-31T03:06:14.152+0000][1][safepoint    ] Application time: 1.0026936 seconds
[2021-12-31T03:06:14.152+0000][1][safepoint    ] Entering safepoint region: Cleanup
[2021-12-31T03:06:14.153+0000][1][safepoint    ] Leaving safepoint region
[2021-12-31T03:06:14.153+0000][1][safepoint    ] Total time for which application threads were stopped: 0.0002041 seconds, Stopping threads took: 0.0000885 seconds
[2021-12-31T03:06:15.153+0000][1][safepoint    ] Application time: 1.0006893 seconds
[2021-12-31T03:06:15.154+0000][1][safepoint    ] Entering safepoint region: Cleanup
[2021-12-31T03:06:15.154+0000][1][safepoint    ] Leaving safepoint region
[2021-12-31T03:06:15.154+0000][1][safepoint    ] Total time for which application threads were stopped: 0.0002391 seconds, Stopping threads took: 0.0001176 seconds
[2021-12-31T03:06:16.156+0000][1][safepoint    ] Application time: 1.0018664 seconds
[2021-12-31T03:06:16.156+0000][1][safepoint    ] Entering safepoint region: Cleanup
[2021-12-31T03:06:16.156+0000][1][safepoint    ] Leaving safepoint region
[2021-12-31T03:06:16.156+0000][1][safepoint    ] Total time for which application threads were stopped: 0.0002484 seconds, Stopping threads took: 0.0001027 seconds
[2021-12-31T03:06:17.157+0000][1][safepoint    ] Application time: 1.0009228 seconds
[2021-12-31T03:06:17.158+0000][1][safepoint    ] Entering safepoint region: Cleanup
[2021-12-31T03:06:17.158+0000][1][safepoint    ] Leaving safepoint region
[2021-12-31T03:06:17.158+0000][1][safepoint    ] Total time for which application threads were stopped: 0.0002491 seconds, Stopping threads took: 0.0001108 seconds
[2021-12-31T03:06:17.664+0000][1][safepoint    ] Application time: 0.5057162 seconds
[2021-12-31T03:06:17.664+0000][1][safepoint    ] Entering safepoint region: RevokeBias
[2021-12-31T03:06:17.664+0000][1][safepoint    ] Leaving safepoint region
[2021-12-31T03:06:17.664+0000][1][safepoint    ] Total time for which application threads were stopped: 0.0004123 seconds, Stopping threads took: 0.0002543 seconds
[2021-12-31T03:06:18.692+0000][1][safepoint    ] Application time: 1.0277804 seconds
[2021-12-31T03:06:18.693+0000][1][safepoint    ] Entering safepoint region: Cleanup
[2021-12-31T03:06:18.693+0000][1][safepoint    ] Leaving safepoint region
[2021-12-31T03:06:18.693+0000][1][safepoint    ] Total time for which application threads were stopped: 0.0004726 seconds, Stopping threads took: 0.0002054 seconds
[2021-12-31T03:06:19.694+0000][1][safepoint    ] Application time: 1.0011580 seconds
[2021-12-31T03:06:19.695+0000][1][safepoint    ] Entering safepoint region: Cleanup
[2021-12-31T03:06:19.695+0000][1][safepoint    ] Leaving safepoint region
[2021-12-31T03:06:19.695+0000][1][safepoint    ] Total time for which application threads were stopped: 0.0004493 seconds, Stopping threads took: 0.0001977 seconds
[2021-12-31T03:06:20.696+0000][1][safepoint    ] Application time: 1.0006285 seconds
[2021-12-31T03:06:20.696+0000][1][safepoint    ] Entering safepoint region: Cleanup
[2021-12-31T03:06:20.697+0000][1][safepoint    ] Leaving safepoint region
[2021-12-31T03:06:20.697+0000][1][safepoint    ] Total time for which application threads were stopped: 0.0002236 seconds, Stopping threads took: 0.0000956 seconds
[2021-12-31T03:06:21.697+0000][1][safepoint    ] Application time: 1.0003786 seconds
[2021-12-31T03:06:21.697+0000][1][safepoint    ] Entering safepoint region: Cleanup
[2021-12-31T03:06:21.698+0000][1][safepoint    ] Leaving safepoint region
[2021-12-31T03:06:21.698+0000][1][safepoint    ] Total time for which application threads were stopped: 0.0004137 seconds, Stopping threads took: 0.0002538 seconds
[2021-12-31T03:06:22.698+0000][1][safepoint    ] Application time: 1.0001319 seconds
[2021-12-31T03:06:22.698+0000][1][safepoint    ] Entering safepoint region: Cleanup
[2021-12-31T03:06:22.698+0000][1][safepoint    ] Leaving safepoint region
[2021-12-31T03:06:22.699+0000][1][safepoint    ] Total time for which application threads were stopped: 0.0002681 seconds, Stopping threads took: 0.0001115 seconds
[2021-12-31T03:06:23.700+0000][1][safepoint    ] Application time: 1.0009751 seconds
[2021-12-31T03:06:23.700+0000][1][safepoint    ] Entering safepoint region: Cleanup
[2021-12-31T03:06:23.700+0000][1][safepoint    ] Leaving safepoint region
[2021-12-31T03:06:23.700+0000][1][safepoint    ] Total time for which application threads were stopped: 0.0002022 seconds, Stopping threads took: 0.0000876 seconds
[2021-12-31T03:06:24.702+0000][1][safepoint    ] Application time: 1.0021655 seconds
[2021-12-31T03:06:24.702+0000][1][safepoint    ] Entering safepoint region: Cleanup
[2021-12-31T03:06:24.703+0000][1][safepoint    ] Leaving safepoint region
[2021-12-31T03:06:24.703+0000][1][safepoint    ] Total time for which application threads were stopped: 0.0002365 seconds, Stopping threads took: 0.0001028 seconds
[2021-12-31T03:06:25.703+0000][1][safepoint    ] Application time: 1.0007333 seconds
[2021-12-31T03:06:25.704+0000][1][safepoint    ] Entering safepoint region: Cleanup
[2021-12-31T03:06:25.704+0000][1][safepoint    ] Leaving safepoint region
[2021-12-31T03:06:25.704+0000][1][safepoint    ] Total time for which application threads were stopped: 0.0002258 seconds, Stopping threads took: 0.0000997 seconds
[2021-12-31T03:06:26.707+0000][1][safepoint    ] Application time: 1.0027386 seconds
[2021-12-31T03:06:26.707+0000][1][safepoint    ] Entering safepoint region: Cleanup
[2021-12-31T03:06:26.707+0000][1][safepoint    ] Leaving safepoint region
[2021-12-31T03:06:26.708+0000][1][safepoint    ] Total time for which application threads were stopped: 0.0005498 seconds, Stopping threads took: 0.0002600 seconds
[2021-12-31T03:06:27.712+0000][1][safepoint    ] Application time: 1.0044066 seconds
[2021-12-31T03:06:27.713+0000][1][safepoint    ] Entering safepoint region: Cleanup
[2021-12-31T03:06:27.713+0000][1][safepoint    ] Leaving safepoint region
[2021-12-31T03:06:27.713+0000][1][safepoint    ] Total time for which application threads were stopped: 0.0003365 seconds, Stopping threads took: 0.0001570 seconds
[2021-12-31T03:06:28.713+0000][1][safepoint    ] Application time: 1.0004063 seconds
[2021-12-31T03:06:28.714+0000][1][safepoint    ] Entering safepoint region: Cleanup
[2021-12-31T03:06:28.714+0000][1][safepoint    ] Leaving safepoint region
[2021-12-31T03:06:28.714+0000][1][safepoint    ] Total time for which application threads were stopped: 0.0006050 seconds, Stopping threads took: 0.0002745 seconds
[2021-12-31T03:06:29.718+0000][1][safepoint    ] Application time: 1.0031482 seconds
[2021-12-31T03:06:29.718+0000][1][safepoint    ] Entering safepoint region: Cleanup
[2021-12-31T03:06:29.718+0000][1][safepoint    ] Leaving safepoint region
[2021-12-31T03:06:29.718+0000][1][safepoint    ] Total time for which application threads were stopped: 0.0002930 seconds, Stopping threads took: 0.0001235 seconds
[2021-12-31T03:06:30.720+0000][1][safepoint    ] Application time: 1.0012551 seconds
[2021-12-31T03:06:30.720+0000][1][safepoint    ] Entering safepoint region: Cleanup
[2021-12-31T03:06:30.720+0000][1][safepoint    ] Leaving safepoint region
[2021-12-31T03:06:30.720+0000][1][safepoint    ] Total time for which application threads were stopped: 0.0002278 seconds, Stopping threads took: 0.0000946 seconds
[2021-12-31T03:06:31.722+0000][1][safepoint    ] Application time: 1.0022048 seconds
[2021-12-31T03:06:31.723+0000][1][safepoint    ] Entering safepoint region: Cleanup
[2021-12-31T03:06:31.723+0000][1][safepoint    ] Leaving safepoint region
[2021-12-31T03:06:31.723+0000][1][safepoint    ] Total time for which application threads were stopped: 0.0004384 seconds, Stopping threads took: 0.0001025 seconds
[2021-12-31T03:06:32.725+0000][1][safepoint    ] Application time: 1.0017577 seconds
[2021-12-31T03:06:32.725+0000][1][safepoint    ] Entering safepoint region: Cleanup
[2021-12-31T03:06:32.726+0000][1][safepoint    ] Leaving safepoint region
[2021-12-31T03:06:32.726+0000][1][safepoint    ] Total time for which application threads were stopped: 0.0004584 seconds, Stopping threads took: 0.0002009 seconds
[2021-12-31T03:06:33.727+0000][1][safepoint    ] Application time: 1.0005134 seconds
[2021-12-31T03:06:33.727+0000][1][safepoint    ] Entering safepoint region: Cleanup
[2021-12-31T03:06:33.727+0000][1][safepoint    ] Leaving safepoint region
[2021-12-31T03:06:33.727+0000][1][safepoint    ] Total time for which application threads were stopped: 0.0003022 seconds, Stopping threads took: 0.0001063 seconds
[2021-12-31T03:06:34.132+0000][1][safepoint    ] Application time: 0.4049176 seconds
[2021-12-31T03:06:34.132+0000][1][safepoint    ] Entering safepoint region: GenCollectForAllocation
[2021-12-31T03:06:34.145+0000][1][gc,start     ] GC(40) Pause Young (Allocation Failure)
[2021-12-31T03:06:34.145+0000][1][gc,task      ] GC(40) Using 1 workers of 1 for evacuation
[2021-12-31T03:06:34.150+0000][1][gc,age       ] GC(40) Desired survivor size 4358144 bytes, new threshold 6 (max threshold 6)
[2021-12-31T03:06:34.150+0000][1][gc,age       ] GC(40) Age table with threshold 6 (max threshold 6)
[2021-12-31T03:06:34.150+0000][1][gc,age       ] GC(40) - age   1:      21104 bytes,      21104 total
[2021-12-31T03:06:34.150+0000][1][gc,age       ] GC(40) - age   2:       2608 bytes,      23712 total
[2021-12-31T03:06:34.151+0000][1][gc,age       ] GC(40) - age   3:      16928 bytes,      40640 total
[2021-12-31T03:06:34.151+0000][1][gc,age       ] GC(40) - age   4:        304 bytes,      40944 total
[2021-12-31T03:06:34.151+0000][1][gc,age       ] GC(40) - age   5:       2128 bytes,      43072 total
[2021-12-31T03:06:34.151+0000][1][gc,age       ] GC(40) - age   6:      67312 bytes,     110384 total
[2021-12-31T03:06:34.151+0000][1][gc,heap      ] GC(40) ParNew: 68275K->211K(76672K)
[2021-12-31T03:06:34.151+0000][1][gc,heap      ] GC(40) CMS: 127652K->127653K(439104K)
[2021-12-31T03:06:34.151+0000][1][gc,metaspace ] GC(40) Metaspace: 73454K->73454K(1116160K)
[2021-12-31T03:06:34.151+0000][1][gc           ] GC(40) Pause Young (Allocation Failure) 191M->124M(503M) 6.147ms
[2021-12-31T03:06:34.151+0000][1][gc,cpu       ] GC(40) User=0.00s Sys=0.00s Real=0.00s
[2021-12-31T03:06:34.151+0000][1][safepoint    ] Leaving safepoint region
[2021-12-31T03:06:34.152+0000][1][safepoint    ] Total time for which application threads were stopped: 0.0190898 seconds, Stopping threads took: 0.0002024 seconds
[2021-12-31T03:06:35.153+0000][1][safepoint    ] Application time: 1.0010622 seconds
[2021-12-31T03:06:35.153+0000][1][safepoint    ] Entering safepoint region: Cleanup
[2021-12-31T03:06:35.153+0000][1][safepoint    ] Leaving safepoint region
[2021-12-31T03:06:35.153+0000][1][safepoint    ] Total time for which application threads were stopped: 0.0005480 seconds, Stopping threads took: 0.0003252 seconds
[2021-12-31T03:06:36.155+0000][1][safepoint    ] Application time: 1.0013790 seconds
[2021-12-31T03:06:36.155+0000][1][safepoint    ] Entering safepoint region: Cleanup
[2021-12-31T03:06:36.155+0000][1][safepoint    ] Leaving safepoint region
[2021-12-31T03:06:36.155+0000][1][safepoint    ] Total time for which application threads were stopped: 0.0002421 seconds, Stopping threads took: 0.0001100 seconds
[2021-12-31T03:06:37.156+0000][1][safepoint    ] Application time: 1.0003304 seconds
[2021-12-31T03:06:37.156+0000][1][safepoint    ] Entering safepoint region: Cleanup
[2021-12-31T03:06:37.156+0000][1][safepoint    ] Leaving safepoint region
[2021-12-31T03:06:37.156+0000][1][safepoint    ] Total time for which application threads were stopped: 0.0002499 seconds, Stopping threads took: 0.0001157 seconds
[2021-12-31T03:06:38.157+0000][1][safepoint    ] Application time: 1.0003580 seconds
[2021-12-31T03:06:38.157+0000][1][safepoint    ] Entering safepoint region: Cleanup
[2021-12-31T03:06:38.157+0000][1][safepoint    ] Leaving safepoint region
[2021-12-31T03:06:38.157+0000][1][safepoint    ] Total time for which application threads were stopped: 0.0002352 seconds, Stopping threads took: 0.0001041 seconds
[2021-12-31T03:06:39.159+0000][1][safepoint    ] Application time: 1.0020671 seconds
[2021-12-31T03:06:39.159+0000][1][safepoint    ] Entering safepoint region: Cleanup
[2021-12-31T03:06:39.160+0000][1][safepoint    ] Leaving safepoint region
[2021-12-31T03:06:39.160+0000][1][safepoint    ] Total time for which application threads were stopped: 0.0003048 seconds, Stopping threads took: 0.0001321 seconds
[2021-12-31T03:06:40.160+0000][1][safepoint    ] Application time: 1.0002694 seconds
[2021-12-31T03:06:40.160+0000][1][safepoint    ] Entering safepoint region: Cleanup
[2021-12-31T03:06:40.160+0000][1][safepoint    ] Leaving safepoint region
[2021-12-31T03:06:40.161+0000][1][safepoint    ] Total time for which application threads were stopped: 0.0004432 seconds, Stopping threads took: 0.0001018 seconds
[2021-12-31T03:06:41.162+0000][1][safepoint    ] Application time: 1.0002956 seconds
[2021-12-31T03:06:41.162+0000][1][safepoint    ] Entering safepoint region: Cleanup
[2021-12-31T03:06:41.162+0000][1][safepoint    ] Leaving safepoint region
[2021-12-31T03:06:41.162+0000][1][safepoint    ] Total time for which application threads were stopped: 0.0005372 seconds, Stopping threads took: 0.0001029 seconds
[2021-12-31T03:06:42.163+0000][1][safepoint    ] Application time: 1.0001934 seconds
[2021-12-31T03:06:42.163+0000][1][safepoint    ] Entering safepoint region: Cleanup
[2021-12-31T03:06:42.163+0000][1][safepoint    ] Leaving safepoint region
[2021-12-31T03:06:42.164+0000][1][safepoint    ] Total time for which application threads were stopped: 0.0004066 seconds, Stopping threads took: 0.0002667 seconds
[2021-12-31T03:06:43.164+0000][1][safepoint    ] Application time: 1.0004289 seconds
[2021-12-31T03:06:43.164+0000][1][safepoint    ] Entering safepoint region: Cleanup
[2021-12-31T03:06:43.164+0000][1][safepoint    ] Leaving safepoint region
[2021-12-31T03:06:43.164+0000][1][safepoint    ] Total time for which application threads were stopped: 0.0002171 seconds, Stopping threads took: 0.0000896 seconds
[2021-12-31T03:06:44.165+0000][1][safepoint    ] Application time: 1.0009669 seconds
[2021-12-31T03:06:44.166+0000][1][safepoint    ] Entering safepoint region: Cleanup
[2021-12-31T03:06:44.166+0000][1][safepoint    ] Leaving safepoint region
[2021-12-31T03:06:44.166+0000][1][safepoint    ] Total time for which application threads were stopped: 0.0004626 seconds, Stopping threads took: 0.0001192 seconds
[2021-12-31T03:06:45.172+0000][1][safepoint    ] Application time: 1.0061463 seconds
[2021-12-31T03:06:45.184+0000][1][safepoint    ] Entering safepoint region: Cleanup
[2021-12-31T03:06:45.192+0000][1][safepoint    ] Leaving safepoint region
[2021-12-31T03:06:45.196+0000][1][safepoint    ] Total time for which application threads were stopped: 0.0121390 seconds, Stopping threads took: 0.0079046 seconds
[2021-12-31T03:06:46.198+0000][1][safepoint    ] Application time: 1.0005552 seconds
[2021-12-31T03:06:46.200+0000][1][safepoint    ] Entering safepoint region: Cleanup
[2021-12-31T03:06:46.200+0000][1][safepoint    ] Leaving safepoint region
[2021-12-31T03:06:46.203+0000][1][safepoint    ] Total time for which application threads were stopped: 0.0029645 seconds, Stopping threads took: 0.0006601 seconds
[2021-12-31T03:06:47.212+0000][1][safepoint    ] Application time: 1.0087120 seconds
[2021-12-31T03:06:47.219+0000][1][safepoint    ] Entering safepoint region: Cleanup
[2021-12-31T03:06:47.230+0000][1][safepoint    ] Leaving safepoint region
[2021-12-31T03:06:47.238+0000][1][safepoint    ] Total time for which application threads were stopped: 0.0192267 seconds, Stopping threads took: 0.0106208 seconds
[2021-12-31T03:06:48.277+0000][1][safepoint    ] Application time: 1.0270546 seconds
[2021-12-31T03:06:48.278+0000][1][safepoint    ] Entering safepoint region: Cleanup
[2021-12-31T03:06:48.289+0000][1][safepoint    ] Leaving safepoint region
[2021-12-31T03:06:48.295+0000][1][safepoint    ] Total time for which application threads were stopped: 0.0170094 seconds, Stopping threads took: 0.0109254 seconds
[2021-12-31T03:06:49.307+0000][1][safepoint    ] Application time: 1.0013599 seconds
[2021-12-31T03:06:49.309+0000][1][safepoint    ] Entering safepoint region: Cleanup
[2021-12-31T03:06:49.311+0000][1][safepoint    ] Leaving safepoint region
[2021-12-31T03:06:49.311+0000][1][safepoint    ] Total time for which application threads were stopped: 0.0016201 seconds, Stopping threads took: 0.0014069 seconds
[2021-12-31T03:06:50.314+0000][1][safepoint    ] Application time: 1.0033161 seconds
[2021-12-31T03:06:50.319+0000][1][safepoint    ] Entering safepoint region: Cleanup
[2021-12-31T03:06:50.330+0000][1][safepoint    ] Leaving safepoint region
[2021-12-31T03:06:50.336+0000][1][safepoint    ] Total time for which application threads were stopped: 0.0168661 seconds, Stopping threads took: 0.0110892 seconds
[2021-12-31T03:06:51.346+0000][1][safepoint    ] Application time: 1.0004832 seconds
[2021-12-31T03:06:51.350+0000][1][safepoint    ] Entering safepoint region: Cleanup
[2021-12-31T03:06:51.362+0000][1][safepoint    ] Leaving safepoint region
[2021-12-31T03:06:51.376+0000][1][safepoint    ] Total time for which application threads were stopped: 0.0253425 seconds, Stopping threads took: 0.0114232 seconds
[2021-12-31T03:06:52.387+0000][1][safepoint    ] Application time: 1.0001005 seconds
[2021-12-31T03:06:52.392+0000][1][safepoint    ] Entering safepoint region: Cleanup
[2021-12-31T03:06:52.393+0000][1][safepoint    ] Leaving safepoint region
[2021-12-31T03:06:52.393+0000][1][safepoint    ] Total time for which application threads were stopped: 0.0004320 seconds, Stopping threads took: 0.0002882 seconds
[2021-12-31T03:06:53.393+0000][1][safepoint    ] Application time: 1.0002464 seconds
[2021-12-31T03:06:53.393+0000][1][safepoint    ] Entering safepoint region: Cleanup
[2021-12-31T03:06:53.394+0000][1][safepoint    ] Leaving safepoint region
[2021-12-31T03:06:53.394+0000][1][safepoint    ] Total time for which application threads were stopped: 0.0002669 seconds, Stopping threads took: 0.0001319 seconds
[2021-12-31T03:06:54.394+0000][1][safepoint    ] Application time: 1.0002530 seconds
[2021-12-31T03:06:54.394+0000][1][safepoint    ] Entering safepoint region: Cleanup
[2021-12-31T03:06:54.394+0000][1][safepoint    ] Leaving safepoint region
[2021-12-31T03:06:54.394+0000][1][safepoint    ] Total time for which application threads were stopped: 0.0002325 seconds, Stopping threads took: 0.0001018 seconds
[2021-12-31T03:06:55.396+0000][1][safepoint    ] Application time: 1.0011656 seconds
[2021-12-31T03:06:55.397+0000][1][safepoint    ] Entering safepoint region: Cleanup
[2021-12-31T03:06:55.397+0000][1][safepoint    ] Leaving safepoint region
[2021-12-31T03:06:55.397+0000][1][safepoint    ] Total time for which application threads were stopped: 0.0005164 seconds, Stopping threads took: 0.0002491 seconds
[2021-12-31T03:06:56.398+0000][1][safepoint    ] Application time: 1.0011311 seconds
[2021-12-31T03:06:56.399+0000][1][safepoint    ] Entering safepoint region: Cleanup
[2021-12-31T03:06:56.399+0000][1][safepoint    ] Leaving safepoint region
[2021-12-31T03:06:56.400+0000][1][safepoint    ] Total time for which application threads were stopped: 0.0008562 seconds, Stopping threads took: 0.0002512 seconds
[2021-12-31T03:06:57.400+0000][1][safepoint    ] Application time: 1.0005711 seconds
[2021-12-31T03:06:57.401+0000][1][safepoint    ] Entering safepoint region: Cleanup
[2021-12-31T03:06:57.401+0000][1][safepoint    ] Leaving safepoint region
[2021-12-31T03:06:57.401+0000][1][safepoint    ] Total time for which application threads were stopped: 0.0002471 seconds, Stopping threads took: 0.0001054 seconds
[2021-12-31T03:06:58.401+0000][1][safepoint    ] Application time: 1.0003414 seconds
[2021-12-31T03:06:58.402+0000][1][safepoint    ] Entering safepoint region: Cleanup
[2021-12-31T03:06:58.402+0000][1][safepoint    ] Leaving safepoint region
[2021-12-31T03:06:58.402+0000][1][safepoint    ] Total time for which application threads were stopped: 0.0002396 seconds, Stopping threads took: 0.0001034 seconds
[2021-12-31T03:06:59.402+0000][1][safepoint    ] Application time: 1.0002264 seconds
[2021-12-31T03:06:59.402+0000][1][safepoint    ] Entering safepoint region: Cleanup
[2021-12-31T03:06:59.403+0000][1][safepoint    ] Leaving safepoint region
[2021-12-31T03:06:59.403+0000][1][safepoint    ] Total time for which application threads were stopped: 0.0002315 seconds, Stopping threads took: 0.0001004 seconds
[2021-12-31T03:07:00.403+0000][1][safepoint    ] Application time: 1.0003522 seconds
[2021-12-31T03:07:00.403+0000][1][safepoint    ] Entering safepoint region: Cleanup
[2021-12-31T03:07:00.404+0000][1][safepoint    ] Leaving safepoint region
[2021-12-31T03:07:00.404+0000][1][safepoint    ] Total time for which application threads were stopped: 0.0002291 seconds, Stopping threads took: 0.0000991 seconds
[2021-12-31T03:07:01.404+0000][1][safepoint    ] Application time: 1.0005818 seconds
[2021-12-31T03:07:01.405+0000][1][safepoint    ] Entering safepoint region: Cleanup
[2021-12-31T03:07:01.405+0000][1][safepoint    ] Leaving safepoint region
[2021-12-31T03:07:01.405+0000][1][safepoint    ] Total time for which application threads were stopped: 0.0002508 seconds, Stopping threads took: 0.0001102 seconds
[2021-12-31T03:07:02.406+0000][1][safepoint    ] Application time: 1.0006343 seconds
[2021-12-31T03:07:02.406+0000][1][safepoint    ] Entering safepoint region: Cleanup
[2021-12-31T03:07:02.406+0000][1][safepoint    ] Leaving safepoint region
[2021-12-31T03:07:02.406+0000][1][safepoint    ] Total time for which application threads were stopped: 0.0002212 seconds, Stopping threads took: 0.0000930 seconds
[2021-12-31T03:07:03.407+0000][1][safepoint    ] Application time: 1.0008866 seconds
[2021-12-31T03:07:03.407+0000][1][safepoint    ] Entering safepoint region: Cleanup
[2021-12-31T03:07:03.407+0000][1][safepoint    ] Leaving safepoint region
[2021-12-31T03:07:03.407+0000][1][safepoint    ] Total time for which application threads were stopped: 0.0002019 seconds, Stopping threads took: 0.0000860 seconds
[2021-12-31T03:07:04.409+0000][1][safepoint    ] Application time: 1.0016160 seconds
[2021-12-31T03:07:04.409+0000][1][safepoint    ] Entering safepoint region: Cleanup
[2021-12-31T03:07:04.410+0000][1][safepoint    ] Leaving safepoint region
[2021-12-31T03:07:04.410+0000][1][safepoint    ] Total time for which application threads were stopped: 0.0005035 seconds, Stopping threads took: 0.0002260 seconds
[2021-12-31T03:07:05.414+0000][1][safepoint    ] Application time: 1.0035037 seconds
[2021-12-31T03:07:05.414+0000][1][safepoint    ] Entering safepoint region: Cleanup
[2021-12-31T03:07:05.415+0000][1][safepoint    ] Leaving safepoint region
[2021-12-31T03:07:05.415+0000][1][safepoint    ] Total time for which application threads were stopped: 0.0005603 seconds, Stopping threads took: 0.0002479 seconds
[2021-12-31T03:07:06.416+0000][1][safepoint    ] Application time: 1.0005396 seconds
[2021-12-31T03:07:06.416+0000][1][safepoint    ] Entering safepoint region: Cleanup
[2021-12-31T03:07:06.416+0000][1][safepoint    ] Leaving safepoint region
[2021-12-31T03:07:06.416+0000][1][safepoint    ] Total time for which application threads were stopped: 0.0002658 seconds, Stopping threads took: 0.0001100 seconds
[2021-12-31T03:07:07.419+0000][1][safepoint    ] Application time: 1.0027234 seconds
[2021-12-31T03:07:07.419+0000][1][safepoint    ] Entering safepoint region: Cleanup
[2021-12-31T03:07:07.419+0000][1][safepoint    ] Leaving safepoint region
[2021-12-31T03:07:07.419+0000][1][safepoint    ] Total time for which application threads were stopped: 0.0002355 seconds, Stopping threads took: 0.0001020 seconds
[2021-12-31T03:07:08.423+0000][1][safepoint    ] Application time: 1.0031874 seconds
[2021-12-31T03:07:08.423+0000][1][safepoint    ] Entering safepoint region: Cleanup
[2021-12-31T03:07:08.423+0000][1][safepoint    ] Leaving safepoint region
[2021-12-31T03:07:08.423+0000][1][safepoint    ] Total time for which application threads were stopped: 0.0002318 seconds, Stopping threads took: 0.0001033 seconds
[2021-12-31T03:07:09.427+0000][1][safepoint    ] Application time: 1.0036299 seconds
[2021-12-31T03:07:09.427+0000][1][safepoint    ] Entering safepoint region: Cleanup
[2021-12-31T03:07:09.428+0000][1][safepoint    ] Leaving safepoint region
[2021-12-31T03:07:09.428+0000][1][safepoint    ] Total time for which application threads were stopped: 0.0005043 seconds, Stopping threads took: 0.0002209 seconds
[2021-12-31T03:07:11.251+0000][1][safepoint    ] Application time: 1.8233422 seconds
[2021-12-31T03:07:11.252+0000][1][safepoint    ] Entering safepoint region: Cleanup
[2021-12-31T03:07:11.252+0000][1][safepoint    ] Leaving safepoint region
[2021-12-31T03:07:11.252+0000][1][safepoint    ] Total time for which application threads were stopped: 0.0003634 seconds, Stopping threads took: 0.0002040 seconds
[2021-12-31T03:07:12.255+0000][1][safepoint    ] Application time: 1.0026207 seconds
[2021-12-31T03:07:12.255+0000][1][safepoint    ] Entering safepoint region: Cleanup
[2021-12-31T03:07:12.255+0000][1][safepoint    ] Leaving safepoint region
[2021-12-31T03:07:12.255+0000][1][safepoint    ] Total time for which application threads were stopped: 0.0003321 seconds, Stopping threads took: 0.0001891 seconds
[2021-12-31T03:07:13.258+0000][1][safepoint    ] Application time: 1.0024053 seconds
[2021-12-31T03:07:13.258+0000][1][safepoint    ] Entering safepoint region: Cleanup
[2021-12-31T03:07:13.258+0000][1][safepoint    ] Leaving safepoint region
[2021-12-31T03:07:13.258+0000][1][safepoint    ] Total time for which application threads were stopped: 0.0004347 seconds, Stopping threads took: 0.0001930 seconds
[2021-12-31T03:07:14.262+0000][1][safepoint    ] Application time: 1.0031266 seconds
[2021-12-31T03:07:14.262+0000][1][safepoint    ] Entering safepoint region: Cleanup
[2021-12-31T03:07:14.262+0000][1][safepoint    ] Leaving safepoint region
[2021-12-31T03:07:14.262+0000][1][safepoint    ] Total time for which application threads were stopped: 0.0003893 seconds, Stopping threads took: 0.0001078 seconds
[2021-12-31T03:07:15.266+0000][1][safepoint    ] Application time: 1.0035411 seconds
[2021-12-31T03:07:15.266+0000][1][safepoint    ] Entering safepoint region: Cleanup
[2021-12-31T03:07:15.267+0000][1][safepoint    ] Leaving safepoint region
[2021-12-31T03:07:15.267+0000][1][safepoint    ] Total time for which application threads were stopped: 0.0003072 seconds, Stopping threads took: 0.0001273 seconds
[2021-12-31T03:07:16.269+0000][1][safepoint    ] Application time: 1.0018989 seconds
[2021-12-31T03:07:16.269+0000][1][safepoint    ] Entering safepoint region: Cleanup
[2021-12-31T03:07:16.269+0000][1][safepoint    ] Leaving safepoint region
[2021-12-31T03:07:16.270+0000][1][safepoint    ] Total time for which application threads were stopped: 0.0003736 seconds, Stopping threads took: 0.0002043 seconds
[2021-12-31T03:07:17.273+0000][1][safepoint    ] Application time: 1.0031738 seconds
[2021-12-31T03:07:17.273+0000][1][safepoint    ] Entering safepoint region: Cleanup
[2021-12-31T03:07:17.273+0000][1][safepoint    ] Leaving safepoint region
[2021-12-31T03:07:17.273+0000][1][safepoint    ] Total time for which application threads were stopped: 0.0002488 seconds, Stopping threads took: 0.0001044 seconds
[2021-12-31T03:07:17.781+0000][1][safepoint    ] Application time: 0.5072665 seconds
[2021-12-31T03:07:17.781+0000][1][safepoint    ] Entering safepoint region: RevokeBias
[2021-12-31T03:07:17.781+0000][1][safepoint    ] Leaving safepoint region
[2021-12-31T03:07:17.782+0000][1][safepoint    ] Total time for which application threads were stopped: 0.0004290 seconds, Stopping threads took: 0.0001845 seconds
[2021-12-31T03:07:18.785+0000][1][safepoint    ] Application time: 1.0036790 seconds
[2021-12-31T03:07:18.786+0000][1][safepoint    ] Entering safepoint region: Cleanup
[2021-12-31T03:07:18.786+0000][1][safepoint    ] Leaving safepoint region
[2021-12-31T03:07:18.786+0000][1][safepoint    ] Total time for which application threads were stopped: 0.0003691 seconds, Stopping threads took: 0.0001530 seconds
[2021-12-31T03:07:19.787+0000][1][safepoint    ] Application time: 1.0011199 seconds
[2021-12-31T03:07:19.788+0000][1][safepoint    ] Entering safepoint region: Cleanup
[2021-12-31T03:07:19.788+0000][1][safepoint    ] Leaving safepoint region
[2021-12-31T03:07:19.788+0000][1][safepoint    ] Total time for which application threads were stopped: 0.0004996 seconds, Stopping threads took: 0.0002111 seconds
[2021-12-31T03:07:20.789+0000][1][safepoint    ] Application time: 1.0011528 seconds
[2021-12-31T03:07:20.789+0000][1][safepoint    ] Entering safepoint region: Cleanup
[2021-12-31T03:07:20.790+0000][1][safepoint    ] Leaving safepoint region
[2021-12-31T03:07:20.790+0000][1][safepoint    ] Total time for which application threads were stopped: 0.0002311 seconds, Stopping threads took: 0.0001011 seconds
[2021-12-31T03:07:21.790+0000][1][safepoint    ] Application time: 1.0002989 seconds
[2021-12-31T03:07:21.790+0000][1][safepoint    ] Entering safepoint region: Cleanup
[2021-12-31T03:07:21.790+0000][1][safepoint    ] Leaving safepoint region
[2021-12-31T03:07:21.791+0000][1][safepoint    ] Total time for which application threads were stopped: 0.0002262 seconds, Stopping threads took: 0.0000978 seconds
[2021-12-31T03:07:22.793+0000][1][safepoint    ] Application time: 1.0025798 seconds
[2021-12-31T03:07:22.793+0000][1][safepoint    ] Entering safepoint region: Cleanup
[2021-12-31T03:07:22.794+0000][1][safepoint    ] Leaving safepoint region
[2021-12-31T03:07:22.794+0000][1][safepoint    ] Total time for which application threads were stopped: 0.0002278 seconds, Stopping threads took: 0.0000978 seconds
[2021-12-31T03:07:23.797+0000][1][safepoint    ] Application time: 1.0029171 seconds
[2021-12-31T03:07:23.797+0000][1][safepoint    ] Entering safepoint region: Cleanup
[2021-12-31T03:07:23.797+0000][1][safepoint    ] Leaving safepoint region
[2021-12-31T03:07:23.797+0000][1][safepoint    ] Total time for which application threads were stopped: 0.0004270 seconds, Stopping threads took: 0.0001831 seconds
[2021-12-31T03:07:24.798+0000][1][safepoint    ] Application time: 1.0003862 seconds
[2021-12-31T03:07:24.798+0000][1][safepoint    ] Entering safepoint region: Cleanup
[2021-12-31T03:07:24.798+0000][1][safepoint    ] Leaving safepoint region
[2021-12-31T03:07:24.798+0000][1][safepoint    ] Total time for which application threads were stopped: 0.0002104 seconds, Stopping threads took: 0.0000913 seconds
[2021-12-31T03:07:25.800+0000][1][safepoint    ] Application time: 1.0018327 seconds
[2021-12-31T03:07:25.801+0000][1][safepoint    ] Entering safepoint region: Cleanup
[2021-12-31T03:07:25.801+0000][1][safepoint    ] Leaving safepoint region
[2021-12-31T03:07:25.801+0000][1][safepoint    ] Total time for which application threads were stopped: 0.0005738 seconds, Stopping threads took: 0.0002837 seconds
[2021-12-31T03:07:26.802+0000][1][safepoint    ] Application time: 1.0001719 seconds
[2021-12-31T03:07:26.802+0000][1][safepoint    ] Entering safepoint region: Cleanup
[2021-12-31T03:07:26.802+0000][1][safepoint    ] Leaving safepoint region
[2021-12-31T03:07:26.802+0000][1][safepoint    ] Total time for which application threads were stopped: 0.0004512 seconds, Stopping threads took: 0.0002113 seconds
[2021-12-31T03:07:27.805+0000][1][safepoint    ] Application time: 1.0023944 seconds
[2021-12-31T03:07:27.805+0000][1][safepoint    ] Entering safepoint region: Cleanup
[2021-12-31T03:07:27.805+0000][1][safepoint    ] Leaving safepoint region
[2021-12-31T03:07:27.806+0000][1][safepoint    ] Total time for which application threads were stopped: 0.0003430 seconds, Stopping threads took: 0.0001892 seconds
[2021-12-31T03:07:28.807+0000][1][safepoint    ] Application time: 1.0012504 seconds
[2021-12-31T03:07:28.807+0000][1][safepoint    ] Entering safepoint region: Cleanup
[2021-12-31T03:07:28.807+0000][1][safepoint    ] Leaving safepoint region
[2021-12-31T03:07:28.807+0000][1][safepoint    ] Total time for which application threads were stopped: 0.0002737 seconds, Stopping threads took: 0.0001157 seconds
[2021-12-31T03:07:29.818+0000][1][safepoint    ] Application time: 1.0105871 seconds
[2021-12-31T03:07:29.818+0000][1][safepoint    ] Entering safepoint region: Cleanup
[2021-12-31T03:07:29.819+0000][1][safepoint    ] Leaving safepoint region
[2021-12-31T03:07:29.819+0000][1][safepoint    ] Total time for which application threads were stopped: 0.0003185 seconds, Stopping threads took: 0.0001326 seconds
[2021-12-31T03:07:30.829+0000][1][safepoint    ] Application time: 1.0104875 seconds
[2021-12-31T03:07:30.830+0000][1][safepoint    ] Entering safepoint region: Cleanup
[2021-12-31T03:07:30.830+0000][1][safepoint    ] Leaving safepoint region
[2021-12-31T03:07:30.830+0000][1][safepoint    ] Total time for which application threads were stopped: 0.0005897 seconds, Stopping threads took: 0.0002688 seconds
[2021-12-31T03:07:31.831+0000][1][safepoint    ] Application time: 1.0002174 seconds
[2021-12-31T03:07:31.831+0000][1][safepoint    ] Entering safepoint region: Cleanup
[2021-12-31T03:07:31.831+0000][1][safepoint    ] Leaving safepoint region
[2021-12-31T03:07:31.832+0000][1][safepoint    ] Total time for which application threads were stopped: 0.0004952 seconds, Stopping threads took: 0.0002056 seconds
[2021-12-31T03:07:32.833+0000][1][safepoint    ] Application time: 1.0008141 seconds
[2021-12-31T03:07:32.833+0000][1][safepoint    ] Entering safepoint region: Cleanup
[2021-12-31T03:07:32.833+0000][1][safepoint    ] Leaving safepoint region
[2021-12-31T03:07:32.833+0000][1][safepoint    ] Total time for which application threads were stopped: 0.0004088 seconds, Stopping threads took: 0.0002204 seconds
[2021-12-31T03:07:33.834+0000][1][safepoint    ] Application time: 1.0006624 seconds
[2021-12-31T03:07:33.834+0000][1][safepoint    ] Entering safepoint region: Cleanup
[2021-12-31T03:07:33.835+0000][1][safepoint    ] Leaving safepoint region
[2021-12-31T03:07:33.835+0000][1][safepoint    ] Total time for which application threads were stopped: 0.0002398 seconds, Stopping threads took: 0.0001008 seconds
[2021-12-31T03:07:34.835+0000][1][safepoint    ] Application time: 1.0004162 seconds
[2021-12-31T03:07:34.835+0000][1][safepoint    ] Entering safepoint region: Cleanup
[2021-12-31T03:07:34.836+0000][1][safepoint    ] Leaving safepoint region
[2021-12-31T03:07:34.836+0000][1][safepoint    ] Total time for which application threads were stopped: 0.0005128 seconds, Stopping threads took: 0.0001103 seconds
[2021-12-31T03:07:35.836+0000][1][safepoint    ] Application time: 1.0003552 seconds
[2021-12-31T03:07:35.837+0000][1][safepoint    ] Entering safepoint region: Cleanup
[2021-12-31T03:07:35.837+0000][1][safepoint    ] Leaving safepoint region
[2021-12-31T03:07:35.837+0000][1][safepoint    ] Total time for which application threads were stopped: 0.0002280 seconds, Stopping threads took: 0.0000974 seconds
[2021-12-31T03:07:36.839+0000][1][safepoint    ] Application time: 1.0020122 seconds
[2021-12-31T03:07:36.839+0000][1][safepoint    ] Entering safepoint region: Cleanup
[2021-12-31T03:07:36.839+0000][1][safepoint    ] Leaving safepoint region
[2021-12-31T03:07:36.839+0000][1][safepoint    ] Total time for which application threads were stopped: 0.0002292 seconds, Stopping threads took: 0.0000979 seconds
[2021-12-31T03:07:37.841+0000][1][safepoint    ] Application time: 1.0020363 seconds
[2021-12-31T03:07:37.842+0000][1][safepoint    ] Entering safepoint region: Cleanup
[2021-12-31T03:07:37.842+0000][1][safepoint    ] Leaving safepoint region
[2021-12-31T03:07:37.842+0000][1][safepoint    ] Total time for which application threads were stopped: 0.0002356 seconds, Stopping threads took: 0.0001060 seconds
[2021-12-31T03:07:38.842+0000][1][safepoint    ] Application time: 1.0002503 seconds
[2021-12-31T03:07:38.842+0000][1][safepoint    ] Entering safepoint region: Cleanup
[2021-12-31T03:07:38.843+0000][1][safepoint    ] Leaving safepoint region
[2021-12-31T03:07:38.843+0000][1][safepoint    ] Total time for which application threads were stopped: 0.0002397 seconds, Stopping threads took: 0.0001011 seconds
[2021-12-31T03:07:39.845+0000][1][safepoint    ] Application time: 1.0020511 seconds
[2021-12-31T03:07:39.845+0000][1][safepoint    ] Entering safepoint region: Cleanup
[2021-12-31T03:07:39.845+0000][1][safepoint    ] Leaving safepoint region
[2021-12-31T03:07:39.845+0000][1][safepoint    ] Total time for which application threads were stopped: 0.0002385 seconds, Stopping threads took: 0.0000998 seconds
[2021-12-31T03:07:40.848+0000][1][safepoint    ] Application time: 1.0027737 seconds
[2021-12-31T03:07:40.848+0000][1][safepoint    ] Entering safepoint region: Cleanup
[2021-12-31T03:07:40.849+0000][1][safepoint    ] Leaving safepoint region
[2021-12-31T03:07:40.849+0000][1][safepoint    ] Total time for which application threads were stopped: 0.0003024 seconds, Stopping threads took: 0.0001388 seconds
[2021-12-31T03:07:41.851+0000][1][safepoint    ] Application time: 1.0020592 seconds
[2021-12-31T03:07:41.851+0000][1][safepoint    ] Entering safepoint region: Cleanup
[2021-12-31T03:07:41.851+0000][1][safepoint    ] Leaving safepoint region
[2021-12-31T03:07:41.851+0000][1][safepoint    ] Total time for which application threads were stopped: 0.0002447 seconds, Stopping threads took: 0.0001038 seconds
[2021-12-31T03:07:42.853+0000][1][safepoint    ] Application time: 1.0016015 seconds
[2021-12-31T03:07:42.853+0000][1][safepoint    ] Entering safepoint region: Cleanup
[2021-12-31T03:07:42.854+0000][1][safepoint    ] Leaving safepoint region
[2021-12-31T03:07:42.854+0000][1][safepoint    ] Total time for which application threads were stopped: 0.0002338 seconds, Stopping threads took: 0.0001001 seconds
[2021-12-31T03:07:43.854+0000][1][safepoint    ] Application time: 1.0007898 seconds
[2021-12-31T03:07:43.855+0000][1][safepoint    ] Entering safepoint region: Cleanup
[2021-12-31T03:07:43.855+0000][1][safepoint    ] Leaving safepoint region
[2021-12-31T03:07:43.855+0000][1][safepoint    ] Total time for which application threads were stopped: 0.0002319 seconds, Stopping threads took: 0.0001075 seconds
[2021-12-31T03:07:44.855+0000][1][safepoint    ] Application time: 1.0003582 seconds
[2021-12-31T03:07:44.856+0000][1][safepoint    ] Entering safepoint region: Cleanup
[2021-12-31T03:07:44.856+0000][1][safepoint    ] Leaving safepoint region
[2021-12-31T03:07:44.856+0000][1][safepoint    ] Total time for which application threads were stopped: 0.0003979 seconds, Stopping threads took: 0.0001912 seconds
[2021-12-31T03:07:45.857+0000][1][safepoint    ] Application time: 1.0012873 seconds
[2021-12-31T03:07:45.858+0000][1][safepoint    ] Entering safepoint region: Cleanup
[2021-12-31T03:07:45.858+0000][1][safepoint    ] Leaving safepoint region
[2021-12-31T03:07:45.858+0000][1][safepoint    ] Total time for which application threads were stopped: 0.0002305 seconds, Stopping threads took: 0.0000997 seconds
[2021-12-31T03:07:46.861+0000][1][safepoint    ] Application time: 1.0034318 seconds
[2021-12-31T03:07:46.862+0000][1][safepoint    ] Entering safepoint region: Cleanup
[2021-12-31T03:07:46.862+0000][1][safepoint    ] Leaving safepoint region
[2021-12-31T03:07:46.862+0000][1][safepoint    ] Total time for which application threads were stopped: 0.0002207 seconds, Stopping threads took: 0.0000992 seconds
[2021-12-31T03:07:47.864+0000][1][safepoint    ] Application time: 1.0019467 seconds
[2021-12-31T03:07:47.864+0000][1][safepoint    ] Entering safepoint region: Cleanup
[2021-12-31T03:07:47.864+0000][1][safepoint    ] Leaving safepoint region
[2021-12-31T03:07:47.865+0000][1][safepoint    ] Total time for which application threads were stopped: 0.0003326 seconds, Stopping threads took: 0.0001605 seconds
[2021-12-31T03:07:48.865+0000][1][safepoint    ] Application time: 1.0002826 seconds
[2021-12-31T03:07:48.865+0000][1][safepoint    ] Entering safepoint region: Cleanup
[2021-12-31T03:07:48.866+0000][1][safepoint    ] Leaving safepoint region
[2021-12-31T03:07:48.866+0000][1][safepoint    ] Total time for which application threads were stopped: 0.0005028 seconds, Stopping threads took: 0.0002259 seconds
[2021-12-31T03:07:49.868+0000][1][safepoint    ] Application time: 1.0016155 seconds
[2021-12-31T03:07:49.868+0000][1][safepoint    ] Entering safepoint region: Cleanup
[2021-12-31T03:07:49.868+0000][1][safepoint    ] Leaving safepoint region
[2021-12-31T03:07:49.868+0000][1][safepoint    ] Total time for which application threads were stopped: 0.0002323 seconds, Stopping threads took: 0.0001015 seconds
[2021-12-31T03:07:50.870+0000][1][safepoint    ] Application time: 1.0022041 seconds
[2021-12-31T03:07:50.870+0000][1][safepoint    ] Entering safepoint region: Cleanup
[2021-12-31T03:07:50.871+0000][1][safepoint    ] Leaving safepoint region
[2021-12-31T03:07:50.871+0000][1][safepoint    ] Total time for which application threads were stopped: 0.0002890 seconds, Stopping threads took: 0.0001395 seconds
[2021-12-31T03:07:51.874+0000][1][safepoint    ] Application time: 1.0028605 seconds
[2021-12-31T03:07:51.874+0000][1][safepoint    ] Entering safepoint region: Cleanup
[2021-12-31T03:07:51.874+0000][1][safepoint    ] Leaving safepoint region
[2021-12-31T03:07:51.874+0000][1][safepoint    ] Total time for which application threads were stopped: 0.0003026 seconds, Stopping threads took: 0.0001347 seconds
[2021-12-31T03:07:52.877+0000][1][safepoint    ] Application time: 1.0024085 seconds
[2021-12-31T03:07:52.877+0000][1][safepoint    ] Entering safepoint region: Cleanup
[2021-12-31T03:07:52.877+0000][1][safepoint    ] Leaving safepoint region
[2021-12-31T03:07:52.877+0000][1][safepoint    ] Total time for which application threads were stopped: 0.0002473 seconds, Stopping threads took: 0.0001043 seconds
[2021-12-31T03:07:53.881+0000][1][safepoint    ] Application time: 1.0036693 seconds
[2021-12-31T03:07:53.881+0000][1][safepoint    ] Entering safepoint region: Cleanup
[2021-12-31T03:07:53.882+0000][1][safepoint    ] Leaving safepoint region
[2021-12-31T03:07:53.882+0000][1][safepoint    ] Total time for which application threads were stopped: 0.0004748 seconds, Stopping threads took: 0.0001972 seconds
[2021-12-31T03:07:54.882+0000][1][safepoint    ] Application time: 1.0003305 seconds
[2021-12-31T03:07:54.883+0000][1][safepoint    ] Entering safepoint region: Cleanup
[2021-12-31T03:07:54.883+0000][1][safepoint    ] Leaving safepoint region
[2021-12-31T03:07:54.883+0000][1][safepoint    ] Total time for which application threads were stopped: 0.0004707 seconds, Stopping threads took: 0.0002017 seconds
[2021-12-31T03:07:55.884+0000][1][safepoint    ] Application time: 1.0007686 seconds
[2021-12-31T03:07:55.884+0000][1][safepoint    ] Entering safepoint region: Cleanup
[2021-12-31T03:07:55.884+0000][1][safepoint    ] Leaving safepoint region
[2021-12-31T03:07:55.885+0000][1][safepoint    ] Total time for which application threads were stopped: 0.0003107 seconds, Stopping threads took: 0.0001436 seconds
[2021-12-31T03:07:56.885+0000][1][safepoint    ] Application time: 1.0002116 seconds
[2021-12-31T03:07:56.885+0000][1][safepoint    ] Entering safepoint region: Cleanup
[2021-12-31T03:07:56.885+0000][1][safepoint    ] Leaving safepoint region
[2021-12-31T03:07:56.886+0000][1][safepoint    ] Total time for which application threads were stopped: 0.0004718 seconds, Stopping threads took: 0.0002040 seconds
[2021-12-31T03:07:57.890+0000][1][safepoint    ] Application time: 1.0039242 seconds
[2021-12-31T03:07:57.890+0000][1][safepoint    ] Entering safepoint region: Cleanup
[2021-12-31T03:07:57.890+0000][1][safepoint    ] Leaving safepoint region
[2021-12-31T03:07:57.890+0000][1][safepoint    ] Total time for which application threads were stopped: 0.0004123 seconds, Stopping threads took: 0.0001631 seconds
[2021-12-31T03:07:58.892+0000][1][safepoint    ] Application time: 1.0011357 seconds
[2021-12-31T03:07:58.892+0000][1][safepoint    ] Entering safepoint region: Cleanup
[2021-12-31T03:07:58.892+0000][1][safepoint    ] Leaving safepoint region
[2021-12-31T03:07:58.893+0000][1][safepoint    ] Total time for which application threads were stopped: 0.0005881 seconds, Stopping threads took: 0.0000924 seconds
[2021-12-31T03:07:59.896+0000][1][safepoint    ] Application time: 1.0033763 seconds
[2021-12-31T03:07:59.896+0000][1][safepoint    ] Entering safepoint region: Cleanup
[2021-12-31T03:07:59.897+0000][1][safepoint    ] Leaving safepoint region
[2021-12-31T03:07:59.897+0000][1][safepoint    ] Total time for which application threads were stopped: 0.0004881 seconds, Stopping threads took: 0.0001982 seconds
[2021-12-31T03:08:00.900+0000][1][safepoint    ] Application time: 1.0025893 seconds
[2021-12-31T03:08:00.900+0000][1][safepoint    ] Entering safepoint region: Cleanup
[2021-12-31T03:08:00.900+0000][1][safepoint    ] Leaving safepoint region
[2021-12-31T03:08:00.900+0000][1][safepoint    ] Total time for which application threads were stopped: 0.0002509 seconds, Stopping threads took: 0.0001187 seconds
[2021-12-31T03:08:01.902+0000][1][safepoint    ] Application time: 1.0019494 seconds
[2021-12-31T03:08:01.902+0000][1][safepoint    ] Entering safepoint region: Cleanup
[2021-12-31T03:08:01.902+0000][1][safepoint    ] Leaving safepoint region
[2021-12-31T03:08:01.903+0000][1][safepoint    ] Total time for which application threads were stopped: 0.0002213 seconds, Stopping threads took: 0.0000982 seconds
[2021-12-31T03:08:02.904+0000][1][safepoint    ] Application time: 1.0014912 seconds
[2021-12-31T03:08:02.904+0000][1][safepoint    ] Entering safepoint region: Cleanup
[2021-12-31T03:08:02.904+0000][1][safepoint    ] Leaving safepoint region
[2021-12-31T03:08:02.905+0000][1][safepoint    ] Total time for which application threads were stopped: 0.0002444 seconds, Stopping threads took: 0.0001040 seconds
[2021-12-31T03:08:03.908+0000][1][safepoint    ] Application time: 1.0032939 seconds
[2021-12-31T03:08:03.908+0000][1][safepoint    ] Entering safepoint region: Cleanup
[2021-12-31T03:08:03.908+0000][1][safepoint    ] Leaving safepoint region
[2021-12-31T03:08:03.908+0000][1][safepoint    ] Total time for which application threads were stopped: 0.0002476 seconds, Stopping threads took: 0.0001033 seconds
[2021-12-31T03:08:04.910+0000][1][safepoint    ] Application time: 1.0011853 seconds
[2021-12-31T03:08:04.910+0000][1][safepoint    ] Entering safepoint region: Cleanup
[2021-12-31T03:08:04.910+0000][1][safepoint    ] Leaving safepoint region
[2021-12-31T03:08:04.910+0000][1][safepoint    ] Total time for which application threads were stopped: 0.0002922 seconds, Stopping threads took: 0.0001147 seconds
[2021-12-31T03:08:05.911+0000][1][safepoint    ] Application time: 1.0004512 seconds
[2021-12-31T03:08:05.911+0000][1][safepoint    ] Entering safepoint region: Cleanup
[2021-12-31T03:08:05.911+0000][1][safepoint    ] Leaving safepoint region
[2021-12-31T03:08:05.911+0000][1][safepoint    ] Total time for which application threads were stopped: 0.0002591 seconds, Stopping threads took: 0.0001113 seconds
[2021-12-31T03:08:06.912+0000][1][safepoint    ] Application time: 1.0002732 seconds
[2021-12-31T03:08:06.912+0000][1][safepoint    ] Entering safepoint region: Cleanup
[2021-12-31T03:08:06.912+0000][1][safepoint    ] Leaving safepoint region
[2021-12-31T03:08:06.912+0000][1][safepoint    ] Total time for which application threads were stopped: 0.0002725 seconds, Stopping threads took: 0.0001177 seconds
[2021-12-31T03:08:07.914+0000][1][safepoint    ] Application time: 1.0011099 seconds
[2021-12-31T03:08:07.914+0000][1][safepoint    ] Entering safepoint region: Cleanup
[2021-12-31T03:08:07.914+0000][1][safepoint    ] Leaving safepoint region
[2021-12-31T03:08:07.914+0000][1][safepoint    ] Total time for which application threads were stopped: 0.0002279 seconds, Stopping threads took: 0.0000975 seconds
[2021-12-31T03:08:08.916+0000][1][safepoint    ] Application time: 1.0024249 seconds
[2021-12-31T03:08:08.917+0000][1][safepoint    ] Entering safepoint region: Cleanup
[2021-12-31T03:08:08.917+0000][1][safepoint    ] Leaving safepoint region
[2021-12-31T03:08:08.917+0000][1][safepoint    ] Total time for which application threads were stopped: 0.0002365 seconds, Stopping threads took: 0.0001009 seconds
[2021-12-31T03:08:09.919+0000][1][safepoint    ] Application time: 1.0018604 seconds
[2021-12-31T03:08:09.919+0000][1][safepoint    ] Entering safepoint region: Cleanup
[2021-12-31T03:08:09.919+0000][1][safepoint    ] Leaving safepoint region
[2021-12-31T03:08:09.919+0000][1][safepoint    ] Total time for which application threads were stopped: 0.0002279 seconds, Stopping threads took: 0.0000972 seconds
[2021-12-31T03:08:10.922+0000][1][safepoint    ] Application time: 1.0030038 seconds
[2021-12-31T03:08:10.923+0000][1][safepoint    ] Entering safepoint region: Cleanup
[2021-12-31T03:08:10.923+0000][1][safepoint    ] Leaving safepoint region
[2021-12-31T03:08:10.923+0000][1][safepoint    ] Total time for which application threads were stopped: 0.0002448 seconds, Stopping threads took: 0.0001134 seconds
[2021-12-31T03:08:11.926+0000][1][safepoint    ] Application time: 1.0028115 seconds
[2021-12-31T03:08:11.926+0000][1][safepoint    ] Entering safepoint region: Cleanup
[2021-12-31T03:08:11.926+0000][1][safepoint    ] Leaving safepoint region
[2021-12-31T03:08:11.926+0000][1][safepoint    ] Total time for which application threads were stopped: 0.0002468 seconds, Stopping threads took: 0.0001067 seconds
[2021-12-31T03:08:12.932+0000][1][safepoint    ] Application time: 1.0057576 seconds
[2021-12-31T03:08:12.932+0000][1][safepoint    ] Entering safepoint region: Cleanup
[2021-12-31T03:08:12.933+0000][1][safepoint    ] Leaving safepoint region
[2021-12-31T03:08:12.933+0000][1][safepoint    ] Total time for which application threads were stopped: 0.0005585 seconds, Stopping threads took: 0.0002208 seconds
[2021-12-31T03:08:13.938+0000][1][safepoint    ] Application time: 1.0045628 seconds
[2021-12-31T03:08:13.938+0000][1][safepoint    ] Entering safepoint region: Cleanup
[2021-12-31T03:08:13.939+0000][1][safepoint    ] Leaving safepoint region
[2021-12-31T03:08:13.939+0000][1][safepoint    ] Total time for which application threads were stopped: 0.0006092 seconds, Stopping threads took: 0.0002646 seconds
[2021-12-31T03:08:14.955+0000][1][safepoint    ] Application time: 1.0156920 seconds
[2021-12-31T03:08:14.955+0000][1][safepoint    ] Entering safepoint region: Cleanup
[2021-12-31T03:08:14.955+0000][1][safepoint    ] Leaving safepoint region
[2021-12-31T03:08:14.956+0000][1][safepoint    ] Total time for which application threads were stopped: 0.0005931 seconds, Stopping threads took: 0.0001823 seconds
[2021-12-31T03:08:15.966+0000][1][safepoint    ] Application time: 1.0103619 seconds
[2021-12-31T03:08:15.967+0000][1][safepoint    ] Entering safepoint region: Cleanup
[2021-12-31T03:08:15.967+0000][1][safepoint    ] Leaving safepoint region
[2021-12-31T03:08:15.967+0000][1][safepoint    ] Total time for which application threads were stopped: 0.0004061 seconds, Stopping threads took: 0.0002478 seconds
[2021-12-31T03:08:16.975+0000][1][safepoint    ] Application time: 1.0076663 seconds
[2021-12-31T03:08:16.975+0000][1][safepoint    ] Entering safepoint region: Cleanup
[2021-12-31T03:08:16.975+0000][1][safepoint    ] Leaving safepoint region
[2021-12-31T03:08:16.975+0000][1][safepoint    ] Total time for which application threads were stopped: 0.0002744 seconds, Stopping threads took: 0.0001010 seconds
[2021-12-31T03:08:17.789+0000][1][safepoint    ] Application time: 0.8138861 seconds
[2021-12-31T03:08:17.790+0000][1][safepoint    ] Entering safepoint region: RevokeBias
[2021-12-31T03:08:17.790+0000][1][safepoint    ] Leaving safepoint region
[2021-12-31T03:08:17.790+0000][1][safepoint    ] Total time for which application threads were stopped: 0.0002766 seconds, Stopping threads took: 0.0001440 seconds
[2021-12-31T03:08:18.793+0000][1][safepoint    ] Application time: 1.0025544 seconds
[2021-12-31T03:08:18.793+0000][1][safepoint    ] Entering safepoint region: Cleanup
[2021-12-31T03:08:18.793+0000][1][safepoint    ] Leaving safepoint region
[2021-12-31T03:08:18.793+0000][1][safepoint    ] Total time for which application threads were stopped: 0.0002294 seconds, Stopping threads took: 0.0000955 seconds
[2021-12-31T03:08:19.794+0000][1][safepoint    ] Application time: 1.0008126 seconds
[2021-12-31T03:08:19.794+0000][1][safepoint    ] Entering safepoint region: Cleanup
[2021-12-31T03:08:19.794+0000][1][safepoint    ] Leaving safepoint region
[2021-12-31T03:08:19.794+0000][1][safepoint    ] Total time for which application threads were stopped: 0.0002398 seconds, Stopping threads took: 0.0001012 seconds
[2021-12-31T03:08:20.796+0000][1][safepoint    ] Application time: 1.0015784 seconds
[2021-12-31T03:08:20.796+0000][1][safepoint    ] Entering safepoint region: Cleanup
[2021-12-31T03:08:20.796+0000][1][safepoint    ] Leaving safepoint region
[2021-12-31T03:08:20.796+0000][1][safepoint    ] Total time for which application threads were stopped: 0.0002120 seconds, Stopping threads took: 0.0000887 seconds
[2021-12-31T03:08:21.799+0000][1][safepoint    ] Application time: 1.0022118 seconds
[2021-12-31T03:08:21.799+0000][1][safepoint    ] Entering safepoint region: Cleanup
[2021-12-31T03:08:21.799+0000][1][safepoint    ] Leaving safepoint region
[2021-12-31T03:08:21.799+0000][1][safepoint    ] Total time for which application threads were stopped: 0.0002408 seconds, Stopping threads took: 0.0001025 seconds
[2021-12-31T03:08:22.802+0000][1][safepoint    ] Application time: 1.0030731 seconds
[2021-12-31T03:08:22.802+0000][1][safepoint    ] Entering safepoint region: Cleanup
[2021-12-31T03:08:22.803+0000][1][safepoint    ] Leaving safepoint region
[2021-12-31T03:08:22.803+0000][1][safepoint    ] Total time for which application threads were stopped: 0.0003280 seconds, Stopping threads took: 0.0001011 seconds
[2021-12-31T03:08:23.806+0000][1][safepoint    ] Application time: 1.0031695 seconds
[2021-12-31T03:08:23.806+0000][1][safepoint    ] Entering safepoint region: Cleanup
[2021-12-31T03:08:23.807+0000][1][safepoint    ] Leaving safepoint region
[2021-12-31T03:08:23.807+0000][1][safepoint    ] Total time for which application threads were stopped: 0.0004940 seconds, Stopping threads took: 0.0001869 seconds
[2021-12-31T03:08:24.809+0000][1][safepoint    ] Application time: 1.0016789 seconds
[2021-12-31T03:08:24.809+0000][1][safepoint    ] Entering safepoint region: Cleanup
[2021-12-31T03:08:24.809+0000][1][safepoint    ] Leaving safepoint region
[2021-12-31T03:08:24.810+0000][1][safepoint    ] Total time for which application threads were stopped: 0.0003685 seconds, Stopping threads took: 0.0001375 seconds
[2021-12-31T03:08:25.810+0000][1][safepoint    ] Application time: 1.0002169 seconds
[2021-12-31T03:08:25.810+0000][1][safepoint    ] Entering safepoint region: Cleanup
[2021-12-31T03:08:25.810+0000][1][safepoint    ] Leaving safepoint region
[2021-12-31T03:08:25.810+0000][1][safepoint    ] Total time for which application threads were stopped: 0.0002415 seconds, Stopping threads took: 0.0001119 seconds
[2021-12-31T03:08:26.811+0000][1][safepoint    ] Application time: 1.0004109 seconds
[2021-12-31T03:08:26.811+0000][1][safepoint    ] Entering safepoint region: Cleanup
[2021-12-31T03:08:26.811+0000][1][safepoint    ] Leaving safepoint region
[2021-12-31T03:08:26.811+0000][1][safepoint    ] Total time for which application threads were stopped: 0.0002267 seconds, Stopping threads took: 0.0000976 seconds
[2021-12-31T03:08:27.812+0000][1][safepoint    ] Application time: 1.0005834 seconds
[2021-12-31T03:08:27.812+0000][1][safepoint    ] Entering safepoint region: Cleanup
[2021-12-31T03:08:27.812+0000][1][safepoint    ] Leaving safepoint region
[2021-12-31T03:08:27.812+0000][1][safepoint    ] Total time for which application threads were stopped: 0.0002563 seconds, Stopping threads took: 0.0001101 seconds
[2021-12-31T03:08:28.816+0000][1][safepoint    ] Application time: 1.0033501 seconds
[2021-12-31T03:08:28.816+0000][1][safepoint    ] Entering safepoint region: Cleanup
[2021-12-31T03:08:28.816+0000][1][safepoint    ] Leaving safepoint region
[2021-12-31T03:08:28.816+0000][1][safepoint    ] Total time for which application threads were stopped: 0.0002335 seconds, Stopping threads took: 0.0001089 seconds
[2021-12-31T03:08:29.820+0000][1][safepoint    ] Application time: 1.0032732 seconds
[2021-12-31T03:08:29.820+0000][1][safepoint    ] Entering safepoint region: Cleanup
[2021-12-31T03:08:29.820+0000][1][safepoint    ] Leaving safepoint region
[2021-12-31T03:08:29.820+0000][1][safepoint    ] Total time for which application threads were stopped: 0.0004500 seconds, Stopping threads took: 0.0001012 seconds
[2021-12-31T03:08:30.822+0000][1][safepoint    ] Application time: 1.0012483 seconds
[2021-12-31T03:08:30.822+0000][1][safepoint    ] Entering safepoint region: Cleanup
[2021-12-31T03:08:30.822+0000][1][safepoint    ] Leaving safepoint region
[2021-12-31T03:08:30.822+0000][1][safepoint    ] Total time for which application threads were stopped: 0.0002606 seconds, Stopping threads took: 0.0001185 seconds
[2021-12-31T03:08:31.826+0000][1][safepoint    ] Application time: 1.0034013 seconds
[2021-12-31T03:08:31.826+0000][1][safepoint    ] Entering safepoint region: Cleanup
[2021-12-31T03:08:31.826+0000][1][safepoint    ] Leaving safepoint region
[2021-12-31T03:08:31.826+0000][1][safepoint    ] Total time for which application threads were stopped: 0.0002587 seconds, Stopping threads took: 0.0001145 seconds
[2021-12-31T03:08:32.829+0000][1][safepoint    ] Application time: 1.0023802 seconds
[2021-12-31T03:08:32.829+0000][1][safepoint    ] Entering safepoint region: Cleanup
[2021-12-31T03:08:32.829+0000][1][safepoint    ] Leaving safepoint region
[2021-12-31T03:08:32.829+0000][1][safepoint    ] Total time for which application threads were stopped: 0.0002274 seconds, Stopping threads took: 0.0000984 seconds
[2021-12-31T03:08:33.830+0000][1][safepoint    ] Application time: 1.0006829 seconds
[2021-12-31T03:08:33.830+0000][1][safepoint    ] Entering safepoint region: Cleanup
[2021-12-31T03:08:33.830+0000][1][safepoint    ] Leaving safepoint region
[2021-12-31T03:08:33.831+0000][1][safepoint    ] Total time for which application threads were stopped: 0.0004195 seconds, Stopping threads took: 0.0001806 seconds
[2021-12-31T03:08:34.833+0000][1][safepoint    ] Application time: 1.0022282 seconds
[2021-12-31T03:08:34.833+0000][1][safepoint    ] Entering safepoint region: Cleanup
[2021-12-31T03:08:34.833+0000][1][safepoint    ] Leaving safepoint region
[2021-12-31T03:08:34.833+0000][1][safepoint    ] Total time for which application threads were stopped: 0.0002246 seconds, Stopping threads took: 0.0000942 seconds
[2021-12-31T03:08:35.835+0000][1][safepoint    ] Application time: 1.0009985 seconds
[2021-12-31T03:08:35.835+0000][1][safepoint    ] Entering safepoint region: Cleanup
[2021-12-31T03:08:35.835+0000][1][safepoint    ] Leaving safepoint region
[2021-12-31T03:08:35.835+0000][1][safepoint    ] Total time for which application threads were stopped: 0.0002228 seconds, Stopping threads took: 0.0000926 seconds
[2021-12-31T03:08:36.837+0000][1][safepoint    ] Application time: 1.0016966 seconds
[2021-12-31T03:08:36.837+0000][1][safepoint    ] Entering safepoint region: Cleanup
[2021-12-31T03:08:36.837+0000][1][safepoint    ] Leaving safepoint region
[2021-12-31T03:08:36.838+0000][1][safepoint    ] Total time for which application threads were stopped: 0.0006215 seconds, Stopping threads took: 0.0001850 seconds
[2021-12-31T03:08:37.841+0000][1][safepoint    ] Application time: 1.0029802 seconds
[2021-12-31T03:08:37.841+0000][1][safepoint    ] Entering safepoint region: Cleanup
[2021-12-31T03:08:37.842+0000][1][safepoint    ] Leaving safepoint region
[2021-12-31T03:08:37.842+0000][1][safepoint    ] Total time for which application threads were stopped: 0.0004841 seconds, Stopping threads took: 0.0002141 seconds
[2021-12-31T03:08:38.843+0000][1][safepoint    ] Application time: 1.0008983 seconds
[2021-12-31T03:08:38.843+0000][1][safepoint    ] Entering safepoint region: Cleanup
[2021-12-31T03:08:38.843+0000][1][safepoint    ] Leaving safepoint region
[2021-12-31T03:08:38.843+0000][1][safepoint    ] Total time for which application threads were stopped: 0.0002163 seconds, Stopping threads took: 0.0000946 seconds
[2021-12-31T03:08:39.845+0000][1][safepoint    ] Application time: 1.0015005 seconds
[2021-12-31T03:08:39.845+0000][1][safepoint    ] Entering safepoint region: Cleanup
[2021-12-31T03:08:39.845+0000][1][safepoint    ] Leaving safepoint region
[2021-12-31T03:08:39.845+0000][1][safepoint    ] Total time for which application threads were stopped: 0.0002124 seconds, Stopping threads took: 0.0000908 seconds
[2021-12-31T03:08:40.849+0000][1][safepoint    ] Application time: 1.0037442 seconds
[2021-12-31T03:08:40.849+0000][1][safepoint    ] Entering safepoint region: Cleanup
[2021-12-31T03:08:40.850+0000][1][safepoint    ] Leaving safepoint region
[2021-12-31T03:08:40.850+0000][1][safepoint    ] Total time for which application threads were stopped: 0.0004710 seconds, Stopping threads took: 0.0002016 seconds
[2021-12-31T03:08:41.852+0000][1][safepoint    ] Application time: 1.0017459 seconds
[2021-12-31T03:08:41.852+0000][1][safepoint    ] Entering safepoint region: Cleanup
[2021-12-31T03:08:41.852+0000][1][safepoint    ] Leaving safepoint region
[2021-12-31T03:08:41.852+0000][1][safepoint    ] Total time for which application threads were stopped: 0.0002585 seconds, Stopping threads took: 0.0001143 seconds
[2021-12-31T03:08:42.867+0000][1][safepoint    ] Application time: 1.0149913 seconds
[2021-12-31T03:08:42.868+0000][1][safepoint    ] Entering safepoint region: Cleanup
[2021-12-31T03:08:42.868+0000][1][safepoint    ] Leaving safepoint region
[2021-12-31T03:08:42.868+0000][1][safepoint    ] Total time for which application threads were stopped: 0.0007492 seconds, Stopping threads took: 0.0002984 seconds
[2021-12-31T03:08:43.873+0000][1][safepoint    ] Application time: 1.0045479 seconds
[2021-12-31T03:08:43.874+0000][1][safepoint    ] Entering safepoint region: Cleanup
[2021-12-31T03:08:43.874+0000][1][safepoint    ] Leaving safepoint region
[2021-12-31T03:08:43.874+0000][1][safepoint    ] Total time for which application threads were stopped: 0.0004671 seconds, Stopping threads took: 0.0001546 seconds
[2021-12-31T03:08:44.883+0000][1][safepoint    ] Application time: 1.0082578 seconds
[2021-12-31T03:08:44.883+0000][1][safepoint    ] Entering safepoint region: Cleanup
[2021-12-31T03:08:44.883+0000][1][safepoint    ] Leaving safepoint region
[2021-12-31T03:08:44.883+0000][1][safepoint    ] Total time for which application threads were stopped: 0.0002829 seconds, Stopping threads took: 0.0001084 seconds
[2021-12-31T03:08:45.897+0000][1][safepoint    ] Application time: 1.0140412 seconds
[2021-12-31T03:08:45.898+0000][1][safepoint    ] Entering safepoint region: Cleanup
[2021-12-31T03:08:45.898+0000][1][safepoint    ] Leaving safepoint region
[2021-12-31T03:08:45.899+0000][1][safepoint    ] Total time for which application threads were stopped: 0.0005197 seconds, Stopping threads took: 0.0002289 seconds
[2021-12-31T03:08:46.903+0000][1][safepoint    ] Application time: 1.0046304 seconds
[2021-12-31T03:08:46.904+0000][1][safepoint    ] Entering safepoint region: Cleanup
[2021-12-31T03:08:46.904+0000][1][safepoint    ] Leaving safepoint region
[2021-12-31T03:08:46.904+0000][1][safepoint    ] Total time for which application threads were stopped: 0.0005556 seconds, Stopping threads took: 0.0002270 seconds
[2021-12-31T03:08:47.912+0000][1][safepoint    ] Application time: 1.0071817 seconds
[2021-12-31T03:08:47.912+0000][1][safepoint    ] Entering safepoint region: Cleanup
[2021-12-31T03:08:47.912+0000][1][safepoint    ] Leaving safepoint region
[2021-12-31T03:08:47.912+0000][1][safepoint    ] Total time for which application threads were stopped: 0.0003076 seconds, Stopping threads took: 0.0001437 seconds
[2021-12-31T03:08:48.916+0000][1][safepoint    ] Application time: 1.0035570 seconds
[2021-12-31T03:08:48.916+0000][1][safepoint    ] Entering safepoint region: Cleanup
[2021-12-31T03:08:48.917+0000][1][safepoint    ] Leaving safepoint region
[2021-12-31T03:08:48.917+0000][1][safepoint    ] Total time for which application threads were stopped: 0.0002452 seconds, Stopping threads took: 0.0000980 seconds
[2021-12-31T03:08:49.919+0000][1][safepoint    ] Application time: 1.0026470 seconds
[2021-12-31T03:08:49.920+0000][1][safepoint    ] Entering safepoint region: Cleanup
[2021-12-31T03:08:49.920+0000][1][safepoint    ] Leaving safepoint region
[2021-12-31T03:08:49.920+0000][1][safepoint    ] Total time for which application threads were stopped: 0.0002729 seconds, Stopping threads took: 0.0001433 seconds
[2021-12-31T03:08:50.920+0000][1][safepoint    ] Application time: 1.0000731 seconds
[2021-12-31T03:08:50.920+0000][1][safepoint    ] Entering safepoint region: Cleanup
[2021-12-31T03:08:50.920+0000][1][safepoint    ] Leaving safepoint region
[2021-12-31T03:08:50.920+0000][1][safepoint    ] Total time for which application threads were stopped: 0.0002210 seconds, Stopping threads took: 0.0000962 seconds
[2021-12-31T03:08:51.922+0000][1][safepoint    ] Application time: 1.0015126 seconds
[2021-12-31T03:08:51.922+0000][1][safepoint    ] Entering safepoint region: Cleanup
[2021-12-31T03:08:51.923+0000][1][safepoint    ] Leaving safepoint region
[2021-12-31T03:08:51.923+0000][1][safepoint    ] Total time for which application threads were stopped: 0.0005311 seconds, Stopping threads took: 0.0003917 seconds
[2021-12-31T03:08:52.924+0000][1][safepoint    ] Application time: 1.0006343 seconds
[2021-12-31T03:08:52.924+0000][1][safepoint    ] Entering safepoint region: Cleanup
[2021-12-31T03:08:52.924+0000][1][safepoint    ] Leaving safepoint region
[2021-12-31T03:08:52.924+0000][1][safepoint    ] Total time for which application threads were stopped: 0.0004147 seconds, Stopping threads took: 0.0002204 seconds
[2021-12-31T03:08:53.925+0000][1][safepoint    ] Application time: 1.0007443 seconds
[2021-12-31T03:08:53.926+0000][1][safepoint    ] Entering safepoint region: Cleanup
[2021-12-31T03:08:53.926+0000][1][safepoint    ] Leaving safepoint region
[2021-12-31T03:08:53.926+0000][1][safepoint    ] Total time for which application threads were stopped: 0.0005675 seconds, Stopping threads took: 0.0002244 seconds
[2021-12-31T03:08:54.929+0000][1][safepoint    ] Application time: 1.0021475 seconds
[2021-12-31T03:08:54.929+0000][1][safepoint    ] Entering safepoint region: Cleanup
[2021-12-31T03:08:54.929+0000][1][safepoint    ] Leaving safepoint region
[2021-12-31T03:08:54.930+0000][1][safepoint    ] Total time for which application threads were stopped: 0.0005256 seconds, Stopping threads took: 0.0002319 seconds
[2021-12-31T03:08:55.933+0000][1][safepoint    ] Application time: 1.0033401 seconds
[2021-12-31T03:08:55.933+0000][1][safepoint    ] Entering safepoint region: Cleanup
[2021-12-31T03:08:55.934+0000][1][safepoint    ] Leaving safepoint region
[2021-12-31T03:08:55.934+0000][1][safepoint    ] Total time for which application threads were stopped: 0.0003506 seconds, Stopping threads took: 0.0001210 seconds
[2021-12-31T03:08:56.937+0000][1][safepoint    ] Application time: 1.0029131 seconds
[2021-12-31T03:08:56.937+0000][1][safepoint    ] Entering safepoint region: Cleanup
[2021-12-31T03:08:56.938+0000][1][safepoint    ] Leaving safepoint region
[2021-12-31T03:08:56.938+0000][1][safepoint    ] Total time for which application threads were stopped: 0.0005597 seconds, Stopping threads took: 0.0002581 seconds
[2021-12-31T03:08:57.941+0000][1][safepoint    ] Application time: 1.0033155 seconds
[2021-12-31T03:08:57.942+0000][1][safepoint    ] Entering safepoint region: Cleanup
[2021-12-31T03:08:57.942+0000][1][safepoint    ] Leaving safepoint region
[2021-12-31T03:08:57.942+0000][1][safepoint    ] Total time for which application threads were stopped: 0.0003732 seconds, Stopping threads took: 0.0001739 seconds
[2021-12-31T03:08:58.943+0000][1][safepoint    ] Application time: 1.0010828 seconds
[2021-12-31T03:08:58.943+0000][1][safepoint    ] Entering safepoint region: Cleanup
[2021-12-31T03:08:58.944+0000][1][safepoint    ] Leaving safepoint region
[2021-12-31T03:08:58.944+0000][1][safepoint    ] Total time for which application threads were stopped: 0.0002472 seconds, Stopping threads took: 0.0001023 seconds
[2021-12-31T03:08:59.944+0000][1][safepoint    ] Application time: 1.0005863 seconds
[2021-12-31T03:08:59.945+0000][1][safepoint    ] Entering safepoint region: Cleanup
[2021-12-31T03:08:59.945+0000][1][safepoint    ] Leaving safepoint region
[2021-12-31T03:08:59.945+0000][1][safepoint    ] Total time for which application threads were stopped: 0.0003745 seconds, Stopping threads took: 0.0001739 seconds
[2021-12-31T03:09:00.946+0000][1][safepoint    ] Application time: 1.0013066 seconds
[2021-12-31T03:09:00.947+0000][1][safepoint    ] Entering safepoint region: Cleanup
[2021-12-31T03:09:00.947+0000][1][safepoint    ] Leaving safepoint region
[2021-12-31T03:09:00.947+0000][1][safepoint    ] Total time for which application threads were stopped: 0.0002692 seconds, Stopping threads took: 0.0001288 seconds
[2021-12-31T03:09:01.949+0000][1][safepoint    ] Application time: 1.0018778 seconds
[2021-12-31T03:09:01.949+0000][1][safepoint    ] Entering safepoint region: Cleanup
[2021-12-31T03:09:01.950+0000][1][safepoint    ] Leaving safepoint region
[2021-12-31T03:09:01.950+0000][1][safepoint    ] Total time for which application threads were stopped: 0.0005915 seconds, Stopping threads took: 0.0002447 seconds
[2021-12-31T03:09:02.952+0000][1][safepoint    ] Application time: 1.0014222 seconds
[2021-12-31T03:09:02.952+0000][1][safepoint    ] Entering safepoint region: Cleanup
[2021-12-31T03:09:02.952+0000][1][safepoint    ] Leaving safepoint region
[2021-12-31T03:09:02.952+0000][1][safepoint    ] Total time for which application threads were stopped: 0.0003247 seconds, Stopping threads took: 0.0001428 seconds
[2021-12-31T03:09:03.952+0000][1][safepoint    ] Application time: 1.0000972 seconds
[2021-12-31T03:09:03.952+0000][1][safepoint    ] Entering safepoint region: Cleanup
[2021-12-31T03:09:03.953+0000][1][safepoint    ] Leaving safepoint region
[2021-12-31T03:09:03.953+0000][1][safepoint    ] Total time for which application threads were stopped: 0.0003757 seconds, Stopping threads took: 0.0001031 seconds
[2021-12-31T03:09:04.329+0000][1][safepoint    ] Application time: 0.3762403 seconds
[2021-12-31T03:09:04.329+0000][1][safepoint    ] Entering safepoint region: GenCollectForAllocation
[2021-12-31T03:09:04.330+0000][1][gc,start     ] GC(41) Pause Young (Allocation Failure)
[2021-12-31T03:09:04.330+0000][1][gc,task      ] GC(41) Using 1 workers of 1 for evacuation
[2021-12-31T03:09:04.336+0000][1][gc,age       ] GC(41) Desired survivor size 4358144 bytes, new threshold 6 (max threshold 6)
[2021-12-31T03:09:04.337+0000][1][gc,age       ] GC(41) Age table with threshold 6 (max threshold 6)
[2021-12-31T03:09:04.337+0000][1][gc,age       ] GC(41) - age   1:      16640 bytes,      16640 total
[2021-12-31T03:09:04.337+0000][1][gc,age       ] GC(41) - age   2:       5952 bytes,      22592 total
[2021-12-31T03:09:04.337+0000][1][gc,age       ] GC(41) - age   3:       2608 bytes,      25200 total
[2021-12-31T03:09:04.337+0000][1][gc,age       ] GC(41) - age   4:      16928 bytes,      42128 total
[2021-12-31T03:09:04.337+0000][1][gc,age       ] GC(41) - age   5:        168 bytes,      42296 total
[2021-12-31T03:09:04.337+0000][1][gc,age       ] GC(41) - age   6:       2128 bytes,      44424 total
[2021-12-31T03:09:04.338+0000][1][gc,heap      ] GC(41) ParNew: 68371K->66K(76672K)
[2021-12-31T03:09:04.338+0000][1][gc,heap      ] GC(41) CMS: 127653K->127720K(439104K)
[2021-12-31T03:09:04.338+0000][1][gc,metaspace ] GC(41) Metaspace: 73472K->73472K(1116160K)
[2021-12-31T03:09:04.338+0000][1][gc           ] GC(41) Pause Young (Allocation Failure) 191M->124M(503M) 8.115ms
[2021-12-31T03:09:04.338+0000][1][gc,cpu       ] GC(41) User=0.01s Sys=0.00s Real=0.01s
[2021-12-31T03:09:04.338+0000][1][safepoint    ] Leaving safepoint region
[2021-12-31T03:09:04.338+0000][1][safepoint    ] Total time for which application threads were stopped: 0.0089629 seconds, Stopping threads took: 0.0002409 seconds
[2021-12-31T03:09:05.340+0000][1][safepoint    ] Application time: 1.0009288 seconds
[2021-12-31T03:09:05.340+0000][1][safepoint    ] Entering safepoint region: Cleanup
[2021-12-31T03:09:05.340+0000][1][safepoint    ] Leaving safepoint region
[2021-12-31T03:09:05.340+0000][1][safepoint    ] Total time for which application threads were stopped: 0.0002342 seconds, Stopping threads took: 0.0001014 seconds
[2021-12-31T03:09:06.341+0000][1][safepoint    ] Application time: 1.0009293 seconds
[2021-12-31T03:09:06.341+0000][1][safepoint    ] Entering safepoint region: Cleanup
[2021-12-31T03:09:06.341+0000][1][safepoint    ] Leaving safepoint region
[2021-12-31T03:09:06.341+0000][1][safepoint    ] Total time for which application threads were stopped: 0.0002365 seconds, Stopping threads took: 0.0000971 seconds
[2021-12-31T03:09:07.344+0000][1][safepoint    ] Application time: 1.0020785 seconds
[2021-12-31T03:09:07.344+0000][1][safepoint    ] Entering safepoint region: Cleanup
[2021-12-31T03:09:07.344+0000][1][safepoint    ] Leaving safepoint region
[2021-12-31T03:09:07.344+0000][1][safepoint    ] Total time for which application threads were stopped: 0.0004026 seconds, Stopping threads took: 0.0001828 seconds
[2021-12-31T03:09:08.346+0000][1][safepoint    ] Application time: 1.0015704 seconds
[2021-12-31T03:09:08.346+0000][1][safepoint    ] Entering safepoint region: Cleanup
[2021-12-31T03:09:08.346+0000][1][safepoint    ] Leaving safepoint region
[2021-12-31T03:09:08.346+0000][1][safepoint    ] Total time for which application threads were stopped: 0.0002501 seconds, Stopping threads took: 0.0001076 seconds
[2021-12-31T03:09:09.347+0000][1][safepoint    ] Application time: 1.0005660 seconds
[2021-12-31T03:09:09.347+0000][1][safepoint    ] Entering safepoint region: Cleanup
[2021-12-31T03:09:09.348+0000][1][safepoint    ] Leaving safepoint region
[2021-12-31T03:09:09.348+0000][1][safepoint    ] Total time for which application threads were stopped: 0.0003101 seconds, Stopping threads took: 0.0001359 seconds
[2021-12-31T03:09:10.350+0000][1][safepoint    ] Application time: 1.0023608 seconds
[2021-12-31T03:09:10.350+0000][1][safepoint    ] Entering safepoint region: Cleanup
[2021-12-31T03:09:10.351+0000][1][safepoint    ] Leaving safepoint region
[2021-12-31T03:09:10.351+0000][1][safepoint    ] Total time for which application threads were stopped: 0.0003092 seconds, Stopping threads took: 0.0001219 seconds
[2021-12-31T03:09:11.351+0000][1][safepoint    ] Application time: 1.0003873 seconds
[2021-12-31T03:09:11.351+0000][1][safepoint    ] Entering safepoint region: Cleanup
[2021-12-31T03:09:11.352+0000][1][safepoint    ] Leaving safepoint region
[2021-12-31T03:09:11.352+0000][1][safepoint    ] Total time for which application threads were stopped: 0.0002551 seconds, Stopping threads took: 0.0001105 seconds
[2021-12-31T03:09:12.353+0000][1][safepoint    ] Application time: 1.0006443 seconds
[2021-12-31T03:09:12.353+0000][1][safepoint    ] Entering safepoint region: Cleanup
[2021-12-31T03:09:12.353+0000][1][safepoint    ] Leaving safepoint region
[2021-12-31T03:09:12.353+0000][1][safepoint    ] Total time for which application threads were stopped: 0.0002331 seconds, Stopping threads took: 0.0001022 seconds
[2021-12-31T03:09:13.364+0000][1][safepoint    ] Application time: 1.0113493 seconds
[2021-12-31T03:09:13.365+0000][1][safepoint    ] Entering safepoint region: Cleanup
[2021-12-31T03:09:13.365+0000][1][safepoint    ] Leaving safepoint region
[2021-12-31T03:09:13.365+0000][1][safepoint    ] Total time for which application threads were stopped: 0.0003272 seconds, Stopping threads took: 0.0001548 seconds
[2021-12-31T03:09:14.365+0000][1][safepoint    ] Application time: 1.0003339 seconds
[2021-12-31T03:09:14.366+0000][1][safepoint    ] Entering safepoint region: Cleanup
[2021-12-31T03:09:14.366+0000][1][safepoint    ] Leaving safepoint region
[2021-12-31T03:09:14.366+0000][1][safepoint    ] Total time for which application threads were stopped: 0.0003327 seconds, Stopping threads took: 0.0001316 seconds
[2021-12-31T03:09:15.366+0000][1][safepoint    ] Application time: 1.0002938 seconds
[2021-12-31T03:09:15.367+0000][1][safepoint    ] Entering safepoint region: Cleanup
[2021-12-31T03:09:15.367+0000][1][safepoint    ] Leaving safepoint region
[2021-12-31T03:09:15.367+0000][1][safepoint    ] Total time for which application threads were stopped: 0.0003008 seconds, Stopping threads took: 0.0001376 seconds
[2021-12-31T03:09:16.369+0000][1][safepoint    ] Application time: 1.0020029 seconds
[2021-12-31T03:09:16.369+0000][1][safepoint    ] Entering safepoint region: Cleanup
[2021-12-31T03:09:16.370+0000][1][safepoint    ] Leaving safepoint region
[2021-12-31T03:09:16.370+0000][1][safepoint    ] Total time for which application threads were stopped: 0.0004043 seconds, Stopping threads took: 0.0001731 seconds
[2021-12-31T03:09:17.372+0000][1][safepoint    ] Application time: 1.0023917 seconds
[2021-12-31T03:09:17.373+0000][1][safepoint    ] Entering safepoint region: Cleanup
[2021-12-31T03:09:17.373+0000][1][safepoint    ] Leaving safepoint region
[2021-12-31T03:09:17.373+0000][1][safepoint    ] Total time for which application threads were stopped: 0.0003346 seconds, Stopping threads took: 0.0001167 seconds
[2021-12-31T03:09:17.820+0000][1][safepoint    ] Application time: 0.4472230 seconds
[2021-12-31T03:09:17.821+0000][1][safepoint    ] Entering safepoint region: RevokeBias
[2021-12-31T03:09:17.821+0000][1][safepoint    ] Leaving safepoint region
[2021-12-31T03:09:17.821+0000][1][safepoint    ] Total time for which application threads were stopped: 0.0007733 seconds, Stopping threads took: 0.0001723 seconds
[2021-12-31T03:09:18.825+0000][1][safepoint    ] Application time: 1.0028663 seconds
[2021-12-31T03:09:18.825+0000][1][safepoint    ] Entering safepoint region: Cleanup
[2021-12-31T03:09:18.825+0000][1][safepoint    ] Leaving safepoint region
[2021-12-31T03:09:18.826+0000][1][safepoint    ] Total time for which application threads were stopped: 0.0005972 seconds, Stopping threads took: 0.0002588 seconds
[2021-12-31T03:09:19.827+0000][1][safepoint    ] Application time: 1.0012568 seconds
[2021-12-31T03:09:19.827+0000][1][safepoint    ] Entering safepoint region: Cleanup
[2021-12-31T03:09:19.828+0000][1][safepoint    ] Leaving safepoint region
[2021-12-31T03:09:19.828+0000][1][safepoint    ] Total time for which application threads were stopped: 0.0005878 seconds, Stopping threads took: 0.0002516 seconds
[2021-12-31T03:09:20.830+0000][1][safepoint    ] Application time: 1.0015189 seconds
[2021-12-31T03:09:20.830+0000][1][safepoint    ] Entering safepoint region: Cleanup
[2021-12-31T03:09:20.830+0000][1][safepoint    ] Leaving safepoint region
[2021-12-31T03:09:20.830+0000][1][safepoint    ] Total time for which application threads were stopped: 0.0003888 seconds, Stopping threads took: 0.0001718 seconds
[2021-12-31T03:09:21.831+0000][1][safepoint    ] Application time: 1.0005041 seconds
[2021-12-31T03:09:21.831+0000][1][safepoint    ] Entering safepoint region: Cleanup
[2021-12-31T03:09:21.832+0000][1][safepoint    ] Leaving safepoint region
[2021-12-31T03:09:21.832+0000][1][safepoint    ] Total time for which application threads were stopped: 0.0004250 seconds, Stopping threads took: 0.0001516 seconds
[2021-12-31T03:09:22.833+0000][1][safepoint    ] Application time: 1.0007093 seconds
[2021-12-31T03:09:22.833+0000][1][safepoint    ] Entering safepoint region: Cleanup
[2021-12-31T03:09:22.833+0000][1][safepoint    ] Leaving safepoint region
[2021-12-31T03:09:22.833+0000][1][safepoint    ] Total time for which application threads were stopped: 0.0004054 seconds, Stopping threads took: 0.0001712 seconds
[2021-12-31T03:09:23.836+0000][1][safepoint    ] Application time: 1.0025059 seconds
[2021-12-31T03:09:23.836+0000][1][safepoint    ] Entering safepoint region: Cleanup
[2021-12-31T03:09:23.837+0000][1][safepoint    ] Leaving safepoint region
[2021-12-31T03:09:23.837+0000][1][safepoint    ] Total time for which application threads were stopped: 0.0003246 seconds, Stopping threads took: 0.0001387 seconds
[2021-12-31T03:09:24.841+0000][1][safepoint    ] Application time: 1.0037809 seconds
[2021-12-31T03:09:24.841+0000][1][safepoint    ] Entering safepoint region: Cleanup
[2021-12-31T03:09:24.841+0000][1][safepoint    ] Leaving safepoint region
[2021-12-31T03:09:24.841+0000][1][safepoint    ] Total time for which application threads were stopped: 0.0002836 seconds, Stopping threads took: 0.0001041 seconds
[2021-12-31T03:09:25.844+0000][1][safepoint    ] Application time: 1.0031461 seconds
[2021-12-31T03:09:25.845+0000][1][safepoint    ] Entering safepoint region: Cleanup
[2021-12-31T03:09:25.845+0000][1][safepoint    ] Leaving safepoint region
[2021-12-31T03:09:25.845+0000][1][safepoint    ] Total time for which application threads were stopped: 0.0003031 seconds, Stopping threads took: 0.0001441 seconds
[2021-12-31T03:09:26.845+0000][1][safepoint    ] Application time: 1.0005305 seconds
[2021-12-31T03:09:26.846+0000][1][safepoint    ] Entering safepoint region: Cleanup
[2021-12-31T03:09:26.846+0000][1][safepoint    ] Leaving safepoint region
[2021-12-31T03:09:26.846+0000][1][safepoint    ] Total time for which application threads were stopped: 0.0002708 seconds, Stopping threads took: 0.0001078 seconds
[2021-12-31T03:09:27.847+0000][1][safepoint    ] Application time: 1.0010125 seconds
[2021-12-31T03:09:27.847+0000][1][safepoint    ] Entering safepoint region: Cleanup
[2021-12-31T03:09:27.848+0000][1][safepoint    ] Leaving safepoint region
[2021-12-31T03:09:27.848+0000][1][safepoint    ] Total time for which application threads were stopped: 0.0003120 seconds, Stopping threads took: 0.0001206 seconds
[2021-12-31T03:09:28.850+0000][1][safepoint    ] Application time: 1.0022554 seconds
[2021-12-31T03:09:28.850+0000][1][safepoint    ] Entering safepoint region: Cleanup
[2021-12-31T03:09:28.851+0000][1][safepoint    ] Leaving safepoint region
[2021-12-31T03:09:28.851+0000][1][safepoint    ] Total time for which application threads were stopped: 0.0004161 seconds, Stopping threads took: 0.0001849 seconds
[2021-12-31T03:09:29.853+0000][1][safepoint    ] Application time: 1.0023097 seconds
[2021-12-31T03:09:29.854+0000][1][safepoint    ] Entering safepoint region: Cleanup
[2021-12-31T03:09:29.854+0000][1][safepoint    ] Leaving safepoint region
[2021-12-31T03:09:29.854+0000][1][safepoint    ] Total time for which application threads were stopped: 0.0003027 seconds, Stopping threads took: 0.0001734 seconds
[2021-12-31T03:09:30.854+0000][1][safepoint    ] Application time: 1.0002642 seconds
[2021-12-31T03:09:30.854+0000][1][safepoint    ] Entering safepoint region: Cleanup
[2021-12-31T03:09:30.855+0000][1][safepoint    ] Leaving safepoint region
[2021-12-31T03:09:30.855+0000][1][safepoint    ] Total time for which application threads were stopped: 0.0005252 seconds, Stopping threads took: 0.0000997 seconds
[2021-12-31T03:09:31.857+0000][1][safepoint    ] Application time: 1.0021059 seconds
[2021-12-31T03:09:31.857+0000][1][safepoint    ] Entering safepoint region: Cleanup
[2021-12-31T03:09:31.857+0000][1][safepoint    ] Leaving safepoint region
[2021-12-31T03:09:31.857+0000][1][safepoint    ] Total time for which application threads were stopped: 0.0002071 seconds, Stopping threads took: 0.0000884 seconds
[2021-12-31T03:09:32.859+0000][1][safepoint    ] Application time: 1.0012303 seconds
[2021-12-31T03:09:32.859+0000][1][safepoint    ] Entering safepoint region: Cleanup
[2021-12-31T03:09:32.859+0000][1][safepoint    ] Leaving safepoint region
[2021-12-31T03:09:32.860+0000][1][safepoint    ] Total time for which application threads were stopped: 0.0004307 seconds, Stopping threads took: 0.0001921 seconds
[2021-12-31T03:09:33.861+0000][1][safepoint    ] Application time: 1.0014704 seconds
[2021-12-31T03:09:33.861+0000][1][safepoint    ] Entering safepoint region: Cleanup
[2021-12-31T03:09:33.862+0000][1][safepoint    ] Leaving safepoint region
[2021-12-31T03:09:33.862+0000][1][safepoint    ] Total time for which application threads were stopped: 0.0002269 seconds, Stopping threads took: 0.0000978 seconds
[2021-12-31T03:09:34.862+0000][1][safepoint    ] Application time: 1.0002673 seconds
[2021-12-31T03:09:34.862+0000][1][safepoint    ] Entering safepoint region: Cleanup
[2021-12-31T03:09:34.863+0000][1][safepoint    ] Leaving safepoint region
[2021-12-31T03:09:34.863+0000][1][safepoint    ] Total time for which application threads were stopped: 0.0004756 seconds, Stopping threads took: 0.0002154 seconds
[2021-12-31T03:09:35.867+0000][1][safepoint    ] Application time: 1.0036786 seconds
[2021-12-31T03:09:35.867+0000][1][safepoint    ] Entering safepoint region: Cleanup
[2021-12-31T03:09:35.867+0000][1][safepoint    ] Leaving safepoint region
[2021-12-31T03:09:35.868+0000][1][safepoint    ] Total time for which application threads were stopped: 0.0006682 seconds, Stopping threads took: 0.0002134 seconds
[2021-12-31T03:09:36.871+0000][1][safepoint    ] Application time: 1.0030948 seconds
[2021-12-31T03:09:36.871+0000][1][safepoint    ] Entering safepoint region: Cleanup
[2021-12-31T03:09:36.871+0000][1][safepoint    ] Leaving safepoint region
[2021-12-31T03:09:36.872+0000][1][safepoint    ] Total time for which application threads were stopped: 0.0002311 seconds, Stopping threads took: 0.0000996 seconds
[2021-12-31T03:09:37.873+0000][1][safepoint    ] Application time: 1.0016260 seconds
[2021-12-31T03:09:37.873+0000][1][safepoint    ] Entering safepoint region: Cleanup
[2021-12-31T03:09:37.874+0000][1][safepoint    ] Leaving safepoint region
[2021-12-31T03:09:37.874+0000][1][safepoint    ] Total time for which application threads were stopped: 0.0003421 seconds, Stopping threads took: 0.0001059 seconds
[2021-12-31T03:09:38.878+0000][1][safepoint    ] Application time: 1.0035715 seconds
[2021-12-31T03:09:38.878+0000][1][safepoint    ] Entering safepoint region: Cleanup
[2021-12-31T03:09:38.878+0000][1][safepoint    ] Leaving safepoint region
[2021-12-31T03:09:38.878+0000][1][safepoint    ] Total time for which application threads were stopped: 0.0004582 seconds, Stopping threads took: 0.0001923 seconds
[2021-12-31T03:09:39.882+0000][1][safepoint    ] Application time: 1.0034392 seconds
[2021-12-31T03:09:39.882+0000][1][safepoint    ] Entering safepoint region: Cleanup
[2021-12-31T03:09:39.883+0000][1][safepoint    ] Leaving safepoint region
[2021-12-31T03:09:39.883+0000][1][safepoint    ] Total time for which application threads were stopped: 0.0004451 seconds, Stopping threads took: 0.0001996 seconds
[2021-12-31T03:09:40.886+0000][1][safepoint    ] Application time: 1.0032126 seconds
[2021-12-31T03:09:40.887+0000][1][safepoint    ] Entering safepoint region: Cleanup
[2021-12-31T03:09:40.887+0000][1][safepoint    ] Leaving safepoint region
[2021-12-31T03:09:40.887+0000][1][safepoint    ] Total time for which application threads were stopped: 0.0004222 seconds, Stopping threads took: 0.0001003 seconds
[2021-12-31T03:09:42.203+0000][1][safepoint    ] Application time: 1.3160963 seconds
[2021-12-31T03:09:42.204+0000][1][safepoint    ] Entering safepoint region: Cleanup
[2021-12-31T03:09:42.204+0000][1][safepoint    ] Leaving safepoint region
[2021-12-31T03:09:42.204+0000][1][safepoint    ] Total time for which application threads were stopped: 0.0005507 seconds, Stopping threads took: 0.0002356 seconds
[2021-12-31T03:09:43.207+0000][1][safepoint    ] Application time: 1.0029194 seconds
[2021-12-31T03:09:43.208+0000][1][safepoint    ] Entering safepoint region: Cleanup
[2021-12-31T03:09:43.208+0000][1][safepoint    ] Leaving safepoint region
[2021-12-31T03:09:43.208+0000][1][safepoint    ] Total time for which application threads were stopped: 0.0005091 seconds, Stopping threads took: 0.0001811 seconds
[2021-12-31T03:09:44.210+0000][1][safepoint    ] Application time: 1.0015348 seconds
[2021-12-31T03:09:44.210+0000][1][safepoint    ] Entering safepoint region: Cleanup
[2021-12-31T03:09:44.211+0000][1][safepoint    ] Leaving safepoint region
[2021-12-31T03:09:44.211+0000][1][safepoint    ] Total time for which application threads were stopped: 0.0008318 seconds, Stopping threads took: 0.0004167 seconds
[2021-12-31T03:09:45.212+0000][1][safepoint    ] Application time: 1.0008219 seconds
[2021-12-31T03:09:45.212+0000][1][safepoint    ] Entering safepoint region: Cleanup
[2021-12-31T03:09:45.213+0000][1][safepoint    ] Leaving safepoint region
[2021-12-31T03:09:45.213+0000][1][safepoint    ] Total time for which application threads were stopped: 0.0002479 seconds, Stopping threads took: 0.0001044 seconds
[2021-12-31T03:09:46.215+0000][1][safepoint    ] Application time: 1.0019966 seconds
[2021-12-31T03:09:46.215+0000][1][safepoint    ] Entering safepoint region: Cleanup
[2021-12-31T03:09:46.216+0000][1][safepoint    ] Leaving safepoint region
[2021-12-31T03:09:46.216+0000][1][safepoint    ] Total time for which application threads were stopped: 0.0005680 seconds, Stopping threads took: 0.0002637 seconds
[2021-12-31T03:09:47.217+0000][1][safepoint    ] Application time: 1.0009062 seconds
[2021-12-31T03:09:47.217+0000][1][safepoint    ] Entering safepoint region: Cleanup
[2021-12-31T03:09:47.217+0000][1][safepoint    ] Leaving safepoint region
[2021-12-31T03:09:47.217+0000][1][safepoint    ] Total time for which application threads were stopped: 0.0002203 seconds, Stopping threads took: 0.0000924 seconds
[2021-12-31T03:09:48.220+0000][1][safepoint    ] Application time: 1.0030855 seconds
[2021-12-31T03:09:48.221+0000][1][safepoint    ] Entering safepoint region: Cleanup
[2021-12-31T03:09:48.221+0000][1][safepoint    ] Leaving safepoint region
[2021-12-31T03:09:48.221+0000][1][safepoint    ] Total time for which application threads were stopped: 0.0002286 seconds, Stopping threads took: 0.0000988 seconds
[2021-12-31T03:09:49.222+0000][1][safepoint    ] Application time: 1.0006622 seconds
[2021-12-31T03:09:49.222+0000][1][safepoint    ] Entering safepoint region: Cleanup
[2021-12-31T03:09:49.222+0000][1][safepoint    ] Leaving safepoint region
[2021-12-31T03:09:49.222+0000][1][safepoint    ] Total time for which application threads were stopped: 0.0002411 seconds, Stopping threads took: 0.0001039 seconds
[2021-12-31T03:09:50.225+0000][1][safepoint    ] Application time: 1.0023703 seconds
[2021-12-31T03:09:50.225+0000][1][safepoint    ] Entering safepoint region: Cleanup
[2021-12-31T03:09:50.225+0000][1][safepoint    ] Leaving safepoint region
[2021-12-31T03:09:50.225+0000][1][safepoint    ] Total time for which application threads were stopped: 0.0003396 seconds, Stopping threads took: 0.0001892 seconds
[2021-12-31T03:09:51.229+0000][1][safepoint    ] Application time: 1.0034754 seconds
[2021-12-31T03:09:51.229+0000][1][safepoint    ] Entering safepoint region: Cleanup
[2021-12-31T03:09:51.229+0000][1][safepoint    ] Leaving safepoint region
[2021-12-31T03:09:51.229+0000][1][safepoint    ] Total time for which application threads were stopped: 0.0002246 seconds, Stopping threads took: 0.0000956 seconds
[2021-12-31T03:09:52.232+0000][1][safepoint    ] Application time: 1.0028452 seconds
[2021-12-31T03:09:52.232+0000][1][safepoint    ] Entering safepoint region: Cleanup
[2021-12-31T03:09:52.233+0000][1][safepoint    ] Leaving safepoint region
[2021-12-31T03:09:52.233+0000][1][safepoint    ] Total time for which application threads were stopped: 0.0002218 seconds, Stopping threads took: 0.0000948 seconds
[2021-12-31T03:09:53.234+0000][1][safepoint    ] Application time: 1.0010281 seconds
[2021-12-31T03:09:53.234+0000][1][safepoint    ] Entering safepoint region: Cleanup
[2021-12-31T03:09:53.234+0000][1][safepoint    ] Leaving safepoint region
[2021-12-31T03:09:53.235+0000][1][safepoint    ] Total time for which application threads were stopped: 0.0005955 seconds, Stopping threads took: 0.0002074 seconds
[2021-12-31T03:09:54.236+0000][1][safepoint    ] Application time: 1.0009742 seconds
[2021-12-31T03:09:54.236+0000][1][safepoint    ] Entering safepoint region: Cleanup
[2021-12-31T03:09:54.237+0000][1][safepoint    ] Leaving safepoint region
[2021-12-31T03:09:54.237+0000][1][safepoint    ] Total time for which application threads were stopped: 0.0005385 seconds, Stopping threads took: 0.0002559 seconds
[2021-12-31T03:09:55.238+0000][1][safepoint    ] Application time: 1.0012100 seconds
[2021-12-31T03:09:55.239+0000][1][safepoint    ] Entering safepoint region: Cleanup
[2021-12-31T03:09:55.239+0000][1][safepoint    ] Leaving safepoint region
[2021-12-31T03:09:55.239+0000][1][safepoint    ] Total time for which application threads were stopped: 0.0007254 seconds, Stopping threads took: 0.0003783 seconds
[2021-12-31T03:09:56.240+0000][1][safepoint    ] Application time: 1.0007010 seconds
[2021-12-31T03:09:56.241+0000][1][safepoint    ] Entering safepoint region: Cleanup
[2021-12-31T03:09:56.241+0000][1][safepoint    ] Leaving safepoint region
[2021-12-31T03:09:56.241+0000][1][safepoint    ] Total time for which application threads were stopped: 0.0002694 seconds, Stopping threads took: 0.0001307 seconds
[2021-12-31T03:09:57.242+0000][1][safepoint    ] Application time: 1.0008960 seconds
[2021-12-31T03:09:57.242+0000][1][safepoint    ] Entering safepoint region: Cleanup
[2021-12-31T03:09:57.242+0000][1][safepoint    ] Leaving safepoint region
[2021-12-31T03:09:57.242+0000][1][safepoint    ] Total time for which application threads were stopped: 0.0002692 seconds, Stopping threads took: 0.0001013 seconds
[2021-12-31T03:09:58.243+0000][1][safepoint    ] Application time: 1.0002197 seconds
[2021-12-31T03:09:58.243+0000][1][safepoint    ] Entering safepoint region: Cleanup
[2021-12-31T03:09:58.243+0000][1][safepoint    ] Leaving safepoint region
[2021-12-31T03:09:58.244+0000][1][safepoint    ] Total time for which application threads were stopped: 0.0005829 seconds, Stopping threads took: 0.0002621 seconds
[2021-12-31T03:09:59.244+0000][1][safepoint    ] Application time: 1.0001455 seconds
[2021-12-31T03:09:59.244+0000][1][safepoint    ] Entering safepoint region: Cleanup
[2021-12-31T03:09:59.244+0000][1][safepoint    ] Leaving safepoint region
[2021-12-31T03:09:59.244+0000][1][safepoint    ] Total time for which application threads were stopped: 0.0002377 seconds, Stopping threads took: 0.0001025 seconds
[2021-12-31T03:10:00.247+0000][1][safepoint    ] Application time: 1.0025839 seconds
[2021-12-31T03:10:00.247+0000][1][safepoint    ] Entering safepoint region: Cleanup
[2021-12-31T03:10:00.247+0000][1][safepoint    ] Leaving safepoint region
[2021-12-31T03:10:00.247+0000][1][safepoint    ] Total time for which application threads were stopped: 0.0002129 seconds, Stopping threads took: 0.0000900 seconds
[2021-12-31T03:10:01.250+0000][1][safepoint    ] Application time: 1.0028490 seconds
[2021-12-31T03:10:01.251+0000][1][safepoint    ] Entering safepoint region: Cleanup
[2021-12-31T03:10:01.251+0000][1][safepoint    ] Leaving safepoint region
[2021-12-31T03:10:01.251+0000][1][safepoint    ] Total time for which application threads were stopped: 0.0004763 seconds, Stopping threads took: 0.0002034 seconds
[2021-12-31T03:10:02.252+0000][1][safepoint    ] Application time: 1.0011941 seconds
[2021-12-31T03:10:02.253+0000][1][safepoint    ] Entering safepoint region: Cleanup
[2021-12-31T03:10:02.253+0000][1][safepoint    ] Leaving safepoint region
[2021-12-31T03:10:02.253+0000][1][safepoint    ] Total time for which application threads were stopped: 0.0002251 seconds, Stopping threads took: 0.0000943 seconds
[2021-12-31T03:10:03.255+0000][1][safepoint    ] Application time: 1.0015411 seconds
[2021-12-31T03:10:03.255+0000][1][safepoint    ] Entering safepoint region: Cleanup
[2021-12-31T03:10:03.255+0000][1][safepoint    ] Leaving safepoint region
[2021-12-31T03:10:03.256+0000][1][safepoint    ] Total time for which application threads were stopped: 0.0009383 seconds, Stopping threads took: 0.0004826 seconds
[2021-12-31T03:10:04.257+0000][1][safepoint    ] Application time: 1.0008634 seconds
[2021-12-31T03:10:04.257+0000][1][safepoint    ] Entering safepoint region: Cleanup
[2021-12-31T03:10:04.257+0000][1][safepoint    ] Leaving safepoint region
[2021-12-31T03:10:04.258+0000][1][safepoint    ] Total time for which application threads were stopped: 0.0004335 seconds, Stopping threads took: 0.0001920 seconds
[2021-12-31T03:10:05.259+0000][1][safepoint    ] Application time: 1.0011637 seconds
[2021-12-31T03:10:05.259+0000][1][safepoint    ] Entering safepoint region: Cleanup
[2021-12-31T03:10:05.260+0000][1][safepoint    ] Leaving safepoint region
[2021-12-31T03:10:05.260+0000][1][safepoint    ] Total time for which application threads were stopped: 0.0005984 seconds, Stopping threads took: 0.0002620 seconds
[2021-12-31T03:10:06.262+0000][1][safepoint    ] Application time: 1.0018186 seconds
[2021-12-31T03:10:06.263+0000][1][safepoint    ] Entering safepoint region: Cleanup
[2021-12-31T03:10:06.263+0000][1][safepoint    ] Leaving safepoint region
[2021-12-31T03:10:06.263+0000][1][safepoint    ] Total time for which application threads were stopped: 0.0005459 seconds, Stopping threads took: 0.0002489 seconds
[2021-12-31T03:10:07.265+0000][1][safepoint    ] Application time: 1.0016606 seconds
[2021-12-31T03:10:07.265+0000][1][safepoint    ] Entering safepoint region: Cleanup
[2021-12-31T03:10:07.266+0000][1][safepoint    ] Leaving safepoint region
[2021-12-31T03:10:07.266+0000][1][safepoint    ] Total time for which application threads were stopped: 0.0004593 seconds, Stopping threads took: 0.0001982 seconds
[2021-12-31T03:10:08.266+0000][1][safepoint    ] Application time: 1.0005695 seconds
[2021-12-31T03:10:08.267+0000][1][safepoint    ] Entering safepoint region: Cleanup
[2021-12-31T03:10:08.267+0000][1][safepoint    ] Leaving safepoint region
[2021-12-31T03:10:08.267+0000][1][safepoint    ] Total time for which application threads were stopped: 0.0002386 seconds, Stopping threads took: 0.0000988 seconds
[2021-12-31T03:10:09.268+0000][1][safepoint    ] Application time: 1.0013810 seconds
[2021-12-31T03:10:09.269+0000][1][safepoint    ] Entering safepoint region: Cleanup
[2021-12-31T03:10:09.269+0000][1][safepoint    ] Leaving safepoint region
[2021-12-31T03:10:09.269+0000][1][safepoint    ] Total time for which application threads were stopped: 0.0002246 seconds, Stopping threads took: 0.0001068 seconds
[2021-12-31T03:10:10.272+0000][1][safepoint    ] Application time: 1.0028796 seconds
[2021-12-31T03:10:10.272+0000][1][safepoint    ] Entering safepoint region: Cleanup
[2021-12-31T03:10:10.272+0000][1][safepoint    ] Leaving safepoint region
[2021-12-31T03:10:10.272+0000][1][safepoint    ] Total time for which application threads were stopped: 0.0002464 seconds, Stopping threads took: 0.0001056 seconds
[2021-12-31T03:10:11.784+0000][1][safepoint    ] Application time: 1.5114703 seconds
[2021-12-31T03:10:11.784+0000][1][safepoint    ] Entering safepoint region: Cleanup
[2021-12-31T03:10:11.784+0000][1][safepoint    ] Leaving safepoint region
[2021-12-31T03:10:11.784+0000][1][safepoint    ] Total time for which application threads were stopped: 0.0002433 seconds, Stopping threads took: 0.0000985 seconds
[2021-12-31T03:10:12.785+0000][1][safepoint    ] Application time: 1.0002487 seconds
[2021-12-31T03:10:12.785+0000][1][safepoint    ] Entering safepoint region: Cleanup
[2021-12-31T03:10:12.785+0000][1][safepoint    ] Leaving safepoint region
[2021-12-31T03:10:12.785+0000][1][safepoint    ] Total time for which application threads were stopped: 0.0002228 seconds, Stopping threads took: 0.0000928 seconds
[2021-12-31T03:10:13.786+0000][1][safepoint    ] Application time: 1.0003642 seconds
[2021-12-31T03:10:13.786+0000][1][safepoint    ] Entering safepoint region: Cleanup
[2021-12-31T03:10:13.786+0000][1][safepoint    ] Leaving safepoint region
[2021-12-31T03:10:13.786+0000][1][safepoint    ] Total time for which application threads were stopped: 0.0003547 seconds, Stopping threads took: 0.0001653 seconds
[2021-12-31T03:10:14.787+0000][1][safepoint    ] Application time: 1.0009296 seconds
[2021-12-31T03:10:14.788+0000][1][safepoint    ] Entering safepoint region: Cleanup
[2021-12-31T03:10:14.788+0000][1][safepoint    ] Leaving safepoint region
[2021-12-31T03:10:14.788+0000][1][safepoint    ] Total time for which application threads were stopped: 0.0002410 seconds, Stopping threads took: 0.0001044 seconds
[2021-12-31T03:10:15.788+0000][1][safepoint    ] Application time: 1.0005612 seconds
[2021-12-31T03:10:15.789+0000][1][safepoint    ] Entering safepoint region: Cleanup
[2021-12-31T03:10:15.789+0000][1][safepoint    ] Leaving safepoint region
[2021-12-31T03:10:15.789+0000][1][safepoint    ] Total time for which application threads were stopped: 0.0002261 seconds, Stopping threads took: 0.0000975 seconds
[2021-12-31T03:10:16.791+0000][1][safepoint    ] Application time: 1.0023419 seconds
[2021-12-31T03:10:16.792+0000][1][safepoint    ] Entering safepoint region: Cleanup
[2021-12-31T03:10:16.792+0000][1][safepoint    ] Leaving safepoint region
[2021-12-31T03:10:16.792+0000][1][safepoint    ] Total time for which application threads were stopped: 0.0007392 seconds, Stopping threads took: 0.0002167 seconds
[2021-12-31T03:10:17.796+0000][1][safepoint    ] Application time: 1.0030988 seconds
[2021-12-31T03:10:17.796+0000][1][safepoint    ] Entering safepoint region: Cleanup
[2021-12-31T03:10:17.796+0000][1][safepoint    ] Leaving safepoint region
[2021-12-31T03:10:17.796+0000][1][safepoint    ] Total time for which application threads were stopped: 0.0003694 seconds, Stopping threads took: 0.0001963 seconds
[2021-12-31T03:10:17.844+0000][1][safepoint    ] Application time: 0.0475586 seconds
[2021-12-31T03:10:17.844+0000][1][safepoint    ] Entering safepoint region: BulkRevokeBias
[2021-12-31T03:10:17.845+0000][1][safepoint    ] Leaving safepoint region
[2021-12-31T03:10:17.845+0000][1][safepoint    ] Total time for which application threads were stopped: 0.0004104 seconds, Stopping threads took: 0.0001155 seconds
[2021-12-31T03:10:18.846+0000][1][safepoint    ] Application time: 1.0016390 seconds
[2021-12-31T03:10:18.847+0000][1][safepoint    ] Entering safepoint region: Cleanup
[2021-12-31T03:10:18.847+0000][1][safepoint    ] Leaving safepoint region
[2021-12-31T03:10:18.847+0000][1][safepoint    ] Total time for which application threads were stopped: 0.0005040 seconds, Stopping threads took: 0.0002147 seconds
[2021-12-31T03:10:19.848+0000][1][safepoint    ] Application time: 1.0002734 seconds
[2021-12-31T03:10:19.848+0000][1][safepoint    ] Entering safepoint region: Cleanup
[2021-12-31T03:10:19.848+0000][1][safepoint    ] Leaving safepoint region
[2021-12-31T03:10:19.849+0000][1][safepoint    ] Total time for which application threads were stopped: 0.0005810 seconds, Stopping threads took: 0.0002709 seconds
[2021-12-31T03:10:20.853+0000][1][safepoint    ] Application time: 1.0038754 seconds
[2021-12-31T03:10:20.853+0000][1][safepoint    ] Entering safepoint region: Cleanup
[2021-12-31T03:10:20.853+0000][1][safepoint    ] Leaving safepoint region
[2021-12-31T03:10:20.853+0000][1][safepoint    ] Total time for which application threads were stopped: 0.0002415 seconds, Stopping threads took: 0.0001023 seconds
[2021-12-31T03:10:21.855+0000][1][safepoint    ] Application time: 1.0017673 seconds
[2021-12-31T03:10:21.855+0000][1][safepoint    ] Entering safepoint region: Cleanup
[2021-12-31T03:10:21.855+0000][1][safepoint    ] Leaving safepoint region
[2021-12-31T03:10:21.855+0000][1][safepoint    ] Total time for which application threads were stopped: 0.0002067 seconds, Stopping threads took: 0.0000879 seconds
[2021-12-31T03:10:22.857+0000][1][safepoint    ] Application time: 1.0015526 seconds
[2021-12-31T03:10:22.857+0000][1][safepoint    ] Entering safepoint region: Cleanup
[2021-12-31T03:10:22.857+0000][1][safepoint    ] Leaving safepoint region
[2021-12-31T03:10:22.858+0000][1][safepoint    ] Total time for which application threads were stopped: 0.0003174 seconds, Stopping threads took: 0.0000972 seconds
[2021-12-31T03:10:23.859+0000][1][safepoint    ] Application time: 1.0016384 seconds
[2021-12-31T03:10:23.860+0000][1][safepoint    ] Entering safepoint region: Cleanup
[2021-12-31T03:10:23.860+0000][1][safepoint    ] Leaving safepoint region
[2021-12-31T03:10:23.860+0000][1][safepoint    ] Total time for which application threads were stopped: 0.0003733 seconds, Stopping threads took: 0.0001455 seconds
[2021-12-31T03:10:24.861+0000][1][safepoint    ] Application time: 1.0012970 seconds
[2021-12-31T03:10:24.862+0000][1][safepoint    ] Entering safepoint region: Cleanup
[2021-12-31T03:10:24.862+0000][1][safepoint    ] Leaving safepoint region
[2021-12-31T03:10:24.862+0000][1][safepoint    ] Total time for which application threads were stopped: 0.0004448 seconds, Stopping threads took: 0.0001747 seconds
[2021-12-31T03:10:25.864+0000][1][safepoint    ] Application time: 1.0018547 seconds
[2021-12-31T03:10:25.865+0000][1][safepoint    ] Entering safepoint region: Cleanup
[2021-12-31T03:10:25.865+0000][1][safepoint    ] Leaving safepoint region
[2021-12-31T03:10:25.865+0000][1][safepoint    ] Total time for which application threads were stopped: 0.0006217 seconds, Stopping threads took: 0.0002239 seconds
[2021-12-31T03:10:26.867+0000][1][safepoint    ] Application time: 1.0012926 seconds
[2021-12-31T03:10:26.867+0000][1][safepoint    ] Entering safepoint region: Cleanup
[2021-12-31T03:10:26.867+0000][1][safepoint    ] Leaving safepoint region
[2021-12-31T03:10:26.867+0000][1][safepoint    ] Total time for which application threads were stopped: 0.0002250 seconds, Stopping threads took: 0.0000960 seconds
[2021-12-31T03:10:27.879+0000][1][safepoint    ] Application time: 1.0115102 seconds
[2021-12-31T03:10:27.879+0000][1][safepoint    ] Entering safepoint region: Cleanup
[2021-12-31T03:10:27.879+0000][1][safepoint    ] Leaving safepoint region
[2021-12-31T03:10:27.880+0000][1][safepoint    ] Total time for which application threads were stopped: 0.0005419 seconds, Stopping threads took: 0.0002531 seconds
[2021-12-31T03:10:28.884+0000][1][safepoint    ] Application time: 1.0038953 seconds
[2021-12-31T03:10:28.884+0000][1][safepoint    ] Entering safepoint region: Cleanup
[2021-12-31T03:10:28.884+0000][1][safepoint    ] Leaving safepoint region
[2021-12-31T03:10:28.885+0000][1][safepoint    ] Total time for which application threads were stopped: 0.0005826 seconds, Stopping threads took: 0.0002874 seconds
[2021-12-31T03:10:29.887+0000][1][safepoint    ] Application time: 1.0023942 seconds
[2021-12-31T03:10:29.888+0000][1][safepoint    ] Entering safepoint region: Cleanup
[2021-12-31T03:10:29.888+0000][1][safepoint    ] Leaving safepoint region
[2021-12-31T03:10:29.888+0000][1][safepoint    ] Total time for which application threads were stopped: 0.0002797 seconds, Stopping threads took: 0.0001260 seconds
[2021-12-31T03:10:30.897+0000][1][safepoint    ] Application time: 1.0087992 seconds
[2021-12-31T03:10:30.912+0000][1][safepoint    ] Entering safepoint region: Cleanup
[2021-12-31T03:10:30.913+0000][1][safepoint    ] Leaving safepoint region
[2021-12-31T03:10:30.913+0000][1][safepoint    ] Total time for which application threads were stopped: 0.0006975 seconds, Stopping threads took: 0.0004733 seconds
[2021-12-31T03:10:31.919+0000][1][safepoint    ] Application time: 1.0057165 seconds
[2021-12-31T03:10:31.919+0000][1][safepoint    ] Entering safepoint region: Cleanup
[2021-12-31T03:10:31.919+0000][1][safepoint    ] Leaving safepoint region
[2021-12-31T03:10:31.920+0000][1][safepoint    ] Total time for which application threads were stopped: 0.0004339 seconds, Stopping threads took: 0.0002062 seconds
[2021-12-31T03:10:32.930+0000][1][safepoint    ] Application time: 1.0106898 seconds
[2021-12-31T03:10:32.931+0000][1][safepoint    ] Entering safepoint region: Cleanup
[2021-12-31T03:10:32.931+0000][1][safepoint    ] Leaving safepoint region
[2021-12-31T03:10:32.931+0000][1][safepoint    ] Total time for which application threads were stopped: 0.0005072 seconds, Stopping threads took: 0.0001180 seconds
[2021-12-31T03:10:33.942+0000][1][safepoint    ] Application time: 1.0112167 seconds
[2021-12-31T03:10:33.943+0000][1][safepoint    ] Entering safepoint region: Cleanup
[2021-12-31T03:10:33.943+0000][1][safepoint    ] Leaving safepoint region
[2021-12-31T03:10:33.943+0000][1][safepoint    ] Total time for which application threads were stopped: 0.0005019 seconds, Stopping threads took: 0.0002488 seconds
[2021-12-31T03:10:34.947+0000][1][safepoint    ] Application time: 1.0031631 seconds
[2021-12-31T03:10:34.947+0000][1][safepoint    ] Entering safepoint region: Cleanup
[2021-12-31T03:10:34.947+0000][1][safepoint    ] Leaving safepoint region
[2021-12-31T03:10:34.947+0000][1][safepoint    ] Total time for which application threads were stopped: 0.0002672 seconds, Stopping threads took: 0.0001321 seconds
[2021-12-31T03:10:35.948+0000][1][safepoint    ] Application time: 1.0006662 seconds
[2021-12-31T03:10:35.948+0000][1][safepoint    ] Entering safepoint region: Cleanup
[2021-12-31T03:10:35.948+0000][1][safepoint    ] Leaving safepoint region
[2021-12-31T03:10:35.948+0000][1][safepoint    ] Total time for which application threads were stopped: 0.0002985 seconds, Stopping threads took: 0.0001198 seconds
[2021-12-31T03:10:36.952+0000][1][safepoint    ] Application time: 1.0034144 seconds
[2021-12-31T03:10:36.952+0000][1][safepoint    ] Entering safepoint region: Cleanup
[2021-12-31T03:10:36.952+0000][1][safepoint    ] Leaving safepoint region
[2021-12-31T03:10:36.952+0000][1][safepoint    ] Total time for which application threads were stopped: 0.0002298 seconds, Stopping threads took: 0.0000915 seconds
[2021-12-31T03:10:37.955+0000][1][safepoint    ] Application time: 1.0030957 seconds
[2021-12-31T03:10:37.956+0000][1][safepoint    ] Entering safepoint region: Cleanup
[2021-12-31T03:10:37.956+0000][1][safepoint    ] Leaving safepoint region
[2021-12-31T03:10:37.956+0000][1][safepoint    ] Total time for which application threads were stopped: 0.0004322 seconds, Stopping threads took: 0.0001958 seconds
[2021-12-31T03:10:38.959+0000][1][safepoint    ] Application time: 1.0022032 seconds
[2021-12-31T03:10:38.959+0000][1][safepoint    ] Entering safepoint region: Cleanup
[2021-12-31T03:10:38.959+0000][1][safepoint    ] Leaving safepoint region
[2021-12-31T03:10:38.959+0000][1][safepoint    ] Total time for which application threads were stopped: 0.0004251 seconds, Stopping threads took: 0.0001876 seconds
[2021-12-31T03:10:39.962+0000][1][safepoint    ] Application time: 1.0026891 seconds
[2021-12-31T03:10:39.963+0000][1][safepoint    ] Entering safepoint region: Cleanup
[2021-12-31T03:10:39.963+0000][1][safepoint    ] Leaving safepoint region
[2021-12-31T03:10:39.963+0000][1][safepoint    ] Total time for which application threads were stopped: 0.0005267 seconds, Stopping threads took: 0.0002239 seconds
[2021-12-31T03:10:40.965+0000][1][safepoint    ] Application time: 1.0019447 seconds
[2021-12-31T03:10:40.966+0000][1][safepoint    ] Entering safepoint region: Cleanup
[2021-12-31T03:10:40.966+0000][1][safepoint    ] Leaving safepoint region
[2021-12-31T03:10:40.966+0000][1][safepoint    ] Total time for which application threads were stopped: 0.0004316 seconds, Stopping threads took: 0.0001940 seconds
[2021-12-31T03:10:41.968+0000][1][safepoint    ] Application time: 1.0019754 seconds
[2021-12-31T03:10:41.968+0000][1][safepoint    ] Entering safepoint region: Cleanup
[2021-12-31T03:10:41.969+0000][1][safepoint    ] Leaving safepoint region
[2021-12-31T03:10:41.969+0000][1][safepoint    ] Total time for which application threads were stopped: 0.0003422 seconds, Stopping threads took: 0.0000985 seconds
[2021-12-31T03:10:42.972+0000][1][safepoint    ] Application time: 1.0033807 seconds
[2021-12-31T03:10:42.973+0000][1][safepoint    ] Entering safepoint region: Cleanup
[2021-12-31T03:10:42.973+0000][1][safepoint    ] Leaving safepoint region
[2021-12-31T03:10:42.973+0000][1][safepoint    ] Total time for which application threads were stopped: 0.0006329 seconds, Stopping threads took: 0.0002753 seconds
[2021-12-31T03:10:43.974+0000][1][safepoint    ] Application time: 1.0003656 seconds
[2021-12-31T03:10:43.974+0000][1][safepoint    ] Entering safepoint region: Cleanup
[2021-12-31T03:10:43.975+0000][1][safepoint    ] Leaving safepoint region
[2021-12-31T03:10:43.975+0000][1][safepoint    ] Total time for which application threads were stopped: 0.0005444 seconds, Stopping threads took: 0.0002471 seconds
[2021-12-31T03:10:44.977+0000][1][safepoint    ] Application time: 1.0023698 seconds
[2021-12-31T03:10:44.978+0000][1][safepoint    ] Entering safepoint region: Cleanup
[2021-12-31T03:10:44.978+0000][1][safepoint    ] Leaving safepoint region
[2021-12-31T03:10:44.978+0000][1][safepoint    ] Total time for which application threads were stopped: 0.0004169 seconds, Stopping threads took: 0.0001835 seconds
[2021-12-31T03:10:45.979+0000][1][safepoint    ] Application time: 1.0010846 seconds
[2021-12-31T03:10:45.980+0000][1][safepoint    ] Entering safepoint region: Cleanup
[2021-12-31T03:10:45.980+0000][1][safepoint    ] Leaving safepoint region
[2021-12-31T03:10:45.980+0000][1][safepoint    ] Total time for which application threads were stopped: 0.0002503 seconds, Stopping threads took: 0.0001052 seconds
[2021-12-31T03:10:46.984+0000][1][safepoint    ] Application time: 1.0036123 seconds
[2021-12-31T03:10:46.984+0000][1][safepoint    ] Entering safepoint region: Cleanup
[2021-12-31T03:10:46.984+0000][1][safepoint    ] Leaving safepoint region
[2021-12-31T03:10:46.984+0000][1][safepoint    ] Total time for which application threads were stopped: 0.0005236 seconds, Stopping threads took: 0.0002314 seconds
[2021-12-31T03:10:47.989+0000][1][safepoint    ] Application time: 1.0040163 seconds
[2021-12-31T03:10:47.989+0000][1][safepoint    ] Entering safepoint region: Cleanup
[2021-12-31T03:10:47.989+0000][1][safepoint    ] Leaving safepoint region
[2021-12-31T03:10:47.989+0000][1][safepoint    ] Total time for which application threads were stopped: 0.0004434 seconds, Stopping threads took: 0.0001877 seconds
[2021-12-31T03:10:48.991+0000][1][safepoint    ] Application time: 1.0010907 seconds
[2021-12-31T03:10:48.991+0000][1][safepoint    ] Entering safepoint region: Cleanup
[2021-12-31T03:10:48.991+0000][1][safepoint    ] Leaving safepoint region
[2021-12-31T03:10:48.991+0000][1][safepoint    ] Total time for which application threads were stopped: 0.0002567 seconds, Stopping threads took: 0.0001111 seconds
[2021-12-31T03:10:49.995+0000][1][safepoint    ] Application time: 1.0034595 seconds
[2021-12-31T03:10:49.995+0000][1][safepoint    ] Entering safepoint region: Cleanup
[2021-12-31T03:10:49.995+0000][1][safepoint    ] Leaving safepoint region
[2021-12-31T03:10:49.996+0000][1][safepoint    ] Total time for which application threads were stopped: 0.0006721 seconds, Stopping threads took: 0.0002912 seconds
[2021-12-31T03:10:50.998+0000][1][safepoint    ] Application time: 1.0023283 seconds
[2021-12-31T03:10:51.002+0000][1][safepoint    ] Entering safepoint region: Cleanup
[2021-12-31T03:10:51.003+0000][1][safepoint    ] Leaving safepoint region
[2021-12-31T03:10:51.003+0000][1][safepoint    ] Total time for which application threads were stopped: 0.0002911 seconds, Stopping threads took: 0.0001513 seconds
[2021-12-31T03:10:52.003+0000][1][safepoint    ] Application time: 1.0004557 seconds
[2021-12-31T03:10:52.003+0000][1][safepoint    ] Entering safepoint region: Cleanup
[2021-12-31T03:10:52.004+0000][1][safepoint    ] Leaving safepoint region
[2021-12-31T03:10:52.004+0000][1][safepoint    ] Total time for which application threads were stopped: 0.0002496 seconds, Stopping threads took: 0.0001098 seconds
[2021-12-31T03:10:53.005+0000][1][safepoint    ] Application time: 1.0007639 seconds
[2021-12-31T03:10:53.005+0000][1][safepoint    ] Entering safepoint region: Cleanup
[2021-12-31T03:10:53.005+0000][1][safepoint    ] Leaving safepoint region
[2021-12-31T03:10:53.005+0000][1][safepoint    ] Total time for which application threads were stopped: 0.0004891 seconds, Stopping threads took: 0.0002210 seconds
[2021-12-31T03:10:54.009+0000][1][safepoint    ] Application time: 1.0030809 seconds
[2021-12-31T03:10:54.009+0000][1][safepoint    ] Entering safepoint region: Cleanup
[2021-12-31T03:10:54.009+0000][1][safepoint    ] Leaving safepoint region
[2021-12-31T03:10:54.009+0000][1][safepoint    ] Total time for which application threads were stopped: 0.0003703 seconds, Stopping threads took: 0.0001686 seconds
[2021-12-31T03:10:55.011+0000][1][safepoint    ] Application time: 1.0020719 seconds
[2021-12-31T03:10:55.012+0000][1][safepoint    ] Entering safepoint region: Cleanup
[2021-12-31T03:10:55.012+0000][1][safepoint    ] Leaving safepoint region
[2021-12-31T03:10:55.012+0000][1][safepoint    ] Total time for which application threads were stopped: 0.0002193 seconds, Stopping threads took: 0.0000914 seconds
[2021-12-31T03:10:56.015+0000][1][safepoint    ] Application time: 1.0035489 seconds
[2021-12-31T03:10:56.016+0000][1][safepoint    ] Entering safepoint region: Cleanup
[2021-12-31T03:10:56.016+0000][1][safepoint    ] Leaving safepoint region
[2021-12-31T03:10:56.016+0000][1][safepoint    ] Total time for which application threads were stopped: 0.0002512 seconds, Stopping threads took: 0.0001195 seconds
[2021-12-31T03:10:57.018+0000][1][safepoint    ] Application time: 1.0017026 seconds
[2021-12-31T03:10:57.018+0000][1][safepoint    ] Entering safepoint region: Cleanup
[2021-12-31T03:10:57.018+0000][1][safepoint    ] Leaving safepoint region
[2021-12-31T03:10:57.019+0000][1][safepoint    ] Total time for which application threads were stopped: 0.0005627 seconds, Stopping threads took: 0.0002420 seconds
[2021-12-31T03:10:58.019+0000][1][safepoint    ] Application time: 1.0004246 seconds
[2021-12-31T03:10:58.019+0000][1][safepoint    ] Entering safepoint region: Cleanup
[2021-12-31T03:10:58.020+0000][1][safepoint    ] Leaving safepoint region
[2021-12-31T03:10:58.020+0000][1][safepoint    ] Total time for which application threads were stopped: 0.0003671 seconds, Stopping threads took: 0.0001016 seconds
[2021-12-31T03:10:59.021+0000][1][safepoint    ] Application time: 1.0005825 seconds
[2021-12-31T03:10:59.021+0000][1][safepoint    ] Entering safepoint region: Cleanup
[2021-12-31T03:10:59.021+0000][1][safepoint    ] Leaving safepoint region
[2021-12-31T03:10:59.021+0000][1][safepoint    ] Total time for which application threads were stopped: 0.0002348 seconds, Stopping threads took: 0.0000939 seconds
[2021-12-31T03:11:00.022+0000][1][safepoint    ] Application time: 1.0013515 seconds
[2021-12-31T03:11:00.023+0000][1][safepoint    ] Entering safepoint region: Cleanup
[2021-12-31T03:11:00.023+0000][1][safepoint    ] Leaving safepoint region
[2021-12-31T03:11:00.023+0000][1][safepoint    ] Total time for which application threads were stopped: 0.0005567 seconds, Stopping threads took: 0.0002506 seconds
[2021-12-31T03:11:01.026+0000][1][safepoint    ] Application time: 1.0019934 seconds
[2021-12-31T03:11:01.026+0000][1][safepoint    ] Entering safepoint region: Cleanup
[2021-12-31T03:11:01.026+0000][1][safepoint    ] Leaving safepoint region
[2021-12-31T03:11:01.026+0000][1][safepoint    ] Total time for which application threads were stopped: 0.0002248 seconds, Stopping threads took: 0.0000983 seconds
[2021-12-31T03:11:02.028+0000][1][safepoint    ] Application time: 1.0016031 seconds
[2021-12-31T03:11:02.028+0000][1][safepoint    ] Entering safepoint region: Cleanup
[2021-12-31T03:11:02.028+0000][1][safepoint    ] Leaving safepoint region
[2021-12-31T03:11:02.028+0000][1][safepoint    ] Total time for which application threads were stopped: 0.0002283 seconds, Stopping threads took: 0.0001000 seconds
[2021-12-31T03:11:03.029+0000][1][safepoint    ] Application time: 1.0009842 seconds
[2021-12-31T03:11:03.030+0000][1][safepoint    ] Entering safepoint region: Cleanup
[2021-12-31T03:11:03.030+0000][1][safepoint    ] Leaving safepoint region
[2021-12-31T03:11:03.030+0000][1][safepoint    ] Total time for which application threads were stopped: 0.0006721 seconds, Stopping threads took: 0.0002892 seconds
[2021-12-31T03:11:04.033+0000][1][safepoint    ] Application time: 1.0022505 seconds
[2021-12-31T03:11:04.033+0000][1][safepoint    ] Entering safepoint region: Cleanup
[2021-12-31T03:11:04.033+0000][1][safepoint    ] Leaving safepoint region
[2021-12-31T03:11:04.033+0000][1][safepoint    ] Total time for which application threads were stopped: 0.0002092 seconds, Stopping threads took: 0.0000904 seconds
[2021-12-31T03:11:05.034+0000][1][safepoint    ] Application time: 1.0006845 seconds
[2021-12-31T03:11:05.034+0000][1][safepoint    ] Entering safepoint region: Cleanup
[2021-12-31T03:11:05.034+0000][1][safepoint    ] Leaving safepoint region
[2021-12-31T03:11:05.035+0000][1][safepoint    ] Total time for which application threads were stopped: 0.0002742 seconds, Stopping threads took: 0.0001191 seconds
[2021-12-31T03:11:06.035+0000][1][safepoint    ] Application time: 1.0006653 seconds
[2021-12-31T03:11:06.036+0000][1][safepoint    ] Entering safepoint region: Cleanup
[2021-12-31T03:11:06.036+0000][1][safepoint    ] Leaving safepoint region
[2021-12-31T03:11:06.036+0000][1][safepoint    ] Total time for which application threads were stopped: 0.0005727 seconds, Stopping threads took: 0.0002469 seconds
[2021-12-31T03:11:07.039+0000][1][safepoint    ] Application time: 1.0027039 seconds
[2021-12-31T03:11:07.040+0000][1][safepoint    ] Entering safepoint region: Cleanup
[2021-12-31T03:11:07.040+0000][1][safepoint    ] Leaving safepoint region
[2021-12-31T03:11:07.040+0000][1][safepoint    ] Total time for which application threads were stopped: 0.0003669 seconds, Stopping threads took: 0.0001331 seconds
[2021-12-31T03:11:08.041+0000][1][safepoint    ] Application time: 1.0010140 seconds
[2021-12-31T03:11:08.042+0000][1][safepoint    ] Entering safepoint region: Cleanup
[2021-12-31T03:11:08.042+0000][1][safepoint    ] Leaving safepoint region
[2021-12-31T03:11:08.042+0000][1][safepoint    ] Total time for which application threads were stopped: 0.0003139 seconds, Stopping threads took: 0.0001750 seconds
[2021-12-31T03:11:09.043+0000][1][safepoint    ] Application time: 1.0005624 seconds
[2021-12-31T03:11:09.043+0000][1][safepoint    ] Entering safepoint region: Cleanup
[2021-12-31T03:11:09.043+0000][1][safepoint    ] Leaving safepoint region
[2021-12-31T03:11:09.043+0000][1][safepoint    ] Total time for which application threads were stopped: 0.0002315 seconds, Stopping threads took: 0.0001014 seconds
[2021-12-31T03:11:10.046+0000][1][safepoint    ] Application time: 1.0028041 seconds
[2021-12-31T03:11:10.046+0000][1][safepoint    ] Entering safepoint region: Cleanup
[2021-12-31T03:11:10.047+0000][1][safepoint    ] Leaving safepoint region
[2021-12-31T03:11:10.047+0000][1][safepoint    ] Total time for which application threads were stopped: 0.0004660 seconds, Stopping threads took: 0.0001964 seconds
[2021-12-31T03:11:11.048+0000][1][safepoint    ] Application time: 1.0007582 seconds
[2021-12-31T03:11:11.048+0000][1][safepoint    ] Entering safepoint region: Cleanup
[2021-12-31T03:11:11.048+0000][1][safepoint    ] Leaving safepoint region
[2021-12-31T03:11:11.048+0000][1][safepoint    ] Total time for which application threads were stopped: 0.0002773 seconds, Stopping threads took: 0.0000968 seconds
[2021-12-31T03:11:12.050+0000][1][safepoint    ] Application time: 1.0017072 seconds
[2021-12-31T03:11:12.050+0000][1][safepoint    ] Entering safepoint region: Cleanup
[2021-12-31T03:11:12.051+0000][1][safepoint    ] Leaving safepoint region
[2021-12-31T03:11:12.051+0000][1][safepoint    ] Total time for which application threads were stopped: 0.0002231 seconds, Stopping threads took: 0.0000945 seconds
[2021-12-31T03:11:13.051+0000][1][safepoint    ] Application time: 1.0004840 seconds
[2021-12-31T03:11:13.051+0000][1][safepoint    ] Entering safepoint region: Cleanup
[2021-12-31T03:11:13.052+0000][1][safepoint    ] Leaving safepoint region
[2021-12-31T03:11:13.052+0000][1][safepoint    ] Total time for which application threads were stopped: 0.0002249 seconds, Stopping threads took: 0.0001012 seconds
[2021-12-31T03:11:14.055+0000][1][safepoint    ] Application time: 1.0031895 seconds
[2021-12-31T03:11:14.057+0000][1][safepoint    ] Entering safepoint region: Cleanup
[2021-12-31T03:11:14.057+0000][1][safepoint    ] Leaving safepoint region
[2021-12-31T03:11:14.057+0000][1][safepoint    ] Total time for which application threads were stopped: 0.0005970 seconds, Stopping threads took: 0.0002653 seconds
[2021-12-31T03:11:15.058+0000][1][safepoint    ] Application time: 1.0006743 seconds
[2021-12-31T03:11:15.059+0000][1][safepoint    ] Entering safepoint region: Cleanup
[2021-12-31T03:11:15.059+0000][1][safepoint    ] Leaving safepoint region
[2021-12-31T03:11:15.059+0000][1][safepoint    ] Total time for which application threads were stopped: 0.0006129 seconds, Stopping threads took: 0.0002779 seconds
[2021-12-31T03:11:16.062+0000][1][safepoint    ] Application time: 1.0019012 seconds
[2021-12-31T03:11:16.062+0000][1][safepoint    ] Entering safepoint region: Cleanup
[2021-12-31T03:11:16.062+0000][1][safepoint    ] Leaving safepoint region
[2021-12-31T03:11:16.063+0000][1][safepoint    ] Total time for which application threads were stopped: 0.0006634 seconds, Stopping threads took: 0.0002765 seconds
[2021-12-31T03:11:17.064+0000][1][safepoint    ] Application time: 1.0013687 seconds
[2021-12-31T03:11:17.065+0000][1][safepoint    ] Entering safepoint region: Cleanup
[2021-12-31T03:11:17.065+0000][1][safepoint    ] Leaving safepoint region
[2021-12-31T03:11:17.065+0000][1][safepoint    ] Total time for which application threads were stopped: 0.0004985 seconds, Stopping threads took: 0.0002316 seconds
[2021-12-31T03:11:17.863+0000][1][safepoint    ] Application time: 0.7975764 seconds
[2021-12-31T03:11:17.864+0000][1][safepoint    ] Entering safepoint region: RevokeBias
[2021-12-31T03:11:17.864+0000][1][safepoint    ] Leaving safepoint region
[2021-12-31T03:11:17.864+0000][1][safepoint    ] Total time for which application threads were stopped: 0.0002829 seconds, Stopping threads took: 0.0001217 seconds
[2021-12-31T03:11:18.868+0000][1][safepoint    ] Application time: 1.0039792 seconds
[2021-12-31T03:11:18.869+0000][1][safepoint    ] Entering safepoint region: Cleanup
[2021-12-31T03:11:18.869+0000][1][safepoint    ] Leaving safepoint region
[2021-12-31T03:11:18.869+0000][1][safepoint    ] Total time for which application threads were stopped: 0.0003180 seconds, Stopping threads took: 0.0000950 seconds
[2021-12-31T03:11:19.871+0000][1][safepoint    ] Application time: 1.0023407 seconds
[2021-12-31T03:11:19.872+0000][1][safepoint    ] Entering safepoint region: Cleanup
[2021-12-31T03:11:19.872+0000][1][safepoint    ] Leaving safepoint region
[2021-12-31T03:11:19.872+0000][1][safepoint    ] Total time for which application threads were stopped: 0.0004489 seconds, Stopping threads took: 0.0001988 seconds
[2021-12-31T03:11:20.874+0000][1][safepoint    ] Application time: 1.0017606 seconds
[2021-12-31T03:11:20.875+0000][1][safepoint    ] Entering safepoint region: Cleanup
[2021-12-31T03:11:20.875+0000][1][safepoint    ] Leaving safepoint region
[2021-12-31T03:11:20.875+0000][1][safepoint    ] Total time for which application threads were stopped: 0.0004423 seconds, Stopping threads took: 0.0001955 seconds
[2021-12-31T03:11:21.877+0000][1][safepoint    ] Application time: 1.0017921 seconds
[2021-12-31T03:11:21.877+0000][1][safepoint    ] Entering safepoint region: Cleanup
[2021-12-31T03:11:21.878+0000][1][safepoint    ] Leaving safepoint region
[2021-12-31T03:11:21.878+0000][1][safepoint    ] Total time for which application threads were stopped: 0.0004655 seconds, Stopping threads took: 0.0001999 seconds
[2021-12-31T03:11:22.879+0000][1][safepoint    ] Application time: 1.0007201 seconds
[2021-12-31T03:11:22.879+0000][1][safepoint    ] Entering safepoint region: Cleanup
[2021-12-31T03:11:22.879+0000][1][safepoint    ] Leaving safepoint region
[2021-12-31T03:11:22.880+0000][1][safepoint    ] Total time for which application threads were stopped: 0.0004675 seconds, Stopping threads took: 0.0002111 seconds
[2021-12-31T03:11:23.882+0000][1][safepoint    ] Application time: 1.0017761 seconds
[2021-12-31T03:11:23.882+0000][1][safepoint    ] Entering safepoint region: Cleanup
[2021-12-31T03:11:23.882+0000][1][safepoint    ] Leaving safepoint region
[2021-12-31T03:11:23.883+0000][1][safepoint    ] Total time for which application threads were stopped: 0.0005710 seconds, Stopping threads took: 0.0002593 seconds
[2021-12-31T03:11:24.892+0000][1][safepoint    ] Application time: 1.0092439 seconds
[2021-12-31T03:11:24.892+0000][1][safepoint    ] Entering safepoint region: Cleanup
[2021-12-31T03:11:24.893+0000][1][safepoint    ] Leaving safepoint region
[2021-12-31T03:11:24.893+0000][1][safepoint    ] Total time for which application threads were stopped: 0.0005918 seconds, Stopping threads took: 0.0001931 seconds
[2021-12-31T03:11:25.899+0000][1][safepoint    ] Application time: 1.0059897 seconds
[2021-12-31T03:11:25.900+0000][1][safepoint    ] Entering safepoint region: Cleanup
[2021-12-31T03:11:25.900+0000][1][safepoint    ] Leaving safepoint region
[2021-12-31T03:11:25.900+0000][1][safepoint    ] Total time for which application threads were stopped: 0.0002725 seconds, Stopping threads took: 0.0001131 seconds
[2021-12-31T03:11:26.902+0000][1][safepoint    ] Application time: 1.0022158 seconds
[2021-12-31T03:11:26.902+0000][1][safepoint    ] Entering safepoint region: Cleanup
[2021-12-31T03:11:26.902+0000][1][safepoint    ] Leaving safepoint region
[2021-12-31T03:11:26.903+0000][1][safepoint    ] Total time for which application threads were stopped: 0.0002277 seconds, Stopping threads took: 0.0001043 seconds
[2021-12-31T03:11:27.905+0000][1][safepoint    ] Application time: 1.0027056 seconds
[2021-12-31T03:11:27.906+0000][1][safepoint    ] Entering safepoint region: Cleanup
[2021-12-31T03:11:27.906+0000][1][safepoint    ] Leaving safepoint region
[2021-12-31T03:11:27.906+0000][1][safepoint    ] Total time for which application threads were stopped: 0.0005877 seconds, Stopping threads took: 0.0002558 seconds
[2021-12-31T03:11:28.908+0000][1][safepoint    ] Application time: 1.0015683 seconds
[2021-12-31T03:11:28.908+0000][1][safepoint    ] Entering safepoint region: Cleanup
[2021-12-31T03:11:28.909+0000][1][safepoint    ] Leaving safepoint region
[2021-12-31T03:11:28.909+0000][1][safepoint    ] Total time for which application threads were stopped: 0.0004529 seconds, Stopping threads took: 0.0002040 seconds
[2021-12-31T03:11:29.912+0000][1][safepoint    ] Application time: 1.0025351 seconds
[2021-12-31T03:11:29.912+0000][1][safepoint    ] Entering safepoint region: Cleanup
[2021-12-31T03:11:29.912+0000][1][safepoint    ] Leaving safepoint region
[2021-12-31T03:11:29.913+0000][1][safepoint    ] Total time for which application threads were stopped: 0.0006605 seconds, Stopping threads took: 0.0002025 seconds
[2021-12-31T03:11:30.917+0000][1][safepoint    ] Application time: 1.0036169 seconds
[2021-12-31T03:11:30.917+0000][1][safepoint    ] Entering safepoint region: Cleanup
[2021-12-31T03:11:30.917+0000][1][safepoint    ] Leaving safepoint region
[2021-12-31T03:11:30.917+0000][1][safepoint    ] Total time for which application threads were stopped: 0.0003533 seconds, Stopping threads took: 0.0001877 seconds
[2021-12-31T03:11:31.918+0000][1][safepoint    ] Application time: 1.0010035 seconds
[2021-12-31T03:11:31.919+0000][1][safepoint    ] Entering safepoint region: Cleanup
[2021-12-31T03:11:31.919+0000][1][safepoint    ] Leaving safepoint region
[2021-12-31T03:11:31.919+0000][1][safepoint    ] Total time for which application threads were stopped: 0.0002264 seconds, Stopping threads took: 0.0000974 seconds
[2021-12-31T03:11:32.922+0000][1][safepoint    ] Application time: 1.0026559 seconds
[2021-12-31T03:11:32.922+0000][1][safepoint    ] Entering safepoint region: Cleanup
[2021-12-31T03:11:32.922+0000][1][safepoint    ] Leaving safepoint region
[2021-12-31T03:11:32.922+0000][1][safepoint    ] Total time for which application threads were stopped: 0.0002470 seconds, Stopping threads took: 0.0001069 seconds
[2021-12-31T03:11:33.926+0000][1][safepoint    ] Application time: 1.0035018 seconds
[2021-12-31T03:11:33.926+0000][1][safepoint    ] Entering safepoint region: Cleanup
[2021-12-31T03:11:33.926+0000][1][safepoint    ] Leaving safepoint region
[2021-12-31T03:11:33.926+0000][1][safepoint    ] Total time for which application threads were stopped: 0.0005514 seconds, Stopping threads took: 0.0002392 seconds
[2021-12-31T03:11:34.929+0000][1][safepoint    ] Application time: 1.0022617 seconds
[2021-12-31T03:11:34.929+0000][1][safepoint    ] Entering safepoint region: Cleanup
[2021-12-31T03:11:34.929+0000][1][safepoint    ] Leaving safepoint region
[2021-12-31T03:11:34.930+0000][1][safepoint    ] Total time for which application threads were stopped: 0.0004448 seconds, Stopping threads took: 0.0001984 seconds
[2021-12-31T03:11:35.931+0000][1][safepoint    ] Application time: 1.0014359 seconds
[2021-12-31T03:11:35.932+0000][1][safepoint    ] Entering safepoint region: Cleanup
[2021-12-31T03:11:35.932+0000][1][safepoint    ] Leaving safepoint region
[2021-12-31T03:11:35.932+0000][1][safepoint    ] Total time for which application threads were stopped: 0.0004510 seconds, Stopping threads took: 0.0001921 seconds
[2021-12-31T03:11:36.933+0000][1][safepoint    ] Application time: 1.0008158 seconds
[2021-12-31T03:11:36.933+0000][1][safepoint    ] Entering safepoint region: Cleanup
[2021-12-31T03:11:36.934+0000][1][safepoint    ] Leaving safepoint region
[2021-12-31T03:11:36.934+0000][1][safepoint    ] Total time for which application threads were stopped: 0.0005589 seconds, Stopping threads took: 0.0002419 seconds
[2021-12-31T03:11:37.937+0000][1][safepoint    ] Application time: 1.0025056 seconds
[2021-12-31T03:11:37.937+0000][1][safepoint    ] Entering safepoint region: Cleanup
[2021-12-31T03:11:37.937+0000][1][safepoint    ] Leaving safepoint region
[2021-12-31T03:11:37.937+0000][1][safepoint    ] Total time for which application threads were stopped: 0.0004349 seconds, Stopping threads took: 0.0000960 seconds
[2021-12-31T03:11:38.940+0000][1][safepoint    ] Application time: 1.0027998 seconds
[2021-12-31T03:11:38.941+0000][1][safepoint    ] Entering safepoint region: Cleanup
[2021-12-31T03:11:38.941+0000][1][safepoint    ] Leaving safepoint region
[2021-12-31T03:11:38.941+0000][1][safepoint    ] Total time for which application threads were stopped: 0.0002188 seconds, Stopping threads took: 0.0000908 seconds
[2021-12-31T03:11:39.503+0000][1][safepoint    ] Application time: 0.5621608 seconds
[2021-12-31T03:11:39.503+0000][1][safepoint    ] Entering safepoint region: GenCollectForAllocation
[2021-12-31T03:11:39.504+0000][1][gc,start     ] GC(42) Pause Young (Allocation Failure)
[2021-12-31T03:11:39.504+0000][1][gc,task      ] GC(42) Using 1 workers of 1 for evacuation
[2021-12-31T03:11:39.510+0000][1][gc,age       ] GC(42) Desired survivor size 4358144 bytes, new threshold 6 (max threshold 6)
[2021-12-31T03:11:39.510+0000][1][gc,age       ] GC(42) Age table with threshold 6 (max threshold 6)
[2021-12-31T03:11:39.511+0000][1][gc,age       ] GC(42) - age   1:      15968 bytes,      15968 total
[2021-12-31T03:11:39.511+0000][1][gc,age       ] GC(42) - age   2:        544 bytes,      16512 total
[2021-12-31T03:11:39.511+0000][1][gc,age       ] GC(42) - age   3:       5952 bytes,      22464 total
[2021-12-31T03:11:39.511+0000][1][gc,age       ] GC(42) - age   4:       2608 bytes,      25072 total
[2021-12-31T03:11:39.511+0000][1][gc,age       ] GC(42) - age   5:      16928 bytes,      42000 total
[2021-12-31T03:11:39.511+0000][1][gc,age       ] GC(42) - age   6:        168 bytes,      42168 total
[2021-12-31T03:11:39.511+0000][1][gc,heap      ] GC(42) ParNew: 68226K->49K(76672K)
[2021-12-31T03:11:39.511+0000][1][gc,heap      ] GC(42) CMS: 127720K->127722K(439104K)
[2021-12-31T03:11:39.511+0000][1][gc,metaspace ] GC(42) Metaspace: 73501K->73501K(1116160K)
[2021-12-31T03:11:39.512+0000][1][gc           ] GC(42) Pause Young (Allocation Failure) 191M->124M(503M) 8.032ms
[2021-12-31T03:11:39.512+0000][1][gc,cpu       ] GC(42) User=0.01s Sys=0.00s Real=0.01s
[2021-12-31T03:11:39.512+0000][1][safepoint    ] Leaving safepoint region
[2021-12-31T03:11:39.512+0000][1][safepoint    ] Total time for which application threads were stopped: 0.0088292 seconds, Stopping threads took: 0.0002167 seconds
[2021-12-31T03:11:40.516+0000][1][safepoint    ] Application time: 1.0040499 seconds
[2021-12-31T03:11:40.517+0000][1][safepoint    ] Entering safepoint region: Cleanup
[2021-12-31T03:11:40.517+0000][1][safepoint    ] Leaving safepoint region
[2021-12-31T03:11:40.517+0000][1][safepoint    ] Total time for which application threads were stopped: 0.0003495 seconds, Stopping threads took: 0.0002019 seconds
[2021-12-31T03:11:41.517+0000][1][safepoint    ] Application time: 1.0001636 seconds
[2021-12-31T03:11:41.517+0000][1][safepoint    ] Entering safepoint region: Cleanup
[2021-12-31T03:11:41.517+0000][1][safepoint    ] Leaving safepoint region
[2021-12-31T03:11:41.518+0000][1][safepoint    ] Total time for which application threads were stopped: 0.0002288 seconds, Stopping threads took: 0.0000937 seconds
[2021-12-31T03:11:43.450+0000][1][safepoint    ] Application time: 1.9319752 seconds
[2021-12-31T03:11:43.450+0000][1][safepoint    ] Entering safepoint region: Cleanup
[2021-12-31T03:11:43.450+0000][1][safepoint    ] Leaving safepoint region
[2021-12-31T03:11:43.450+0000][1][safepoint    ] Total time for which application threads were stopped: 0.0002335 seconds, Stopping threads took: 0.0000976 seconds
[2021-12-31T03:11:44.452+0000][1][safepoint    ] Application time: 1.0022506 seconds
[2021-12-31T03:11:44.453+0000][1][safepoint    ] Entering safepoint region: Cleanup
[2021-12-31T03:11:44.453+0000][1][safepoint    ] Leaving safepoint region
[2021-12-31T03:11:44.453+0000][1][safepoint    ] Total time for which application threads were stopped: 0.0003618 seconds, Stopping threads took: 0.0001097 seconds
[2021-12-31T03:11:45.455+0000][1][safepoint    ] Application time: 1.0021912 seconds
[2021-12-31T03:11:45.456+0000][1][safepoint    ] Entering safepoint region: Cleanup
[2021-12-31T03:11:45.456+0000][1][safepoint    ] Leaving safepoint region
[2021-12-31T03:11:45.456+0000][1][safepoint    ] Total time for which application threads were stopped: 0.0002232 seconds, Stopping threads took: 0.0001051 seconds
[2021-12-31T03:11:46.460+0000][1][safepoint    ] Application time: 1.0036774 seconds
[2021-12-31T03:11:46.460+0000][1][safepoint    ] Entering safepoint region: Cleanup
[2021-12-31T03:11:46.460+0000][1][safepoint    ] Leaving safepoint region
[2021-12-31T03:11:46.460+0000][1][safepoint    ] Total time for which application threads were stopped: 0.0002230 seconds, Stopping threads took: 0.0001048 seconds
[2021-12-31T03:11:47.464+0000][1][safepoint    ] Application time: 1.0037512 seconds
[2021-12-31T03:11:47.464+0000][1][safepoint    ] Entering safepoint region: Cleanup
[2021-12-31T03:11:47.465+0000][1][safepoint    ] Leaving safepoint region
[2021-12-31T03:11:47.465+0000][1][safepoint    ] Total time for which application threads were stopped: 0.0002380 seconds, Stopping threads took: 0.0001063 seconds
[2021-12-31T03:11:48.468+0000][1][safepoint    ] Application time: 1.0032075 seconds
[2021-12-31T03:11:48.468+0000][1][safepoint    ] Entering safepoint region: Cleanup
[2021-12-31T03:11:48.469+0000][1][safepoint    ] Leaving safepoint region
[2021-12-31T03:11:48.469+0000][1][safepoint    ] Total time for which application threads were stopped: 0.0006104 seconds, Stopping threads took: 0.0003060 seconds
[2021-12-31T03:11:49.469+0000][1][safepoint    ] Application time: 1.0003378 seconds
[2021-12-31T03:11:49.470+0000][1][safepoint    ] Entering safepoint region: Cleanup
[2021-12-31T03:11:49.470+0000][1][safepoint    ] Leaving safepoint region
[2021-12-31T03:11:49.470+0000][1][safepoint    ] Total time for which application threads were stopped: 0.0004298 seconds, Stopping threads took: 0.0001941 seconds
[2021-12-31T03:11:50.471+0000][1][safepoint    ] Application time: 1.0001657 seconds
[2021-12-31T03:11:50.471+0000][1][safepoint    ] Entering safepoint region: Cleanup
[2021-12-31T03:11:50.471+0000][1][safepoint    ] Leaving safepoint region
[2021-12-31T03:11:50.472+0000][1][safepoint    ] Total time for which application threads were stopped: 0.0006352 seconds, Stopping threads took: 0.0002965 seconds
[2021-12-31T03:11:51.475+0000][1][safepoint    ] Application time: 1.0036359 seconds
[2021-12-31T03:11:51.476+0000][1][safepoint    ] Entering safepoint region: Cleanup
[2021-12-31T03:11:51.476+0000][1][safepoint    ] Leaving safepoint region
[2021-12-31T03:11:51.476+0000][1][safepoint    ] Total time for which application threads were stopped: 0.0004676 seconds, Stopping threads took: 0.0002226 seconds
[2021-12-31T03:11:52.479+0000][1][safepoint    ] Application time: 1.0027568 seconds
[2021-12-31T03:11:52.479+0000][1][safepoint    ] Entering safepoint region: Cleanup
[2021-12-31T03:11:52.480+0000][1][safepoint    ] Leaving safepoint region
[2021-12-31T03:11:52.480+0000][1][safepoint    ] Total time for which application threads were stopped: 0.0002876 seconds, Stopping threads took: 0.0001307 seconds
[2021-12-31T03:11:53.481+0000][1][safepoint    ] Application time: 1.0014164 seconds
[2021-12-31T03:11:53.481+0000][1][safepoint    ] Entering safepoint region: Cleanup
[2021-12-31T03:11:53.482+0000][1][safepoint    ] Leaving safepoint region
[2021-12-31T03:11:53.482+0000][1][safepoint    ] Total time for which application threads were stopped: 0.0002876 seconds, Stopping threads took: 0.0001141 seconds
[2021-12-31T03:11:54.483+0000][1][safepoint    ] Application time: 1.0008412 seconds
[2021-12-31T03:11:54.483+0000][1][safepoint    ] Entering safepoint region: Cleanup
[2021-12-31T03:11:54.483+0000][1][safepoint    ] Leaving safepoint region
[2021-12-31T03:11:54.483+0000][1][safepoint    ] Total time for which application threads were stopped: 0.0002250 seconds, Stopping threads took: 0.0000970 seconds
[2021-12-31T03:11:55.486+0000][1][safepoint    ] Application time: 1.0029424 seconds
[2021-12-31T03:11:55.486+0000][1][safepoint    ] Entering safepoint region: Cleanup
[2021-12-31T03:11:55.486+0000][1][safepoint    ] Leaving safepoint region
[2021-12-31T03:11:55.487+0000][1][safepoint    ] Total time for which application threads were stopped: 0.0002522 seconds, Stopping threads took: 0.0001054 seconds
[2021-12-31T03:11:56.489+0000][1][safepoint    ] Application time: 1.0020460 seconds
[2021-12-31T03:11:56.489+0000][1][safepoint    ] Entering safepoint region: Cleanup
[2021-12-31T03:11:56.489+0000][1][safepoint    ] Leaving safepoint region
[2021-12-31T03:11:56.489+0000][1][safepoint    ] Total time for which application threads were stopped: 0.0002733 seconds, Stopping threads took: 0.0001219 seconds
[2021-12-31T03:11:57.491+0000][1][safepoint    ] Application time: 1.0018922 seconds
[2021-12-31T03:11:57.491+0000][1][safepoint    ] Entering safepoint region: Cleanup
[2021-12-31T03:11:57.492+0000][1][safepoint    ] Leaving safepoint region
[2021-12-31T03:11:57.492+0000][1][safepoint    ] Total time for which application threads were stopped: 0.0002238 seconds, Stopping threads took: 0.0000940 seconds
[2021-12-31T03:11:58.494+0000][1][safepoint    ] Application time: 1.0022693 seconds
[2021-12-31T03:11:58.494+0000][1][safepoint    ] Entering safepoint region: Cleanup
[2021-12-31T03:11:58.495+0000][1][safepoint    ] Leaving safepoint region
[2021-12-31T03:11:58.495+0000][1][safepoint    ] Total time for which application threads were stopped: 0.0004697 seconds, Stopping threads took: 0.0002184 seconds
[2021-12-31T03:11:59.497+0000][1][safepoint    ] Application time: 1.0018170 seconds
[2021-12-31T03:11:59.497+0000][1][safepoint    ] Entering safepoint region: Cleanup
[2021-12-31T03:11:59.497+0000][1][safepoint    ] Leaving safepoint region
[2021-12-31T03:11:59.498+0000][1][safepoint    ] Total time for which application threads were stopped: 0.0004517 seconds, Stopping threads took: 0.0001881 seconds
[2021-12-31T03:12:00.501+0000][1][safepoint    ] Application time: 1.0031900 seconds
[2021-12-31T03:12:00.501+0000][1][safepoint    ] Entering safepoint region: Cleanup
[2021-12-31T03:12:00.501+0000][1][safepoint    ] Leaving safepoint region
[2021-12-31T03:12:00.501+0000][1][safepoint    ] Total time for which application threads were stopped: 0.0002661 seconds, Stopping threads took: 0.0000959 seconds
[2021-12-31T03:12:01.504+0000][1][safepoint    ] Application time: 1.0024401 seconds
[2021-12-31T03:12:01.504+0000][1][safepoint    ] Entering safepoint region: Cleanup
[2021-12-31T03:12:01.505+0000][1][safepoint    ] Leaving safepoint region
[2021-12-31T03:12:01.505+0000][1][safepoint    ] Total time for which application threads were stopped: 0.0005848 seconds, Stopping threads took: 0.0002683 seconds
[2021-12-31T03:12:02.506+0000][1][safepoint    ] Application time: 1.0011611 seconds
[2021-12-31T03:12:02.507+0000][1][safepoint    ] Entering safepoint region: Cleanup
[2021-12-31T03:12:02.507+0000][1][safepoint    ] Leaving safepoint region
[2021-12-31T03:12:02.507+0000][1][safepoint    ] Total time for which application threads were stopped: 0.0005580 seconds, Stopping threads took: 0.0002178 seconds
[2021-12-31T03:12:03.511+0000][1][safepoint    ] Application time: 1.0033263 seconds
[2021-12-31T03:12:03.511+0000][1][safepoint    ] Entering safepoint region: Cleanup
[2021-12-31T03:12:03.511+0000][1][safepoint    ] Leaving safepoint region
[2021-12-31T03:12:03.511+0000][1][safepoint    ] Total time for which application threads were stopped: 0.0002283 seconds, Stopping threads took: 0.0000983 seconds
[2021-12-31T03:12:04.512+0000][1][safepoint    ] Application time: 1.0008749 seconds
[2021-12-31T03:12:04.512+0000][1][safepoint    ] Entering safepoint region: Cleanup
[2021-12-31T03:12:04.512+0000][1][safepoint    ] Leaving safepoint region
[2021-12-31T03:12:04.513+0000][1][safepoint    ] Total time for which application threads were stopped: 0.0002262 seconds, Stopping threads took: 0.0000965 seconds
[2021-12-31T03:12:05.515+0000][1][safepoint    ] Application time: 1.0028128 seconds
[2021-12-31T03:12:05.516+0000][1][safepoint    ] Entering safepoint region: Cleanup
[2021-12-31T03:12:05.516+0000][1][safepoint    ] Leaving safepoint region
[2021-12-31T03:12:05.516+0000][1][safepoint    ] Total time for which application threads were stopped: 0.0002386 seconds, Stopping threads took: 0.0001081 seconds
[2021-12-31T03:12:06.519+0000][1][safepoint    ] Application time: 1.0031382 seconds
[2021-12-31T03:12:06.519+0000][1][safepoint    ] Entering safepoint region: Cleanup
[2021-12-31T03:12:06.520+0000][1][safepoint    ] Leaving safepoint region
[2021-12-31T03:12:06.520+0000][1][safepoint    ] Total time for which application threads were stopped: 0.0004709 seconds, Stopping threads took: 0.0002208 seconds
[2021-12-31T03:12:07.521+0000][1][safepoint    ] Application time: 1.0006628 seconds
[2021-12-31T03:12:07.521+0000][1][safepoint    ] Entering safepoint region: Cleanup
[2021-12-31T03:12:07.521+0000][1][safepoint    ] Leaving safepoint region
[2021-12-31T03:12:07.522+0000][1][safepoint    ] Total time for which application threads were stopped: 0.0005226 seconds, Stopping threads took: 0.0002035 seconds
[2021-12-31T03:12:08.524+0000][1][safepoint    ] Application time: 1.0020357 seconds
[2021-12-31T03:12:08.524+0000][1][safepoint    ] Entering safepoint region: Cleanup
[2021-12-31T03:12:08.524+0000][1][safepoint    ] Leaving safepoint region
[2021-12-31T03:12:08.524+0000][1][safepoint    ] Total time for which application threads were stopped: 0.0002479 seconds, Stopping threads took: 0.0001032 seconds
[2021-12-31T03:12:09.526+0000][1][safepoint    ] Application time: 1.0013081 seconds
[2021-12-31T03:12:09.526+0000][1][safepoint    ] Entering safepoint region: Cleanup
[2021-12-31T03:12:09.526+0000][1][safepoint    ] Leaving safepoint region
[2021-12-31T03:12:09.527+0000][1][safepoint    ] Total time for which application threads were stopped: 0.0005265 seconds, Stopping threads took: 0.0002383 seconds
[2021-12-31T03:12:10.530+0000][1][safepoint    ] Application time: 1.0033546 seconds
[2021-12-31T03:12:10.530+0000][1][safepoint    ] Entering safepoint region: Cleanup
[2021-12-31T03:12:10.531+0000][1][safepoint    ] Leaving safepoint region
[2021-12-31T03:12:10.531+0000][1][safepoint    ] Total time for which application threads were stopped: 0.0002428 seconds, Stopping threads took: 0.0001034 seconds
[2021-12-31T03:12:11.533+0000][1][safepoint    ] Application time: 1.0016477 seconds
[2021-12-31T03:12:11.533+0000][1][safepoint    ] Entering safepoint region: Cleanup
[2021-12-31T03:12:11.533+0000][1][safepoint    ] Leaving safepoint region
[2021-12-31T03:12:11.533+0000][1][safepoint    ] Total time for which application threads were stopped: 0.0004549 seconds, Stopping threads took: 0.0001928 seconds
[2021-12-31T03:12:12.536+0000][1][safepoint    ] Application time: 1.0025391 seconds
[2021-12-31T03:12:12.537+0000][1][safepoint    ] Entering safepoint region: Cleanup
[2021-12-31T03:12:12.537+0000][1][safepoint    ] Leaving safepoint region
[2021-12-31T03:12:12.537+0000][1][safepoint    ] Total time for which application threads were stopped: 0.0004997 seconds, Stopping threads took: 0.0002246 seconds
[2021-12-31T03:12:13.538+0000][1][safepoint    ] Application time: 1.0007104 seconds
[2021-12-31T03:12:13.538+0000][1][safepoint    ] Entering safepoint region: Cleanup
[2021-12-31T03:12:13.539+0000][1][safepoint    ] Leaving safepoint region
[2021-12-31T03:12:13.539+0000][1][safepoint    ] Total time for which application threads were stopped: 0.0007441 seconds, Stopping threads took: 0.0003653 seconds
[2021-12-31T03:12:14.541+0000][1][safepoint    ] Application time: 1.0012230 seconds
[2021-12-31T03:12:14.541+0000][1][safepoint    ] Entering safepoint region: Cleanup
[2021-12-31T03:12:14.541+0000][1][safepoint    ] Leaving safepoint region
[2021-12-31T03:12:14.541+0000][1][safepoint    ] Total time for which application threads were stopped: 0.0002640 seconds, Stopping threads took: 0.0001132 seconds
[2021-12-31T03:12:15.544+0000][1][safepoint    ] Application time: 1.0025575 seconds
[2021-12-31T03:12:15.544+0000][1][safepoint    ] Entering safepoint region: Cleanup
[2021-12-31T03:12:15.544+0000][1][safepoint    ] Leaving safepoint region
[2021-12-31T03:12:15.544+0000][1][safepoint    ] Total time for which application threads were stopped: 0.0002467 seconds, Stopping threads took: 0.0001130 seconds
[2021-12-31T03:12:16.547+0000][1][safepoint    ] Application time: 1.0031078 seconds
[2021-12-31T03:12:16.548+0000][1][safepoint    ] Entering safepoint region: Cleanup
[2021-12-31T03:12:16.548+0000][1][safepoint    ] Leaving safepoint region
[2021-12-31T03:12:16.548+0000][1][safepoint    ] Total time for which application threads were stopped: 0.0002527 seconds, Stopping threads took: 0.0001040 seconds
[2021-12-31T03:12:17.550+0000][1][safepoint    ] Application time: 1.0017911 seconds
[2021-12-31T03:12:17.550+0000][1][safepoint    ] Entering safepoint region: Cleanup
[2021-12-31T03:12:17.550+0000][1][safepoint    ] Leaving safepoint region
[2021-12-31T03:12:17.550+0000][1][safepoint    ] Total time for which application threads were stopped: 0.0002502 seconds, Stopping threads took: 0.0001079 seconds
[2021-12-31T03:12:17.882+0000][1][safepoint    ] Application time: 0.3314430 seconds
[2021-12-31T03:12:17.882+0000][1][safepoint    ] Entering safepoint region: RevokeBias
[2021-12-31T03:12:17.883+0000][1][safepoint    ] Leaving safepoint region
[2021-12-31T03:12:17.883+0000][1][safepoint    ] Total time for which application threads were stopped: 0.0005268 seconds, Stopping threads took: 0.0002326 seconds
[2021-12-31T03:12:18.887+0000][1][safepoint    ] Application time: 1.0035412 seconds
[2021-12-31T03:12:18.888+0000][1][safepoint    ] Entering safepoint region: Cleanup
[2021-12-31T03:12:18.888+0000][1][safepoint    ] Leaving safepoint region
[2021-12-31T03:12:18.888+0000][1][safepoint    ] Total time for which application threads were stopped: 0.0002384 seconds, Stopping threads took: 0.0001082 seconds
[2021-12-31T03:12:19.889+0000][1][safepoint    ] Application time: 1.0013823 seconds
[2021-12-31T03:12:19.889+0000][1][safepoint    ] Entering safepoint region: Cleanup
[2021-12-31T03:12:19.890+0000][1][safepoint    ] Leaving safepoint region
[2021-12-31T03:12:19.890+0000][1][safepoint    ] Total time for which application threads were stopped: 0.0002289 seconds, Stopping threads took: 0.0000982 seconds
[2021-12-31T03:12:20.892+0000][1][safepoint    ] Application time: 1.0019287 seconds
[2021-12-31T03:12:20.892+0000][1][safepoint    ] Entering safepoint region: Cleanup
[2021-12-31T03:12:20.892+0000][1][safepoint    ] Leaving safepoint region
[2021-12-31T03:12:20.893+0000][1][safepoint    ] Total time for which application threads were stopped: 0.0004609 seconds, Stopping threads took: 0.0002023 seconds
[2021-12-31T03:12:21.896+0000][1][safepoint    ] Application time: 1.0032825 seconds
[2021-12-31T03:12:21.896+0000][1][safepoint    ] Entering safepoint region: Cleanup
[2021-12-31T03:12:21.897+0000][1][safepoint    ] Leaving safepoint region
[2021-12-31T03:12:21.897+0000][1][safepoint    ] Total time for which application threads were stopped: 0.0004530 seconds, Stopping threads took: 0.0002051 seconds
[2021-12-31T03:12:22.901+0000][1][safepoint    ] Application time: 1.0038926 seconds
[2021-12-31T03:12:22.901+0000][1][safepoint    ] Entering safepoint region: Cleanup
[2021-12-31T03:12:22.901+0000][1][safepoint    ] Leaving safepoint region
[2021-12-31T03:12:22.901+0000][1][safepoint    ] Total time for which application threads were stopped: 0.0002344 seconds, Stopping threads took: 0.0001021 seconds
[2021-12-31T03:12:23.904+0000][1][safepoint    ] Application time: 1.0026412 seconds
[2021-12-31T03:12:23.904+0000][1][safepoint    ] Entering safepoint region: Cleanup
[2021-12-31T03:12:23.904+0000][1][safepoint    ] Leaving safepoint region
[2021-12-31T03:12:23.904+0000][1][safepoint    ] Total time for which application threads were stopped: 0.0003260 seconds, Stopping threads took: 0.0001336 seconds
[2021-12-31T03:12:24.905+0000][1][safepoint    ] Application time: 1.0003347 seconds
[2021-12-31T03:12:24.905+0000][1][safepoint    ] Entering safepoint region: Cleanup
[2021-12-31T03:12:24.906+0000][1][safepoint    ] Leaving safepoint region
[2021-12-31T03:12:24.906+0000][1][safepoint    ] Total time for which application threads were stopped: 0.0005241 seconds, Stopping threads took: 0.0002355 seconds
[2021-12-31T03:12:25.918+0000][1][safepoint    ] Application time: 1.0120456 seconds
[2021-12-31T03:12:25.919+0000][1][safepoint    ] Entering safepoint region: Cleanup
[2021-12-31T03:12:25.919+0000][1][safepoint    ] Leaving safepoint region
[2021-12-31T03:12:25.919+0000][1][safepoint    ] Total time for which application threads were stopped: 0.0004991 seconds, Stopping threads took: 0.0002282 seconds
[2021-12-31T03:12:26.928+0000][1][safepoint    ] Application time: 1.0091871 seconds
[2021-12-31T03:12:26.929+0000][1][safepoint    ] Entering safepoint region: Cleanup
[2021-12-31T03:12:26.929+0000][1][safepoint    ] Leaving safepoint region
[2021-12-31T03:12:26.929+0000][1][safepoint    ] Total time for which application threads were stopped: 0.0002831 seconds, Stopping threads took: 0.0001389 seconds
[2021-12-31T03:12:27.930+0000][1][safepoint    ] Application time: 1.0009823 seconds
[2021-12-31T03:12:27.930+0000][1][safepoint    ] Entering safepoint region: Cleanup
[2021-12-31T03:12:27.930+0000][1][safepoint    ] Leaving safepoint region
[2021-12-31T03:12:27.930+0000][1][safepoint    ] Total time for which application threads were stopped: 0.0002515 seconds, Stopping threads took: 0.0001068 seconds
[2021-12-31T03:12:28.932+0000][1][safepoint    ] Application time: 1.0013557 seconds
[2021-12-31T03:12:28.932+0000][1][safepoint    ] Entering safepoint region: Cleanup
[2021-12-31T03:12:28.932+0000][1][safepoint    ] Leaving safepoint region
[2021-12-31T03:12:28.932+0000][1][safepoint    ] Total time for which application threads were stopped: 0.0002784 seconds, Stopping threads took: 0.0001288 seconds
[2021-12-31T03:12:29.936+0000][1][safepoint    ] Application time: 1.0032326 seconds
[2021-12-31T03:12:29.936+0000][1][safepoint    ] Entering safepoint region: Cleanup
[2021-12-31T03:12:29.937+0000][1][safepoint    ] Leaving safepoint region
[2021-12-31T03:12:29.937+0000][1][safepoint    ] Total time for which application threads were stopped: 0.0005449 seconds, Stopping threads took: 0.0002414 seconds
[2021-12-31T03:12:30.940+0000][1][safepoint    ] Application time: 1.0025062 seconds
[2021-12-31T03:12:30.940+0000][1][safepoint    ] Entering safepoint region: Cleanup
[2021-12-31T03:12:30.940+0000][1][safepoint    ] Leaving safepoint region
[2021-12-31T03:12:30.940+0000][1][safepoint    ] Total time for which application threads were stopped: 0.0002240 seconds, Stopping threads took: 0.0000957 seconds
[2021-12-31T03:12:31.941+0000][1][safepoint    ] Application time: 1.0005231 seconds
[2021-12-31T03:12:31.941+0000][1][safepoint    ] Entering safepoint region: Cleanup
[2021-12-31T03:12:31.941+0000][1][safepoint    ] Leaving safepoint region
[2021-12-31T03:12:31.941+0000][1][safepoint    ] Total time for which application threads were stopped: 0.0005266 seconds, Stopping threads took: 0.0002378 seconds
[2021-12-31T03:12:32.944+0000][1][safepoint    ] Application time: 1.0023692 seconds
[2021-12-31T03:12:32.944+0000][1][safepoint    ] Entering safepoint region: Cleanup
[2021-12-31T03:12:32.945+0000][1][safepoint    ] Leaving safepoint region
[2021-12-31T03:12:32.945+0000][1][safepoint    ] Total time for which application threads were stopped: 0.0005335 seconds, Stopping threads took: 0.0002451 seconds
[2021-12-31T03:12:33.947+0000][1][safepoint    ] Application time: 1.0020399 seconds
[2021-12-31T03:12:33.947+0000][1][safepoint    ] Entering safepoint region: Cleanup
[2021-12-31T03:12:33.947+0000][1][safepoint    ] Leaving safepoint region
[2021-12-31T03:12:33.948+0000][1][safepoint    ] Total time for which application threads were stopped: 0.0002248 seconds, Stopping threads took: 0.0000981 seconds
[2021-12-31T03:12:34.952+0000][1][safepoint    ] Application time: 1.0038784 seconds
[2021-12-31T03:12:34.952+0000][1][safepoint    ] Entering safepoint region: Cleanup
[2021-12-31T03:12:34.952+0000][1][safepoint    ] Leaving safepoint region
[2021-12-31T03:12:34.952+0000][1][safepoint    ] Total time for which application threads were stopped: 0.0002501 seconds, Stopping threads took: 0.0001046 seconds
[2021-12-31T03:12:35.956+0000][1][safepoint    ] Application time: 1.0037784 seconds
[2021-12-31T03:12:35.956+0000][1][safepoint    ] Entering safepoint region: Cleanup
[2021-12-31T03:12:35.956+0000][1][safepoint    ] Leaving safepoint region
[2021-12-31T03:12:35.956+0000][1][safepoint    ] Total time for which application threads were stopped: 0.0002362 seconds, Stopping threads took: 0.0001037 seconds
[2021-12-31T03:12:36.958+0000][1][safepoint    ] Application time: 1.0016307 seconds
[2021-12-31T03:12:36.958+0000][1][safepoint    ] Entering safepoint region: Cleanup
[2021-12-31T03:12:36.958+0000][1][safepoint    ] Leaving safepoint region
[2021-12-31T03:12:36.958+0000][1][safepoint    ] Total time for which application threads were stopped: 0.0002549 seconds, Stopping threads took: 0.0001041 seconds
[2021-12-31T03:12:37.960+0000][1][safepoint    ] Application time: 1.0017547 seconds
[2021-12-31T03:12:37.960+0000][1][safepoint    ] Entering safepoint region: Cleanup
[2021-12-31T03:12:37.961+0000][1][safepoint    ] Leaving safepoint region
[2021-12-31T03:12:37.961+0000][1][safepoint    ] Total time for which application threads were stopped: 0.0003044 seconds, Stopping threads took: 0.0001390 seconds
[2021-12-31T03:12:38.963+0000][1][safepoint    ] Application time: 1.0016537 seconds
[2021-12-31T03:12:38.963+0000][1][safepoint    ] Entering safepoint region: Cleanup
[2021-12-31T03:12:38.963+0000][1][safepoint    ] Leaving safepoint region
[2021-12-31T03:12:38.963+0000][1][safepoint    ] Total time for which application threads were stopped: 0.0004862 seconds, Stopping threads took: 0.0002164 seconds
[2021-12-31T03:12:39.964+0000][1][safepoint    ] Application time: 1.0002720 seconds
[2021-12-31T03:12:39.964+0000][1][safepoint    ] Entering safepoint region: Cleanup
[2021-12-31T03:12:39.965+0000][1][safepoint    ] Leaving safepoint region
[2021-12-31T03:12:39.965+0000][1][safepoint    ] Total time for which application threads were stopped: 0.0006090 seconds, Stopping threads took: 0.0002517 seconds
[2021-12-31T03:12:40.965+0000][1][safepoint    ] Application time: 1.0002255 seconds
[2021-12-31T03:12:40.966+0000][1][safepoint    ] Entering safepoint region: Cleanup
[2021-12-31T03:12:40.966+0000][1][safepoint    ] Leaving safepoint region
[2021-12-31T03:12:40.966+0000][1][safepoint    ] Total time for which application threads were stopped: 0.0003106 seconds, Stopping threads took: 0.0001476 seconds
[2021-12-31T03:12:41.968+0000][1][safepoint    ] Application time: 1.0024796 seconds
[2021-12-31T03:12:41.969+0000][1][safepoint    ] Entering safepoint region: Cleanup
[2021-12-31T03:12:41.969+0000][1][safepoint    ] Leaving safepoint region
[2021-12-31T03:12:41.969+0000][1][safepoint    ] Total time for which application threads were stopped: 0.0006836 seconds, Stopping threads took: 0.0003051 seconds
[2021-12-31T03:12:42.973+0000][1][safepoint    ] Application time: 1.0030326 seconds
[2021-12-31T03:12:42.973+0000][1][safepoint    ] Entering safepoint region: Cleanup
[2021-12-31T03:12:42.973+0000][1][safepoint    ] Leaving safepoint region
[2021-12-31T03:12:42.973+0000][1][safepoint    ] Total time for which application threads were stopped: 0.0004752 seconds, Stopping threads took: 0.0001080 seconds
[2021-12-31T03:12:43.977+0000][1][safepoint    ] Application time: 1.0033956 seconds
[2021-12-31T03:12:43.977+0000][1][safepoint    ] Entering safepoint region: Cleanup
[2021-12-31T03:12:43.977+0000][1][safepoint    ] Leaving safepoint region
[2021-12-31T03:12:43.978+0000][1][safepoint    ] Total time for which application threads were stopped: 0.0002858 seconds, Stopping threads took: 0.0001229 seconds
[2021-12-31T03:12:44.978+0000][1][safepoint    ] Application time: 1.0007337 seconds
[2021-12-31T03:12:44.979+0000][1][safepoint    ] Entering safepoint region: Cleanup
[2021-12-31T03:12:44.979+0000][1][safepoint    ] Leaving safepoint region
[2021-12-31T03:12:44.979+0000][1][safepoint    ] Total time for which application threads were stopped: 0.0005282 seconds, Stopping threads took: 0.0002104 seconds
[2021-12-31T03:12:45.980+0000][1][safepoint    ] Application time: 1.0003786 seconds
[2021-12-31T03:12:45.980+0000][1][safepoint    ] Entering safepoint region: Cleanup
[2021-12-31T03:12:45.980+0000][1][safepoint    ] Leaving safepoint region
[2021-12-31T03:12:45.980+0000][1][safepoint    ] Total time for which application threads were stopped: 0.0002287 seconds, Stopping threads took: 0.0000981 seconds
[2021-12-31T03:12:46.984+0000][1][safepoint    ] Application time: 1.0039900 seconds
[2021-12-31T03:12:46.985+0000][1][safepoint    ] Entering safepoint region: Cleanup
[2021-12-31T03:12:46.985+0000][1][safepoint    ] Leaving safepoint region
[2021-12-31T03:12:46.985+0000][1][safepoint    ] Total time for which application threads were stopped: 0.0002264 seconds, Stopping threads took: 0.0000972 seconds
[2021-12-31T03:12:47.986+0000][1][safepoint    ] Application time: 1.0014291 seconds
[2021-12-31T03:12:47.986+0000][1][safepoint    ] Entering safepoint region: Cleanup
[2021-12-31T03:12:47.987+0000][1][safepoint    ] Leaving safepoint region
[2021-12-31T03:12:47.987+0000][1][safepoint    ] Total time for which application threads were stopped: 0.0002410 seconds, Stopping threads took: 0.0001000 seconds
[2021-12-31T03:12:48.990+0000][1][safepoint    ] Application time: 1.0036393 seconds
[2021-12-31T03:12:48.991+0000][1][safepoint    ] Entering safepoint region: Cleanup
[2021-12-31T03:12:48.991+0000][1][safepoint    ] Leaving safepoint region
[2021-12-31T03:12:48.991+0000][1][safepoint    ] Total time for which application threads were stopped: 0.0006136 seconds, Stopping threads took: 0.0001989 seconds
[2021-12-31T03:12:49.995+0000][1][safepoint    ] Application time: 1.0029927 seconds
[2021-12-31T03:12:49.995+0000][1][safepoint    ] Entering safepoint region: Cleanup
[2021-12-31T03:12:49.995+0000][1][safepoint    ] Leaving safepoint region
[2021-12-31T03:12:49.995+0000][1][safepoint    ] Total time for which application threads were stopped: 0.0005143 seconds, Stopping threads took: 0.0002302 seconds
[2021-12-31T03:12:50.996+0000][1][safepoint    ] Application time: 1.0001841 seconds
[2021-12-31T03:12:50.996+0000][1][safepoint    ] Entering safepoint region: Cleanup
[2021-12-31T03:12:50.996+0000][1][safepoint    ] Leaving safepoint region
[2021-12-31T03:12:50.997+0000][1][safepoint    ] Total time for which application threads were stopped: 0.0004925 seconds, Stopping threads took: 0.0002214 seconds
[2021-12-31T03:12:51.998+0000][1][safepoint    ] Application time: 1.0012947 seconds
[2021-12-31T03:12:51.998+0000][1][safepoint    ] Entering safepoint region: Cleanup
[2021-12-31T03:12:51.998+0000][1][safepoint    ] Leaving safepoint region
[2021-12-31T03:12:51.999+0000][1][safepoint    ] Total time for which application threads were stopped: 0.0002242 seconds, Stopping threads took: 0.0000912 seconds
[2021-12-31T03:12:52.999+0000][1][safepoint    ] Application time: 1.0005372 seconds
[2021-12-31T03:12:52.999+0000][1][safepoint    ] Entering safepoint region: Cleanup
[2021-12-31T03:12:53.000+0000][1][safepoint    ] Leaving safepoint region
[2021-12-31T03:12:53.000+0000][1][safepoint    ] Total time for which application threads were stopped: 0.0002219 seconds, Stopping threads took: 0.0000926 seconds
[2021-12-31T03:12:54.001+0000][1][safepoint    ] Application time: 1.0010260 seconds
[2021-12-31T03:12:54.001+0000][1][safepoint    ] Entering safepoint region: Cleanup
[2021-12-31T03:12:54.002+0000][1][safepoint    ] Leaving safepoint region
[2021-12-31T03:12:54.002+0000][1][safepoint    ] Total time for which application threads were stopped: 0.0006447 seconds, Stopping threads took: 0.0003486 seconds
[2021-12-31T03:12:55.002+0000][1][safepoint    ] Application time: 1.0005632 seconds
[2021-12-31T03:12:55.003+0000][1][safepoint    ] Entering safepoint region: Cleanup
[2021-12-31T03:12:55.003+0000][1][safepoint    ] Leaving safepoint region
[2021-12-31T03:12:55.003+0000][1][safepoint    ] Total time for which application threads were stopped: 0.0002166 seconds, Stopping threads took: 0.0000874 seconds
[2021-12-31T03:12:56.004+0000][1][safepoint    ] Application time: 1.0006812 seconds
[2021-12-31T03:12:56.004+0000][1][safepoint    ] Entering safepoint region: Cleanup
[2021-12-31T03:12:56.004+0000][1][safepoint    ] Leaving safepoint region
[2021-12-31T03:12:56.004+0000][1][safepoint    ] Total time for which application threads were stopped: 0.0004166 seconds, Stopping threads took: 0.0001358 seconds
[2021-12-31T03:12:57.005+0000][1][safepoint    ] Application time: 1.0006860 seconds
[2021-12-31T03:12:57.006+0000][1][safepoint    ] Entering safepoint region: Cleanup
[2021-12-31T03:12:57.006+0000][1][safepoint    ] Leaving safepoint region
[2021-12-31T03:12:57.006+0000][1][safepoint    ] Total time for which application threads were stopped: 0.0004990 seconds, Stopping threads took: 0.0002681 seconds
[2021-12-31T03:12:58.009+0000][1][safepoint    ] Application time: 1.0029940 seconds
[2021-12-31T03:12:58.009+0000][1][safepoint    ] Entering safepoint region: Cleanup
[2021-12-31T03:12:58.010+0000][1][safepoint    ] Leaving safepoint region
[2021-12-31T03:12:58.010+0000][1][safepoint    ] Total time for which application threads were stopped: 0.0002452 seconds, Stopping threads took: 0.0001069 seconds
[2021-12-31T03:12:59.013+0000][1][safepoint    ] Application time: 1.0037112 seconds
[2021-12-31T03:12:59.014+0000][1][safepoint    ] Entering safepoint region: Cleanup
[2021-12-31T03:12:59.014+0000][1][safepoint    ] Leaving safepoint region
[2021-12-31T03:12:59.014+0000][1][safepoint    ] Total time for which application threads were stopped: 0.0002390 seconds, Stopping threads took: 0.0000973 seconds
[2021-12-31T03:13:00.017+0000][1][safepoint    ] Application time: 1.0032005 seconds
[2021-12-31T03:13:00.017+0000][1][safepoint    ] Entering safepoint region: Cleanup
[2021-12-31T03:13:00.017+0000][1][safepoint    ] Leaving safepoint region
[2021-12-31T03:13:00.018+0000][1][safepoint    ] Total time for which application threads were stopped: 0.0002914 seconds, Stopping threads took: 0.0001008 seconds
[2021-12-31T03:13:01.032+0000][1][safepoint    ] Application time: 1.0140083 seconds
[2021-12-31T03:13:01.032+0000][1][safepoint    ] Entering safepoint region: Cleanup
[2021-12-31T03:13:01.033+0000][1][safepoint    ] Leaving safepoint region
[2021-12-31T03:13:01.033+0000][1][safepoint    ] Total time for which application threads were stopped: 0.0005502 seconds, Stopping threads took: 0.0002523 seconds
[2021-12-31T03:13:02.033+0000][1][safepoint    ] Application time: 1.0005023 seconds
[2021-12-31T03:13:02.034+0000][1][safepoint    ] Entering safepoint region: Cleanup
[2021-12-31T03:13:02.034+0000][1][safepoint    ] Leaving safepoint region
[2021-12-31T03:13:02.034+0000][1][safepoint    ] Total time for which application threads were stopped: 0.0005371 seconds, Stopping threads took: 0.0002282 seconds
[2021-12-31T03:13:03.037+0000][1][safepoint    ] Application time: 1.0022823 seconds
[2021-12-31T03:13:03.037+0000][1][safepoint    ] Entering safepoint region: Cleanup
[2021-12-31T03:13:03.037+0000][1][safepoint    ] Leaving safepoint region
[2021-12-31T03:13:03.038+0000][1][safepoint    ] Total time for which application threads were stopped: 0.0004879 seconds, Stopping threads took: 0.0002091 seconds
[2021-12-31T03:13:04.040+0000][1][safepoint    ] Application time: 1.0016623 seconds
[2021-12-31T03:13:04.040+0000][1][safepoint    ] Entering safepoint region: Cleanup
[2021-12-31T03:13:04.040+0000][1][safepoint    ] Leaving safepoint region
[2021-12-31T03:13:04.040+0000][1][safepoint    ] Total time for which application threads were stopped: 0.0003252 seconds, Stopping threads took: 0.0001453 seconds
[2021-12-31T03:13:05.044+0000][1][safepoint    ] Application time: 1.0037306 seconds
[2021-12-31T03:13:05.044+0000][1][safepoint    ] Entering safepoint region: Cleanup
[2021-12-31T03:13:05.044+0000][1][safepoint    ] Leaving safepoint region
[2021-12-31T03:13:05.044+0000][1][safepoint    ] Total time for which application threads were stopped: 0.0002436 seconds, Stopping threads took: 0.0001129 seconds
[2021-12-31T03:13:06.045+0000][1][safepoint    ] Application time: 1.0006658 seconds
[2021-12-31T03:13:06.045+0000][1][safepoint    ] Entering safepoint region: Cleanup
[2021-12-31T03:13:06.046+0000][1][safepoint    ] Leaving safepoint region
[2021-12-31T03:13:06.046+0000][1][safepoint    ] Total time for which application threads were stopped: 0.0002410 seconds, Stopping threads took: 0.0001027 seconds
[2021-12-31T03:13:07.048+0000][1][safepoint    ] Application time: 1.0025349 seconds
[2021-12-31T03:13:07.049+0000][1][safepoint    ] Entering safepoint region: Cleanup
[2021-12-31T03:13:07.049+0000][1][safepoint    ] Leaving safepoint region
[2021-12-31T03:13:07.049+0000][1][safepoint    ] Total time for which application threads were stopped: 0.0002278 seconds, Stopping threads took: 0.0000977 seconds
[2021-12-31T03:13:08.050+0000][1][safepoint    ] Application time: 1.0012747 seconds
[2021-12-31T03:13:08.050+0000][1][safepoint    ] Entering safepoint region: Cleanup
[2021-12-31T03:13:08.050+0000][1][safepoint    ] Leaving safepoint region
[2021-12-31T03:13:08.051+0000][1][safepoint    ] Total time for which application threads were stopped: 0.0002258 seconds, Stopping threads took: 0.0000966 seconds
[2021-12-31T03:13:09.052+0000][1][safepoint    ] Application time: 1.0017178 seconds
[2021-12-31T03:13:09.053+0000][1][safepoint    ] Entering safepoint region: Cleanup
[2021-12-31T03:13:09.053+0000][1][safepoint    ] Leaving safepoint region
[2021-12-31T03:13:09.053+0000][1][safepoint    ] Total time for which application threads were stopped: 0.0004323 seconds, Stopping threads took: 0.0001016 seconds
[2021-12-31T03:13:10.055+0000][1][safepoint    ] Application time: 1.0014790 seconds
[2021-12-31T03:13:10.055+0000][1][safepoint    ] Entering safepoint region: Cleanup
[2021-12-31T03:13:10.056+0000][1][safepoint    ] Leaving safepoint region
[2021-12-31T03:13:10.056+0000][1][safepoint    ] Total time for which application threads were stopped: 0.0005089 seconds, Stopping threads took: 0.0002363 seconds
[2021-12-31T03:13:11.056+0000][1][safepoint    ] Application time: 1.0001843 seconds
[2021-12-31T03:13:11.056+0000][1][safepoint    ] Entering safepoint region: Cleanup
[2021-12-31T03:13:11.057+0000][1][safepoint    ] Leaving safepoint region
[2021-12-31T03:13:11.057+0000][1][safepoint    ] Total time for which application threads were stopped: 0.0006629 seconds, Stopping threads took: 0.0003727 seconds
[2021-12-31T03:13:12.059+0000][1][safepoint    ] Application time: 1.0016705 seconds
[2021-12-31T03:13:12.059+0000][1][safepoint    ] Entering safepoint region: Cleanup
[2021-12-31T03:13:12.060+0000][1][safepoint    ] Leaving safepoint region
[2021-12-31T03:13:12.060+0000][1][safepoint    ] Total time for which application threads were stopped: 0.0005416 seconds, Stopping threads took: 0.0002469 seconds
[2021-12-31T03:13:13.062+0000][1][safepoint    ] Application time: 1.0014454 seconds
[2021-12-31T03:13:13.062+0000][1][safepoint    ] Entering safepoint region: Cleanup
[2021-12-31T03:13:13.062+0000][1][safepoint    ] Leaving safepoint region
[2021-12-31T03:13:13.062+0000][1][safepoint    ] Total time for which application threads were stopped: 0.0002259 seconds, Stopping threads took: 0.0000952 seconds
[2021-12-31T03:13:14.063+0000][1][safepoint    ] Application time: 1.0007722 seconds
[2021-12-31T03:13:14.063+0000][1][safepoint    ] Entering safepoint region: Cleanup
[2021-12-31T03:13:14.063+0000][1][safepoint    ] Leaving safepoint region
[2021-12-31T03:13:14.063+0000][1][safepoint    ] Total time for which application threads were stopped: 0.0002398 seconds, Stopping threads took: 0.0001000 seconds
[2021-12-31T03:13:15.066+0000][1][safepoint    ] Application time: 1.0028011 seconds
[2021-12-31T03:13:15.066+0000][1][safepoint    ] Entering safepoint region: Cleanup
[2021-12-31T03:13:15.067+0000][1][safepoint    ] Leaving safepoint region
[2021-12-31T03:13:15.067+0000][1][safepoint    ] Total time for which application threads were stopped: 0.0002511 seconds, Stopping threads took: 0.0001173 seconds
[2021-12-31T03:13:16.068+0000][1][safepoint    ] Application time: 1.0009086 seconds
[2021-12-31T03:13:16.068+0000][1][safepoint    ] Entering safepoint region: Cleanup
[2021-12-31T03:13:16.068+0000][1][safepoint    ] Leaving safepoint region
[2021-12-31T03:13:16.069+0000][1][safepoint    ] Total time for which application threads were stopped: 0.0005731 seconds, Stopping threads took: 0.0002558 seconds
[2021-12-31T03:13:17.586+0000][1][safepoint    ] Application time: 1.5168588 seconds
[2021-12-31T03:13:17.586+0000][1][safepoint    ] Entering safepoint region: Cleanup
[2021-12-31T03:13:17.586+0000][1][safepoint    ] Leaving safepoint region
[2021-12-31T03:13:17.587+0000][1][safepoint    ] Total time for which application threads were stopped: 0.0004563 seconds, Stopping threads took: 0.0002016 seconds
[2021-12-31T03:13:17.901+0000][1][safepoint    ] Application time: 0.3144394 seconds
[2021-12-31T03:13:17.902+0000][1][safepoint    ] Entering safepoint region: RevokeBias
[2021-12-31T03:13:17.902+0000][1][safepoint    ] Leaving safepoint region
[2021-12-31T03:13:17.902+0000][1][safepoint    ] Total time for which application threads were stopped: 0.0006938 seconds, Stopping threads took: 0.0001906 seconds
[2021-12-31T03:13:18.906+0000][1][safepoint    ] Application time: 1.0037843 seconds
[2021-12-31T03:13:18.907+0000][1][safepoint    ] Entering safepoint region: Cleanup
[2021-12-31T03:13:18.907+0000][1][safepoint    ] Leaving safepoint region
[2021-12-31T03:13:18.907+0000][1][safepoint    ] Total time for which application threads were stopped: 0.0004900 seconds, Stopping threads took: 0.0002067 seconds
[2021-12-31T03:13:19.911+0000][1][safepoint    ] Application time: 1.0032377 seconds
[2021-12-31T03:13:19.911+0000][1][safepoint    ] Entering safepoint region: Cleanup
[2021-12-31T03:13:19.911+0000][1][safepoint    ] Leaving safepoint region
[2021-12-31T03:13:19.912+0000][1][safepoint    ] Total time for which application threads were stopped: 0.0008258 seconds, Stopping threads took: 0.0003965 seconds
[2021-12-31T03:13:20.913+0000][1][safepoint    ] Application time: 1.0015115 seconds
[2021-12-31T03:13:20.914+0000][1][safepoint    ] Entering safepoint region: Cleanup
[2021-12-31T03:13:20.914+0000][1][safepoint    ] Leaving safepoint region
[2021-12-31T03:13:20.914+0000][1][safepoint    ] Total time for which application threads were stopped: 0.0003929 seconds, Stopping threads took: 0.0002477 seconds
[2021-12-31T03:13:21.915+0000][1][safepoint    ] Application time: 1.0002559 seconds
[2021-12-31T03:13:21.915+0000][1][safepoint    ] Entering safepoint region: Cleanup
[2021-12-31T03:13:21.915+0000][1][safepoint    ] Leaving safepoint region
[2021-12-31T03:13:21.915+0000][1][safepoint    ] Total time for which application threads were stopped: 0.0002508 seconds, Stopping threads took: 0.0001018 seconds
[2021-12-31T03:13:22.919+0000][1][safepoint    ] Application time: 1.0038710 seconds
[2021-12-31T03:13:22.919+0000][1][safepoint    ] Entering safepoint region: Cleanup
[2021-12-31T03:13:22.919+0000][1][safepoint    ] Leaving safepoint region
[2021-12-31T03:13:22.920+0000][1][safepoint    ] Total time for which application threads were stopped: 0.0002522 seconds, Stopping threads took: 0.0001124 seconds
[2021-12-31T03:13:23.921+0000][1][safepoint    ] Application time: 1.0012028 seconds
[2021-12-31T03:13:23.921+0000][1][safepoint    ] Entering safepoint region: Cleanup
[2021-12-31T03:13:23.921+0000][1][safepoint    ] Leaving safepoint region
[2021-12-31T03:13:23.921+0000][1][safepoint    ] Total time for which application threads were stopped: 0.0002913 seconds, Stopping threads took: 0.0001388 seconds
[2021-12-31T03:13:24.925+0000][1][safepoint    ] Application time: 1.0031316 seconds
[2021-12-31T03:13:24.925+0000][1][safepoint    ] Entering safepoint region: Cleanup
[2021-12-31T03:13:24.925+0000][1][safepoint    ] Leaving safepoint region
[2021-12-31T03:13:24.925+0000][1][safepoint    ] Total time for which application threads were stopped: 0.0002406 seconds, Stopping threads took: 0.0001005 seconds
[2021-12-31T03:13:25.926+0000][1][safepoint    ] Application time: 1.0006102 seconds
[2021-12-31T03:13:25.926+0000][1][safepoint    ] Entering safepoint region: Cleanup
[2021-12-31T03:13:25.926+0000][1][safepoint    ] Leaving safepoint region
[2021-12-31T03:13:25.927+0000][1][safepoint    ] Total time for which application threads were stopped: 0.0004504 seconds, Stopping threads took: 0.0001894 seconds
[2021-12-31T03:13:26.927+0000][1][safepoint    ] Application time: 1.0007789 seconds
[2021-12-31T03:13:26.928+0000][1][safepoint    ] Entering safepoint region: Cleanup
[2021-12-31T03:13:26.928+0000][1][safepoint    ] Leaving safepoint region
[2021-12-31T03:13:26.928+0000][1][safepoint    ] Total time for which application threads were stopped: 0.0006150 seconds, Stopping threads took: 0.0002859 seconds
[2021-12-31T03:13:27.934+0000][1][safepoint    ] Application time: 1.0057213 seconds
[2021-12-31T03:13:27.935+0000][1][safepoint    ] Entering safepoint region: Cleanup
[2021-12-31T03:13:27.935+0000][1][safepoint    ] Leaving safepoint region
[2021-12-31T03:13:27.935+0000][1][safepoint    ] Total time for which application threads were stopped: 0.0004923 seconds, Stopping threads took: 0.0002300 seconds
[2021-12-31T03:13:28.938+0000][1][safepoint    ] Application time: 1.0022223 seconds
[2021-12-31T03:13:28.938+0000][1][safepoint    ] Entering safepoint region: Cleanup
[2021-12-31T03:13:28.938+0000][1][safepoint    ] Leaving safepoint region
[2021-12-31T03:13:28.938+0000][1][safepoint    ] Total time for which application threads were stopped: 0.0002434 seconds, Stopping threads took: 0.0001032 seconds
[2021-12-31T03:13:29.941+0000][1][safepoint    ] Application time: 1.0031638 seconds
[2021-12-31T03:13:29.942+0000][1][safepoint    ] Entering safepoint region: Cleanup
[2021-12-31T03:13:29.942+0000][1][safepoint    ] Leaving safepoint region
[2021-12-31T03:13:29.942+0000][1][safepoint    ] Total time for which application threads were stopped: 0.0002956 seconds, Stopping threads took: 0.0001142 seconds
[2021-12-31T03:13:30.946+0000][1][safepoint    ] Application time: 1.0037403 seconds
[2021-12-31T03:13:30.946+0000][1][safepoint    ] Entering safepoint region: Cleanup
[2021-12-31T03:13:30.946+0000][1][safepoint    ] Leaving safepoint region
[2021-12-31T03:13:30.946+0000][1][safepoint    ] Total time for which application threads were stopped: 0.0004147 seconds, Stopping threads took: 0.0001380 seconds
[2021-12-31T03:13:31.950+0000][1][safepoint    ] Application time: 1.0033138 seconds
[2021-12-31T03:13:31.950+0000][1][safepoint    ] Entering safepoint region: Cleanup
[2021-12-31T03:13:31.950+0000][1][safepoint    ] Leaving safepoint region
[2021-12-31T03:13:31.950+0000][1][safepoint    ] Total time for which application threads were stopped: 0.0002631 seconds, Stopping threads took: 0.0001235 seconds
[2021-12-31T03:13:32.954+0000][1][safepoint    ] Application time: 1.0030625 seconds
[2021-12-31T03:13:32.954+0000][1][safepoint    ] Entering safepoint region: Cleanup
[2021-12-31T03:13:32.954+0000][1][safepoint    ] Leaving safepoint region
[2021-12-31T03:13:32.954+0000][1][safepoint    ] Total time for which application threads were stopped: 0.0002120 seconds, Stopping threads took: 0.0000924 seconds
[2021-12-31T03:13:33.958+0000][1][safepoint    ] Application time: 1.0034940 seconds
[2021-12-31T03:13:33.958+0000][1][safepoint    ] Entering safepoint region: Cleanup
[2021-12-31T03:13:33.958+0000][1][safepoint    ] Leaving safepoint region
[2021-12-31T03:13:33.959+0000][1][safepoint    ] Total time for which application threads were stopped: 0.0006922 seconds, Stopping threads took: 0.0003426 seconds
[2021-12-31T03:13:34.962+0000][1][safepoint    ] Application time: 1.0032097 seconds
[2021-12-31T03:13:34.962+0000][1][safepoint    ] Entering safepoint region: Cleanup
[2021-12-31T03:13:34.962+0000][1][safepoint    ] Leaving safepoint region
[2021-12-31T03:13:34.962+0000][1][safepoint    ] Total time for which application threads were stopped: 0.0002292 seconds, Stopping threads took: 0.0000987 seconds
[2021-12-31T03:13:35.965+0000][1][safepoint    ] Application time: 1.0027446 seconds
[2021-12-31T03:13:35.965+0000][1][safepoint    ] Entering safepoint region: Cleanup
[2021-12-31T03:13:35.966+0000][1][safepoint    ] Leaving safepoint region
[2021-12-31T03:13:35.966+0000][1][safepoint    ] Total time for which application threads were stopped: 0.0002327 seconds, Stopping threads took: 0.0001007 seconds
[2021-12-31T03:13:36.969+0000][1][safepoint    ] Application time: 1.0036614 seconds
[2021-12-31T03:13:36.970+0000][1][safepoint    ] Entering safepoint region: Cleanup
[2021-12-31T03:13:36.970+0000][1][safepoint    ] Leaving safepoint region
[2021-12-31T03:13:36.970+0000][1][safepoint    ] Total time for which application threads were stopped: 0.0002351 seconds, Stopping threads took: 0.0001033 seconds
[2021-12-31T03:13:37.973+0000][1][safepoint    ] Application time: 1.0026812 seconds
[2021-12-31T03:13:37.973+0000][1][safepoint    ] Entering safepoint region: Cleanup
[2021-12-31T03:13:37.973+0000][1][safepoint    ] Leaving safepoint region
[2021-12-31T03:13:37.973+0000][1][safepoint    ] Total time for which application threads were stopped: 0.0003572 seconds, Stopping threads took: 0.0001349 seconds
[2021-12-31T03:13:38.976+0000][1][safepoint    ] Application time: 1.0025669 seconds
[2021-12-31T03:13:38.976+0000][1][safepoint    ] Entering safepoint region: Cleanup
[2021-12-31T03:13:38.976+0000][1][safepoint    ] Leaving safepoint region
[2021-12-31T03:13:38.976+0000][1][safepoint    ] Total time for which application threads were stopped: 0.0003445 seconds, Stopping threads took: 0.0001036 seconds
[2021-12-31T03:13:39.978+0000][1][safepoint    ] Application time: 1.0015818 seconds
[2021-12-31T03:13:39.979+0000][1][safepoint    ] Entering safepoint region: Cleanup
[2021-12-31T03:13:39.979+0000][1][safepoint    ] Leaving safepoint region
[2021-12-31T03:13:39.979+0000][1][safepoint    ] Total time for which application threads were stopped: 0.0004985 seconds, Stopping threads took: 0.0002223 seconds
[2021-12-31T03:13:40.980+0000][1][safepoint    ] Application time: 1.0004115 seconds
[2021-12-31T03:13:40.980+0000][1][safepoint    ] Entering safepoint region: Cleanup
[2021-12-31T03:13:40.980+0000][1][safepoint    ] Leaving safepoint region
[2021-12-31T03:13:40.980+0000][1][safepoint    ] Total time for which application threads were stopped: 0.0005376 seconds, Stopping threads took: 0.0002092 seconds
[2021-12-31T03:13:41.982+0000][1][safepoint    ] Application time: 1.0012280 seconds
[2021-12-31T03:13:41.982+0000][1][safepoint    ] Entering safepoint region: Cleanup
[2021-12-31T03:13:41.982+0000][1][safepoint    ] Leaving safepoint region
[2021-12-31T03:13:41.982+0000][1][safepoint    ] Total time for which application threads were stopped: 0.0002258 seconds, Stopping threads took: 0.0000958 seconds
[2021-12-31T03:13:42.986+0000][1][safepoint    ] Application time: 1.0033313 seconds
[2021-12-31T03:13:42.986+0000][1][safepoint    ] Entering safepoint region: Cleanup
[2021-12-31T03:13:42.986+0000][1][safepoint    ] Leaving safepoint region
[2021-12-31T03:13:42.986+0000][1][safepoint    ] Total time for which application threads were stopped: 0.0004480 seconds, Stopping threads took: 0.0001988 seconds
[2021-12-31T03:13:43.988+0000][1][safepoint    ] Application time: 1.0009664 seconds
[2021-12-31T03:13:43.988+0000][1][safepoint    ] Entering safepoint region: Cleanup
[2021-12-31T03:13:43.988+0000][1][safepoint    ] Leaving safepoint region
[2021-12-31T03:13:43.988+0000][1][safepoint    ] Total time for which application threads were stopped: 0.0005509 seconds, Stopping threads took: 0.0002284 seconds
[2021-12-31T03:13:45.004+0000][1][safepoint    ] Application time: 1.0154221 seconds
[2021-12-31T03:13:45.004+0000][1][safepoint    ] Entering safepoint region: Cleanup
[2021-12-31T03:13:45.005+0000][1][safepoint    ] Leaving safepoint region
[2021-12-31T03:13:45.005+0000][1][safepoint    ] Total time for which application threads were stopped: 0.0006324 seconds, Stopping threads took: 0.0002629 seconds
[2021-12-31T03:13:46.011+0000][1][safepoint    ] Application time: 1.0055434 seconds
[2021-12-31T03:13:46.011+0000][1][safepoint    ] Entering safepoint region: Cleanup
[2021-12-31T03:13:46.011+0000][1][safepoint    ] Leaving safepoint region
[2021-12-31T03:13:46.012+0000][1][safepoint    ] Total time for which application threads were stopped: 0.0005343 seconds, Stopping threads took: 0.0002142 seconds
[2021-12-31T03:13:47.018+0000][1][safepoint    ] Application time: 1.0065155 seconds
[2021-12-31T03:13:47.019+0000][1][safepoint    ] Entering safepoint region: Cleanup
[2021-12-31T03:13:47.019+0000][1][safepoint    ] Leaving safepoint region
[2021-12-31T03:13:47.019+0000][1][safepoint    ] Total time for which application threads were stopped: 0.0004980 seconds, Stopping threads took: 0.0002235 seconds
[2021-12-31T03:13:48.024+0000][1][safepoint    ] Application time: 1.0044503 seconds
[2021-12-31T03:13:48.024+0000][1][safepoint    ] Entering safepoint region: Cleanup
[2021-12-31T03:13:48.025+0000][1][safepoint    ] Leaving safepoint region
[2021-12-31T03:13:48.025+0000][1][safepoint    ] Total time for which application threads were stopped: 0.0005943 seconds, Stopping threads took: 0.0002571 seconds
[2021-12-31T03:13:49.038+0000][1][safepoint    ] Application time: 1.0129248 seconds
[2021-12-31T03:13:49.039+0000][1][safepoint    ] Entering safepoint region: Cleanup
[2021-12-31T03:13:49.039+0000][1][safepoint    ] Leaving safepoint region
[2021-12-31T03:13:49.039+0000][1][safepoint    ] Total time for which application threads were stopped: 0.0004235 seconds, Stopping threads took: 0.0001880 seconds
[2021-12-31T03:13:50.045+0000][1][safepoint    ] Application time: 1.0059165 seconds
[2021-12-31T03:13:50.046+0000][1][safepoint    ] Entering safepoint region: Cleanup
[2021-12-31T03:13:50.046+0000][1][safepoint    ] Leaving safepoint region
[2021-12-31T03:13:50.046+0000][1][safepoint    ] Total time for which application threads were stopped: 0.0004620 seconds, Stopping threads took: 0.0002150 seconds
[2021-12-31T03:13:51.047+0000][1][safepoint    ] Application time: 1.0009894 seconds
[2021-12-31T03:13:51.048+0000][1][safepoint    ] Entering safepoint region: Cleanup
[2021-12-31T03:13:51.048+0000][1][safepoint    ] Leaving safepoint region
[2021-12-31T03:13:51.048+0000][1][safepoint    ] Total time for which application threads were stopped: 0.0005053 seconds, Stopping threads took: 0.0002147 seconds
[2021-12-31T03:13:52.054+0000][1][safepoint    ] Application time: 1.0058012 seconds
[2021-12-31T03:13:52.054+0000][1][safepoint    ] Entering safepoint region: Cleanup
[2021-12-31T03:13:52.055+0000][1][safepoint    ] Leaving safepoint region
[2021-12-31T03:13:52.055+0000][1][safepoint    ] Total time for which application threads were stopped: 0.0006474 seconds, Stopping threads took: 0.0003421 seconds
[2021-12-31T03:13:53.058+0000][1][safepoint    ] Application time: 1.0028721 seconds
[2021-12-31T03:13:53.058+0000][1][safepoint    ] Entering safepoint region: Cleanup
[2021-12-31T03:13:53.058+0000][1][safepoint    ] Leaving safepoint region
[2021-12-31T03:13:53.059+0000][1][safepoint    ] Total time for which application threads were stopped: 0.0002226 seconds, Stopping threads took: 0.0000948 seconds
[2021-12-31T03:13:54.060+0000][1][safepoint    ] Application time: 1.0011870 seconds
[2021-12-31T03:13:54.060+0000][1][safepoint    ] Entering safepoint region: Cleanup
[2021-12-31T03:13:54.060+0000][1][safepoint    ] Leaving safepoint region
[2021-12-31T03:13:54.060+0000][1][safepoint    ] Total time for which application threads were stopped: 0.0002104 seconds, Stopping threads took: 0.0000891 seconds
[2021-12-31T03:13:55.062+0000][1][safepoint    ] Application time: 1.0018281 seconds
[2021-12-31T03:13:55.062+0000][1][safepoint    ] Entering safepoint region: Cleanup
[2021-12-31T03:13:55.063+0000][1][safepoint    ] Leaving safepoint region
[2021-12-31T03:13:55.063+0000][1][safepoint    ] Total time for which application threads were stopped: 0.0002827 seconds, Stopping threads took: 0.0001206 seconds
[2021-12-31T03:13:56.064+0000][1][safepoint    ] Application time: 1.0008947 seconds
[2021-12-31T03:13:56.064+0000][1][safepoint    ] Entering safepoint region: Cleanup
[2021-12-31T03:13:56.064+0000][1][safepoint    ] Leaving safepoint region
[2021-12-31T03:13:56.064+0000][1][safepoint    ] Total time for which application threads were stopped: 0.0002255 seconds, Stopping threads took: 0.0001027 seconds
[2021-12-31T03:13:57.065+0000][1][safepoint    ] Application time: 1.0004041 seconds
[2021-12-31T03:13:57.065+0000][1][safepoint    ] Entering safepoint region: Cleanup
[2021-12-31T03:13:57.065+0000][1][safepoint    ] Leaving safepoint region
[2021-12-31T03:13:57.065+0000][1][safepoint    ] Total time for which application threads were stopped: 0.0002461 seconds, Stopping threads took: 0.0001034 seconds
[2021-12-31T03:13:58.067+0000][1][safepoint    ] Application time: 1.0020233 seconds
[2021-12-31T03:13:58.067+0000][1][safepoint    ] Entering safepoint region: Cleanup
[2021-12-31T03:13:58.068+0000][1][safepoint    ] Leaving safepoint region
[2021-12-31T03:13:58.068+0000][1][safepoint    ] Total time for which application threads were stopped: 0.0002665 seconds, Stopping threads took: 0.0001032 seconds
[2021-12-31T03:13:59.070+0000][1][safepoint    ] Application time: 1.0025241 seconds
[2021-12-31T03:13:59.071+0000][1][safepoint    ] Entering safepoint region: Cleanup
[2021-12-31T03:13:59.071+0000][1][safepoint    ] Leaving safepoint region
[2021-12-31T03:13:59.071+0000][1][safepoint    ] Total time for which application threads were stopped: 0.0005212 seconds, Stopping threads took: 0.0002382 seconds
[2021-12-31T03:14:00.074+0000][1][safepoint    ] Application time: 1.0025160 seconds
[2021-12-31T03:14:00.074+0000][1][safepoint    ] Entering safepoint region: Cleanup
[2021-12-31T03:14:00.075+0000][1][safepoint    ] Leaving safepoint region
[2021-12-31T03:14:00.075+0000][1][safepoint    ] Total time for which application threads were stopped: 0.0005363 seconds, Stopping threads took: 0.0002522 seconds
[2021-12-31T03:14:01.078+0000][1][safepoint    ] Application time: 1.0032267 seconds
[2021-12-31T03:14:01.079+0000][1][safepoint    ] Entering safepoint region: Cleanup
[2021-12-31T03:14:01.079+0000][1][safepoint    ] Leaving safepoint region
[2021-12-31T03:14:01.079+0000][1][safepoint    ] Total time for which application threads were stopped: 0.0003801 seconds, Stopping threads took: 0.0001933 seconds
[2021-12-31T03:14:02.082+0000][1][safepoint    ] Application time: 1.0025649 seconds
[2021-12-31T03:14:02.082+0000][1][safepoint    ] Entering safepoint region: Cleanup
[2021-12-31T03:14:02.082+0000][1][safepoint    ] Leaving safepoint region
[2021-12-31T03:14:02.082+0000][1][safepoint    ] Total time for which application threads were stopped: 0.0003668 seconds, Stopping threads took: 0.0001656 seconds
[2021-12-31T03:14:03.085+0000][1][safepoint    ] Application time: 1.0028039 seconds
[2021-12-31T03:14:03.086+0000][1][safepoint    ] Entering safepoint region: Cleanup
[2021-12-31T03:14:03.086+0000][1][safepoint    ] Leaving safepoint region
[2021-12-31T03:14:03.086+0000][1][safepoint    ] Total time for which application threads were stopped: 0.0006599 seconds, Stopping threads took: 0.0002355 seconds
[2021-12-31T03:14:04.089+0000][1][safepoint    ] Application time: 1.0027697 seconds
[2021-12-31T03:14:04.090+0000][1][safepoint    ] Entering safepoint region: Cleanup
[2021-12-31T03:14:04.090+0000][1][safepoint    ] Leaving safepoint region
[2021-12-31T03:14:04.090+0000][1][safepoint    ] Total time for which application threads were stopped: 0.0002560 seconds, Stopping threads took: 0.0001048 seconds
[2021-12-31T03:14:05.094+0000][1][safepoint    ] Application time: 1.0036745 seconds
[2021-12-31T03:14:05.094+0000][1][safepoint    ] Entering safepoint region: Cleanup
[2021-12-31T03:14:05.094+0000][1][safepoint    ] Leaving safepoint region
[2021-12-31T03:14:05.094+0000][1][safepoint    ] Total time for which application threads were stopped: 0.0002435 seconds, Stopping threads took: 0.0001100 seconds
[2021-12-31T03:14:06.096+0000][1][safepoint    ] Application time: 1.0013680 seconds
[2021-12-31T03:14:06.096+0000][1][safepoint    ] Entering safepoint region: Cleanup
[2021-12-31T03:14:06.096+0000][1][safepoint    ] Leaving safepoint region
[2021-12-31T03:14:06.096+0000][1][safepoint    ] Total time for which application threads were stopped: 0.0003279 seconds, Stopping threads took: 0.0001890 seconds
[2021-12-31T03:14:07.097+0000][1][safepoint    ] Application time: 1.0010430 seconds
[2021-12-31T03:14:07.098+0000][1][safepoint    ] Entering safepoint region: Cleanup
[2021-12-31T03:14:07.098+0000][1][safepoint    ] Leaving safepoint region
[2021-12-31T03:14:07.098+0000][1][safepoint    ] Total time for which application threads were stopped: 0.0002854 seconds, Stopping threads took: 0.0001400 seconds
[2021-12-31T03:14:08.099+0000][1][safepoint    ] Application time: 1.0013451 seconds
[2021-12-31T03:14:08.100+0000][1][safepoint    ] Entering safepoint region: Cleanup
[2021-12-31T03:14:08.100+0000][1][safepoint    ] Leaving safepoint region
[2021-12-31T03:14:08.100+0000][1][safepoint    ] Total time for which application threads were stopped: 0.0006451 seconds, Stopping threads took: 0.0001095 seconds
[2021-12-31T03:14:09.103+0000][1][safepoint    ] Application time: 1.0022990 seconds
[2021-12-31T03:14:09.103+0000][1][safepoint    ] Entering safepoint region: Cleanup
[2021-12-31T03:14:09.103+0000][1][safepoint    ] Leaving safepoint region
[2021-12-31T03:14:09.103+0000][1][safepoint    ] Total time for which application threads were stopped: 0.0003545 seconds, Stopping threads took: 0.0001001 seconds
[2021-12-31T03:14:09.676+0000][1][safepoint    ] Application time: 0.5724946 seconds
[2021-12-31T03:14:09.676+0000][1][safepoint    ] Entering safepoint region: GenCollectForAllocation
[2021-12-31T03:14:09.676+0000][1][gc,start     ] GC(43) Pause Young (Allocation Failure)
[2021-12-31T03:14:09.676+0000][1][gc,task      ] GC(43) Using 1 workers of 1 for evacuation
[2021-12-31T03:14:09.680+0000][1][gc,age       ] GC(43) Desired survivor size 4358144 bytes, new threshold 6 (max threshold 6)
[2021-12-31T03:14:09.680+0000][1][gc,age       ] GC(43) Age table with threshold 6 (max threshold 6)
[2021-12-31T03:14:09.680+0000][1][gc,age       ] GC(43) - age   1:      17176 bytes,      17176 total
[2021-12-31T03:14:09.680+0000][1][gc,age       ] GC(43) - age   3:        544 bytes,      17720 total
[2021-12-31T03:14:09.680+0000][1][gc,age       ] GC(43) - age   4:       5952 bytes,      23672 total
[2021-12-31T03:14:09.680+0000][1][gc,age       ] GC(43) - age   5:       2512 bytes,      26184 total
[2021-12-31T03:14:09.681+0000][1][gc,age       ] GC(43) - age   6:      16928 bytes,      43112 total
[2021-12-31T03:14:09.681+0000][1][gc,heap      ] GC(43) ParNew: 68209K->43K(76672K)
[2021-12-31T03:14:09.681+0000][1][gc,heap      ] GC(43) CMS: 127722K->127722K(439104K)
[2021-12-31T03:14:09.681+0000][1][gc,metaspace ] GC(43) Metaspace: 73530K->73530K(1116160K)
[2021-12-31T03:14:09.681+0000][1][gc           ] GC(43) Pause Young (Allocation Failure) 191M->124M(503M) 4.741ms
[2021-12-31T03:14:09.681+0000][1][gc,cpu       ] GC(43) User=0.00s Sys=0.00s Real=0.00s
[2021-12-31T03:14:09.681+0000][1][safepoint    ] Leaving safepoint region
[2021-12-31T03:14:09.681+0000][1][safepoint    ] Total time for which application threads were stopped: 0.0052535 seconds, Stopping threads took: 0.0001226 seconds
[2021-12-31T03:14:10.684+0000][1][safepoint    ] Application time: 1.0024063 seconds
[2021-12-31T03:14:10.684+0000][1][safepoint    ] Entering safepoint region: Cleanup
[2021-12-31T03:14:10.684+0000][1][safepoint    ] Leaving safepoint region
[2021-12-31T03:14:10.684+0000][1][safepoint    ] Total time for which application threads were stopped: 0.0002474 seconds, Stopping threads took: 0.0001045 seconds
[2021-12-31T03:14:11.684+0000][1][safepoint    ] Application time: 1.0001248 seconds
[2021-12-31T03:14:11.685+0000][1][safepoint    ] Entering safepoint region: Cleanup
[2021-12-31T03:14:11.685+0000][1][safepoint    ] Leaving safepoint region
[2021-12-31T03:14:11.685+0000][1][safepoint    ] Total time for which application threads were stopped: 0.0002372 seconds, Stopping threads took: 0.0001005 seconds
[2021-12-31T03:14:12.687+0000][1][safepoint    ] Application time: 1.0020370 seconds
[2021-12-31T03:14:12.687+0000][1][safepoint    ] Entering safepoint region: Cleanup
[2021-12-31T03:14:12.687+0000][1][safepoint    ] Leaving safepoint region
[2021-12-31T03:14:12.687+0000][1][safepoint    ] Total time for which application threads were stopped: 0.0002399 seconds, Stopping threads took: 0.0001021 seconds
[2021-12-31T03:14:13.688+0000][1][safepoint    ] Application time: 1.0003220 seconds
[2021-12-31T03:14:13.688+0000][1][safepoint    ] Entering safepoint region: Cleanup
[2021-12-31T03:14:13.688+0000][1][safepoint    ] Leaving safepoint region
[2021-12-31T03:14:13.688+0000][1][safepoint    ] Total time for which application threads were stopped: 0.0002222 seconds, Stopping threads took: 0.0000960 seconds
[2021-12-31T03:14:14.691+0000][1][safepoint    ] Application time: 1.0024783 seconds
[2021-12-31T03:14:14.691+0000][1][safepoint    ] Entering safepoint region: Cleanup
[2021-12-31T03:14:14.691+0000][1][safepoint    ] Leaving safepoint region
[2021-12-31T03:14:14.691+0000][1][safepoint    ] Total time for which application threads were stopped: 0.0001975 seconds, Stopping threads took: 0.0000842 seconds
[2021-12-31T03:14:15.693+0000][1][safepoint    ] Application time: 1.0022356 seconds
[2021-12-31T03:14:15.694+0000][1][safepoint    ] Entering safepoint region: Cleanup
[2021-12-31T03:14:15.694+0000][1][safepoint    ] Leaving safepoint region
[2021-12-31T03:14:15.694+0000][1][safepoint    ] Total time for which application threads were stopped: 0.0002229 seconds, Stopping threads took: 0.0001019 seconds
[2021-12-31T03:14:16.695+0000][1][safepoint    ] Application time: 1.0011227 seconds
[2021-12-31T03:14:16.695+0000][1][safepoint    ] Entering safepoint region: Cleanup
[2021-12-31T03:14:16.696+0000][1][safepoint    ] Leaving safepoint region
[2021-12-31T03:14:16.696+0000][1][safepoint    ] Total time for which application threads were stopped: 0.0004671 seconds, Stopping threads took: 0.0002093 seconds
[2021-12-31T03:14:17.700+0000][1][safepoint    ] Application time: 1.0037601 seconds
[2021-12-31T03:14:17.700+0000][1][safepoint    ] Entering safepoint region: Cleanup
[2021-12-31T03:14:17.701+0000][1][safepoint    ] Leaving safepoint region
[2021-12-31T03:14:17.701+0000][1][safepoint    ] Total time for which application threads were stopped: 0.0007946 seconds, Stopping threads took: 0.0004155 seconds
[2021-12-31T03:14:17.928+0000][1][safepoint    ] Application time: 0.2271451 seconds
[2021-12-31T03:14:17.931+0000][1][safepoint    ] Entering safepoint region: RevokeBias
[2021-12-31T03:14:17.931+0000][1][safepoint    ] Leaving safepoint region
[2021-12-31T03:14:17.931+0000][1][safepoint    ] Total time for which application threads were stopped: 0.0003297 seconds, Stopping threads took: 0.0001776 seconds
[2021-12-31T03:14:18.934+0000][1][safepoint    ] Application time: 1.0023422 seconds
[2021-12-31T03:14:18.934+0000][1][safepoint    ] Entering safepoint region: Cleanup
[2021-12-31T03:14:18.934+0000][1][safepoint    ] Leaving safepoint region
[2021-12-31T03:14:18.934+0000][1][safepoint    ] Total time for which application threads were stopped: 0.0002236 seconds, Stopping threads took: 0.0000954 seconds
[2021-12-31T03:14:19.935+0000][1][safepoint    ] Application time: 1.0008060 seconds
[2021-12-31T03:14:19.936+0000][1][safepoint    ] Entering safepoint region: Cleanup
[2021-12-31T03:14:19.936+0000][1][safepoint    ] Leaving safepoint region
[2021-12-31T03:14:19.936+0000][1][safepoint    ] Total time for which application threads were stopped: 0.0002405 seconds, Stopping threads took: 0.0001017 seconds
[2021-12-31T03:14:20.939+0000][1][safepoint    ] Application time: 1.0026927 seconds
[2021-12-31T03:14:20.939+0000][1][safepoint    ] Entering safepoint region: Cleanup
[2021-12-31T03:14:20.939+0000][1][safepoint    ] Leaving safepoint region
[2021-12-31T03:14:20.939+0000][1][safepoint    ] Total time for which application threads were stopped: 0.0002272 seconds, Stopping threads took: 0.0000969 seconds
[2021-12-31T03:14:21.942+0000][1][safepoint    ] Application time: 1.0029207 seconds
[2021-12-31T03:14:21.942+0000][1][safepoint    ] Entering safepoint region: Cleanup
[2021-12-31T03:14:21.943+0000][1][safepoint    ] Leaving safepoint region
[2021-12-31T03:14:21.943+0000][1][safepoint    ] Total time for which application threads were stopped: 0.0003986 seconds, Stopping threads took: 0.0001775 seconds
[2021-12-31T03:14:22.943+0000][1][safepoint    ] Application time: 1.0002661 seconds
[2021-12-31T03:14:22.943+0000][1][safepoint    ] Entering safepoint region: Cleanup
[2021-12-31T03:14:22.944+0000][1][safepoint    ] Leaving safepoint region
[2021-12-31T03:14:22.944+0000][1][safepoint    ] Total time for which application threads were stopped: 0.0002631 seconds, Stopping threads took: 0.0001178 seconds
[2021-12-31T03:14:23.946+0000][1][safepoint    ] Application time: 1.0025350 seconds
[2021-12-31T03:14:23.947+0000][1][safepoint    ] Entering safepoint region: Cleanup
[2021-12-31T03:14:23.947+0000][1][safepoint    ] Leaving safepoint region
[2021-12-31T03:14:23.947+0000][1][safepoint    ] Total time for which application threads were stopped: 0.0005057 seconds, Stopping threads took: 0.0002387 seconds
[2021-12-31T03:14:24.948+0000][1][safepoint    ] Application time: 1.0003663 seconds
[2021-12-31T03:14:24.948+0000][1][safepoint    ] Entering safepoint region: Cleanup
[2021-12-31T03:14:24.948+0000][1][safepoint    ] Leaving safepoint region
[2021-12-31T03:14:24.948+0000][1][safepoint    ] Total time for which application threads were stopped: 0.0002406 seconds, Stopping threads took: 0.0001006 seconds
[2021-12-31T03:14:25.952+0000][1][safepoint    ] Application time: 1.0039314 seconds
[2021-12-31T03:14:25.953+0000][1][safepoint    ] Entering safepoint region: Cleanup
[2021-12-31T03:14:25.953+0000][1][safepoint    ] Leaving safepoint region
[2021-12-31T03:14:25.953+0000][1][safepoint    ] Total time for which application threads were stopped: 0.0004127 seconds, Stopping threads took: 0.0001814 seconds
[2021-12-31T03:14:26.956+0000][1][safepoint    ] Application time: 1.0033645 seconds
[2021-12-31T03:14:26.957+0000][1][safepoint    ] Entering safepoint region: Cleanup
[2021-12-31T03:14:26.957+0000][1][safepoint    ] Leaving safepoint region
[2021-12-31T03:14:26.957+0000][1][safepoint    ] Total time for which application threads were stopped: 0.0006625 seconds, Stopping threads took: 0.0002043 seconds
[2021-12-31T03:14:27.958+0000][1][safepoint    ] Application time: 1.0006995 seconds
[2021-12-31T03:14:27.959+0000][1][safepoint    ] Entering safepoint region: Cleanup
[2021-12-31T03:14:27.959+0000][1][safepoint    ] Leaving safepoint region
[2021-12-31T03:14:27.959+0000][1][safepoint    ] Total time for which application threads were stopped: 0.0002693 seconds, Stopping threads took: 0.0001028 seconds
[2021-12-31T03:14:28.962+0000][1][safepoint    ] Application time: 1.0029203 seconds
[2021-12-31T03:14:28.962+0000][1][safepoint    ] Entering safepoint region: Cleanup
[2021-12-31T03:14:28.962+0000][1][safepoint    ] Leaving safepoint region
[2021-12-31T03:14:28.962+0000][1][safepoint    ] Total time for which application threads were stopped: 0.0002706 seconds, Stopping threads took: 0.0001164 seconds
[2021-12-31T03:14:29.965+0000][1][safepoint    ] Application time: 1.0026073 seconds
[2021-12-31T03:14:29.965+0000][1][safepoint    ] Entering safepoint region: Cleanup
[2021-12-31T03:14:29.965+0000][1][safepoint    ] Leaving safepoint region
[2021-12-31T03:14:29.966+0000][1][safepoint    ] Total time for which application threads were stopped: 0.0002289 seconds, Stopping threads took: 0.0000980 seconds
[2021-12-31T03:14:30.966+0000][1][safepoint    ] Application time: 1.0001066 seconds
[2021-12-31T03:14:30.966+0000][1][safepoint    ] Entering safepoint region: Cleanup
[2021-12-31T03:14:30.966+0000][1][safepoint    ] Leaving safepoint region
[2021-12-31T03:14:30.966+0000][1][safepoint    ] Total time for which application threads were stopped: 0.0002353 seconds, Stopping threads took: 0.0001010 seconds
[2021-12-31T03:14:31.967+0000][1][safepoint    ] Application time: 1.0009974 seconds
[2021-12-31T03:14:31.967+0000][1][safepoint    ] Entering safepoint region: Cleanup
[2021-12-31T03:14:31.968+0000][1][safepoint    ] Leaving safepoint region
[2021-12-31T03:14:31.968+0000][1][safepoint    ] Total time for which application threads were stopped: 0.0002500 seconds, Stopping threads took: 0.0001176 seconds
[2021-12-31T03:14:32.969+0000][1][safepoint    ] Application time: 1.0009558 seconds
[2021-12-31T03:14:32.969+0000][1][safepoint    ] Entering safepoint region: Cleanup
[2021-12-31T03:14:32.969+0000][1][safepoint    ] Leaving safepoint region
[2021-12-31T03:14:32.969+0000][1][safepoint    ] Total time for which application threads were stopped: 0.0002427 seconds, Stopping threads took: 0.0001022 seconds
[2021-12-31T03:14:33.971+0000][1][safepoint    ] Application time: 1.0014531 seconds
[2021-12-31T03:14:33.971+0000][1][safepoint    ] Entering safepoint region: Cleanup
[2021-12-31T03:14:33.971+0000][1][safepoint    ] Leaving safepoint region
[2021-12-31T03:14:33.971+0000][1][safepoint    ] Total time for which application threads were stopped: 0.0002429 seconds, Stopping threads took: 0.0001045 seconds
[2021-12-31T03:14:34.975+0000][1][safepoint    ] Application time: 1.0039618 seconds
[2021-12-31T03:14:34.976+0000][1][safepoint    ] Entering safepoint region: Cleanup
[2021-12-31T03:14:34.976+0000][1][safepoint    ] Leaving safepoint region
[2021-12-31T03:14:34.976+0000][1][safepoint    ] Total time for which application threads were stopped: 0.0003085 seconds, Stopping threads took: 0.0001533 seconds
[2021-12-31T03:14:35.976+0000][1][safepoint    ] Application time: 1.0003209 seconds
[2021-12-31T03:14:35.976+0000][1][safepoint    ] Entering safepoint region: Cleanup
[2021-12-31T03:14:35.977+0000][1][safepoint    ] Leaving safepoint region
[2021-12-31T03:14:35.977+0000][1][safepoint    ] Total time for which application threads were stopped: 0.0002274 seconds, Stopping threads took: 0.0000976 seconds
[2021-12-31T03:14:36.979+0000][1][safepoint    ] Application time: 1.0023234 seconds
[2021-12-31T03:14:36.979+0000][1][safepoint    ] Entering safepoint region: Cleanup
[2021-12-31T03:14:36.979+0000][1][safepoint    ] Leaving safepoint region
[2021-12-31T03:14:36.980+0000][1][safepoint    ] Total time for which application threads were stopped: 0.0002888 seconds, Stopping threads took: 0.0000941 seconds
[2021-12-31T03:14:37.984+0000][1][safepoint    ] Application time: 1.0038285 seconds
[2021-12-31T03:14:37.984+0000][1][safepoint    ] Entering safepoint region: Cleanup
[2021-12-31T03:14:37.984+0000][1][safepoint    ] Leaving safepoint region
[2021-12-31T03:14:37.984+0000][1][safepoint    ] Total time for which application threads were stopped: 0.0002497 seconds, Stopping threads took: 0.0001120 seconds
[2021-12-31T03:14:38.985+0000][1][safepoint    ] Application time: 1.0012382 seconds
[2021-12-31T03:14:38.986+0000][1][safepoint    ] Entering safepoint region: Cleanup
[2021-12-31T03:14:38.986+0000][1][safepoint    ] Leaving safepoint region
[2021-12-31T03:14:38.986+0000][1][safepoint    ] Total time for which application threads were stopped: 0.0004824 seconds, Stopping threads took: 0.0002103 seconds
[2021-12-31T03:14:39.989+0000][1][safepoint    ] Application time: 1.0030907 seconds
[2021-12-31T03:14:39.990+0000][1][safepoint    ] Entering safepoint region: Cleanup
[2021-12-31T03:14:39.990+0000][1][safepoint    ] Leaving safepoint region
[2021-12-31T03:14:39.990+0000][1][safepoint    ] Total time for which application threads were stopped: 0.0002263 seconds, Stopping threads took: 0.0000963 seconds
[2021-12-31T03:14:40.991+0000][1][safepoint    ] Application time: 1.0011506 seconds
[2021-12-31T03:14:40.992+0000][1][safepoint    ] Entering safepoint region: Cleanup
[2021-12-31T03:14:40.992+0000][1][safepoint    ] Leaving safepoint region
[2021-12-31T03:14:40.992+0000][1][safepoint    ] Total time for which application threads were stopped: 0.0004886 seconds, Stopping threads took: 0.0002064 seconds
[2021-12-31T03:14:41.993+0000][1][safepoint    ] Application time: 1.0012186 seconds
[2021-12-31T03:14:41.994+0000][1][safepoint    ] Entering safepoint region: Cleanup
[2021-12-31T03:14:41.994+0000][1][safepoint    ] Leaving safepoint region
[2021-12-31T03:14:41.994+0000][1][safepoint    ] Total time for which application threads were stopped: 0.0004781 seconds, Stopping threads took: 0.0002172 seconds
[2021-12-31T03:14:42.995+0000][1][safepoint    ] Application time: 1.0002999 seconds
[2021-12-31T03:14:42.995+0000][1][safepoint    ] Entering safepoint region: Cleanup
[2021-12-31T03:14:42.995+0000][1][safepoint    ] Leaving safepoint region
[2021-12-31T03:14:42.995+0000][1][safepoint    ] Total time for which application threads were stopped: 0.0002439 seconds, Stopping threads took: 0.0001119 seconds
[2021-12-31T03:14:43.997+0000][1][safepoint    ] Application time: 1.0020216 seconds
[2021-12-31T03:14:43.998+0000][1][safepoint    ] Entering safepoint region: Cleanup
[2021-12-31T03:14:43.998+0000][1][safepoint    ] Leaving safepoint region
[2021-12-31T03:14:43.998+0000][1][safepoint    ] Total time for which application threads were stopped: 0.0002276 seconds, Stopping threads took: 0.0000980 seconds
[2021-12-31T03:14:45.000+0000][1][safepoint    ] Application time: 1.0019661 seconds
[2021-12-31T03:14:45.000+0000][1][safepoint    ] Entering safepoint region: Cleanup
[2021-12-31T03:14:45.000+0000][1][safepoint    ] Leaving safepoint region
[2021-12-31T03:14:45.000+0000][1][safepoint    ] Total time for which application threads were stopped: 0.0002356 seconds, Stopping threads took: 0.0001040 seconds
[2021-12-31T03:14:46.004+0000][1][safepoint    ] Application time: 1.0030153 seconds
[2021-12-31T03:14:46.004+0000][1][safepoint    ] Entering safepoint region: Cleanup
[2021-12-31T03:14:46.004+0000][1][safepoint    ] Leaving safepoint region
[2021-12-31T03:14:46.004+0000][1][safepoint    ] Total time for which application threads were stopped: 0.0002925 seconds, Stopping threads took: 0.0001188 seconds
[2021-12-31T03:14:47.006+0000][1][safepoint    ] Application time: 1.0014881 seconds
[2021-12-31T03:14:47.006+0000][1][safepoint    ] Entering safepoint region: Cleanup
[2021-12-31T03:14:47.006+0000][1][safepoint    ] Leaving safepoint region
[2021-12-31T03:14:47.006+0000][1][safepoint    ] Total time for which application threads were stopped: 0.0002870 seconds, Stopping threads took: 0.0000920 seconds
[2021-12-31T03:14:48.010+0000][1][safepoint    ] Application time: 1.0037772 seconds
[2021-12-31T03:14:48.011+0000][1][safepoint    ] Entering safepoint region: Cleanup
[2021-12-31T03:14:48.011+0000][1][safepoint    ] Leaving safepoint region
[2021-12-31T03:14:48.011+0000][1][safepoint    ] Total time for which application threads were stopped: 0.0005255 seconds, Stopping threads took: 0.0002418 seconds
[2021-12-31T03:14:49.013+0000][1][safepoint    ] Application time: 1.0020560 seconds
[2021-12-31T03:14:49.014+0000][1][safepoint    ] Entering safepoint region: Cleanup
[2021-12-31T03:14:49.014+0000][1][safepoint    ] Leaving safepoint region
[2021-12-31T03:14:49.015+0000][1][safepoint    ] Total time for which application threads were stopped: 0.0008545 seconds, Stopping threads took: 0.0003672 seconds
[2021-12-31T03:14:50.016+0000][1][safepoint    ] Application time: 1.0011434 seconds
[2021-12-31T03:14:50.016+0000][1][safepoint    ] Entering safepoint region: Cleanup
[2021-12-31T03:14:50.016+0000][1][safepoint    ] Leaving safepoint region
[2021-12-31T03:14:50.016+0000][1][safepoint    ] Total time for which application threads were stopped: 0.0002183 seconds, Stopping threads took: 0.0000922 seconds
[2021-12-31T03:14:51.019+0000][1][safepoint    ] Application time: 1.0025473 seconds
[2021-12-31T03:14:51.020+0000][1][safepoint    ] Entering safepoint region: Cleanup
[2021-12-31T03:14:51.020+0000][1][safepoint    ] Leaving safepoint region
[2021-12-31T03:14:51.020+0000][1][safepoint    ] Total time for which application threads were stopped: 0.0005186 seconds, Stopping threads took: 0.0002537 seconds
[2021-12-31T03:14:52.021+0000][1][safepoint    ] Application time: 1.0008820 seconds
[2021-12-31T03:14:52.022+0000][1][safepoint    ] Entering safepoint region: Cleanup
[2021-12-31T03:14:52.022+0000][1][safepoint    ] Leaving safepoint region
[2021-12-31T03:14:52.022+0000][1][safepoint    ] Total time for which application threads were stopped: 0.0004927 seconds, Stopping threads took: 0.0002260 seconds
[2021-12-31T03:14:53.025+0000][1][safepoint    ] Application time: 1.0027445 seconds
[2021-12-31T03:14:53.025+0000][1][safepoint    ] Entering safepoint region: Cleanup
[2021-12-31T03:14:53.025+0000][1][safepoint    ] Leaving safepoint region
[2021-12-31T03:14:53.026+0000][1][safepoint    ] Total time for which application threads were stopped: 0.0002977 seconds, Stopping threads took: 0.0001100 seconds
[2021-12-31T03:14:54.029+0000][1][safepoint    ] Application time: 1.0030006 seconds
[2021-12-31T03:14:54.029+0000][1][safepoint    ] Entering safepoint region: Cleanup
[2021-12-31T03:14:54.029+0000][1][safepoint    ] Leaving safepoint region
[2021-12-31T03:14:54.029+0000][1][safepoint    ] Total time for which application threads were stopped: 0.0002467 seconds, Stopping threads took: 0.0001006 seconds
[2021-12-31T03:14:55.032+0000][1][safepoint    ] Application time: 1.0026772 seconds
[2021-12-31T03:14:55.032+0000][1][safepoint    ] Entering safepoint region: Cleanup
[2021-12-31T03:14:55.032+0000][1][safepoint    ] Leaving safepoint region
[2021-12-31T03:14:55.032+0000][1][safepoint    ] Total time for which application threads were stopped: 0.0003256 seconds, Stopping threads took: 0.0001800 seconds
[2021-12-31T03:14:56.036+0000][1][safepoint    ] Application time: 1.0036878 seconds
[2021-12-31T03:14:56.036+0000][1][safepoint    ] Entering safepoint region: Cleanup
[2021-12-31T03:14:56.037+0000][1][safepoint    ] Leaving safepoint region
[2021-12-31T03:14:56.037+0000][1][safepoint    ] Total time for which application threads were stopped: 0.0003273 seconds, Stopping threads took: 0.0001256 seconds
[2021-12-31T03:14:57.040+0000][1][safepoint    ] Application time: 1.0028133 seconds
[2021-12-31T03:14:57.040+0000][1][safepoint    ] Entering safepoint region: Cleanup
[2021-12-31T03:14:57.040+0000][1][safepoint    ] Leaving safepoint region
[2021-12-31T03:14:57.040+0000][1][safepoint    ] Total time for which application threads were stopped: 0.0002324 seconds, Stopping threads took: 0.0001004 seconds
[2021-12-31T03:14:58.043+0000][1][safepoint    ] Application time: 1.0024938 seconds
[2021-12-31T03:14:58.043+0000][1][safepoint    ] Entering safepoint region: Cleanup
[2021-12-31T03:14:58.043+0000][1][safepoint    ] Leaving safepoint region
[2021-12-31T03:14:58.043+0000][1][safepoint    ] Total time for which application threads were stopped: 0.0002412 seconds, Stopping threads took: 0.0001021 seconds
[2021-12-31T03:14:59.046+0000][1][safepoint    ] Application time: 1.0024653 seconds
[2021-12-31T03:14:59.046+0000][1][safepoint    ] Entering safepoint region: Cleanup
[2021-12-31T03:14:59.046+0000][1][safepoint    ] Leaving safepoint region
[2021-12-31T03:14:59.046+0000][1][safepoint    ] Total time for which application threads were stopped: 0.0002255 seconds, Stopping threads took: 0.0000945 seconds
[2021-12-31T03:15:00.047+0000][1][safepoint    ] Application time: 1.0010460 seconds
[2021-12-31T03:15:00.048+0000][1][safepoint    ] Entering safepoint region: Cleanup
[2021-12-31T03:15:00.048+0000][1][safepoint    ] Leaving safepoint region
[2021-12-31T03:15:00.048+0000][1][safepoint    ] Total time for which application threads were stopped: 0.0005097 seconds, Stopping threads took: 0.0002538 seconds
[2021-12-31T03:15:01.049+0000][1][safepoint    ] Application time: 1.0007590 seconds
[2021-12-31T03:15:01.049+0000][1][safepoint    ] Entering safepoint region: Cleanup
[2021-12-31T03:15:01.050+0000][1][safepoint    ] Leaving safepoint region
[2021-12-31T03:15:01.050+0000][1][safepoint    ] Total time for which application threads were stopped: 0.0002231 seconds, Stopping threads took: 0.0000936 seconds
[2021-12-31T03:15:02.053+0000][1][safepoint    ] Application time: 1.0028752 seconds
[2021-12-31T03:15:02.053+0000][1][safepoint    ] Entering safepoint region: Cleanup
[2021-12-31T03:15:02.053+0000][1][safepoint    ] Leaving safepoint region
[2021-12-31T03:15:02.054+0000][1][safepoint    ] Total time for which application threads were stopped: 0.0004842 seconds, Stopping threads took: 0.0002338 seconds
[2021-12-31T03:15:03.055+0000][1][safepoint    ] Application time: 1.0008814 seconds
[2021-12-31T03:15:03.055+0000][1][safepoint    ] Entering safepoint region: Cleanup
[2021-12-31T03:15:03.055+0000][1][safepoint    ] Leaving safepoint region
[2021-12-31T03:15:03.055+0000][1][safepoint    ] Total time for which application threads were stopped: 0.0002775 seconds, Stopping threads took: 0.0001038 seconds
[2021-12-31T03:15:04.058+0000][1][safepoint    ] Application time: 1.0027185 seconds
[2021-12-31T03:15:04.058+0000][1][safepoint    ] Entering safepoint region: Cleanup
[2021-12-31T03:15:04.059+0000][1][safepoint    ] Leaving safepoint region
[2021-12-31T03:15:04.059+0000][1][safepoint    ] Total time for which application threads were stopped: 0.0006300 seconds, Stopping threads took: 0.0002776 seconds
[2021-12-31T03:15:05.063+0000][1][safepoint    ] Application time: 1.0032711 seconds
[2021-12-31T03:15:05.063+0000][1][safepoint    ] Entering safepoint region: Cleanup
[2021-12-31T03:15:05.063+0000][1][safepoint    ] Leaving safepoint region
[2021-12-31T03:15:05.063+0000][1][safepoint    ] Total time for which application threads were stopped: 0.0002439 seconds, Stopping threads took: 0.0001036 seconds
[2021-12-31T03:15:06.064+0000][1][safepoint    ] Application time: 1.0008507 seconds
[2021-12-31T03:15:06.064+0000][1][safepoint    ] Entering safepoint region: Cleanup
[2021-12-31T03:15:06.064+0000][1][safepoint    ] Leaving safepoint region
[2021-12-31T03:15:06.064+0000][1][safepoint    ] Total time for which application threads were stopped: 0.0002216 seconds, Stopping threads took: 0.0000939 seconds
[2021-12-31T03:15:07.065+0000][1][safepoint    ] Application time: 1.0009745 seconds
[2021-12-31T03:15:07.066+0000][1][safepoint    ] Entering safepoint region: Cleanup
[2021-12-31T03:15:07.066+0000][1][safepoint    ] Leaving safepoint region
[2021-12-31T03:15:07.066+0000][1][safepoint    ] Total time for which application threads were stopped: 0.0002185 seconds, Stopping threads took: 0.0000906 seconds
[2021-12-31T03:15:08.071+0000][1][safepoint    ] Application time: 1.0045132 seconds
[2021-12-31T03:15:08.071+0000][1][safepoint    ] Entering safepoint region: Cleanup
[2021-12-31T03:15:08.071+0000][1][safepoint    ] Leaving safepoint region
[2021-12-31T03:15:08.072+0000][1][safepoint    ] Total time for which application threads were stopped: 0.0006474 seconds, Stopping threads took: 0.0003379 seconds
[2021-12-31T03:15:09.074+0000][1][safepoint    ] Application time: 1.0018861 seconds
[2021-12-31T03:15:09.074+0000][1][safepoint    ] Entering safepoint region: Cleanup
[2021-12-31T03:15:09.074+0000][1][safepoint    ] Leaving safepoint region
[2021-12-31T03:15:09.074+0000][1][safepoint    ] Total time for which application threads were stopped: 0.0004667 seconds, Stopping threads took: 0.0002088 seconds
[2021-12-31T03:15:10.078+0000][1][safepoint    ] Application time: 1.0031695 seconds
[2021-12-31T03:15:10.078+0000][1][safepoint    ] Entering safepoint region: Cleanup
[2021-12-31T03:15:10.079+0000][1][safepoint    ] Leaving safepoint region
[2021-12-31T03:15:10.079+0000][1][safepoint    ] Total time for which application threads were stopped: 0.0005747 seconds, Stopping threads took: 0.0002415 seconds
[2021-12-31T03:15:11.080+0000][1][safepoint    ] Application time: 1.0013201 seconds
[2021-12-31T03:15:11.081+0000][1][safepoint    ] Entering safepoint region: Cleanup
[2021-12-31T03:15:11.081+0000][1][safepoint    ] Leaving safepoint region
[2021-12-31T03:15:11.081+0000][1][safepoint    ] Total time for which application threads were stopped: 0.0002557 seconds, Stopping threads took: 0.0001287 seconds
[2021-12-31T03:15:12.085+0000][1][safepoint    ] Application time: 1.0034366 seconds
[2021-12-31T03:15:12.085+0000][1][safepoint    ] Entering safepoint region: Cleanup
[2021-12-31T03:15:12.085+0000][1][safepoint    ] Leaving safepoint region
[2021-12-31T03:15:12.086+0000][1][safepoint    ] Total time for which application threads were stopped: 0.0005620 seconds, Stopping threads took: 0.0002203 seconds
[2021-12-31T03:15:13.088+0000][1][safepoint    ] Application time: 1.0017722 seconds
[2021-12-31T03:15:13.088+0000][1][safepoint    ] Entering safepoint region: Cleanup
[2021-12-31T03:15:13.088+0000][1][safepoint    ] Leaving safepoint region
[2021-12-31T03:15:13.088+0000][1][safepoint    ] Total time for which application threads were stopped: 0.0003243 seconds, Stopping threads took: 0.0001433 seconds
[2021-12-31T03:15:14.090+0000][1][safepoint    ] Application time: 1.0016353 seconds
[2021-12-31T03:15:14.090+0000][1][safepoint    ] Entering safepoint region: Cleanup
[2021-12-31T03:15:14.090+0000][1][safepoint    ] Leaving safepoint region
[2021-12-31T03:15:14.090+0000][1][safepoint    ] Total time for which application threads were stopped: 0.0002193 seconds, Stopping threads took: 0.0000908 seconds
[2021-12-31T03:15:15.091+0000][1][safepoint    ] Application time: 1.0005128 seconds
[2021-12-31T03:15:15.091+0000][1][safepoint    ] Entering safepoint region: Cleanup
[2021-12-31T03:15:15.091+0000][1][safepoint    ] Leaving safepoint region
[2021-12-31T03:15:15.091+0000][1][safepoint    ] Total time for which application threads were stopped: 0.0002530 seconds, Stopping threads took: 0.0001062 seconds
[2021-12-31T03:15:16.094+0000][1][safepoint    ] Application time: 1.0023436 seconds
[2021-12-31T03:15:16.094+0000][1][safepoint    ] Entering safepoint region: Cleanup
[2021-12-31T03:15:16.094+0000][1][safepoint    ] Leaving safepoint region
[2021-12-31T03:15:16.095+0000][1][safepoint    ] Total time for which application threads were stopped: 0.0003955 seconds, Stopping threads took: 0.0001304 seconds
[2021-12-31T03:15:17.096+0000][1][safepoint    ] Application time: 1.0008994 seconds
[2021-12-31T03:15:17.096+0000][1][safepoint    ] Entering safepoint region: Cleanup
[2021-12-31T03:15:17.096+0000][1][safepoint    ] Leaving safepoint region
[2021-12-31T03:15:17.096+0000][1][safepoint    ] Total time for which application threads were stopped: 0.0002255 seconds, Stopping threads took: 0.0000963 seconds
[2021-12-31T03:15:17.944+0000][1][safepoint    ] Application time: 0.8479007 seconds
[2021-12-31T03:15:17.944+0000][1][safepoint    ] Entering safepoint region: RevokeBias
[2021-12-31T03:15:17.945+0000][1][safepoint    ] Leaving safepoint region
[2021-12-31T03:15:17.945+0000][1][safepoint    ] Total time for which application threads were stopped: 0.0005066 seconds, Stopping threads took: 0.0003611 seconds
[2021-12-31T03:15:18.946+0000][1][safepoint    ] Application time: 1.0014987 seconds
[2021-12-31T03:15:18.947+0000][1][safepoint    ] Entering safepoint region: Cleanup
[2021-12-31T03:15:18.947+0000][1][safepoint    ] Leaving safepoint region
[2021-12-31T03:15:18.947+0000][1][safepoint    ] Total time for which application threads were stopped: 0.0005937 seconds, Stopping threads took: 0.0002880 seconds
[2021-12-31T03:15:19.951+0000][1][safepoint    ] Application time: 1.0034640 seconds
[2021-12-31T03:15:19.951+0000][1][safepoint    ] Entering safepoint region: Cleanup
[2021-12-31T03:15:19.952+0000][1][safepoint    ] Leaving safepoint region
[2021-12-31T03:15:19.952+0000][1][safepoint    ] Total time for which application threads were stopped: 0.0004564 seconds, Stopping threads took: 0.0002040 seconds
[2021-12-31T03:15:20.954+0000][1][safepoint    ] Application time: 1.0018746 seconds
[2021-12-31T03:15:20.955+0000][1][safepoint    ] Entering safepoint region: Cleanup
[2021-12-31T03:15:20.955+0000][1][safepoint    ] Leaving safepoint region
[2021-12-31T03:15:20.955+0000][1][safepoint    ] Total time for which application threads were stopped: 0.0006426 seconds, Stopping threads took: 0.0002829 seconds
[2021-12-31T03:15:21.958+0000][1][safepoint    ] Application time: 1.0024467 seconds
[2021-12-31T03:15:21.958+0000][1][safepoint    ] Entering safepoint region: Cleanup
[2021-12-31T03:15:21.958+0000][1][safepoint    ] Leaving safepoint region
[2021-12-31T03:15:21.959+0000][1][safepoint    ] Total time for which application threads were stopped: 0.0008240 seconds, Stopping threads took: 0.0001047 seconds
[2021-12-31T03:15:22.963+0000][1][safepoint    ] Application time: 1.0042658 seconds
[2021-12-31T03:15:22.964+0000][1][safepoint    ] Entering safepoint region: Cleanup
[2021-12-31T03:15:22.964+0000][1][safepoint    ] Leaving safepoint region
[2021-12-31T03:15:22.964+0000][1][safepoint    ] Total time for which application threads were stopped: 0.0006140 seconds, Stopping threads took: 0.0002551 seconds
[2021-12-31T03:15:23.965+0000][1][safepoint    ] Application time: 1.0002426 seconds
[2021-12-31T03:15:23.965+0000][1][safepoint    ] Entering safepoint region: Cleanup
[2021-12-31T03:15:23.965+0000][1][safepoint    ] Leaving safepoint region
[2021-12-31T03:15:23.965+0000][1][safepoint    ] Total time for which application threads were stopped: 0.0002286 seconds, Stopping threads took: 0.0000985 seconds
[2021-12-31T03:15:24.968+0000][1][safepoint    ] Application time: 1.0027728 seconds
[2021-12-31T03:15:24.968+0000][1][safepoint    ] Entering safepoint region: Cleanup
[2021-12-31T03:15:24.969+0000][1][safepoint    ] Leaving safepoint region
[2021-12-31T03:15:24.969+0000][1][safepoint    ] Total time for which application threads were stopped: 0.0002900 seconds, Stopping threads took: 0.0001611 seconds
[2021-12-31T03:15:25.972+0000][1][safepoint    ] Application time: 1.0031936 seconds
[2021-12-31T03:15:25.972+0000][1][safepoint    ] Entering safepoint region: Cleanup
[2021-12-31T03:15:25.972+0000][1][safepoint    ] Leaving safepoint region
[2021-12-31T03:15:25.972+0000][1][safepoint    ] Total time for which application threads were stopped: 0.0002301 seconds, Stopping threads took: 0.0000988 seconds
[2021-12-31T03:15:26.973+0000][1][safepoint    ] Application time: 1.0003281 seconds
[2021-12-31T03:15:26.973+0000][1][safepoint    ] Entering safepoint region: Cleanup
[2021-12-31T03:15:26.973+0000][1][safepoint    ] Leaving safepoint region
[2021-12-31T03:15:26.973+0000][1][safepoint    ] Total time for which application threads were stopped: 0.0002573 seconds, Stopping threads took: 0.0001005 seconds
[2021-12-31T03:15:27.977+0000][1][safepoint    ] Application time: 1.0033897 seconds
[2021-12-31T03:15:27.977+0000][1][safepoint    ] Entering safepoint region: Cleanup
[2021-12-31T03:15:27.977+0000][1][safepoint    ] Leaving safepoint region
[2021-12-31T03:15:27.977+0000][1][safepoint    ] Total time for which application threads were stopped: 0.0002091 seconds, Stopping threads took: 0.0000897 seconds
[2021-12-31T03:15:28.981+0000][1][safepoint    ] Application time: 1.0034746 seconds
[2021-12-31T03:15:28.981+0000][1][safepoint    ] Entering safepoint region: Cleanup
[2021-12-31T03:15:28.981+0000][1][safepoint    ] Leaving safepoint region
[2021-12-31T03:15:28.981+0000][1][safepoint    ] Total time for which application threads were stopped: 0.0002678 seconds, Stopping threads took: 0.0001139 seconds
[2021-12-31T03:15:29.985+0000][1][safepoint    ] Application time: 1.0031808 seconds
[2021-12-31T03:15:29.985+0000][1][safepoint    ] Entering safepoint region: Cleanup
[2021-12-31T03:15:29.985+0000][1][safepoint    ] Leaving safepoint region
[2021-12-31T03:15:29.986+0000][1][safepoint    ] Total time for which application threads were stopped: 0.0007517 seconds, Stopping threads took: 0.0003804 seconds
[2021-12-31T03:15:30.990+0000][1][safepoint    ] Application time: 1.0044469 seconds
[2021-12-31T03:15:30.991+0000][1][safepoint    ] Entering safepoint region: Cleanup
[2021-12-31T03:15:30.991+0000][1][safepoint    ] Leaving safepoint region
[2021-12-31T03:15:30.991+0000][1][safepoint    ] Total time for which application threads were stopped: 0.0005776 seconds, Stopping threads took: 0.0002185 seconds
[2021-12-31T03:15:31.993+0000][1][safepoint    ] Application time: 1.0019546 seconds
[2021-12-31T03:15:31.994+0000][1][safepoint    ] Entering safepoint region: Cleanup
[2021-12-31T03:15:31.994+0000][1][safepoint    ] Leaving safepoint region
[2021-12-31T03:15:31.994+0000][1][safepoint    ] Total time for which application threads were stopped: 0.0003093 seconds, Stopping threads took: 0.0001570 seconds
[2021-12-31T03:15:32.996+0000][1][safepoint    ] Application time: 1.0016882 seconds
[2021-12-31T03:15:32.996+0000][1][safepoint    ] Entering safepoint region: Cleanup
[2021-12-31T03:15:32.996+0000][1][safepoint    ] Leaving safepoint region
[2021-12-31T03:15:32.996+0000][1][safepoint    ] Total time for which application threads were stopped: 0.0003261 seconds, Stopping threads took: 0.0001382 seconds
[2021-12-31T03:15:33.999+0000][1][safepoint    ] Application time: 1.0027773 seconds
[2021-12-31T03:15:33.999+0000][1][safepoint    ] Entering safepoint region: Cleanup
[2021-12-31T03:15:34.000+0000][1][safepoint    ] Leaving safepoint region
[2021-12-31T03:15:34.000+0000][1][safepoint    ] Total time for which application threads were stopped: 0.0002286 seconds, Stopping threads took: 0.0000942 seconds
[2021-12-31T03:15:35.003+0000][1][safepoint    ] Application time: 1.0034254 seconds
[2021-12-31T03:15:35.003+0000][1][safepoint    ] Entering safepoint region: Cleanup
[2021-12-31T03:15:35.004+0000][1][safepoint    ] Leaving safepoint region
[2021-12-31T03:15:35.004+0000][1][safepoint    ] Total time for which application threads were stopped: 0.0006594 seconds, Stopping threads took: 0.0000957 seconds
[2021-12-31T03:15:36.005+0000][1][safepoint    ] Application time: 1.0004638 seconds
[2021-12-31T03:15:36.005+0000][1][safepoint    ] Entering safepoint region: Cleanup
[2021-12-31T03:15:36.005+0000][1][safepoint    ] Leaving safepoint region
[2021-12-31T03:15:36.005+0000][1][safepoint    ] Total time for which application threads were stopped: 0.0004954 seconds, Stopping threads took: 0.0002362 seconds
[2021-12-31T03:15:37.010+0000][1][safepoint    ] Application time: 1.0038998 seconds
[2021-12-31T03:15:37.010+0000][1][safepoint    ] Entering safepoint region: Cleanup
[2021-12-31T03:15:37.010+0000][1][safepoint    ] Leaving safepoint region
[2021-12-31T03:15:37.010+0000][1][safepoint    ] Total time for which application threads were stopped: 0.0004816 seconds, Stopping threads took: 0.0002075 seconds
[2021-12-31T03:15:38.014+0000][1][safepoint    ] Application time: 1.0034079 seconds
[2021-12-31T03:15:38.014+0000][1][safepoint    ] Entering safepoint region: Cleanup
[2021-12-31T03:15:38.015+0000][1][safepoint    ] Leaving safepoint region
[2021-12-31T03:15:38.015+0000][1][safepoint    ] Total time for which application threads were stopped: 0.0006695 seconds, Stopping threads took: 0.0002800 seconds
[2021-12-31T03:15:39.019+0000][1][safepoint    ] Application time: 1.0032505 seconds
[2021-12-31T03:15:39.019+0000][1][safepoint    ] Entering safepoint region: Cleanup
[2021-12-31T03:15:39.019+0000][1][safepoint    ] Leaving safepoint region
[2021-12-31T03:15:39.019+0000][1][safepoint    ] Total time for which application threads were stopped: 0.0004538 seconds, Stopping threads took: 0.0001899 seconds
[2021-12-31T03:15:40.021+0000][1][safepoint    ] Application time: 1.0015352 seconds
[2021-12-31T03:15:40.021+0000][1][safepoint    ] Entering safepoint region: Cleanup
[2021-12-31T03:15:40.022+0000][1][safepoint    ] Leaving safepoint region
[2021-12-31T03:15:40.022+0000][1][safepoint    ] Total time for which application threads were stopped: 0.0005509 seconds, Stopping threads took: 0.0003153 seconds
[2021-12-31T03:15:41.023+0000][1][safepoint    ] Application time: 1.0005387 seconds
[2021-12-31T03:15:41.023+0000][1][safepoint    ] Entering safepoint region: Cleanup
[2021-12-31T03:15:41.023+0000][1][safepoint    ] Leaving safepoint region
[2021-12-31T03:15:41.024+0000][1][safepoint    ] Total time for which application threads were stopped: 0.0005692 seconds, Stopping threads took: 0.0002179 seconds
[2021-12-31T03:15:42.036+0000][1][safepoint    ] Application time: 1.0119964 seconds
[2021-12-31T03:15:42.036+0000][1][safepoint    ] Entering safepoint region: Cleanup
[2021-12-31T03:15:42.036+0000][1][safepoint    ] Leaving safepoint region
[2021-12-31T03:15:42.036+0000][1][safepoint    ] Total time for which application threads were stopped: 0.0003039 seconds, Stopping threads took: 0.0001312 seconds
[2021-12-31T03:15:43.038+0000][1][safepoint    ] Application time: 1.0015770 seconds
[2021-12-31T03:15:43.039+0000][1][safepoint    ] Entering safepoint region: Cleanup
[2021-12-31T03:15:43.039+0000][1][safepoint    ] Leaving safepoint region
[2021-12-31T03:15:43.039+0000][1][safepoint    ] Total time for which application threads were stopped: 0.0006930 seconds, Stopping threads took: 0.0003444 seconds
[2021-12-31T03:15:44.042+0000][1][safepoint    ] Application time: 1.0026380 seconds
[2021-12-31T03:15:44.043+0000][1][safepoint    ] Entering safepoint region: Cleanup
[2021-12-31T03:15:44.043+0000][1][safepoint    ] Leaving safepoint region
[2021-12-31T03:15:44.043+0000][1][safepoint    ] Total time for which application threads were stopped: 0.0005295 seconds, Stopping threads took: 0.0002856 seconds
[2021-12-31T03:15:45.045+0000][1][safepoint    ] Application time: 1.0018237 seconds
[2021-12-31T03:15:45.045+0000][1][safepoint    ] Entering safepoint region: Cleanup
[2021-12-31T03:15:45.045+0000][1][safepoint    ] Leaving safepoint region
[2021-12-31T03:15:45.045+0000][1][safepoint    ] Total time for which application threads were stopped: 0.0002023 seconds, Stopping threads took: 0.0000868 seconds
[2021-12-31T03:15:46.047+0000][1][safepoint    ] Application time: 1.0013827 seconds
[2021-12-31T03:15:46.047+0000][1][safepoint    ] Entering safepoint region: Cleanup
[2021-12-31T03:15:46.047+0000][1][safepoint    ] Leaving safepoint region
[2021-12-31T03:15:46.047+0000][1][safepoint    ] Total time for which application threads were stopped: 0.0002212 seconds, Stopping threads took: 0.0000930 seconds
[2021-12-31T03:15:47.048+0000][1][safepoint    ] Application time: 1.0004889 seconds
[2021-12-31T03:15:47.048+0000][1][safepoint    ] Entering safepoint region: Cleanup
[2021-12-31T03:15:47.049+0000][1][safepoint    ] Leaving safepoint region
[2021-12-31T03:15:47.049+0000][1][safepoint    ] Total time for which application threads were stopped: 0.0004797 seconds, Stopping threads took: 0.0002012 seconds
[2021-12-31T03:15:48.051+0000][1][safepoint    ] Application time: 1.0023826 seconds
[2021-12-31T03:15:48.052+0000][1][safepoint    ] Entering safepoint region: Cleanup
[2021-12-31T03:15:48.052+0000][1][safepoint    ] Leaving safepoint region
[2021-12-31T03:15:48.052+0000][1][safepoint    ] Total time for which application threads were stopped: 0.0002349 seconds, Stopping threads took: 0.0001039 seconds
[2021-12-31T03:15:49.053+0000][1][safepoint    ] Application time: 1.0014524 seconds
[2021-12-31T03:15:49.054+0000][1][safepoint    ] Entering safepoint region: Cleanup
[2021-12-31T03:15:49.054+0000][1][safepoint    ] Leaving safepoint region
[2021-12-31T03:15:49.054+0000][1][safepoint    ] Total time for which application threads were stopped: 0.0003478 seconds, Stopping threads took: 0.0001980 seconds
[2021-12-31T03:15:50.055+0000][1][safepoint    ] Application time: 1.0003712 seconds
[2021-12-31T03:15:50.055+0000][1][safepoint    ] Entering safepoint region: Cleanup
[2021-12-31T03:15:50.055+0000][1][safepoint    ] Leaving safepoint region
[2021-12-31T03:15:50.055+0000][1][safepoint    ] Total time for which application threads were stopped: 0.0004119 seconds, Stopping threads took: 0.0001533 seconds
[2021-12-31T03:15:51.056+0000][1][safepoint    ] Application time: 1.0008971 seconds
[2021-12-31T03:15:51.057+0000][1][safepoint    ] Entering safepoint region: Cleanup
[2021-12-31T03:15:51.057+0000][1][safepoint    ] Leaving safepoint region
[2021-12-31T03:15:51.057+0000][1][safepoint    ] Total time for which application threads were stopped: 0.0003638 seconds, Stopping threads took: 0.0002006 seconds
[2021-12-31T03:15:52.060+0000][1][safepoint    ] Application time: 1.0025012 seconds
[2021-12-31T03:15:52.060+0000][1][safepoint    ] Entering safepoint region: Cleanup
[2021-12-31T03:15:52.060+0000][1][safepoint    ] Leaving safepoint region
[2021-12-31T03:15:52.060+0000][1][safepoint    ] Total time for which application threads were stopped: 0.0002194 seconds, Stopping threads took: 0.0000966 seconds
[2021-12-31T03:15:53.505+0000][1][safepoint    ] Application time: 1.4445668 seconds
[2021-12-31T03:15:53.505+0000][1][safepoint    ] Entering safepoint region: Cleanup
[2021-12-31T03:15:53.505+0000][1][safepoint    ] Leaving safepoint region
[2021-12-31T03:15:53.505+0000][1][safepoint    ] Total time for which application threads were stopped: 0.0005113 seconds, Stopping threads took: 0.0002186 seconds
[2021-12-31T03:15:54.506+0000][1][safepoint    ] Application time: 1.0002940 seconds
[2021-12-31T03:15:54.506+0000][1][safepoint    ] Entering safepoint region: Cleanup
[2021-12-31T03:15:54.507+0000][1][safepoint    ] Leaving safepoint region
[2021-12-31T03:15:54.507+0000][1][safepoint    ] Total time for which application threads were stopped: 0.0005290 seconds, Stopping threads took: 0.0002598 seconds
[2021-12-31T03:15:55.509+0000][1][safepoint    ] Application time: 1.0017720 seconds
[2021-12-31T03:15:55.509+0000][1][safepoint    ] Entering safepoint region: Cleanup
[2021-12-31T03:15:55.509+0000][1][safepoint    ] Leaving safepoint region
[2021-12-31T03:15:55.509+0000][1][safepoint    ] Total time for which application threads were stopped: 0.0002257 seconds, Stopping threads took: 0.0000976 seconds
[2021-12-31T03:15:56.511+0000][1][safepoint    ] Application time: 1.0021472 seconds
[2021-12-31T03:15:56.512+0000][1][safepoint    ] Entering safepoint region: Cleanup
[2021-12-31T03:15:56.512+0000][1][safepoint    ] Leaving safepoint region
[2021-12-31T03:15:56.512+0000][1][safepoint    ] Total time for which application threads were stopped: 0.0002698 seconds, Stopping threads took: 0.0001257 seconds
[2021-12-31T03:15:57.515+0000][1][safepoint    ] Application time: 1.0025600 seconds
[2021-12-31T03:15:57.515+0000][1][safepoint    ] Entering safepoint region: Cleanup
[2021-12-31T03:15:57.515+0000][1][safepoint    ] Leaving safepoint region
[2021-12-31T03:15:57.515+0000][1][safepoint    ] Total time for which application threads were stopped: 0.0002026 seconds, Stopping threads took: 0.0000879 seconds
[2021-12-31T03:15:58.518+0000][1][safepoint    ] Application time: 1.0029515 seconds
[2021-12-31T03:15:58.518+0000][1][safepoint    ] Entering safepoint region: Cleanup
[2021-12-31T03:15:58.519+0000][1][safepoint    ] Leaving safepoint region
[2021-12-31T03:15:58.519+0000][1][safepoint    ] Total time for which application threads were stopped: 0.0004999 seconds, Stopping threads took: 0.0002136 seconds
[2021-12-31T03:15:59.522+0000][1][safepoint    ] Application time: 1.0027021 seconds
[2021-12-31T03:15:59.522+0000][1][safepoint    ] Entering safepoint region: Cleanup
[2021-12-31T03:15:59.522+0000][1][safepoint    ] Leaving safepoint region
[2021-12-31T03:15:59.522+0000][1][safepoint    ] Total time for which application threads were stopped: 0.0003706 seconds, Stopping threads took: 0.0001715 seconds
[2021-12-31T03:16:00.524+0000][1][safepoint    ] Application time: 1.0012606 seconds
[2021-12-31T03:16:00.524+0000][1][safepoint    ] Entering safepoint region: Cleanup
[2021-12-31T03:16:00.524+0000][1][safepoint    ] Leaving safepoint region
[2021-12-31T03:16:00.524+0000][1][safepoint    ] Total time for which application threads were stopped: 0.0002877 seconds, Stopping threads took: 0.0001011 seconds
[2021-12-31T03:16:01.525+0000][1][safepoint    ] Application time: 1.0003177 seconds
[2021-12-31T03:16:01.525+0000][1][safepoint    ] Entering safepoint region: Cleanup
[2021-12-31T03:16:01.525+0000][1][safepoint    ] Leaving safepoint region
[2021-12-31T03:16:01.525+0000][1][safepoint    ] Total time for which application threads were stopped: 0.0002762 seconds, Stopping threads took: 0.0001332 seconds
[2021-12-31T03:16:02.526+0000][1][safepoint    ] Application time: 1.0008857 seconds
[2021-12-31T03:16:02.526+0000][1][safepoint    ] Entering safepoint region: Cleanup
[2021-12-31T03:16:02.527+0000][1][safepoint    ] Leaving safepoint region
[2021-12-31T03:16:02.527+0000][1][safepoint    ] Total time for which application threads were stopped: 0.0002422 seconds, Stopping threads took: 0.0001085 seconds
[2021-12-31T03:16:03.529+0000][1][safepoint    ] Application time: 1.0019159 seconds
[2021-12-31T03:16:03.529+0000][1][safepoint    ] Entering safepoint region: Cleanup
[2021-12-31T03:16:03.529+0000][1][safepoint    ] Leaving safepoint region
[2021-12-31T03:16:03.529+0000][1][safepoint    ] Total time for which application threads were stopped: 0.0002272 seconds, Stopping threads took: 0.0000971 seconds
[2021-12-31T03:16:04.530+0000][1][safepoint    ] Application time: 1.0005426 seconds
[2021-12-31T03:16:04.530+0000][1][safepoint    ] Entering safepoint region: Cleanup
[2021-12-31T03:16:04.530+0000][1][safepoint    ] Leaving safepoint region
[2021-12-31T03:16:04.530+0000][1][safepoint    ] Total time for which application threads were stopped: 0.0002096 seconds, Stopping threads took: 0.0000888 seconds
[2021-12-31T03:16:05.533+0000][1][safepoint    ] Application time: 1.0032685 seconds
[2021-12-31T03:16:05.534+0000][1][safepoint    ] Entering safepoint region: Cleanup
[2021-12-31T03:16:05.534+0000][1][safepoint    ] Leaving safepoint region
[2021-12-31T03:16:05.534+0000][1][safepoint    ] Total time for which application threads were stopped: 0.0004960 seconds, Stopping threads took: 0.0002064 seconds
[2021-12-31T03:16:06.537+0000][1][safepoint    ] Application time: 1.0028210 seconds
[2021-12-31T03:16:06.538+0000][1][safepoint    ] Entering safepoint region: Cleanup
[2021-12-31T03:16:06.538+0000][1][safepoint    ] Leaving safepoint region
[2021-12-31T03:16:06.538+0000][1][safepoint    ] Total time for which application threads were stopped: 0.0005679 seconds, Stopping threads took: 0.0002349 seconds
[2021-12-31T03:16:07.540+0000][1][safepoint    ] Application time: 1.0018963 seconds
[2021-12-31T03:16:07.541+0000][1][safepoint    ] Entering safepoint region: Cleanup
[2021-12-31T03:16:07.541+0000][1][safepoint    ] Leaving safepoint region
[2021-12-31T03:16:07.541+0000][1][safepoint    ] Total time for which application threads were stopped: 0.0004424 seconds, Stopping threads took: 0.0001959 seconds
[2021-12-31T03:16:08.543+0000][1][safepoint    ] Application time: 1.0020834 seconds
[2021-12-31T03:16:08.543+0000][1][safepoint    ] Entering safepoint region: Cleanup
[2021-12-31T03:16:08.544+0000][1][safepoint    ] Leaving safepoint region
[2021-12-31T03:16:08.544+0000][1][safepoint    ] Total time for which application threads were stopped: 0.0002090 seconds, Stopping threads took: 0.0000896 seconds
[2021-12-31T03:16:09.544+0000][1][safepoint    ] Application time: 1.0006193 seconds
[2021-12-31T03:16:09.545+0000][1][safepoint    ] Entering safepoint region: Cleanup
[2021-12-31T03:16:09.545+0000][1][safepoint    ] Leaving safepoint region
[2021-12-31T03:16:09.545+0000][1][safepoint    ] Total time for which application threads were stopped: 0.0004338 seconds, Stopping threads took: 0.0001885 seconds
[2021-12-31T03:16:10.548+0000][1][safepoint    ] Application time: 1.0023803 seconds
[2021-12-31T03:16:10.548+0000][1][safepoint    ] Entering safepoint region: Cleanup
[2021-12-31T03:16:10.548+0000][1][safepoint    ] Leaving safepoint region
[2021-12-31T03:16:10.549+0000][1][safepoint    ] Total time for which application threads were stopped: 0.0005028 seconds, Stopping threads took: 0.0002147 seconds
[2021-12-31T03:16:11.551+0000][1][safepoint    ] Application time: 1.0026929 seconds
[2021-12-31T03:16:11.552+0000][1][safepoint    ] Entering safepoint region: Cleanup
[2021-12-31T03:16:11.552+0000][1][safepoint    ] Leaving safepoint region
[2021-12-31T03:16:11.552+0000][1][safepoint    ] Total time for which application threads were stopped: 0.0005933 seconds, Stopping threads took: 0.0002599 seconds
[2021-12-31T03:16:12.555+0000][1][safepoint    ] Application time: 1.0025977 seconds
[2021-12-31T03:16:12.556+0000][1][safepoint    ] Entering safepoint region: Cleanup
[2021-12-31T03:16:12.556+0000][1][safepoint    ] Leaving safepoint region
[2021-12-31T03:16:12.556+0000][1][safepoint    ] Total time for which application threads were stopped: 0.0004963 seconds, Stopping threads took: 0.0002684 seconds
[2021-12-31T03:16:13.559+0000][1][safepoint    ] Application time: 1.0028791 seconds
[2021-12-31T03:16:13.560+0000][1][safepoint    ] Entering safepoint region: Cleanup
[2021-12-31T03:16:13.560+0000][1][safepoint    ] Leaving safepoint region
[2021-12-31T03:16:13.560+0000][1][safepoint    ] Total time for which application threads were stopped: 0.0002057 seconds, Stopping threads took: 0.0000869 seconds
[2021-12-31T03:16:14.563+0000][1][safepoint    ] Application time: 1.0030788 seconds
[2021-12-31T03:16:14.563+0000][1][safepoint    ] Entering safepoint region: Cleanup
[2021-12-31T03:16:14.563+0000][1][safepoint    ] Leaving safepoint region
[2021-12-31T03:16:14.563+0000][1][safepoint    ] Total time for which application threads were stopped: 0.0002122 seconds, Stopping threads took: 0.0000878 seconds
[2021-12-31T03:16:15.566+0000][1][safepoint    ] Application time: 1.0029062 seconds
[2021-12-31T03:16:15.567+0000][1][safepoint    ] Entering safepoint region: Cleanup
[2021-12-31T03:16:15.567+0000][1][safepoint    ] Leaving safepoint region
[2021-12-31T03:16:15.567+0000][1][safepoint    ] Total time for which application threads were stopped: 0.0002149 seconds, Stopping threads took: 0.0000924 seconds
[2021-12-31T03:16:16.571+0000][1][safepoint    ] Application time: 1.0042404 seconds
[2021-12-31T03:16:16.572+0000][1][safepoint    ] Entering safepoint region: Cleanup
[2021-12-31T03:16:16.572+0000][1][safepoint    ] Leaving safepoint region
[2021-12-31T03:16:16.572+0000][1][safepoint    ] Total time for which application threads were stopped: 0.0005162 seconds, Stopping threads took: 0.0002322 seconds
[2021-12-31T03:16:17.575+0000][1][safepoint    ] Application time: 1.0031058 seconds
[2021-12-31T03:16:17.576+0000][1][safepoint    ] Entering safepoint region: Cleanup
[2021-12-31T03:16:17.576+0000][1][safepoint    ] Leaving safepoint region
[2021-12-31T03:16:17.576+0000][1][safepoint    ] Total time for which application threads were stopped: 0.0002309 seconds, Stopping threads took: 0.0001019 seconds
[2021-12-31T03:16:17.963+0000][1][safepoint    ] Application time: 0.3865486 seconds
[2021-12-31T03:16:17.963+0000][1][safepoint    ] Entering safepoint region: RevokeBias
[2021-12-31T03:16:17.963+0000][1][safepoint    ] Leaving safepoint region
[2021-12-31T03:16:17.964+0000][1][safepoint    ] Total time for which application threads were stopped: 0.0006490 seconds, Stopping threads took: 0.0003162 seconds
[2021-12-31T03:16:18.972+0000][1][safepoint    ] Application time: 1.0077697 seconds
[2021-12-31T03:16:18.972+0000][1][safepoint    ] Entering safepoint region: Cleanup
[2021-12-31T03:16:18.972+0000][1][safepoint    ] Leaving safepoint region
[2021-12-31T03:16:18.972+0000][1][safepoint    ] Total time for which application threads were stopped: 0.0002398 seconds, Stopping threads took: 0.0000937 seconds
[2021-12-31T03:16:19.975+0000][1][safepoint    ] Application time: 1.0029464 seconds
[2021-12-31T03:16:19.975+0000][1][safepoint    ] Entering safepoint region: Cleanup
[2021-12-31T03:16:19.976+0000][1][safepoint    ] Leaving safepoint region
[2021-12-31T03:16:19.976+0000][1][safepoint    ] Total time for which application threads were stopped: 0.0005546 seconds, Stopping threads took: 0.0002162 seconds
[2021-12-31T03:16:20.977+0000][1][safepoint    ] Application time: 1.0002165 seconds
[2021-12-31T03:16:20.977+0000][1][safepoint    ] Entering safepoint region: Cleanup
[2021-12-31T03:16:20.977+0000][1][safepoint    ] Leaving safepoint region
[2021-12-31T03:16:20.978+0000][1][safepoint    ] Total time for which application threads were stopped: 0.0002449 seconds, Stopping threads took: 0.0001029 seconds
[2021-12-31T03:16:21.980+0000][1][safepoint    ] Application time: 1.0025099 seconds
[2021-12-31T03:16:21.980+0000][1][safepoint    ] Entering safepoint region: Cleanup
[2021-12-31T03:16:21.980+0000][1][safepoint    ] Leaving safepoint region
[2021-12-31T03:16:21.980+0000][1][safepoint    ] Total time for which application threads were stopped: 0.0002276 seconds, Stopping threads took: 0.0000924 seconds
[2021-12-31T03:16:22.982+0000][1][safepoint    ] Application time: 1.0018545 seconds
[2021-12-31T03:16:22.983+0000][1][safepoint    ] Entering safepoint region: Cleanup
[2021-12-31T03:16:22.983+0000][1][safepoint    ] Leaving safepoint region
[2021-12-31T03:16:22.983+0000][1][safepoint    ] Total time for which application threads were stopped: 0.0002408 seconds, Stopping threads took: 0.0001015 seconds
[2021-12-31T03:16:23.985+0000][1][safepoint    ] Application time: 1.0017912 seconds
[2021-12-31T03:16:23.985+0000][1][safepoint    ] Entering safepoint region: Cleanup
[2021-12-31T03:16:23.985+0000][1][safepoint    ] Leaving safepoint region
[2021-12-31T03:16:23.986+0000][1][safepoint    ] Total time for which application threads were stopped: 0.0004454 seconds, Stopping threads took: 0.0001976 seconds
[2021-12-31T03:16:24.987+0000][1][safepoint    ] Application time: 1.0014995 seconds
[2021-12-31T03:16:24.988+0000][1][safepoint    ] Entering safepoint region: Cleanup
[2021-12-31T03:16:24.988+0000][1][safepoint    ] Leaving safepoint region
[2021-12-31T03:16:24.988+0000][1][safepoint    ] Total time for which application threads were stopped: 0.0004562 seconds, Stopping threads took: 0.0002112 seconds
[2021-12-31T03:16:25.991+0000][1][safepoint    ] Application time: 1.0024643 seconds
[2021-12-31T03:16:25.991+0000][1][safepoint    ] Entering safepoint region: Cleanup
[2021-12-31T03:16:25.991+0000][1][safepoint    ] Leaving safepoint region
[2021-12-31T03:16:25.992+0000][1][safepoint    ] Total time for which application threads were stopped: 0.0005187 seconds, Stopping threads took: 0.0002360 seconds
[2021-12-31T03:16:27.001+0000][1][safepoint    ] Application time: 1.0089444 seconds
[2021-12-31T03:16:27.001+0000][1][safepoint    ] Entering safepoint region: Cleanup
[2021-12-31T03:16:27.001+0000][1][safepoint    ] Leaving safepoint region
[2021-12-31T03:16:27.002+0000][1][safepoint    ] Total time for which application threads were stopped: 0.0005764 seconds, Stopping threads took: 0.0002739 seconds
[2021-12-31T03:16:28.010+0000][1][safepoint    ] Application time: 1.0079571 seconds
[2021-12-31T03:16:28.010+0000][1][safepoint    ] Entering safepoint region: Cleanup
[2021-12-31T03:16:28.010+0000][1][safepoint    ] Leaving safepoint region
[2021-12-31T03:16:28.011+0000][1][safepoint    ] Total time for which application threads were stopped: 0.0005853 seconds, Stopping threads took: 0.0002625 seconds
[2021-12-31T03:16:29.017+0000][1][safepoint    ] Application time: 1.0060790 seconds
[2021-12-31T03:16:29.018+0000][1][safepoint    ] Entering safepoint region: Cleanup
[2021-12-31T03:16:29.018+0000][1][safepoint    ] Leaving safepoint region
[2021-12-31T03:16:29.018+0000][1][safepoint    ] Total time for which application threads were stopped: 0.0006749 seconds, Stopping threads took: 0.0003307 seconds
[2021-12-31T03:16:30.021+0000][1][safepoint    ] Application time: 1.0022289 seconds
[2021-12-31T03:16:30.021+0000][1][safepoint    ] Entering safepoint region: Cleanup
[2021-12-31T03:16:30.021+0000][1][safepoint    ] Leaving safepoint region
[2021-12-31T03:16:30.021+0000][1][safepoint    ] Total time for which application threads were stopped: 0.0004868 seconds, Stopping threads took: 0.0002039 seconds
[2021-12-31T03:16:31.024+0000][1][safepoint    ] Application time: 1.0021960 seconds
[2021-12-31T03:16:31.024+0000][1][safepoint    ] Entering safepoint region: Cleanup
[2021-12-31T03:16:31.024+0000][1][safepoint    ] Leaving safepoint region
[2021-12-31T03:16:31.024+0000][1][safepoint    ] Total time for which application threads were stopped: 0.0002700 seconds, Stopping threads took: 0.0001195 seconds
[2021-12-31T03:16:32.033+0000][1][safepoint    ] Application time: 1.0086369 seconds
[2021-12-31T03:16:32.034+0000][1][safepoint    ] Entering safepoint region: Cleanup
[2021-12-31T03:16:32.034+0000][1][safepoint    ] Leaving safepoint region
[2021-12-31T03:16:32.034+0000][1][safepoint    ] Total time for which application threads were stopped: 0.0005526 seconds, Stopping threads took: 0.0002529 seconds
[2021-12-31T03:16:33.035+0000][1][safepoint    ] Application time: 1.0005621 seconds
[2021-12-31T03:16:33.035+0000][1][safepoint    ] Entering safepoint region: Cleanup
[2021-12-31T03:16:33.035+0000][1][safepoint    ] Leaving safepoint region
[2021-12-31T03:16:33.036+0000][1][safepoint    ] Total time for which application threads were stopped: 0.0003854 seconds, Stopping threads took: 0.0001725 seconds
[2021-12-31T03:16:34.037+0000][1][safepoint    ] Application time: 1.0016326 seconds
[2021-12-31T03:16:34.038+0000][1][safepoint    ] Entering safepoint region: Cleanup
[2021-12-31T03:16:34.038+0000][1][safepoint    ] Leaving safepoint region
[2021-12-31T03:16:34.038+0000][1][safepoint    ] Total time for which application threads were stopped: 0.0005230 seconds, Stopping threads took: 0.0002400 seconds
[2021-12-31T03:16:35.040+0000][1][safepoint    ] Application time: 1.0012968 seconds
[2021-12-31T03:16:35.040+0000][1][safepoint    ] Entering safepoint region: Cleanup
[2021-12-31T03:16:35.040+0000][1][safepoint    ] Leaving safepoint region
[2021-12-31T03:16:35.041+0000][1][safepoint    ] Total time for which application threads were stopped: 0.0005095 seconds, Stopping threads took: 0.0002289 seconds
[2021-12-31T03:16:36.775+0000][1][safepoint    ] Application time: 1.7338483 seconds
[2021-12-31T03:16:36.775+0000][1][safepoint    ] Entering safepoint region: Cleanup
[2021-12-31T03:16:36.775+0000][1][safepoint    ] Leaving safepoint region
[2021-12-31T03:16:36.775+0000][1][safepoint    ] Total time for which application threads were stopped: 0.0002309 seconds, Stopping threads took: 0.0001003 seconds
[2021-12-31T03:16:37.778+0000][1][safepoint    ] Application time: 1.0027117 seconds
[2021-12-31T03:16:37.779+0000][1][safepoint    ] Entering safepoint region: Cleanup
[2021-12-31T03:16:37.779+0000][1][safepoint    ] Leaving safepoint region
[2021-12-31T03:16:37.779+0000][1][safepoint    ] Total time for which application threads were stopped: 0.0005573 seconds, Stopping threads took: 0.0002362 seconds
[2021-12-31T03:16:38.781+0000][1][safepoint    ] Application time: 1.0016981 seconds
[2021-12-31T03:16:38.782+0000][1][safepoint    ] Entering safepoint region: Cleanup
[2021-12-31T03:16:38.782+0000][1][safepoint    ] Leaving safepoint region
[2021-12-31T03:16:38.782+0000][1][safepoint    ] Total time for which application threads were stopped: 0.0005627 seconds, Stopping threads took: 0.0002380 seconds
[2021-12-31T03:16:39.786+0000][1][safepoint    ] Application time: 1.0034143 seconds
[2021-12-31T03:16:39.786+0000][1][safepoint    ] Entering safepoint region: Cleanup
[2021-12-31T03:16:39.786+0000][1][safepoint    ] Leaving safepoint region
[2021-12-31T03:16:39.787+0000][1][safepoint    ] Total time for which application threads were stopped: 0.0004101 seconds, Stopping threads took: 0.0001844 seconds
[2021-12-31T03:16:40.789+0000][1][safepoint    ] Application time: 1.0022413 seconds
[2021-12-31T03:16:40.789+0000][1][safepoint    ] Entering safepoint region: Cleanup
[2021-12-31T03:16:40.790+0000][1][safepoint    ] Leaving safepoint region
[2021-12-31T03:16:40.790+0000][1][safepoint    ] Total time for which application threads were stopped: 0.0006495 seconds, Stopping threads took: 0.0003424 seconds
[2021-12-31T03:16:41.792+0000][1][safepoint    ] Application time: 1.0014492 seconds
[2021-12-31T03:16:41.792+0000][1][safepoint    ] Entering safepoint region: Cleanup
[2021-12-31T03:16:41.792+0000][1][safepoint    ] Leaving safepoint region
[2021-12-31T03:16:41.792+0000][1][safepoint    ] Total time for which application threads were stopped: 0.0004776 seconds, Stopping threads took: 0.0001207 seconds
[2021-12-31T03:16:42.794+0000][1][safepoint    ] Application time: 1.0012441 seconds
[2021-12-31T03:16:42.794+0000][1][safepoint    ] Entering safepoint region: Cleanup
[2021-12-31T03:16:42.794+0000][1][safepoint    ] Leaving safepoint region
[2021-12-31T03:16:42.795+0000][1][safepoint    ] Total time for which application threads were stopped: 0.0005365 seconds, Stopping threads took: 0.0001893 seconds
[2021-12-31T03:16:43.797+0000][1][safepoint    ] Application time: 1.0024566 seconds
[2021-12-31T03:16:43.797+0000][1][safepoint    ] Entering safepoint region: Cleanup
[2021-12-31T03:16:43.798+0000][1][safepoint    ] Leaving safepoint region
[2021-12-31T03:16:43.798+0000][1][safepoint    ] Total time for which application threads were stopped: 0.0002391 seconds, Stopping threads took: 0.0001035 seconds
[2021-12-31T03:16:44.798+0000][1][safepoint    ] Application time: 1.0006034 seconds
[2021-12-31T03:16:44.799+0000][1][safepoint    ] Entering safepoint region: Cleanup
[2021-12-31T03:16:44.799+0000][1][safepoint    ] Leaving safepoint region
[2021-12-31T03:16:44.799+0000][1][safepoint    ] Total time for which application threads were stopped: 0.0002158 seconds, Stopping threads took: 0.0000921 seconds
[2021-12-31T03:16:44.826+0000][1][safepoint    ] Application time: 0.0273976 seconds
[2021-12-31T03:16:44.826+0000][1][safepoint    ] Entering safepoint region: GenCollectForAllocation
[2021-12-31T03:16:44.827+0000][1][gc,start     ] GC(44) Pause Young (Allocation Failure)
[2021-12-31T03:16:44.827+0000][1][gc,task      ] GC(44) Using 1 workers of 1 for evacuation
[2021-12-31T03:16:44.832+0000][1][gc,age       ] GC(44) Desired survivor size 4358144 bytes, new threshold 6 (max threshold 6)
[2021-12-31T03:16:44.832+0000][1][gc,age       ] GC(44) Age table with threshold 6 (max threshold 6)
[2021-12-31T03:16:44.832+0000][1][gc,age       ] GC(44) - age   1:      16448 bytes,      16448 total
[2021-12-31T03:16:44.832+0000][1][gc,age       ] GC(44) - age   2:       1168 bytes,      17616 total
[2021-12-31T03:16:44.832+0000][1][gc,age       ] GC(44) - age   4:        544 bytes,      18160 total
[2021-12-31T03:16:44.833+0000][1][gc,age       ] GC(44) - age   5:       5952 bytes,      24112 total
[2021-12-31T03:16:44.833+0000][1][gc,age       ] GC(44) - age   6:       2512 bytes,      26624 total
[2021-12-31T03:16:44.833+0000][1][gc,heap      ] GC(44) ParNew: 68203K->42K(76672K)
[2021-12-31T03:16:44.833+0000][1][gc,heap      ] GC(44) CMS: 127722K->127739K(439104K)
[2021-12-31T03:16:44.834+0000][1][gc,metaspace ] GC(44) Metaspace: 73546K->73546K(1116160K)
[2021-12-31T03:16:44.834+0000][1][gc           ] GC(44) Pause Young (Allocation Failure) 191M->124M(503M) 7.326ms
[2021-12-31T03:16:44.834+0000][1][gc,cpu       ] GC(44) User=0.01s Sys=0.00s Real=0.01s
[2021-12-31T03:16:44.834+0000][1][safepoint    ] Leaving safepoint region
[2021-12-31T03:16:44.834+0000][1][safepoint    ] Total time for which application threads were stopped: 0.0081367 seconds, Stopping threads took: 0.0001049 seconds
[2021-12-31T03:16:45.835+0000][1][safepoint    ] Application time: 1.0005725 seconds
[2021-12-31T03:16:45.836+0000][1][safepoint    ] Entering safepoint region: Cleanup
[2021-12-31T03:16:45.836+0000][1][safepoint    ] Leaving safepoint region
[2021-12-31T03:16:45.836+0000][1][safepoint    ] Total time for which application threads were stopped: 0.0004557 seconds, Stopping threads took: 0.0002002 seconds
[2021-12-31T03:16:46.839+0000][1][safepoint    ] Application time: 1.0026897 seconds
[2021-12-31T03:16:46.839+0000][1][safepoint    ] Entering safepoint region: Cleanup
[2021-12-31T03:16:46.839+0000][1][safepoint    ] Leaving safepoint region
[2021-12-31T03:16:46.839+0000][1][safepoint    ] Total time for which application threads were stopped: 0.0002261 seconds, Stopping threads took: 0.0000987 seconds
[2021-12-31T03:16:47.841+0000][1][safepoint    ] Application time: 1.0010776 seconds
[2021-12-31T03:16:47.841+0000][1][safepoint    ] Entering safepoint region: Cleanup
[2021-12-31T03:16:47.841+0000][1][safepoint    ] Leaving safepoint region
[2021-12-31T03:16:47.841+0000][1][safepoint    ] Total time for which application threads were stopped: 0.0002450 seconds, Stopping threads took: 0.0001008 seconds
[2021-12-31T03:16:48.842+0000][1][safepoint    ] Application time: 1.0004635 seconds
[2021-12-31T03:16:48.842+0000][1][safepoint    ] Entering safepoint region: Cleanup
[2021-12-31T03:16:48.842+0000][1][safepoint    ] Leaving safepoint region
[2021-12-31T03:16:48.843+0000][1][safepoint    ] Total time for which application threads were stopped: 0.0006619 seconds, Stopping threads took: 0.0002253 seconds
[2021-12-31T03:16:49.846+0000][1][safepoint    ] Application time: 1.0035573 seconds
[2021-12-31T03:16:49.847+0000][1][safepoint    ] Entering safepoint region: Cleanup
[2021-12-31T03:16:49.847+0000][1][safepoint    ] Leaving safepoint region
[2021-12-31T03:16:49.847+0000][1][safepoint    ] Total time for which application threads were stopped: 0.0003973 seconds, Stopping threads took: 0.0001757 seconds
[2021-12-31T03:16:50.850+0000][1][safepoint    ] Application time: 1.0031396 seconds
[2021-12-31T03:16:50.851+0000][1][safepoint    ] Entering safepoint region: Cleanup
[2021-12-31T03:16:50.851+0000][1][safepoint    ] Leaving safepoint region
[2021-12-31T03:16:50.851+0000][1][safepoint    ] Total time for which application threads were stopped: 0.0003402 seconds, Stopping threads took: 0.0001461 seconds
[2021-12-31T03:16:51.863+0000][1][safepoint    ] Application time: 1.0122677 seconds
[2021-12-31T03:16:51.864+0000][1][safepoint    ] Entering safepoint region: Cleanup
[2021-12-31T03:16:51.864+0000][1][safepoint    ] Leaving safepoint region
[2021-12-31T03:16:51.864+0000][1][safepoint    ] Total time for which application threads were stopped: 0.0004059 seconds, Stopping threads took: 0.0001750 seconds
[2021-12-31T03:16:52.871+0000][1][safepoint    ] Application time: 1.0065423 seconds
[2021-12-31T03:16:52.871+0000][1][safepoint    ] Entering safepoint region: Cleanup
[2021-12-31T03:16:52.871+0000][1][safepoint    ] Leaving safepoint region
[2021-12-31T03:16:52.871+0000][1][safepoint    ] Total time for which application threads were stopped: 0.0003157 seconds, Stopping threads took: 0.0001192 seconds
[2021-12-31T03:16:53.881+0000][1][safepoint    ] Application time: 1.0095259 seconds
[2021-12-31T03:16:53.881+0000][1][safepoint    ] Entering safepoint region: Cleanup
[2021-12-31T03:16:53.882+0000][1][safepoint    ] Leaving safepoint region
[2021-12-31T03:16:53.882+0000][1][safepoint    ] Total time for which application threads were stopped: 0.0002968 seconds, Stopping threads took: 0.0001261 seconds
[2021-12-31T03:16:54.884+0000][1][safepoint    ] Application time: 1.0020302 seconds
[2021-12-31T03:16:54.884+0000][1][safepoint    ] Entering safepoint region: Cleanup
[2021-12-31T03:16:54.885+0000][1][safepoint    ] Leaving safepoint region
[2021-12-31T03:16:54.885+0000][1][safepoint    ] Total time for which application threads were stopped: 0.0006569 seconds, Stopping threads took: 0.0002696 seconds
[2021-12-31T03:16:55.888+0000][1][safepoint    ] Application time: 1.0032025 seconds
[2021-12-31T03:16:55.889+0000][1][safepoint    ] Entering safepoint region: Cleanup
[2021-12-31T03:16:55.889+0000][1][safepoint    ] Leaving safepoint region
[2021-12-31T03:16:55.889+0000][1][safepoint    ] Total time for which application threads were stopped: 0.0005836 seconds, Stopping threads took: 0.0002509 seconds
[2021-12-31T03:16:57.156+0000][1][safepoint    ] Application time: 1.2663881 seconds
[2021-12-31T03:16:57.156+0000][1][safepoint    ] Entering safepoint region: Cleanup
[2021-12-31T03:16:57.156+0000][1][safepoint    ] Leaving safepoint region
[2021-12-31T03:16:57.157+0000][1][safepoint    ] Total time for which application threads were stopped: 0.0002316 seconds, Stopping threads took: 0.0000975 seconds
[2021-12-31T03:16:58.159+0000][1][safepoint    ] Application time: 1.0020557 seconds
[2021-12-31T03:16:58.159+0000][1][safepoint    ] Entering safepoint region: Cleanup
[2021-12-31T03:16:58.159+0000][1][safepoint    ] Leaving safepoint region
[2021-12-31T03:16:58.159+0000][1][safepoint    ] Total time for which application threads were stopped: 0.0002266 seconds, Stopping threads took: 0.0000901 seconds
[2021-12-31T03:16:59.160+0000][1][safepoint    ] Application time: 1.0003080 seconds
[2021-12-31T03:16:59.160+0000][1][safepoint    ] Entering safepoint region: Cleanup
[2021-12-31T03:16:59.160+0000][1][safepoint    ] Leaving safepoint region
[2021-12-31T03:16:59.160+0000][1][safepoint    ] Total time for which application threads were stopped: 0.0002364 seconds, Stopping threads took: 0.0001060 seconds
[2021-12-31T03:17:00.160+0000][1][safepoint    ] Application time: 1.0001997 seconds
[2021-12-31T03:17:00.160+0000][1][safepoint    ] Entering safepoint region: Cleanup
[2021-12-31T03:17:00.161+0000][1][safepoint    ] Leaving safepoint region
[2021-12-31T03:17:00.161+0000][1][safepoint    ] Total time for which application threads were stopped: 0.0002213 seconds, Stopping threads took: 0.0000945 seconds
[2021-12-31T03:17:01.162+0000][1][safepoint    ] Application time: 1.0011963 seconds
[2021-12-31T03:17:01.162+0000][1][safepoint    ] Entering safepoint region: Cleanup
[2021-12-31T03:17:01.163+0000][1][safepoint    ] Leaving safepoint region
[2021-12-31T03:17:01.163+0000][1][safepoint    ] Total time for which application threads were stopped: 0.0004779 seconds, Stopping threads took: 0.0001701 seconds
[2021-12-31T03:17:02.167+0000][1][safepoint    ] Application time: 1.0039208 seconds
[2021-12-31T03:17:02.167+0000][1][safepoint    ] Entering safepoint region: Cleanup
[2021-12-31T03:17:02.167+0000][1][safepoint    ] Leaving safepoint region
[2021-12-31T03:17:02.167+0000][1][safepoint    ] Total time for which application threads were stopped: 0.0002483 seconds, Stopping threads took: 0.0001135 seconds
[2021-12-31T03:17:03.169+0000][1][safepoint    ] Application time: 1.0012132 seconds
[2021-12-31T03:17:03.169+0000][1][safepoint    ] Entering safepoint region: Cleanup
[2021-12-31T03:17:03.169+0000][1][safepoint    ] Leaving safepoint region
[2021-12-31T03:17:03.169+0000][1][safepoint    ] Total time for which application threads were stopped: 0.0002328 seconds, Stopping threads took: 0.0001020 seconds
[2021-12-31T03:17:04.172+0000][1][safepoint    ] Application time: 1.0024701 seconds
[2021-12-31T03:17:04.172+0000][1][safepoint    ] Entering safepoint region: Cleanup
[2021-12-31T03:17:04.172+0000][1][safepoint    ] Leaving safepoint region
[2021-12-31T03:17:04.173+0000][1][safepoint    ] Total time for which application threads were stopped: 0.0005555 seconds, Stopping threads took: 0.0002752 seconds
[2021-12-31T03:17:05.177+0000][1][safepoint    ] Application time: 1.0036668 seconds
[2021-12-31T03:17:05.177+0000][1][safepoint    ] Entering safepoint region: Cleanup
[2021-12-31T03:17:05.177+0000][1][safepoint    ] Leaving safepoint region
[2021-12-31T03:17:05.177+0000][1][safepoint    ] Total time for which application threads were stopped: 0.0005608 seconds, Stopping threads took: 0.0002159 seconds
[2021-12-31T03:17:06.180+0000][1][safepoint    ] Application time: 1.0018670 seconds
[2021-12-31T03:17:06.180+0000][1][safepoint    ] Entering safepoint region: Cleanup
[2021-12-31T03:17:06.180+0000][1][safepoint    ] Leaving safepoint region
[2021-12-31T03:17:06.181+0000][1][safepoint    ] Total time for which application threads were stopped: 0.0005697 seconds, Stopping threads took: 0.0002504 seconds
[2021-12-31T03:17:07.182+0000][1][safepoint    ] Application time: 1.0017198 seconds
[2021-12-31T03:17:07.183+0000][1][safepoint    ] Entering safepoint region: Cleanup
[2021-12-31T03:17:07.183+0000][1][safepoint    ] Leaving safepoint region
[2021-12-31T03:17:07.183+0000][1][safepoint    ] Total time for which application threads were stopped: 0.0003029 seconds, Stopping threads took: 0.0001347 seconds
[2021-12-31T03:17:08.185+0000][1][safepoint    ] Application time: 1.0021047 seconds
[2021-12-31T03:17:08.185+0000][1][safepoint    ] Entering safepoint region: Cleanup
[2021-12-31T03:17:08.186+0000][1][safepoint    ] Leaving safepoint region
[2021-12-31T03:17:08.186+0000][1][safepoint    ] Total time for which application threads were stopped: 0.0002053 seconds, Stopping threads took: 0.0000872 seconds
[2021-12-31T03:17:09.188+0000][1][safepoint    ] Application time: 1.0027749 seconds
[2021-12-31T03:17:09.189+0000][1][safepoint    ] Entering safepoint region: Cleanup
[2021-12-31T03:17:09.189+0000][1][safepoint    ] Leaving safepoint region
[2021-12-31T03:17:09.189+0000][1][safepoint    ] Total time for which application threads were stopped: 0.0002613 seconds, Stopping threads took: 0.0001174 seconds
[2021-12-31T03:17:10.192+0000][1][safepoint    ] Application time: 1.0025650 seconds
[2021-12-31T03:17:10.192+0000][1][safepoint    ] Entering safepoint region: Cleanup
[2021-12-31T03:17:10.192+0000][1][safepoint    ] Leaving safepoint region
[2021-12-31T03:17:10.193+0000][1][safepoint    ] Total time for which application threads were stopped: 0.0006023 seconds, Stopping threads took: 0.0002823 seconds
[2021-12-31T03:17:11.195+0000][1][safepoint    ] Application time: 1.0016823 seconds
[2021-12-31T03:17:11.195+0000][1][safepoint    ] Entering safepoint region: Cleanup
[2021-12-31T03:17:11.195+0000][1][safepoint    ] Leaving safepoint region
[2021-12-31T03:17:11.195+0000][1][safepoint    ] Total time for which application threads were stopped: 0.0003969 seconds, Stopping threads took: 0.0001812 seconds
[2021-12-31T03:17:12.196+0000][1][safepoint    ] Application time: 1.0002863 seconds
[2021-12-31T03:17:12.196+0000][1][safepoint    ] Entering safepoint region: Cleanup
[2021-12-31T03:17:12.196+0000][1][safepoint    ] Leaving safepoint region
[2021-12-31T03:17:12.196+0000][1][safepoint    ] Total time for which application threads were stopped: 0.0002279 seconds, Stopping threads took: 0.0000997 seconds
[2021-12-31T03:17:13.198+0000][1][safepoint    ] Application time: 1.0020535 seconds
[2021-12-31T03:17:13.198+0000][1][safepoint    ] Entering safepoint region: Cleanup
[2021-12-31T03:17:13.199+0000][1][safepoint    ] Leaving safepoint region
[2021-12-31T03:17:13.199+0000][1][safepoint    ] Total time for which application threads were stopped: 0.0004293 seconds, Stopping threads took: 0.0001879 seconds
[2021-12-31T03:17:14.200+0000][1][safepoint    ] Application time: 1.0013340 seconds
[2021-12-31T03:17:14.201+0000][1][safepoint    ] Entering safepoint region: Cleanup
[2021-12-31T03:17:14.201+0000][1][safepoint    ] Leaving safepoint region
[2021-12-31T03:17:14.201+0000][1][safepoint    ] Total time for which application threads were stopped: 0.0002054 seconds, Stopping threads took: 0.0000883 seconds
[2021-12-31T03:17:15.204+0000][1][safepoint    ] Application time: 1.0033210 seconds
[2021-12-31T03:17:15.205+0000][1][safepoint    ] Entering safepoint region: Cleanup
[2021-12-31T03:17:15.205+0000][1][safepoint    ] Leaving safepoint region
[2021-12-31T03:17:15.205+0000][1][safepoint    ] Total time for which application threads were stopped: 0.0005315 seconds, Stopping threads took: 0.0002450 seconds
[2021-12-31T03:17:16.207+0000][1][safepoint    ] Application time: 1.0013621 seconds
[2021-12-31T03:17:16.207+0000][1][safepoint    ] Entering safepoint region: Cleanup
[2021-12-31T03:17:16.207+0000][1][safepoint    ] Leaving safepoint region
[2021-12-31T03:17:16.207+0000][1][safepoint    ] Total time for which application threads were stopped: 0.0003126 seconds, Stopping threads took: 0.0001606 seconds
[2021-12-31T03:17:17.210+0000][1][safepoint    ] Application time: 1.0025378 seconds
[2021-12-31T03:17:17.210+0000][1][safepoint    ] Entering safepoint region: Cleanup
[2021-12-31T03:17:17.211+0000][1][safepoint    ] Leaving safepoint region
[2021-12-31T03:17:17.211+0000][1][safepoint    ] Total time for which application threads were stopped: 0.0006336 seconds, Stopping threads took: 0.0002858 seconds
[2021-12-31T03:17:17.984+0000][1][safepoint    ] Application time: 0.7732267 seconds
[2021-12-31T03:17:17.986+0000][1][safepoint    ] Entering safepoint region: RevokeBias
[2021-12-31T03:17:17.987+0000][1][safepoint    ] Leaving safepoint region
[2021-12-31T03:17:17.987+0000][1][safepoint    ] Total time for which application threads were stopped: 0.0003650 seconds, Stopping threads took: 0.0001641 seconds
[2021-12-31T03:17:18.990+0000][1][safepoint    ] Application time: 1.0034713 seconds
[2021-12-31T03:17:18.991+0000][1][safepoint    ] Entering safepoint region: Cleanup
[2021-12-31T03:17:18.991+0000][1][safepoint    ] Leaving safepoint region
[2021-12-31T03:17:18.991+0000][1][safepoint    ] Total time for which application threads were stopped: 0.0002649 seconds, Stopping threads took: 0.0001173 seconds
[2021-12-31T03:17:20.904+0000][1][safepoint    ] Application time: 1.9131346 seconds
[2021-12-31T03:17:20.905+0000][1][safepoint    ] Entering safepoint region: Cleanup
[2021-12-31T03:17:20.905+0000][1][safepoint    ] Leaving safepoint region
[2021-12-31T03:17:20.905+0000][1][safepoint    ] Total time for which application threads were stopped: 0.0002714 seconds, Stopping threads took: 0.0001211 seconds
[2021-12-31T03:17:21.906+0000][1][safepoint    ] Application time: 1.0005669 seconds
[2021-12-31T03:17:21.906+0000][1][safepoint    ] Entering safepoint region: Cleanup
[2021-12-31T03:17:21.906+0000][1][safepoint    ] Leaving safepoint region
[2021-12-31T03:17:21.906+0000][1][safepoint    ] Total time for which application threads were stopped: 0.0002380 seconds, Stopping threads took: 0.0001095 seconds
[2021-12-31T03:17:22.909+0000][1][safepoint    ] Application time: 1.0023428 seconds
[2021-12-31T03:17:22.909+0000][1][safepoint    ] Entering safepoint region: Cleanup
[2021-12-31T03:17:22.909+0000][1][safepoint    ] Leaving safepoint region
[2021-12-31T03:17:22.909+0000][1][safepoint    ] Total time for which application threads were stopped: 0.0002924 seconds, Stopping threads took: 0.0001238 seconds
[2021-12-31T03:17:23.913+0000][1][safepoint    ] Application time: 1.0036455 seconds
[2021-12-31T03:17:23.913+0000][1][safepoint    ] Entering safepoint region: Cleanup
[2021-12-31T03:17:23.914+0000][1][safepoint    ] Leaving safepoint region
[2021-12-31T03:17:23.914+0000][1][safepoint    ] Total time for which application threads were stopped: 0.0005318 seconds, Stopping threads took: 0.0002399 seconds
[2021-12-31T03:17:24.916+0000][1][safepoint    ] Application time: 1.0016813 seconds
[2021-12-31T03:17:24.916+0000][1][safepoint    ] Entering safepoint region: Cleanup
[2021-12-31T03:17:24.917+0000][1][safepoint    ] Leaving safepoint region
[2021-12-31T03:17:24.917+0000][1][safepoint    ] Total time for which application threads were stopped: 0.0002609 seconds, Stopping threads took: 0.0001260 seconds
[2021-12-31T03:17:25.918+0000][1][safepoint    ] Application time: 1.0012917 seconds
[2021-12-31T03:17:25.919+0000][1][safepoint    ] Entering safepoint region: Cleanup
[2021-12-31T03:17:25.919+0000][1][safepoint    ] Leaving safepoint region
[2021-12-31T03:17:25.919+0000][1][safepoint    ] Total time for which application threads were stopped: 0.0005309 seconds, Stopping threads took: 0.0002538 seconds
[2021-12-31T03:17:26.921+0000][1][safepoint    ] Application time: 1.0012852 seconds
[2021-12-31T03:17:26.922+0000][1][safepoint    ] Entering safepoint region: Cleanup
[2021-12-31T03:17:26.922+0000][1][safepoint    ] Leaving safepoint region
[2021-12-31T03:17:26.922+0000][1][safepoint    ] Total time for which application threads were stopped: 0.0006431 seconds, Stopping threads took: 0.0002974 seconds
[2021-12-31T03:17:27.924+0000][1][safepoint    ] Application time: 1.0019807 seconds
[2021-12-31T03:17:27.925+0000][1][safepoint    ] Entering safepoint region: Cleanup
[2021-12-31T03:17:27.925+0000][1][safepoint    ] Leaving safepoint region
[2021-12-31T03:17:27.925+0000][1][safepoint    ] Total time for which application threads were stopped: 0.0004909 seconds, Stopping threads took: 0.0002424 seconds
[2021-12-31T03:17:28.926+0000][1][safepoint    ] Application time: 1.0001096 seconds
[2021-12-31T03:17:28.926+0000][1][safepoint    ] Entering safepoint region: Cleanup
[2021-12-31T03:17:28.926+0000][1][safepoint    ] Leaving safepoint region
[2021-12-31T03:17:28.926+0000][1][safepoint    ] Total time for which application threads were stopped: 0.0002909 seconds, Stopping threads took: 0.0001045 seconds
[2021-12-31T03:17:29.927+0000][1][safepoint    ] Application time: 1.0006483 seconds
[2021-12-31T03:17:29.927+0000][1][safepoint    ] Entering safepoint region: Cleanup
[2021-12-31T03:17:29.927+0000][1][safepoint    ] Leaving safepoint region
[2021-12-31T03:17:29.928+0000][1][safepoint    ] Total time for which application threads were stopped: 0.0002304 seconds, Stopping threads took: 0.0000955 seconds
[2021-12-31T03:17:30.930+0000][1][safepoint    ] Application time: 1.0023978 seconds
[2021-12-31T03:17:30.931+0000][1][safepoint    ] Entering safepoint region: Cleanup
[2021-12-31T03:17:30.931+0000][1][safepoint    ] Leaving safepoint region
[2021-12-31T03:17:30.931+0000][1][safepoint    ] Total time for which application threads were stopped: 0.0002777 seconds, Stopping threads took: 0.0001192 seconds
[2021-12-31T03:17:31.933+0000][1][safepoint    ] Application time: 1.0017372 seconds
[2021-12-31T03:17:31.933+0000][1][safepoint    ] Entering safepoint region: Cleanup
[2021-12-31T03:17:31.934+0000][1][safepoint    ] Leaving safepoint region
[2021-12-31T03:17:31.934+0000][1][safepoint    ] Total time for which application threads were stopped: 0.0006084 seconds, Stopping threads took: 0.0002787 seconds
[2021-12-31T03:17:32.935+0000][1][safepoint    ] Application time: 1.0005527 seconds
[2021-12-31T03:17:32.935+0000][1][safepoint    ] Entering safepoint region: Cleanup
[2021-12-31T03:17:32.935+0000][1][safepoint    ] Leaving safepoint region
[2021-12-31T03:17:32.935+0000][1][safepoint    ] Total time for which application threads were stopped: 0.0003006 seconds, Stopping threads took: 0.0000988 seconds
[2021-12-31T03:17:33.939+0000][1][safepoint    ] Application time: 1.0032241 seconds
[2021-12-31T03:17:33.939+0000][1][safepoint    ] Entering safepoint region: Cleanup
[2021-12-31T03:17:33.939+0000][1][safepoint    ] Leaving safepoint region
[2021-12-31T03:17:33.939+0000][1][safepoint    ] Total time for which application threads were stopped: 0.0003561 seconds, Stopping threads took: 0.0001443 seconds
[2021-12-31T03:17:34.942+0000][1][safepoint    ] Application time: 1.0028910 seconds
[2021-12-31T03:17:34.943+0000][1][safepoint    ] Entering safepoint region: Cleanup
[2021-12-31T03:17:34.943+0000][1][safepoint    ] Leaving safepoint region
[2021-12-31T03:17:34.943+0000][1][safepoint    ] Total time for which application threads were stopped: 0.0003026 seconds, Stopping threads took: 0.0001381 seconds
[2021-12-31T03:17:35.954+0000][1][safepoint    ] Application time: 1.0105073 seconds
[2021-12-31T03:17:35.955+0000][1][safepoint    ] Entering safepoint region: Cleanup
[2021-12-31T03:17:35.955+0000][1][safepoint    ] Leaving safepoint region
[2021-12-31T03:17:35.955+0000][1][safepoint    ] Total time for which application threads were stopped: 0.0005974 seconds, Stopping threads took: 0.0002616 seconds
[2021-12-31T03:17:36.961+0000][1][safepoint    ] Application time: 1.0053770 seconds
[2021-12-31T03:17:36.962+0000][1][safepoint    ] Entering safepoint region: Cleanup
[2021-12-31T03:17:36.962+0000][1][safepoint    ] Leaving safepoint region
[2021-12-31T03:17:36.962+0000][1][safepoint    ] Total time for which application threads were stopped: 0.0006501 seconds, Stopping threads took: 0.0002881 seconds
[2021-12-31T03:17:37.965+0000][1][safepoint    ] Application time: 1.0019599 seconds
[2021-12-31T03:17:37.965+0000][1][safepoint    ] Entering safepoint region: Cleanup
[2021-12-31T03:17:37.965+0000][1][safepoint    ] Leaving safepoint region
[2021-12-31T03:17:37.966+0000][1][safepoint    ] Total time for which application threads were stopped: 0.0004904 seconds, Stopping threads took: 0.0002270 seconds
[2021-12-31T03:17:38.968+0000][1][safepoint    ] Application time: 1.0023662 seconds
[2021-12-31T03:17:38.969+0000][1][safepoint    ] Entering safepoint region: Cleanup
[2021-12-31T03:17:38.969+0000][1][safepoint    ] Leaving safepoint region
[2021-12-31T03:17:38.969+0000][1][safepoint    ] Total time for which application threads were stopped: 0.0005658 seconds, Stopping threads took: 0.0002635 seconds
[2021-12-31T03:17:39.973+0000][1][safepoint    ] Application time: 1.0034860 seconds
[2021-12-31T03:17:39.973+0000][1][safepoint    ] Entering safepoint region: Cleanup
[2021-12-31T03:17:39.973+0000][1][safepoint    ] Leaving safepoint region
[2021-12-31T03:17:39.973+0000][1][safepoint    ] Total time for which application threads were stopped: 0.0002738 seconds, Stopping threads took: 0.0000972 seconds
[2021-12-31T03:17:40.981+0000][1][safepoint    ] Application time: 1.0077397 seconds
[2021-12-31T03:17:40.989+0000][1][safepoint    ] Entering safepoint region: Cleanup
[2021-12-31T03:17:40.994+0000][1][safepoint    ] Leaving safepoint region
[2021-12-31T03:17:40.994+0000][1][safepoint    ] Total time for which application threads were stopped: 0.0045741 seconds, Stopping threads took: 0.0043540 seconds
[2021-12-31T03:17:41.998+0000][1][safepoint    ] Application time: 1.0035530 seconds
[2021-12-31T03:17:41.998+0000][1][safepoint    ] Entering safepoint region: Cleanup
[2021-12-31T03:17:41.998+0000][1][safepoint    ] Leaving safepoint region
[2021-12-31T03:17:41.998+0000][1][safepoint    ] Total time for which application threads were stopped: 0.0004230 seconds, Stopping threads took: 0.0001865 seconds
[2021-12-31T03:17:43.002+0000][1][safepoint    ] Application time: 1.0034569 seconds
[2021-12-31T03:17:43.002+0000][1][safepoint    ] Entering safepoint region: Cleanup
[2021-12-31T03:17:43.003+0000][1][safepoint    ] Leaving safepoint region
[2021-12-31T03:17:43.003+0000][1][safepoint    ] Total time for which application threads were stopped: 0.0004871 seconds, Stopping threads took: 0.0002242 seconds
[2021-12-31T03:17:44.003+0000][1][safepoint    ] Application time: 1.0003766 seconds
[2021-12-31T03:17:44.004+0000][1][safepoint    ] Entering safepoint region: Cleanup
[2021-12-31T03:17:44.004+0000][1][safepoint    ] Leaving safepoint region
[2021-12-31T03:17:44.004+0000][1][safepoint    ] Total time for which application threads were stopped: 0.0005685 seconds, Stopping threads took: 0.0002243 seconds
[2021-12-31T03:17:45.008+0000][1][safepoint    ] Application time: 1.0029561 seconds
[2021-12-31T03:17:45.008+0000][1][safepoint    ] Entering safepoint region: Cleanup
[2021-12-31T03:17:45.009+0000][1][safepoint    ] Leaving safepoint region
[2021-12-31T03:17:45.009+0000][1][safepoint    ] Total time for which application threads were stopped: 0.0006600 seconds, Stopping threads took: 0.0002998 seconds
[2021-12-31T03:17:46.010+0000][1][safepoint    ] Application time: 1.0013317 seconds
[2021-12-31T03:17:46.011+0000][1][safepoint    ] Entering safepoint region: Cleanup
[2021-12-31T03:17:46.011+0000][1][safepoint    ] Leaving safepoint region
[2021-12-31T03:17:46.011+0000][1][safepoint    ] Total time for which application threads were stopped: 0.0003670 seconds, Stopping threads took: 0.0001686 seconds
[2021-12-31T03:17:47.015+0000][1][safepoint    ] Application time: 1.0041094 seconds
[2021-12-31T03:17:47.016+0000][1][safepoint    ] Entering safepoint region: Cleanup
[2021-12-31T03:17:47.016+0000][1][safepoint    ] Leaving safepoint region
[2021-12-31T03:17:47.016+0000][1][safepoint    ] Total time for which application threads were stopped: 0.0004930 seconds, Stopping threads took: 0.0001971 seconds
[2021-12-31T03:17:48.020+0000][1][safepoint    ] Application time: 1.0032669 seconds
[2021-12-31T03:17:48.020+0000][1][safepoint    ] Entering safepoint region: Cleanup
[2021-12-31T03:17:48.020+0000][1][safepoint    ] Leaving safepoint region
[2021-12-31T03:17:48.020+0000][1][safepoint    ] Total time for which application threads were stopped: 0.0002168 seconds, Stopping threads took: 0.0001005 seconds
[2021-12-31T03:17:49.020+0000][1][safepoint    ] Application time: 1.0001847 seconds
[2021-12-31T03:17:49.020+0000][1][safepoint    ] Entering safepoint region: Cleanup
[2021-12-31T03:17:49.021+0000][1][safepoint    ] Leaving safepoint region
[2021-12-31T03:17:49.021+0000][1][safepoint    ] Total time for which application threads were stopped: 0.0002185 seconds, Stopping threads took: 0.0000926 seconds
[2021-12-31T03:17:50.022+0000][1][safepoint    ] Application time: 1.0008484 seconds
[2021-12-31T03:17:50.022+0000][1][safepoint    ] Entering safepoint region: Cleanup
[2021-12-31T03:17:50.022+0000][1][safepoint    ] Leaving safepoint region
[2021-12-31T03:17:50.023+0000][1][safepoint    ] Total time for which application threads were stopped: 0.0006607 seconds, Stopping threads took: 0.0002679 seconds
[2021-12-31T03:17:51.026+0000][1][safepoint    ] Application time: 1.0027328 seconds
[2021-12-31T03:17:51.026+0000][1][safepoint    ] Entering safepoint region: Cleanup
[2021-12-31T03:17:51.027+0000][1][safepoint    ] Leaving safepoint region
[2021-12-31T03:17:51.027+0000][1][safepoint    ] Total time for which application threads were stopped: 0.0006745 seconds, Stopping threads took: 0.0003072 seconds
[2021-12-31T03:17:52.031+0000][1][safepoint    ] Application time: 1.0036098 seconds
[2021-12-31T03:17:52.031+0000][1][safepoint    ] Entering safepoint region: Cleanup
[2021-12-31T03:17:52.032+0000][1][safepoint    ] Leaving safepoint region
[2021-12-31T03:17:52.032+0000][1][safepoint    ] Total time for which application threads were stopped: 0.0005936 seconds, Stopping threads took: 0.0002821 seconds
[2021-12-31T03:17:53.034+0000][1][safepoint    ] Application time: 1.0015927 seconds
[2021-12-31T03:17:53.034+0000][1][safepoint    ] Entering safepoint region: Cleanup
[2021-12-31T03:17:53.034+0000][1][safepoint    ] Leaving safepoint region
[2021-12-31T03:17:53.035+0000][1][safepoint    ] Total time for which application threads were stopped: 0.0006805 seconds, Stopping threads took: 0.0002093 seconds
[2021-12-31T03:17:54.039+0000][1][safepoint    ] Application time: 1.0039152 seconds
[2021-12-31T03:17:54.039+0000][1][safepoint    ] Entering safepoint region: Cleanup
[2021-12-31T03:17:54.039+0000][1][safepoint    ] Leaving safepoint region
[2021-12-31T03:17:54.040+0000][1][safepoint    ] Total time for which application threads were stopped: 0.0004713 seconds, Stopping threads took: 0.0002157 seconds
[2021-12-31T03:17:55.044+0000][1][safepoint    ] Application time: 1.0037274 seconds
[2021-12-31T03:17:55.044+0000][1][safepoint    ] Entering safepoint region: Cleanup
[2021-12-31T03:17:55.044+0000][1][safepoint    ] Leaving safepoint region
[2021-12-31T03:17:55.044+0000][1][safepoint    ] Total time for which application threads were stopped: 0.0002406 seconds, Stopping threads took: 0.0001033 seconds
[2021-12-31T03:17:56.045+0000][1][safepoint    ] Application time: 1.0011363 seconds
[2021-12-31T03:17:56.045+0000][1][safepoint    ] Entering safepoint region: Cleanup
[2021-12-31T03:17:56.046+0000][1][safepoint    ] Leaving safepoint region
[2021-12-31T03:17:56.046+0000][1][safepoint    ] Total time for which application threads were stopped: 0.0002393 seconds, Stopping threads took: 0.0001020 seconds
[2021-12-31T03:17:57.049+0000][1][safepoint    ] Application time: 1.0033262 seconds
[2021-12-31T03:17:57.049+0000][1][safepoint    ] Entering safepoint region: Cleanup
[2021-12-31T03:17:57.049+0000][1][safepoint    ] Leaving safepoint region
[2021-12-31T03:17:57.050+0000][1][safepoint    ] Total time for which application threads were stopped: 0.0003913 seconds, Stopping threads took: 0.0001708 seconds
[2021-12-31T03:17:58.053+0000][1][safepoint    ] Application time: 1.0029755 seconds
[2021-12-31T03:17:58.053+0000][1][safepoint    ] Entering safepoint region: Cleanup
[2021-12-31T03:17:58.054+0000][1][safepoint    ] Leaving safepoint region
[2021-12-31T03:17:58.054+0000][1][safepoint    ] Total time for which application threads were stopped: 0.0005094 seconds, Stopping threads took: 0.0002332 seconds
[2021-12-31T03:17:59.055+0000][1][safepoint    ] Application time: 1.0013800 seconds
[2021-12-31T03:17:59.056+0000][1][safepoint    ] Entering safepoint region: Cleanup
[2021-12-31T03:17:59.056+0000][1][safepoint    ] Leaving safepoint region
[2021-12-31T03:17:59.056+0000][1][safepoint    ] Total time for which application threads were stopped: 0.0002064 seconds, Stopping threads took: 0.0000904 seconds
[2021-12-31T03:18:00.060+0000][1][safepoint    ] Application time: 1.0036961 seconds
[2021-12-31T03:18:00.060+0000][1][safepoint    ] Entering safepoint region: Cleanup
[2021-12-31T03:18:00.060+0000][1][safepoint    ] Leaving safepoint region
[2021-12-31T03:18:00.060+0000][1][safepoint    ] Total time for which application threads were stopped: 0.0001977 seconds, Stopping threads took: 0.0000864 seconds
[2021-12-31T03:18:01.064+0000][1][safepoint    ] Application time: 1.0038715 seconds
[2021-12-31T03:18:01.064+0000][1][safepoint    ] Entering safepoint region: Cleanup
[2021-12-31T03:18:01.065+0000][1][safepoint    ] Leaving safepoint region
[2021-12-31T03:18:01.065+0000][1][safepoint    ] Total time for which application threads were stopped: 0.0006552 seconds, Stopping threads took: 0.0002191 seconds
[2021-12-31T03:18:02.067+0000][1][safepoint    ] Application time: 1.0022479 seconds
[2021-12-31T03:18:02.068+0000][1][safepoint    ] Entering safepoint region: Cleanup
[2021-12-31T03:18:02.068+0000][1][safepoint    ] Leaving safepoint region
[2021-12-31T03:18:02.068+0000][1][safepoint    ] Total time for which application threads were stopped: 0.0006383 seconds, Stopping threads took: 0.0002315 seconds
[2021-12-31T03:18:03.071+0000][1][safepoint    ] Application time: 1.0023069 seconds
[2021-12-31T03:18:03.071+0000][1][safepoint    ] Entering safepoint region: Cleanup
[2021-12-31T03:18:03.071+0000][1][safepoint    ] Leaving safepoint region
[2021-12-31T03:18:03.071+0000][1][safepoint    ] Total time for which application threads were stopped: 0.0002942 seconds, Stopping threads took: 0.0001531 seconds
[2021-12-31T03:18:04.072+0000][1][safepoint    ] Application time: 1.0009330 seconds
[2021-12-31T03:18:04.073+0000][1][safepoint    ] Entering safepoint region: Cleanup
[2021-12-31T03:18:04.073+0000][1][safepoint    ] Leaving safepoint region
[2021-12-31T03:18:04.073+0000][1][safepoint    ] Total time for which application threads were stopped: 0.0005362 seconds, Stopping threads took: 0.0002255 seconds
[2021-12-31T03:18:05.074+0000][1][safepoint    ] Application time: 1.0008980 seconds
[2021-12-31T03:18:05.075+0000][1][safepoint    ] Entering safepoint region: Cleanup
[2021-12-31T03:18:05.075+0000][1][safepoint    ] Leaving safepoint region
[2021-12-31T03:18:05.075+0000][1][safepoint    ] Total time for which application threads were stopped: 0.0002395 seconds, Stopping threads took: 0.0001032 seconds
[2021-12-31T03:18:06.076+0000][1][safepoint    ] Application time: 1.0011177 seconds
[2021-12-31T03:18:06.076+0000][1][safepoint    ] Entering safepoint region: Cleanup
[2021-12-31T03:18:06.077+0000][1][safepoint    ] Leaving safepoint region
[2021-12-31T03:18:06.077+0000][1][safepoint    ] Total time for which application threads were stopped: 0.0002747 seconds, Stopping threads took: 0.0001039 seconds
[2021-12-31T03:18:07.079+0000][1][safepoint    ] Application time: 1.0022091 seconds
[2021-12-31T03:18:07.079+0000][1][safepoint    ] Entering safepoint region: Cleanup
[2021-12-31T03:18:07.079+0000][1][safepoint    ] Leaving safepoint region
[2021-12-31T03:18:07.079+0000][1][safepoint    ] Total time for which application threads were stopped: 0.0002375 seconds, Stopping threads took: 0.0001013 seconds
[2021-12-31T03:18:08.080+0000][1][safepoint    ] Application time: 1.0001963 seconds
[2021-12-31T03:18:08.081+0000][1][safepoint    ] Entering safepoint region: Cleanup
[2021-12-31T03:18:08.081+0000][1][safepoint    ] Leaving safepoint region
[2021-12-31T03:18:08.081+0000][1][safepoint    ] Total time for which application threads were stopped: 0.0005255 seconds, Stopping threads took: 0.0003007 seconds
[2021-12-31T03:18:09.082+0000][1][safepoint    ] Application time: 1.0009362 seconds
[2021-12-31T03:18:09.083+0000][1][safepoint    ] Entering safepoint region: Cleanup
[2021-12-31T03:18:09.083+0000][1][safepoint    ] Leaving safepoint region
[2021-12-31T03:18:09.083+0000][1][safepoint    ] Total time for which application threads were stopped: 0.0003404 seconds, Stopping threads took: 0.0002072 seconds
[2021-12-31T03:18:10.086+0000][1][safepoint    ] Application time: 1.0030513 seconds
[2021-12-31T03:18:10.087+0000][1][safepoint    ] Entering safepoint region: Cleanup
[2021-12-31T03:18:10.087+0000][1][safepoint    ] Leaving safepoint region
[2021-12-31T03:18:10.087+0000][1][safepoint    ] Total time for which application threads were stopped: 0.0005116 seconds, Stopping threads took: 0.0002163 seconds
[2021-12-31T03:18:11.101+0000][1][safepoint    ] Application time: 1.0142119 seconds
[2021-12-31T03:18:11.102+0000][1][safepoint    ] Entering safepoint region: Cleanup
[2021-12-31T03:18:11.102+0000][1][safepoint    ] Leaving safepoint region
[2021-12-31T03:18:11.102+0000][1][safepoint    ] Total time for which application threads were stopped: 0.0004710 seconds, Stopping threads took: 0.0002050 seconds
[2021-12-31T03:18:12.113+0000][1][safepoint    ] Application time: 1.0109064 seconds
[2021-12-31T03:18:12.114+0000][1][safepoint    ] Entering safepoint region: Cleanup
[2021-12-31T03:18:12.114+0000][1][safepoint    ] Leaving safepoint region
[2021-12-31T03:18:12.114+0000][1][safepoint    ] Total time for which application threads were stopped: 0.0006113 seconds, Stopping threads took: 0.0002372 seconds
[2021-12-31T03:18:13.131+0000][1][safepoint    ] Application time: 1.0159703 seconds
[2021-12-31T03:18:13.131+0000][1][safepoint    ] Entering safepoint region: Cleanup
[2021-12-31T03:18:13.131+0000][1][safepoint    ] Leaving safepoint region
[2021-12-31T03:18:13.132+0000][1][safepoint    ] Total time for which application threads were stopped: 0.0006861 seconds, Stopping threads took: 0.0002049 seconds
[2021-12-31T03:18:14.138+0000][1][safepoint    ] Application time: 1.0064446 seconds
[2021-12-31T03:18:14.139+0000][1][safepoint    ] Entering safepoint region: Cleanup
[2021-12-31T03:18:14.139+0000][1][safepoint    ] Leaving safepoint region
[2021-12-31T03:18:14.139+0000][1][safepoint    ] Total time for which application threads were stopped: 0.0005094 seconds, Stopping threads took: 0.0002307 seconds
[2021-12-31T03:18:15.151+0000][1][safepoint    ] Application time: 1.0113919 seconds
[2021-12-31T03:18:15.151+0000][1][safepoint    ] Entering safepoint region: Cleanup
[2021-12-31T03:18:15.151+0000][1][safepoint    ] Leaving safepoint region
[2021-12-31T03:18:15.152+0000][1][safepoint    ] Total time for which application threads were stopped: 0.0004926 seconds, Stopping threads took: 0.0002198 seconds
[2021-12-31T03:18:16.160+0000][1][safepoint    ] Application time: 1.0080477 seconds
[2021-12-31T03:18:16.160+0000][1][safepoint    ] Entering safepoint region: Cleanup
[2021-12-31T03:18:16.161+0000][1][safepoint    ] Leaving safepoint region
[2021-12-31T03:18:16.161+0000][1][safepoint    ] Total time for which application threads were stopped: 0.0008787 seconds, Stopping threads took: 0.0004755 seconds
[2021-12-31T03:18:17.163+0000][1][safepoint    ] Application time: 1.0019323 seconds
[2021-12-31T03:18:17.164+0000][1][safepoint    ] Entering safepoint region: Cleanup
[2021-12-31T03:18:17.164+0000][1][safepoint    ] Leaving safepoint region
[2021-12-31T03:18:17.164+0000][1][safepoint    ] Total time for which application threads were stopped: 0.0006340 seconds, Stopping threads took: 0.0001215 seconds
[2021-12-31T03:18:18.004+0000][1][safepoint    ] Application time: 0.8394399 seconds
[2021-12-31T03:18:18.010+0000][1][safepoint    ] Entering safepoint region: RevokeBias
[2021-12-31T03:18:18.010+0000][1][safepoint    ] Leaving safepoint region
[2021-12-31T03:18:18.011+0000][1][safepoint    ] Total time for which application threads were stopped: 0.0003588 seconds, Stopping threads took: 0.0001631 seconds
[2021-12-31T03:18:19.011+0000][1][safepoint    ] Application time: 1.0003620 seconds
[2021-12-31T03:18:19.011+0000][1][safepoint    ] Entering safepoint region: Cleanup
[2021-12-31T03:18:19.011+0000][1][safepoint    ] Leaving safepoint region
[2021-12-31T03:18:19.012+0000][1][safepoint    ] Total time for which application threads were stopped: 0.0002397 seconds, Stopping threads took: 0.0001027 seconds
[2021-12-31T03:18:20.016+0000][1][safepoint    ] Application time: 1.0039053 seconds
[2021-12-31T03:18:20.016+0000][1][safepoint    ] Entering safepoint region: Cleanup
[2021-12-31T03:18:20.016+0000][1][safepoint    ] Leaving safepoint region
[2021-12-31T03:18:20.016+0000][1][safepoint    ] Total time for which application threads were stopped: 0.0002571 seconds, Stopping threads took: 0.0001061 seconds
[2021-12-31T03:18:21.017+0000][1][safepoint    ] Application time: 1.0009466 seconds
[2021-12-31T03:18:21.017+0000][1][safepoint    ] Entering safepoint region: Cleanup
[2021-12-31T03:18:21.017+0000][1][safepoint    ] Leaving safepoint region
[2021-12-31T03:18:21.018+0000][1][safepoint    ] Total time for which application threads were stopped: 0.0002447 seconds, Stopping threads took: 0.0001063 seconds
[2021-12-31T03:18:22.018+0000][1][safepoint    ] Application time: 1.0007824 seconds
[2021-12-31T03:18:22.019+0000][1][safepoint    ] Entering safepoint region: Cleanup
[2021-12-31T03:18:22.019+0000][1][safepoint    ] Leaving safepoint region
[2021-12-31T03:18:22.019+0000][1][safepoint    ] Total time for which application threads were stopped: 0.0002495 seconds, Stopping threads took: 0.0001080 seconds
[2021-12-31T03:18:23.020+0000][1][safepoint    ] Application time: 1.0013318 seconds
[2021-12-31T03:18:23.021+0000][1][safepoint    ] Entering safepoint region: Cleanup
[2021-12-31T03:18:23.021+0000][1][safepoint    ] Leaving safepoint region
[2021-12-31T03:18:23.021+0000][1][safepoint    ] Total time for which application threads were stopped: 0.0002243 seconds, Stopping threads took: 0.0000961 seconds
[2021-12-31T03:18:24.025+0000][1][safepoint    ] Application time: 1.0037983 seconds
[2021-12-31T03:18:24.025+0000][1][safepoint    ] Entering safepoint region: Cleanup
[2021-12-31T03:18:24.025+0000][1][safepoint    ] Leaving safepoint region
[2021-12-31T03:18:24.025+0000][1][safepoint    ] Total time for which application threads were stopped: 0.0005079 seconds, Stopping threads took: 0.0002081 seconds
[2021-12-31T03:18:25.027+0000][1][safepoint    ] Application time: 1.0013926 seconds
[2021-12-31T03:18:25.027+0000][1][safepoint    ] Entering safepoint region: Cleanup
[2021-12-31T03:18:25.027+0000][1][safepoint    ] Leaving safepoint region
[2021-12-31T03:18:25.028+0000][1][safepoint    ] Total time for which application threads were stopped: 0.0002327 seconds, Stopping threads took: 0.0001032 seconds
[2021-12-31T03:18:26.031+0000][1][safepoint    ] Application time: 1.0035831 seconds
[2021-12-31T03:18:26.031+0000][1][safepoint    ] Entering safepoint region: Cleanup
[2021-12-31T03:18:26.032+0000][1][safepoint    ] Leaving safepoint region
[2021-12-31T03:18:26.032+0000][1][safepoint    ] Total time for which application threads were stopped: 0.0004519 seconds, Stopping threads took: 0.0001464 seconds
[2021-12-31T03:18:27.034+0000][1][safepoint    ] Application time: 1.0021319 seconds
[2021-12-31T03:18:27.034+0000][1][safepoint    ] Entering safepoint region: Cleanup
[2021-12-31T03:18:27.035+0000][1][safepoint    ] Leaving safepoint region
[2021-12-31T03:18:27.035+0000][1][safepoint    ] Total time for which application threads were stopped: 0.0002289 seconds, Stopping threads took: 0.0001009 seconds
[2021-12-31T03:18:28.035+0000][1][safepoint    ] Application time: 1.0002413 seconds
[2021-12-31T03:18:28.035+0000][1][safepoint    ] Entering safepoint region: Cleanup
[2021-12-31T03:18:28.036+0000][1][safepoint    ] Leaving safepoint region
[2021-12-31T03:18:28.036+0000][1][safepoint    ] Total time for which application threads were stopped: 0.0004881 seconds, Stopping threads took: 0.0002251 seconds
[2021-12-31T03:18:29.039+0000][1][safepoint    ] Application time: 1.0025149 seconds
[2021-12-31T03:18:29.039+0000][1][safepoint    ] Entering safepoint region: Cleanup
[2021-12-31T03:18:29.039+0000][1][safepoint    ] Leaving safepoint region
[2021-12-31T03:18:29.040+0000][1][safepoint    ] Total time for which application threads were stopped: 0.0006782 seconds, Stopping threads took: 0.0003461 seconds
[2021-12-31T03:18:30.040+0000][1][safepoint    ] Application time: 1.0001274 seconds
[2021-12-31T03:18:30.040+0000][1][safepoint    ] Entering safepoint region: Cleanup
[2021-12-31T03:18:30.040+0000][1][safepoint    ] Leaving safepoint region
[2021-12-31T03:18:30.041+0000][1][safepoint    ] Total time for which application threads were stopped: 0.0002408 seconds, Stopping threads took: 0.0001031 seconds
[2021-12-31T03:18:31.043+0000][1][safepoint    ] Application time: 1.0022124 seconds
[2021-12-31T03:18:31.043+0000][1][safepoint    ] Entering safepoint region: Cleanup
[2021-12-31T03:18:31.043+0000][1][safepoint    ] Leaving safepoint region
[2021-12-31T03:18:31.044+0000][1][safepoint    ] Total time for which application threads were stopped: 0.0002949 seconds, Stopping threads took: 0.0001348 seconds
[2021-12-31T03:18:32.046+0000][1][safepoint    ] Application time: 1.0027298 seconds
[2021-12-31T03:18:32.047+0000][1][safepoint    ] Entering safepoint region: Cleanup
[2021-12-31T03:18:32.047+0000][1][safepoint    ] Leaving safepoint region
[2021-12-31T03:18:32.047+0000][1][safepoint    ] Total time for which application threads were stopped: 0.0002656 seconds, Stopping threads took: 0.0001194 seconds
[2021-12-31T03:18:33.050+0000][1][safepoint    ] Application time: 1.0029229 seconds
[2021-12-31T03:18:33.050+0000][1][safepoint    ] Entering safepoint region: Cleanup
[2021-12-31T03:18:33.050+0000][1][safepoint    ] Leaving safepoint region
[2021-12-31T03:18:33.050+0000][1][safepoint    ] Total time for which application threads were stopped: 0.0004126 seconds, Stopping threads took: 0.0001822 seconds
[2021-12-31T03:18:34.051+0000][1][safepoint    ] Application time: 1.0008092 seconds
[2021-12-31T03:18:34.052+0000][1][safepoint    ] Entering safepoint region: Cleanup
[2021-12-31T03:18:34.052+0000][1][safepoint    ] Leaving safepoint region
[2021-12-31T03:18:34.052+0000][1][safepoint    ] Total time for which application threads were stopped: 0.0003302 seconds, Stopping threads took: 0.0000957 seconds
[2021-12-31T03:18:35.052+0000][1][safepoint    ] Application time: 1.0002203 seconds
[2021-12-31T03:18:35.053+0000][1][safepoint    ] Entering safepoint region: Cleanup
[2021-12-31T03:18:35.053+0000][1][safepoint    ] Leaving safepoint region
[2021-12-31T03:18:35.053+0000][1][safepoint    ] Total time for which application threads were stopped: 0.0006257 seconds, Stopping threads took: 0.0001018 seconds
[2021-12-31T03:18:36.055+0000][1][safepoint    ] Application time: 1.0016904 seconds
[2021-12-31T03:18:36.055+0000][1][safepoint    ] Entering safepoint region: Cleanup
[2021-12-31T03:18:36.055+0000][1][safepoint    ] Leaving safepoint region
[2021-12-31T03:18:36.056+0000][1][safepoint    ] Total time for which application threads were stopped: 0.0002225 seconds, Stopping threads took: 0.0000936 seconds
[2021-12-31T03:18:37.059+0000][1][safepoint    ] Application time: 1.0038581 seconds
[2021-12-31T03:18:37.060+0000][1][safepoint    ] Entering safepoint region: Cleanup
[2021-12-31T03:18:37.060+0000][1][safepoint    ] Leaving safepoint region
[2021-12-31T03:18:37.060+0000][1][safepoint    ] Total time for which application threads were stopped: 0.0004235 seconds, Stopping threads took: 0.0001809 seconds
[2021-12-31T03:18:38.064+0000][1][safepoint    ] Application time: 1.0032687 seconds
[2021-12-31T03:18:38.064+0000][1][safepoint    ] Entering safepoint region: Cleanup
[2021-12-31T03:18:38.064+0000][1][safepoint    ] Leaving safepoint region
[2021-12-31T03:18:38.064+0000][1][safepoint    ] Total time for which application threads were stopped: 0.0004623 seconds, Stopping threads took: 0.0002313 seconds
[2021-12-31T03:18:39.065+0000][1][safepoint    ] Application time: 1.0003809 seconds
[2021-12-31T03:18:39.065+0000][1][safepoint    ] Entering safepoint region: Cleanup
[2021-12-31T03:18:39.065+0000][1][safepoint    ] Leaving safepoint region
[2021-12-31T03:18:39.065+0000][1][safepoint    ] Total time for which application threads were stopped: 0.0002182 seconds, Stopping threads took: 0.0000931 seconds
[2021-12-31T03:18:40.068+0000][1][safepoint    ] Application time: 1.0020955 seconds
[2021-12-31T03:18:40.068+0000][1][safepoint    ] Entering safepoint region: Cleanup
[2021-12-31T03:18:40.068+0000][1][safepoint    ] Leaving safepoint region
[2021-12-31T03:18:40.068+0000][1][safepoint    ] Total time for which application threads were stopped: 0.0004852 seconds, Stopping threads took: 0.0002186 seconds
[2021-12-31T03:18:41.072+0000][1][safepoint    ] Application time: 1.0033128 seconds
[2021-12-31T03:18:41.072+0000][1][safepoint    ] Entering safepoint region: Cleanup
[2021-12-31T03:18:41.072+0000][1][safepoint    ] Leaving safepoint region
[2021-12-31T03:18:41.073+0000][1][safepoint    ] Total time for which application threads were stopped: 0.0002236 seconds, Stopping threads took: 0.0000973 seconds
[2021-12-31T03:18:42.074+0000][1][safepoint    ] Application time: 1.0011750 seconds
[2021-12-31T03:18:42.074+0000][1][safepoint    ] Entering safepoint region: Cleanup
[2021-12-31T03:18:42.074+0000][1][safepoint    ] Leaving safepoint region
[2021-12-31T03:18:42.074+0000][1][safepoint    ] Total time for which application threads were stopped: 0.0002231 seconds, Stopping threads took: 0.0000936 seconds
[2021-12-31T03:18:43.076+0000][1][safepoint    ] Application time: 1.0016995 seconds
[2021-12-31T03:18:43.077+0000][1][safepoint    ] Entering safepoint region: Cleanup
[2021-12-31T03:18:43.077+0000][1][safepoint    ] Leaving safepoint region
[2021-12-31T03:18:43.077+0000][1][safepoint    ] Total time for which application threads were stopped: 0.0005819 seconds, Stopping threads took: 0.0002486 seconds
[2021-12-31T03:18:44.078+0000][1][safepoint    ] Application time: 1.0006512 seconds
[2021-12-31T03:18:44.078+0000][1][safepoint    ] Entering safepoint region: Cleanup
[2021-12-31T03:18:44.078+0000][1][safepoint    ] Leaving safepoint region
[2021-12-31T03:18:44.078+0000][1][safepoint    ] Total time for which application threads were stopped: 0.0002101 seconds, Stopping threads took: 0.0000912 seconds
[2021-12-31T03:18:45.079+0000][1][safepoint    ] Application time: 1.0002057 seconds
[2021-12-31T03:18:45.079+0000][1][safepoint    ] Entering safepoint region: Cleanup
[2021-12-31T03:18:45.079+0000][1][safepoint    ] Leaving safepoint region
[2021-12-31T03:18:45.079+0000][1][safepoint    ] Total time for which application threads were stopped: 0.0002255 seconds, Stopping threads took: 0.0000973 seconds
[2021-12-31T03:18:46.081+0000][1][safepoint    ] Application time: 1.0015363 seconds
[2021-12-31T03:18:46.081+0000][1][safepoint    ] Entering safepoint region: Cleanup
[2021-12-31T03:18:46.081+0000][1][safepoint    ] Leaving safepoint region
[2021-12-31T03:18:46.081+0000][1][safepoint    ] Total time for which application threads were stopped: 0.0002302 seconds, Stopping threads took: 0.0001047 seconds
[2021-12-31T03:18:47.086+0000][1][safepoint    ] Application time: 1.0046176 seconds
[2021-12-31T03:18:47.087+0000][1][safepoint    ] Entering safepoint region: Cleanup
[2021-12-31T03:18:47.087+0000][1][safepoint    ] Leaving safepoint region
[2021-12-31T03:18:47.087+0000][1][safepoint    ] Total time for which application threads were stopped: 0.0006256 seconds, Stopping threads took: 0.0003159 seconds
[2021-12-31T03:18:49.009+0000][1][safepoint    ] Application time: 1.9214069 seconds
[2021-12-31T03:18:49.009+0000][1][safepoint    ] Entering safepoint region: Cleanup
[2021-12-31T03:18:49.009+0000][1][safepoint    ] Leaving safepoint region
[2021-12-31T03:18:49.010+0000][1][safepoint    ] Total time for which application threads were stopped: 0.0005010 seconds, Stopping threads took: 0.0002173 seconds
[2021-12-31T03:18:50.012+0000][1][safepoint    ] Application time: 1.0020112 seconds
[2021-12-31T03:18:50.012+0000][1][safepoint    ] Entering safepoint region: Cleanup
[2021-12-31T03:18:50.012+0000][1][safepoint    ] Leaving safepoint region
[2021-12-31T03:18:50.012+0000][1][safepoint    ] Total time for which application threads were stopped: 0.0002817 seconds, Stopping threads took: 0.0001035 seconds
[2021-12-31T03:18:51.013+0000][1][safepoint    ] Application time: 1.0005950 seconds
[2021-12-31T03:18:51.013+0000][1][safepoint    ] Entering safepoint region: Cleanup
[2021-12-31T03:18:51.013+0000][1][safepoint    ] Leaving safepoint region
[2021-12-31T03:18:51.014+0000][1][safepoint    ] Total time for which application threads were stopped: 0.0002485 seconds, Stopping threads took: 0.0001029 seconds
[2021-12-31T03:18:52.016+0000][1][safepoint    ] Application time: 1.0025059 seconds
[2021-12-31T03:18:52.016+0000][1][safepoint    ] Entering safepoint region: Cleanup
[2021-12-31T03:18:52.017+0000][1][safepoint    ] Leaving safepoint region
[2021-12-31T03:18:52.017+0000][1][safepoint    ] Total time for which application threads were stopped: 0.0004213 seconds, Stopping threads took: 0.0001856 seconds
[2021-12-31T03:18:53.017+0000][1][safepoint    ] Application time: 1.0001305 seconds
[2021-12-31T03:18:53.017+0000][1][safepoint    ] Entering safepoint region: Cleanup
[2021-12-31T03:18:53.018+0000][1][safepoint    ] Leaving safepoint region
[2021-12-31T03:18:53.018+0000][1][safepoint    ] Total time for which application threads were stopped: 0.0002302 seconds, Stopping threads took: 0.0001027 seconds
[2021-12-31T03:18:54.021+0000][1][safepoint    ] Application time: 1.0030334 seconds
[2021-12-31T03:18:54.021+0000][1][safepoint    ] Entering safepoint region: Cleanup
[2021-12-31T03:18:54.021+0000][1][safepoint    ] Leaving safepoint region
[2021-12-31T03:18:54.022+0000][1][safepoint    ] Total time for which application threads were stopped: 0.0005758 seconds, Stopping threads took: 0.0002718 seconds
[2021-12-31T03:18:55.024+0000][1][safepoint    ] Application time: 1.0019989 seconds
[2021-12-31T03:18:55.024+0000][1][safepoint    ] Entering safepoint region: Cleanup
[2021-12-31T03:18:55.024+0000][1][safepoint    ] Leaving safepoint region
[2021-12-31T03:18:55.024+0000][1][safepoint    ] Total time for which application threads were stopped: 0.0002259 seconds, Stopping threads took: 0.0000983 seconds
[2021-12-31T03:18:56.027+0000][1][safepoint    ] Application time: 1.0029457 seconds
[2021-12-31T03:18:56.028+0000][1][safepoint    ] Entering safepoint region: Cleanup
[2021-12-31T03:18:56.028+0000][1][safepoint    ] Leaving safepoint region
[2021-12-31T03:18:56.028+0000][1][safepoint    ] Total time for which application threads were stopped: 0.0002372 seconds, Stopping threads took: 0.0001009 seconds
[2021-12-31T03:18:57.030+0000][1][safepoint    ] Application time: 1.0020417 seconds
[2021-12-31T03:18:57.030+0000][1][safepoint    ] Entering safepoint region: Cleanup
[2021-12-31T03:18:57.030+0000][1][safepoint    ] Leaving safepoint region
[2021-12-31T03:18:57.031+0000][1][safepoint    ] Total time for which application threads were stopped: 0.0007165 seconds, Stopping threads took: 0.0000983 seconds
[2021-12-31T03:18:58.033+0000][1][safepoint    ] Application time: 1.0017435 seconds
[2021-12-31T03:18:58.033+0000][1][safepoint    ] Entering safepoint region: Cleanup
[2021-12-31T03:18:58.033+0000][1][safepoint    ] Leaving safepoint region
[2021-12-31T03:18:58.033+0000][1][safepoint    ] Total time for which application threads were stopped: 0.0002397 seconds, Stopping threads took: 0.0001022 seconds
[2021-12-31T03:18:59.037+0000][1][safepoint    ] Application time: 1.0034317 seconds
[2021-12-31T03:18:59.037+0000][1][safepoint    ] Entering safepoint region: Cleanup
[2021-12-31T03:18:59.037+0000][1][safepoint    ] Leaving safepoint region
[2021-12-31T03:18:59.038+0000][1][safepoint    ] Total time for which application threads were stopped: 0.0004096 seconds, Stopping threads took: 0.0001843 seconds
[2021-12-31T03:19:00.040+0000][1][safepoint    ] Application time: 1.0019991 seconds
[2021-12-31T03:19:00.040+0000][1][safepoint    ] Entering safepoint region: Cleanup
[2021-12-31T03:19:00.040+0000][1][safepoint    ] Leaving safepoint region
[2021-12-31T03:19:00.040+0000][1][safepoint    ] Total time for which application threads were stopped: 0.0003188 seconds, Stopping threads took: 0.0001142 seconds
[2021-12-31T03:19:01.044+0000][1][safepoint    ] Application time: 1.0034087 seconds
[2021-12-31T03:19:01.044+0000][1][safepoint    ] Entering safepoint region: Cleanup
[2021-12-31T03:19:01.045+0000][1][safepoint    ] Leaving safepoint region
[2021-12-31T03:19:01.045+0000][1][safepoint    ] Total time for which application threads were stopped: 0.0008178 seconds, Stopping threads took: 0.0002338 seconds
[2021-12-31T03:19:02.048+0000][1][safepoint    ] Application time: 1.0025520 seconds
[2021-12-31T03:19:02.048+0000][1][safepoint    ] Entering safepoint region: Cleanup
[2021-12-31T03:19:02.048+0000][1][safepoint    ] Leaving safepoint region
[2021-12-31T03:19:02.048+0000][1][safepoint    ] Total time for which application threads were stopped: 0.0002303 seconds, Stopping threads took: 0.0001098 seconds
[2021-12-31T03:19:03.049+0000][1][safepoint    ] Application time: 1.0009055 seconds
[2021-12-31T03:19:03.049+0000][1][safepoint    ] Entering safepoint region: Cleanup
[2021-12-31T03:19:03.050+0000][1][safepoint    ] Leaving safepoint region
[2021-12-31T03:19:03.050+0000][1][safepoint    ] Total time for which application threads were stopped: 0.0004542 seconds, Stopping threads took: 0.0002466 seconds
[2021-12-31T03:19:04.051+0000][1][safepoint    ] Application time: 1.0014074 seconds
[2021-12-31T03:19:04.052+0000][1][safepoint    ] Entering safepoint region: Cleanup
[2021-12-31T03:19:04.052+0000][1][safepoint    ] Leaving safepoint region
[2021-12-31T03:19:04.052+0000][1][safepoint    ] Total time for which application threads were stopped: 0.0004885 seconds, Stopping threads took: 0.0002112 seconds
[2021-12-31T03:19:05.055+0000][1][safepoint    ] Application time: 1.0023326 seconds
[2021-12-31T03:19:05.055+0000][1][safepoint    ] Entering safepoint region: Cleanup
[2021-12-31T03:19:05.055+0000][1][safepoint    ] Leaving safepoint region
[2021-12-31T03:19:05.055+0000][1][safepoint    ] Total time for which application threads were stopped: 0.0003492 seconds, Stopping threads took: 0.0001674 seconds
[2021-12-31T03:19:06.056+0000][1][safepoint    ] Application time: 1.0003763 seconds
[2021-12-31T03:19:06.056+0000][1][safepoint    ] Entering safepoint region: Cleanup
[2021-12-31T03:19:06.056+0000][1][safepoint    ] Leaving safepoint region
[2021-12-31T03:19:06.056+0000][1][safepoint    ] Total time for which application threads were stopped: 0.0002310 seconds, Stopping threads took: 0.0001006 seconds
[2021-12-31T03:19:07.057+0000][1][safepoint    ] Application time: 1.0007016 seconds
[2021-12-31T03:19:07.057+0000][1][safepoint    ] Entering safepoint region: Cleanup
[2021-12-31T03:19:07.057+0000][1][safepoint    ] Leaving safepoint region
[2021-12-31T03:19:07.057+0000][1][safepoint    ] Total time for which application threads were stopped: 0.0002281 seconds, Stopping threads took: 0.0000999 seconds
[2021-12-31T03:19:08.058+0000][1][safepoint    ] Application time: 1.0003409 seconds
[2021-12-31T03:19:08.058+0000][1][safepoint    ] Entering safepoint region: Cleanup
[2021-12-31T03:19:08.058+0000][1][safepoint    ] Leaving safepoint region
[2021-12-31T03:19:08.058+0000][1][safepoint    ] Total time for which application threads were stopped: 0.0002193 seconds, Stopping threads took: 0.0000969 seconds
[2021-12-31T03:19:09.060+0000][1][safepoint    ] Application time: 1.0012817 seconds
[2021-12-31T03:19:09.060+0000][1][safepoint    ] Entering safepoint region: Cleanup
[2021-12-31T03:19:09.060+0000][1][safepoint    ] Leaving safepoint region
[2021-12-31T03:19:09.060+0000][1][safepoint    ] Total time for which application threads were stopped: 0.0002438 seconds, Stopping threads took: 0.0001066 seconds
[2021-12-31T03:19:10.061+0000][1][safepoint    ] Application time: 1.0003634 seconds
[2021-12-31T03:19:10.061+0000][1][safepoint    ] Entering safepoint region: Cleanup
[2021-12-31T03:19:10.061+0000][1][safepoint    ] Leaving safepoint region
[2021-12-31T03:19:10.061+0000][1][safepoint    ] Total time for which application threads were stopped: 0.0002214 seconds, Stopping threads took: 0.0000952 seconds
[2021-12-31T03:19:11.063+0000][1][safepoint    ] Application time: 1.0024054 seconds
[2021-12-31T03:19:11.064+0000][1][safepoint    ] Entering safepoint region: Cleanup
[2021-12-31T03:19:11.064+0000][1][safepoint    ] Leaving safepoint region
[2021-12-31T03:19:11.064+0000][1][safepoint    ] Total time for which application threads were stopped: 0.0002429 seconds, Stopping threads took: 0.0001056 seconds
[2021-12-31T03:19:12.066+0000][1][safepoint    ] Application time: 1.0024065 seconds
[2021-12-31T03:19:12.067+0000][1][safepoint    ] Entering safepoint region: Cleanup
[2021-12-31T03:19:12.067+0000][1][safepoint    ] Leaving safepoint region
[2021-12-31T03:19:12.067+0000][1][safepoint    ] Total time for which application threads were stopped: 0.0002492 seconds, Stopping threads took: 0.0001237 seconds
[2021-12-31T03:19:13.068+0000][1][safepoint    ] Application time: 1.0006102 seconds
[2021-12-31T03:19:13.068+0000][1][safepoint    ] Entering safepoint region: Cleanup
[2021-12-31T03:19:13.068+0000][1][safepoint    ] Leaving safepoint region
[2021-12-31T03:19:13.068+0000][1][safepoint    ] Total time for which application threads were stopped: 0.0002017 seconds, Stopping threads took: 0.0000888 seconds
[2021-12-31T03:19:14.068+0000][1][safepoint    ] Application time: 1.0002674 seconds
[2021-12-31T03:19:14.069+0000][1][safepoint    ] Entering safepoint region: Cleanup
[2021-12-31T03:19:14.069+0000][1][safepoint    ] Leaving safepoint region
[2021-12-31T03:19:14.069+0000][1][safepoint    ] Total time for which application threads were stopped: 0.0002560 seconds, Stopping threads took: 0.0001014 seconds
[2021-12-31T03:19:15.007+0000][1][safepoint    ] Application time: 0.9382732 seconds
[2021-12-31T03:19:15.007+0000][1][safepoint    ] Entering safepoint region: GenCollectForAllocation
[2021-12-31T03:19:15.008+0000][1][gc,start     ] GC(45) Pause Young (Allocation Failure)
[2021-12-31T03:19:15.008+0000][1][gc,task      ] GC(45) Using 1 workers of 1 for evacuation
[2021-12-31T03:19:15.013+0000][1][gc,age       ] GC(45) Desired survivor size 4358144 bytes, new threshold 6 (max threshold 6)
[2021-12-31T03:19:15.014+0000][1][gc,age       ] GC(45) Age table with threshold 6 (max threshold 6)
[2021-12-31T03:19:15.014+0000][1][gc,age       ] GC(45) - age   1:      16312 bytes,      16312 total
[2021-12-31T03:19:15.014+0000][1][gc,age       ] GC(45) - age   2:        448 bytes,      16760 total
[2021-12-31T03:19:15.014+0000][1][gc,age       ] GC(45) - age   3:       1168 bytes,      17928 total
[2021-12-31T03:19:15.014+0000][1][gc,age       ] GC(45) - age   5:        408 bytes,      18336 total
[2021-12-31T03:19:15.014+0000][1][gc,age       ] GC(45) - age   6:       5952 bytes,      24288 total
[2021-12-31T03:19:15.014+0000][1][gc,heap      ] GC(45) ParNew: 68202K->30K(76672K)
[2021-12-31T03:19:15.014+0000][1][gc,heap      ] GC(45) CMS: 127739K->127741K(439104K)
[2021-12-31T03:19:15.014+0000][1][gc,metaspace ] GC(45) Metaspace: 73565K->73565K(1116160K)
[2021-12-31T03:19:15.014+0000][1][gc           ] GC(45) Pause Young (Allocation Failure) 191M->124M(503M) 6.774ms
[2021-12-31T03:19:15.015+0000][1][gc,cpu       ] GC(45) User=0.00s Sys=0.00s Real=0.01s
[2021-12-31T03:19:15.015+0000][1][safepoint    ] Leaving safepoint region
[2021-12-31T03:19:15.015+0000][1][safepoint    ] Total time for which application threads were stopped: 0.0073534 seconds, Stopping threads took: 0.0001990 seconds
[2021-12-31T03:19:16.018+0000][1][safepoint    ] Application time: 1.0033649 seconds
[2021-12-31T03:19:16.018+0000][1][safepoint    ] Entering safepoint region: Cleanup
[2021-12-31T03:19:16.019+0000][1][safepoint    ] Leaving safepoint region
[2021-12-31T03:19:16.019+0000][1][safepoint    ] Total time for which application threads were stopped: 0.0003746 seconds, Stopping threads took: 0.0001498 seconds
[2021-12-31T03:19:17.021+0000][1][safepoint    ] Application time: 1.0023600 seconds
[2021-12-31T03:19:17.022+0000][1][safepoint    ] Entering safepoint region: Cleanup
[2021-12-31T03:19:17.022+0000][1][safepoint    ] Leaving safepoint region
[2021-12-31T03:19:17.022+0000][1][safepoint    ] Total time for which application threads were stopped: 0.0003456 seconds, Stopping threads took: 0.0001501 seconds
[2021-12-31T03:19:18.023+0000][1][safepoint    ] Application time: 1.0012960 seconds
[2021-12-31T03:19:18.025+0000][1][safepoint    ] Entering safepoint region: Cleanup
[2021-12-31T03:19:18.026+0000][1][safepoint    ] Leaving safepoint region
[2021-12-31T03:19:18.026+0000][1][safepoint    ] Total time for which application threads were stopped: 0.0015834 seconds, Stopping threads took: 0.0007569 seconds
[2021-12-31T03:19:18.029+0000][1][safepoint    ] Application time: 0.0026602 seconds
[2021-12-31T03:19:18.030+0000][1][safepoint    ] Entering safepoint region: RevokeBias
[2021-12-31T03:19:18.030+0000][1][safepoint    ] Leaving safepoint region
[2021-12-31T03:19:18.030+0000][1][safepoint    ] Total time for which application threads were stopped: 0.0006577 seconds, Stopping threads took: 0.0001783 seconds
[2021-12-31T03:19:19.033+0000][1][safepoint    ] Application time: 1.0025350 seconds
[2021-12-31T03:19:19.033+0000][1][safepoint    ] Entering safepoint region: Cleanup
[2021-12-31T03:19:19.034+0000][1][safepoint    ] Leaving safepoint region
[2021-12-31T03:19:19.034+0000][1][safepoint    ] Total time for which application threads were stopped: 0.0002433 seconds, Stopping threads took: 0.0001048 seconds
[2021-12-31T03:19:20.038+0000][1][safepoint    ] Application time: 1.0044430 seconds
[2021-12-31T03:19:20.038+0000][1][safepoint    ] Entering safepoint region: Cleanup
[2021-12-31T03:19:20.038+0000][1][safepoint    ] Leaving safepoint region
[2021-12-31T03:19:20.039+0000][1][safepoint    ] Total time for which application threads were stopped: 0.0002251 seconds, Stopping threads took: 0.0000874 seconds
[2021-12-31T03:19:21.040+0000][1][safepoint    ] Application time: 1.0010369 seconds
[2021-12-31T03:19:21.040+0000][1][safepoint    ] Entering safepoint region: Cleanup
[2021-12-31T03:19:21.040+0000][1][safepoint    ] Leaving safepoint region
[2021-12-31T03:19:21.040+0000][1][safepoint    ] Total time for which application threads were stopped: 0.0002246 seconds, Stopping threads took: 0.0000955 seconds
[2021-12-31T03:19:22.041+0000][1][safepoint    ] Application time: 1.0006722 seconds
[2021-12-31T03:19:22.041+0000][1][safepoint    ] Entering safepoint region: Cleanup
[2021-12-31T03:19:22.041+0000][1][safepoint    ] Leaving safepoint region
[2021-12-31T03:19:22.041+0000][1][safepoint    ] Total time for which application threads were stopped: 0.0002409 seconds, Stopping threads took: 0.0001029 seconds
[2021-12-31T03:19:23.043+0000][1][safepoint    ] Application time: 1.0014987 seconds
[2021-12-31T03:19:23.043+0000][1][safepoint    ] Entering safepoint region: Cleanup
[2021-12-31T03:19:23.044+0000][1][safepoint    ] Leaving safepoint region
[2021-12-31T03:19:23.044+0000][1][safepoint    ] Total time for which application threads were stopped: 0.0005167 seconds, Stopping threads took: 0.0002416 seconds
[2021-12-31T03:19:24.045+0000][1][safepoint    ] Application time: 1.0008951 seconds
[2021-12-31T03:19:24.046+0000][1][safepoint    ] Entering safepoint region: Cleanup
[2021-12-31T03:19:24.046+0000][1][safepoint    ] Leaving safepoint region
[2021-12-31T03:19:24.046+0000][1][safepoint    ] Total time for which application threads were stopped: 0.0006228 seconds, Stopping threads took: 0.0002947 seconds
[2021-12-31T03:19:25.049+0000][1][safepoint    ] Application time: 1.0022541 seconds
[2021-12-31T03:19:25.049+0000][1][safepoint    ] Entering safepoint region: Cleanup
[2021-12-31T03:19:25.049+0000][1][safepoint    ] Leaving safepoint region
[2021-12-31T03:19:25.049+0000][1][safepoint    ] Total time for which application threads were stopped: 0.0002937 seconds, Stopping threads took: 0.0000861 seconds
[2021-12-31T03:19:26.051+0000][1][safepoint    ] Application time: 1.0014540 seconds
[2021-12-31T03:19:26.051+0000][1][safepoint    ] Entering safepoint region: Cleanup
[2021-12-31T03:19:26.051+0000][1][safepoint    ] Leaving safepoint region
[2021-12-31T03:19:26.051+0000][1][safepoint    ] Total time for which application threads were stopped: 0.0002261 seconds, Stopping threads took: 0.0000994 seconds
[2021-12-31T03:19:27.064+0000][1][safepoint    ] Application time: 1.0133224 seconds
[2021-12-31T03:19:27.065+0000][1][safepoint    ] Entering safepoint region: Cleanup
[2021-12-31T03:19:27.065+0000][1][safepoint    ] Leaving safepoint region
[2021-12-31T03:19:27.066+0000][1][safepoint    ] Total time for which application threads were stopped: 0.0008440 seconds, Stopping threads took: 0.0001841 seconds
[2021-12-31T03:19:28.075+0000][1][safepoint    ] Application time: 1.0093158 seconds
[2021-12-31T03:19:28.076+0000][1][safepoint    ] Entering safepoint region: Cleanup
[2021-12-31T03:19:28.076+0000][1][safepoint    ] Leaving safepoint region
[2021-12-31T03:19:28.076+0000][1][safepoint    ] Total time for which application threads were stopped: 0.0005280 seconds, Stopping threads took: 0.0002546 seconds
[2021-12-31T03:19:29.089+0000][1][safepoint    ] Application time: 1.0124754 seconds
[2021-12-31T03:19:29.089+0000][1][safepoint    ] Entering safepoint region: Cleanup
[2021-12-31T03:19:29.090+0000][1][safepoint    ] Leaving safepoint region
[2021-12-31T03:19:29.090+0000][1][safepoint    ] Total time for which application threads were stopped: 0.0006733 seconds, Stopping threads took: 0.0003095 seconds
[2021-12-31T03:19:30.093+0000][1][safepoint    ] Application time: 1.0027298 seconds
[2021-12-31T03:19:30.093+0000][1][safepoint    ] Entering safepoint region: Cleanup
[2021-12-31T03:19:30.093+0000][1][safepoint    ] Leaving safepoint region
[2021-12-31T03:19:30.093+0000][1][safepoint    ] Total time for which application threads were stopped: 0.0002055 seconds, Stopping threads took: 0.0000879 seconds
[2021-12-31T03:19:31.096+0000][1][safepoint    ] Application time: 1.0021456 seconds
[2021-12-31T03:19:31.096+0000][1][safepoint    ] Entering safepoint region: Cleanup
[2021-12-31T03:19:31.096+0000][1][safepoint    ] Leaving safepoint region
[2021-12-31T03:19:31.096+0000][1][safepoint    ] Total time for which application threads were stopped: 0.0002372 seconds, Stopping threads took: 0.0000965 seconds
[2021-12-31T03:19:32.099+0000][1][safepoint    ] Application time: 1.0023813 seconds
[2021-12-31T03:19:32.099+0000][1][safepoint    ] Entering safepoint region: Cleanup
[2021-12-31T03:19:32.099+0000][1][safepoint    ] Leaving safepoint region
[2021-12-31T03:19:32.099+0000][1][safepoint    ] Total time for which application threads were stopped: 0.0003025 seconds, Stopping threads took: 0.0001414 seconds
[2021-12-31T03:19:33.101+0000][1][safepoint    ] Application time: 1.0018166 seconds
[2021-12-31T03:19:33.101+0000][1][safepoint    ] Entering safepoint region: Cleanup
[2021-12-31T03:19:33.101+0000][1][safepoint    ] Leaving safepoint region
[2021-12-31T03:19:33.101+0000][1][safepoint    ] Total time for which application threads were stopped: 0.0002325 seconds, Stopping threads took: 0.0001007 seconds
[2021-12-31T03:19:34.104+0000][1][safepoint    ] Application time: 1.0022160 seconds
[2021-12-31T03:19:34.104+0000][1][safepoint    ] Entering safepoint region: Cleanup
[2021-12-31T03:19:34.104+0000][1][safepoint    ] Leaving safepoint region
[2021-12-31T03:19:34.104+0000][1][safepoint    ] Total time for which application threads were stopped: 0.0002040 seconds, Stopping threads took: 0.0000911 seconds
[2021-12-31T03:19:35.107+0000][1][safepoint    ] Application time: 1.0028019 seconds
[2021-12-31T03:19:35.107+0000][1][safepoint    ] Entering safepoint region: Cleanup
[2021-12-31T03:19:35.108+0000][1][safepoint    ] Leaving safepoint region
[2021-12-31T03:19:35.108+0000][1][safepoint    ] Total time for which application threads were stopped: 0.0004658 seconds, Stopping threads took: 0.0001908 seconds
[2021-12-31T03:19:36.109+0000][1][safepoint    ] Application time: 1.0012103 seconds
[2021-12-31T03:19:36.110+0000][1][safepoint    ] Entering safepoint region: Cleanup
[2021-12-31T03:19:36.110+0000][1][safepoint    ] Leaving safepoint region
[2021-12-31T03:19:36.110+0000][1][safepoint    ] Total time for which application threads were stopped: 0.0006203 seconds, Stopping threads took: 0.0002557 seconds
[2021-12-31T03:19:37.114+0000][1][safepoint    ] Application time: 1.0037871 seconds
[2021-12-31T03:19:37.115+0000][1][safepoint    ] Entering safepoint region: Cleanup
[2021-12-31T03:19:37.115+0000][1][safepoint    ] Leaving safepoint region
[2021-12-31T03:19:37.115+0000][1][safepoint    ] Total time for which application threads were stopped: 0.0006124 seconds, Stopping threads took: 0.0002607 seconds
[2021-12-31T03:19:38.116+0000][1][safepoint    ] Application time: 1.0010570 seconds
[2021-12-31T03:19:38.117+0000][1][safepoint    ] Entering safepoint region: Cleanup
[2021-12-31T03:19:38.117+0000][1][safepoint    ] Leaving safepoint region
[2021-12-31T03:19:38.117+0000][1][safepoint    ] Total time for which application threads were stopped: 0.0003132 seconds, Stopping threads took: 0.0001035 seconds
[2021-12-31T03:19:39.120+0000][1][safepoint    ] Application time: 1.0026037 seconds
[2021-12-31T03:19:39.120+0000][1][safepoint    ] Entering safepoint region: Cleanup
[2021-12-31T03:19:39.120+0000][1][safepoint    ] Leaving safepoint region
[2021-12-31T03:19:39.120+0000][1][safepoint    ] Total time for which application threads were stopped: 0.0002482 seconds, Stopping threads took: 0.0001080 seconds
[2021-12-31T03:19:40.121+0000][1][safepoint    ] Application time: 1.0008041 seconds
[2021-12-31T03:19:40.121+0000][1][safepoint    ] Entering safepoint region: Cleanup
[2021-12-31T03:19:40.121+0000][1][safepoint    ] Leaving safepoint region
[2021-12-31T03:19:40.121+0000][1][safepoint    ] Total time for which application threads were stopped: 0.0002387 seconds, Stopping threads took: 0.0001052 seconds
[2021-12-31T03:19:41.125+0000][1][safepoint    ] Application time: 1.0031562 seconds
[2021-12-31T03:19:41.125+0000][1][safepoint    ] Entering safepoint region: Cleanup
[2021-12-31T03:19:41.125+0000][1][safepoint    ] Leaving safepoint region
[2021-12-31T03:19:41.125+0000][1][safepoint    ] Total time for which application threads were stopped: 0.0002466 seconds, Stopping threads took: 0.0001101 seconds
[2021-12-31T03:19:42.128+0000][1][safepoint    ] Application time: 1.0025350 seconds
[2021-12-31T03:19:42.128+0000][1][safepoint    ] Entering safepoint region: Cleanup
[2021-12-31T03:19:42.128+0000][1][safepoint    ] Leaving safepoint region
[2021-12-31T03:19:42.128+0000][1][safepoint    ] Total time for which application threads were stopped: 0.0002435 seconds, Stopping threads took: 0.0001035 seconds
[2021-12-31T03:19:43.128+0000][1][safepoint    ] Application time: 1.0001843 seconds
[2021-12-31T03:19:43.129+0000][1][safepoint    ] Entering safepoint region: Cleanup
[2021-12-31T03:19:43.129+0000][1][safepoint    ] Leaving safepoint region
[2021-12-31T03:19:43.129+0000][1][safepoint    ] Total time for which application threads were stopped: 0.0002238 seconds, Stopping threads took: 0.0000993 seconds
[2021-12-31T03:19:44.131+0000][1][safepoint    ] Application time: 1.0024909 seconds
[2021-12-31T03:19:44.132+0000][1][safepoint    ] Entering safepoint region: Cleanup
[2021-12-31T03:19:44.132+0000][1][safepoint    ] Leaving safepoint region
[2021-12-31T03:19:44.132+0000][1][safepoint    ] Total time for which application threads were stopped: 0.0002301 seconds, Stopping threads took: 0.0000990 seconds
[2021-12-31T03:19:45.134+0000][1][safepoint    ] Application time: 1.0022204 seconds
[2021-12-31T03:19:45.135+0000][1][safepoint    ] Entering safepoint region: Cleanup
[2021-12-31T03:19:45.135+0000][1][safepoint    ] Leaving safepoint region
[2021-12-31T03:19:45.135+0000][1][safepoint    ] Total time for which application threads were stopped: 0.0004493 seconds, Stopping threads took: 0.0001942 seconds
[2021-12-31T03:19:46.138+0000][1][safepoint    ] Application time: 1.0030617 seconds
[2021-12-31T03:19:46.138+0000][1][safepoint    ] Entering safepoint region: Cleanup
[2021-12-31T03:19:46.139+0000][1][safepoint    ] Leaving safepoint region
[2021-12-31T03:19:46.139+0000][1][safepoint    ] Total time for which application threads were stopped: 0.0002291 seconds, Stopping threads took: 0.0001001 seconds
[2021-12-31T03:19:47.140+0000][1][safepoint    ] Application time: 1.0010968 seconds
[2021-12-31T03:19:47.140+0000][1][safepoint    ] Entering safepoint region: Cleanup
[2021-12-31T03:19:47.140+0000][1][safepoint    ] Leaving safepoint region
[2021-12-31T03:19:47.141+0000][1][safepoint    ] Total time for which application threads were stopped: 0.0003984 seconds, Stopping threads took: 0.0001813 seconds
[2021-12-31T03:19:48.143+0000][1][safepoint    ] Application time: 1.0022582 seconds
[2021-12-31T03:19:48.143+0000][1][safepoint    ] Entering safepoint region: Cleanup
[2021-12-31T03:19:48.143+0000][1][safepoint    ] Leaving safepoint region
[2021-12-31T03:19:48.143+0000][1][safepoint    ] Total time for which application threads were stopped: 0.0002067 seconds, Stopping threads took: 0.0000885 seconds
[2021-12-31T03:19:49.145+0000][1][safepoint    ] Application time: 1.0011090 seconds
[2021-12-31T03:19:49.145+0000][1][safepoint    ] Entering safepoint region: Cleanup
[2021-12-31T03:19:49.145+0000][1][safepoint    ] Leaving safepoint region
[2021-12-31T03:19:49.145+0000][1][safepoint    ] Total time for which application threads were stopped: 0.0004993 seconds, Stopping threads took: 0.0002150 seconds
[2021-12-31T03:19:50.148+0000][1][safepoint    ] Application time: 1.0026326 seconds
[2021-12-31T03:19:50.148+0000][1][safepoint    ] Entering safepoint region: Cleanup
[2021-12-31T03:19:50.149+0000][1][safepoint    ] Leaving safepoint region
[2021-12-31T03:19:50.149+0000][1][safepoint    ] Total time for which application threads were stopped: 0.0002504 seconds, Stopping threads took: 0.0001094 seconds
[2021-12-31T03:19:51.152+0000][1][safepoint    ] Application time: 1.0034314 seconds
[2021-12-31T03:19:51.152+0000][1][safepoint    ] Entering safepoint region: Cleanup
[2021-12-31T03:19:51.153+0000][1][safepoint    ] Leaving safepoint region
[2021-12-31T03:19:51.153+0000][1][safepoint    ] Total time for which application threads were stopped: 0.0002280 seconds, Stopping threads took: 0.0000983 seconds
[2021-12-31T03:19:52.157+0000][1][safepoint    ] Application time: 1.0038923 seconds
[2021-12-31T03:19:52.157+0000][1][safepoint    ] Entering safepoint region: Cleanup
[2021-12-31T03:19:52.157+0000][1][safepoint    ] Leaving safepoint region
[2021-12-31T03:19:52.157+0000][1][safepoint    ] Total time for which application threads were stopped: 0.0004092 seconds, Stopping threads took: 0.0001754 seconds
[2021-12-31T03:19:53.161+0000][1][safepoint    ] Application time: 1.0034952 seconds
[2021-12-31T03:19:53.161+0000][1][safepoint    ] Entering safepoint region: Cleanup
[2021-12-31T03:19:53.162+0000][1][safepoint    ] Leaving safepoint region
[2021-12-31T03:19:53.162+0000][1][safepoint    ] Total time for which application threads were stopped: 0.0005509 seconds, Stopping threads took: 0.0002409 seconds
[2021-12-31T03:19:54.164+0000][1][safepoint    ] Application time: 1.0022284 seconds
[2021-12-31T03:19:54.164+0000][1][safepoint    ] Entering safepoint region: Cleanup
[2021-12-31T03:19:54.165+0000][1][safepoint    ] Leaving safepoint region
[2021-12-31T03:19:54.165+0000][1][safepoint    ] Total time for which application threads were stopped: 0.0002392 seconds, Stopping threads took: 0.0001037 seconds
[2021-12-31T03:19:55.167+0000][1][safepoint    ] Application time: 1.0022973 seconds
[2021-12-31T03:19:55.167+0000][1][safepoint    ] Entering safepoint region: Cleanup
[2021-12-31T03:19:55.168+0000][1][safepoint    ] Leaving safepoint region
[2021-12-31T03:19:55.168+0000][1][safepoint    ] Total time for which application threads were stopped: 0.0006218 seconds, Stopping threads took: 0.0002046 seconds
[2021-12-31T03:19:56.171+0000][1][safepoint    ] Application time: 1.0030892 seconds
[2021-12-31T03:19:56.172+0000][1][safepoint    ] Entering safepoint region: Cleanup
[2021-12-31T03:19:56.172+0000][1][safepoint    ] Leaving safepoint region
[2021-12-31T03:19:56.172+0000][1][safepoint    ] Total time for which application threads were stopped: 0.0007503 seconds, Stopping threads took: 0.0003423 seconds
[2021-12-31T03:19:57.175+0000][1][safepoint    ] Application time: 1.0019230 seconds
[2021-12-31T03:19:57.175+0000][1][safepoint    ] Entering safepoint region: Cleanup
[2021-12-31T03:19:57.175+0000][1][safepoint    ] Leaving safepoint region
[2021-12-31T03:19:57.175+0000][1][safepoint    ] Total time for which application threads were stopped: 0.0002385 seconds, Stopping threads took: 0.0001053 seconds
[2021-12-31T03:19:58.178+0000][1][safepoint    ] Application time: 1.0025135 seconds
[2021-12-31T03:19:58.178+0000][1][safepoint    ] Entering safepoint region: Cleanup
[2021-12-31T03:19:58.178+0000][1][safepoint    ] Leaving safepoint region
[2021-12-31T03:19:58.179+0000][1][safepoint    ] Total time for which application threads were stopped: 0.0005265 seconds, Stopping threads took: 0.0002354 seconds
[2021-12-31T03:19:59.182+0000][1][safepoint    ] Application time: 1.0034636 seconds
[2021-12-31T03:19:59.183+0000][1][safepoint    ] Entering safepoint region: Cleanup
[2021-12-31T03:19:59.183+0000][1][safepoint    ] Leaving safepoint region
[2021-12-31T03:19:59.183+0000][1][safepoint    ] Total time for which application threads were stopped: 0.0002554 seconds, Stopping threads took: 0.0001178 seconds
[2021-12-31T03:20:00.186+0000][1][safepoint    ] Application time: 1.0033695 seconds
[2021-12-31T03:20:00.187+0000][1][safepoint    ] Entering safepoint region: Cleanup
[2021-12-31T03:20:00.187+0000][1][safepoint    ] Leaving safepoint region
[2021-12-31T03:20:00.187+0000][1][safepoint    ] Total time for which application threads were stopped: 0.0002934 seconds, Stopping threads took: 0.0001230 seconds
[2021-12-31T03:20:01.188+0000][1][safepoint    ] Application time: 1.0010155 seconds
[2021-12-31T03:20:01.188+0000][1][safepoint    ] Entering safepoint region: Cleanup
[2021-12-31T03:20:01.189+0000][1][safepoint    ] Leaving safepoint region
[2021-12-31T03:20:01.189+0000][1][safepoint    ] Total time for which application threads were stopped: 0.0002237 seconds, Stopping threads took: 0.0000934 seconds
[2021-12-31T03:20:02.190+0000][1][safepoint    ] Application time: 1.0014983 seconds
[2021-12-31T03:20:02.190+0000][1][safepoint    ] Entering safepoint region: Cleanup
[2021-12-31T03:20:02.191+0000][1][safepoint    ] Leaving safepoint region
[2021-12-31T03:20:02.191+0000][1][safepoint    ] Total time for which application threads were stopped: 0.0002728 seconds, Stopping threads took: 0.0001208 seconds
[2021-12-31T03:20:03.193+0000][1][safepoint    ] Application time: 1.0024336 seconds
[2021-12-31T03:20:03.194+0000][1][safepoint    ] Entering safepoint region: Cleanup
[2021-12-31T03:20:03.194+0000][1][safepoint    ] Leaving safepoint region
[2021-12-31T03:20:03.194+0000][1][safepoint    ] Total time for which application threads were stopped: 0.0005443 seconds, Stopping threads took: 0.0002069 seconds
[2021-12-31T03:20:04.196+0000][1][safepoint    ] Application time: 1.0019655 seconds
[2021-12-31T03:20:04.197+0000][1][safepoint    ] Entering safepoint region: Cleanup
[2021-12-31T03:20:04.197+0000][1][safepoint    ] Leaving safepoint region
[2021-12-31T03:20:04.197+0000][1][safepoint    ] Total time for which application threads were stopped: 0.0004519 seconds, Stopping threads took: 0.0001966 seconds
[2021-12-31T03:20:05.200+0000][1][safepoint    ] Application time: 1.0027726 seconds
[2021-12-31T03:20:05.200+0000][1][safepoint    ] Entering safepoint region: Cleanup
[2021-12-31T03:20:05.201+0000][1][safepoint    ] Leaving safepoint region
[2021-12-31T03:20:05.201+0000][1][safepoint    ] Total time for which application threads were stopped: 0.0005204 seconds, Stopping threads took: 0.0001979 seconds
[2021-12-31T03:20:06.202+0000][1][safepoint    ] Application time: 1.0004656 seconds
[2021-12-31T03:20:06.202+0000][1][safepoint    ] Entering safepoint region: Cleanup
[2021-12-31T03:20:06.202+0000][1][safepoint    ] Leaving safepoint region
[2021-12-31T03:20:06.202+0000][1][safepoint    ] Total time for which application threads were stopped: 0.0002364 seconds, Stopping threads took: 0.0000932 seconds
[2021-12-31T03:20:07.204+0000][1][safepoint    ] Application time: 1.0020023 seconds
[2021-12-31T03:20:07.205+0000][1][safepoint    ] Entering safepoint region: Cleanup
[2021-12-31T03:20:07.205+0000][1][safepoint    ] Leaving safepoint region
[2021-12-31T03:20:07.205+0000][1][safepoint    ] Total time for which application threads were stopped: 0.0002321 seconds, Stopping threads took: 0.0001127 seconds
[2021-12-31T03:20:08.208+0000][1][safepoint    ] Application time: 1.0032833 seconds
[2021-12-31T03:20:08.208+0000][1][safepoint    ] Entering safepoint region: Cleanup
[2021-12-31T03:20:08.209+0000][1][safepoint    ] Leaving safepoint region
[2021-12-31T03:20:08.209+0000][1][safepoint    ] Total time for which application threads were stopped: 0.0004912 seconds, Stopping threads took: 0.0002041 seconds
[2021-12-31T03:20:09.213+0000][1][safepoint    ] Application time: 1.0037861 seconds
[2021-12-31T03:20:09.213+0000][1][safepoint    ] Entering safepoint region: Cleanup
[2021-12-31T03:20:09.214+0000][1][safepoint    ] Leaving safepoint region
[2021-12-31T03:20:09.214+0000][1][safepoint    ] Total time for which application threads were stopped: 0.0007403 seconds, Stopping threads took: 0.0002447 seconds
[2021-12-31T03:20:10.215+0000][1][safepoint    ] Application time: 1.0009929 seconds
[2021-12-31T03:20:10.215+0000][1][safepoint    ] Entering safepoint region: Cleanup
[2021-12-31T03:20:10.216+0000][1][safepoint    ] Leaving safepoint region
[2021-12-31T03:20:10.216+0000][1][safepoint    ] Total time for which application threads were stopped: 0.0002310 seconds, Stopping threads took: 0.0001008 seconds
[2021-12-31T03:20:11.408+0000][1][safepoint    ] Application time: 1.1918364 seconds
[2021-12-31T03:20:11.408+0000][1][safepoint    ] Entering safepoint region: Cleanup
[2021-12-31T03:20:11.408+0000][1][safepoint    ] Leaving safepoint region
[2021-12-31T03:20:11.408+0000][1][safepoint    ] Total time for which application threads were stopped: 0.0002587 seconds, Stopping threads took: 0.0001047 seconds
[2021-12-31T03:20:12.409+0000][1][safepoint    ] Application time: 1.0010235 seconds
[2021-12-31T03:20:12.410+0000][1][safepoint    ] Entering safepoint region: Cleanup
[2021-12-31T03:20:12.410+0000][1][safepoint    ] Leaving safepoint region
[2021-12-31T03:20:12.410+0000][1][safepoint    ] Total time for which application threads were stopped: 0.0004700 seconds, Stopping threads took: 0.0002033 seconds
[2021-12-31T03:20:13.415+0000][1][safepoint    ] Application time: 1.0043851 seconds
[2021-12-31T03:20:13.415+0000][1][safepoint    ] Entering safepoint region: Cleanup
[2021-12-31T03:20:13.415+0000][1][safepoint    ] Leaving safepoint region
[2021-12-31T03:20:13.416+0000][1][safepoint    ] Total time for which application threads were stopped: 0.0005298 seconds, Stopping threads took: 0.0002196 seconds
[2021-12-31T03:20:14.427+0000][1][safepoint    ] Application time: 1.0112034 seconds
[2021-12-31T03:20:14.427+0000][1][safepoint    ] Entering safepoint region: Cleanup
[2021-12-31T03:20:14.428+0000][1][safepoint    ] Leaving safepoint region
[2021-12-31T03:20:14.428+0000][1][safepoint    ] Total time for which application threads were stopped: 0.0005739 seconds, Stopping threads took: 0.0002348 seconds
[2021-12-31T03:20:15.433+0000][1][safepoint    ] Application time: 1.0048515 seconds
[2021-12-31T03:20:15.434+0000][1][safepoint    ] Entering safepoint region: Cleanup
[2021-12-31T03:20:15.434+0000][1][safepoint    ] Leaving safepoint region
[2021-12-31T03:20:15.434+0000][1][safepoint    ] Total time for which application threads were stopped: 0.0005830 seconds, Stopping threads took: 0.0002735 seconds
[2021-12-31T03:20:16.435+0000][1][safepoint    ] Application time: 1.0008280 seconds
[2021-12-31T03:20:16.435+0000][1][safepoint    ] Entering safepoint region: Cleanup
[2021-12-31T03:20:16.435+0000][1][safepoint    ] Leaving safepoint region
[2021-12-31T03:20:16.436+0000][1][safepoint    ] Total time for which application threads were stopped: 0.0002353 seconds, Stopping threads took: 0.0001011 seconds
[2021-12-31T03:20:17.438+0000][1][safepoint    ] Application time: 1.0019623 seconds
[2021-12-31T03:20:17.438+0000][1][safepoint    ] Entering safepoint region: Cleanup
[2021-12-31T03:20:17.438+0000][1][safepoint    ] Leaving safepoint region
[2021-12-31T03:20:17.438+0000][1][safepoint    ] Total time for which application threads were stopped: 0.0002173 seconds, Stopping threads took: 0.0000942 seconds
[2021-12-31T03:20:18.049+0000][1][safepoint    ] Application time: 0.6106679 seconds
[2021-12-31T03:20:18.050+0000][1][safepoint    ] Entering safepoint region: RevokeBias
[2021-12-31T03:20:18.050+0000][1][safepoint    ] Leaving safepoint region
[2021-12-31T03:20:18.051+0000][1][safepoint    ] Total time for which application threads were stopped: 0.0008312 seconds, Stopping threads took: 0.0002776 seconds
[2021-12-31T03:20:19.055+0000][1][safepoint    ] Application time: 1.0037806 seconds
[2021-12-31T03:20:19.055+0000][1][safepoint    ] Entering safepoint region: Cleanup
[2021-12-31T03:20:19.055+0000][1][safepoint    ] Leaving safepoint region
[2021-12-31T03:20:19.055+0000][1][safepoint    ] Total time for which application threads were stopped: 0.0002842 seconds, Stopping threads took: 0.0001240 seconds
[2021-12-31T03:20:20.059+0000][1][safepoint    ] Application time: 1.0034861 seconds
[2021-12-31T03:20:20.059+0000][1][safepoint    ] Entering safepoint region: Cleanup
[2021-12-31T03:20:20.059+0000][1][safepoint    ] Leaving safepoint region
[2021-12-31T03:20:20.059+0000][1][safepoint    ] Total time for which application threads were stopped: 0.0002096 seconds, Stopping threads took: 0.0000913 seconds
[2021-12-31T03:20:21.061+0000][1][safepoint    ] Application time: 1.0013762 seconds
[2021-12-31T03:20:21.061+0000][1][safepoint    ] Entering safepoint region: Cleanup
[2021-12-31T03:20:21.061+0000][1][safepoint    ] Leaving safepoint region
[2021-12-31T03:20:21.061+0000][1][safepoint    ] Total time for which application threads were stopped: 0.0002620 seconds, Stopping threads took: 0.0001035 seconds
[2021-12-31T03:20:22.063+0000][1][safepoint    ] Application time: 1.0011436 seconds
[2021-12-31T03:20:22.063+0000][1][safepoint    ] Entering safepoint region: Cleanup
[2021-12-31T03:20:22.063+0000][1][safepoint    ] Leaving safepoint region
[2021-12-31T03:20:22.063+0000][1][safepoint    ] Total time for which application threads were stopped: 0.0002343 seconds, Stopping threads took: 0.0001040 seconds
[2021-12-31T03:20:23.065+0000][1][safepoint    ] Application time: 1.0014728 seconds
[2021-12-31T03:20:23.065+0000][1][safepoint    ] Entering safepoint region: Cleanup
[2021-12-31T03:20:23.065+0000][1][safepoint    ] Leaving safepoint region
[2021-12-31T03:20:23.065+0000][1][safepoint    ] Total time for which application threads were stopped: 0.0002372 seconds, Stopping threads took: 0.0001008 seconds
[2021-12-31T03:20:24.068+0000][1][safepoint    ] Application time: 1.0031237 seconds
[2021-12-31T03:20:24.069+0000][1][safepoint    ] Entering safepoint region: Cleanup
[2021-12-31T03:20:24.069+0000][1][safepoint    ] Leaving safepoint region
[2021-12-31T03:20:24.069+0000][1][safepoint    ] Total time for which application threads were stopped: 0.0006056 seconds, Stopping threads took: 0.0002501 seconds
[2021-12-31T03:20:25.072+0000][1][safepoint    ] Application time: 1.0020654 seconds
[2021-12-31T03:20:25.072+0000][1][safepoint    ] Entering safepoint region: Cleanup
[2021-12-31T03:20:25.072+0000][1][safepoint    ] Leaving safepoint region
[2021-12-31T03:20:25.073+0000][1][safepoint    ] Total time for which application threads were stopped: 0.0004879 seconds, Stopping threads took: 0.0002352 seconds
[2021-12-31T03:20:26.077+0000][1][safepoint    ] Application time: 1.0039723 seconds
[2021-12-31T03:20:26.077+0000][1][safepoint    ] Entering safepoint region: Cleanup
[2021-12-31T03:20:26.078+0000][1][safepoint    ] Leaving safepoint region
[2021-12-31T03:20:26.078+0000][1][safepoint    ] Total time for which application threads were stopped: 0.0006892 seconds, Stopping threads took: 0.0003058 seconds
[2021-12-31T03:20:27.082+0000][1][safepoint    ] Application time: 1.0037086 seconds
[2021-12-31T03:20:27.082+0000][1][safepoint    ] Entering safepoint region: Cleanup
[2021-12-31T03:20:27.082+0000][1][safepoint    ] Leaving safepoint region
[2021-12-31T03:20:27.083+0000][1][safepoint    ] Total time for which application threads were stopped: 0.0004844 seconds, Stopping threads took: 0.0002217 seconds
[2021-12-31T03:20:28.084+0000][1][safepoint    ] Application time: 1.0016002 seconds
[2021-12-31T03:20:28.085+0000][1][safepoint    ] Entering safepoint region: Cleanup
[2021-12-31T03:20:28.085+0000][1][safepoint    ] Leaving safepoint region
[2021-12-31T03:20:28.085+0000][1][safepoint    ] Total time for which application threads were stopped: 0.0002688 seconds, Stopping threads took: 0.0001205 seconds
[2021-12-31T03:20:29.085+0000][1][safepoint    ] Application time: 1.0004310 seconds
[2021-12-31T03:20:29.086+0000][1][safepoint    ] Entering safepoint region: Cleanup
[2021-12-31T03:20:29.086+0000][1][safepoint    ] Leaving safepoint region
[2021-12-31T03:20:29.087+0000][1][safepoint    ] Total time for which application threads were stopped: 0.0005819 seconds, Stopping threads took: 0.0002799 seconds
[2021-12-31T03:20:30.089+0000][1][safepoint    ] Application time: 1.0021685 seconds
[2021-12-31T03:20:30.089+0000][1][safepoint    ] Entering safepoint region: Cleanup
[2021-12-31T03:20:30.089+0000][1][safepoint    ] Leaving safepoint region
[2021-12-31T03:20:30.089+0000][1][safepoint    ] Total time for which application threads were stopped: 0.0002997 seconds, Stopping threads took: 0.0001290 seconds
[2021-12-31T03:20:31.092+0000][1][safepoint    ] Application time: 1.0020533 seconds
[2021-12-31T03:20:31.092+0000][1][safepoint    ] Entering safepoint region: Cleanup
[2021-12-31T03:20:31.092+0000][1][safepoint    ] Leaving safepoint region
[2021-12-31T03:20:31.092+0000][1][safepoint    ] Total time for which application threads were stopped: 0.0002564 seconds, Stopping threads took: 0.0001223 seconds
[2021-12-31T03:20:32.096+0000][1][safepoint    ] Application time: 1.0033516 seconds
[2021-12-31T03:20:32.096+0000][1][safepoint    ] Entering safepoint region: Cleanup
[2021-12-31T03:20:32.096+0000][1][safepoint    ] Leaving safepoint region
[2021-12-31T03:20:32.096+0000][1][safepoint    ] Total time for which application threads were stopped: 0.0006986 seconds, Stopping threads took: 0.0003166 seconds
[2021-12-31T03:20:33.100+0000][1][safepoint    ] Application time: 1.0029470 seconds
[2021-12-31T03:20:33.100+0000][1][safepoint    ] Entering safepoint region: Cleanup
[2021-12-31T03:20:33.100+0000][1][safepoint    ] Leaving safepoint region
[2021-12-31T03:20:33.100+0000][1][safepoint    ] Total time for which application threads were stopped: 0.0002124 seconds, Stopping threads took: 0.0000937 seconds
[2021-12-31T03:20:34.101+0000][1][safepoint    ] Application time: 1.0013048 seconds
[2021-12-31T03:20:34.102+0000][1][safepoint    ] Entering safepoint region: Cleanup
[2021-12-31T03:20:34.102+0000][1][safepoint    ] Leaving safepoint region
[2021-12-31T03:20:34.102+0000][1][safepoint    ] Total time for which application threads were stopped: 0.0002766 seconds, Stopping threads took: 0.0001498 seconds
[2021-12-31T03:20:35.104+0000][1][safepoint    ] Application time: 1.0022763 seconds
[2021-12-31T03:20:35.105+0000][1][safepoint    ] Entering safepoint region: Cleanup
[2021-12-31T03:20:35.105+0000][1][safepoint    ] Leaving safepoint region
[2021-12-31T03:20:35.105+0000][1][safepoint    ] Total time for which application threads were stopped: 0.0004617 seconds, Stopping threads took: 0.0002126 seconds
[2021-12-31T03:20:36.108+0000][1][safepoint    ] Application time: 1.0024938 seconds
[2021-12-31T03:20:36.108+0000][1][safepoint    ] Entering safepoint region: Cleanup
[2021-12-31T03:20:36.109+0000][1][safepoint    ] Leaving safepoint region
[2021-12-31T03:20:36.109+0000][1][safepoint    ] Total time for which application threads were stopped: 0.0007656 seconds, Stopping threads took: 0.0002695 seconds
[2021-12-31T03:20:37.112+0000][1][safepoint    ] Application time: 1.0028378 seconds
[2021-12-31T03:20:37.112+0000][1][safepoint    ] Entering safepoint region: Cleanup
[2021-12-31T03:20:37.113+0000][1][safepoint    ] Leaving safepoint region
[2021-12-31T03:20:37.113+0000][1][safepoint    ] Total time for which application threads were stopped: 0.0006917 seconds, Stopping threads took: 0.0000988 seconds
[2021-12-31T03:20:38.115+0000][1][safepoint    ] Application time: 1.0015680 seconds
[2021-12-31T03:20:38.115+0000][1][safepoint    ] Entering safepoint region: Cleanup
[2021-12-31T03:20:38.115+0000][1][safepoint    ] Leaving safepoint region
[2021-12-31T03:20:38.115+0000][1][safepoint    ] Total time for which application threads were stopped: 0.0003268 seconds, Stopping threads took: 0.0001631 seconds
[2021-12-31T03:20:39.118+0000][1][safepoint    ] Application time: 1.0026748 seconds
[2021-12-31T03:20:39.118+0000][1][safepoint    ] Entering safepoint region: Cleanup
[2021-12-31T03:20:39.119+0000][1][safepoint    ] Leaving safepoint region
[2021-12-31T03:20:39.119+0000][1][safepoint    ] Total time for which application threads were stopped: 0.0002329 seconds, Stopping threads took: 0.0001029 seconds
[2021-12-31T03:20:40.122+0000][1][safepoint    ] Application time: 1.0031735 seconds
[2021-12-31T03:20:40.122+0000][1][safepoint    ] Entering safepoint region: Cleanup
[2021-12-31T03:20:40.122+0000][1][safepoint    ] Leaving safepoint region
[2021-12-31T03:20:40.122+0000][1][safepoint    ] Total time for which application threads were stopped: 0.0002360 seconds, Stopping threads took: 0.0001013 seconds
[2021-12-31T03:20:41.125+0000][1][safepoint    ] Application time: 1.0030228 seconds
[2021-12-31T03:20:41.126+0000][1][safepoint    ] Entering safepoint region: Cleanup
[2021-12-31T03:20:41.126+0000][1][safepoint    ] Leaving safepoint region
[2021-12-31T03:20:41.126+0000][1][safepoint    ] Total time for which application threads were stopped: 0.0002602 seconds, Stopping threads took: 0.0001079 seconds
[2021-12-31T03:20:42.127+0000][1][safepoint    ] Application time: 1.0011492 seconds
[2021-12-31T03:20:42.127+0000][1][safepoint    ] Entering safepoint region: Cleanup
[2021-12-31T03:20:42.127+0000][1][safepoint    ] Leaving safepoint region
[2021-12-31T03:20:42.128+0000][1][safepoint    ] Total time for which application threads were stopped: 0.0002354 seconds, Stopping threads took: 0.0001044 seconds
[2021-12-31T03:20:43.134+0000][1][safepoint    ] Application time: 1.0060224 seconds
[2021-12-31T03:20:43.134+0000][1][safepoint    ] Entering safepoint region: Cleanup
[2021-12-31T03:20:43.134+0000][1][safepoint    ] Leaving safepoint region
[2021-12-31T03:20:43.134+0000][1][safepoint    ] Total time for which application threads were stopped: 0.0005219 seconds, Stopping threads took: 0.0002282 seconds
[2021-12-31T03:20:44.142+0000][1][safepoint    ] Application time: 1.0074758 seconds
[2021-12-31T03:20:44.142+0000][1][safepoint    ] Entering safepoint region: Cleanup
[2021-12-31T03:20:44.143+0000][1][safepoint    ] Leaving safepoint region
[2021-12-31T03:20:44.143+0000][1][safepoint    ] Total time for which application threads were stopped: 0.0003078 seconds, Stopping threads took: 0.0001394 seconds
[2021-12-31T03:20:45.152+0000][1][safepoint    ] Application time: 1.0096297 seconds
[2021-12-31T03:20:45.153+0000][1][safepoint    ] Entering safepoint region: Cleanup
[2021-12-31T03:20:45.153+0000][1][safepoint    ] Leaving safepoint region
[2021-12-31T03:20:45.153+0000][1][safepoint    ] Total time for which application threads were stopped: 0.0005509 seconds, Stopping threads took: 0.0002089 seconds
[2021-12-31T03:20:46.157+0000][1][safepoint    ] Application time: 1.0035053 seconds
[2021-12-31T03:20:46.158+0000][1][safepoint    ] Entering safepoint region: Cleanup
[2021-12-31T03:20:46.158+0000][1][safepoint    ] Leaving safepoint region
[2021-12-31T03:20:46.158+0000][1][safepoint    ] Total time for which application threads were stopped: 0.0004787 seconds, Stopping threads took: 0.0002186 seconds
[2021-12-31T03:20:47.165+0000][1][safepoint    ] Application time: 1.0070737 seconds
[2021-12-31T03:20:47.166+0000][1][safepoint    ] Entering safepoint region: Cleanup
[2021-12-31T03:20:47.166+0000][1][safepoint    ] Leaving safepoint region
[2021-12-31T03:20:47.166+0000][1][safepoint    ] Total time for which application threads were stopped: 0.0003586 seconds, Stopping threads took: 0.0001734 seconds
[2021-12-31T03:20:48.170+0000][1][safepoint    ] Application time: 1.0039772 seconds
[2021-12-31T03:20:48.171+0000][1][safepoint    ] Entering safepoint region: Cleanup
[2021-12-31T03:20:48.171+0000][1][safepoint    ] Leaving safepoint region
[2021-12-31T03:20:48.171+0000][1][safepoint    ] Total time for which application threads were stopped: 0.0003282 seconds, Stopping threads took: 0.0001505 seconds
[2021-12-31T03:20:49.183+0000][1][safepoint    ] Application time: 1.0117764 seconds
[2021-12-31T03:20:49.183+0000][1][safepoint    ] Entering safepoint region: Cleanup
[2021-12-31T03:20:49.183+0000][1][safepoint    ] Leaving safepoint region
[2021-12-31T03:20:49.183+0000][1][safepoint    ] Total time for which application threads were stopped: 0.0003298 seconds, Stopping threads took: 0.0001804 seconds
[2021-12-31T03:20:50.186+0000][1][safepoint    ] Application time: 1.0030102 seconds
[2021-12-31T03:20:50.187+0000][1][safepoint    ] Entering safepoint region: Cleanup
[2021-12-31T03:20:50.187+0000][1][safepoint    ] Leaving safepoint region
[2021-12-31T03:20:50.188+0000][1][safepoint    ] Total time for which application threads were stopped: 0.0007051 seconds, Stopping threads took: 0.0003077 seconds
[2021-12-31T03:20:51.198+0000][1][safepoint    ] Application time: 1.0105375 seconds
[2021-12-31T03:20:51.199+0000][1][safepoint    ] Entering safepoint region: Cleanup
[2021-12-31T03:20:51.199+0000][1][safepoint    ] Leaving safepoint region
[2021-12-31T03:20:51.199+0000][1][safepoint    ] Total time for which application threads were stopped: 0.0005196 seconds, Stopping threads took: 0.0002469 seconds
[2021-12-31T03:20:52.207+0000][1][safepoint    ] Application time: 1.0072166 seconds
[2021-12-31T03:20:52.207+0000][1][safepoint    ] Entering safepoint region: Cleanup
[2021-12-31T03:20:52.207+0000][1][safepoint    ] Leaving safepoint region
[2021-12-31T03:20:52.208+0000][1][safepoint    ] Total time for which application threads were stopped: 0.0005552 seconds, Stopping threads took: 0.0002412 seconds
[2021-12-31T03:20:53.215+0000][1][safepoint    ] Application time: 1.0068178 seconds
[2021-12-31T03:20:53.215+0000][1][safepoint    ] Entering safepoint region: Cleanup
[2021-12-31T03:20:53.215+0000][1][safepoint    ] Leaving safepoint region
[2021-12-31T03:20:53.216+0000][1][safepoint    ] Total time for which application threads were stopped: 0.0005424 seconds, Stopping threads took: 0.0002278 seconds
[2021-12-31T03:20:54.226+0000][1][safepoint    ] Application time: 1.0105942 seconds
[2021-12-31T03:20:54.227+0000][1][safepoint    ] Entering safepoint region: Cleanup
[2021-12-31T03:20:54.227+0000][1][safepoint    ] Leaving safepoint region
[2021-12-31T03:20:54.227+0000][1][safepoint    ] Total time for which application threads were stopped: 0.0006564 seconds, Stopping threads took: 0.0002584 seconds
[2021-12-31T03:20:55.233+0000][1][safepoint    ] Application time: 1.0054909 seconds
[2021-12-31T03:20:55.234+0000][1][safepoint    ] Entering safepoint region: Cleanup
[2021-12-31T03:20:55.234+0000][1][safepoint    ] Leaving safepoint region
[2021-12-31T03:20:55.234+0000][1][safepoint    ] Total time for which application threads were stopped: 0.0009508 seconds, Stopping threads took: 0.0006328 seconds
[2021-12-31T03:20:56.246+0000][1][safepoint    ] Application time: 1.0112618 seconds
[2021-12-31T03:20:56.246+0000][1][safepoint    ] Entering safepoint region: Cleanup
[2021-12-31T03:20:56.247+0000][1][safepoint    ] Leaving safepoint region
[2021-12-31T03:20:56.247+0000][1][safepoint    ] Total time for which application threads were stopped: 0.0005909 seconds, Stopping threads took: 0.0002096 seconds
[2021-12-31T03:20:57.250+0000][1][safepoint    ] Application time: 1.0030799 seconds
[2021-12-31T03:20:57.250+0000][1][safepoint    ] Entering safepoint region: Cleanup
[2021-12-31T03:20:57.251+0000][1][safepoint    ] Leaving safepoint region
[2021-12-31T03:20:57.251+0000][1][safepoint    ] Total time for which application threads were stopped: 0.0002249 seconds, Stopping threads took: 0.0000930 seconds
[2021-12-31T03:20:58.255+0000][1][safepoint    ] Application time: 1.0039754 seconds
[2021-12-31T03:20:58.255+0000][1][safepoint    ] Entering safepoint region: Cleanup
[2021-12-31T03:20:58.255+0000][1][safepoint    ] Leaving safepoint region
[2021-12-31T03:20:58.256+0000][1][safepoint    ] Total time for which application threads were stopped: 0.0005960 seconds, Stopping threads took: 0.0002257 seconds
[2021-12-31T03:20:59.257+0000][1][safepoint    ] Application time: 1.0012928 seconds
[2021-12-31T03:20:59.258+0000][1][safepoint    ] Entering safepoint region: Cleanup
[2021-12-31T03:20:59.258+0000][1][safepoint    ] Leaving safepoint region
[2021-12-31T03:20:59.258+0000][1][safepoint    ] Total time for which application threads were stopped: 0.0004947 seconds, Stopping threads took: 0.0002092 seconds
[2021-12-31T03:21:00.259+0000][1][safepoint    ] Application time: 1.0005684 seconds
[2021-12-31T03:21:00.259+0000][1][safepoint    ] Entering safepoint region: Cleanup
[2021-12-31T03:21:00.259+0000][1][safepoint    ] Leaving safepoint region
[2021-12-31T03:21:00.260+0000][1][safepoint    ] Total time for which application threads were stopped: 0.0005039 seconds, Stopping threads took: 0.0001676 seconds
[2021-12-31T03:21:01.261+0000][1][safepoint    ] Application time: 1.0012063 seconds
[2021-12-31T03:21:01.261+0000][1][safepoint    ] Entering safepoint region: Cleanup
[2021-12-31T03:21:01.262+0000][1][safepoint    ] Leaving safepoint region
[2021-12-31T03:21:01.262+0000][1][safepoint    ] Total time for which application threads were stopped: 0.0006601 seconds, Stopping threads took: 0.0003471 seconds
[2021-12-31T03:21:02.262+0000][1][safepoint    ] Application time: 1.0002206 seconds
[2021-12-31T03:21:02.263+0000][1][safepoint    ] Entering safepoint region: Cleanup
[2021-12-31T03:21:02.263+0000][1][safepoint    ] Leaving safepoint region
[2021-12-31T03:21:02.263+0000][1][safepoint    ] Total time for which application threads were stopped: 0.0005367 seconds, Stopping threads took: 0.0002375 seconds
[2021-12-31T03:21:03.267+0000][1][safepoint    ] Application time: 1.0038583 seconds
[2021-12-31T03:21:03.268+0000][1][safepoint    ] Entering safepoint region: Cleanup
[2021-12-31T03:21:03.268+0000][1][safepoint    ] Leaving safepoint region
[2021-12-31T03:21:03.268+0000][1][safepoint    ] Total time for which application threads were stopped: 0.0003037 seconds, Stopping threads took: 0.0001678 seconds
[2021-12-31T03:21:04.271+0000][1][safepoint    ] Application time: 1.0025336 seconds
[2021-12-31T03:21:04.271+0000][1][safepoint    ] Entering safepoint region: Cleanup
[2021-12-31T03:21:04.271+0000][1][safepoint    ] Leaving safepoint region
[2021-12-31T03:21:04.272+0000][1][safepoint    ] Total time for which application threads were stopped: 0.0005713 seconds, Stopping threads took: 0.0002562 seconds
[2021-12-31T03:21:05.275+0000][1][safepoint    ] Application time: 1.0034684 seconds
[2021-12-31T03:21:05.276+0000][1][safepoint    ] Entering safepoint region: Cleanup
[2021-12-31T03:21:05.276+0000][1][safepoint    ] Leaving safepoint region
[2021-12-31T03:21:05.276+0000][1][safepoint    ] Total time for which application threads were stopped: 0.0005785 seconds, Stopping threads took: 0.0002853 seconds
[2021-12-31T03:21:06.277+0000][1][safepoint    ] Application time: 1.0002446 seconds
[2021-12-31T03:21:06.277+0000][1][safepoint    ] Entering safepoint region: Cleanup
[2021-12-31T03:21:06.277+0000][1][safepoint    ] Leaving safepoint region
[2021-12-31T03:21:06.277+0000][1][safepoint    ] Total time for which application threads were stopped: 0.0003774 seconds, Stopping threads took: 0.0001036 seconds
[2021-12-31T03:21:07.279+0000][1][safepoint    ] Application time: 1.0016973 seconds
[2021-12-31T03:21:07.279+0000][1][safepoint    ] Entering safepoint region: Cleanup
[2021-12-31T03:21:07.280+0000][1][safepoint    ] Leaving safepoint region
[2021-12-31T03:21:07.280+0000][1][safepoint    ] Total time for which application threads were stopped: 0.0006167 seconds, Stopping threads took: 0.0004072 seconds
[2021-12-31T03:21:08.281+0000][1][safepoint    ] Application time: 1.0008205 seconds
[2021-12-31T03:21:08.281+0000][1][safepoint    ] Entering safepoint region: Cleanup
[2021-12-31T03:21:08.281+0000][1][safepoint    ] Leaving safepoint region
[2021-12-31T03:21:08.281+0000][1][safepoint    ] Total time for which application threads were stopped: 0.0002398 seconds, Stopping threads took: 0.0001088 seconds
[2021-12-31T03:21:09.282+0000][1][safepoint    ] Application time: 1.0008906 seconds
[2021-12-31T03:21:09.283+0000][1][safepoint    ] Entering safepoint region: Cleanup
[2021-12-31T03:21:09.283+0000][1][safepoint    ] Leaving safepoint region
[2021-12-31T03:21:09.283+0000][1][safepoint    ] Total time for which application threads were stopped: 0.0002509 seconds, Stopping threads took: 0.0001121 seconds
[2021-12-31T03:21:11.056+0000][1][safepoint    ] Application time: 1.7726995 seconds
[2021-12-31T03:21:11.056+0000][1][safepoint    ] Entering safepoint region: Cleanup
[2021-12-31T03:21:11.056+0000][1][safepoint    ] Leaving safepoint region
[2021-12-31T03:21:11.057+0000][1][safepoint    ] Total time for which application threads were stopped: 0.0005530 seconds, Stopping threads took: 0.0002342 seconds
[2021-12-31T03:21:12.059+0000][1][safepoint    ] Application time: 1.0019309 seconds
[2021-12-31T03:21:12.059+0000][1][safepoint    ] Entering safepoint region: Cleanup
[2021-12-31T03:21:12.059+0000][1][safepoint    ] Leaving safepoint region
[2021-12-31T03:21:12.059+0000][1][safepoint    ] Total time for which application threads were stopped: 0.0002218 seconds, Stopping threads took: 0.0000959 seconds
[2021-12-31T03:21:13.060+0000][1][safepoint    ] Application time: 1.0003406 seconds
[2021-12-31T03:21:13.060+0000][1][safepoint    ] Entering safepoint region: Cleanup
[2021-12-31T03:21:13.060+0000][1][safepoint    ] Leaving safepoint region
[2021-12-31T03:21:13.060+0000][1][safepoint    ] Total time for which application threads were stopped: 0.0002648 seconds, Stopping threads took: 0.0001093 seconds
[2021-12-31T03:21:14.063+0000][1][safepoint    ] Application time: 1.0027093 seconds
[2021-12-31T03:21:14.063+0000][1][safepoint    ] Entering safepoint region: Cleanup
[2021-12-31T03:21:14.063+0000][1][safepoint    ] Leaving safepoint region
[2021-12-31T03:21:14.064+0000][1][safepoint    ] Total time for which application threads were stopped: 0.0002467 seconds, Stopping threads took: 0.0000968 seconds
[2021-12-31T03:21:15.066+0000][1][safepoint    ] Application time: 1.0019006 seconds
[2021-12-31T03:21:15.066+0000][1][safepoint    ] Entering safepoint region: Cleanup
[2021-12-31T03:21:15.066+0000][1][safepoint    ] Leaving safepoint region
[2021-12-31T03:21:15.066+0000][1][safepoint    ] Total time for which application threads were stopped: 0.0002214 seconds, Stopping threads took: 0.0000955 seconds
[2021-12-31T03:21:16.068+0000][1][safepoint    ] Application time: 1.0021012 seconds
[2021-12-31T03:21:16.069+0000][1][safepoint    ] Entering safepoint region: Cleanup
[2021-12-31T03:21:16.069+0000][1][safepoint    ] Leaving safepoint region
[2021-12-31T03:21:16.069+0000][1][safepoint    ] Total time for which application threads were stopped: 0.0005740 seconds, Stopping threads took: 0.0002752 seconds
[2021-12-31T03:21:17.071+0000][1][safepoint    ] Application time: 1.0017961 seconds
[2021-12-31T03:21:17.072+0000][1][safepoint    ] Entering safepoint region: Cleanup
[2021-12-31T03:21:17.072+0000][1][safepoint    ] Leaving safepoint region
[2021-12-31T03:21:17.072+0000][1][safepoint    ] Total time for which application threads were stopped: 0.0006319 seconds, Stopping threads took: 0.0003353 seconds
[2021-12-31T03:21:18.073+0000][1][safepoint    ] Application time: 1.0007546 seconds
[2021-12-31T03:21:18.076+0000][1][safepoint    ] Entering safepoint region: Cleanup
[2021-12-31T03:21:18.077+0000][1][safepoint    ] Leaving safepoint region
[2021-12-31T03:21:18.077+0000][1][safepoint    ] Total time for which application threads were stopped: 0.0012758 seconds, Stopping threads took: 0.0009108 seconds
[2021-12-31T03:21:18.079+0000][1][safepoint    ] Application time: 0.0014948 seconds
[2021-12-31T03:21:18.079+0000][1][safepoint    ] Entering safepoint region: RevokeBias
[2021-12-31T03:21:18.079+0000][1][safepoint    ] Leaving safepoint region
[2021-12-31T03:21:18.080+0000][1][safepoint    ] Total time for which application threads were stopped: 0.0004650 seconds, Stopping threads took: 0.0001968 seconds
[2021-12-31T03:21:19.080+0000][1][safepoint    ] Application time: 1.0006292 seconds
[2021-12-31T03:21:19.081+0000][1][safepoint    ] Entering safepoint region: Cleanup
[2021-12-31T03:21:19.081+0000][1][safepoint    ] Leaving safepoint region
[2021-12-31T03:21:19.081+0000][1][safepoint    ] Total time for which application threads were stopped: 0.0005720 seconds, Stopping threads took: 0.0002453 seconds
[2021-12-31T03:21:20.085+0000][1][safepoint    ] Application time: 1.0036082 seconds
[2021-12-31T03:21:20.086+0000][1][safepoint    ] Entering safepoint region: Cleanup
[2021-12-31T03:21:20.086+0000][1][safepoint    ] Leaving safepoint region
[2021-12-31T03:21:20.086+0000][1][safepoint    ] Total time for which application threads were stopped: 0.0006393 seconds, Stopping threads took: 0.0002614 seconds
[2021-12-31T03:21:21.087+0000][1][safepoint    ] Application time: 1.0005731 seconds
[2021-12-31T03:21:21.087+0000][1][safepoint    ] Entering safepoint region: Cleanup
[2021-12-31T03:21:21.088+0000][1][safepoint    ] Leaving safepoint region
[2021-12-31T03:21:21.088+0000][1][safepoint    ] Total time for which application threads were stopped: 0.0004421 seconds, Stopping threads took: 0.0001969 seconds
[2021-12-31T03:21:22.090+0000][1][safepoint    ] Application time: 1.0023568 seconds
[2021-12-31T03:21:22.091+0000][1][safepoint    ] Entering safepoint region: Cleanup
[2021-12-31T03:21:22.091+0000][1][safepoint    ] Leaving safepoint region
[2021-12-31T03:21:22.091+0000][1][safepoint    ] Total time for which application threads were stopped: 0.0002248 seconds, Stopping threads took: 0.0000986 seconds
[2021-12-31T03:21:23.093+0000][1][safepoint    ] Application time: 1.0020869 seconds
[2021-12-31T03:21:23.093+0000][1][safepoint    ] Entering safepoint region: Cleanup
[2021-12-31T03:21:23.094+0000][1][safepoint    ] Leaving safepoint region
[2021-12-31T03:21:23.094+0000][1][safepoint    ] Total time for which application threads were stopped: 0.0006052 seconds, Stopping threads took: 0.0002963 seconds
[2021-12-31T03:21:24.095+0000][1][safepoint    ] Application time: 1.0003921 seconds
[2021-12-31T03:21:24.095+0000][1][safepoint    ] Entering safepoint region: Cleanup
[2021-12-31T03:21:24.095+0000][1][safepoint    ] Leaving safepoint region
[2021-12-31T03:21:24.095+0000][1][safepoint    ] Total time for which application threads were stopped: 0.0003779 seconds, Stopping threads took: 0.0001748 seconds
[2021-12-31T03:21:25.096+0000][1][safepoint    ] Application time: 1.0009763 seconds
[2021-12-31T03:21:25.096+0000][1][safepoint    ] Entering safepoint region: Cleanup
[2021-12-31T03:21:25.097+0000][1][safepoint    ] Leaving safepoint region
[2021-12-31T03:21:25.097+0000][1][safepoint    ] Total time for which application threads were stopped: 0.0002249 seconds, Stopping threads took: 0.0000968 seconds
[2021-12-31T03:21:26.098+0000][1][safepoint    ] Application time: 1.0010410 seconds
[2021-12-31T03:21:26.098+0000][1][safepoint    ] Entering safepoint region: Cleanup
[2021-12-31T03:21:26.098+0000][1][safepoint    ] Leaving safepoint region
[2021-12-31T03:21:26.098+0000][1][safepoint    ] Total time for which application threads were stopped: 0.0002298 seconds, Stopping threads took: 0.0001014 seconds
[2021-12-31T03:21:27.099+0000][1][safepoint    ] Application time: 1.0009081 seconds
[2021-12-31T03:21:27.099+0000][1][safepoint    ] Entering safepoint region: Cleanup
[2021-12-31T03:21:27.100+0000][1][safepoint    ] Leaving safepoint region
[2021-12-31T03:21:27.100+0000][1][safepoint    ] Total time for which application threads were stopped: 0.0002111 seconds, Stopping threads took: 0.0000931 seconds
[2021-12-31T03:21:28.104+0000][1][safepoint    ] Application time: 1.0039264 seconds
[2021-12-31T03:21:28.104+0000][1][safepoint    ] Entering safepoint region: Cleanup
[2021-12-31T03:21:28.104+0000][1][safepoint    ] Leaving safepoint region
[2021-12-31T03:21:28.104+0000][1][safepoint    ] Total time for which application threads were stopped: 0.0002207 seconds, Stopping threads took: 0.0000896 seconds
[2021-12-31T03:21:29.106+0000][1][safepoint    ] Application time: 1.0016011 seconds
[2021-12-31T03:21:29.106+0000][1][safepoint    ] Entering safepoint region: Cleanup
[2021-12-31T03:21:29.106+0000][1][safepoint    ] Leaving safepoint region
[2021-12-31T03:21:29.106+0000][1][safepoint    ] Total time for which application threads were stopped: 0.0002215 seconds, Stopping threads took: 0.0000995 seconds
[2021-12-31T03:21:30.108+0000][1][safepoint    ] Application time: 1.0020327 seconds
[2021-12-31T03:21:30.109+0000][1][safepoint    ] Entering safepoint region: Cleanup
[2021-12-31T03:21:30.109+0000][1][safepoint    ] Leaving safepoint region
[2021-12-31T03:21:30.109+0000][1][safepoint    ] Total time for which application threads were stopped: 0.0003662 seconds, Stopping threads took: 0.0001709 seconds
[2021-12-31T03:21:31.113+0000][1][safepoint    ] Application time: 1.0035533 seconds
[2021-12-31T03:21:31.113+0000][1][safepoint    ] Entering safepoint region: Cleanup
[2021-12-31T03:21:31.113+0000][1][safepoint    ] Leaving safepoint region
[2021-12-31T03:21:31.113+0000][1][safepoint    ] Total time for which application threads were stopped: 0.0003340 seconds, Stopping threads took: 0.0001758 seconds
[2021-12-31T03:21:32.115+0000][1][safepoint    ] Application time: 1.0012858 seconds
[2021-12-31T03:21:32.115+0000][1][safepoint    ] Entering safepoint region: Cleanup
[2021-12-31T03:21:32.115+0000][1][safepoint    ] Leaving safepoint region
[2021-12-31T03:21:32.115+0000][1][safepoint    ] Total time for which application threads were stopped: 0.0002365 seconds, Stopping threads took: 0.0001071 seconds
[2021-12-31T03:21:33.118+0000][1][safepoint    ] Application time: 1.0028173 seconds
[2021-12-31T03:21:33.118+0000][1][safepoint    ] Entering safepoint region: Cleanup
[2021-12-31T03:21:33.118+0000][1][safepoint    ] Leaving safepoint region
[2021-12-31T03:21:33.118+0000][1][safepoint    ] Total time for which application threads were stopped: 0.0002459 seconds, Stopping threads took: 0.0001029 seconds
[2021-12-31T03:21:34.119+0000][1][safepoint    ] Application time: 1.0000873 seconds
[2021-12-31T03:21:34.119+0000][1][safepoint    ] Entering safepoint region: Cleanup
[2021-12-31T03:21:34.119+0000][1][safepoint    ] Leaving safepoint region
[2021-12-31T03:21:34.119+0000][1][safepoint    ] Total time for which application threads were stopped: 0.0002283 seconds, Stopping threads took: 0.0000982 seconds
[2021-12-31T03:21:35.121+0000][1][safepoint    ] Application time: 1.0018829 seconds
[2021-12-31T03:21:35.121+0000][1][safepoint    ] Entering safepoint region: Cleanup
[2021-12-31T03:21:35.121+0000][1][safepoint    ] Leaving safepoint region
[2021-12-31T03:21:35.121+0000][1][safepoint    ] Total time for which application threads were stopped: 0.0002320 seconds, Stopping threads took: 0.0001013 seconds
[2021-12-31T03:21:36.122+0000][1][safepoint    ] Application time: 1.0010518 seconds
[2021-12-31T03:21:36.123+0000][1][safepoint    ] Entering safepoint region: Cleanup
[2021-12-31T03:21:36.123+0000][1][safepoint    ] Leaving safepoint region
[2021-12-31T03:21:36.123+0000][1][safepoint    ] Total time for which application threads were stopped: 0.0002563 seconds, Stopping threads took: 0.0001060 seconds
[2021-12-31T03:21:37.126+0000][1][safepoint    ] Application time: 1.0032588 seconds
[2021-12-31T03:21:37.127+0000][1][safepoint    ] Entering safepoint region: Cleanup
[2021-12-31T03:21:37.127+0000][1][safepoint    ] Leaving safepoint region
[2021-12-31T03:21:37.127+0000][1][safepoint    ] Total time for which application threads were stopped: 0.0002765 seconds, Stopping threads took: 0.0001343 seconds
[2021-12-31T03:21:38.129+0000][1][safepoint    ] Application time: 1.0017680 seconds
[2021-12-31T03:21:38.129+0000][1][safepoint    ] Entering safepoint region: Cleanup
[2021-12-31T03:21:38.129+0000][1][safepoint    ] Leaving safepoint region
[2021-12-31T03:21:38.129+0000][1][safepoint    ] Total time for which application threads were stopped: 0.0002429 seconds, Stopping threads took: 0.0001033 seconds
[2021-12-31T03:21:39.133+0000][1][safepoint    ] Application time: 1.0033563 seconds
[2021-12-31T03:21:39.133+0000][1][safepoint    ] Entering safepoint region: Cleanup
[2021-12-31T03:21:39.133+0000][1][safepoint    ] Leaving safepoint region
[2021-12-31T03:21:39.133+0000][1][safepoint    ] Total time for which application threads were stopped: 0.0002460 seconds, Stopping threads took: 0.0001069 seconds
[2021-12-31T03:21:40.136+0000][1][safepoint    ] Application time: 1.0027059 seconds
[2021-12-31T03:21:40.136+0000][1][safepoint    ] Entering safepoint region: Cleanup
[2021-12-31T03:21:40.136+0000][1][safepoint    ] Leaving safepoint region
[2021-12-31T03:21:40.137+0000][1][safepoint    ] Total time for which application threads were stopped: 0.0005378 seconds, Stopping threads took: 0.0002241 seconds
[2021-12-31T03:21:41.138+0000][1][safepoint    ] Application time: 1.0011958 seconds
[2021-12-31T03:21:41.138+0000][1][safepoint    ] Entering safepoint region: Cleanup
[2021-12-31T03:21:41.139+0000][1][safepoint    ] Leaving safepoint region
[2021-12-31T03:21:41.139+0000][1][safepoint    ] Total time for which application threads were stopped: 0.0003067 seconds, Stopping threads took: 0.0001411 seconds
[2021-12-31T03:21:42.141+0000][1][safepoint    ] Application time: 1.0025011 seconds
[2021-12-31T03:21:42.142+0000][1][safepoint    ] Entering safepoint region: Cleanup
[2021-12-31T03:21:42.142+0000][1][safepoint    ] Leaving safepoint region
[2021-12-31T03:21:42.142+0000][1][safepoint    ] Total time for which application threads were stopped: 0.0004522 seconds, Stopping threads took: 0.0002058 seconds
[2021-12-31T03:21:43.145+0000][1][safepoint    ] Application time: 1.0023723 seconds
[2021-12-31T03:21:43.145+0000][1][safepoint    ] Entering safepoint region: Cleanup
[2021-12-31T03:21:43.145+0000][1][safepoint    ] Leaving safepoint region
[2021-12-31T03:21:43.145+0000][1][safepoint    ] Total time for which application threads were stopped: 0.0004555 seconds, Stopping threads took: 0.0002074 seconds
[2021-12-31T03:21:44.147+0000][1][safepoint    ] Application time: 1.0013229 seconds
[2021-12-31T03:21:44.147+0000][1][safepoint    ] Entering safepoint region: Cleanup
[2021-12-31T03:21:44.147+0000][1][safepoint    ] Leaving safepoint region
[2021-12-31T03:21:44.148+0000][1][safepoint    ] Total time for which application threads were stopped: 0.0002611 seconds, Stopping threads took: 0.0001220 seconds
[2021-12-31T03:21:45.151+0000][1][safepoint    ] Application time: 1.0032629 seconds
[2021-12-31T03:21:45.151+0000][1][safepoint    ] Entering safepoint region: Cleanup
[2021-12-31T03:21:45.151+0000][1][safepoint    ] Leaving safepoint region
[2021-12-31T03:21:45.152+0000][1][safepoint    ] Total time for which application threads were stopped: 0.0005261 seconds, Stopping threads took: 0.0001968 seconds
[2021-12-31T03:21:46.156+0000][1][safepoint    ] Application time: 1.0039471 seconds
[2021-12-31T03:21:46.156+0000][1][safepoint    ] Entering safepoint region: Cleanup
[2021-12-31T03:21:46.156+0000][1][safepoint    ] Leaving safepoint region
[2021-12-31T03:21:46.156+0000][1][safepoint    ] Total time for which application threads were stopped: 0.0002396 seconds, Stopping threads took: 0.0001023 seconds
[2021-12-31T03:21:47.159+0000][1][safepoint    ] Application time: 1.0022795 seconds
[2021-12-31T03:21:47.159+0000][1][safepoint    ] Entering safepoint region: Cleanup
[2021-12-31T03:21:47.159+0000][1][safepoint    ] Leaving safepoint region
[2021-12-31T03:21:47.159+0000][1][safepoint    ] Total time for which application threads were stopped: 0.0002254 seconds, Stopping threads took: 0.0000954 seconds
[2021-12-31T03:21:48.162+0000][1][safepoint    ] Application time: 1.0029538 seconds
[2021-12-31T03:21:48.162+0000][1][safepoint    ] Entering safepoint region: Cleanup
[2021-12-31T03:21:48.162+0000][1][safepoint    ] Leaving safepoint region
[2021-12-31T03:21:48.163+0000][1][safepoint    ] Total time for which application threads were stopped: 0.0002259 seconds, Stopping threads took: 0.0000982 seconds
[2021-12-31T03:21:49.166+0000][1][safepoint    ] Application time: 1.0035524 seconds
[2021-12-31T03:21:49.166+0000][1][safepoint    ] Entering safepoint region: Cleanup
[2021-12-31T03:21:49.167+0000][1][safepoint    ] Leaving safepoint region
[2021-12-31T03:21:49.167+0000][1][safepoint    ] Total time for which application threads were stopped: 0.0002035 seconds, Stopping threads took: 0.0000881 seconds
[2021-12-31T03:21:50.168+0000][1][safepoint    ] Application time: 1.0011942 seconds
[2021-12-31T03:21:50.168+0000][1][safepoint    ] Entering safepoint region: Cleanup
[2021-12-31T03:21:50.169+0000][1][safepoint    ] Leaving safepoint region
[2021-12-31T03:21:50.169+0000][1][safepoint    ] Total time for which application threads were stopped: 0.0007412 seconds, Stopping threads took: 0.0003981 seconds
[2021-12-31T03:21:50.194+0000][1][safepoint    ] Application time: 0.0245508 seconds
[2021-12-31T03:21:50.194+0000][1][safepoint    ] Entering safepoint region: GenCollectForAllocation
[2021-12-31T03:21:50.194+0000][1][gc,start     ] GC(46) Pause Young (Allocation Failure)
[2021-12-31T03:21:50.194+0000][1][gc,task      ] GC(46) Using 1 workers of 1 for evacuation
[2021-12-31T03:21:50.198+0000][1][gc,age       ] GC(46) Desired survivor size 4358144 bytes, new threshold 6 (max threshold 6)
[2021-12-31T03:21:50.198+0000][1][gc,age       ] GC(46) Age table with threshold 6 (max threshold 6)
[2021-12-31T03:21:50.198+0000][1][gc,age       ] GC(46) - age   1:      15200 bytes,      15200 total
[2021-12-31T03:21:50.199+0000][1][gc,age       ] GC(46) - age   2:       1136 bytes,      16336 total
[2021-12-31T03:21:50.199+0000][1][gc,age       ] GC(46) - age   3:        448 bytes,      16784 total
[2021-12-31T03:21:50.199+0000][1][gc,age       ] GC(46) - age   4:       1072 bytes,      17856 total
[2021-12-31T03:21:50.199+0000][1][gc,age       ] GC(46) - age   6:        408 bytes,      18264 total
[2021-12-31T03:21:50.199+0000][1][gc,heap      ] GC(46) ParNew: 68190K->25K(76672K)
[2021-12-31T03:21:50.199+0000][1][gc,heap      ] GC(46) CMS: 127741K->127747K(439104K)
[2021-12-31T03:21:50.199+0000][1][gc,metaspace ] GC(46) Metaspace: 73577K->73577K(1116160K)
[2021-12-31T03:21:50.199+0000][1][gc           ] GC(46) Pause Young (Allocation Failure) 191M->124M(503M) 5.306ms
[2021-12-31T03:21:50.199+0000][1][gc,cpu       ] GC(46) User=0.01s Sys=0.00s Real=0.00s
[2021-12-31T03:21:50.200+0000][1][safepoint    ] Leaving safepoint region
[2021-12-31T03:21:50.200+0000][1][safepoint    ] Total time for which application threads were stopped: 0.0057689 seconds, Stopping threads took: 0.0000966 seconds
[2021-12-31T03:21:51.201+0000][1][safepoint    ] Application time: 1.0012640 seconds
[2021-12-31T03:21:51.201+0000][1][safepoint    ] Entering safepoint region: Cleanup
[2021-12-31T03:21:51.201+0000][1][safepoint    ] Leaving safepoint region
[2021-12-31T03:21:51.202+0000][1][safepoint    ] Total time for which application threads were stopped: 0.0002977 seconds, Stopping threads took: 0.0000931 seconds
[2021-12-31T03:21:52.202+0000][1][safepoint    ] Application time: 1.0002241 seconds
[2021-12-31T03:21:52.203+0000][1][safepoint    ] Entering safepoint region: Cleanup
[2021-12-31T03:21:52.203+0000][1][safepoint    ] Leaving safepoint region
[2021-12-31T03:21:52.203+0000][1][safepoint    ] Total time for which application threads were stopped: 0.0007589 seconds, Stopping threads took: 0.0004072 seconds
[2021-12-31T03:21:53.204+0000][1][safepoint    ] Application time: 1.0004778 seconds
[2021-12-31T03:21:53.205+0000][1][safepoint    ] Entering safepoint region: Cleanup
[2021-12-31T03:21:53.205+0000][1][safepoint    ] Leaving safepoint region
[2021-12-31T03:21:53.205+0000][1][safepoint    ] Total time for which application threads were stopped: 0.0007806 seconds, Stopping threads took: 0.0002456 seconds
[2021-12-31T03:21:54.207+0000][1][safepoint    ] Application time: 1.0017127 seconds
[2021-12-31T03:21:54.208+0000][1][safepoint    ] Entering safepoint region: Cleanup
[2021-12-31T03:21:54.208+0000][1][safepoint    ] Leaving safepoint region
[2021-12-31T03:21:54.208+0000][1][safepoint    ] Total time for which application threads were stopped: 0.0007786 seconds, Stopping threads took: 0.0003355 seconds
[2021-12-31T03:21:55.212+0000][1][safepoint    ] Application time: 1.0030459 seconds
[2021-12-31T03:21:55.212+0000][1][safepoint    ] Entering safepoint region: Cleanup
[2021-12-31T03:21:55.212+0000][1][safepoint    ] Leaving safepoint region
[2021-12-31T03:21:55.212+0000][1][safepoint    ] Total time for which application threads were stopped: 0.0002756 seconds, Stopping threads took: 0.0001279 seconds
[2021-12-31T03:21:56.216+0000][1][safepoint    ] Application time: 1.0035017 seconds
[2021-12-31T03:21:56.216+0000][1][safepoint    ] Entering safepoint region: Cleanup
[2021-12-31T03:21:56.216+0000][1][safepoint    ] Leaving safepoint region
[2021-12-31T03:21:56.216+0000][1][safepoint    ] Total time for which application threads were stopped: 0.0002619 seconds, Stopping threads took: 0.0001034 seconds
[2021-12-31T03:21:57.220+0000][1][safepoint    ] Application time: 1.0037584 seconds
[2021-12-31T03:21:57.220+0000][1][safepoint    ] Entering safepoint region: Cleanup
[2021-12-31T03:21:57.220+0000][1][safepoint    ] Leaving safepoint region
[2021-12-31T03:21:57.220+0000][1][safepoint    ] Total time for which application threads were stopped: 0.0002246 seconds, Stopping threads took: 0.0000974 seconds
[2021-12-31T03:21:58.223+0000][1][safepoint    ] Application time: 1.0021459 seconds
[2021-12-31T03:21:58.223+0000][1][safepoint    ] Entering safepoint region: Cleanup
[2021-12-31T03:21:58.223+0000][1][safepoint    ] Leaving safepoint region
[2021-12-31T03:21:58.224+0000][1][safepoint    ] Total time for which application threads were stopped: 0.0004552 seconds, Stopping threads took: 0.0001976 seconds
[2021-12-31T03:21:59.225+0000][1][safepoint    ] Application time: 1.0010183 seconds
[2021-12-31T03:21:59.225+0000][1][safepoint    ] Entering safepoint region: Cleanup
[2021-12-31T03:21:59.225+0000][1][safepoint    ] Leaving safepoint region
[2021-12-31T03:21:59.225+0000][1][safepoint    ] Total time for which application threads were stopped: 0.0002474 seconds, Stopping threads took: 0.0001150 seconds
[2021-12-31T03:22:00.226+0000][1][safepoint    ] Application time: 1.0009128 seconds
[2021-12-31T03:22:00.227+0000][1][safepoint    ] Entering safepoint region: Cleanup
[2021-12-31T03:22:00.227+0000][1][safepoint    ] Leaving safepoint region
[2021-12-31T03:22:00.227+0000][1][safepoint    ] Total time for which application threads were stopped: 0.0005238 seconds, Stopping threads took: 0.0002368 seconds
[2021-12-31T03:22:01.231+0000][1][safepoint    ] Application time: 1.0034752 seconds
[2021-12-31T03:22:01.231+0000][1][safepoint    ] Entering safepoint region: Cleanup
[2021-12-31T03:22:01.232+0000][1][safepoint    ] Leaving safepoint region
[2021-12-31T03:22:01.232+0000][1][safepoint    ] Total time for which application threads were stopped: 0.0006183 seconds, Stopping threads took: 0.0002615 seconds
[2021-12-31T03:22:02.234+0000][1][safepoint    ] Application time: 1.0019303 seconds
[2021-12-31T03:22:02.234+0000][1][safepoint    ] Entering safepoint region: Cleanup
[2021-12-31T03:22:02.235+0000][1][safepoint    ] Leaving safepoint region
[2021-12-31T03:22:02.235+0000][1][safepoint    ] Total time for which application threads were stopped: 0.0004316 seconds, Stopping threads took: 0.0001800 seconds
[2021-12-31T03:22:03.239+0000][1][safepoint    ] Application time: 1.0043355 seconds
[2021-12-31T03:22:03.240+0000][1][safepoint    ] Entering safepoint region: Cleanup
[2021-12-31T03:22:03.240+0000][1][safepoint    ] Leaving safepoint region
[2021-12-31T03:22:03.240+0000][1][safepoint    ] Total time for which application threads were stopped: 0.0005237 seconds, Stopping threads took: 0.0002327 seconds
[2021-12-31T03:22:04.241+0000][1][safepoint    ] Application time: 1.0005991 seconds
[2021-12-31T03:22:04.241+0000][1][safepoint    ] Entering safepoint region: Cleanup
[2021-12-31T03:22:04.242+0000][1][safepoint    ] Leaving safepoint region
[2021-12-31T03:22:04.242+0000][1][safepoint    ] Total time for which application threads were stopped: 0.0003588 seconds, Stopping threads took: 0.0001820 seconds
[2021-12-31T03:22:05.244+0000][1][safepoint    ] Application time: 1.0026663 seconds
[2021-12-31T03:22:05.245+0000][1][safepoint    ] Entering safepoint region: Cleanup
[2021-12-31T03:22:05.245+0000][1][safepoint    ] Leaving safepoint region
[2021-12-31T03:22:05.245+0000][1][safepoint    ] Total time for which application threads were stopped: 0.0004470 seconds, Stopping threads took: 0.0000981 seconds
[2021-12-31T03:22:06.248+0000][1][safepoint    ] Application time: 1.0025543 seconds
[2021-12-31T03:22:06.248+0000][1][safepoint    ] Entering safepoint region: Cleanup
[2021-12-31T03:22:06.248+0000][1][safepoint    ] Leaving safepoint region
[2021-12-31T03:22:06.248+0000][1][safepoint    ] Total time for which application threads were stopped: 0.0002386 seconds, Stopping threads took: 0.0001022 seconds
[2021-12-31T03:22:07.252+0000][1][safepoint    ] Application time: 1.0032962 seconds
[2021-12-31T03:22:07.252+0000][1][safepoint    ] Entering safepoint region: Cleanup
[2021-12-31T03:22:07.253+0000][1][safepoint    ] Leaving safepoint region
[2021-12-31T03:22:07.253+0000][1][safepoint    ] Total time for which application threads were stopped: 0.0009803 seconds, Stopping threads took: 0.0004799 seconds
[2021-12-31T03:22:08.254+0000][1][safepoint    ] Application time: 1.0004835 seconds
[2021-12-31T03:22:08.254+0000][1][safepoint    ] Entering safepoint region: Cleanup
[2021-12-31T03:22:08.254+0000][1][safepoint    ] Leaving safepoint region
[2021-12-31T03:22:08.254+0000][1][safepoint    ] Total time for which application threads were stopped: 0.0002251 seconds, Stopping threads took: 0.0000978 seconds
[2021-12-31T03:22:09.256+0000][1][safepoint    ] Application time: 1.0022337 seconds
[2021-12-31T03:22:09.257+0000][1][safepoint    ] Entering safepoint region: Cleanup
[2021-12-31T03:22:09.257+0000][1][safepoint    ] Leaving safepoint region
[2021-12-31T03:22:09.257+0000][1][safepoint    ] Total time for which application threads were stopped: 0.0004284 seconds, Stopping threads took: 0.0001926 seconds
[2021-12-31T03:22:10.260+0000][1][safepoint    ] Application time: 1.0024743 seconds
[2021-12-31T03:22:10.260+0000][1][safepoint    ] Entering safepoint region: Cleanup
[2021-12-31T03:22:10.261+0000][1][safepoint    ] Leaving safepoint region
[2021-12-31T03:22:10.261+0000][1][safepoint    ] Total time for which application threads were stopped: 0.0005895 seconds, Stopping threads took: 0.0002608 seconds
[2021-12-31T03:22:11.261+0000][1][safepoint    ] Application time: 1.0003792 seconds
[2021-12-31T03:22:11.262+0000][1][safepoint    ] Entering safepoint region: Cleanup
[2021-12-31T03:22:11.263+0000][1][safepoint    ] Leaving safepoint region
[2021-12-31T03:22:11.263+0000][1][safepoint    ] Total time for which application threads were stopped: 0.0005845 seconds, Stopping threads took: 0.0002644 seconds
[2021-12-31T03:22:12.267+0000][1][safepoint    ] Application time: 1.0034585 seconds
[2021-12-31T03:22:12.267+0000][1][safepoint    ] Entering safepoint region: Cleanup
[2021-12-31T03:22:12.267+0000][1][safepoint    ] Leaving safepoint region
[2021-12-31T03:22:12.267+0000][1][safepoint    ] Total time for which application threads were stopped: 0.0005378 seconds, Stopping threads took: 0.0002186 seconds
[2021-12-31T03:22:13.271+0000][1][safepoint    ] Application time: 1.0030947 seconds
[2021-12-31T03:22:13.271+0000][1][safepoint    ] Entering safepoint region: Cleanup
[2021-12-31T03:22:13.271+0000][1][safepoint    ] Leaving safepoint region
[2021-12-31T03:22:13.271+0000][1][safepoint    ] Total time for which application threads were stopped: 0.0002287 seconds, Stopping threads took: 0.0000954 seconds
[2021-12-31T03:22:14.274+0000][1][safepoint    ] Application time: 1.0029605 seconds
[2021-12-31T03:22:14.275+0000][1][safepoint    ] Entering safepoint region: Cleanup
[2021-12-31T03:22:14.275+0000][1][safepoint    ] Leaving safepoint region
[2021-12-31T03:22:14.276+0000][1][safepoint    ] Total time for which application threads were stopped: 0.0007859 seconds, Stopping threads took: 0.0003622 seconds
[2021-12-31T03:22:15.278+0000][1][safepoint    ] Application time: 1.0026879 seconds
[2021-12-31T03:22:15.279+0000][1][safepoint    ] Entering safepoint region: Cleanup
[2021-12-31T03:22:15.279+0000][1][safepoint    ] Leaving safepoint region
[2021-12-31T03:22:15.279+0000][1][safepoint    ] Total time for which application threads were stopped: 0.0002254 seconds, Stopping threads took: 0.0000982 seconds
[2021-12-31T03:22:16.281+0000][1][safepoint    ] Application time: 1.0024819 seconds
[2021-12-31T03:22:16.282+0000][1][safepoint    ] Entering safepoint region: Cleanup
[2021-12-31T03:22:16.282+0000][1][safepoint    ] Leaving safepoint region
[2021-12-31T03:22:16.282+0000][1][safepoint    ] Total time for which application threads were stopped: 0.0002255 seconds, Stopping threads took: 0.0000983 seconds
[2021-12-31T03:22:17.284+0000][1][safepoint    ] Application time: 1.0016556 seconds
[2021-12-31T03:22:17.284+0000][1][safepoint    ] Entering safepoint region: Cleanup
[2021-12-31T03:22:17.284+0000][1][safepoint    ] Leaving safepoint region
[2021-12-31T03:22:17.284+0000][1][safepoint    ] Total time for which application threads were stopped: 0.0004657 seconds, Stopping threads took: 0.0001916 seconds
[2021-12-31T03:22:18.096+0000][1][safepoint    ] Application time: 0.8110931 seconds
[2021-12-31T03:22:18.096+0000][1][safepoint    ] Entering safepoint region: RevokeBias
[2021-12-31T03:22:18.096+0000][1][safepoint    ] Leaving safepoint region
[2021-12-31T03:22:18.096+0000][1][safepoint    ] Total time for which application threads were stopped: 0.0002786 seconds, Stopping threads took: 0.0001283 seconds
[2021-12-31T03:22:19.103+0000][1][safepoint    ] Application time: 1.0062962 seconds
[2021-12-31T03:22:19.103+0000][1][safepoint    ] Entering safepoint region: Cleanup
[2021-12-31T03:22:19.103+0000][1][safepoint    ] Leaving safepoint region
[2021-12-31T03:22:19.103+0000][1][safepoint    ] Total time for which application threads were stopped: 0.0002295 seconds, Stopping threads took: 0.0001034 seconds
[2021-12-31T03:22:20.106+0000][1][safepoint    ] Application time: 1.0030898 seconds
[2021-12-31T03:22:20.107+0000][1][safepoint    ] Entering safepoint region: Cleanup
[2021-12-31T03:22:20.107+0000][1][safepoint    ] Leaving safepoint region
[2021-12-31T03:22:20.107+0000][1][safepoint    ] Total time for which application threads were stopped: 0.0002332 seconds, Stopping threads took: 0.0000960 seconds
[2021-12-31T03:22:21.111+0000][1][safepoint    ] Application time: 1.0036836 seconds
[2021-12-31T03:22:21.111+0000][1][safepoint    ] Entering safepoint region: Cleanup
[2021-12-31T03:22:21.111+0000][1][safepoint    ] Leaving safepoint region
[2021-12-31T03:22:21.111+0000][1][safepoint    ] Total time for which application threads were stopped: 0.0002556 seconds, Stopping threads took: 0.0001131 seconds
[2021-12-31T03:22:22.114+0000][1][safepoint    ] Application time: 1.0028252 seconds
[2021-12-31T03:22:22.114+0000][1][safepoint    ] Entering safepoint region: Cleanup
[2021-12-31T03:22:22.114+0000][1][safepoint    ] Leaving safepoint region
[2021-12-31T03:22:22.114+0000][1][safepoint    ] Total time for which application threads were stopped: 0.0002297 seconds, Stopping threads took: 0.0000996 seconds
[2021-12-31T03:22:23.115+0000][1][safepoint    ] Application time: 1.0002624 seconds
[2021-12-31T03:22:23.115+0000][1][safepoint    ] Entering safepoint region: Cleanup
[2021-12-31T03:22:23.115+0000][1][safepoint    ] Leaving safepoint region
[2021-12-31T03:22:23.115+0000][1][safepoint    ] Total time for which application threads were stopped: 0.0002435 seconds, Stopping threads took: 0.0001039 seconds
[2021-12-31T03:22:24.119+0000][1][safepoint    ] Application time: 1.0032906 seconds
[2021-12-31T03:22:24.119+0000][1][safepoint    ] Entering safepoint region: Cleanup
[2021-12-31T03:22:24.119+0000][1][safepoint    ] Leaving safepoint region
[2021-12-31T03:22:24.119+0000][1][safepoint    ] Total time for which application threads were stopped: 0.0002430 seconds, Stopping threads took: 0.0000999 seconds
[2021-12-31T03:22:25.120+0000][1][safepoint    ] Application time: 1.0005986 seconds
[2021-12-31T03:22:25.120+0000][1][safepoint    ] Entering safepoint region: Cleanup
[2021-12-31T03:22:25.120+0000][1][safepoint    ] Leaving safepoint region
[2021-12-31T03:22:25.120+0000][1][safepoint    ] Total time for which application threads were stopped: 0.0002366 seconds, Stopping threads took: 0.0001050 seconds
[2021-12-31T03:22:26.121+0000][1][safepoint    ] Application time: 1.0007247 seconds
[2021-12-31T03:22:26.121+0000][1][safepoint    ] Entering safepoint region: Cleanup
[2021-12-31T03:22:26.121+0000][1][safepoint    ] Leaving safepoint region
[2021-12-31T03:22:26.122+0000][1][safepoint    ] Total time for which application threads were stopped: 0.0002445 seconds, Stopping threads took: 0.0001050 seconds
[2021-12-31T03:22:27.123+0000][1][safepoint    ] Application time: 1.0012560 seconds
[2021-12-31T03:22:27.123+0000][1][safepoint    ] Entering safepoint region: Cleanup
[2021-12-31T03:22:27.123+0000][1][safepoint    ] Leaving safepoint region
[2021-12-31T03:22:27.123+0000][1][safepoint    ] Total time for which application threads were stopped: 0.0002345 seconds, Stopping threads took: 0.0001058 seconds
[2021-12-31T03:22:28.125+0000][1][safepoint    ] Application time: 1.0015082 seconds
[2021-12-31T03:22:28.125+0000][1][safepoint    ] Entering safepoint region: Cleanup
[2021-12-31T03:22:28.125+0000][1][safepoint    ] Leaving safepoint region
[2021-12-31T03:22:28.125+0000][1][safepoint    ] Total time for which application threads were stopped: 0.0002335 seconds, Stopping threads took: 0.0001008 seconds
[2021-12-31T03:22:29.129+0000][1][safepoint    ] Application time: 1.0038546 seconds
[2021-12-31T03:22:29.130+0000][1][safepoint    ] Entering safepoint region: Cleanup
[2021-12-31T03:22:29.130+0000][1][safepoint    ] Leaving safepoint region
[2021-12-31T03:22:29.130+0000][1][safepoint    ] Total time for which application threads were stopped: 0.0002773 seconds, Stopping threads took: 0.0001137 seconds
[2021-12-31T03:22:30.133+0000][1][safepoint    ] Application time: 1.0034791 seconds
[2021-12-31T03:22:30.134+0000][1][safepoint    ] Entering safepoint region: Cleanup
[2021-12-31T03:22:30.134+0000][1][safepoint    ] Leaving safepoint region
[2021-12-31T03:22:30.134+0000][1][safepoint    ] Total time for which application threads were stopped: 0.0002320 seconds, Stopping threads took: 0.0001014 seconds
[2021-12-31T03:22:31.135+0000][1][safepoint    ] Application time: 1.0006830 seconds
[2021-12-31T03:22:31.135+0000][1][safepoint    ] Entering safepoint region: Cleanup
[2021-12-31T03:22:31.135+0000][1][safepoint    ] Leaving safepoint region
[2021-12-31T03:22:31.136+0000][1][safepoint    ] Total time for which application threads were stopped: 0.0006204 seconds, Stopping threads took: 0.0002216 seconds
[2021-12-31T03:22:32.136+0000][1][safepoint    ] Application time: 1.0002800 seconds
[2021-12-31T03:22:32.136+0000][1][safepoint    ] Entering safepoint region: Cleanup
[2021-12-31T03:22:32.136+0000][1][safepoint    ] Leaving safepoint region
[2021-12-31T03:22:32.136+0000][1][safepoint    ] Total time for which application threads were stopped: 0.0002324 seconds, Stopping threads took: 0.0001018 seconds
[2021-12-31T03:22:33.138+0000][1][safepoint    ] Application time: 1.0010725 seconds
[2021-12-31T03:22:33.138+0000][1][safepoint    ] Entering safepoint region: Cleanup
[2021-12-31T03:22:33.138+0000][1][safepoint    ] Leaving safepoint region
[2021-12-31T03:22:33.138+0000][1][safepoint    ] Total time for which application threads were stopped: 0.0003104 seconds, Stopping threads took: 0.0001488 seconds
[2021-12-31T03:22:34.141+0000][1][safepoint    ] Application time: 1.0028263 seconds
[2021-12-31T03:22:34.141+0000][1][safepoint    ] Entering safepoint region: Cleanup
[2021-12-31T03:22:34.142+0000][1][safepoint    ] Leaving safepoint region
[2021-12-31T03:22:34.142+0000][1][safepoint    ] Total time for which application threads were stopped: 0.0002471 seconds, Stopping threads took: 0.0001045 seconds
[2021-12-31T03:22:35.144+0000][1][safepoint    ] Application time: 1.0025751 seconds
[2021-12-31T03:22:35.145+0000][1][safepoint    ] Entering safepoint region: Cleanup
[2021-12-31T03:22:35.145+0000][1][safepoint    ] Leaving safepoint region
[2021-12-31T03:22:35.145+0000][1][safepoint    ] Total time for which application threads were stopped: 0.0004741 seconds, Stopping threads took: 0.0001928 seconds
[2021-12-31T03:22:36.147+0000][1][safepoint    ] Application time: 1.0020111 seconds
[2021-12-31T03:22:36.148+0000][1][safepoint    ] Entering safepoint region: Cleanup
[2021-12-31T03:22:36.148+0000][1][safepoint    ] Leaving safepoint region
[2021-12-31T03:22:36.148+0000][1][safepoint    ] Total time for which application threads were stopped: 0.0006069 seconds, Stopping threads took: 0.0002363 seconds
[2021-12-31T03:22:37.150+0000][1][safepoint    ] Application time: 1.0011356 seconds
[2021-12-31T03:22:37.150+0000][1][safepoint    ] Entering safepoint region: Cleanup
[2021-12-31T03:22:37.150+0000][1][safepoint    ] Leaving safepoint region
[2021-12-31T03:22:37.150+0000][1][safepoint    ] Total time for which application threads were stopped: 0.0003284 seconds, Stopping threads took: 0.0001927 seconds
[2021-12-31T03:22:38.152+0000][1][safepoint    ] Application time: 1.0014727 seconds
[2021-12-31T03:22:38.152+0000][1][safepoint    ] Entering safepoint region: Cleanup
[2021-12-31T03:22:38.152+0000][1][safepoint    ] Leaving safepoint region
[2021-12-31T03:22:38.152+0000][1][safepoint    ] Total time for which application threads were stopped: 0.0002971 seconds, Stopping threads took: 0.0001238 seconds
[2021-12-31T03:22:39.155+0000][1][safepoint    ] Application time: 1.0022254 seconds
[2021-12-31T03:22:39.155+0000][1][safepoint    ] Entering safepoint region: Cleanup
[2021-12-31T03:22:39.155+0000][1][safepoint    ] Leaving safepoint region
[2021-12-31T03:22:39.155+0000][1][safepoint    ] Total time for which application threads were stopped: 0.0002321 seconds, Stopping threads took: 0.0001036 seconds
[2021-12-31T03:22:40.156+0000][1][safepoint    ] Application time: 1.0011229 seconds
[2021-12-31T03:22:40.157+0000][1][safepoint    ] Entering safepoint region: Cleanup
[2021-12-31T03:22:40.157+0000][1][safepoint    ] Leaving safepoint region
[2021-12-31T03:22:40.157+0000][1][safepoint    ] Total time for which application threads were stopped: 0.0002440 seconds, Stopping threads took: 0.0001056 seconds
[2021-12-31T03:22:41.158+0000][1][safepoint    ] Application time: 1.0013525 seconds
[2021-12-31T03:22:41.159+0000][1][safepoint    ] Entering safepoint region: Cleanup
[2021-12-31T03:22:41.159+0000][1][safepoint    ] Leaving safepoint region
[2021-12-31T03:22:41.159+0000][1][safepoint    ] Total time for which application threads were stopped: 0.0002381 seconds, Stopping threads took: 0.0001135 seconds
[2021-12-31T03:22:42.160+0000][1][safepoint    ] Application time: 1.0009999 seconds
[2021-12-31T03:22:42.160+0000][1][safepoint    ] Entering safepoint region: Cleanup
[2021-12-31T03:22:42.160+0000][1][safepoint    ] Leaving safepoint region
[2021-12-31T03:22:42.160+0000][1][safepoint    ] Total time for which application threads were stopped: 0.0002133 seconds, Stopping threads took: 0.0000918 seconds
[2021-12-31T03:22:43.160+0000][1][safepoint    ] Application time: 1.0001443 seconds
[2021-12-31T03:22:43.161+0000][1][safepoint    ] Entering safepoint region: Cleanup
[2021-12-31T03:22:43.161+0000][1][safepoint    ] Leaving safepoint region
[2021-12-31T03:22:43.161+0000][1][safepoint    ] Total time for which application threads were stopped: 0.0002204 seconds, Stopping threads took: 0.0000961 seconds
[2021-12-31T03:22:44.164+0000][1][safepoint    ] Application time: 1.0033288 seconds
[2021-12-31T03:22:44.165+0000][1][safepoint    ] Entering safepoint region: Cleanup
[2021-12-31T03:22:44.165+0000][1][safepoint    ] Leaving safepoint region
[2021-12-31T03:22:44.165+0000][1][safepoint    ] Total time for which application threads were stopped: 0.0003978 seconds, Stopping threads took: 0.0001240 seconds
[2021-12-31T03:22:45.168+0000][1][safepoint    ] Application time: 1.0027277 seconds
[2021-12-31T03:22:45.168+0000][1][safepoint    ] Entering safepoint region: Cleanup
[2021-12-31T03:22:45.168+0000][1][safepoint    ] Leaving safepoint region
[2021-12-31T03:22:45.169+0000][1][safepoint    ] Total time for which application threads were stopped: 0.0004810 seconds, Stopping threads took: 0.0002027 seconds
[2021-12-31T03:22:46.172+0000][1][safepoint    ] Application time: 1.0031327 seconds
[2021-12-31T03:22:46.172+0000][1][safepoint    ] Entering safepoint region: Cleanup
[2021-12-31T03:22:46.172+0000][1][safepoint    ] Leaving safepoint region
[2021-12-31T03:22:46.172+0000][1][safepoint    ] Total time for which application threads were stopped: 0.0002034 seconds, Stopping threads took: 0.0000870 seconds
[2021-12-31T03:22:47.175+0000][1][safepoint    ] Application time: 1.0025311 seconds
[2021-12-31T03:22:47.175+0000][1][safepoint    ] Entering safepoint region: Cleanup
[2021-12-31T03:22:47.176+0000][1][safepoint    ] Leaving safepoint region
[2021-12-31T03:22:47.176+0000][1][safepoint    ] Total time for which application threads were stopped: 0.0002699 seconds, Stopping threads took: 0.0001118 seconds
[2021-12-31T03:22:48.176+0000][1][safepoint    ] Application time: 1.0003842 seconds
[2021-12-31T03:22:48.176+0000][1][safepoint    ] Entering safepoint region: Cleanup
[2021-12-31T03:22:48.176+0000][1][safepoint    ] Leaving safepoint region
[2021-12-31T03:22:48.177+0000][1][safepoint    ] Total time for which application threads were stopped: 0.0002283 seconds, Stopping threads took: 0.0000953 seconds
[2021-12-31T03:22:49.178+0000][1][safepoint    ] Application time: 1.0015834 seconds
[2021-12-31T03:22:49.178+0000][1][safepoint    ] Entering safepoint region: Cleanup
[2021-12-31T03:22:49.179+0000][1][safepoint    ] Leaving safepoint region
[2021-12-31T03:22:49.179+0000][1][safepoint    ] Total time for which application threads were stopped: 0.0003042 seconds, Stopping threads took: 0.0001372 seconds
[2021-12-31T03:22:50.181+0000][1][safepoint    ] Application time: 1.0025981 seconds
[2021-12-31T03:22:50.182+0000][1][safepoint    ] Entering safepoint region: Cleanup
[2021-12-31T03:22:50.182+0000][1][safepoint    ] Leaving safepoint region
[2021-12-31T03:22:50.182+0000][1][safepoint    ] Total time for which application threads were stopped: 0.0006002 seconds, Stopping threads took: 0.0002572 seconds
[2021-12-31T03:22:51.186+0000][1][safepoint    ] Application time: 1.0036328 seconds
[2021-12-31T03:22:51.186+0000][1][safepoint    ] Entering safepoint region: Cleanup
[2021-12-31T03:22:51.187+0000][1][safepoint    ] Leaving safepoint region
[2021-12-31T03:22:51.187+0000][1][safepoint    ] Total time for which application threads were stopped: 0.0002339 seconds, Stopping threads took: 0.0001048 seconds
[2021-12-31T03:22:52.189+0000][1][safepoint    ] Application time: 1.0020994 seconds
[2021-12-31T03:22:52.189+0000][1][safepoint    ] Entering safepoint region: Cleanup
[2021-12-31T03:22:52.189+0000][1][safepoint    ] Leaving safepoint region
[2021-12-31T03:22:52.189+0000][1][safepoint    ] Total time for which application threads were stopped: 0.0004037 seconds, Stopping threads took: 0.0001414 seconds
[2021-12-31T03:22:53.191+0000][1][safepoint    ] Application time: 1.0015778 seconds
[2021-12-31T03:22:53.191+0000][1][safepoint    ] Entering safepoint region: Cleanup
[2021-12-31T03:22:53.192+0000][1][safepoint    ] Leaving safepoint region
[2021-12-31T03:22:53.192+0000][1][safepoint    ] Total time for which application threads were stopped: 0.0002424 seconds, Stopping threads took: 0.0001027 seconds
[2021-12-31T03:22:54.193+0000][1][safepoint    ] Application time: 1.0011265 seconds
[2021-12-31T03:22:54.193+0000][1][safepoint    ] Entering safepoint region: Cleanup
[2021-12-31T03:22:54.194+0000][1][safepoint    ] Leaving safepoint region
[2021-12-31T03:22:54.194+0000][1][safepoint    ] Total time for which application threads were stopped: 0.0007187 seconds, Stopping threads took: 0.0004689 seconds
[2021-12-31T03:22:55.195+0000][1][safepoint    ] Application time: 1.0009599 seconds
[2021-12-31T03:22:55.195+0000][1][safepoint    ] Entering safepoint region: Cleanup
[2021-12-31T03:22:55.195+0000][1][safepoint    ] Leaving safepoint region
[2021-12-31T03:22:55.195+0000][1][safepoint    ] Total time for which application threads were stopped: 0.0002336 seconds, Stopping threads took: 0.0001038 seconds
[2021-12-31T03:22:56.199+0000][1][safepoint    ] Application time: 1.0031606 seconds
[2021-12-31T03:22:56.199+0000][1][safepoint    ] Entering safepoint region: Cleanup
[2021-12-31T03:22:56.199+0000][1][safepoint    ] Leaving safepoint region
[2021-12-31T03:22:56.199+0000][1][safepoint    ] Total time for which application threads were stopped: 0.0002312 seconds, Stopping threads took: 0.0001032 seconds
[2021-12-31T03:22:57.199+0000][1][safepoint    ] Application time: 1.0003124 seconds
[2021-12-31T03:22:57.200+0000][1][safepoint    ] Entering safepoint region: Cleanup
[2021-12-31T03:22:57.200+0000][1][safepoint    ] Leaving safepoint region
[2021-12-31T03:22:57.200+0000][1][safepoint    ] Total time for which application threads were stopped: 0.0002338 seconds, Stopping threads took: 0.0001039 seconds
[2021-12-31T03:22:58.208+0000][1][safepoint    ] Application time: 1.0075860 seconds
[2021-12-31T03:22:58.208+0000][1][safepoint    ] Entering safepoint region: Cleanup
[2021-12-31T03:22:58.208+0000][1][safepoint    ] Leaving safepoint region
[2021-12-31T03:22:58.208+0000][1][safepoint    ] Total time for which application threads were stopped: 0.0006015 seconds, Stopping threads took: 0.0003009 seconds
[2021-12-31T03:22:59.217+0000][1][safepoint    ] Application time: 1.0082457 seconds
[2021-12-31T03:22:59.217+0000][1][safepoint    ] Entering safepoint region: Cleanup
[2021-12-31T03:22:59.217+0000][1][safepoint    ] Leaving safepoint region
[2021-12-31T03:22:59.218+0000][1][safepoint    ] Total time for which application threads were stopped: 0.0004981 seconds, Stopping threads took: 0.0002002 seconds
[2021-12-31T03:23:00.228+0000][1][safepoint    ] Application time: 1.0100167 seconds
[2021-12-31T03:23:00.228+0000][1][safepoint    ] Entering safepoint region: Cleanup
[2021-12-31T03:23:00.228+0000][1][safepoint    ] Leaving safepoint region
[2021-12-31T03:23:00.229+0000][1][safepoint    ] Total time for which application threads were stopped: 0.0004286 seconds, Stopping threads took: 0.0001932 seconds
[2021-12-31T03:23:01.229+0000][1][safepoint    ] Application time: 1.0003127 seconds
[2021-12-31T03:23:01.229+0000][1][safepoint    ] Entering safepoint region: Cleanup
[2021-12-31T03:23:01.230+0000][1][safepoint    ] Leaving safepoint region
[2021-12-31T03:23:01.230+0000][1][safepoint    ] Total time for which application threads were stopped: 0.0002415 seconds, Stopping threads took: 0.0001049 seconds
[2021-12-31T03:23:02.231+0000][1][safepoint    ] Application time: 1.0017212 seconds
[2021-12-31T03:23:02.232+0000][1][safepoint    ] Entering safepoint region: Cleanup
[2021-12-31T03:23:02.232+0000][1][safepoint    ] Leaving safepoint region
[2021-12-31T03:23:02.232+0000][1][safepoint    ] Total time for which application threads were stopped: 0.0004342 seconds, Stopping threads took: 0.0001965 seconds
[2021-12-31T03:23:03.235+0000][1][safepoint    ] Application time: 1.0026969 seconds
[2021-12-31T03:23:03.236+0000][1][safepoint    ] Entering safepoint region: Cleanup
[2021-12-31T03:23:03.236+0000][1][safepoint    ] Leaving safepoint region
[2021-12-31T03:23:03.236+0000][1][safepoint    ] Total time for which application threads were stopped: 0.0006860 seconds, Stopping threads took: 0.0003516 seconds
[2021-12-31T03:23:04.237+0000][1][safepoint    ] Application time: 1.0010500 seconds
[2021-12-31T03:23:04.238+0000][1][safepoint    ] Entering safepoint region: Cleanup
[2021-12-31T03:23:04.238+0000][1][safepoint    ] Leaving safepoint region
[2021-12-31T03:23:04.238+0000][1][safepoint    ] Total time for which application threads were stopped: 0.0002195 seconds, Stopping threads took: 0.0000934 seconds
[2021-12-31T03:23:05.241+0000][1][safepoint    ] Application time: 1.0027786 seconds
[2021-12-31T03:23:05.241+0000][1][safepoint    ] Entering safepoint region: Cleanup
[2021-12-31T03:23:05.241+0000][1][safepoint    ] Leaving safepoint region
[2021-12-31T03:23:05.242+0000][1][safepoint    ] Total time for which application threads were stopped: 0.0006991 seconds, Stopping threads took: 0.0002184 seconds
[2021-12-31T03:23:06.243+0000][1][safepoint    ] Application time: 1.0012132 seconds
[2021-12-31T03:23:06.243+0000][1][safepoint    ] Entering safepoint region: Cleanup
[2021-12-31T03:23:06.244+0000][1][safepoint    ] Leaving safepoint region
[2021-12-31T03:23:06.244+0000][1][safepoint    ] Total time for which application threads were stopped: 0.0002351 seconds, Stopping threads took: 0.0001043 seconds
[2021-12-31T03:23:07.247+0000][1][safepoint    ] Application time: 1.0031018 seconds
[2021-12-31T03:23:07.247+0000][1][safepoint    ] Entering safepoint region: Cleanup
[2021-12-31T03:23:07.248+0000][1][safepoint    ] Leaving safepoint region
[2021-12-31T03:23:07.248+0000][1][safepoint    ] Total time for which application threads were stopped: 0.0008347 seconds, Stopping threads took: 0.0005034 seconds
[2021-12-31T03:23:08.250+0000][1][safepoint    ] Application time: 1.0015263 seconds
[2021-12-31T03:23:08.250+0000][1][safepoint    ] Entering safepoint region: Cleanup
[2021-12-31T03:23:08.250+0000][1][safepoint    ] Leaving safepoint region
[2021-12-31T03:23:08.250+0000][1][safepoint    ] Total time for which application threads were stopped: 0.0002339 seconds, Stopping threads took: 0.0001001 seconds
[2021-12-31T03:23:09.252+0000][1][safepoint    ] Application time: 1.0012623 seconds
[2021-12-31T03:23:09.252+0000][1][safepoint    ] Entering safepoint region: Cleanup
[2021-12-31T03:23:09.252+0000][1][safepoint    ] Leaving safepoint region
[2021-12-31T03:23:09.252+0000][1][safepoint    ] Total time for which application threads were stopped: 0.0002385 seconds, Stopping threads took: 0.0001037 seconds
[2021-12-31T03:23:10.255+0000][1][safepoint    ] Application time: 1.0028954 seconds
[2021-12-31T03:23:10.255+0000][1][safepoint    ] Entering safepoint region: Cleanup
[2021-12-31T03:23:10.255+0000][1][safepoint    ] Leaving safepoint region
[2021-12-31T03:23:10.255+0000][1][safepoint    ] Total time for which application threads were stopped: 0.0002354 seconds, Stopping threads took: 0.0001000 seconds
[2021-12-31T03:23:11.256+0000][1][safepoint    ] Application time: 1.0008242 seconds
[2021-12-31T03:23:11.256+0000][1][safepoint    ] Entering safepoint region: Cleanup
[2021-12-31T03:23:11.257+0000][1][safepoint    ] Leaving safepoint region
[2021-12-31T03:23:11.257+0000][1][safepoint    ] Total time for which application threads were stopped: 0.0002059 seconds, Stopping threads took: 0.0000899 seconds
[2021-12-31T03:23:12.259+0000][1][safepoint    ] Application time: 1.0018220 seconds
[2021-12-31T03:23:12.259+0000][1][safepoint    ] Entering safepoint region: Cleanup
[2021-12-31T03:23:12.259+0000][1][safepoint    ] Leaving safepoint region
[2021-12-31T03:23:12.259+0000][1][safepoint    ] Total time for which application threads were stopped: 0.0005127 seconds, Stopping threads took: 0.0002020 seconds
[2021-12-31T03:23:13.263+0000][1][safepoint    ] Application time: 1.0031958 seconds
[2021-12-31T03:23:13.263+0000][1][safepoint    ] Entering safepoint region: Cleanup
[2021-12-31T03:23:13.263+0000][1][safepoint    ] Leaving safepoint region
[2021-12-31T03:23:13.263+0000][1][safepoint    ] Total time for which application threads were stopped: 0.0002236 seconds, Stopping threads took: 0.0000971 seconds
[2021-12-31T03:23:14.264+0000][1][safepoint    ] Application time: 1.0008281 seconds
[2021-12-31T03:23:14.264+0000][1][safepoint    ] Entering safepoint region: Cleanup
[2021-12-31T03:23:14.264+0000][1][safepoint    ] Leaving safepoint region
[2021-12-31T03:23:14.264+0000][1][safepoint    ] Total time for which application threads were stopped: 0.0002162 seconds, Stopping threads took: 0.0000945 seconds
[2021-12-31T03:23:15.267+0000][1][safepoint    ] Application time: 1.0027494 seconds
[2021-12-31T03:23:15.268+0000][1][safepoint    ] Entering safepoint region: Cleanup
[2021-12-31T03:23:15.268+0000][1][safepoint    ] Leaving safepoint region
[2021-12-31T03:23:15.268+0000][1][safepoint    ] Total time for which application threads were stopped: 0.0002801 seconds, Stopping threads took: 0.0001357 seconds
[2021-12-31T03:23:16.271+0000][1][safepoint    ] Application time: 1.0033021 seconds
[2021-12-31T03:23:16.272+0000][1][safepoint    ] Entering safepoint region: Cleanup
[2021-12-31T03:23:16.272+0000][1][safepoint    ] Leaving safepoint region
[2021-12-31T03:23:16.272+0000][1][safepoint    ] Total time for which application threads were stopped: 0.0005313 seconds, Stopping threads took: 0.0002390 seconds
[2021-12-31T03:23:17.275+0000][1][safepoint    ] Application time: 1.0024172 seconds
[2021-12-31T03:23:17.275+0000][1][safepoint    ] Entering safepoint region: Cleanup
[2021-12-31T03:23:17.275+0000][1][safepoint    ] Leaving safepoint region
[2021-12-31T03:23:17.275+0000][1][safepoint    ] Total time for which application threads were stopped: 0.0002576 seconds, Stopping threads took: 0.0001157 seconds
[2021-12-31T03:23:18.119+0000][1][safepoint    ] Application time: 0.8438428 seconds
[2021-12-31T03:23:18.120+0000][1][safepoint    ] Entering safepoint region: RevokeBias
[2021-12-31T03:23:18.120+0000][1][safepoint    ] Leaving safepoint region
[2021-12-31T03:23:18.120+0000][1][safepoint    ] Total time for which application threads were stopped: 0.0003699 seconds, Stopping threads took: 0.0001532 seconds
[2021-12-31T03:23:19.148+0000][1][safepoint    ] Application time: 1.0275345 seconds
[2021-12-31T03:23:19.148+0000][1][safepoint    ] Entering safepoint region: Cleanup
[2021-12-31T03:23:19.148+0000][1][safepoint    ] Leaving safepoint region
[2021-12-31T03:23:19.148+0000][1][safepoint    ] Total time for which application threads were stopped: 0.0002531 seconds, Stopping threads took: 0.0001204 seconds
[2021-12-31T03:23:20.150+0000][1][safepoint    ] Application time: 1.0018088 seconds
[2021-12-31T03:23:20.151+0000][1][safepoint    ] Entering safepoint region: Cleanup
[2021-12-31T03:23:20.151+0000][1][safepoint    ] Leaving safepoint region
[2021-12-31T03:23:20.151+0000][1][safepoint    ] Total time for which application threads were stopped: 0.0005420 seconds, Stopping threads took: 0.0002490 seconds
[2021-12-31T03:23:21.153+0000][1][safepoint    ] Application time: 1.0013681 seconds
[2021-12-31T03:23:21.153+0000][1][safepoint    ] Entering safepoint region: Cleanup
[2021-12-31T03:23:21.153+0000][1][safepoint    ] Leaving safepoint region
[2021-12-31T03:23:21.153+0000][1][safepoint    ] Total time for which application threads were stopped: 0.0002871 seconds, Stopping threads took: 0.0001422 seconds
[2021-12-31T03:23:22.156+0000][1][safepoint    ] Application time: 1.0023592 seconds
[2021-12-31T03:23:22.156+0000][1][safepoint    ] Entering safepoint region: Cleanup
[2021-12-31T03:23:22.156+0000][1][safepoint    ] Leaving safepoint region
[2021-12-31T03:23:22.156+0000][1][safepoint    ] Total time for which application threads were stopped: 0.0002506 seconds, Stopping threads took: 0.0001044 seconds
[2021-12-31T03:23:23.158+0000][1][safepoint    ] Application time: 1.0016850 seconds
[2021-12-31T03:23:23.158+0000][1][safepoint    ] Entering safepoint region: Cleanup
[2021-12-31T03:23:23.158+0000][1][safepoint    ] Leaving safepoint region
[2021-12-31T03:23:23.158+0000][1][safepoint    ] Total time for which application threads were stopped: 0.0002345 seconds, Stopping threads took: 0.0001041 seconds
[2021-12-31T03:23:24.159+0000][1][safepoint    ] Application time: 1.0009176 seconds
[2021-12-31T03:23:24.160+0000][1][safepoint    ] Entering safepoint region: Cleanup
[2021-12-31T03:23:24.160+0000][1][safepoint    ] Leaving safepoint region
[2021-12-31T03:23:24.160+0000][1][safepoint    ] Total time for which application threads were stopped: 0.0004321 seconds, Stopping threads took: 0.0002101 seconds
[2021-12-31T03:23:25.163+0000][1][safepoint    ] Application time: 1.0031849 seconds
[2021-12-31T03:23:25.164+0000][1][safepoint    ] Entering safepoint region: Cleanup
[2021-12-31T03:23:25.164+0000][1][safepoint    ] Leaving safepoint region
[2021-12-31T03:23:25.164+0000][1][safepoint    ] Total time for which application threads were stopped: 0.0002103 seconds, Stopping threads took: 0.0000957 seconds
[2021-12-31T03:23:26.166+0000][1][safepoint    ] Application time: 1.0024618 seconds
[2021-12-31T03:23:26.167+0000][1][safepoint    ] Entering safepoint region: Cleanup
[2021-12-31T03:23:26.167+0000][1][safepoint    ] Leaving safepoint region
[2021-12-31T03:23:26.167+0000][1][safepoint    ] Total time for which application threads were stopped: 0.0002228 seconds, Stopping threads took: 0.0000968 seconds
[2021-12-31T03:23:27.169+0000][1][safepoint    ] Application time: 1.0022136 seconds
[2021-12-31T03:23:27.169+0000][1][safepoint    ] Entering safepoint region: Cleanup
[2021-12-31T03:23:27.169+0000][1][safepoint    ] Leaving safepoint region
[2021-12-31T03:23:27.170+0000][1][safepoint    ] Total time for which application threads were stopped: 0.0002037 seconds, Stopping threads took: 0.0000868 seconds
[2021-12-31T03:23:28.172+0000][1][safepoint    ] Application time: 1.0025931 seconds
[2021-12-31T03:23:28.173+0000][1][safepoint    ] Entering safepoint region: Cleanup
[2021-12-31T03:23:28.173+0000][1][safepoint    ] Leaving safepoint region
[2021-12-31T03:23:28.173+0000][1][safepoint    ] Total time for which application threads were stopped: 0.0006892 seconds, Stopping threads took: 0.0002266 seconds
[2021-12-31T03:23:29.175+0000][1][safepoint    ] Application time: 1.0016333 seconds
[2021-12-31T03:23:29.175+0000][1][safepoint    ] Entering safepoint region: Cleanup
[2021-12-31T03:23:29.176+0000][1][safepoint    ] Leaving safepoint region
[2021-12-31T03:23:29.176+0000][1][safepoint    ] Total time for which application threads were stopped: 0.0002191 seconds, Stopping threads took: 0.0000918 seconds
[2021-12-31T03:23:30.179+0000][1][safepoint    ] Application time: 1.0034972 seconds
[2021-12-31T03:23:30.180+0000][1][safepoint    ] Entering safepoint region: Cleanup
[2021-12-31T03:23:30.180+0000][1][safepoint    ] Leaving safepoint region
[2021-12-31T03:23:30.180+0000][1][safepoint    ] Total time for which application threads were stopped: 0.0005751 seconds, Stopping threads took: 0.0002635 seconds
[2021-12-31T03:23:31.181+0000][1][safepoint    ] Application time: 1.0008247 seconds
[2021-12-31T03:23:31.181+0000][1][safepoint    ] Entering safepoint region: Cleanup
[2021-12-31T03:23:31.182+0000][1][safepoint    ] Leaving safepoint region
[2021-12-31T03:23:31.182+0000][1][safepoint    ] Total time for which application threads were stopped: 0.0003103 seconds, Stopping threads took: 0.0001291 seconds
[2021-12-31T03:23:32.185+0000][1][safepoint    ] Application time: 1.0027277 seconds
[2021-12-31T03:23:32.185+0000][1][safepoint    ] Entering safepoint region: Cleanup
[2021-12-31T03:23:32.185+0000][1][safepoint    ] Leaving safepoint region
[2021-12-31T03:23:32.185+0000][1][safepoint    ] Total time for which application threads were stopped: 0.0002256 seconds, Stopping threads took: 0.0000936 seconds
[2021-12-31T03:23:33.189+0000][1][safepoint    ] Application time: 1.0034390 seconds
[2021-12-31T03:23:33.189+0000][1][safepoint    ] Entering safepoint region: Cleanup
[2021-12-31T03:23:33.189+0000][1][safepoint    ] Leaving safepoint region
[2021-12-31T03:23:33.189+0000][1][safepoint    ] Total time for which application threads were stopped: 0.0002202 seconds, Stopping threads took: 0.0000943 seconds
[2021-12-31T03:23:34.191+0000][1][safepoint    ] Application time: 1.0020407 seconds
[2021-12-31T03:23:34.191+0000][1][safepoint    ] Entering safepoint region: Cleanup
[2021-12-31T03:23:34.192+0000][1][safepoint    ] Leaving safepoint region
[2021-12-31T03:23:34.192+0000][1][safepoint    ] Total time for which application threads were stopped: 0.0002250 seconds, Stopping threads took: 0.0000967 seconds
[2021-12-31T03:23:35.195+0000][1][safepoint    ] Application time: 1.0030840 seconds
[2021-12-31T03:23:35.195+0000][1][safepoint    ] Entering safepoint region: Cleanup
[2021-12-31T03:23:35.196+0000][1][safepoint    ] Leaving safepoint region
[2021-12-31T03:23:35.196+0000][1][safepoint    ] Total time for which application threads were stopped: 0.0006110 seconds, Stopping threads took: 0.0002985 seconds
[2021-12-31T03:23:36.198+0000][1][safepoint    ] Application time: 1.0018832 seconds
[2021-12-31T03:23:36.198+0000][1][safepoint    ] Entering safepoint region: Cleanup
[2021-12-31T03:23:36.198+0000][1][safepoint    ] Leaving safepoint region
[2021-12-31T03:23:36.198+0000][1][safepoint    ] Total time for which application threads were stopped: 0.0002574 seconds, Stopping threads took: 0.0001092 seconds
[2021-12-31T03:23:37.200+0000][1][safepoint    ] Application time: 1.0015888 seconds
[2021-12-31T03:23:37.200+0000][1][safepoint    ] Entering safepoint region: Cleanup
[2021-12-31T03:23:37.201+0000][1][safepoint    ] Leaving safepoint region
[2021-12-31T03:23:37.201+0000][1][safepoint    ] Total time for which application threads were stopped: 0.0004813 seconds, Stopping threads took: 0.0002119 seconds
[2021-12-31T03:23:38.204+0000][1][safepoint    ] Application time: 1.0028741 seconds
[2021-12-31T03:23:38.204+0000][1][safepoint    ] Entering safepoint region: Cleanup
[2021-12-31T03:23:38.204+0000][1][safepoint    ] Leaving safepoint region
[2021-12-31T03:23:38.204+0000][1][safepoint    ] Total time for which application threads were stopped: 0.0002203 seconds, Stopping threads took: 0.0000937 seconds
[2021-12-31T03:23:39.207+0000][1][safepoint    ] Application time: 1.0028167 seconds
[2021-12-31T03:23:39.208+0000][1][safepoint    ] Entering safepoint region: Cleanup
[2021-12-31T03:23:39.208+0000][1][safepoint    ] Leaving safepoint region
[2021-12-31T03:23:39.208+0000][1][safepoint    ] Total time for which application threads were stopped: 0.0005041 seconds, Stopping threads took: 0.0002019 seconds
[2021-12-31T03:23:40.210+0000][1][safepoint    ] Application time: 1.0015921 seconds
[2021-12-31T03:23:40.210+0000][1][safepoint    ] Entering safepoint region: Cleanup
[2021-12-31T03:23:40.210+0000][1][safepoint    ] Leaving safepoint region
[2021-12-31T03:23:40.210+0000][1][safepoint    ] Total time for which application threads were stopped: 0.0002051 seconds, Stopping threads took: 0.0000880 seconds
[2021-12-31T03:23:41.212+0000][1][safepoint    ] Application time: 1.0013704 seconds
[2021-12-31T03:23:41.212+0000][1][safepoint    ] Entering safepoint region: Cleanup
[2021-12-31T03:23:41.212+0000][1][safepoint    ] Leaving safepoint region
[2021-12-31T03:23:41.212+0000][1][safepoint    ] Total time for which application threads were stopped: 0.0003789 seconds, Stopping threads took: 0.0001451 seconds
[2021-12-31T03:23:42.214+0000][1][safepoint    ] Application time: 1.0015356 seconds
[2021-12-31T03:23:42.214+0000][1][safepoint    ] Entering safepoint region: Cleanup
[2021-12-31T03:23:42.215+0000][1][safepoint    ] Leaving safepoint region
[2021-12-31T03:23:42.215+0000][1][safepoint    ] Total time for which application threads were stopped: 0.0004594 seconds, Stopping threads took: 0.0001949 seconds
[2021-12-31T03:23:43.219+0000][1][safepoint    ] Application time: 1.0036267 seconds
[2021-12-31T03:23:43.219+0000][1][safepoint    ] Entering safepoint region: Cleanup
[2021-12-31T03:23:43.219+0000][1][safepoint    ] Leaving safepoint region
[2021-12-31T03:23:43.219+0000][1][safepoint    ] Total time for which application threads were stopped: 0.0002249 seconds, Stopping threads took: 0.0000982 seconds
[2021-12-31T03:23:44.220+0000][1][safepoint    ] Application time: 1.0012902 seconds
[2021-12-31T03:23:44.221+0000][1][safepoint    ] Entering safepoint region: Cleanup
[2021-12-31T03:23:44.221+0000][1][safepoint    ] Leaving safepoint region
[2021-12-31T03:23:44.221+0000][1][safepoint    ] Total time for which application threads were stopped: 0.0002029 seconds, Stopping threads took: 0.0000877 seconds
[2021-12-31T03:23:45.224+0000][1][safepoint    ] Application time: 1.0029994 seconds
[2021-12-31T03:23:45.224+0000][1][safepoint    ] Entering safepoint region: Cleanup
[2021-12-31T03:23:45.225+0000][1][safepoint    ] Leaving safepoint region
[2021-12-31T03:23:45.225+0000][1][safepoint    ] Total time for which application threads were stopped: 0.0005197 seconds, Stopping threads took: 0.0002226 seconds
[2021-12-31T03:23:46.232+0000][1][safepoint    ] Application time: 1.0072536 seconds
[2021-12-31T03:23:46.233+0000][1][safepoint    ] Entering safepoint region: Cleanup
[2021-12-31T03:23:46.233+0000][1][safepoint    ] Leaving safepoint region
[2021-12-31T03:23:46.233+0000][1][safepoint    ] Total time for which application threads were stopped: 0.0005416 seconds, Stopping threads took: 0.0002304 seconds
[2021-12-31T03:23:47.237+0000][1][safepoint    ] Application time: 1.0032681 seconds
[2021-12-31T03:23:47.237+0000][1][safepoint    ] Entering safepoint region: Cleanup
[2021-12-31T03:23:47.237+0000][1][safepoint    ] Leaving safepoint region
[2021-12-31T03:23:47.237+0000][1][safepoint    ] Total time for which application threads were stopped: 0.0002370 seconds, Stopping threads took: 0.0001010 seconds
[2021-12-31T03:23:48.240+0000][1][safepoint    ] Application time: 1.0023144 seconds
[2021-12-31T03:23:48.240+0000][1][safepoint    ] Entering safepoint region: Cleanup
[2021-12-31T03:23:48.240+0000][1][safepoint    ] Leaving safepoint region
[2021-12-31T03:23:48.240+0000][1][safepoint    ] Total time for which application threads were stopped: 0.0003287 seconds, Stopping threads took: 0.0000925 seconds
[2021-12-31T03:23:49.241+0000][1][safepoint    ] Application time: 1.0003082 seconds
[2021-12-31T03:23:49.241+0000][1][safepoint    ] Entering safepoint region: Cleanup
[2021-12-31T03:23:49.241+0000][1][safepoint    ] Leaving safepoint region
[2021-12-31T03:23:49.241+0000][1][safepoint    ] Total time for which application threads were stopped: 0.0002522 seconds, Stopping threads took: 0.0001085 seconds
[2021-12-31T03:23:50.244+0000][1][safepoint    ] Application time: 1.0031050 seconds
[2021-12-31T03:23:50.244+0000][1][safepoint    ] Entering safepoint region: Cleanup
[2021-12-31T03:23:50.245+0000][1][safepoint    ] Leaving safepoint region
[2021-12-31T03:23:50.245+0000][1][safepoint    ] Total time for which application threads were stopped: 0.0004535 seconds, Stopping threads took: 0.0002035 seconds
[2021-12-31T03:23:51.245+0000][1][safepoint    ] Application time: 1.0003607 seconds
[2021-12-31T03:23:51.246+0000][1][safepoint    ] Entering safepoint region: Cleanup
[2021-12-31T03:23:51.246+0000][1][safepoint    ] Leaving safepoint region
[2021-12-31T03:23:51.246+0000][1][safepoint    ] Total time for which application threads were stopped: 0.0005086 seconds, Stopping threads took: 0.0002034 seconds
[2021-12-31T03:23:52.248+0000][1][safepoint    ] Application time: 1.0013935 seconds
[2021-12-31T03:23:52.248+0000][1][safepoint    ] Entering safepoint region: Cleanup
[2021-12-31T03:23:52.248+0000][1][safepoint    ] Leaving safepoint region
[2021-12-31T03:23:52.248+0000][1][safepoint    ] Total time for which application threads were stopped: 0.0002205 seconds, Stopping threads took: 0.0000943 seconds
[2021-12-31T03:23:53.250+0000][1][safepoint    ] Application time: 1.0010767 seconds
[2021-12-31T03:23:53.250+0000][1][safepoint    ] Entering safepoint region: Cleanup
[2021-12-31T03:23:53.250+0000][1][safepoint    ] Leaving safepoint region
[2021-12-31T03:23:53.250+0000][1][safepoint    ] Total time for which application threads were stopped: 0.0003845 seconds, Stopping threads took: 0.0001722 seconds
[2021-12-31T03:23:54.252+0000][1][safepoint    ] Application time: 1.0016168 seconds
[2021-12-31T03:23:54.252+0000][1][safepoint    ] Entering safepoint region: Cleanup
[2021-12-31T03:23:54.253+0000][1][safepoint    ] Leaving safepoint region
[2021-12-31T03:23:54.253+0000][1][safepoint    ] Total time for which application threads were stopped: 0.0004562 seconds, Stopping threads took: 0.0002007 seconds
[2021-12-31T03:23:55.257+0000][1][safepoint    ] Application time: 1.0042685 seconds
[2021-12-31T03:23:55.258+0000][1][safepoint    ] Entering safepoint region: Cleanup
[2021-12-31T03:23:55.258+0000][1][safepoint    ] Leaving safepoint region
[2021-12-31T03:23:55.258+0000][1][safepoint    ] Total time for which application threads were stopped: 0.0004593 seconds, Stopping threads took: 0.0002387 seconds
[2021-12-31T03:23:56.261+0000][1][safepoint    ] Application time: 1.0031803 seconds
[2021-12-31T03:23:56.262+0000][1][safepoint    ] Entering safepoint region: Cleanup
[2021-12-31T03:23:56.262+0000][1][safepoint    ] Leaving safepoint region
[2021-12-31T03:23:56.262+0000][1][safepoint    ] Total time for which application threads were stopped: 0.0003003 seconds, Stopping threads took: 0.0001376 seconds
[2021-12-31T03:23:57.263+0000][1][safepoint    ] Application time: 1.0005669 seconds
[2021-12-31T03:23:57.263+0000][1][safepoint    ] Entering safepoint region: Cleanup
[2021-12-31T03:23:57.263+0000][1][safepoint    ] Leaving safepoint region
[2021-12-31T03:23:57.263+0000][1][safepoint    ] Total time for which application threads were stopped: 0.0002245 seconds, Stopping threads took: 0.0000968 seconds
[2021-12-31T03:23:58.266+0000][1][safepoint    ] Application time: 1.0032129 seconds
[2021-12-31T03:23:58.267+0000][1][safepoint    ] Entering safepoint region: Cleanup
[2021-12-31T03:23:58.267+0000][1][safepoint    ] Leaving safepoint region
[2021-12-31T03:23:58.267+0000][1][safepoint    ] Total time for which application threads were stopped: 0.0002833 seconds, Stopping threads took: 0.0001233 seconds
[2021-12-31T03:23:59.269+0000][1][safepoint    ] Application time: 1.0019484 seconds
[2021-12-31T03:23:59.269+0000][1][safepoint    ] Entering safepoint region: Cleanup
[2021-12-31T03:23:59.269+0000][1][safepoint    ] Leaving safepoint region
[2021-12-31T03:23:59.269+0000][1][safepoint    ] Total time for which application threads were stopped: 0.0002514 seconds, Stopping threads took: 0.0001111 seconds
[2021-12-31T03:24:00.271+0000][1][safepoint    ] Application time: 1.0018738 seconds
[2021-12-31T03:24:00.272+0000][1][safepoint    ] Entering safepoint region: Cleanup
[2021-12-31T03:24:00.272+0000][1][safepoint    ] Leaving safepoint region
[2021-12-31T03:24:00.272+0000][1][safepoint    ] Total time for which application threads were stopped: 0.0002411 seconds, Stopping threads took: 0.0001085 seconds
[2021-12-31T03:24:01.275+0000][1][safepoint    ] Application time: 1.0033194 seconds
[2021-12-31T03:24:01.275+0000][1][safepoint    ] Entering safepoint region: Cleanup
[2021-12-31T03:24:01.275+0000][1][safepoint    ] Leaving safepoint region
[2021-12-31T03:24:01.276+0000][1][safepoint    ] Total time for which application threads were stopped: 0.0002351 seconds, Stopping threads took: 0.0001023 seconds
[2021-12-31T03:24:02.279+0000][1][safepoint    ] Application time: 1.0032995 seconds
[2021-12-31T03:24:02.279+0000][1][safepoint    ] Entering safepoint region: Cleanup
[2021-12-31T03:24:02.280+0000][1][safepoint    ] Leaving safepoint region
[2021-12-31T03:24:02.280+0000][1][safepoint    ] Total time for which application threads were stopped: 0.0004365 seconds, Stopping threads took: 0.0001874 seconds
[2021-12-31T03:24:03.284+0000][1][safepoint    ] Application time: 1.0037788 seconds
[2021-12-31T03:24:03.284+0000][1][safepoint    ] Entering safepoint region: Cleanup
[2021-12-31T03:24:03.284+0000][1][safepoint    ] Leaving safepoint region
[2021-12-31T03:24:03.284+0000][1][safepoint    ] Total time for which application threads were stopped: 0.0004498 seconds, Stopping threads took: 0.0002072 seconds
[2021-12-31T03:24:04.288+0000][1][safepoint    ] Application time: 1.0029328 seconds
[2021-12-31T03:24:04.288+0000][1][safepoint    ] Entering safepoint region: Cleanup
[2021-12-31T03:24:04.288+0000][1][safepoint    ] Leaving safepoint region
[2021-12-31T03:24:04.289+0000][1][safepoint    ] Total time for which application threads were stopped: 0.0009144 seconds, Stopping threads took: 0.0003750 seconds
[2021-12-31T03:24:05.290+0000][1][safepoint    ] Application time: 1.0009585 seconds
[2021-12-31T03:24:05.291+0000][1][safepoint    ] Entering safepoint region: Cleanup
[2021-12-31T03:24:05.291+0000][1][safepoint    ] Leaving safepoint region
[2021-12-31T03:24:05.291+0000][1][safepoint    ] Total time for which application threads were stopped: 0.0008038 seconds, Stopping threads took: 0.0004463 seconds
[2021-12-31T03:24:06.302+0000][1][safepoint    ] Application time: 1.0102566 seconds
[2021-12-31T03:24:06.302+0000][1][safepoint    ] Entering safepoint region: Cleanup
[2021-12-31T03:24:06.303+0000][1][safepoint    ] Leaving safepoint region
[2021-12-31T03:24:06.303+0000][1][safepoint    ] Total time for which application threads were stopped: 0.0006337 seconds, Stopping threads took: 0.0002898 seconds
[2021-12-31T03:24:07.310+0000][1][safepoint    ] Application time: 1.0065075 seconds
[2021-12-31T03:24:07.310+0000][1][safepoint    ] Entering safepoint region: Cleanup
[2021-12-31T03:24:07.311+0000][1][safepoint    ] Leaving safepoint region
[2021-12-31T03:24:07.311+0000][1][safepoint    ] Total time for which application threads were stopped: 0.0007458 seconds, Stopping threads took: 0.0004888 seconds
[2021-12-31T03:24:08.311+0000][1][safepoint    ] Application time: 1.0003689 seconds
[2021-12-31T03:24:08.312+0000][1][safepoint    ] Entering safepoint region: Cleanup
[2021-12-31T03:24:08.312+0000][1][safepoint    ] Leaving safepoint region
[2021-12-31T03:24:08.312+0000][1][safepoint    ] Total time for which application threads were stopped: 0.0006432 seconds, Stopping threads took: 0.0002943 seconds
[2021-12-31T03:24:09.313+0000][1][safepoint    ] Application time: 1.0007765 seconds
[2021-12-31T03:24:09.314+0000][1][safepoint    ] Entering safepoint region: Cleanup
[2021-12-31T03:24:09.314+0000][1][safepoint    ] Leaving safepoint region
[2021-12-31T03:24:09.314+0000][1][safepoint    ] Total time for which application threads were stopped: 0.0002192 seconds, Stopping threads took: 0.0000957 seconds
[2021-12-31T03:24:10.316+0000][1][safepoint    ] Application time: 1.0023674 seconds
[2021-12-31T03:24:10.317+0000][1][safepoint    ] Entering safepoint region: Cleanup
[2021-12-31T03:24:10.317+0000][1][safepoint    ] Leaving safepoint region
[2021-12-31T03:24:10.317+0000][1][safepoint    ] Total time for which application threads were stopped: 0.0005141 seconds, Stopping threads took: 0.0002336 seconds
[2021-12-31T03:24:11.318+0000][1][safepoint    ] Application time: 1.0005211 seconds
[2021-12-31T03:24:11.318+0000][1][safepoint    ] Entering safepoint region: Cleanup
[2021-12-31T03:24:11.319+0000][1][safepoint    ] Leaving safepoint region
[2021-12-31T03:24:11.319+0000][1][safepoint    ] Total time for which application threads were stopped: 0.0005475 seconds, Stopping threads took: 0.0002556 seconds
[2021-12-31T03:24:12.320+0000][1][safepoint    ] Application time: 1.0008446 seconds
[2021-12-31T03:24:12.320+0000][1][safepoint    ] Entering safepoint region: Cleanup
[2021-12-31T03:24:12.320+0000][1][safepoint    ] Leaving safepoint region
[2021-12-31T03:24:12.321+0000][1][safepoint    ] Total time for which application threads were stopped: 0.0005924 seconds, Stopping threads took: 0.0002311 seconds
[2021-12-31T03:24:13.321+0000][1][safepoint    ] Application time: 1.0002547 seconds
[2021-12-31T03:24:13.321+0000][1][safepoint    ] Entering safepoint region: Cleanup
[2021-12-31T03:24:13.322+0000][1][safepoint    ] Leaving safepoint region
[2021-12-31T03:24:13.322+0000][1][safepoint    ] Total time for which application threads were stopped: 0.0002349 seconds, Stopping threads took: 0.0001126 seconds
[2021-12-31T03:24:14.324+0000][1][safepoint    ] Application time: 1.0027111 seconds
[2021-12-31T03:24:14.325+0000][1][safepoint    ] Entering safepoint region: Cleanup
[2021-12-31T03:24:14.325+0000][1][safepoint    ] Leaving safepoint region
[2021-12-31T03:24:14.325+0000][1][safepoint    ] Total time for which application threads were stopped: 0.0002854 seconds, Stopping threads took: 0.0001467 seconds
[2021-12-31T03:24:15.328+0000][1][safepoint    ] Application time: 1.0028618 seconds
[2021-12-31T03:24:15.328+0000][1][safepoint    ] Entering safepoint region: Cleanup
[2021-12-31T03:24:15.328+0000][1][safepoint    ] Leaving safepoint region
[2021-12-31T03:24:15.329+0000][1][safepoint    ] Total time for which application threads were stopped: 0.0002178 seconds, Stopping threads took: 0.0000979 seconds
[2021-12-31T03:24:16.330+0000][1][safepoint    ] Application time: 1.0017117 seconds
[2021-12-31T03:24:16.331+0000][1][safepoint    ] Entering safepoint region: Cleanup
[2021-12-31T03:24:16.331+0000][1][safepoint    ] Leaving safepoint region
[2021-12-31T03:24:16.331+0000][1][safepoint    ] Total time for which application threads were stopped: 0.0002216 seconds, Stopping threads took: 0.0000940 seconds
[2021-12-31T03:24:17.332+0000][1][safepoint    ] Application time: 1.0007463 seconds
[2021-12-31T03:24:17.332+0000][1][safepoint    ] Entering safepoint region: Cleanup
[2021-12-31T03:24:17.332+0000][1][safepoint    ] Leaving safepoint region
[2021-12-31T03:24:17.332+0000][1][safepoint    ] Total time for which application threads were stopped: 0.0002023 seconds, Stopping threads took: 0.0000888 seconds
[2021-12-31T03:24:18.131+0000][1][safepoint    ] Application time: 0.7990677 seconds
[2021-12-31T03:24:18.131+0000][1][safepoint    ] Entering safepoint region: RevokeBias
[2021-12-31T03:24:18.132+0000][1][safepoint    ] Leaving safepoint region
[2021-12-31T03:24:18.132+0000][1][safepoint    ] Total time for which application threads were stopped: 0.0004137 seconds, Stopping threads took: 0.0001727 seconds
[2021-12-31T03:24:19.135+0000][1][safepoint    ] Application time: 1.0033706 seconds
[2021-12-31T03:24:19.136+0000][1][safepoint    ] Entering safepoint region: Cleanup
[2021-12-31T03:24:19.136+0000][1][safepoint    ] Leaving safepoint region
[2021-12-31T03:24:19.136+0000][1][safepoint    ] Total time for which application threads were stopped: 0.0007350 seconds, Stopping threads took: 0.0002338 seconds
[2021-12-31T03:24:20.138+0000][1][safepoint    ] Application time: 1.0015125 seconds
[2021-12-31T03:24:20.138+0000][1][safepoint    ] Entering safepoint region: Cleanup
[2021-12-31T03:24:20.139+0000][1][safepoint    ] Leaving safepoint region
[2021-12-31T03:24:20.139+0000][1][safepoint    ] Total time for which application threads were stopped: 0.0002928 seconds, Stopping threads took: 0.0001019 seconds
[2021-12-31T03:24:20.352+0000][1][safepoint    ] Application time: 0.2134587 seconds
[2021-12-31T03:24:20.353+0000][1][safepoint    ] Entering safepoint region: GenCollectForAllocation
[2021-12-31T03:24:20.353+0000][1][gc,start     ] GC(47) Pause Young (Allocation Failure)
[2021-12-31T03:24:20.354+0000][1][gc,task      ] GC(47) Using 1 workers of 1 for evacuation
[2021-12-31T03:24:20.358+0000][1][gc,age       ] GC(47) Desired survivor size 4358144 bytes, new threshold 6 (max threshold 6)
[2021-12-31T03:24:20.358+0000][1][gc,age       ] GC(47) Age table with threshold 6 (max threshold 6)
[2021-12-31T03:24:20.359+0000][1][gc,age       ] GC(47) - age   1:      16792 bytes,      16792 total
[2021-12-31T03:24:20.359+0000][1][gc,age       ] GC(47) - age   2:        128 bytes,      16920 total
[2021-12-31T03:24:20.359+0000][1][gc,age       ] GC(47) - age   3:       1136 bytes,      18056 total
[2021-12-31T03:24:20.359+0000][1][gc,age       ] GC(47) - age   4:        448 bytes,      18504 total
[2021-12-31T03:24:20.359+0000][1][gc,age       ] GC(47) - age   5:       1072 bytes,      19576 total
[2021-12-31T03:24:20.360+0000][1][gc,heap      ] GC(47) ParNew: 68185K->19K(76672K)
[2021-12-31T03:24:20.360+0000][1][gc,heap      ] GC(47) CMS: 127747K->127747K(439104K)
[2021-12-31T03:24:20.360+0000][1][gc,metaspace ] GC(47) Metaspace: 73624K->73624K(1116160K)
[2021-12-31T03:24:20.360+0000][1][gc           ] GC(47) Pause Young (Allocation Failure) 191M->124M(503M) 6.749ms
[2021-12-31T03:24:20.360+0000][1][gc,cpu       ] GC(47) User=0.01s Sys=0.00s Real=0.01s
[2021-12-31T03:24:20.360+0000][1][safepoint    ] Leaving safepoint region
[2021-12-31T03:24:20.361+0000][1][safepoint    ] Total time for which application threads were stopped: 0.0076690 seconds, Stopping threads took: 0.0002492 seconds
[2021-12-31T03:24:21.361+0000][1][safepoint    ] Application time: 1.0003669 seconds
[2021-12-31T03:24:21.362+0000][1][safepoint    ] Entering safepoint region: Cleanup
[2021-12-31T03:24:21.362+0000][1][safepoint    ] Leaving safepoint region
[2021-12-31T03:24:21.362+0000][1][safepoint    ] Total time for which application threads were stopped: 0.0005213 seconds, Stopping threads took: 0.0002204 seconds
[2021-12-31T03:24:22.363+0000][1][safepoint    ] Application time: 1.0007846 seconds
[2021-12-31T03:24:22.363+0000][1][safepoint    ] Entering safepoint region: Cleanup
[2021-12-31T03:24:22.363+0000][1][safepoint    ] Leaving safepoint region
[2021-12-31T03:24:22.363+0000][1][safepoint    ] Total time for which application threads were stopped: 0.0002421 seconds, Stopping threads took: 0.0001033 seconds
[2021-12-31T03:24:23.368+0000][1][safepoint    ] Application time: 1.0042283 seconds
[2021-12-31T03:24:23.368+0000][1][safepoint    ] Entering safepoint region: Cleanup
[2021-12-31T03:24:23.368+0000][1][safepoint    ] Leaving safepoint region
[2021-12-31T03:24:23.369+0000][1][safepoint    ] Total time for which application threads were stopped: 0.0004880 seconds, Stopping threads took: 0.0002220 seconds
[2021-12-31T03:24:24.372+0000][1][safepoint    ] Application time: 1.0036805 seconds
[2021-12-31T03:24:24.373+0000][1][safepoint    ] Entering safepoint region: Cleanup
[2021-12-31T03:24:24.373+0000][1][safepoint    ] Leaving safepoint region
[2021-12-31T03:24:24.374+0000][1][safepoint    ] Total time for which application threads were stopped: 0.0007228 seconds, Stopping threads took: 0.0003491 seconds
[2021-12-31T03:24:25.374+0000][1][safepoint    ] Application time: 1.0003620 seconds
[2021-12-31T03:24:25.375+0000][1][safepoint    ] Entering safepoint region: Cleanup
[2021-12-31T03:24:25.375+0000][1][safepoint    ] Leaving safepoint region
[2021-12-31T03:24:25.375+0000][1][safepoint    ] Total time for which application threads were stopped: 0.0004478 seconds, Stopping threads took: 0.0001982 seconds
[2021-12-31T03:24:26.376+0000][1][safepoint    ] Application time: 1.0009118 seconds
[2021-12-31T03:24:26.376+0000][1][safepoint    ] Entering safepoint region: Cleanup
[2021-12-31T03:24:26.377+0000][1][safepoint    ] Leaving safepoint region
[2021-12-31T03:24:26.377+0000][1][safepoint    ] Total time for which application threads were stopped: 0.0002364 seconds, Stopping threads took: 0.0001016 seconds
[2021-12-31T03:24:27.379+0000][1][safepoint    ] Application time: 1.0017633 seconds
[2021-12-31T03:24:27.379+0000][1][safepoint    ] Entering safepoint region: Cleanup
[2021-12-31T03:24:27.379+0000][1][safepoint    ] Leaving safepoint region
[2021-12-31T03:24:27.379+0000][1][safepoint    ] Total time for which application threads were stopped: 0.0002077 seconds, Stopping threads took: 0.0000900 seconds
[2021-12-31T03:24:28.382+0000][1][safepoint    ] Application time: 1.0027099 seconds
[2021-12-31T03:24:28.382+0000][1][safepoint    ] Entering safepoint region: Cleanup
[2021-12-31T03:24:28.382+0000][1][safepoint    ] Leaving safepoint region
[2021-12-31T03:24:28.383+0000][1][safepoint    ] Total time for which application threads were stopped: 0.0005235 seconds, Stopping threads took: 0.0002551 seconds
[2021-12-31T03:24:29.386+0000][1][safepoint    ] Application time: 1.0034699 seconds
[2021-12-31T03:24:29.387+0000][1][safepoint    ] Entering safepoint region: Cleanup
[2021-12-31T03:24:29.387+0000][1][safepoint    ] Leaving safepoint region
[2021-12-31T03:24:29.387+0000][1][safepoint    ] Total time for which application threads were stopped: 0.0006341 seconds, Stopping threads took: 0.0002548 seconds
[2021-12-31T03:24:30.388+0000][1][safepoint    ] Application time: 1.0007389 seconds
[2021-12-31T03:24:30.389+0000][1][safepoint    ] Entering safepoint region: Cleanup
[2021-12-31T03:24:30.389+0000][1][safepoint    ] Leaving safepoint region
[2021-12-31T03:24:30.389+0000][1][safepoint    ] Total time for which application threads were stopped: 0.0003749 seconds, Stopping threads took: 0.0001161 seconds
[2021-12-31T03:24:31.391+0000][1][safepoint    ] Application time: 1.0017681 seconds
[2021-12-31T03:24:31.391+0000][1][safepoint    ] Entering safepoint region: Cleanup
[2021-12-31T03:24:31.391+0000][1][safepoint    ] Leaving safepoint region
[2021-12-31T03:24:31.391+0000][1][safepoint    ] Total time for which application threads were stopped: 0.0002232 seconds, Stopping threads took: 0.0000964 seconds
[2021-12-31T03:24:32.395+0000][1][safepoint    ] Application time: 1.0031279 seconds
[2021-12-31T03:24:32.395+0000][1][safepoint    ] Entering safepoint region: Cleanup
[2021-12-31T03:24:32.395+0000][1][safepoint    ] Leaving safepoint region
[2021-12-31T03:24:32.395+0000][1][safepoint    ] Total time for which application threads were stopped: 0.0002078 seconds, Stopping threads took: 0.0000897 seconds
[2021-12-31T03:24:33.397+0000][1][safepoint    ] Application time: 1.0023220 seconds
[2021-12-31T03:24:33.398+0000][1][safepoint    ] Entering safepoint region: Cleanup
[2021-12-31T03:24:33.398+0000][1][safepoint    ] Leaving safepoint region
[2021-12-31T03:24:33.398+0000][1][safepoint    ] Total time for which application threads were stopped: 0.0004512 seconds, Stopping threads took: 0.0002065 seconds
[2021-12-31T03:24:34.400+0000][1][safepoint    ] Application time: 1.0020210 seconds
[2021-12-31T03:24:34.401+0000][1][safepoint    ] Entering safepoint region: Cleanup
[2021-12-31T03:24:34.401+0000][1][safepoint    ] Leaving safepoint region
[2021-12-31T03:24:34.401+0000][1][safepoint    ] Total time for which application threads were stopped: 0.0002278 seconds, Stopping threads took: 0.0000982 seconds
[2021-12-31T03:24:35.402+0000][1][safepoint    ] Application time: 1.0007278 seconds
[2021-12-31T03:24:35.402+0000][1][safepoint    ] Entering safepoint region: Cleanup
[2021-12-31T03:24:35.402+0000][1][safepoint    ] Leaving safepoint region
[2021-12-31T03:24:35.402+0000][1][safepoint    ] Total time for which application threads were stopped: 0.0002239 seconds, Stopping threads took: 0.0000974 seconds
[2021-12-31T03:24:36.403+0000][1][safepoint    ] Application time: 1.0007391 seconds
[2021-12-31T03:24:36.403+0000][1][safepoint    ] Entering safepoint region: Cleanup
[2021-12-31T03:24:36.403+0000][1][safepoint    ] Leaving safepoint region
[2021-12-31T03:24:36.403+0000][1][safepoint    ] Total time for which application threads were stopped: 0.0002277 seconds, Stopping threads took: 0.0000994 seconds
[2021-12-31T03:24:37.407+0000][1][safepoint    ] Application time: 1.0033731 seconds
[2021-12-31T03:24:37.407+0000][1][safepoint    ] Entering safepoint region: Cleanup
[2021-12-31T03:24:37.407+0000][1][safepoint    ] Leaving safepoint region
[2021-12-31T03:24:37.408+0000][1][safepoint    ] Total time for which application threads were stopped: 0.0006304 seconds, Stopping threads took: 0.0003757 seconds
[2021-12-31T03:24:38.411+0000][1][safepoint    ] Application time: 1.0029169 seconds
[2021-12-31T03:24:38.411+0000][1][safepoint    ] Entering safepoint region: Cleanup
[2021-12-31T03:24:38.411+0000][1][safepoint    ] Leaving safepoint region
[2021-12-31T03:24:38.411+0000][1][safepoint    ] Total time for which application threads were stopped: 0.0002320 seconds, Stopping threads took: 0.0001019 seconds
[2021-12-31T03:24:39.413+0000][1][safepoint    ] Application time: 1.0012880 seconds
[2021-12-31T03:24:39.413+0000][1][safepoint    ] Entering safepoint region: Cleanup
[2021-12-31T03:24:39.413+0000][1][safepoint    ] Leaving safepoint region
[2021-12-31T03:24:39.413+0000][1][safepoint    ] Total time for which application threads were stopped: 0.0002896 seconds, Stopping threads took: 0.0001323 seconds
[2021-12-31T03:24:40.416+0000][1][safepoint    ] Application time: 1.0027576 seconds
[2021-12-31T03:24:40.416+0000][1][safepoint    ] Entering safepoint region: Cleanup
[2021-12-31T03:24:40.416+0000][1][safepoint    ] Leaving safepoint region
[2021-12-31T03:24:40.416+0000][1][safepoint    ] Total time for which application threads were stopped: 0.0002317 seconds, Stopping threads took: 0.0000963 seconds
[2021-12-31T03:24:41.422+0000][1][safepoint    ] Application time: 1.0051010 seconds
[2021-12-31T03:24:41.422+0000][1][safepoint    ] Entering safepoint region: Cleanup
[2021-12-31T03:24:41.422+0000][1][safepoint    ] Leaving safepoint region
[2021-12-31T03:24:41.422+0000][1][safepoint    ] Total time for which application threads were stopped: 0.0004567 seconds, Stopping threads took: 0.0002043 seconds
[2021-12-31T03:24:42.425+0000][1][safepoint    ] Application time: 1.0023273 seconds
[2021-12-31T03:24:42.425+0000][1][safepoint    ] Entering safepoint region: Cleanup
[2021-12-31T03:24:42.426+0000][1][safepoint    ] Leaving safepoint region
[2021-12-31T03:24:42.426+0000][1][safepoint    ] Total time for which application threads were stopped: 0.0005907 seconds, Stopping threads took: 0.0002842 seconds
[2021-12-31T03:24:43.430+0000][1][safepoint    ] Application time: 1.0035887 seconds
[2021-12-31T03:24:43.430+0000][1][safepoint    ] Entering safepoint region: Cleanup
[2021-12-31T03:24:43.430+0000][1][safepoint    ] Leaving safepoint region
[2021-12-31T03:24:43.430+0000][1][safepoint    ] Total time for which application threads were stopped: 0.0002384 seconds, Stopping threads took: 0.0001008 seconds
[2021-12-31T03:24:44.432+0000][1][safepoint    ] Application time: 1.0015847 seconds
[2021-12-31T03:24:44.432+0000][1][safepoint    ] Entering safepoint region: Cleanup
[2021-12-31T03:24:44.432+0000][1][safepoint    ] Leaving safepoint region
[2021-12-31T03:24:44.432+0000][1][safepoint    ] Total time for which application threads were stopped: 0.0002451 seconds, Stopping threads took: 0.0001082 seconds
[2021-12-31T03:24:45.434+0000][1][safepoint    ] Application time: 1.0021860 seconds
[2021-12-31T03:24:45.435+0000][1][safepoint    ] Entering safepoint region: Cleanup
[2021-12-31T03:24:45.435+0000][1][safepoint    ] Leaving safepoint region
[2021-12-31T03:24:45.435+0000][1][safepoint    ] Total time for which application threads were stopped: 0.0002445 seconds, Stopping threads took: 0.0000989 seconds
[2021-12-31T03:24:46.437+0000][1][safepoint    ] Application time: 1.0020846 seconds
[2021-12-31T03:24:46.437+0000][1][safepoint    ] Entering safepoint region: Cleanup
[2021-12-31T03:24:46.437+0000][1][safepoint    ] Leaving safepoint region
[2021-12-31T03:24:46.438+0000][1][safepoint    ] Total time for which application threads were stopped: 0.0002308 seconds, Stopping threads took: 0.0000978 seconds
[2021-12-31T03:24:47.441+0000][1][safepoint    ] Application time: 1.0030990 seconds
[2021-12-31T03:24:47.441+0000][1][safepoint    ] Entering safepoint region: Cleanup
[2021-12-31T03:24:47.441+0000][1][safepoint    ] Leaving safepoint region
[2021-12-31T03:24:47.442+0000][1][safepoint    ] Total time for which application threads were stopped: 0.0004534 seconds, Stopping threads took: 0.0002028 seconds
[2021-12-31T03:24:48.444+0000][1][safepoint    ] Application time: 1.0026517 seconds
[2021-12-31T03:24:48.445+0000][1][safepoint    ] Entering safepoint region: Cleanup
[2021-12-31T03:24:48.445+0000][1][safepoint    ] Leaving safepoint region
[2021-12-31T03:24:48.445+0000][1][safepoint    ] Total time for which application threads were stopped: 0.0002842 seconds, Stopping threads took: 0.0001262 seconds
[2021-12-31T03:24:49.446+0000][1][safepoint    ] Application time: 1.0008578 seconds
[2021-12-31T03:24:49.446+0000][1][safepoint    ] Entering safepoint region: Cleanup
[2021-12-31T03:24:49.446+0000][1][safepoint    ] Leaving safepoint region
[2021-12-31T03:24:49.446+0000][1][safepoint    ] Total time for which application threads were stopped: 0.0002267 seconds, Stopping threads took: 0.0000994 seconds
[2021-12-31T03:24:50.448+0000][1][safepoint    ] Application time: 1.0018178 seconds
[2021-12-31T03:24:50.448+0000][1][safepoint    ] Entering safepoint region: Cleanup
[2021-12-31T03:24:50.448+0000][1][safepoint    ] Leaving safepoint region
[2021-12-31T03:24:50.449+0000][1][safepoint    ] Total time for which application threads were stopped: 0.0002465 seconds, Stopping threads took: 0.0001009 seconds
[2021-12-31T03:24:51.451+0000][1][safepoint    ] Application time: 1.0024349 seconds
[2021-12-31T03:24:51.451+0000][1][safepoint    ] Entering safepoint region: Cleanup
[2021-12-31T03:24:51.451+0000][1][safepoint    ] Leaving safepoint region
[2021-12-31T03:24:51.452+0000][1][safepoint    ] Total time for which application threads were stopped: 0.0002672 seconds, Stopping threads took: 0.0001154 seconds
[2021-12-31T03:24:52.455+0000][1][safepoint    ] Application time: 1.0030948 seconds
[2021-12-31T03:24:52.455+0000][1][safepoint    ] Entering safepoint region: Cleanup
[2021-12-31T03:24:52.455+0000][1][safepoint    ] Leaving safepoint region
[2021-12-31T03:24:52.455+0000][1][safepoint    ] Total time for which application threads were stopped: 0.0002210 seconds, Stopping threads took: 0.0000986 seconds
[2021-12-31T03:24:53.458+0000][1][safepoint    ] Application time: 1.0026037 seconds
[2021-12-31T03:24:53.458+0000][1][safepoint    ] Entering safepoint region: Cleanup
[2021-12-31T03:24:53.458+0000][1][safepoint    ] Leaving safepoint region
[2021-12-31T03:24:53.458+0000][1][safepoint    ] Total time for which application threads were stopped: 0.0002475 seconds, Stopping threads took: 0.0001045 seconds
[2021-12-31T03:24:54.461+0000][1][safepoint    ] Application time: 1.0024202 seconds
[2021-12-31T03:24:54.461+0000][1][safepoint    ] Entering safepoint region: Cleanup
[2021-12-31T03:24:54.461+0000][1][safepoint    ] Leaving safepoint region
[2021-12-31T03:24:54.461+0000][1][safepoint    ] Total time for which application threads were stopped: 0.0002999 seconds, Stopping threads took: 0.0001483 seconds
[2021-12-31T03:24:55.465+0000][1][safepoint    ] Application time: 1.0031388 seconds
[2021-12-31T03:24:55.465+0000][1][safepoint    ] Entering safepoint region: Cleanup
[2021-12-31T03:24:55.465+0000][1][safepoint    ] Leaving safepoint region
[2021-12-31T03:24:55.465+0000][1][safepoint    ] Total time for which application threads were stopped: 0.0002901 seconds, Stopping threads took: 0.0001553 seconds
[2021-12-31T03:24:56.466+0000][1][safepoint    ] Application time: 1.0005370 seconds
[2021-12-31T03:24:56.466+0000][1][safepoint    ] Entering safepoint region: Cleanup
[2021-12-31T03:24:56.466+0000][1][safepoint    ] Leaving safepoint region
[2021-12-31T03:24:56.466+0000][1][safepoint    ] Total time for which application threads were stopped: 0.0002507 seconds, Stopping threads took: 0.0001034 seconds
[2021-12-31T03:24:57.467+0000][1][safepoint    ] Application time: 1.0004847 seconds
[2021-12-31T03:24:57.467+0000][1][safepoint    ] Entering safepoint region: Cleanup
[2021-12-31T03:24:57.467+0000][1][safepoint    ] Leaving safepoint region
[2021-12-31T03:24:57.467+0000][1][safepoint    ] Total time for which application threads were stopped: 0.0003058 seconds, Stopping threads took: 0.0001555 seconds
[2021-12-31T03:24:58.470+0000][1][safepoint    ] Application time: 1.0029204 seconds
[2021-12-31T03:24:58.471+0000][1][safepoint    ] Entering safepoint region: Cleanup
[2021-12-31T03:24:58.471+0000][1][safepoint    ] Leaving safepoint region
[2021-12-31T03:24:58.471+0000][1][safepoint    ] Total time for which application threads were stopped: 0.0002289 seconds, Stopping threads took: 0.0000983 seconds
[2021-12-31T03:24:59.480+0000][1][safepoint    ] Application time: 1.0095127 seconds
[2021-12-31T03:24:59.481+0000][1][safepoint    ] Entering safepoint region: Cleanup
[2021-12-31T03:24:59.481+0000][1][safepoint    ] Leaving safepoint region
[2021-12-31T03:24:59.481+0000][1][safepoint    ] Total time for which application threads were stopped: 0.0002915 seconds, Stopping threads took: 0.0001373 seconds
[2021-12-31T03:25:00.482+0000][1][safepoint    ] Application time: 1.0008727 seconds
[2021-12-31T03:25:00.482+0000][1][safepoint    ] Entering safepoint region: Cleanup
[2021-12-31T03:25:00.482+0000][1][safepoint    ] Leaving safepoint region
[2021-12-31T03:25:00.482+0000][1][safepoint    ] Total time for which application threads were stopped: 0.0002708 seconds, Stopping threads took: 0.0001338 seconds
[2021-12-31T03:25:01.484+0000][1][safepoint    ] Application time: 1.0011901 seconds
[2021-12-31T03:25:01.484+0000][1][safepoint    ] Entering safepoint region: Cleanup
[2021-12-31T03:25:01.484+0000][1][safepoint    ] Leaving safepoint region
[2021-12-31T03:25:01.484+0000][1][safepoint    ] Total time for which application threads were stopped: 0.0002450 seconds, Stopping threads took: 0.0001079 seconds
[2021-12-31T03:25:02.487+0000][1][safepoint    ] Application time: 1.0029227 seconds
[2021-12-31T03:25:02.487+0000][1][safepoint    ] Entering safepoint region: Cleanup
[2021-12-31T03:25:02.488+0000][1][safepoint    ] Leaving safepoint region
[2021-12-31T03:25:02.488+0000][1][safepoint    ] Total time for which application threads were stopped: 0.0002513 seconds, Stopping threads took: 0.0001177 seconds
[2021-12-31T03:25:03.489+0000][1][safepoint    ] Application time: 1.0016382 seconds
[2021-12-31T03:25:03.490+0000][1][safepoint    ] Entering safepoint region: Cleanup
[2021-12-31T03:25:03.490+0000][1][safepoint    ] Leaving safepoint region
[2021-12-31T03:25:03.490+0000][1][safepoint    ] Total time for which application threads were stopped: 0.0003559 seconds, Stopping threads took: 0.0001977 seconds
[2021-12-31T03:25:04.492+0000][1][safepoint    ] Application time: 1.0021213 seconds
[2021-12-31T03:25:04.492+0000][1][safepoint    ] Entering safepoint region: Cleanup
[2021-12-31T03:25:04.493+0000][1][safepoint    ] Leaving safepoint region
[2021-12-31T03:25:04.493+0000][1][safepoint    ] Total time for which application threads were stopped: 0.0003778 seconds, Stopping threads took: 0.0001713 seconds
[2021-12-31T03:25:05.497+0000][1][safepoint    ] Application time: 1.0037745 seconds
[2021-12-31T03:25:05.497+0000][1][safepoint    ] Entering safepoint region: Cleanup
[2021-12-31T03:25:05.498+0000][1][safepoint    ] Leaving safepoint region
[2021-12-31T03:25:05.498+0000][1][safepoint    ] Total time for which application threads were stopped: 0.0005012 seconds, Stopping threads took: 0.0002280 seconds
[2021-12-31T03:25:06.499+0000][1][safepoint    ] Application time: 1.0012721 seconds
[2021-12-31T03:25:06.500+0000][1][safepoint    ] Entering safepoint region: Cleanup
[2021-12-31T03:25:06.500+0000][1][safepoint    ] Leaving safepoint region
[2021-12-31T03:25:06.500+0000][1][safepoint    ] Total time for which application threads were stopped: 0.0007992 seconds, Stopping threads took: 0.0003635 seconds
[2021-12-31T03:25:07.503+0000][1][safepoint    ] Application time: 1.0020791 seconds
[2021-12-31T03:25:07.503+0000][1][safepoint    ] Entering safepoint region: Cleanup
[2021-12-31T03:25:07.503+0000][1][safepoint    ] Leaving safepoint region
[2021-12-31T03:25:07.503+0000][1][safepoint    ] Total time for which application threads were stopped: 0.0005282 seconds, Stopping threads took: 0.0002252 seconds
[2021-12-31T03:25:08.620+0000][1][safepoint    ] Application time: 1.1168815 seconds
[2021-12-31T03:25:08.621+0000][1][safepoint    ] Entering safepoint region: Cleanup
[2021-12-31T03:25:08.621+0000][1][safepoint    ] Leaving safepoint region
[2021-12-31T03:25:08.621+0000][1][safepoint    ] Total time for which application threads were stopped: 0.0002236 seconds, Stopping threads took: 0.0001004 seconds
[2021-12-31T03:25:09.624+0000][1][safepoint    ] Application time: 1.0032413 seconds
[2021-12-31T03:25:09.625+0000][1][safepoint    ] Entering safepoint region: Cleanup
[2021-12-31T03:25:09.625+0000][1][safepoint    ] Leaving safepoint region
[2021-12-31T03:25:09.625+0000][1][safepoint    ] Total time for which application threads were stopped: 0.0005054 seconds, Stopping threads took: 0.0002767 seconds
[2021-12-31T03:25:10.635+0000][1][safepoint    ] Application time: 1.0097487 seconds
[2021-12-31T03:25:10.635+0000][1][safepoint    ] Entering safepoint region: Cleanup
[2021-12-31T03:25:10.635+0000][1][safepoint    ] Leaving safepoint region
[2021-12-31T03:25:10.635+0000][1][safepoint    ] Total time for which application threads were stopped: 0.0002867 seconds, Stopping threads took: 0.0001288 seconds
[2021-12-31T03:25:11.643+0000][1][safepoint    ] Application time: 1.0071536 seconds
[2021-12-31T03:25:11.643+0000][1][safepoint    ] Entering safepoint region: Cleanup
[2021-12-31T03:25:11.643+0000][1][safepoint    ] Leaving safepoint region
[2021-12-31T03:25:11.643+0000][1][safepoint    ] Total time for which application threads were stopped: 0.0002808 seconds, Stopping threads took: 0.0001307 seconds
[2021-12-31T03:25:12.644+0000][1][safepoint    ] Application time: 1.0002432 seconds
[2021-12-31T03:25:12.644+0000][1][safepoint    ] Entering safepoint region: Cleanup
[2021-12-31T03:25:12.644+0000][1][safepoint    ] Leaving safepoint region
[2021-12-31T03:25:12.644+0000][1][safepoint    ] Total time for which application threads were stopped: 0.0002397 seconds, Stopping threads took: 0.0000994 seconds
[2021-12-31T03:25:13.644+0000][1][safepoint    ] Application time: 1.0003846 seconds
[2021-12-31T03:25:13.645+0000][1][safepoint    ] Entering safepoint region: Cleanup
[2021-12-31T03:25:13.645+0000][1][safepoint    ] Leaving safepoint region
[2021-12-31T03:25:13.645+0000][1][safepoint    ] Total time for which application threads were stopped: 0.0002434 seconds, Stopping threads took: 0.0001052 seconds
[2021-12-31T03:25:14.645+0000][1][safepoint    ] Application time: 1.0004449 seconds
[2021-12-31T03:25:14.646+0000][1][safepoint    ] Entering safepoint region: Cleanup
[2021-12-31T03:25:14.646+0000][1][safepoint    ] Leaving safepoint region
[2021-12-31T03:25:14.646+0000][1][safepoint    ] Total time for which application threads were stopped: 0.0005710 seconds, Stopping threads took: 0.0001946 seconds
[2021-12-31T03:25:15.647+0000][1][safepoint    ] Application time: 1.0003084 seconds
[2021-12-31T03:25:15.647+0000][1][safepoint    ] Entering safepoint region: Cleanup
[2021-12-31T03:25:15.648+0000][1][safepoint    ] Leaving safepoint region
[2021-12-31T03:25:15.648+0000][1][safepoint    ] Total time for which application threads were stopped: 0.0007232 seconds, Stopping threads took: 0.0002437 seconds
[2021-12-31T03:25:16.649+0000][1][safepoint    ] Application time: 1.0011493 seconds
[2021-12-31T03:25:16.650+0000][1][safepoint    ] Entering safepoint region: Cleanup
[2021-12-31T03:25:16.650+0000][1][safepoint    ] Leaving safepoint region
[2021-12-31T03:25:16.651+0000][1][safepoint    ] Total time for which application threads were stopped: 0.0011360 seconds, Stopping threads took: 0.0008067 seconds
[2021-12-31T03:25:17.652+0000][1][safepoint    ] Application time: 1.0009723 seconds
[2021-12-31T03:25:17.652+0000][1][safepoint    ] Entering safepoint region: Cleanup
[2021-12-31T03:25:17.652+0000][1][safepoint    ] Leaving safepoint region
[2021-12-31T03:25:17.652+0000][1][safepoint    ] Total time for which application threads were stopped: 0.0002005 seconds, Stopping threads took: 0.0000885 seconds
[2021-12-31T03:25:18.150+0000][1][safepoint    ] Application time: 0.4975591 seconds
[2021-12-31T03:25:18.150+0000][1][safepoint    ] Entering safepoint region: RevokeBias
[2021-12-31T03:25:18.151+0000][1][safepoint    ] Leaving safepoint region
[2021-12-31T03:25:18.151+0000][1][safepoint    ] Total time for which application threads were stopped: 0.0002421 seconds, Stopping threads took: 0.0001123 seconds
[2021-12-31T03:25:19.152+0000][1][safepoint    ] Application time: 1.0008687 seconds
[2021-12-31T03:25:19.152+0000][1][safepoint    ] Entering safepoint region: Cleanup
[2021-12-31T03:25:19.152+0000][1][safepoint    ] Leaving safepoint region
[2021-12-31T03:25:19.152+0000][1][safepoint    ] Total time for which application threads were stopped: 0.0002300 seconds, Stopping threads took: 0.0001010 seconds
[2021-12-31T03:25:20.155+0000][1][safepoint    ] Application time: 1.0031224 seconds
[2021-12-31T03:25:20.159+0000][1][safepoint    ] Entering safepoint region: Cleanup
[2021-12-31T03:25:20.160+0000][1][safepoint    ] Leaving safepoint region
[2021-12-31T03:25:20.160+0000][1][safepoint    ] Total time for which application threads were stopped: 0.0008066 seconds, Stopping threads took: 0.0005290 seconds
[2021-12-31T03:25:21.161+0000][1][safepoint    ] Application time: 1.0003689 seconds
[2021-12-31T03:25:21.161+0000][1][safepoint    ] Entering safepoint region: Cleanup
[2021-12-31T03:25:21.161+0000][1][safepoint    ] Leaving safepoint region
[2021-12-31T03:25:21.161+0000][1][safepoint    ] Total time for which application threads were stopped: 0.0002705 seconds, Stopping threads took: 0.0001310 seconds
[2021-12-31T03:25:22.162+0000][1][safepoint    ] Application time: 1.0004819 seconds
[2021-12-31T03:25:22.162+0000][1][safepoint    ] Entering safepoint region: Cleanup
[2021-12-31T03:25:22.162+0000][1][safepoint    ] Leaving safepoint region
[2021-12-31T03:25:22.163+0000][1][safepoint    ] Total time for which application threads were stopped: 0.0003885 seconds, Stopping threads took: 0.0002185 seconds
[2021-12-31T03:25:23.163+0000][1][safepoint    ] Application time: 1.0002132 seconds
[2021-12-31T03:25:23.163+0000][1][safepoint    ] Entering safepoint region: Cleanup
[2021-12-31T03:25:23.163+0000][1][safepoint    ] Leaving safepoint region
[2021-12-31T03:25:23.163+0000][1][safepoint    ] Total time for which application threads were stopped: 0.0002487 seconds, Stopping threads took: 0.0001123 seconds
[2021-12-31T03:25:24.164+0000][1][safepoint    ] Application time: 1.0003808 seconds
[2021-12-31T03:25:24.164+0000][1][safepoint    ] Entering safepoint region: Cleanup
[2021-12-31T03:25:24.164+0000][1][safepoint    ] Leaving safepoint region
[2021-12-31T03:25:24.164+0000][1][safepoint    ] Total time for which application threads were stopped: 0.0003362 seconds, Stopping threads took: 0.0001988 seconds
[2021-12-31T03:25:25.165+0000][1][safepoint    ] Application time: 1.0002887 seconds
[2021-12-31T03:25:25.165+0000][1][safepoint    ] Entering safepoint region: Cleanup
[2021-12-31T03:25:25.166+0000][1][safepoint    ] Leaving safepoint region
[2021-12-31T03:25:25.166+0000][1][safepoint    ] Total time for which application threads were stopped: 0.0005955 seconds, Stopping threads took: 0.0003703 seconds
[2021-12-31T03:25:26.167+0000][1][safepoint    ] Application time: 1.0003771 seconds
[2021-12-31T03:25:26.167+0000][1][safepoint    ] Entering safepoint region: Cleanup
[2021-12-31T03:25:26.167+0000][1][safepoint    ] Leaving safepoint region
[2021-12-31T03:25:26.167+0000][1][safepoint    ] Total time for which application threads were stopped: 0.0003777 seconds, Stopping threads took: 0.0001231 seconds
[2021-12-31T03:25:27.168+0000][1][safepoint    ] Application time: 1.0007418 seconds
[2021-12-31T03:25:27.168+0000][1][safepoint    ] Entering safepoint region: Cleanup
[2021-12-31T03:25:27.169+0000][1][safepoint    ] Leaving safepoint region
[2021-12-31T03:25:27.169+0000][1][safepoint    ] Total time for which application threads were stopped: 0.0002488 seconds, Stopping threads took: 0.0001092 seconds
[2021-12-31T03:25:28.169+0000][1][safepoint    ] Application time: 1.0006411 seconds
[2021-12-31T03:25:28.170+0000][1][safepoint    ] Entering safepoint region: Cleanup
[2021-12-31T03:25:28.170+0000][1][safepoint    ] Leaving safepoint region
[2021-12-31T03:25:28.170+0000][1][safepoint    ] Total time for which application threads were stopped: 0.0002521 seconds, Stopping threads took: 0.0001048 seconds
[2021-12-31T03:25:29.171+0000][1][safepoint    ] Application time: 1.0008077 seconds
[2021-12-31T03:25:29.171+0000][1][safepoint    ] Entering safepoint region: Cleanup
[2021-12-31T03:25:29.171+0000][1][safepoint    ] Leaving safepoint region
[2021-12-31T03:25:29.171+0000][1][safepoint    ] Total time for which application threads were stopped: 0.0002343 seconds, Stopping threads took: 0.0001033 seconds
[2021-12-31T03:25:30.172+0000][1][safepoint    ] Application time: 1.0007031 seconds
[2021-12-31T03:25:30.172+0000][1][safepoint    ] Entering safepoint region: Cleanup
[2021-12-31T03:25:30.172+0000][1][safepoint    ] Leaving safepoint region
[2021-12-31T03:25:30.172+0000][1][safepoint    ] Total time for which application threads were stopped: 0.0002381 seconds, Stopping threads took: 0.0001013 seconds
[2021-12-31T03:25:31.173+0000][1][safepoint    ] Application time: 1.0003527 seconds
[2021-12-31T03:25:31.173+0000][1][safepoint    ] Entering safepoint region: Cleanup
[2021-12-31T03:25:31.173+0000][1][safepoint    ] Leaving safepoint region
[2021-12-31T03:25:31.173+0000][1][safepoint    ] Total time for which application threads were stopped: 0.0002516 seconds, Stopping threads took: 0.0001119 seconds
[2021-12-31T03:25:32.174+0000][1][safepoint    ] Application time: 1.0004020 seconds
[2021-12-31T03:25:32.174+0000][1][safepoint    ] Entering safepoint region: Cleanup
[2021-12-31T03:25:32.175+0000][1][safepoint    ] Leaving safepoint region
[2021-12-31T03:25:32.175+0000][1][safepoint    ] Total time for which application threads were stopped: 0.0004458 seconds, Stopping threads took: 0.0001945 seconds
[2021-12-31T03:25:33.176+0000][1][safepoint    ] Application time: 1.0013907 seconds
[2021-12-31T03:25:33.176+0000][1][safepoint    ] Entering safepoint region: Cleanup
[2021-12-31T03:25:33.177+0000][1][safepoint    ] Leaving safepoint region
[2021-12-31T03:25:33.177+0000][1][safepoint    ] Total time for which application threads were stopped: 0.0003114 seconds, Stopping threads took: 0.0001221 seconds
[2021-12-31T03:25:34.180+0000][1][safepoint    ] Application time: 1.0030537 seconds
[2021-12-31T03:25:34.180+0000][1][safepoint    ] Entering safepoint region: Cleanup
[2021-12-31T03:25:34.180+0000][1][safepoint    ] Leaving safepoint region
[2021-12-31T03:25:34.180+0000][1][safepoint    ] Total time for which application threads were stopped: 0.0002299 seconds, Stopping threads took: 0.0000997 seconds
[2021-12-31T03:25:35.184+0000][1][safepoint    ] Application time: 1.0033863 seconds
[2021-12-31T03:25:35.184+0000][1][safepoint    ] Entering safepoint region: Cleanup
[2021-12-31T03:25:35.184+0000][1][safepoint    ] Leaving safepoint region
[2021-12-31T03:25:35.184+0000][1][safepoint    ] Total time for which application threads were stopped: 0.0002704 seconds, Stopping threads took: 0.0001157 seconds
[2021-12-31T03:25:36.188+0000][1][safepoint    ] Application time: 1.0037074 seconds
[2021-12-31T03:25:36.188+0000][1][safepoint    ] Entering safepoint region: Cleanup
[2021-12-31T03:25:36.189+0000][1][safepoint    ] Leaving safepoint region
[2021-12-31T03:25:36.189+0000][1][safepoint    ] Total time for which application threads were stopped: 0.0003984 seconds, Stopping threads took: 0.0001769 seconds
[2021-12-31T03:25:37.192+0000][1][safepoint    ] Application time: 1.0030364 seconds
[2021-12-31T03:25:37.192+0000][1][safepoint    ] Entering safepoint region: Cleanup
[2021-12-31T03:25:37.192+0000][1][safepoint    ] Leaving safepoint region
[2021-12-31T03:25:37.192+0000][1][safepoint    ] Total time for which application threads were stopped: 0.0002214 seconds, Stopping threads took: 0.0001039 seconds
[2021-12-31T03:25:38.196+0000][1][safepoint    ] Application time: 1.0032294 seconds
[2021-12-31T03:25:38.196+0000][1][safepoint    ] Entering safepoint region: Cleanup
[2021-12-31T03:25:38.196+0000][1][safepoint    ] Leaving safepoint region
[2021-12-31T03:25:38.196+0000][1][safepoint    ] Total time for which application threads were stopped: 0.0003363 seconds, Stopping threads took: 0.0001567 seconds
[2021-12-31T03:25:39.200+0000][1][safepoint    ] Application time: 1.0033343 seconds
[2021-12-31T03:25:39.200+0000][1][safepoint    ] Entering safepoint region: Cleanup
[2021-12-31T03:25:39.200+0000][1][safepoint    ] Leaving safepoint region
[2021-12-31T03:25:39.200+0000][1][safepoint    ] Total time for which application threads were stopped: 0.0002272 seconds, Stopping threads took: 0.0000995 seconds
[2021-12-31T03:25:40.202+0000][1][safepoint    ] Application time: 1.0013109 seconds
[2021-12-31T03:25:40.202+0000][1][safepoint    ] Entering safepoint region: Cleanup
[2021-12-31T03:25:40.202+0000][1][safepoint    ] Leaving safepoint region
[2021-12-31T03:25:40.202+0000][1][safepoint    ] Total time for which application threads were stopped: 0.0002223 seconds, Stopping threads took: 0.0000946 seconds
[2021-12-31T03:25:41.204+0000][1][safepoint    ] Application time: 1.0023095 seconds
[2021-12-31T03:25:41.205+0000][1][safepoint    ] Entering safepoint region: Cleanup
[2021-12-31T03:25:41.205+0000][1][safepoint    ] Leaving safepoint region
[2021-12-31T03:25:41.205+0000][1][safepoint    ] Total time for which application threads were stopped: 0.0002573 seconds, Stopping threads took: 0.0001166 seconds
[2021-12-31T03:25:42.208+0000][1][safepoint    ] Application time: 1.0032023 seconds
[2021-12-31T03:25:42.208+0000][1][safepoint    ] Entering safepoint region: Cleanup
[2021-12-31T03:25:42.209+0000][1][safepoint    ] Leaving safepoint region
[2021-12-31T03:25:42.209+0000][1][safepoint    ] Total time for which application threads were stopped: 0.0002164 seconds, Stopping threads took: 0.0000955 seconds
[2021-12-31T03:25:43.209+0000][1][safepoint    ] Application time: 1.0005323 seconds
[2021-12-31T03:25:43.209+0000][1][safepoint    ] Entering safepoint region: Cleanup
[2021-12-31T03:25:43.210+0000][1][safepoint    ] Leaving safepoint region
[2021-12-31T03:25:43.210+0000][1][safepoint    ] Total time for which application threads were stopped: 0.0006344 seconds, Stopping threads took: 0.0003100 seconds
[2021-12-31T03:25:44.212+0000][1][safepoint    ] Application time: 1.0017613 seconds
[2021-12-31T03:25:44.212+0000][1][safepoint    ] Entering safepoint region: Cleanup
[2021-12-31T03:25:44.212+0000][1][safepoint    ] Leaving safepoint region
[2021-12-31T03:25:44.213+0000][1][safepoint    ] Total time for which application threads were stopped: 0.0002659 seconds, Stopping threads took: 0.0001170 seconds
[2021-12-31T03:25:45.216+0000][1][safepoint    ] Application time: 1.0034223 seconds
[2021-12-31T03:25:45.216+0000][1][safepoint    ] Entering safepoint region: Cleanup
[2021-12-31T03:25:45.216+0000][1][safepoint    ] Leaving safepoint region
[2021-12-31T03:25:45.217+0000][1][safepoint    ] Total time for which application threads were stopped: 0.0002495 seconds, Stopping threads took: 0.0001084 seconds
[2021-12-31T03:25:46.219+0000][1][safepoint    ] Application time: 1.0021651 seconds
[2021-12-31T03:25:46.219+0000][1][safepoint    ] Entering safepoint region: Cleanup
[2021-12-31T03:25:46.219+0000][1][safepoint    ] Leaving safepoint region
[2021-12-31T03:25:46.219+0000][1][safepoint    ] Total time for which application threads were stopped: 0.0002209 seconds, Stopping threads took: 0.0000939 seconds
[2021-12-31T03:25:47.220+0000][1][safepoint    ] Application time: 1.0008284 seconds
[2021-12-31T03:25:47.220+0000][1][safepoint    ] Entering safepoint region: Cleanup
[2021-12-31T03:25:47.220+0000][1][safepoint    ] Leaving safepoint region
[2021-12-31T03:25:47.221+0000][1][safepoint    ] Total time for which application threads were stopped: 0.0002547 seconds, Stopping threads took: 0.0000957 seconds
[2021-12-31T03:25:48.225+0000][1][safepoint    ] Application time: 1.0038367 seconds
[2021-12-31T03:25:48.225+0000][1][safepoint    ] Entering safepoint region: Cleanup
[2021-12-31T03:25:48.225+0000][1][safepoint    ] Leaving safepoint region
[2021-12-31T03:25:48.225+0000][1][safepoint    ] Total time for which application threads were stopped: 0.0003308 seconds, Stopping threads took: 0.0001332 seconds
[2021-12-31T03:25:49.226+0000][1][safepoint    ] Application time: 1.0008520 seconds
[2021-12-31T03:25:49.226+0000][1][safepoint    ] Entering safepoint region: Cleanup
[2021-12-31T03:25:49.227+0000][1][safepoint    ] Leaving safepoint region
[2021-12-31T03:25:49.227+0000][1][safepoint    ] Total time for which application threads were stopped: 0.0004739 seconds, Stopping threads took: 0.0002038 seconds
[2021-12-31T03:25:50.228+0000][1][safepoint    ] Application time: 1.0004534 seconds
[2021-12-31T03:25:50.228+0000][1][safepoint    ] Entering safepoint region: Cleanup
[2021-12-31T03:25:50.228+0000][1][safepoint    ] Leaving safepoint region
[2021-12-31T03:25:50.228+0000][1][safepoint    ] Total time for which application threads were stopped: 0.0006030 seconds, Stopping threads took: 0.0002068 seconds
[2021-12-31T03:25:51.230+0000][1][safepoint    ] Application time: 1.0007801 seconds
[2021-12-31T03:25:51.230+0000][1][safepoint    ] Entering safepoint region: Cleanup
[2021-12-31T03:25:51.230+0000][1][safepoint    ] Leaving safepoint region
[2021-12-31T03:25:51.230+0000][1][safepoint    ] Total time for which application threads were stopped: 0.0003108 seconds, Stopping threads took: 0.0001590 seconds
[2021-12-31T03:25:52.233+0000][1][safepoint    ] Application time: 1.0026566 seconds
[2021-12-31T03:25:52.233+0000][1][safepoint    ] Entering safepoint region: Cleanup
[2021-12-31T03:25:52.233+0000][1][safepoint    ] Leaving safepoint region
[2021-12-31T03:25:52.233+0000][1][safepoint    ] Total time for which application threads were stopped: 0.0002711 seconds, Stopping threads took: 0.0001366 seconds
[2021-12-31T03:25:53.235+0000][1][safepoint    ] Application time: 1.0012521 seconds
[2021-12-31T03:25:53.235+0000][1][safepoint    ] Entering safepoint region: Cleanup
[2021-12-31T03:25:53.235+0000][1][safepoint    ] Leaving safepoint region
[2021-12-31T03:25:53.235+0000][1][safepoint    ] Total time for which application threads were stopped: 0.0002484 seconds, Stopping threads took: 0.0001080 seconds
[2021-12-31T03:25:54.311+0000][1][safepoint    ] Application time: 1.0753139 seconds
[2021-12-31T03:25:54.311+0000][1][safepoint    ] Entering safepoint region: Cleanup
[2021-12-31T03:25:54.311+0000][1][safepoint    ] Leaving safepoint region
[2021-12-31T03:25:54.311+0000][1][safepoint    ] Total time for which application threads were stopped: 0.0004576 seconds, Stopping threads took: 0.0001979 seconds
[2021-12-31T03:25:55.313+0000][1][safepoint    ] Application time: 1.0017345 seconds
[2021-12-31T03:25:55.314+0000][1][safepoint    ] Entering safepoint region: Cleanup
[2021-12-31T03:25:55.314+0000][1][safepoint    ] Leaving safepoint region
[2021-12-31T03:25:55.314+0000][1][safepoint    ] Total time for which application threads were stopped: 0.0005229 seconds, Stopping threads took: 0.0002375 seconds
[2021-12-31T03:25:56.316+0000][1][safepoint    ] Application time: 1.0018049 seconds
[2021-12-31T03:25:56.317+0000][1][safepoint    ] Entering safepoint region: Cleanup
[2021-12-31T03:25:56.317+0000][1][safepoint    ] Leaving safepoint region
[2021-12-31T03:25:56.317+0000][1][safepoint    ] Total time for which application threads were stopped: 0.0005006 seconds, Stopping threads took: 0.0002243 seconds
[2021-12-31T03:25:57.318+0000][1][safepoint    ] Application time: 1.0011745 seconds
[2021-12-31T03:25:57.319+0000][1][safepoint    ] Entering safepoint region: Cleanup
[2021-12-31T03:25:57.319+0000][1][safepoint    ] Leaving safepoint region
[2021-12-31T03:25:57.319+0000][1][safepoint    ] Total time for which application threads were stopped: 0.0005197 seconds, Stopping threads took: 0.0002527 seconds
[2021-12-31T03:25:58.321+0000][1][safepoint    ] Application time: 1.0018686 seconds
[2021-12-31T03:25:58.322+0000][1][safepoint    ] Entering safepoint region: Cleanup
[2021-12-31T03:25:58.322+0000][1][safepoint    ] Leaving safepoint region
[2021-12-31T03:25:58.322+0000][1][safepoint    ] Total time for which application threads were stopped: 0.0005877 seconds, Stopping threads took: 0.0002683 seconds
[2021-12-31T03:25:59.323+0000][1][safepoint    ] Application time: 1.0003879 seconds
[2021-12-31T03:25:59.323+0000][1][safepoint    ] Entering safepoint region: Cleanup
[2021-12-31T03:25:59.323+0000][1][safepoint    ] Leaving safepoint region
[2021-12-31T03:25:59.324+0000][1][safepoint    ] Total time for which application threads were stopped: 0.0003176 seconds, Stopping threads took: 0.0001394 seconds
[2021-12-31T03:26:00.324+0000][1][safepoint    ] Application time: 1.0005023 seconds
[2021-12-31T03:26:00.324+0000][1][safepoint    ] Entering safepoint region: Cleanup
[2021-12-31T03:26:00.325+0000][1][safepoint    ] Leaving safepoint region
[2021-12-31T03:26:00.325+0000][1][safepoint    ] Total time for which application threads were stopped: 0.0003274 seconds, Stopping threads took: 0.0000988 seconds
[2021-12-31T03:26:01.326+0000][1][safepoint    ] Application time: 1.0013627 seconds
[2021-12-31T03:26:01.326+0000][1][safepoint    ] Entering safepoint region: Cleanup
[2021-12-31T03:26:01.327+0000][1][safepoint    ] Leaving safepoint region
[2021-12-31T03:26:01.327+0000][1][safepoint    ] Total time for which application threads were stopped: 0.0002628 seconds, Stopping threads took: 0.0001160 seconds
[2021-12-31T03:26:02.328+0000][1][safepoint    ] Application time: 1.0013144 seconds
[2021-12-31T03:26:02.328+0000][1][safepoint    ] Entering safepoint region: Cleanup
[2021-12-31T03:26:02.328+0000][1][safepoint    ] Leaving safepoint region
[2021-12-31T03:26:02.328+0000][1][safepoint    ] Total time for which application threads were stopped: 0.0002072 seconds, Stopping threads took: 0.0000895 seconds
[2021-12-31T03:26:03.331+0000][1][safepoint    ] Application time: 1.0020102 seconds
[2021-12-31T03:26:03.331+0000][1][safepoint    ] Entering safepoint region: Cleanup
[2021-12-31T03:26:03.331+0000][1][safepoint    ] Leaving safepoint region
[2021-12-31T03:26:03.331+0000][1][safepoint    ] Total time for which application threads were stopped: 0.0002296 seconds, Stopping threads took: 0.0000984 seconds
[2021-12-31T03:26:04.333+0000][1][safepoint    ] Application time: 1.0015149 seconds
[2021-12-31T03:26:04.333+0000][1][safepoint    ] Entering safepoint region: Cleanup
[2021-12-31T03:26:04.333+0000][1][safepoint    ] Leaving safepoint region
[2021-12-31T03:26:04.333+0000][1][safepoint    ] Total time for which application threads were stopped: 0.0002055 seconds, Stopping threads took: 0.0000912 seconds
[2021-12-31T03:26:05.334+0000][1][safepoint    ] Application time: 1.0004861 seconds
[2021-12-31T03:26:05.334+0000][1][safepoint    ] Entering safepoint region: Cleanup
[2021-12-31T03:26:05.334+0000][1][safepoint    ] Leaving safepoint region
[2021-12-31T03:26:05.335+0000][1][safepoint    ] Total time for which application threads were stopped: 0.0005842 seconds, Stopping threads took: 0.0002784 seconds
[2021-12-31T03:26:06.336+0000][1][safepoint    ] Application time: 1.0015562 seconds
[2021-12-31T03:26:06.337+0000][1][safepoint    ] Entering safepoint region: Cleanup
[2021-12-31T03:26:06.337+0000][1][safepoint    ] Leaving safepoint region
[2021-12-31T03:26:06.337+0000][1][safepoint    ] Total time for which application threads were stopped: 0.0006957 seconds, Stopping threads took: 0.0002945 seconds
[2021-12-31T03:26:07.339+0000][1][safepoint    ] Application time: 1.0011381 seconds
[2021-12-31T03:26:07.339+0000][1][safepoint    ] Entering safepoint region: Cleanup
[2021-12-31T03:26:07.339+0000][1][safepoint    ] Leaving safepoint region
[2021-12-31T03:26:07.339+0000][1][safepoint    ] Total time for which application threads were stopped: 0.0002082 seconds, Stopping threads took: 0.0000894 seconds
[2021-12-31T03:26:08.340+0000][1][safepoint    ] Application time: 1.0006786 seconds
[2021-12-31T03:26:08.340+0000][1][safepoint    ] Entering safepoint region: Cleanup
[2021-12-31T03:26:08.340+0000][1][safepoint    ] Leaving safepoint region
[2021-12-31T03:26:08.340+0000][1][safepoint    ] Total time for which application threads were stopped: 0.0002703 seconds, Stopping threads took: 0.0000895 seconds
[2021-12-31T03:26:09.341+0000][1][safepoint    ] Application time: 1.0005830 seconds
[2021-12-31T03:26:09.341+0000][1][safepoint    ] Entering safepoint region: Cleanup
[2021-12-31T03:26:09.342+0000][1][safepoint    ] Leaving safepoint region
[2021-12-31T03:26:09.342+0000][1][safepoint    ] Total time for which application threads were stopped: 0.0002298 seconds, Stopping threads took: 0.0001029 seconds
[2021-12-31T03:26:10.343+0000][1][safepoint    ] Application time: 1.0014761 seconds
[2021-12-31T03:26:10.343+0000][1][safepoint    ] Entering safepoint region: Cleanup
[2021-12-31T03:26:10.344+0000][1][safepoint    ] Leaving safepoint region
[2021-12-31T03:26:10.344+0000][1][safepoint    ] Total time for which application threads were stopped: 0.0002171 seconds, Stopping threads took: 0.0000940 seconds
[2021-12-31T03:26:11.347+0000][1][safepoint    ] Application time: 1.0029518 seconds
[2021-12-31T03:26:11.347+0000][1][safepoint    ] Entering safepoint region: Cleanup
[2021-12-31T03:26:11.347+0000][1][safepoint    ] Leaving safepoint region
[2021-12-31T03:26:11.347+0000][1][safepoint    ] Total time for which application threads were stopped: 0.0004686 seconds, Stopping threads took: 0.0002022 seconds
[2021-12-31T03:26:12.352+0000][1][safepoint    ] Application time: 1.0042012 seconds
[2021-12-31T03:26:12.352+0000][1][safepoint    ] Entering safepoint region: Cleanup
[2021-12-31T03:26:12.353+0000][1][safepoint    ] Leaving safepoint region
[2021-12-31T03:26:12.353+0000][1][safepoint    ] Total time for which application threads were stopped: 0.0004764 seconds, Stopping threads took: 0.0002135 seconds
[2021-12-31T03:26:13.354+0000][1][safepoint    ] Application time: 1.0014920 seconds
[2021-12-31T03:26:13.355+0000][1][safepoint    ] Entering safepoint region: Cleanup
[2021-12-31T03:26:13.355+0000][1][safepoint    ] Leaving safepoint region
[2021-12-31T03:26:13.355+0000][1][safepoint    ] Total time for which application threads were stopped: 0.0005139 seconds, Stopping threads took: 0.0002583 seconds
[2021-12-31T03:26:14.359+0000][1][safepoint    ] Application time: 1.0033888 seconds
[2021-12-31T03:26:14.359+0000][1][safepoint    ] Entering safepoint region: Cleanup
[2021-12-31T03:26:14.359+0000][1][safepoint    ] Leaving safepoint region
[2021-12-31T03:26:14.359+0000][1][safepoint    ] Total time for which application threads were stopped: 0.0002244 seconds, Stopping threads took: 0.0000971 seconds
[2021-12-31T03:26:15.363+0000][1][safepoint    ] Application time: 1.0033792 seconds
[2021-12-31T03:26:15.363+0000][1][safepoint    ] Entering safepoint region: Cleanup
[2021-12-31T03:26:15.364+0000][1][safepoint    ] Leaving safepoint region
[2021-12-31T03:26:15.364+0000][1][safepoint    ] Total time for which application threads were stopped: 0.0010001 seconds, Stopping threads took: 0.0006775 seconds
[2021-12-31T03:26:16.368+0000][1][safepoint    ] Application time: 1.0038316 seconds
[2021-12-31T03:26:16.368+0000][1][safepoint    ] Entering safepoint region: Cleanup
[2021-12-31T03:26:16.369+0000][1][safepoint    ] Leaving safepoint region
[2021-12-31T03:26:16.369+0000][1][safepoint    ] Total time for which application threads were stopped: 0.0002990 seconds, Stopping threads took: 0.0001075 seconds
[2021-12-31T03:26:17.370+0000][1][safepoint    ] Application time: 1.0012781 seconds
[2021-12-31T03:26:17.370+0000][1][safepoint    ] Entering safepoint region: Cleanup
[2021-12-31T03:26:17.371+0000][1][safepoint    ] Leaving safepoint region
[2021-12-31T03:26:17.371+0000][1][safepoint    ] Total time for which application threads were stopped: 0.0003193 seconds, Stopping threads took: 0.0001220 seconds
[2021-12-31T03:26:18.163+0000][1][safepoint    ] Application time: 0.7922169 seconds
[2021-12-31T03:26:18.164+0000][1][safepoint    ] Entering safepoint region: RevokeBias
[2021-12-31T03:26:18.165+0000][1][safepoint    ] Leaving safepoint region
[2021-12-31T03:26:18.165+0000][1][safepoint    ] Total time for which application threads were stopped: 0.0007171 seconds, Stopping threads took: 0.0003376 seconds
[2021-12-31T03:26:19.172+0000][1][safepoint    ] Application time: 1.0069764 seconds
[2021-12-31T03:26:19.173+0000][1][safepoint    ] Entering safepoint region: Cleanup
[2021-12-31T03:26:19.173+0000][1][safepoint    ] Leaving safepoint region
[2021-12-31T03:26:19.173+0000][1][safepoint    ] Total time for which application threads were stopped: 0.0006873 seconds, Stopping threads took: 0.0003264 seconds
[2021-12-31T03:26:20.176+0000][1][safepoint    ] Application time: 1.0023412 seconds
[2021-12-31T03:26:20.176+0000][1][safepoint    ] Entering safepoint region: Cleanup
[2021-12-31T03:26:20.177+0000][1][safepoint    ] Leaving safepoint region
[2021-12-31T03:26:20.177+0000][1][safepoint    ] Total time for which application threads were stopped: 0.0004560 seconds, Stopping threads took: 0.0001993 seconds
[2021-12-31T03:26:21.178+0000][1][safepoint    ] Application time: 1.0016211 seconds
[2021-12-31T03:26:21.179+0000][1][safepoint    ] Entering safepoint region: Cleanup
[2021-12-31T03:26:21.179+0000][1][safepoint    ] Leaving safepoint region
[2021-12-31T03:26:21.179+0000][1][safepoint    ] Total time for which application threads were stopped: 0.0005236 seconds, Stopping threads took: 0.0002236 seconds
[2021-12-31T03:26:22.182+0000][1][safepoint    ] Application time: 1.0025939 seconds
[2021-12-31T03:26:22.183+0000][1][safepoint    ] Entering safepoint region: Cleanup
[2021-12-31T03:26:22.183+0000][1][safepoint    ] Leaving safepoint region
[2021-12-31T03:26:22.183+0000][1][safepoint    ] Total time for which application threads were stopped: 0.0005535 seconds, Stopping threads took: 0.0002172 seconds
[2021-12-31T03:26:23.184+0000][1][safepoint    ] Application time: 1.0003883 seconds
[2021-12-31T03:26:23.184+0000][1][safepoint    ] Entering safepoint region: Cleanup
[2021-12-31T03:26:23.184+0000][1][safepoint    ] Leaving safepoint region
[2021-12-31T03:26:23.185+0000][1][safepoint    ] Total time for which application threads were stopped: 0.0005173 seconds, Stopping threads took: 0.0002503 seconds
[2021-12-31T03:26:24.187+0000][1][safepoint    ] Application time: 1.0023514 seconds
[2021-12-31T03:26:24.187+0000][1][safepoint    ] Entering safepoint region: Cleanup
[2021-12-31T03:26:24.188+0000][1][safepoint    ] Leaving safepoint region
[2021-12-31T03:26:24.188+0000][1][safepoint    ] Total time for which application threads were stopped: 0.0004394 seconds, Stopping threads took: 0.0001988 seconds
[2021-12-31T03:26:25.190+0000][1][safepoint    ] Application time: 1.0021015 seconds
[2021-12-31T03:26:25.191+0000][1][safepoint    ] Entering safepoint region: Cleanup
[2021-12-31T03:26:25.191+0000][1][safepoint    ] Leaving safepoint region
[2021-12-31T03:26:25.191+0000][1][safepoint    ] Total time for which application threads were stopped: 0.0002037 seconds, Stopping threads took: 0.0000874 seconds
[2021-12-31T03:26:26.194+0000][1][safepoint    ] Application time: 1.0028984 seconds
[2021-12-31T03:26:26.194+0000][1][safepoint    ] Entering safepoint region: Cleanup
[2021-12-31T03:26:26.194+0000][1][safepoint    ] Leaving safepoint region
[2021-12-31T03:26:26.195+0000][1][safepoint    ] Total time for which application threads were stopped: 0.0005973 seconds, Stopping threads took: 0.0002351 seconds
[2021-12-31T03:26:27.198+0000][1][safepoint    ] Application time: 1.0033032 seconds
[2021-12-31T03:26:27.198+0000][1][safepoint    ] Entering safepoint region: Cleanup
[2021-12-31T03:26:27.199+0000][1][safepoint    ] Leaving safepoint region
[2021-12-31T03:26:27.199+0000][1][safepoint    ] Total time for which application threads were stopped: 0.0002352 seconds, Stopping threads took: 0.0001106 seconds
[2021-12-31T03:26:28.199+0000][1][safepoint    ] Application time: 1.0005044 seconds
[2021-12-31T03:26:28.199+0000][1][safepoint    ] Entering safepoint region: Cleanup
[2021-12-31T03:26:28.200+0000][1][safepoint    ] Leaving safepoint region
[2021-12-31T03:26:28.200+0000][1][safepoint    ] Total time for which application threads were stopped: 0.0002788 seconds, Stopping threads took: 0.0001127 seconds
[2021-12-31T03:26:29.202+0000][1][safepoint    ] Application time: 1.0017131 seconds
[2021-12-31T03:26:29.202+0000][1][safepoint    ] Entering safepoint region: Cleanup
[2021-12-31T03:26:29.202+0000][1][safepoint    ] Leaving safepoint region
[2021-12-31T03:26:29.202+0000][1][safepoint    ] Total time for which application threads were stopped: 0.0002432 seconds, Stopping threads took: 0.0001015 seconds
[2021-12-31T03:26:30.205+0000][1][safepoint    ] Application time: 1.0031528 seconds
[2021-12-31T03:26:30.205+0000][1][safepoint    ] Entering safepoint region: Cleanup
[2021-12-31T03:26:30.206+0000][1][safepoint    ] Leaving safepoint region
[2021-12-31T03:26:30.206+0000][1][safepoint    ] Total time for which application threads were stopped: 0.0002238 seconds, Stopping threads took: 0.0000969 seconds
[2021-12-31T03:26:31.208+0000][1][safepoint    ] Application time: 1.0022211 seconds
[2021-12-31T03:26:31.208+0000][1][safepoint    ] Entering safepoint region: Cleanup
[2021-12-31T03:26:31.209+0000][1][safepoint    ] Leaving safepoint region
[2021-12-31T03:26:31.209+0000][1][safepoint    ] Total time for which application threads were stopped: 0.0005258 seconds, Stopping threads took: 0.0002127 seconds
[2021-12-31T03:26:32.209+0000][1][safepoint    ] Application time: 1.0001921 seconds
[2021-12-31T03:26:32.210+0000][1][safepoint    ] Entering safepoint region: Cleanup
[2021-12-31T03:26:32.210+0000][1][safepoint    ] Leaving safepoint region
[2021-12-31T03:26:32.210+0000][1][safepoint    ] Total time for which application threads were stopped: 0.0005800 seconds, Stopping threads took: 0.0002494 seconds
[2021-12-31T03:26:33.213+0000][1][safepoint    ] Application time: 1.0021100 seconds
[2021-12-31T03:26:33.213+0000][1][safepoint    ] Entering safepoint region: Cleanup
[2021-12-31T03:26:33.213+0000][1][safepoint    ] Leaving safepoint region
[2021-12-31T03:26:33.213+0000][1][safepoint    ] Total time for which application threads were stopped: 0.0002693 seconds, Stopping threads took: 0.0001055 seconds
[2021-12-31T03:26:34.215+0000][1][safepoint    ] Application time: 1.0018780 seconds
[2021-12-31T03:26:34.215+0000][1][safepoint    ] Entering safepoint region: Cleanup
[2021-12-31T03:26:34.216+0000][1][safepoint    ] Leaving safepoint region
[2021-12-31T03:26:34.216+0000][1][safepoint    ] Total time for which application threads were stopped: 0.0002398 seconds, Stopping threads took: 0.0001084 seconds
[2021-12-31T03:26:35.216+0000][1][safepoint    ] Application time: 1.0005695 seconds
[2021-12-31T03:26:35.217+0000][1][safepoint    ] Entering safepoint region: Cleanup
[2021-12-31T03:26:35.217+0000][1][safepoint    ] Leaving safepoint region
[2021-12-31T03:26:35.217+0000][1][safepoint    ] Total time for which application threads were stopped: 0.0002503 seconds, Stopping threads took: 0.0001090 seconds
[2021-12-31T03:26:36.218+0000][1][safepoint    ] Application time: 1.0007325 seconds
[2021-12-31T03:26:36.218+0000][1][safepoint    ] Entering safepoint region: Cleanup
[2021-12-31T03:26:36.218+0000][1][safepoint    ] Leaving safepoint region
[2021-12-31T03:26:36.218+0000][1][safepoint    ] Total time for which application threads were stopped: 0.0002335 seconds, Stopping threads took: 0.0001032 seconds
[2021-12-31T03:26:37.219+0000][1][safepoint    ] Application time: 1.0007753 seconds
[2021-12-31T03:26:37.219+0000][1][safepoint    ] Entering safepoint region: Cleanup
[2021-12-31T03:26:37.219+0000][1][safepoint    ] Leaving safepoint region
[2021-12-31T03:26:37.219+0000][1][safepoint    ] Total time for which application threads were stopped: 0.0002127 seconds, Stopping threads took: 0.0000944 seconds
[2021-12-31T03:26:38.221+0000][1][safepoint    ] Application time: 1.0010993 seconds
[2021-12-31T03:26:38.221+0000][1][safepoint    ] Entering safepoint region: Cleanup
[2021-12-31T03:26:38.221+0000][1][safepoint    ] Leaving safepoint region
[2021-12-31T03:26:38.221+0000][1][safepoint    ] Total time for which application threads were stopped: 0.0005647 seconds, Stopping threads took: 0.0001189 seconds
[2021-12-31T03:26:39.222+0000][1][safepoint    ] Application time: 1.0002661 seconds
[2021-12-31T03:26:39.222+0000][1][safepoint    ] Entering safepoint region: Cleanup
[2021-12-31T03:26:39.222+0000][1][safepoint    ] Leaving safepoint region
[2021-12-31T03:26:39.222+0000][1][safepoint    ] Total time for which application threads were stopped: 0.0002517 seconds, Stopping threads took: 0.0001074 seconds
[2021-12-31T03:26:40.223+0000][1][safepoint    ] Application time: 1.0006542 seconds
[2021-12-31T03:26:40.223+0000][1][safepoint    ] Entering safepoint region: Cleanup
[2021-12-31T03:26:40.224+0000][1][safepoint    ] Leaving safepoint region
[2021-12-31T03:26:40.224+0000][1][safepoint    ] Total time for which application threads were stopped: 0.0003929 seconds, Stopping threads took: 0.0001488 seconds
[2021-12-31T03:26:41.225+0000][1][safepoint    ] Application time: 1.0009851 seconds
[2021-12-31T03:26:41.225+0000][1][safepoint    ] Entering safepoint region: Cleanup
[2021-12-31T03:26:41.226+0000][1][safepoint    ] Leaving safepoint region
[2021-12-31T03:26:41.227+0000][1][safepoint    ] Total time for which application threads were stopped: 0.0014223 seconds, Stopping threads took: 0.0001958 seconds
[2021-12-31T03:26:42.238+0000][1][safepoint    ] Application time: 1.0004342 seconds
[2021-12-31T03:26:42.238+0000][1][safepoint    ] Entering safepoint region: Cleanup
[2021-12-31T03:26:42.238+0000][1][safepoint    ] Leaving safepoint region
[2021-12-31T03:26:42.238+0000][1][safepoint    ] Total time for which application threads were stopped: 0.0004228 seconds, Stopping threads took: 0.0001894 seconds
[2021-12-31T03:26:43.239+0000][1][safepoint    ] Application time: 1.0002803 seconds
[2021-12-31T03:26:43.239+0000][1][safepoint    ] Entering safepoint region: Cleanup
[2021-12-31T03:26:43.239+0000][1][safepoint    ] Leaving safepoint region
[2021-12-31T03:26:43.240+0000][1][safepoint    ] Total time for which application threads were stopped: 0.0003220 seconds, Stopping threads took: 0.0000910 seconds
[2021-12-31T03:26:44.240+0000][1][safepoint    ] Application time: 1.0005679 seconds
[2021-12-31T03:26:44.241+0000][1][safepoint    ] Entering safepoint region: Cleanup
[2021-12-31T03:26:44.241+0000][1][safepoint    ] Leaving safepoint region
[2021-12-31T03:26:44.241+0000][1][safepoint    ] Total time for which application threads were stopped: 0.0002170 seconds, Stopping threads took: 0.0000933 seconds
[2021-12-31T03:26:45.244+0000][1][safepoint    ] Application time: 1.0029675 seconds
[2021-12-31T03:26:45.244+0000][1][safepoint    ] Entering safepoint region: Cleanup
[2021-12-31T03:26:45.244+0000][1][safepoint    ] Leaving safepoint region
[2021-12-31T03:26:45.244+0000][1][safepoint    ] Total time for which application threads were stopped: 0.0002245 seconds, Stopping threads took: 0.0000900 seconds
[2021-12-31T03:26:46.245+0000][1][safepoint    ] Application time: 1.0002423 seconds
[2021-12-31T03:26:46.245+0000][1][safepoint    ] Entering safepoint region: Cleanup
[2021-12-31T03:26:46.245+0000][1][safepoint    ] Leaving safepoint region
[2021-12-31T03:26:46.245+0000][1][safepoint    ] Total time for which application threads were stopped: 0.0004492 seconds, Stopping threads took: 0.0002041 seconds
[2021-12-31T03:26:47.246+0000][1][safepoint    ] Application time: 1.0006270 seconds
[2021-12-31T03:26:47.247+0000][1][safepoint    ] Entering safepoint region: Cleanup
[2021-12-31T03:26:47.247+0000][1][safepoint    ] Leaving safepoint region
[2021-12-31T03:26:47.247+0000][1][safepoint    ] Total time for which application threads were stopped: 0.0005491 seconds, Stopping threads took: 0.0002535 seconds
[2021-12-31T03:26:48.248+0000][1][safepoint    ] Application time: 1.0008928 seconds
[2021-12-31T03:26:48.248+0000][1][safepoint    ] Entering safepoint region: Cleanup
[2021-12-31T03:26:48.248+0000][1][safepoint    ] Leaving safepoint region
[2021-12-31T03:26:48.249+0000][1][safepoint    ] Total time for which application threads were stopped: 0.0002147 seconds, Stopping threads took: 0.0000917 seconds
[2021-12-31T03:26:49.249+0000][1][safepoint    ] Application time: 1.0004092 seconds
[2021-12-31T03:26:49.249+0000][1][safepoint    ] Entering safepoint region: Cleanup
[2021-12-31T03:26:49.250+0000][1][safepoint    ] Leaving safepoint region
[2021-12-31T03:26:49.250+0000][1][safepoint    ] Total time for which application threads were stopped: 0.0006667 seconds, Stopping threads took: 0.0003249 seconds
[2021-12-31T03:26:50.251+0000][1][safepoint    ] Application time: 1.0011590 seconds
[2021-12-31T03:26:50.252+0000][1][safepoint    ] Entering safepoint region: Cleanup
[2021-12-31T03:26:50.252+0000][1][safepoint    ] Leaving safepoint region
[2021-12-31T03:26:50.252+0000][1][safepoint    ] Total time for which application threads were stopped: 0.0002232 seconds, Stopping threads took: 0.0000962 seconds
[2021-12-31T03:26:51.253+0000][1][safepoint    ] Application time: 1.0011565 seconds
[2021-12-31T03:26:51.253+0000][1][safepoint    ] Entering safepoint region: Cleanup
[2021-12-31T03:26:51.254+0000][1][safepoint    ] Leaving safepoint region
[2021-12-31T03:26:51.254+0000][1][safepoint    ] Total time for which application threads were stopped: 0.0004830 seconds, Stopping threads took: 0.0002013 seconds
[2021-12-31T03:26:51.409+0000][1][safepoint    ] Application time: 0.1547436 seconds
[2021-12-31T03:26:51.409+0000][1][safepoint    ] Entering safepoint region: GenCollectForAllocation
[2021-12-31T03:26:51.410+0000][1][gc,start     ] GC(48) Pause Young (Allocation Failure)
[2021-12-31T03:26:51.410+0000][1][gc,task      ] GC(48) Using 1 workers of 1 for evacuation
[2021-12-31T03:26:51.417+0000][1][gc,age       ] GC(48) Desired survivor size 4358144 bytes, new threshold 6 (max threshold 6)
[2021-12-31T03:26:51.417+0000][1][gc,age       ] GC(48) Age table with threshold 6 (max threshold 6)
[2021-12-31T03:26:51.418+0000][1][gc,age       ] GC(48) - age   1:      15104 bytes,      15104 total
[2021-12-31T03:26:51.418+0000][1][gc,age       ] GC(48) - age   2:        792 bytes,      15896 total
[2021-12-31T03:26:51.418+0000][1][gc,age       ] GC(48) - age   3:        128 bytes,      16024 total
[2021-12-31T03:26:51.418+0000][1][gc,age       ] GC(48) - age   4:       1040 bytes,      17064 total
[2021-12-31T03:26:51.419+0000][1][gc,age       ] GC(48) - age   5:        448 bytes,      17512 total
[2021-12-31T03:26:51.419+0000][1][gc,age       ] GC(48) - age   6:       1072 bytes,      18584 total
[2021-12-31T03:26:51.419+0000][1][gc,heap      ] GC(48) ParNew: 68179K->19K(76672K)
[2021-12-31T03:26:51.419+0000][1][gc,heap      ] GC(48) CMS: 127747K->127747K(439104K)
[2021-12-31T03:26:51.420+0000][1][gc,metaspace ] GC(48) Metaspace: 73647K->73647K(1116160K)
[2021-12-31T03:26:51.420+0000][1][gc           ] GC(48) Pause Young (Allocation Failure) 191M->124M(503M) 9.965ms
[2021-12-31T03:26:51.420+0000][1][gc,cpu       ] GC(48) User=0.01s Sys=0.00s Real=0.00s
[2021-12-31T03:26:51.420+0000][1][safepoint    ] Leaving safepoint region
[2021-12-31T03:26:51.420+0000][1][safepoint    ] Total time for which application threads were stopped: 0.0110872 seconds, Stopping threads took: 0.0002198 seconds
[2021-12-31T03:26:52.423+0000][1][safepoint    ] Application time: 1.0021531 seconds
[2021-12-31T03:26:52.423+0000][1][safepoint    ] Entering safepoint region: Cleanup
[2021-12-31T03:26:52.423+0000][1][safepoint    ] Leaving safepoint region
[2021-12-31T03:26:52.423+0000][1][safepoint    ] Total time for which application threads were stopped: 0.0001983 seconds, Stopping threads took: 0.0000849 seconds
[2021-12-31T03:26:53.425+0000][1][safepoint    ] Application time: 1.0017017 seconds
[2021-12-31T03:26:53.426+0000][1][safepoint    ] Entering safepoint region: Cleanup
[2021-12-31T03:26:53.426+0000][1][safepoint    ] Leaving safepoint region
[2021-12-31T03:26:53.426+0000][1][safepoint    ] Total time for which application threads were stopped: 0.0004799 seconds, Stopping threads took: 0.0002342 seconds
[2021-12-31T03:26:54.427+0000][1][safepoint    ] Application time: 1.0005156 seconds
[2021-12-31T03:26:54.427+0000][1][safepoint    ] Entering safepoint region: Cleanup
[2021-12-31T03:26:54.427+0000][1][safepoint    ] Leaving safepoint region
[2021-12-31T03:26:54.428+0000][1][safepoint    ] Total time for which application threads were stopped: 0.0004557 seconds, Stopping threads took: 0.0001917 seconds
[2021-12-31T03:26:55.428+0000][1][safepoint    ] Application time: 1.0005087 seconds
[2021-12-31T03:26:55.429+0000][1][safepoint    ] Entering safepoint region: Cleanup
[2021-12-31T03:26:55.429+0000][1][safepoint    ] Leaving safepoint region
[2021-12-31T03:26:55.429+0000][1][safepoint    ] Total time for which application threads were stopped: 0.0002118 seconds, Stopping threads took: 0.0000902 seconds
[2021-12-31T03:26:56.431+0000][1][safepoint    ] Application time: 1.0017339 seconds
[2021-12-31T03:26:56.431+0000][1][safepoint    ] Entering safepoint region: Cleanup
[2021-12-31T03:26:56.431+0000][1][safepoint    ] Leaving safepoint region
[2021-12-31T03:26:56.431+0000][1][safepoint    ] Total time for which application threads were stopped: 0.0002247 seconds, Stopping threads took: 0.0000956 seconds
[2021-12-31T03:26:57.434+0000][1][safepoint    ] Application time: 1.0028379 seconds
[2021-12-31T03:26:57.434+0000][1][safepoint    ] Entering safepoint region: Cleanup
[2021-12-31T03:26:57.435+0000][1][safepoint    ] Leaving safepoint region
[2021-12-31T03:26:57.435+0000][1][safepoint    ] Total time for which application threads were stopped: 0.0005646 seconds, Stopping threads took: 0.0002132 seconds
[2021-12-31T03:26:58.439+0000][1][safepoint    ] Application time: 1.0036254 seconds
[2021-12-31T03:26:58.439+0000][1][safepoint    ] Entering safepoint region: Cleanup
[2021-12-31T03:26:58.439+0000][1][safepoint    ] Leaving safepoint region
[2021-12-31T03:26:58.439+0000][1][safepoint    ] Total time for which application threads were stopped: 0.0002453 seconds, Stopping threads took: 0.0001084 seconds
[2021-12-31T03:26:59.440+0000][1][safepoint    ] Application time: 1.0004753 seconds
[2021-12-31T03:26:59.440+0000][1][safepoint    ] Entering safepoint region: Cleanup
[2021-12-31T03:26:59.440+0000][1][safepoint    ] Leaving safepoint region
[2021-12-31T03:26:59.440+0000][1][safepoint    ] Total time for which application threads were stopped: 0.0002408 seconds, Stopping threads took: 0.0001030 seconds
[2021-12-31T03:27:00.443+0000][1][safepoint    ] Application time: 1.0023290 seconds
[2021-12-31T03:27:00.443+0000][1][safepoint    ] Entering safepoint region: Cleanup
[2021-12-31T03:27:00.443+0000][1][safepoint    ] Leaving safepoint region
[2021-12-31T03:27:00.443+0000][1][safepoint    ] Total time for which application threads were stopped: 0.0002808 seconds, Stopping threads took: 0.0001433 seconds
[2021-12-31T03:27:01.446+0000][1][safepoint    ] Application time: 1.0026787 seconds
[2021-12-31T03:27:01.446+0000][1][safepoint    ] Entering safepoint region: Cleanup
[2021-12-31T03:27:01.446+0000][1][safepoint    ] Leaving safepoint region
[2021-12-31T03:27:01.447+0000][1][safepoint    ] Total time for which application threads were stopped: 0.0002677 seconds, Stopping threads took: 0.0001237 seconds
[2021-12-31T03:27:02.448+0000][1][safepoint    ] Application time: 1.0009638 seconds
[2021-12-31T03:27:02.448+0000][1][safepoint    ] Entering safepoint region: Cleanup
[2021-12-31T03:27:02.448+0000][1][safepoint    ] Leaving safepoint region
[2021-12-31T03:27:02.448+0000][1][safepoint    ] Total time for which application threads were stopped: 0.0002302 seconds, Stopping threads took: 0.0001007 seconds
[2021-12-31T03:27:03.450+0000][1][safepoint    ] Application time: 1.0023110 seconds
[2021-12-31T03:27:03.451+0000][1][safepoint    ] Entering safepoint region: Cleanup
[2021-12-31T03:27:03.451+0000][1][safepoint    ] Leaving safepoint region
[2021-12-31T03:27:03.451+0000][1][safepoint    ] Total time for which application threads were stopped: 0.0002363 seconds, Stopping threads took: 0.0001024 seconds
[2021-12-31T03:27:04.452+0000][1][safepoint    ] Application time: 1.0009046 seconds
[2021-12-31T03:27:04.452+0000][1][safepoint    ] Entering safepoint region: Cleanup
[2021-12-31T03:27:04.452+0000][1][safepoint    ] Leaving safepoint region
[2021-12-31T03:27:04.452+0000][1][safepoint    ] Total time for which application threads were stopped: 0.0002257 seconds, Stopping threads took: 0.0000981 seconds
[2021-12-31T03:27:05.455+0000][1][safepoint    ] Application time: 1.0030615 seconds
[2021-12-31T03:27:05.456+0000][1][safepoint    ] Entering safepoint region: Cleanup
[2021-12-31T03:27:05.456+0000][1][safepoint    ] Leaving safepoint region
[2021-12-31T03:27:05.456+0000][1][safepoint    ] Total time for which application threads were stopped: 0.0002484 seconds, Stopping threads took: 0.0001108 seconds
[2021-12-31T03:27:06.459+0000][1][safepoint    ] Application time: 1.0027872 seconds
[2021-12-31T03:27:06.459+0000][1][safepoint    ] Entering safepoint region: Cleanup
[2021-12-31T03:27:06.459+0000][1][safepoint    ] Leaving safepoint region
[2021-12-31T03:27:06.459+0000][1][safepoint    ] Total time for which application threads were stopped: 0.0003585 seconds, Stopping threads took: 0.0001373 seconds
[2021-12-31T03:27:07.461+0000][1][safepoint    ] Application time: 1.0012676 seconds
[2021-12-31T03:27:07.461+0000][1][safepoint    ] Entering safepoint region: Cleanup
[2021-12-31T03:27:07.462+0000][1][safepoint    ] Leaving safepoint region
[2021-12-31T03:27:07.462+0000][1][safepoint    ] Total time for which application threads were stopped: 0.0005915 seconds, Stopping threads took: 0.0003196 seconds
[2021-12-31T03:27:08.462+0000][1][safepoint    ] Application time: 1.0003907 seconds
[2021-12-31T03:27:08.463+0000][1][safepoint    ] Entering safepoint region: Cleanup
[2021-12-31T03:27:08.463+0000][1][safepoint    ] Leaving safepoint region
[2021-12-31T03:27:08.463+0000][1][safepoint    ] Total time for which application threads were stopped: 0.0003016 seconds, Stopping threads took: 0.0001316 seconds
[2021-12-31T03:27:09.464+0000][1][safepoint    ] Application time: 1.0012475 seconds
[2021-12-31T03:27:09.464+0000][1][safepoint    ] Entering safepoint region: Cleanup
[2021-12-31T03:27:09.465+0000][1][safepoint    ] Leaving safepoint region
[2021-12-31T03:27:09.465+0000][1][safepoint    ] Total time for which application threads were stopped: 0.0002794 seconds, Stopping threads took: 0.0001201 seconds
[2021-12-31T03:27:10.466+0000][1][safepoint    ] Application time: 1.0010620 seconds
[2021-12-31T03:27:10.466+0000][1][safepoint    ] Entering safepoint region: Cleanup
[2021-12-31T03:27:10.466+0000][1][safepoint    ] Leaving safepoint region
[2021-12-31T03:27:10.466+0000][1][safepoint    ] Total time for which application threads were stopped: 0.0003210 seconds, Stopping threads took: 0.0001527 seconds
[2021-12-31T03:27:11.469+0000][1][safepoint    ] Application time: 1.0028632 seconds
[2021-12-31T03:27:11.470+0000][1][safepoint    ] Entering safepoint region: Cleanup
[2021-12-31T03:27:11.470+0000][1][safepoint    ] Leaving safepoint region
[2021-12-31T03:27:11.470+0000][1][safepoint    ] Total time for which application threads were stopped: 0.0002403 seconds, Stopping threads took: 0.0001006 seconds
[2021-12-31T03:27:12.473+0000][1][safepoint    ] Application time: 1.0030244 seconds
[2021-12-31T03:27:12.473+0000][1][safepoint    ] Entering safepoint region: Cleanup
[2021-12-31T03:27:12.473+0000][1][safepoint    ] Leaving safepoint region
[2021-12-31T03:27:12.473+0000][1][safepoint    ] Total time for which application threads were stopped: 0.0003141 seconds, Stopping threads took: 0.0001769 seconds
[2021-12-31T03:27:13.475+0000][1][safepoint    ] Application time: 1.0016890 seconds
[2021-12-31T03:27:13.476+0000][1][safepoint    ] Entering safepoint region: Cleanup
[2021-12-31T03:27:13.476+0000][1][safepoint    ] Leaving safepoint region
[2021-12-31T03:27:13.476+0000][1][safepoint    ] Total time for which application threads were stopped: 0.0003674 seconds, Stopping threads took: 0.0001677 seconds
[2021-12-31T03:27:14.482+0000][1][safepoint    ] Application time: 1.0063009 seconds
[2021-12-31T03:27:14.483+0000][1][safepoint    ] Entering safepoint region: Cleanup
[2021-12-31T03:27:14.483+0000][1][safepoint    ] Leaving safepoint region
[2021-12-31T03:27:14.483+0000][1][safepoint    ] Total time for which application threads were stopped: 0.0003600 seconds, Stopping threads took: 0.0001274 seconds
[2021-12-31T03:27:15.486+0000][1][safepoint    ] Application time: 1.0028616 seconds
[2021-12-31T03:27:15.487+0000][1][safepoint    ] Entering safepoint region: Cleanup
[2021-12-31T03:27:15.487+0000][1][safepoint    ] Leaving safepoint region
[2021-12-31T03:27:15.487+0000][1][safepoint    ] Total time for which application threads were stopped: 0.0005876 seconds, Stopping threads took: 0.0002661 seconds
[2021-12-31T03:27:16.493+0000][1][safepoint    ] Application time: 1.0053288 seconds
[2021-12-31T03:27:16.493+0000][1][safepoint    ] Entering safepoint region: Cleanup
[2021-12-31T03:27:16.493+0000][1][safepoint    ] Leaving safepoint region
[2021-12-31T03:27:16.493+0000][1][safepoint    ] Total time for which application threads were stopped: 0.0003448 seconds, Stopping threads took: 0.0001515 seconds
[2021-12-31T03:27:17.494+0000][1][safepoint    ] Application time: 1.0007127 seconds
[2021-12-31T03:27:17.495+0000][1][safepoint    ] Entering safepoint region: Cleanup
[2021-12-31T03:27:17.495+0000][1][safepoint    ] Leaving safepoint region
[2021-12-31T03:27:17.495+0000][1][safepoint    ] Total time for which application threads were stopped: 0.0002468 seconds, Stopping threads took: 0.0001064 seconds
[2021-12-31T03:27:18.175+0000][1][safepoint    ] Application time: 0.6804714 seconds
[2021-12-31T03:27:18.176+0000][1][safepoint    ] Entering safepoint region: RevokeBias
[2021-12-31T03:27:18.176+0000][1][safepoint    ] Leaving safepoint region
[2021-12-31T03:27:18.176+0000][1][safepoint    ] Total time for which application threads were stopped: 0.0004994 seconds, Stopping threads took: 0.0001948 seconds
[2021-12-31T03:27:19.180+0000][1][safepoint    ] Application time: 1.0037329 seconds
[2021-12-31T03:27:19.181+0000][1][safepoint    ] Entering safepoint region: Cleanup
[2021-12-31T03:27:19.181+0000][1][safepoint    ] Leaving safepoint region
[2021-12-31T03:27:19.181+0000][1][safepoint    ] Total time for which application threads were stopped: 0.0004292 seconds, Stopping threads took: 0.0001383 seconds
[2021-12-31T03:27:20.182+0000][1][safepoint    ] Application time: 1.0011854 seconds
[2021-12-31T03:27:20.183+0000][1][safepoint    ] Entering safepoint region: Cleanup
[2021-12-31T03:27:20.183+0000][1][safepoint    ] Leaving safepoint region
[2021-12-31T03:27:20.183+0000][1][safepoint    ] Total time for which application threads were stopped: 0.0003003 seconds, Stopping threads took: 0.0001419 seconds
[2021-12-31T03:27:21.185+0000][1][safepoint    ] Application time: 1.0018878 seconds
[2021-12-31T03:27:21.185+0000][1][safepoint    ] Entering safepoint region: Cleanup
[2021-12-31T03:27:21.185+0000][1][safepoint    ] Leaving safepoint region
[2021-12-31T03:27:21.185+0000][1][safepoint    ] Total time for which application threads were stopped: 0.0002411 seconds, Stopping threads took: 0.0001032 seconds
[2021-12-31T03:27:21.243+0000][1][safepoint    ] Application time: 0.0579686 seconds
[2021-12-31T03:27:21.255+0000][1][safepoint    ] Entering safepoint region: RevokeBias
[2021-12-31T03:27:21.256+0000][1][safepoint    ] Leaving safepoint region
[2021-12-31T03:27:21.256+0000][1][safepoint    ] Total time for which application threads were stopped: 0.0012278 seconds, Stopping threads took: 0.0007138 seconds
[2021-12-31T03:27:21.262+0000][1][safepoint    ] Application time: 0.0052749 seconds
[2021-12-31T03:27:21.262+0000][1][safepoint    ] Entering safepoint region: RevokeBias
[2021-12-31T03:27:21.263+0000][1][safepoint    ] Leaving safepoint region
[2021-12-31T03:27:21.263+0000][1][safepoint    ] Total time for which application threads were stopped: 0.0006138 seconds, Stopping threads took: 0.0004451 seconds
[2021-12-31T03:27:21.263+0000][1][safepoint    ] Application time: 0.0001996 seconds
[2021-12-31T03:27:21.264+0000][1][safepoint    ] Entering safepoint region: RevokeBias
[2021-12-31T03:27:21.264+0000][1][safepoint    ] Leaving safepoint region
[2021-12-31T03:27:21.264+0000][1][safepoint    ] Total time for which application threads were stopped: 0.0002877 seconds, Stopping threads took: 0.0001285 seconds
[2021-12-31T03:27:21.264+0000][1][safepoint    ] Application time: 0.0001795 seconds
[2021-12-31T03:27:21.264+0000][1][safepoint    ] Entering safepoint region: RevokeBias
[2021-12-31T03:27:21.264+0000][1][safepoint    ] Leaving safepoint region
[2021-12-31T03:27:21.264+0000][1][safepoint    ] Total time for which application threads were stopped: 0.0002164 seconds, Stopping threads took: 0.0000953 seconds
[2021-12-31T03:27:21.265+0000][1][safepoint    ] Application time: 0.0002069 seconds
[2021-12-31T03:27:21.265+0000][1][safepoint    ] Entering safepoint region: RevokeBias
[2021-12-31T03:27:21.265+0000][1][safepoint    ] Leaving safepoint region
[2021-12-31T03:27:21.265+0000][1][safepoint    ] Total time for which application threads were stopped: 0.0002805 seconds, Stopping threads took: 0.0001307 seconds
[2021-12-31T03:27:21.265+0000][1][safepoint    ] Application time: 0.0001576 seconds
[2021-12-31T03:27:21.266+0000][1][safepoint    ] Entering safepoint region: RevokeBias
[2021-12-31T03:27:21.266+0000][1][safepoint    ] Leaving safepoint region
[2021-12-31T03:27:21.266+0000][1][safepoint    ] Total time for which application threads were stopped: 0.0004942 seconds, Stopping threads took: 0.0003561 seconds
[2021-12-31T03:27:21.280+0000][1][safepoint    ] Application time: 0.0139870 seconds
[2021-12-31T03:27:21.290+0000][1][safepoint    ] Entering safepoint region: RevokeBias
[2021-12-31T03:27:21.291+0000][1][safepoint    ] Leaving safepoint region
[2021-12-31T03:27:21.292+0000][1][safepoint    ] Total time for which application threads were stopped: 0.0070002 seconds, Stopping threads took: 0.0060945 seconds
[2021-12-31T03:27:21.296+0000][1][safepoint    ] Application time: 0.0033291 seconds
[2021-12-31T03:27:21.297+0000][1][safepoint    ] Entering safepoint region: RevokeBias
[2021-12-31T03:27:21.297+0000][1][safepoint    ] Leaving safepoint region
[2021-12-31T03:27:21.297+0000][1][safepoint    ] Total time for which application threads were stopped: 0.0004239 seconds, Stopping threads took: 0.0002174 seconds
[2021-12-31T03:27:21.359+0000][1][safepoint    ] Application time: 0.0620369 seconds
[2021-12-31T03:27:21.364+0000][1][safepoint    ] Entering safepoint region: RevokeBias
[2021-12-31T03:27:21.364+0000][1][safepoint    ] Leaving safepoint region
[2021-12-31T03:27:21.364+0000][1][safepoint    ] Total time for which application threads were stopped: 0.0002981 seconds, Stopping threads took: 0.0001368 seconds
[2021-12-31T03:27:21.368+0000][1][safepoint    ] Application time: 0.0035555 seconds
[2021-12-31T03:27:21.370+0000][1][safepoint    ] Entering safepoint region: RevokeBias
[2021-12-31T03:27:21.370+0000][1][safepoint    ] Leaving safepoint region
[2021-12-31T03:27:21.370+0000][1][safepoint    ] Total time for which application threads were stopped: 0.0002707 seconds, Stopping threads took: 0.0001038 seconds
[2021-12-31T03:27:21.374+0000][1][safepoint    ] Application time: 0.0033475 seconds
[2021-12-31T03:27:21.376+0000][1][safepoint    ] Entering safepoint region: RevokeBias
[2021-12-31T03:27:21.377+0000][1][safepoint    ] Leaving safepoint region
[2021-12-31T03:27:21.377+0000][1][safepoint    ] Total time for which application threads were stopped: 0.0002721 seconds, Stopping threads took: 0.0001106 seconds
[2021-12-31T03:27:21.382+0000][1][safepoint    ] Application time: 0.0050830 seconds
[2021-12-31T03:27:21.385+0000][1][safepoint    ] Entering safepoint region: RevokeBias
[2021-12-31T03:27:21.385+0000][1][safepoint    ] Leaving safepoint region
[2021-12-31T03:27:21.385+0000][1][safepoint    ] Total time for which application threads were stopped: 0.0005216 seconds, Stopping threads took: 0.0003470 seconds
[2021-12-31T03:27:22.387+0000][1][safepoint    ] Application time: 1.0017665 seconds
[2021-12-31T03:27:22.387+0000][1][safepoint    ] Entering safepoint region: Cleanup
[2021-12-31T03:27:22.387+0000][1][safepoint    ] Leaving safepoint region
[2021-12-31T03:27:22.388+0000][1][safepoint    ] Total time for which application threads were stopped: 0.0002484 seconds, Stopping threads took: 0.0000993 seconds
[2021-12-31T03:27:23.390+0000][1][safepoint    ] Application time: 1.0026577 seconds
[2021-12-31T03:27:23.391+0000][1][safepoint    ] Entering safepoint region: Cleanup
[2021-12-31T03:27:23.391+0000][1][safepoint    ] Leaving safepoint region
[2021-12-31T03:27:23.391+0000][1][safepoint    ] Total time for which application threads were stopped: 0.0006270 seconds, Stopping threads took: 0.0002971 seconds
[2021-12-31T03:27:24.393+0000][1][safepoint    ] Application time: 1.0016792 seconds
[2021-12-31T03:27:24.393+0000][1][safepoint    ] Entering safepoint region: Cleanup
[2021-12-31T03:27:24.394+0000][1][safepoint    ] Leaving safepoint region
[2021-12-31T03:27:24.394+0000][1][safepoint    ] Total time for which application threads were stopped: 0.0003162 seconds, Stopping threads took: 0.0001465 seconds
[2021-12-31T03:27:25.397+0000][1][safepoint    ] Application time: 1.0032665 seconds
[2021-12-31T03:27:25.398+0000][1][safepoint    ] Entering safepoint region: Cleanup
[2021-12-31T03:27:25.398+0000][1][safepoint    ] Leaving safepoint region
[2021-12-31T03:27:25.398+0000][1][safepoint    ] Total time for which application threads were stopped: 0.0006385 seconds, Stopping threads took: 0.0002647 seconds
[2021-12-31T03:27:26.399+0000][1][safepoint    ] Application time: 1.0010600 seconds
[2021-12-31T03:27:26.400+0000][1][safepoint    ] Entering safepoint region: Cleanup
[2021-12-31T03:27:26.400+0000][1][safepoint    ] Leaving safepoint region
[2021-12-31T03:27:26.400+0000][1][safepoint    ] Total time for which application threads were stopped: 0.0002457 seconds, Stopping threads took: 0.0001060 seconds
[2021-12-31T03:27:27.146+0000][1][safepoint    ] Application time: 0.7462499 seconds
[2021-12-31T03:27:27.147+0000][1][safepoint    ] Entering safepoint region: RevokeBias
[2021-12-31T03:27:27.147+0000][1][safepoint    ] Leaving safepoint region
[2021-12-31T03:27:27.147+0000][1][safepoint    ] Total time for which application threads were stopped: 0.0005814 seconds, Stopping threads took: 0.0002350 seconds
[2021-12-31T03:27:27.150+0000][1][safepoint    ] Application time: 0.0024565 seconds
[2021-12-31T03:27:27.151+0000][1][safepoint    ] Entering safepoint region: RevokeBias
[2021-12-31T03:27:27.151+0000][1][safepoint    ] Leaving safepoint region
[2021-12-31T03:27:27.151+0000][1][safepoint    ] Total time for which application threads were stopped: 0.0002505 seconds, Stopping threads took: 0.0001119 seconds
[2021-12-31T03:27:27.151+0000][1][safepoint    ] Application time: 0.0000511 seconds
[2021-12-31T03:27:27.151+0000][1][safepoint    ] Entering safepoint region: RevokeBias
[2021-12-31T03:27:27.151+0000][1][safepoint    ] Leaving safepoint region
[2021-12-31T03:27:27.151+0000][1][safepoint    ] Total time for which application threads were stopped: 0.0001899 seconds, Stopping threads took: 0.0000810 seconds
[2021-12-31T03:27:27.152+0000][1][safepoint    ] Application time: 0.0004440 seconds
[2021-12-31T03:27:27.152+0000][1][safepoint    ] Entering safepoint region: RevokeBias
[2021-12-31T03:27:27.153+0000][1][safepoint    ] Leaving safepoint region
[2021-12-31T03:27:27.153+0000][1][safepoint    ] Total time for which application threads were stopped: 0.0002153 seconds, Stopping threads took: 0.0000904 seconds
[2021-12-31T03:27:27.153+0000][1][safepoint    ] Application time: 0.0000455 seconds
[2021-12-31T03:27:27.153+0000][1][safepoint    ] Entering safepoint region: RevokeBias
[2021-12-31T03:27:27.153+0000][1][safepoint    ] Leaving safepoint region
[2021-12-31T03:27:27.153+0000][1][safepoint    ] Total time for which application threads were stopped: 0.0002185 seconds, Stopping threads took: 0.0000960 seconds
[2021-12-31T03:27:27.153+0000][1][safepoint    ] Application time: 0.0000530 seconds
[2021-12-31T03:27:27.153+0000][1][safepoint    ] Entering safepoint region: RevokeBias
[2021-12-31T03:27:27.154+0000][1][safepoint    ] Leaving safepoint region
[2021-12-31T03:27:27.154+0000][1][safepoint    ] Total time for which application threads were stopped: 0.0002223 seconds, Stopping threads took: 0.0000980 seconds
[2021-12-31T03:27:27.154+0000][1][safepoint    ] Application time: 0.0000387 seconds
[2021-12-31T03:27:27.154+0000][1][safepoint    ] Entering safepoint region: RevokeBias
[2021-12-31T03:27:27.154+0000][1][safepoint    ] Leaving safepoint region
[2021-12-31T03:27:27.154+0000][1][safepoint    ] Total time for which application threads were stopped: 0.0001780 seconds, Stopping threads took: 0.0000775 seconds
[2021-12-31T03:27:27.158+0000][1][safepoint    ] Application time: 0.0033708 seconds
[2021-12-31T03:27:27.158+0000][1][safepoint    ] Entering safepoint region: RevokeBias
[2021-12-31T03:27:27.158+0000][1][safepoint    ] Leaving safepoint region
[2021-12-31T03:27:27.158+0000][1][safepoint    ] Total time for which application threads were stopped: 0.0002396 seconds, Stopping threads took: 0.0000956 seconds
[2021-12-31T03:27:27.158+0000][1][safepoint    ] Application time: 0.0000630 seconds
[2021-12-31T03:27:27.158+0000][1][safepoint    ] Entering safepoint region: RevokeBias
[2021-12-31T03:27:27.158+0000][1][safepoint    ] Leaving safepoint region
[2021-12-31T03:27:27.158+0000][1][safepoint    ] Total time for which application threads were stopped: 0.0002081 seconds, Stopping threads took: 0.0000935 seconds
[2021-12-31T03:27:27.159+0000][1][safepoint    ] Application time: 0.0001216 seconds
[2021-12-31T03:27:27.159+0000][1][safepoint    ] Entering safepoint region: RevokeBias
[2021-12-31T03:27:27.159+0000][1][safepoint    ] Leaving safepoint region
[2021-12-31T03:27:27.159+0000][1][safepoint    ] Total time for which application threads were stopped: 0.0003115 seconds, Stopping threads took: 0.0000945 seconds
[2021-12-31T03:27:27.189+0000][1][safepoint    ] Application time: 0.0294888 seconds
[2021-12-31T03:27:27.189+0000][1][safepoint    ] Entering safepoint region: RevokeBias
[2021-12-31T03:27:27.189+0000][1][safepoint    ] Leaving safepoint region
[2021-12-31T03:27:27.189+0000][1][safepoint    ] Total time for which application threads were stopped: 0.0002354 seconds, Stopping threads took: 0.0000956 seconds
[2021-12-31T03:27:27.189+0000][1][safepoint    ] Application time: 0.0000683 seconds
[2021-12-31T03:27:27.190+0000][1][safepoint    ] Entering safepoint region: RevokeBias
[2021-12-31T03:27:27.190+0000][1][safepoint    ] Leaving safepoint region
[2021-12-31T03:27:27.190+0000][1][safepoint    ] Total time for which application threads were stopped: 0.0002494 seconds, Stopping threads took: 0.0001091 seconds
[2021-12-31T03:27:27.190+0000][1][safepoint    ] Application time: 0.0001676 seconds
[2021-12-31T03:27:27.190+0000][1][safepoint    ] Entering safepoint region: RevokeBias
[2021-12-31T03:27:27.190+0000][1][safepoint    ] Leaving safepoint region
[2021-12-31T03:27:27.190+0000][1][safepoint    ] Total time for which application threads were stopped: 0.0002062 seconds, Stopping threads took: 0.0000809 seconds
[2021-12-31T03:27:27.191+0000][1][safepoint    ] Application time: 0.0000457 seconds
[2021-12-31T03:27:27.191+0000][1][safepoint    ] Entering safepoint region: RevokeBias
[2021-12-31T03:27:27.191+0000][1][safepoint    ] Leaving safepoint region
[2021-12-31T03:27:27.191+0000][1][safepoint    ] Total time for which application threads were stopped: 0.0002307 seconds, Stopping threads took: 0.0001022 seconds
[2021-12-31T03:27:27.191+0000][1][safepoint    ] Application time: 0.0000538 seconds
[2021-12-31T03:27:27.191+0000][1][safepoint    ] Entering safepoint region: RevokeBias
[2021-12-31T03:27:27.191+0000][1][safepoint    ] Leaving safepoint region
[2021-12-31T03:27:27.191+0000][1][safepoint    ] Total time for which application threads were stopped: 0.0001791 seconds, Stopping threads took: 0.0000789 seconds
[2021-12-31T03:27:27.192+0000][1][safepoint    ] Application time: 0.0000415 seconds
[2021-12-31T03:27:27.192+0000][1][safepoint    ] Entering safepoint region: RevokeBias
[2021-12-31T03:27:27.192+0000][1][safepoint    ] Leaving safepoint region
[2021-12-31T03:27:27.192+0000][1][safepoint    ] Total time for which application threads were stopped: 0.0002210 seconds, Stopping threads took: 0.0001001 seconds
[2021-12-31T03:27:27.194+0000][1][safepoint    ] Application time: 0.0021553 seconds
[2021-12-31T03:27:27.194+0000][1][safepoint    ] Entering safepoint region: RevokeBias
[2021-12-31T03:27:27.194+0000][1][safepoint    ] Leaving safepoint region
[2021-12-31T03:27:27.194+0000][1][safepoint    ] Total time for which application threads were stopped: 0.0002359 seconds, Stopping threads took: 0.0001062 seconds
[2021-12-31T03:27:27.195+0000][1][safepoint    ] Application time: 0.0000594 seconds
[2021-12-31T03:27:27.195+0000][1][safepoint    ] Entering safepoint region: RevokeBias
[2021-12-31T03:27:27.195+0000][1][safepoint    ] Leaving safepoint region
[2021-12-31T03:27:27.195+0000][1][safepoint    ] Total time for which application threads were stopped: 0.0002056 seconds, Stopping threads took: 0.0000796 seconds
[2021-12-31T03:27:27.195+0000][1][safepoint    ] Application time: 0.0001310 seconds
[2021-12-31T03:27:27.195+0000][1][safepoint    ] Entering safepoint region: RevokeBias
[2021-12-31T03:27:27.195+0000][1][safepoint    ] Leaving safepoint region
[2021-12-31T03:27:27.196+0000][1][safepoint    ] Total time for which application threads were stopped: 0.0002948 seconds, Stopping threads took: 0.0001202 seconds
[2021-12-31T03:27:27.209+0000][1][safepoint    ] Application time: 0.0128635 seconds
[2021-12-31T03:27:27.209+0000][1][safepoint    ] Entering safepoint region: RevokeBias
[2021-12-31T03:27:27.209+0000][1][safepoint    ] Leaving safepoint region
[2021-12-31T03:27:27.209+0000][1][safepoint    ] Total time for which application threads were stopped: 0.0002360 seconds, Stopping threads took: 0.0000916 seconds
[2021-12-31T03:27:27.209+0000][1][safepoint    ] Application time: 0.0002874 seconds
[2021-12-31T03:27:27.209+0000][1][safepoint    ] Entering safepoint region: RevokeBias
[2021-12-31T03:27:27.210+0000][1][safepoint    ] Leaving safepoint region
[2021-12-31T03:27:27.210+0000][1][safepoint    ] Total time for which application threads were stopped: 0.0002591 seconds, Stopping threads took: 0.0001217 seconds
[2021-12-31T03:27:27.210+0000][1][safepoint    ] Application time: 0.0002755 seconds
[2021-12-31T03:27:27.210+0000][1][safepoint    ] Entering safepoint region: RevokeBias
[2021-12-31T03:27:27.210+0000][1][safepoint    ] Leaving safepoint region
[2021-12-31T03:27:27.211+0000][1][safepoint    ] Total time for which application threads were stopped: 0.0003175 seconds, Stopping threads took: 0.0001160 seconds
[2021-12-31T03:27:27.211+0000][1][safepoint    ] Application time: 0.0000383 seconds
[2021-12-31T03:27:27.211+0000][1][safepoint    ] Entering safepoint region: RevokeBias
[2021-12-31T03:27:27.211+0000][1][safepoint    ] Leaving safepoint region
[2021-12-31T03:27:27.211+0000][1][safepoint    ] Total time for which application threads were stopped: 0.0002268 seconds, Stopping threads took: 0.0000984 seconds
[2021-12-31T03:27:27.211+0000][1][safepoint    ] Application time: 0.0000473 seconds
[2021-12-31T03:27:27.211+0000][1][safepoint    ] Entering safepoint region: RevokeBias
[2021-12-31T03:27:27.211+0000][1][safepoint    ] Leaving safepoint region
[2021-12-31T03:27:27.212+0000][1][safepoint    ] Total time for which application threads were stopped: 0.0001842 seconds, Stopping threads took: 0.0000806 seconds
[2021-12-31T03:27:27.212+0000][1][safepoint    ] Application time: 0.0000440 seconds
[2021-12-31T03:27:27.212+0000][1][safepoint    ] Entering safepoint region: RevokeBias
[2021-12-31T03:27:27.212+0000][1][safepoint    ] Leaving safepoint region
[2021-12-31T03:27:27.212+0000][1][safepoint    ] Total time for which application threads were stopped: 0.0001693 seconds, Stopping threads took: 0.0000734 seconds
[2021-12-31T03:27:27.214+0000][1][safepoint    ] Application time: 0.0023652 seconds
[2021-12-31T03:27:27.215+0000][1][safepoint    ] Entering safepoint region: RevokeBias
[2021-12-31T03:27:27.215+0000][1][safepoint    ] Leaving safepoint region
[2021-12-31T03:27:27.215+0000][1][safepoint    ] Total time for which application threads were stopped: 0.0002731 seconds, Stopping threads took: 0.0001328 seconds
[2021-12-31T03:27:27.215+0000][1][safepoint    ] Application time: 0.0001108 seconds
[2021-12-31T03:27:27.215+0000][1][safepoint    ] Entering safepoint region: RevokeBias
[2021-12-31T03:27:27.215+0000][1][safepoint    ] Leaving safepoint region
[2021-12-31T03:27:27.215+0000][1][safepoint    ] Total time for which application threads were stopped: 0.0002145 seconds, Stopping threads took: 0.0000884 seconds
[2021-12-31T03:27:27.216+0000][1][safepoint    ] Application time: 0.0000975 seconds
[2021-12-31T03:27:27.216+0000][1][safepoint    ] Entering safepoint region: RevokeBias
[2021-12-31T03:27:27.216+0000][1][safepoint    ] Leaving safepoint region
[2021-12-31T03:27:27.216+0000][1][safepoint    ] Total time for which application threads were stopped: 0.0001917 seconds, Stopping threads took: 0.0000837 seconds
[2021-12-31T03:27:27.230+0000][1][safepoint    ] Application time: 0.0139805 seconds
[2021-12-31T03:27:27.230+0000][1][safepoint    ] Entering safepoint region: RevokeBias
[2021-12-31T03:27:27.230+0000][1][safepoint    ] Leaving safepoint region
[2021-12-31T03:27:27.230+0000][1][safepoint    ] Total time for which application threads were stopped: 0.0002541 seconds, Stopping threads took: 0.0001012 seconds
[2021-12-31T03:27:27.231+0000][1][safepoint    ] Application time: 0.0000486 seconds
[2021-12-31T03:27:27.231+0000][1][safepoint    ] Entering safepoint region: RevokeBias
[2021-12-31T03:27:27.231+0000][1][safepoint    ] Leaving safepoint region
[2021-12-31T03:27:27.231+0000][1][safepoint    ] Total time for which application threads were stopped: 0.0001908 seconds, Stopping threads took: 0.0000810 seconds
[2021-12-31T03:27:27.231+0000][1][safepoint    ] Application time: 0.0001697 seconds
[2021-12-31T03:27:27.231+0000][1][safepoint    ] Entering safepoint region: RevokeBias
[2021-12-31T03:27:27.231+0000][1][safepoint    ] Leaving safepoint region
[2021-12-31T03:27:27.232+0000][1][safepoint    ] Total time for which application threads were stopped: 0.0003058 seconds, Stopping threads took: 0.0001414 seconds
[2021-12-31T03:27:27.232+0000][1][safepoint    ] Application time: 0.0000462 seconds
[2021-12-31T03:27:27.232+0000][1][safepoint    ] Entering safepoint region: RevokeBias
[2021-12-31T03:27:27.232+0000][1][safepoint    ] Leaving safepoint region
[2021-12-31T03:27:27.232+0000][1][safepoint    ] Total time for which application threads were stopped: 0.0001996 seconds, Stopping threads took: 0.0000907 seconds
[2021-12-31T03:27:27.232+0000][1][safepoint    ] Application time: 0.0000520 seconds
[2021-12-31T03:27:27.232+0000][1][safepoint    ] Entering safepoint region: RevokeBias
[2021-12-31T03:27:27.232+0000][1][safepoint    ] Leaving safepoint region
[2021-12-31T03:27:27.233+0000][1][safepoint    ] Total time for which application threads were stopped: 0.0001800 seconds, Stopping threads took: 0.0000790 seconds
[2021-12-31T03:27:27.233+0000][1][safepoint    ] Application time: 0.0000389 seconds
[2021-12-31T03:27:27.233+0000][1][safepoint    ] Entering safepoint region: RevokeBias
[2021-12-31T03:27:27.233+0000][1][safepoint    ] Leaving safepoint region
[2021-12-31T03:27:27.233+0000][1][safepoint    ] Total time for which application threads were stopped: 0.0004088 seconds, Stopping threads took: 0.0000851 seconds
[2021-12-31T03:27:27.235+0000][1][safepoint    ] Application time: 0.0016215 seconds
[2021-12-31T03:27:27.235+0000][1][safepoint    ] Entering safepoint region: RevokeBias
[2021-12-31T03:27:27.235+0000][1][safepoint    ] Leaving safepoint region
[2021-12-31T03:27:27.235+0000][1][safepoint    ] Total time for which application threads were stopped: 0.0002564 seconds, Stopping threads took: 0.0001169 seconds
[2021-12-31T03:27:27.235+0000][1][safepoint    ] Application time: 0.0000546 seconds
[2021-12-31T03:27:27.235+0000][1][safepoint    ] Entering safepoint region: RevokeBias
[2021-12-31T03:27:27.236+0000][1][safepoint    ] Leaving safepoint region
[2021-12-31T03:27:27.236+0000][1][safepoint    ] Total time for which application threads were stopped: 0.0003646 seconds, Stopping threads took: 0.0001176 seconds
[2021-12-31T03:27:27.236+0000][1][safepoint    ] Application time: 0.0001011 seconds
[2021-12-31T03:27:27.236+0000][1][safepoint    ] Entering safepoint region: RevokeBias
[2021-12-31T03:27:27.236+0000][1][safepoint    ] Leaving safepoint region
[2021-12-31T03:27:27.237+0000][1][safepoint    ] Total time for which application threads were stopped: 0.0002645 seconds, Stopping threads took: 0.0001074 seconds
[2021-12-31T03:27:27.251+0000][1][safepoint    ] Application time: 0.0144271 seconds
[2021-12-31T03:27:27.251+0000][1][safepoint    ] Entering safepoint region: RevokeBias
[2021-12-31T03:27:27.251+0000][1][safepoint    ] Leaving safepoint region
[2021-12-31T03:27:27.252+0000][1][safepoint    ] Total time for which application threads were stopped: 0.0003105 seconds, Stopping threads took: 0.0001180 seconds
[2021-12-31T03:27:27.252+0000][1][safepoint    ] Application time: 0.0000614 seconds
[2021-12-31T03:27:27.252+0000][1][safepoint    ] Entering safepoint region: RevokeBias
[2021-12-31T03:27:27.252+0000][1][safepoint    ] Leaving safepoint region
[2021-12-31T03:27:27.252+0000][1][safepoint    ] Total time for which application threads were stopped: 0.0004425 seconds, Stopping threads took: 0.0001081 seconds
[2021-12-31T03:27:27.253+0000][1][safepoint    ] Application time: 0.0001838 seconds
[2021-12-31T03:27:27.253+0000][1][safepoint    ] Entering safepoint region: RevokeBias
[2021-12-31T03:27:27.253+0000][1][safepoint    ] Leaving safepoint region
[2021-12-31T03:27:27.253+0000][1][safepoint    ] Total time for which application threads were stopped: 0.0002682 seconds, Stopping threads took: 0.0001074 seconds
[2021-12-31T03:27:27.253+0000][1][safepoint    ] Application time: 0.0000452 seconds
[2021-12-31T03:27:27.253+0000][1][safepoint    ] Entering safepoint region: RevokeBias
[2021-12-31T03:27:27.253+0000][1][safepoint    ] Leaving safepoint region
[2021-12-31T03:27:27.253+0000][1][safepoint    ] Total time for which application threads were stopped: 0.0002495 seconds, Stopping threads took: 0.0001051 seconds
[2021-12-31T03:27:27.254+0000][1][safepoint    ] Application time: 0.0000559 seconds
[2021-12-31T03:27:27.254+0000][1][safepoint    ] Entering safepoint region: RevokeBias
[2021-12-31T03:27:27.254+0000][1][safepoint    ] Leaving safepoint region
[2021-12-31T03:27:27.254+0000][1][safepoint    ] Total time for which application threads were stopped: 0.0002450 seconds, Stopping threads took: 0.0001050 seconds
[2021-12-31T03:27:27.254+0000][1][safepoint    ] Application time: 0.0000422 seconds
[2021-12-31T03:27:27.254+0000][1][safepoint    ] Entering safepoint region: RevokeBias
[2021-12-31T03:27:27.254+0000][1][safepoint    ] Leaving safepoint region
[2021-12-31T03:27:27.254+0000][1][safepoint    ] Total time for which application threads were stopped: 0.0002461 seconds, Stopping threads took: 0.0001056 seconds
[2021-12-31T03:27:27.256+0000][1][safepoint    ] Application time: 0.0017850 seconds
[2021-12-31T03:27:27.257+0000][1][safepoint    ] Entering safepoint region: RevokeBias
[2021-12-31T03:27:27.257+0000][1][safepoint    ] Leaving safepoint region
[2021-12-31T03:27:27.257+0000][1][safepoint    ] Total time for which application threads were stopped: 0.0002686 seconds, Stopping threads took: 0.0001343 seconds
[2021-12-31T03:27:27.257+0000][1][safepoint    ] Application time: 0.0000666 seconds
[2021-12-31T03:27:27.257+0000][1][safepoint    ] Entering safepoint region: RevokeBias
[2021-12-31T03:27:27.257+0000][1][safepoint    ] Leaving safepoint region
[2021-12-31T03:27:27.257+0000][1][safepoint    ] Total time for which application threads were stopped: 0.0002341 seconds, Stopping threads took: 0.0001081 seconds
[2021-12-31T03:27:27.258+0000][1][safepoint    ] Application time: 0.0007308 seconds
[2021-12-31T03:27:27.258+0000][1][safepoint    ] Entering safepoint region: RevokeBias
[2021-12-31T03:27:27.259+0000][1][safepoint    ] Leaving safepoint region
[2021-12-31T03:27:27.259+0000][1][safepoint    ] Total time for which application threads were stopped: 0.0001927 seconds, Stopping threads took: 0.0000856 seconds
[2021-12-31T03:27:27.271+0000][1][safepoint    ] Application time: 0.0122538 seconds
[2021-12-31T03:27:27.271+0000][1][safepoint    ] Entering safepoint region: RevokeBias
[2021-12-31T03:27:27.271+0000][1][safepoint    ] Leaving safepoint region
[2021-12-31T03:27:27.271+0000][1][safepoint    ] Total time for which application threads were stopped: 0.0002733 seconds, Stopping threads took: 0.0000915 seconds
[2021-12-31T03:27:27.277+0000][1][safepoint    ] Application time: 0.0057214 seconds
[2021-12-31T03:27:27.278+0000][1][safepoint    ] Entering safepoint region: RevokeBias
[2021-12-31T03:27:27.278+0000][1][safepoint    ] Leaving safepoint region
[2021-12-31T03:27:27.278+0000][1][safepoint    ] Total time for which application threads were stopped: 0.0005520 seconds, Stopping threads took: 0.0001134 seconds
[2021-12-31T03:27:27.329+0000][1][safepoint    ] Application time: 0.0504396 seconds
[2021-12-31T03:27:27.331+0000][1][safepoint    ] Entering safepoint region: RevokeBias
[2021-12-31T03:27:27.332+0000][1][safepoint    ] Leaving safepoint region
[2021-12-31T03:27:27.332+0000][1][safepoint    ] Total time for which application threads were stopped: 0.0003866 seconds, Stopping threads took: 0.0001535 seconds
[2021-12-31T03:27:28.334+0000][1][safepoint    ] Application time: 1.0021119 seconds
[2021-12-31T03:27:28.335+0000][1][safepoint    ] Entering safepoint region: Cleanup
[2021-12-31T03:27:28.335+0000][1][safepoint    ] Leaving safepoint region
[2021-12-31T03:27:28.335+0000][1][safepoint    ] Total time for which application threads were stopped: 0.0005696 seconds, Stopping threads took: 0.0002561 seconds
[2021-12-31T03:27:28.454+0000][1][safepoint    ] Application time: 0.1186372 seconds
[2021-12-31T03:27:28.462+0000][1][safepoint    ] Entering safepoint region: RevokeBias
[2021-12-31T03:27:28.463+0000][1][safepoint    ] Leaving safepoint region
[2021-12-31T03:27:28.463+0000][1][safepoint    ] Total time for which application threads were stopped: 0.0038807 seconds, Stopping threads took: 0.0035393 seconds
[2021-12-31T03:27:28.464+0000][1][safepoint    ] Application time: 0.0002702 seconds
[2021-12-31T03:27:28.464+0000][1][safepoint    ] Entering safepoint region: RevokeBias
[2021-12-31T03:27:28.465+0000][1][safepoint    ] Leaving safepoint region
[2021-12-31T03:27:28.465+0000][1][safepoint    ] Total time for which application threads were stopped: 0.0008137 seconds, Stopping threads took: 0.0003657 seconds
[2021-12-31T03:27:28.465+0000][1][safepoint    ] Application time: 0.0002592 seconds
[2021-12-31T03:27:28.466+0000][1][safepoint    ] Entering safepoint region: RevokeBias
[2021-12-31T03:27:28.466+0000][1][safepoint    ] Leaving safepoint region
[2021-12-31T03:27:28.466+0000][1][safepoint    ] Total time for which application threads were stopped: 0.0003699 seconds, Stopping threads took: 0.0001444 seconds
[2021-12-31T03:27:28.466+0000][1][safepoint    ] Application time: 0.0001486 seconds
[2021-12-31T03:27:28.466+0000][1][safepoint    ] Entering safepoint region: RevokeBias
[2021-12-31T03:27:28.466+0000][1][safepoint    ] Leaving safepoint region
[2021-12-31T03:27:28.466+0000][1][safepoint    ] Total time for which application threads were stopped: 0.0002489 seconds, Stopping threads took: 0.0000990 seconds
[2021-12-31T03:27:28.474+0000][1][safepoint    ] Application time: 0.0073649 seconds
[2021-12-31T03:27:28.479+0000][1][safepoint    ] Entering safepoint region: RevokeBias
[2021-12-31T03:27:28.479+0000][1][safepoint    ] Leaving safepoint region
[2021-12-31T03:27:28.479+0000][1][safepoint    ] Total time for which application threads were stopped: 0.0004826 seconds, Stopping threads took: 0.0002949 seconds
[2021-12-31T03:27:28.482+0000][1][safepoint    ] Application time: 0.0026157 seconds
[2021-12-31T03:27:28.482+0000][1][safepoint    ] Entering safepoint region: RevokeBias
[2021-12-31T03:27:28.482+0000][1][safepoint    ] Leaving safepoint region
[2021-12-31T03:27:28.483+0000][1][safepoint    ] Total time for which application threads were stopped: 0.0002380 seconds, Stopping threads took: 0.0000983 seconds
[2021-12-31T03:27:29.485+0000][1][safepoint    ] Application time: 1.0020446 seconds
[2021-12-31T03:27:29.485+0000][1][safepoint    ] Entering safepoint region: Cleanup
[2021-12-31T03:27:29.485+0000][1][safepoint    ] Leaving safepoint region
[2021-12-31T03:27:29.485+0000][1][safepoint    ] Total time for which application threads were stopped: 0.0002334 seconds, Stopping threads took: 0.0001045 seconds
[2021-12-31T03:27:30.486+0000][1][safepoint    ] Application time: 1.0003990 seconds
[2021-12-31T03:27:30.486+0000][1][safepoint    ] Entering safepoint region: Cleanup
[2021-12-31T03:27:30.486+0000][1][safepoint    ] Leaving safepoint region
[2021-12-31T03:27:30.486+0000][1][safepoint    ] Total time for which application threads were stopped: 0.0002493 seconds, Stopping threads took: 0.0001089 seconds
[2021-12-31T03:27:31.488+0000][1][safepoint    ] Application time: 1.0018475 seconds
[2021-12-31T03:27:31.488+0000][1][safepoint    ] Entering safepoint region: Cleanup
[2021-12-31T03:27:31.488+0000][1][safepoint    ] Leaving safepoint region
[2021-12-31T03:27:31.489+0000][1][safepoint    ] Total time for which application threads were stopped: 0.0002339 seconds, Stopping threads took: 0.0001024 seconds
[2021-12-31T03:27:32.491+0000][1][safepoint    ] Application time: 1.0024733 seconds
[2021-12-31T03:27:32.491+0000][1][safepoint    ] Entering safepoint region: Cleanup
[2021-12-31T03:27:32.491+0000][1][safepoint    ] Leaving safepoint region
[2021-12-31T03:27:32.492+0000][1][safepoint    ] Total time for which application threads were stopped: 0.0002680 seconds, Stopping threads took: 0.0001176 seconds
[2021-12-31T03:27:33.493+0000][1][safepoint    ] Application time: 1.0009616 seconds
[2021-12-31T03:27:33.493+0000][1][safepoint    ] Entering safepoint region: Cleanup
[2021-12-31T03:27:33.493+0000][1][safepoint    ] Leaving safepoint region
[2021-12-31T03:27:33.493+0000][1][safepoint    ] Total time for which application threads were stopped: 0.0003410 seconds, Stopping threads took: 0.0001541 seconds
[2021-12-31T03:27:34.496+0000][1][safepoint    ] Application time: 1.0026622 seconds
[2021-12-31T03:27:34.496+0000][1][safepoint    ] Entering safepoint region: Cleanup
[2021-12-31T03:27:34.496+0000][1][safepoint    ] Leaving safepoint region
[2021-12-31T03:27:34.497+0000][1][safepoint    ] Total time for which application threads were stopped: 0.0003203 seconds, Stopping threads took: 0.0001511 seconds
[2021-12-31T03:27:35.499+0000][1][safepoint    ] Application time: 1.0021529 seconds
[2021-12-31T03:27:35.499+0000][1][safepoint    ] Entering safepoint region: Cleanup
[2021-12-31T03:27:35.499+0000][1][safepoint    ] Leaving safepoint region
[2021-12-31T03:27:35.499+0000][1][safepoint    ] Total time for which application threads were stopped: 0.0002280 seconds, Stopping threads took: 0.0001002 seconds
[2021-12-31T03:27:36.501+0000][1][safepoint    ] Application time: 1.0021328 seconds
[2021-12-31T03:27:36.502+0000][1][safepoint    ] Entering safepoint region: Cleanup
[2021-12-31T03:27:36.502+0000][1][safepoint    ] Leaving safepoint region
[2021-12-31T03:27:36.502+0000][1][safepoint    ] Total time for which application threads were stopped: 0.0002564 seconds, Stopping threads took: 0.0001071 seconds
[2021-12-31T03:27:37.505+0000][1][safepoint    ] Application time: 1.0025239 seconds
[2021-12-31T03:27:37.505+0000][1][safepoint    ] Entering safepoint region: Cleanup
[2021-12-31T03:27:37.505+0000][1][safepoint    ] Leaving safepoint region
[2021-12-31T03:27:37.505+0000][1][safepoint    ] Total time for which application threads were stopped: 0.0002271 seconds, Stopping threads took: 0.0000992 seconds
[2021-12-31T03:27:38.507+0000][1][safepoint    ] Application time: 1.0022795 seconds
[2021-12-31T03:27:38.508+0000][1][safepoint    ] Entering safepoint region: Cleanup
[2021-12-31T03:27:38.508+0000][1][safepoint    ] Leaving safepoint region
[2021-12-31T03:27:38.508+0000][1][safepoint    ] Total time for which application threads were stopped: 0.0002483 seconds, Stopping threads took: 0.0001087 seconds
[2021-12-31T03:27:39.510+0000][1][safepoint    ] Application time: 1.0020511 seconds
[2021-12-31T03:27:39.510+0000][1][safepoint    ] Entering safepoint region: Cleanup
[2021-12-31T03:27:39.510+0000][1][safepoint    ] Leaving safepoint region
[2021-12-31T03:27:39.510+0000][1][safepoint    ] Total time for which application threads were stopped: 0.0002285 seconds, Stopping threads took: 0.0000994 seconds
[2021-12-31T03:27:40.513+0000][1][safepoint    ] Application time: 1.0027067 seconds
[2021-12-31T03:27:40.513+0000][1][safepoint    ] Entering safepoint region: Cleanup
[2021-12-31T03:27:40.513+0000][1][safepoint    ] Leaving safepoint region
[2021-12-31T03:27:40.514+0000][1][safepoint    ] Total time for which application threads were stopped: 0.0002381 seconds, Stopping threads took: 0.0001219 seconds
[2021-12-31T03:27:41.514+0000][1][safepoint    ] Application time: 1.0003617 seconds
[2021-12-31T03:27:41.514+0000][1][safepoint    ] Entering safepoint region: Cleanup
[2021-12-31T03:27:41.515+0000][1][safepoint    ] Leaving safepoint region
[2021-12-31T03:27:41.515+0000][1][safepoint    ] Total time for which application threads were stopped: 0.0008089 seconds, Stopping threads took: 0.0003886 seconds
[2021-12-31T03:27:42.518+0000][1][safepoint    ] Application time: 1.0027186 seconds
[2021-12-31T03:27:42.518+0000][1][safepoint    ] Entering safepoint region: Cleanup
[2021-12-31T03:27:42.518+0000][1][safepoint    ] Leaving safepoint region
[2021-12-31T03:27:42.519+0000][1][safepoint    ] Total time for which application threads were stopped: 0.0002408 seconds, Stopping threads took: 0.0001018 seconds
[2021-12-31T03:27:43.521+0000][1][safepoint    ] Application time: 1.0027353 seconds
[2021-12-31T03:27:43.522+0000][1][safepoint    ] Entering safepoint region: Cleanup
[2021-12-31T03:27:43.522+0000][1][safepoint    ] Leaving safepoint region
[2021-12-31T03:27:43.522+0000][1][safepoint    ] Total time for which application threads were stopped: 0.0003474 seconds, Stopping threads took: 0.0001416 seconds
[2021-12-31T03:27:44.524+0000][1][safepoint    ] Application time: 1.0015798 seconds
[2021-12-31T03:27:44.524+0000][1][safepoint    ] Entering safepoint region: Cleanup
[2021-12-31T03:27:44.524+0000][1][safepoint    ] Leaving safepoint region
[2021-12-31T03:27:44.524+0000][1][safepoint    ] Total time for which application threads were stopped: 0.0002256 seconds, Stopping threads took: 0.0000960 seconds
[2021-12-31T03:27:45.525+0000][1][safepoint    ] Application time: 1.0003784 seconds
[2021-12-31T03:27:45.525+0000][1][safepoint    ] Entering safepoint region: Cleanup
[2021-12-31T03:27:45.525+0000][1][safepoint    ] Leaving safepoint region
[2021-12-31T03:27:45.525+0000][1][safepoint    ] Total time for which application threads were stopped: 0.0002361 seconds, Stopping threads took: 0.0001057 seconds
[2021-12-31T03:27:46.527+0000][1][safepoint    ] Application time: 1.0023617 seconds
[2021-12-31T03:27:46.528+0000][1][safepoint    ] Entering safepoint region: Cleanup
[2021-12-31T03:27:46.528+0000][1][safepoint    ] Leaving safepoint region
[2021-12-31T03:27:46.528+0000][1][safepoint    ] Total time for which application threads were stopped: 0.0002230 seconds, Stopping threads took: 0.0000961 seconds
[2021-12-31T03:27:47.532+0000][1][safepoint    ] Application time: 1.0041314 seconds
[2021-12-31T03:27:47.532+0000][1][safepoint    ] Entering safepoint region: Cleanup
[2021-12-31T03:27:47.532+0000][1][safepoint    ] Leaving safepoint region
[2021-12-31T03:27:47.533+0000][1][safepoint    ] Total time for which application threads were stopped: 0.0002485 seconds, Stopping threads took: 0.0001025 seconds
[2021-12-31T03:27:48.534+0000][1][safepoint    ] Application time: 1.0016183 seconds
[2021-12-31T03:27:48.534+0000][1][safepoint    ] Entering safepoint region: Cleanup
[2021-12-31T03:27:48.535+0000][1][safepoint    ] Leaving safepoint region
[2021-12-31T03:27:48.535+0000][1][safepoint    ] Total time for which application threads were stopped: 0.0002595 seconds, Stopping threads took: 0.0001122 seconds
[2021-12-31T03:27:49.536+0000][1][safepoint    ] Application time: 1.0007298 seconds
[2021-12-31T03:27:49.536+0000][1][safepoint    ] Entering safepoint region: Cleanup
[2021-12-31T03:27:49.536+0000][1][safepoint    ] Leaving safepoint region
[2021-12-31T03:27:49.536+0000][1][safepoint    ] Total time for which application threads were stopped: 0.0002400 seconds, Stopping threads took: 0.0001030 seconds
[2021-12-31T03:27:50.538+0000][1][safepoint    ] Application time: 1.0017923 seconds
[2021-12-31T03:27:50.538+0000][1][safepoint    ] Entering safepoint region: Cleanup
[2021-12-31T03:27:50.538+0000][1][safepoint    ] Leaving safepoint region
[2021-12-31T03:27:50.538+0000][1][safepoint    ] Total time for which application threads were stopped: 0.0002358 seconds, Stopping threads took: 0.0000964 seconds
[2021-12-31T03:27:51.542+0000][1][safepoint    ] Application time: 1.0039677 seconds
[2021-12-31T03:27:51.543+0000][1][safepoint    ] Entering safepoint region: Cleanup
[2021-12-31T03:27:51.543+0000][1][safepoint    ] Leaving safepoint region
[2021-12-31T03:27:51.543+0000][1][safepoint    ] Total time for which application threads were stopped: 0.0002146 seconds, Stopping threads took: 0.0001005 seconds
[2021-12-31T03:27:52.546+0000][1][safepoint    ] Application time: 1.0033046 seconds
[2021-12-31T03:27:52.547+0000][1][safepoint    ] Entering safepoint region: Cleanup
[2021-12-31T03:27:52.547+0000][1][safepoint    ] Leaving safepoint region
[2021-12-31T03:27:52.548+0000][1][safepoint    ] Total time for which application threads were stopped: 0.0006932 seconds, Stopping threads took: 0.0002201 seconds
[2021-12-31T03:27:53.549+0000][1][safepoint    ] Application time: 1.0011382 seconds
[2021-12-31T03:27:53.549+0000][1][safepoint    ] Entering safepoint region: Cleanup
[2021-12-31T03:27:53.549+0000][1][safepoint    ] Leaving safepoint region
[2021-12-31T03:27:53.549+0000][1][safepoint    ] Total time for which application threads were stopped: 0.0002449 seconds, Stopping threads took: 0.0001147 seconds
[2021-12-31T03:27:54.551+0000][1][safepoint    ] Application time: 1.0009791 seconds
[2021-12-31T03:27:54.551+0000][1][safepoint    ] Entering safepoint region: Cleanup
[2021-12-31T03:27:54.551+0000][1][safepoint    ] Leaving safepoint region
[2021-12-31T03:27:54.551+0000][1][safepoint    ] Total time for which application threads were stopped: 0.0002280 seconds, Stopping threads took: 0.0001016 seconds
[2021-12-31T03:27:55.553+0000][1][safepoint    ] Application time: 1.0021533 seconds
[2021-12-31T03:27:55.554+0000][1][safepoint    ] Entering safepoint region: Cleanup
[2021-12-31T03:27:55.554+0000][1][safepoint    ] Leaving safepoint region
[2021-12-31T03:27:55.554+0000][1][safepoint    ] Total time for which application threads were stopped: 0.0002512 seconds, Stopping threads took: 0.0001182 seconds
[2021-12-31T03:27:56.556+0000][1][safepoint    ] Application time: 1.0024807 seconds
[2021-12-31T03:27:56.557+0000][1][safepoint    ] Entering safepoint region: Cleanup
[2021-12-31T03:27:56.557+0000][1][safepoint    ] Leaving safepoint region
[2021-12-31T03:27:56.557+0000][1][safepoint    ] Total time for which application threads were stopped: 0.0002200 seconds, Stopping threads took: 0.0000949 seconds
[2021-12-31T03:27:57.557+0000][1][safepoint    ] Application time: 1.0003796 seconds
[2021-12-31T03:27:57.558+0000][1][safepoint    ] Entering safepoint region: Cleanup
[2021-12-31T03:27:57.558+0000][1][safepoint    ] Leaving safepoint region
[2021-12-31T03:27:57.558+0000][1][safepoint    ] Total time for which application threads were stopped: 0.0002536 seconds, Stopping threads took: 0.0001063 seconds
[2021-12-31T03:27:58.559+0000][1][safepoint    ] Application time: 1.0010101 seconds
[2021-12-31T03:27:58.559+0000][1][safepoint    ] Entering safepoint region: Cleanup
[2021-12-31T03:27:58.559+0000][1][safepoint    ] Leaving safepoint region
[2021-12-31T03:27:58.560+0000][1][safepoint    ] Total time for which application threads were stopped: 0.0002174 seconds, Stopping threads took: 0.0000945 seconds
[2021-12-31T03:27:59.562+0000][1][safepoint    ] Application time: 1.0027513 seconds
[2021-12-31T03:27:59.563+0000][1][safepoint    ] Entering safepoint region: Cleanup
[2021-12-31T03:27:59.563+0000][1][safepoint    ] Leaving safepoint region
[2021-12-31T03:27:59.563+0000][1][safepoint    ] Total time for which application threads were stopped: 0.0002302 seconds, Stopping threads took: 0.0000999 seconds
[2021-12-31T03:28:00.564+0000][1][safepoint    ] Application time: 1.0007200 seconds
[2021-12-31T03:28:00.564+0000][1][safepoint    ] Entering safepoint region: Cleanup
[2021-12-31T03:28:00.564+0000][1][safepoint    ] Leaving safepoint region
[2021-12-31T03:28:00.564+0000][1][safepoint    ] Total time for which application threads were stopped: 0.0002167 seconds, Stopping threads took: 0.0000970 seconds
[2021-12-31T03:28:01.566+0000][1][safepoint    ] Application time: 1.0017928 seconds
[2021-12-31T03:28:01.566+0000][1][safepoint    ] Entering safepoint region: Cleanup
[2021-12-31T03:28:01.566+0000][1][safepoint    ] Leaving safepoint region
[2021-12-31T03:28:01.567+0000][1][safepoint    ] Total time for which application threads were stopped: 0.0002470 seconds, Stopping threads took: 0.0001157 seconds
[2021-12-31T03:28:02.569+0000][1][safepoint    ] Application time: 1.0019893 seconds
[2021-12-31T03:28:02.569+0000][1][safepoint    ] Entering safepoint region: Cleanup
[2021-12-31T03:28:02.569+0000][1][safepoint    ] Leaving safepoint region
[2021-12-31T03:28:02.569+0000][1][safepoint    ] Total time for which application threads were stopped: 0.0002382 seconds, Stopping threads took: 0.0001060 seconds
[2021-12-31T03:28:03.570+0000][1][safepoint    ] Application time: 1.0007103 seconds
[2021-12-31T03:28:03.570+0000][1][safepoint    ] Entering safepoint region: Cleanup
[2021-12-31T03:28:03.571+0000][1][safepoint    ] Leaving safepoint region
[2021-12-31T03:28:03.571+0000][1][safepoint    ] Total time for which application threads were stopped: 0.0002320 seconds, Stopping threads took: 0.0001001 seconds
[2021-12-31T03:28:04.574+0000][1][safepoint    ] Application time: 1.0029010 seconds
[2021-12-31T03:28:04.574+0000][1][safepoint    ] Entering safepoint region: Cleanup
[2021-12-31T03:28:04.574+0000][1][safepoint    ] Leaving safepoint region
[2021-12-31T03:28:04.574+0000][1][safepoint    ] Total time for which application threads were stopped: 0.0004717 seconds, Stopping threads took: 0.0002164 seconds
[2021-12-31T03:28:05.578+0000][1][safepoint    ] Application time: 1.0033285 seconds
[2021-12-31T03:28:05.579+0000][1][safepoint    ] Entering safepoint region: Cleanup
[2021-12-31T03:28:05.579+0000][1][safepoint    ] Leaving safepoint region
[2021-12-31T03:28:05.579+0000][1][safepoint    ] Total time for which application threads were stopped: 0.0003068 seconds, Stopping threads took: 0.0001502 seconds
[2021-12-31T03:28:06.579+0000][1][safepoint    ] Application time: 1.0003044 seconds
[2021-12-31T03:28:06.580+0000][1][safepoint    ] Entering safepoint region: Cleanup
[2021-12-31T03:28:06.580+0000][1][safepoint    ] Leaving safepoint region
[2021-12-31T03:28:06.580+0000][1][safepoint    ] Total time for which application threads were stopped: 0.0002254 seconds, Stopping threads took: 0.0000990 seconds
[2021-12-31T03:28:07.581+0000][1][safepoint    ] Application time: 1.0016021 seconds
[2021-12-31T03:28:07.582+0000][1][safepoint    ] Entering safepoint region: Cleanup
[2021-12-31T03:28:07.582+0000][1][safepoint    ] Leaving safepoint region
[2021-12-31T03:28:07.582+0000][1][safepoint    ] Total time for which application threads were stopped: 0.0002060 seconds, Stopping threads took: 0.0000922 seconds
[2021-12-31T03:28:08.588+0000][1][safepoint    ] Application time: 1.0059527 seconds
[2021-12-31T03:28:08.589+0000][1][safepoint    ] Entering safepoint region: Cleanup
[2021-12-31T03:28:08.589+0000][1][safepoint    ] Leaving safepoint region
[2021-12-31T03:28:08.589+0000][1][safepoint    ] Total time for which application threads were stopped: 0.0003878 seconds, Stopping threads took: 0.0001976 seconds
[2021-12-31T03:28:09.592+0000][1][safepoint    ] Application time: 1.0025767 seconds
[2021-12-31T03:28:09.592+0000][1][safepoint    ] Entering safepoint region: Cleanup
[2021-12-31T03:28:09.592+0000][1][safepoint    ] Leaving safepoint region
[2021-12-31T03:28:09.592+0000][1][safepoint    ] Total time for which application threads were stopped: 0.0002522 seconds, Stopping threads took: 0.0001108 seconds
[2021-12-31T03:28:10.595+0000][1][safepoint    ] Application time: 1.0027744 seconds
[2021-12-31T03:28:10.595+0000][1][safepoint    ] Entering safepoint region: Cleanup
[2021-12-31T03:28:10.596+0000][1][safepoint    ] Leaving safepoint region
[2021-12-31T03:28:10.596+0000][1][safepoint    ] Total time for which application threads were stopped: 0.0002540 seconds, Stopping threads took: 0.0001211 seconds
[2021-12-31T03:28:11.599+0000][1][safepoint    ] Application time: 1.0027097 seconds
[2021-12-31T03:28:11.599+0000][1][safepoint    ] Entering safepoint region: Cleanup
[2021-12-31T03:28:11.599+0000][1][safepoint    ] Leaving safepoint region
[2021-12-31T03:28:11.599+0000][1][safepoint    ] Total time for which application threads were stopped: 0.0002391 seconds, Stopping threads took: 0.0001032 seconds
[2021-12-31T03:28:12.601+0000][1][safepoint    ] Application time: 1.0015705 seconds
[2021-12-31T03:28:12.601+0000][1][safepoint    ] Entering safepoint region: Cleanup
[2021-12-31T03:28:12.602+0000][1][safepoint    ] Leaving safepoint region
[2021-12-31T03:28:12.602+0000][1][safepoint    ] Total time for which application threads were stopped: 0.0004214 seconds, Stopping threads took: 0.0001849 seconds
[2021-12-31T03:28:13.603+0000][1][safepoint    ] Application time: 1.0012236 seconds
[2021-12-31T03:28:13.603+0000][1][safepoint    ] Entering safepoint region: Cleanup
[2021-12-31T03:28:13.604+0000][1][safepoint    ] Leaving safepoint region
[2021-12-31T03:28:13.604+0000][1][safepoint    ] Total time for which application threads were stopped: 0.0002930 seconds, Stopping threads took: 0.0001670 seconds
[2021-12-31T03:28:14.607+0000][1][safepoint    ] Application time: 1.0029286 seconds
[2021-12-31T03:28:14.607+0000][1][safepoint    ] Entering safepoint region: Cleanup
[2021-12-31T03:28:14.607+0000][1][safepoint    ] Leaving safepoint region
[2021-12-31T03:28:14.607+0000][1][safepoint    ] Total time for which application threads were stopped: 0.0002232 seconds, Stopping threads took: 0.0000988 seconds
[2021-12-31T03:28:15.611+0000][1][safepoint    ] Application time: 1.0033240 seconds
[2021-12-31T03:28:15.611+0000][1][safepoint    ] Entering safepoint region: Cleanup
[2021-12-31T03:28:15.611+0000][1][safepoint    ] Leaving safepoint region
[2021-12-31T03:28:15.611+0000][1][safepoint    ] Total time for which application threads were stopped: 0.0004859 seconds, Stopping threads took: 0.0002027 seconds
[2021-12-31T03:28:16.613+0000][1][safepoint    ] Application time: 1.0014057 seconds
[2021-12-31T03:28:16.613+0000][1][safepoint    ] Entering safepoint region: Cleanup
[2021-12-31T03:28:16.614+0000][1][safepoint    ] Leaving safepoint region
[2021-12-31T03:28:16.614+0000][1][safepoint    ] Total time for which application threads were stopped: 0.0002194 seconds, Stopping threads took: 0.0000959 seconds
[2021-12-31T03:28:17.616+0000][1][safepoint    ] Application time: 1.0020791 seconds
[2021-12-31T03:28:17.616+0000][1][safepoint    ] Entering safepoint region: Cleanup
[2021-12-31T03:28:17.616+0000][1][safepoint    ] Leaving safepoint region
[2021-12-31T03:28:17.616+0000][1][safepoint    ] Total time for which application threads were stopped: 0.0002818 seconds, Stopping threads took: 0.0001102 seconds
[2021-12-31T03:28:18.185+0000][1][safepoint    ] Application time: 0.5687365 seconds
[2021-12-31T03:28:18.189+0000][1][safepoint    ] Entering safepoint region: RevokeBias
[2021-12-31T03:28:18.189+0000][1][safepoint    ] Leaving safepoint region
[2021-12-31T03:28:18.189+0000][1][safepoint    ] Total time for which application threads were stopped: 0.0002344 seconds, Stopping threads took: 0.0001021 seconds
[2021-12-31T03:28:19.191+0000][1][safepoint    ] Application time: 1.0015199 seconds
[2021-12-31T03:28:19.191+0000][1][safepoint    ] Entering safepoint region: Cleanup
[2021-12-31T03:28:19.191+0000][1][safepoint    ] Leaving safepoint region
[2021-12-31T03:28:19.191+0000][1][safepoint    ] Total time for which application threads were stopped: 0.0002551 seconds, Stopping threads took: 0.0001060 seconds
[2021-12-31T03:28:20.193+0000][1][safepoint    ] Application time: 1.0017369 seconds
[2021-12-31T03:28:20.194+0000][1][safepoint    ] Entering safepoint region: Cleanup
[2021-12-31T03:28:20.194+0000][1][safepoint    ] Leaving safepoint region
[2021-12-31T03:28:20.194+0000][1][safepoint    ] Total time for which application threads were stopped: 0.0003008 seconds, Stopping threads took: 0.0001463 seconds
[2021-12-31T03:28:21.196+0000][1][safepoint    ] Application time: 1.0019506 seconds
[2021-12-31T03:28:21.196+0000][1][safepoint    ] Entering safepoint region: Cleanup
[2021-12-31T03:28:21.196+0000][1][safepoint    ] Leaving safepoint region
[2021-12-31T03:28:21.197+0000][1][safepoint    ] Total time for which application threads were stopped: 0.0002315 seconds, Stopping threads took: 0.0001042 seconds
[2021-12-31T03:28:22.197+0000][1][safepoint    ] Application time: 1.0006722 seconds
[2021-12-31T03:28:22.197+0000][1][safepoint    ] Entering safepoint region: Cleanup
[2021-12-31T03:28:22.198+0000][1][safepoint    ] Leaving safepoint region
[2021-12-31T03:28:22.198+0000][1][safepoint    ] Total time for which application threads were stopped: 0.0002297 seconds, Stopping threads took: 0.0001091 seconds
[2021-12-31T03:28:23.201+0000][1][safepoint    ] Application time: 1.0029533 seconds
[2021-12-31T03:28:23.201+0000][1][safepoint    ] Entering safepoint region: Cleanup
[2021-12-31T03:28:23.202+0000][1][safepoint    ] Leaving safepoint region
[2021-12-31T03:28:23.202+0000][1][safepoint    ] Total time for which application threads were stopped: 0.0006371 seconds, Stopping threads took: 0.0003113 seconds
[2021-12-31T03:28:24.204+0000][1][safepoint    ] Application time: 1.0014501 seconds
[2021-12-31T03:28:24.204+0000][1][safepoint    ] Entering safepoint region: Cleanup
[2021-12-31T03:28:24.204+0000][1][safepoint    ] Leaving safepoint region
[2021-12-31T03:28:24.204+0000][1][safepoint    ] Total time for which application threads were stopped: 0.0005769 seconds, Stopping threads took: 0.0002196 seconds
[2021-12-31T03:28:25.207+0000][1][safepoint    ] Application time: 1.0025545 seconds
[2021-12-31T03:28:25.207+0000][1][safepoint    ] Entering safepoint region: Cleanup
[2021-12-31T03:28:25.207+0000][1][safepoint    ] Leaving safepoint region
[2021-12-31T03:28:25.208+0000][1][safepoint    ] Total time for which application threads were stopped: 0.0002375 seconds, Stopping threads took: 0.0001021 seconds
[2021-12-31T03:28:26.208+0000][1][safepoint    ] Application time: 1.0003405 seconds
[2021-12-31T03:28:26.208+0000][1][safepoint    ] Entering safepoint region: Cleanup
[2021-12-31T03:28:26.209+0000][1][safepoint    ] Leaving safepoint region
[2021-12-31T03:28:26.209+0000][1][safepoint    ] Total time for which application threads were stopped: 0.0004233 seconds, Stopping threads took: 0.0001885 seconds
[2021-12-31T03:28:27.212+0000][1][safepoint    ] Application time: 1.0032156 seconds
[2021-12-31T03:28:27.212+0000][1][safepoint    ] Entering safepoint region: Cleanup
[2021-12-31T03:28:27.213+0000][1][safepoint    ] Leaving safepoint region
[2021-12-31T03:28:27.213+0000][1][safepoint    ] Total time for which application threads were stopped: 0.0002211 seconds, Stopping threads took: 0.0000940 seconds
[2021-12-31T03:28:28.215+0000][1][safepoint    ] Application time: 1.0027139 seconds
[2021-12-31T03:28:28.216+0000][1][safepoint    ] Entering safepoint region: Cleanup
[2021-12-31T03:28:28.216+0000][1][safepoint    ] Leaving safepoint region
[2021-12-31T03:28:28.216+0000][1][safepoint    ] Total time for which application threads were stopped: 0.0002399 seconds, Stopping threads took: 0.0001025 seconds
[2021-12-31T03:28:29.219+0000][1][safepoint    ] Application time: 1.0034291 seconds
[2021-12-31T03:28:29.220+0000][1][safepoint    ] Entering safepoint region: Cleanup
[2021-12-31T03:28:29.220+0000][1][safepoint    ] Leaving safepoint region
[2021-12-31T03:28:29.220+0000][1][safepoint    ] Total time for which application threads were stopped: 0.0002588 seconds, Stopping threads took: 0.0001113 seconds
[2021-12-31T03:28:30.221+0000][1][safepoint    ] Application time: 1.0011650 seconds
[2021-12-31T03:28:30.221+0000][1][safepoint    ] Entering safepoint region: Cleanup
[2021-12-31T03:28:30.222+0000][1][safepoint    ] Leaving safepoint region
[2021-12-31T03:28:30.222+0000][1][safepoint    ] Total time for which application threads were stopped: 0.0002461 seconds, Stopping threads took: 0.0001069 seconds
[2021-12-31T03:28:31.224+0000][1][safepoint    ] Application time: 1.0019716 seconds
[2021-12-31T03:28:31.224+0000][1][safepoint    ] Entering safepoint region: Cleanup
[2021-12-31T03:28:31.224+0000][1][safepoint    ] Leaving safepoint region
[2021-12-31T03:28:31.224+0000][1][safepoint    ] Total time for which application threads were stopped: 0.0002566 seconds, Stopping threads took: 0.0001057 seconds
[2021-12-31T03:28:32.225+0000][1][safepoint    ] Application time: 1.0005369 seconds
[2021-12-31T03:28:32.225+0000][1][safepoint    ] Entering safepoint region: Cleanup
[2021-12-31T03:28:32.225+0000][1][safepoint    ] Leaving safepoint region
[2021-12-31T03:28:32.225+0000][1][safepoint    ] Total time for which application threads were stopped: 0.0002115 seconds, Stopping threads took: 0.0000932 seconds
[2021-12-31T03:28:33.228+0000][1][safepoint    ] Application time: 1.0026892 seconds
[2021-12-31T03:28:33.228+0000][1][safepoint    ] Entering safepoint region: Cleanup
[2021-12-31T03:28:33.229+0000][1][safepoint    ] Leaving safepoint region
[2021-12-31T03:28:33.229+0000][1][safepoint    ] Total time for which application threads were stopped: 0.0009004 seconds, Stopping threads took: 0.0006372 seconds
[2021-12-31T03:28:34.233+0000][1][safepoint    ] Application time: 1.0039087 seconds
[2021-12-31T03:28:34.233+0000][1][safepoint    ] Entering safepoint region: Cleanup
[2021-12-31T03:28:34.234+0000][1][safepoint    ] Leaving safepoint region
[2021-12-31T03:28:34.234+0000][1][safepoint    ] Total time for which application threads were stopped: 0.0002326 seconds, Stopping threads took: 0.0001040 seconds
[2021-12-31T03:28:35.237+0000][1][safepoint    ] Application time: 1.0030654 seconds
[2021-12-31T03:28:35.237+0000][1][safepoint    ] Entering safepoint region: Cleanup
[2021-12-31T03:28:35.237+0000][1][safepoint    ] Leaving safepoint region
[2021-12-31T03:28:35.238+0000][1][safepoint    ] Total time for which application threads were stopped: 0.0004600 seconds, Stopping threads took: 0.0002010 seconds
[2021-12-31T03:28:36.238+0000][1][safepoint    ] Application time: 1.0003174 seconds
[2021-12-31T03:28:36.238+0000][1][safepoint    ] Entering safepoint region: Cleanup
[2021-12-31T03:28:36.238+0000][1][safepoint    ] Leaving safepoint region
[2021-12-31T03:28:36.239+0000][1][safepoint    ] Total time for which application threads were stopped: 0.0002448 seconds, Stopping threads took: 0.0001063 seconds
[2021-12-31T03:28:37.049+0000][1][safepoint    ] Application time: 0.8104220 seconds
[2021-12-31T03:28:37.049+0000][1][safepoint    ] Entering safepoint region: GenCollectForAllocation
[2021-12-31T03:28:37.049+0000][1][gc,start     ] GC(49) Pause Young (Allocation Failure)
[2021-12-31T03:28:37.050+0000][1][gc,task      ] GC(49) Using 1 workers of 1 for evacuation
[2021-12-31T03:28:37.053+0000][1][gc,age       ] GC(49) Desired survivor size 4358144 bytes, new threshold 6 (max threshold 6)
[2021-12-31T03:28:37.054+0000][1][gc,age       ] GC(49) Age table with threshold 6 (max threshold 6)
[2021-12-31T03:28:37.054+0000][1][gc,age       ] GC(49) - age   1:     157304 bytes,     157304 total
[2021-12-31T03:28:37.054+0000][1][gc,age       ] GC(49) - age   2:        120 bytes,     157424 total
[2021-12-31T03:28:37.054+0000][1][gc,age       ] GC(49) - age   3:        792 bytes,     158216 total
[2021-12-31T03:28:37.054+0000][1][gc,age       ] GC(49) - age   4:        128 bytes,     158344 total
[2021-12-31T03:28:37.054+0000][1][gc,age       ] GC(49) - age   5:        904 bytes,     159248 total
[2021-12-31T03:28:37.054+0000][1][gc,age       ] GC(49) - age   6:        448 bytes,     159696 total
[2021-12-31T03:28:37.054+0000][1][gc,heap      ] GC(49) ParNew: 68179K->172K(76672K)
[2021-12-31T03:28:37.054+0000][1][gc,heap      ] GC(49) CMS: 127747K->127748K(439104K)
[2021-12-31T03:28:37.054+0000][1][gc,metaspace ] GC(49) Metaspace: 73767K->73767K(1116160K)
[2021-12-31T03:28:37.055+0000][1][gc           ] GC(49) Pause Young (Allocation Failure) 191M->124M(503M) 5.116ms
[2021-12-31T03:28:37.055+0000][1][gc,cpu       ] GC(49) User=0.00s Sys=0.00s Real=0.01s
[2021-12-31T03:28:37.055+0000][1][safepoint    ] Leaving safepoint region
[2021-12-31T03:28:37.055+0000][1][safepoint    ] Total time for which application threads were stopped: 0.0056780 seconds, Stopping threads took: 0.0001020 seconds
[2021-12-31T03:28:38.058+0000][1][safepoint    ] Application time: 1.0025685 seconds
[2021-12-31T03:28:38.058+0000][1][safepoint    ] Entering safepoint region: Cleanup
[2021-12-31T03:28:38.058+0000][1][safepoint    ] Leaving safepoint region
[2021-12-31T03:28:38.058+0000][1][safepoint    ] Total time for which application threads were stopped: 0.0002694 seconds, Stopping threads took: 0.0001154 seconds
[2021-12-31T03:28:39.061+0000][1][safepoint    ] Application time: 1.0027690 seconds
[2021-12-31T03:28:39.061+0000][1][safepoint    ] Entering safepoint region: Cleanup
[2021-12-31T03:28:39.061+0000][1][safepoint    ] Leaving safepoint region
[2021-12-31T03:28:39.062+0000][1][safepoint    ] Total time for which application threads were stopped: 0.0002317 seconds, Stopping threads took: 0.0001022 seconds
[2021-12-31T03:28:40.064+0000][1][safepoint    ] Application time: 1.0028279 seconds
[2021-12-31T03:28:40.065+0000][1][safepoint    ] Entering safepoint region: Cleanup
[2021-12-31T03:28:40.065+0000][1][safepoint    ] Leaving safepoint region
[2021-12-31T03:28:40.065+0000][1][safepoint    ] Total time for which application threads were stopped: 0.0002592 seconds, Stopping threads took: 0.0001248 seconds
[2021-12-31T03:28:41.066+0000][1][safepoint    ] Application time: 1.0012954 seconds
[2021-12-31T03:28:41.067+0000][1][safepoint    ] Entering safepoint region: Cleanup
[2021-12-31T03:28:41.067+0000][1][safepoint    ] Leaving safepoint region
[2021-12-31T03:28:41.067+0000][1][safepoint    ] Total time for which application threads were stopped: 0.0002446 seconds, Stopping threads took: 0.0001146 seconds
[2021-12-31T03:28:42.068+0000][1][safepoint    ] Application time: 1.0016654 seconds
[2021-12-31T03:28:42.069+0000][1][safepoint    ] Entering safepoint region: Cleanup
[2021-12-31T03:28:42.069+0000][1][safepoint    ] Leaving safepoint region
[2021-12-31T03:28:42.069+0000][1][safepoint    ] Total time for which application threads were stopped: 0.0002276 seconds, Stopping threads took: 0.0000994 seconds
[2021-12-31T03:28:43.072+0000][1][safepoint    ] Application time: 1.0031477 seconds
[2021-12-31T03:28:43.072+0000][1][safepoint    ] Entering safepoint region: Cleanup
[2021-12-31T03:28:43.072+0000][1][safepoint    ] Leaving safepoint region
[2021-12-31T03:28:43.073+0000][1][safepoint    ] Total time for which application threads were stopped: 0.0002373 seconds, Stopping threads took: 0.0001014 seconds
[2021-12-31T03:28:44.074+0000][1][safepoint    ] Application time: 1.0010287 seconds
[2021-12-31T03:28:44.074+0000][1][safepoint    ] Entering safepoint region: Cleanup
[2021-12-31T03:28:44.074+0000][1][safepoint    ] Leaving safepoint region
[2021-12-31T03:28:44.074+0000][1][safepoint    ] Total time for which application threads were stopped: 0.0003567 seconds, Stopping threads took: 0.0002025 seconds
[2021-12-31T03:28:45.075+0000][1][safepoint    ] Application time: 1.0001289 seconds
[2021-12-31T03:28:45.075+0000][1][safepoint    ] Entering safepoint region: Cleanup
[2021-12-31T03:28:45.075+0000][1][safepoint    ] Leaving safepoint region
[2021-12-31T03:28:45.075+0000][1][safepoint    ] Total time for which application threads were stopped: 0.0002484 seconds, Stopping threads took: 0.0001080 seconds
[2021-12-31T03:28:46.077+0000][1][safepoint    ] Application time: 1.0016560 seconds
[2021-12-31T03:28:46.077+0000][1][safepoint    ] Entering safepoint region: Cleanup
[2021-12-31T03:28:46.077+0000][1][safepoint    ] Leaving safepoint region
[2021-12-31T03:28:46.077+0000][1][safepoint    ] Total time for which application threads were stopped: 0.0003880 seconds, Stopping threads took: 0.0001999 seconds
[2021-12-31T03:28:47.078+0000][1][safepoint    ] Application time: 1.0005712 seconds
[2021-12-31T03:28:47.078+0000][1][safepoint    ] Entering safepoint region: Cleanup
[2021-12-31T03:28:47.079+0000][1][safepoint    ] Leaving safepoint region
[2021-12-31T03:28:47.079+0000][1][safepoint    ] Total time for which application threads were stopped: 0.0002587 seconds, Stopping threads took: 0.0001114 seconds
[2021-12-31T03:28:48.082+0000][1][safepoint    ] Application time: 1.0030074 seconds
[2021-12-31T03:28:48.082+0000][1][safepoint    ] Entering safepoint region: Cleanup
[2021-12-31T03:28:48.082+0000][1][safepoint    ] Leaving safepoint region
[2021-12-31T03:28:48.082+0000][1][safepoint    ] Total time for which application threads were stopped: 0.0002565 seconds, Stopping threads took: 0.0001137 seconds
[2021-12-31T03:28:49.085+0000][1][safepoint    ] Application time: 1.0028184 seconds
[2021-12-31T03:28:49.085+0000][1][safepoint    ] Entering safepoint region: Cleanup
[2021-12-31T03:28:49.085+0000][1][safepoint    ] Leaving safepoint region
[2021-12-31T03:28:49.086+0000][1][safepoint    ] Total time for which application threads were stopped: 0.0003142 seconds, Stopping threads took: 0.0001159 seconds
[2021-12-31T03:28:50.088+0000][1][safepoint    ] Application time: 1.0025247 seconds
[2021-12-31T03:28:50.089+0000][1][safepoint    ] Entering safepoint region: Cleanup
[2021-12-31T03:28:50.089+0000][1][safepoint    ] Leaving safepoint region
[2021-12-31T03:28:50.089+0000][1][safepoint    ] Total time for which application threads were stopped: 0.0002355 seconds, Stopping threads took: 0.0001045 seconds
[2021-12-31T03:28:51.089+0000][1][safepoint    ] Application time: 1.0002256 seconds
[2021-12-31T03:28:51.089+0000][1][safepoint    ] Entering safepoint region: Cleanup
[2021-12-31T03:28:51.089+0000][1][safepoint    ] Leaving safepoint region
[2021-12-31T03:28:51.089+0000][1][safepoint    ] Total time for which application threads were stopped: 0.0002300 seconds, Stopping threads took: 0.0001024 seconds
[2021-12-31T03:28:52.093+0000][1][safepoint    ] Application time: 1.0032388 seconds
[2021-12-31T03:28:52.093+0000][1][safepoint    ] Entering safepoint region: Cleanup
[2021-12-31T03:28:52.093+0000][1][safepoint    ] Leaving safepoint region
[2021-12-31T03:28:52.093+0000][1][safepoint    ] Total time for which application threads were stopped: 0.0002344 seconds, Stopping threads took: 0.0001055 seconds
[2021-12-31T03:28:53.096+0000][1][safepoint    ] Application time: 1.0024519 seconds
[2021-12-31T03:28:53.096+0000][1][safepoint    ] Entering safepoint region: Cleanup
[2021-12-31T03:28:53.096+0000][1][safepoint    ] Leaving safepoint region
[2021-12-31T03:28:53.096+0000][1][safepoint    ] Total time for which application threads were stopped: 0.0002217 seconds, Stopping threads took: 0.0000989 seconds
[2021-12-31T03:28:54.099+0000][1][safepoint    ] Application time: 1.0030552 seconds
[2021-12-31T03:28:54.100+0000][1][safepoint    ] Entering safepoint region: Cleanup
[2021-12-31T03:28:54.100+0000][1][safepoint    ] Leaving safepoint region
[2021-12-31T03:28:54.100+0000][1][safepoint    ] Total time for which application threads were stopped: 0.0002267 seconds, Stopping threads took: 0.0000976 seconds
[2021-12-31T03:28:55.102+0000][1][safepoint    ] Application time: 1.0025675 seconds
[2021-12-31T03:28:55.103+0000][1][safepoint    ] Entering safepoint region: Cleanup
[2021-12-31T03:28:55.103+0000][1][safepoint    ] Leaving safepoint region
[2021-12-31T03:28:55.103+0000][1][safepoint    ] Total time for which application threads were stopped: 0.0004470 seconds, Stopping threads took: 0.0002021 seconds
[2021-12-31T03:28:56.106+0000][1][safepoint    ] Application time: 1.0025721 seconds
[2021-12-31T03:28:56.106+0000][1][safepoint    ] Entering safepoint region: Cleanup
[2021-12-31T03:28:56.106+0000][1][safepoint    ] Leaving safepoint region
[2021-12-31T03:28:56.106+0000][1][safepoint    ] Total time for which application threads were stopped: 0.0002126 seconds, Stopping threads took: 0.0000959 seconds
[2021-12-31T03:28:57.109+0000][1][safepoint    ] Application time: 1.0025407 seconds
[2021-12-31T03:28:57.109+0000][1][safepoint    ] Entering safepoint region: Cleanup
[2021-12-31T03:28:57.109+0000][1][safepoint    ] Leaving safepoint region
[2021-12-31T03:28:57.109+0000][1][safepoint    ] Total time for which application threads were stopped: 0.0002245 seconds, Stopping threads took: 0.0000965 seconds
[2021-12-31T03:28:58.112+0000][1][safepoint    ] Application time: 1.0024184 seconds
[2021-12-31T03:28:58.112+0000][1][safepoint    ] Entering safepoint region: Cleanup
[2021-12-31T03:28:58.112+0000][1][safepoint    ] Leaving safepoint region
[2021-12-31T03:28:58.112+0000][1][safepoint    ] Total time for which application threads were stopped: 0.0002398 seconds, Stopping threads took: 0.0001087 seconds
[2021-12-31T03:28:59.115+0000][1][safepoint    ] Application time: 1.0022604 seconds
[2021-12-31T03:28:59.115+0000][1][safepoint    ] Entering safepoint region: Cleanup
[2021-12-31T03:28:59.115+0000][1][safepoint    ] Leaving safepoint region
[2021-12-31T03:28:59.115+0000][1][safepoint    ] Total time for which application threads were stopped: 0.0002004 seconds, Stopping threads took: 0.0000873 seconds
[2021-12-31T03:29:00.118+0000][1][safepoint    ] Application time: 1.0031209 seconds
[2021-12-31T03:29:00.119+0000][1][safepoint    ] Entering safepoint region: Cleanup
[2021-12-31T03:29:00.119+0000][1][safepoint    ] Leaving safepoint region
[2021-12-31T03:29:00.119+0000][1][safepoint    ] Total time for which application threads were stopped: 0.0004696 seconds, Stopping threads took: 0.0002635 seconds
[2021-12-31T03:29:01.122+0000][1][safepoint    ] Application time: 1.0030770 seconds
[2021-12-31T03:29:01.122+0000][1][safepoint    ] Entering safepoint region: Cleanup
[2021-12-31T03:29:01.123+0000][1][safepoint    ] Leaving safepoint region
[2021-12-31T03:29:01.123+0000][1][safepoint    ] Total time for which application threads were stopped: 0.0002475 seconds, Stopping threads took: 0.0001090 seconds
[2021-12-31T03:29:02.125+0000][1][safepoint    ] Application time: 1.0024339 seconds
[2021-12-31T03:29:02.125+0000][1][safepoint    ] Entering safepoint region: Cleanup
[2021-12-31T03:29:02.126+0000][1][safepoint    ] Leaving safepoint region
[2021-12-31T03:29:02.126+0000][1][safepoint    ] Total time for which application threads were stopped: 0.0003240 seconds, Stopping threads took: 0.0001020 seconds
[2021-12-31T03:29:03.130+0000][1][safepoint    ] Application time: 1.0039260 seconds
[2021-12-31T03:29:03.130+0000][1][safepoint    ] Entering safepoint region: Cleanup
[2021-12-31T03:29:03.130+0000][1][safepoint    ] Leaving safepoint region
[2021-12-31T03:29:03.130+0000][1][safepoint    ] Total time for which application threads were stopped: 0.0002295 seconds, Stopping threads took: 0.0001003 seconds
[2021-12-31T03:29:04.132+0000][1][safepoint    ] Application time: 1.0011861 seconds
[2021-12-31T03:29:04.132+0000][1][safepoint    ] Entering safepoint region: Cleanup
[2021-12-31T03:29:04.132+0000][1][safepoint    ] Leaving safepoint region
[2021-12-31T03:29:04.132+0000][1][safepoint    ] Total time for which application threads were stopped: 0.0002342 seconds, Stopping threads took: 0.0001090 seconds
[2021-12-31T03:29:05.141+0000][1][safepoint    ] Application time: 1.0086988 seconds
[2021-12-31T03:29:05.141+0000][1][safepoint    ] Entering safepoint region: Cleanup
[2021-12-31T03:29:05.142+0000][1][safepoint    ] Leaving safepoint region
[2021-12-31T03:29:05.142+0000][1][safepoint    ] Total time for which application threads were stopped: 0.0007188 seconds, Stopping threads took: 0.0004059 seconds
[2021-12-31T03:29:06.146+0000][1][safepoint    ] Application time: 1.0033427 seconds
[2021-12-31T03:29:06.146+0000][1][safepoint    ] Entering safepoint region: Cleanup
[2021-12-31T03:29:06.146+0000][1][safepoint    ] Leaving safepoint region
[2021-12-31T03:29:06.146+0000][1][safepoint    ] Total time for which application threads were stopped: 0.0003181 seconds, Stopping threads took: 0.0002042 seconds
[2021-12-31T03:29:07.149+0000][1][safepoint    ] Application time: 1.0028804 seconds
[2021-12-31T03:29:07.149+0000][1][safepoint    ] Entering safepoint region: Cleanup
[2021-12-31T03:29:07.149+0000][1][safepoint    ] Leaving safepoint region
[2021-12-31T03:29:07.150+0000][1][safepoint    ] Total time for which application threads were stopped: 0.0002536 seconds, Stopping threads took: 0.0001023 seconds
[2021-12-31T03:29:08.152+0000][1][safepoint    ] Application time: 1.0017250 seconds
[2021-12-31T03:29:08.152+0000][1][safepoint    ] Entering safepoint region: Cleanup
[2021-12-31T03:29:08.152+0000][1][safepoint    ] Leaving safepoint region
[2021-12-31T03:29:08.152+0000][1][safepoint    ] Total time for which application threads were stopped: 0.0002359 seconds, Stopping threads took: 0.0001041 seconds
[2021-12-31T03:29:09.152+0000][1][safepoint    ] Application time: 1.0004285 seconds
[2021-12-31T03:29:09.153+0000][1][safepoint    ] Entering safepoint region: Cleanup
[2021-12-31T03:29:09.153+0000][1][safepoint    ] Leaving safepoint region
[2021-12-31T03:29:09.153+0000][1][safepoint    ] Total time for which application threads were stopped: 0.0002666 seconds, Stopping threads took: 0.0001098 seconds
[2021-12-31T03:29:10.156+0000][1][safepoint    ] Application time: 1.0030095 seconds
[2021-12-31T03:29:10.156+0000][1][safepoint    ] Entering safepoint region: Cleanup
[2021-12-31T03:29:10.156+0000][1][safepoint    ] Leaving safepoint region
[2021-12-31T03:29:10.157+0000][1][safepoint    ] Total time for which application threads were stopped: 0.0002889 seconds, Stopping threads took: 0.0001440 seconds
[2021-12-31T03:29:11.157+0000][1][safepoint    ] Application time: 1.0001364 seconds
[2021-12-31T03:29:11.157+0000][1][safepoint    ] Entering safepoint region: Cleanup
[2021-12-31T03:29:11.157+0000][1][safepoint    ] Leaving safepoint region
[2021-12-31T03:29:11.157+0000][1][safepoint    ] Total time for which application threads were stopped: 0.0002218 seconds, Stopping threads took: 0.0000970 seconds
[2021-12-31T03:29:12.161+0000][1][safepoint    ] Application time: 1.0032143 seconds
[2021-12-31T03:29:12.161+0000][1][safepoint    ] Entering safepoint region: Cleanup
[2021-12-31T03:29:12.161+0000][1][safepoint    ] Leaving safepoint region
[2021-12-31T03:29:12.161+0000][1][safepoint    ] Total time for which application threads were stopped: 0.0002176 seconds, Stopping threads took: 0.0000955 seconds
[2021-12-31T03:29:13.164+0000][1][safepoint    ] Application time: 1.0024802 seconds
[2021-12-31T03:29:13.164+0000][1][safepoint    ] Entering safepoint region: Cleanup
[2021-12-31T03:29:13.164+0000][1][safepoint    ] Leaving safepoint region
[2021-12-31T03:29:13.164+0000][1][safepoint    ] Total time for which application threads were stopped: 0.0002023 seconds, Stopping threads took: 0.0000884 seconds
[2021-12-31T03:29:14.167+0000][1][safepoint    ] Application time: 1.0026944 seconds
[2021-12-31T03:29:14.167+0000][1][safepoint    ] Entering safepoint region: Cleanup
[2021-12-31T03:29:14.167+0000][1][safepoint    ] Leaving safepoint region
[2021-12-31T03:29:14.167+0000][1][safepoint    ] Total time for which application threads were stopped: 0.0002582 seconds, Stopping threads took: 0.0001059 seconds
[2021-12-31T03:29:15.171+0000][1][safepoint    ] Application time: 1.0034783 seconds
[2021-12-31T03:29:15.171+0000][1][safepoint    ] Entering safepoint region: Cleanup
[2021-12-31T03:29:15.171+0000][1][safepoint    ] Leaving safepoint region
[2021-12-31T03:29:15.171+0000][1][safepoint    ] Total time for which application threads were stopped: 0.0003493 seconds, Stopping threads took: 0.0001643 seconds
[2021-12-31T03:29:16.173+0000][1][safepoint    ] Application time: 1.0013070 seconds
[2021-12-31T03:29:16.173+0000][1][safepoint    ] Entering safepoint region: Cleanup
[2021-12-31T03:29:16.173+0000][1][safepoint    ] Leaving safepoint region
[2021-12-31T03:29:16.173+0000][1][safepoint    ] Total time for which application threads were stopped: 0.0002398 seconds, Stopping threads took: 0.0001023 seconds
[2021-12-31T03:29:17.175+0000][1][safepoint    ] Application time: 1.0018087 seconds
[2021-12-31T03:29:17.175+0000][1][safepoint    ] Entering safepoint region: Cleanup
[2021-12-31T03:29:17.176+0000][1][safepoint    ] Leaving safepoint region
[2021-12-31T03:29:17.176+0000][1][safepoint    ] Total time for which application threads were stopped: 0.0002383 seconds, Stopping threads took: 0.0001028 seconds
[2021-12-31T03:29:18.179+0000][1][safepoint    ] Application time: 1.0038018 seconds
[2021-12-31T03:29:18.180+0000][1][safepoint    ] Entering safepoint region: Cleanup
[2021-12-31T03:29:18.180+0000][1][safepoint    ] Leaving safepoint region
[2021-12-31T03:29:18.180+0000][1][safepoint    ] Total time for which application threads were stopped: 0.0002395 seconds, Stopping threads took: 0.0001065 seconds
[2021-12-31T03:29:18.194+0000][1][safepoint    ] Application time: 0.0137926 seconds
[2021-12-31T03:29:18.194+0000][1][safepoint    ] Entering safepoint region: BulkRevokeBias
[2021-12-31T03:29:18.194+0000][1][safepoint    ] Leaving safepoint region
[2021-12-31T03:29:18.195+0000][1][safepoint    ] Total time for which application threads were stopped: 0.0004080 seconds, Stopping threads took: 0.0001207 seconds
[2021-12-31T03:29:19.198+0000][1][safepoint    ] Application time: 1.0032802 seconds
[2021-12-31T03:29:19.198+0000][1][safepoint    ] Entering safepoint region: Cleanup
[2021-12-31T03:29:19.198+0000][1][safepoint    ] Leaving safepoint region
[2021-12-31T03:29:19.198+0000][1][safepoint    ] Total time for which application threads were stopped: 0.0002197 seconds, Stopping threads took: 0.0000951 seconds
[2021-12-31T03:29:20.199+0000][1][safepoint    ] Application time: 1.0008093 seconds
[2021-12-31T03:29:20.199+0000][1][safepoint    ] Entering safepoint region: Cleanup
[2021-12-31T03:29:20.200+0000][1][safepoint    ] Leaving safepoint region
[2021-12-31T03:29:20.200+0000][1][safepoint    ] Total time for which application threads were stopped: 0.0002208 seconds, Stopping threads took: 0.0000943 seconds
[2021-12-31T03:29:21.202+0000][1][safepoint    ] Application time: 1.0023569 seconds
[2021-12-31T03:29:21.202+0000][1][safepoint    ] Entering safepoint region: Cleanup
[2021-12-31T03:29:21.202+0000][1][safepoint    ] Leaving safepoint region
[2021-12-31T03:29:21.203+0000][1][safepoint    ] Total time for which application threads were stopped: 0.0002612 seconds, Stopping threads took: 0.0001293 seconds
[2021-12-31T03:29:22.204+0000][1][safepoint    ] Application time: 1.0014909 seconds
[2021-12-31T03:29:22.205+0000][1][safepoint    ] Entering safepoint region: Cleanup
[2021-12-31T03:29:22.205+0000][1][safepoint    ] Leaving safepoint region
[2021-12-31T03:29:22.205+0000][1][safepoint    ] Total time for which application threads were stopped: 0.0004643 seconds, Stopping threads took: 0.0002080 seconds
[2021-12-31T03:29:23.206+0000][1][safepoint    ] Application time: 1.0004425 seconds
[2021-12-31T03:29:23.206+0000][1][safepoint    ] Entering safepoint region: Cleanup
[2021-12-31T03:29:23.206+0000][1][safepoint    ] Leaving safepoint region
[2021-12-31T03:29:23.206+0000][1][safepoint    ] Total time for which application threads were stopped: 0.0002100 seconds, Stopping threads took: 0.0000875 seconds
[2021-12-31T03:29:24.790+0000][1][safepoint    ] Application time: 1.5839797 seconds
[2021-12-31T03:29:24.790+0000][1][safepoint    ] Entering safepoint region: Cleanup
[2021-12-31T03:29:24.790+0000][1][safepoint    ] Leaving safepoint region
[2021-12-31T03:29:24.791+0000][1][safepoint    ] Total time for which application threads were stopped: 0.0004320 seconds, Stopping threads took: 0.0001022 seconds
[2021-12-31T03:29:25.792+0000][1][safepoint    ] Application time: 1.0011795 seconds
[2021-12-31T03:29:25.792+0000][1][safepoint    ] Entering safepoint region: Cleanup
[2021-12-31T03:29:25.793+0000][1][safepoint    ] Leaving safepoint region
[2021-12-31T03:29:25.793+0000][1][safepoint    ] Total time for which application threads were stopped: 0.0002291 seconds, Stopping threads took: 0.0001037 seconds
[2021-12-31T03:29:26.795+0000][1][safepoint    ] Application time: 1.0018198 seconds
[2021-12-31T03:29:26.795+0000][1][safepoint    ] Entering safepoint region: Cleanup
[2021-12-31T03:29:26.795+0000][1][safepoint    ] Leaving safepoint region
[2021-12-31T03:29:26.795+0000][1][safepoint    ] Total time for which application threads were stopped: 0.0002561 seconds, Stopping threads took: 0.0000983 seconds
[2021-12-31T03:29:27.796+0000][1][safepoint    ] Application time: 1.0004378 seconds
[2021-12-31T03:29:27.796+0000][1][safepoint    ] Entering safepoint region: Cleanup
[2021-12-31T03:29:27.796+0000][1][safepoint    ] Leaving safepoint region
[2021-12-31T03:29:27.796+0000][1][safepoint    ] Total time for which application threads were stopped: 0.0002689 seconds, Stopping threads took: 0.0001259 seconds
[2021-12-31T03:29:28.798+0000][1][safepoint    ] Application time: 1.0015570 seconds
[2021-12-31T03:29:28.798+0000][1][safepoint    ] Entering safepoint region: Cleanup
[2021-12-31T03:29:28.798+0000][1][safepoint    ] Leaving safepoint region
[2021-12-31T03:29:28.798+0000][1][safepoint    ] Total time for which application threads were stopped: 0.0002342 seconds, Stopping threads took: 0.0001007 seconds
[2021-12-31T03:29:29.799+0000][1][safepoint    ] Application time: 1.0006097 seconds
[2021-12-31T03:29:29.799+0000][1][safepoint    ] Entering safepoint region: Cleanup
[2021-12-31T03:29:29.799+0000][1][safepoint    ] Leaving safepoint region
[2021-12-31T03:29:29.799+0000][1][safepoint    ] Total time for which application threads were stopped: 0.0002638 seconds, Stopping threads took: 0.0001163 seconds
[2021-12-31T03:29:30.800+0000][1][safepoint    ] Application time: 1.0006877 seconds
[2021-12-31T03:29:30.800+0000][1][safepoint    ] Entering safepoint region: Cleanup
[2021-12-31T03:29:30.801+0000][1][safepoint    ] Leaving safepoint region
[2021-12-31T03:29:30.801+0000][1][safepoint    ] Total time for which application threads were stopped: 0.0004396 seconds, Stopping threads took: 0.0001982 seconds
[2021-12-31T03:29:31.801+0000][1][safepoint    ] Application time: 1.0002320 seconds
[2021-12-31T03:29:31.801+0000][1][safepoint    ] Entering safepoint region: Cleanup
[2021-12-31T03:29:31.802+0000][1][safepoint    ] Leaving safepoint region
[2021-12-31T03:29:31.802+0000][1][safepoint    ] Total time for which application threads were stopped: 0.0002146 seconds, Stopping threads took: 0.0000913 seconds
[2021-12-31T03:29:32.802+0000][1][safepoint    ] Application time: 1.0003106 seconds
[2021-12-31T03:29:32.802+0000][1][safepoint    ] Entering safepoint region: Cleanup
[2021-12-31T03:29:32.802+0000][1][safepoint    ] Leaving safepoint region
[2021-12-31T03:29:32.802+0000][1][safepoint    ] Total time for which application threads were stopped: 0.0002333 seconds, Stopping threads took: 0.0001006 seconds
[2021-12-31T03:29:33.803+0000][1][safepoint    ] Application time: 1.0006408 seconds
[2021-12-31T03:29:33.803+0000][1][safepoint    ] Entering safepoint region: Cleanup
[2021-12-31T03:29:33.804+0000][1][safepoint    ] Leaving safepoint region
[2021-12-31T03:29:33.804+0000][1][safepoint    ] Total time for which application threads were stopped: 0.0002801 seconds, Stopping threads took: 0.0001246 seconds
[2021-12-31T03:29:34.807+0000][1][safepoint    ] Application time: 1.0028459 seconds
[2021-12-31T03:29:34.807+0000][1][safepoint    ] Entering safepoint region: Cleanup
[2021-12-31T03:29:34.807+0000][1][safepoint    ] Leaving safepoint region
[2021-12-31T03:29:34.807+0000][1][safepoint    ] Total time for which application threads were stopped: 0.0002407 seconds, Stopping threads took: 0.0001046 seconds
[2021-12-31T03:29:35.809+0000][1][safepoint    ] Application time: 1.0022031 seconds
[2021-12-31T03:29:35.810+0000][1][safepoint    ] Entering safepoint region: Cleanup
[2021-12-31T03:29:35.810+0000][1][safepoint    ] Leaving safepoint region
[2021-12-31T03:29:35.810+0000][1][safepoint    ] Total time for which application threads were stopped: 0.0002300 seconds, Stopping threads took: 0.0000997 seconds
[2021-12-31T03:29:36.813+0000][1][safepoint    ] Application time: 1.0032282 seconds
[2021-12-31T03:29:36.814+0000][1][safepoint    ] Entering safepoint region: Cleanup
[2021-12-31T03:29:36.814+0000][1][safepoint    ] Leaving safepoint region
[2021-12-31T03:29:36.814+0000][1][safepoint    ] Total time for which application threads were stopped: 0.0002305 seconds, Stopping threads took: 0.0000991 seconds
[2021-12-31T03:29:37.816+0000][1][safepoint    ] Application time: 1.0023315 seconds
[2021-12-31T03:29:37.816+0000][1][safepoint    ] Entering safepoint region: Cleanup
[2021-12-31T03:29:37.817+0000][1][safepoint    ] Leaving safepoint region
[2021-12-31T03:29:37.817+0000][1][safepoint    ] Total time for which application threads were stopped: 0.0002596 seconds, Stopping threads took: 0.0001278 seconds
[2021-12-31T03:29:38.821+0000][1][safepoint    ] Application time: 1.0039916 seconds
[2021-12-31T03:29:38.821+0000][1][safepoint    ] Entering safepoint region: Cleanup
[2021-12-31T03:29:38.821+0000][1][safepoint    ] Leaving safepoint region
[2021-12-31T03:29:38.821+0000][1][safepoint    ] Total time for which application threads were stopped: 0.0002532 seconds, Stopping threads took: 0.0000886 seconds
[2021-12-31T03:29:39.822+0000][1][safepoint    ] Application time: 1.0007727 seconds
[2021-12-31T03:29:39.822+0000][1][safepoint    ] Entering safepoint region: Cleanup
[2021-12-31T03:29:39.823+0000][1][safepoint    ] Leaving safepoint region
[2021-12-31T03:29:39.823+0000][1][safepoint    ] Total time for which application threads were stopped: 0.0004427 seconds, Stopping threads took: 0.0001976 seconds
[2021-12-31T03:29:40.824+0000][1][safepoint    ] Application time: 1.0009683 seconds
[2021-12-31T03:29:40.824+0000][1][safepoint    ] Entering safepoint region: Cleanup
[2021-12-31T03:29:40.824+0000][1][safepoint    ] Leaving safepoint region
[2021-12-31T03:29:40.825+0000][1][safepoint    ] Total time for which application threads were stopped: 0.0002685 seconds, Stopping threads took: 0.0001167 seconds
[2021-12-31T03:29:41.827+0000][1][safepoint    ] Application time: 1.0020398 seconds
[2021-12-31T03:29:41.827+0000][1][safepoint    ] Entering safepoint region: Cleanup
[2021-12-31T03:29:41.827+0000][1][safepoint    ] Leaving safepoint region
[2021-12-31T03:29:41.827+0000][1][safepoint    ] Total time for which application threads were stopped: 0.0002339 seconds, Stopping threads took: 0.0001006 seconds
[2021-12-31T03:29:42.829+0000][1][safepoint    ] Application time: 1.0022050 seconds
[2021-12-31T03:29:42.830+0000][1][safepoint    ] Entering safepoint region: Cleanup
[2021-12-31T03:29:42.830+0000][1][safepoint    ] Leaving safepoint region
[2021-12-31T03:29:42.830+0000][1][safepoint    ] Total time for which application threads were stopped: 0.0002453 seconds, Stopping threads took: 0.0001167 seconds
[2021-12-31T03:29:43.832+0000][1][safepoint    ] Application time: 1.0022409 seconds
[2021-12-31T03:29:43.832+0000][1][safepoint    ] Entering safepoint region: Cleanup
[2021-12-31T03:29:43.833+0000][1][safepoint    ] Leaving safepoint region
[2021-12-31T03:29:43.833+0000][1][safepoint    ] Total time for which application threads were stopped: 0.0002238 seconds, Stopping threads took: 0.0000973 seconds
[2021-12-31T03:29:44.835+0000][1][safepoint    ] Application time: 1.0020764 seconds
[2021-12-31T03:29:44.835+0000][1][safepoint    ] Entering safepoint region: Cleanup
[2021-12-31T03:29:44.835+0000][1][safepoint    ] Leaving safepoint region
[2021-12-31T03:29:44.835+0000][1][safepoint    ] Total time for which application threads were stopped: 0.0002276 seconds, Stopping threads took: 0.0000993 seconds
[2021-12-31T03:29:45.837+0000][1][safepoint    ] Application time: 1.0012805 seconds
[2021-12-31T03:29:45.837+0000][1][safepoint    ] Entering safepoint region: Cleanup
[2021-12-31T03:29:45.838+0000][1][safepoint    ] Leaving safepoint region
[2021-12-31T03:29:45.838+0000][1][safepoint    ] Total time for which application threads were stopped: 0.0006289 seconds, Stopping threads took: 0.0003243 seconds
[2021-12-31T03:29:46.840+0000][1][safepoint    ] Application time: 1.0023456 seconds
[2021-12-31T03:29:46.841+0000][1][safepoint    ] Entering safepoint region: Cleanup
[2021-12-31T03:29:46.841+0000][1][safepoint    ] Leaving safepoint region
[2021-12-31T03:29:46.841+0000][1][safepoint    ] Total time for which application threads were stopped: 0.0002431 seconds, Stopping threads took: 0.0001053 seconds
[2021-12-31T03:29:47.841+0000][1][safepoint    ] Application time: 1.0005940 seconds
[2021-12-31T03:29:47.842+0000][1][safepoint    ] Entering safepoint region: Cleanup
[2021-12-31T03:29:47.842+0000][1][safepoint    ] Leaving safepoint region
[2021-12-31T03:29:47.842+0000][1][safepoint    ] Total time for which application threads were stopped: 0.0002470 seconds, Stopping threads took: 0.0001129 seconds
[2021-12-31T03:29:48.845+0000][1][safepoint    ] Application time: 1.0034259 seconds
[2021-12-31T03:29:48.846+0000][1][safepoint    ] Entering safepoint region: Cleanup
[2021-12-31T03:29:48.846+0000][1][safepoint    ] Leaving safepoint region
[2021-12-31T03:29:48.846+0000][1][safepoint    ] Total time for which application threads were stopped: 0.0004480 seconds, Stopping threads took: 0.0000971 seconds
[2021-12-31T03:29:49.847+0000][1][safepoint    ] Application time: 1.0002720 seconds
[2021-12-31T03:29:49.847+0000][1][safepoint    ] Entering safepoint region: Cleanup
[2021-12-31T03:29:49.847+0000][1][safepoint    ] Leaving safepoint region
[2021-12-31T03:29:49.847+0000][1][safepoint    ] Total time for which application threads were stopped: 0.0002512 seconds, Stopping threads took: 0.0001098 seconds
[2021-12-31T03:29:50.848+0000][1][safepoint    ] Application time: 1.0004322 seconds
[2021-12-31T03:29:50.848+0000][1][safepoint    ] Entering safepoint region: Cleanup
[2021-12-31T03:29:50.848+0000][1][safepoint    ] Leaving safepoint region
[2021-12-31T03:29:50.848+0000][1][safepoint    ] Total time for which application threads were stopped: 0.0002342 seconds, Stopping threads took: 0.0001019 seconds
[2021-12-31T03:29:51.850+0000][1][safepoint    ] Application time: 1.0014926 seconds
[2021-12-31T03:29:51.850+0000][1][safepoint    ] Entering safepoint region: Cleanup
[2021-12-31T03:29:51.850+0000][1][safepoint    ] Leaving safepoint region
[2021-12-31T03:29:51.850+0000][1][safepoint    ] Total time for which application threads were stopped: 0.0002321 seconds, Stopping threads took: 0.0000975 seconds
[2021-12-31T03:29:52.853+0000][1][safepoint    ] Application time: 1.0028787 seconds
[2021-12-31T03:29:52.853+0000][1][safepoint    ] Entering safepoint region: Cleanup
[2021-12-31T03:29:52.854+0000][1][safepoint    ] Leaving safepoint region
[2021-12-31T03:29:52.854+0000][1][safepoint    ] Total time for which application threads were stopped: 0.0006766 seconds, Stopping threads took: 0.0000981 seconds
[2021-12-31T03:29:53.857+0000][1][safepoint    ] Application time: 1.0029355 seconds
[2021-12-31T03:29:53.857+0000][1][safepoint    ] Entering safepoint region: Cleanup
[2021-12-31T03:29:53.857+0000][1][safepoint    ] Leaving safepoint region
[2021-12-31T03:29:53.858+0000][1][safepoint    ] Total time for which application threads were stopped: 0.0002394 seconds, Stopping threads took: 0.0001101 seconds
[2021-12-31T03:29:54.860+0000][1][safepoint    ] Application time: 1.0021559 seconds
[2021-12-31T03:29:54.860+0000][1][safepoint    ] Entering safepoint region: Cleanup
[2021-12-31T03:29:54.860+0000][1][safepoint    ] Leaving safepoint region
[2021-12-31T03:29:54.860+0000][1][safepoint    ] Total time for which application threads were stopped: 0.0002177 seconds, Stopping threads took: 0.0000948 seconds
[2021-12-31T03:29:55.863+0000][1][safepoint    ] Application time: 1.0029968 seconds
[2021-12-31T03:29:55.863+0000][1][safepoint    ] Entering safepoint region: Cleanup
[2021-12-31T03:29:55.864+0000][1][safepoint    ] Leaving safepoint region
[2021-12-31T03:29:55.864+0000][1][safepoint    ] Total time for which application threads were stopped: 0.0002584 seconds, Stopping threads took: 0.0001009 seconds
[2021-12-31T03:29:56.865+0000][1][safepoint    ] Application time: 1.0015865 seconds
[2021-12-31T03:29:56.866+0000][1][safepoint    ] Entering safepoint region: Cleanup
[2021-12-31T03:29:56.866+0000][1][safepoint    ] Leaving safepoint region
[2021-12-31T03:29:56.866+0000][1][safepoint    ] Total time for which application threads were stopped: 0.0002697 seconds, Stopping threads took: 0.0001340 seconds
[2021-12-31T03:29:57.869+0000][1][safepoint    ] Application time: 1.0031573 seconds
[2021-12-31T03:29:57.869+0000][1][safepoint    ] Entering safepoint region: Cleanup
[2021-12-31T03:29:57.869+0000][1][safepoint    ] Leaving safepoint region
[2021-12-31T03:29:57.870+0000][1][safepoint    ] Total time for which application threads were stopped: 0.0002405 seconds, Stopping threads took: 0.0000990 seconds
[2021-12-31T03:29:58.871+0000][1][safepoint    ] Application time: 1.0011829 seconds
[2021-12-31T03:29:58.871+0000][1][safepoint    ] Entering safepoint region: Cleanup
[2021-12-31T03:29:58.871+0000][1][safepoint    ] Leaving safepoint region
[2021-12-31T03:29:58.871+0000][1][safepoint    ] Total time for which application threads were stopped: 0.0002441 seconds, Stopping threads took: 0.0001007 seconds
[2021-12-31T03:29:59.872+0000][1][safepoint    ] Application time: 1.0008185 seconds
[2021-12-31T03:29:59.873+0000][1][safepoint    ] Entering safepoint region: Cleanup
[2021-12-31T03:29:59.873+0000][1][safepoint    ] Leaving safepoint region
[2021-12-31T03:29:59.873+0000][1][safepoint    ] Total time for which application threads were stopped: 0.0003098 seconds, Stopping threads took: 0.0001592 seconds
[2021-12-31T03:30:00.875+0000][1][safepoint    ] Application time: 1.0016090 seconds
[2021-12-31T03:30:00.875+0000][1][safepoint    ] Entering safepoint region: Cleanup
[2021-12-31T03:30:00.875+0000][1][safepoint    ] Leaving safepoint region
[2021-12-31T03:30:00.875+0000][1][safepoint    ] Total time for which application threads were stopped: 0.0002416 seconds, Stopping threads took: 0.0001005 seconds
[2021-12-31T03:30:01.881+0000][1][safepoint    ] Application time: 1.0063365 seconds
[2021-12-31T03:30:01.882+0000][1][safepoint    ] Entering safepoint region: Cleanup
[2021-12-31T03:30:01.883+0000][1][safepoint    ] Leaving safepoint region
[2021-12-31T03:30:01.883+0000][1][safepoint    ] Total time for which application threads were stopped: 0.0013709 seconds, Stopping threads took: 0.0007175 seconds
[2021-12-31T03:30:02.886+0000][1][safepoint    ] Application time: 1.0019005 seconds
[2021-12-31T03:30:02.886+0000][1][safepoint    ] Entering safepoint region: Cleanup
[2021-12-31T03:30:02.886+0000][1][safepoint    ] Leaving safepoint region
[2021-12-31T03:30:02.886+0000][1][safepoint    ] Total time for which application threads were stopped: 0.0002571 seconds, Stopping threads took: 0.0001126 seconds
[2021-12-31T03:30:03.889+0000][1][safepoint    ] Application time: 1.0026358 seconds
[2021-12-31T03:30:03.889+0000][1][safepoint    ] Entering safepoint region: Cleanup
[2021-12-31T03:30:03.890+0000][1][safepoint    ] Leaving safepoint region
[2021-12-31T03:30:03.890+0000][1][safepoint    ] Total time for which application threads were stopped: 0.0004806 seconds, Stopping threads took: 0.0002107 seconds
[2021-12-31T03:30:04.890+0000][1][safepoint    ] Application time: 1.0002154 seconds
[2021-12-31T03:30:04.891+0000][1][safepoint    ] Entering safepoint region: Cleanup
[2021-12-31T03:30:04.891+0000][1][safepoint    ] Leaving safepoint region
[2021-12-31T03:30:04.891+0000][1][safepoint    ] Total time for which application threads were stopped: 0.0004849 seconds, Stopping threads took: 0.0003016 seconds
[2021-12-31T03:30:05.894+0000][1][safepoint    ] Application time: 1.0025751 seconds
[2021-12-31T03:30:05.894+0000][1][safepoint    ] Entering safepoint region: Cleanup
[2021-12-31T03:30:05.895+0000][1][safepoint    ] Leaving safepoint region
[2021-12-31T03:30:05.895+0000][1][safepoint    ] Total time for which application threads were stopped: 0.0002911 seconds, Stopping threads took: 0.0001448 seconds
[2021-12-31T03:30:06.897+0000][1][safepoint    ] Application time: 1.0024015 seconds
[2021-12-31T03:30:06.898+0000][1][safepoint    ] Entering safepoint region: Cleanup
[2021-12-31T03:30:06.898+0000][1][safepoint    ] Leaving safepoint region
[2021-12-31T03:30:06.898+0000][1][safepoint    ] Total time for which application threads were stopped: 0.0003408 seconds, Stopping threads took: 0.0001549 seconds
[2021-12-31T03:30:07.899+0000][1][safepoint    ] Application time: 1.0014987 seconds
[2021-12-31T03:30:07.900+0000][1][safepoint    ] Entering safepoint region: Cleanup
[2021-12-31T03:30:07.900+0000][1][safepoint    ] Leaving safepoint region
[2021-12-31T03:30:07.900+0000][1][safepoint    ] Total time for which application threads were stopped: 0.0003680 seconds, Stopping threads took: 0.0001680 seconds
[2021-12-31T03:30:08.902+0000][1][safepoint    ] Application time: 1.0015458 seconds
[2021-12-31T03:30:08.902+0000][1][safepoint    ] Entering safepoint region: Cleanup
[2021-12-31T03:30:08.902+0000][1][safepoint    ] Leaving safepoint region
[2021-12-31T03:30:08.903+0000][1][safepoint    ] Total time for which application threads were stopped: 0.0006543 seconds, Stopping threads took: 0.0002149 seconds
[2021-12-31T03:30:09.905+0000][1][safepoint    ] Application time: 1.0022893 seconds
[2021-12-31T03:30:09.906+0000][1][safepoint    ] Entering safepoint region: Cleanup
[2021-12-31T03:30:09.906+0000][1][safepoint    ] Leaving safepoint region
[2021-12-31T03:30:09.906+0000][1][safepoint    ] Total time for which application threads were stopped: 0.0003094 seconds, Stopping threads took: 0.0001341 seconds
[2021-12-31T03:30:10.909+0000][1][safepoint    ] Application time: 1.0027559 seconds
[2021-12-31T03:30:10.909+0000][1][safepoint    ] Entering safepoint region: Cleanup
[2021-12-31T03:30:10.909+0000][1][safepoint    ] Leaving safepoint region
[2021-12-31T03:30:10.909+0000][1][safepoint    ] Total time for which application threads were stopped: 0.0003959 seconds, Stopping threads took: 0.0001755 seconds
[2021-12-31T03:30:11.912+0000][1][safepoint    ] Application time: 1.0020632 seconds
[2021-12-31T03:30:11.912+0000][1][safepoint    ] Entering safepoint region: Cleanup
[2021-12-31T03:30:11.912+0000][1][safepoint    ] Leaving safepoint region
[2021-12-31T03:30:11.912+0000][1][safepoint    ] Total time for which application threads were stopped: 0.0004076 seconds, Stopping threads took: 0.0001852 seconds
[2021-12-31T03:30:12.914+0000][1][safepoint    ] Application time: 1.0014408 seconds
[2021-12-31T03:30:12.914+0000][1][safepoint    ] Entering safepoint region: Cleanup
[2021-12-31T03:30:12.914+0000][1][safepoint    ] Leaving safepoint region
[2021-12-31T03:30:12.914+0000][1][safepoint    ] Total time for which application threads were stopped: 0.0002360 seconds, Stopping threads took: 0.0001036 seconds
[2021-12-31T03:30:13.917+0000][1][safepoint    ] Application time: 1.0030998 seconds
[2021-12-31T03:30:13.918+0000][1][safepoint    ] Entering safepoint region: Cleanup
[2021-12-31T03:30:13.918+0000][1][safepoint    ] Leaving safepoint region
[2021-12-31T03:30:13.918+0000][1][safepoint    ] Total time for which application threads were stopped: 0.0005663 seconds, Stopping threads took: 0.0002952 seconds
[2021-12-31T03:30:14.920+0000][1][safepoint    ] Application time: 1.0016297 seconds
[2021-12-31T03:30:14.920+0000][1][safepoint    ] Entering safepoint region: Cleanup
[2021-12-31T03:30:14.921+0000][1][safepoint    ] Leaving safepoint region
[2021-12-31T03:30:14.921+0000][1][safepoint    ] Total time for which application threads were stopped: 0.0005853 seconds, Stopping threads took: 0.0002854 seconds
[2021-12-31T03:30:15.932+0000][1][safepoint    ] Application time: 1.0112188 seconds
[2021-12-31T03:30:15.933+0000][1][safepoint    ] Entering safepoint region: Cleanup
[2021-12-31T03:30:15.933+0000][1][safepoint    ] Leaving safepoint region
[2021-12-31T03:30:15.933+0000][1][safepoint    ] Total time for which application threads were stopped: 0.0004529 seconds, Stopping threads took: 0.0001601 seconds
[2021-12-31T03:30:16.942+0000][1][safepoint    ] Application time: 1.0088269 seconds
[2021-12-31T03:30:16.942+0000][1][safepoint    ] Entering safepoint region: Cleanup
[2021-12-31T03:30:16.943+0000][1][safepoint    ] Leaving safepoint region
[2021-12-31T03:30:16.943+0000][1][safepoint    ] Total time for which application threads were stopped: 0.0002345 seconds, Stopping threads took: 0.0001057 seconds
[2021-12-31T03:30:17.946+0000][1][safepoint    ] Application time: 1.0032521 seconds
[2021-12-31T03:30:17.946+0000][1][safepoint    ] Entering safepoint region: Cleanup
[2021-12-31T03:30:17.946+0000][1][safepoint    ] Leaving safepoint region
[2021-12-31T03:30:17.946+0000][1][safepoint    ] Total time for which application threads were stopped: 0.0002444 seconds, Stopping threads took: 0.0001026 seconds
[2021-12-31T03:30:18.209+0000][1][safepoint    ] Application time: 0.2623076 seconds
[2021-12-31T03:30:18.210+0000][1][safepoint    ] Entering safepoint region: RevokeBias
[2021-12-31T03:30:18.210+0000][1][safepoint    ] Leaving safepoint region
[2021-12-31T03:30:18.210+0000][1][safepoint    ] Total time for which application threads were stopped: 0.0006405 seconds, Stopping threads took: 0.0004375 seconds
[2021-12-31T03:30:19.214+0000][1][safepoint    ] Application time: 1.0036503 seconds
[2021-12-31T03:30:19.214+0000][1][safepoint    ] Entering safepoint region: Cleanup
[2021-12-31T03:30:19.214+0000][1][safepoint    ] Leaving safepoint region
[2021-12-31T03:30:19.214+0000][1][safepoint    ] Total time for which application threads were stopped: 0.0002737 seconds, Stopping threads took: 0.0001224 seconds
[2021-12-31T03:30:20.217+0000][1][safepoint    ] Application time: 1.0025159 seconds
[2021-12-31T03:30:20.217+0000][1][safepoint    ] Entering safepoint region: Cleanup
[2021-12-31T03:30:20.217+0000][1][safepoint    ] Leaving safepoint region
[2021-12-31T03:30:20.218+0000][1][safepoint    ] Total time for which application threads were stopped: 0.0002278 seconds, Stopping threads took: 0.0000991 seconds
[2021-12-31T03:30:21.220+0000][1][safepoint    ] Application time: 1.0021239 seconds
[2021-12-31T03:30:21.220+0000][1][safepoint    ] Entering safepoint region: Cleanup
[2021-12-31T03:30:21.220+0000][1][safepoint    ] Leaving safepoint region
[2021-12-31T03:30:21.220+0000][1][safepoint    ] Total time for which application threads were stopped: 0.0002379 seconds, Stopping threads took: 0.0001035 seconds
[2021-12-31T03:30:22.221+0000][1][safepoint    ] Application time: 1.0004213 seconds
[2021-12-31T03:30:22.221+0000][1][safepoint    ] Entering safepoint region: Cleanup
[2021-12-31T03:30:22.221+0000][1][safepoint    ] Leaving safepoint region
[2021-12-31T03:30:22.221+0000][1][safepoint    ] Total time for which application threads were stopped: 0.0002304 seconds, Stopping threads took: 0.0000999 seconds
[2021-12-31T03:30:23.224+0000][1][safepoint    ] Application time: 1.0032247 seconds
[2021-12-31T03:30:23.225+0000][1][safepoint    ] Entering safepoint region: Cleanup
[2021-12-31T03:30:23.225+0000][1][safepoint    ] Leaving safepoint region
[2021-12-31T03:30:23.225+0000][1][safepoint    ] Total time for which application threads were stopped: 0.0006898 seconds, Stopping threads took: 0.0001003 seconds
[2021-12-31T03:30:24.227+0000][1][safepoint    ] Application time: 1.0015588 seconds
[2021-12-31T03:30:24.228+0000][1][safepoint    ] Entering safepoint region: Cleanup
[2021-12-31T03:30:24.228+0000][1][safepoint    ] Leaving safepoint region
[2021-12-31T03:30:24.228+0000][1][safepoint    ] Total time for which application threads were stopped: 0.0006428 seconds, Stopping threads took: 0.0002456 seconds
[2021-12-31T03:30:25.232+0000][1][safepoint    ] Application time: 1.0032913 seconds
[2021-12-31T03:30:25.232+0000][1][safepoint    ] Entering safepoint region: Cleanup
[2021-12-31T03:30:25.232+0000][1][safepoint    ] Leaving safepoint region
[2021-12-31T03:30:25.233+0000][1][safepoint    ] Total time for which application threads were stopped: 0.0004745 seconds, Stopping threads took: 0.0001972 seconds
[2021-12-31T03:30:26.236+0000][1][safepoint    ] Application time: 1.0035903 seconds
[2021-12-31T03:30:26.237+0000][1][safepoint    ] Entering safepoint region: Cleanup
[2021-12-31T03:30:26.237+0000][1][safepoint    ] Leaving safepoint region
[2021-12-31T03:30:26.237+0000][1][safepoint    ] Total time for which application threads were stopped: 0.0002206 seconds, Stopping threads took: 0.0000964 seconds
[2021-12-31T03:30:27.239+0000][1][safepoint    ] Application time: 1.0026342 seconds
[2021-12-31T03:30:27.240+0000][1][safepoint    ] Entering safepoint region: Cleanup
[2021-12-31T03:30:27.240+0000][1][safepoint    ] Leaving safepoint region
[2021-12-31T03:30:27.240+0000][1][safepoint    ] Total time for which application threads were stopped: 0.0005040 seconds, Stopping threads took: 0.0002206 seconds
[2021-12-31T03:30:28.241+0000][1][safepoint    ] Application time: 1.0003795 seconds
[2021-12-31T03:30:28.241+0000][1][safepoint    ] Entering safepoint region: Cleanup
[2021-12-31T03:30:28.242+0000][1][safepoint    ] Leaving safepoint region
[2021-12-31T03:30:28.242+0000][1][safepoint    ] Total time for which application threads were stopped: 0.0005134 seconds, Stopping threads took: 0.0002310 seconds
[2021-12-31T03:30:29.244+0000][1][safepoint    ] Application time: 1.0023272 seconds
[2021-12-31T03:30:29.245+0000][1][safepoint    ] Entering safepoint region: Cleanup
[2021-12-31T03:30:29.245+0000][1][safepoint    ] Leaving safepoint region
[2021-12-31T03:30:29.245+0000][1][safepoint    ] Total time for which application threads were stopped: 0.0002304 seconds, Stopping threads took: 0.0001016 seconds
[2021-12-31T03:30:30.248+0000][1][safepoint    ] Application time: 1.0028636 seconds
[2021-12-31T03:30:30.248+0000][1][safepoint    ] Entering safepoint region: Cleanup
[2021-12-31T03:30:30.248+0000][1][safepoint    ] Leaving safepoint region
[2021-12-31T03:30:30.248+0000][1][safepoint    ] Total time for which application threads were stopped: 0.0002232 seconds, Stopping threads took: 0.0000974 seconds
[2021-12-31T03:30:31.251+0000][1][safepoint    ] Application time: 1.0031655 seconds
[2021-12-31T03:30:31.252+0000][1][safepoint    ] Entering safepoint region: Cleanup
[2021-12-31T03:30:31.252+0000][1][safepoint    ] Leaving safepoint region
[2021-12-31T03:30:31.252+0000][1][safepoint    ] Total time for which application threads were stopped: 0.0002431 seconds, Stopping threads took: 0.0001056 seconds
[2021-12-31T03:30:32.253+0000][1][safepoint    ] Application time: 1.0006711 seconds
[2021-12-31T03:30:32.253+0000][1][safepoint    ] Entering safepoint region: Cleanup
[2021-12-31T03:30:32.253+0000][1][safepoint    ] Leaving safepoint region
[2021-12-31T03:30:32.253+0000][1][safepoint    ] Total time for which application threads were stopped: 0.0002326 seconds, Stopping threads took: 0.0001073 seconds
[2021-12-31T03:30:33.257+0000][1][safepoint    ] Application time: 1.0034035 seconds
[2021-12-31T03:30:33.257+0000][1][safepoint    ] Entering safepoint region: Cleanup
[2021-12-31T03:30:33.257+0000][1][safepoint    ] Leaving safepoint region
[2021-12-31T03:30:33.257+0000][1][safepoint    ] Total time for which application threads were stopped: 0.0002773 seconds, Stopping threads took: 0.0001189 seconds
[2021-12-31T03:30:34.259+0000][1][safepoint    ] Application time: 1.0016416 seconds
[2021-12-31T03:30:34.259+0000][1][safepoint    ] Entering safepoint region: Cleanup
[2021-12-31T03:30:34.259+0000][1][safepoint    ] Leaving safepoint region
[2021-12-31T03:30:34.259+0000][1][safepoint    ] Total time for which application threads were stopped: 0.0002275 seconds, Stopping threads took: 0.0001000 seconds
[2021-12-31T03:30:35.260+0000][1][safepoint    ] Application time: 1.0005365 seconds
[2021-12-31T03:30:35.260+0000][1][safepoint    ] Entering safepoint region: Cleanup
[2021-12-31T03:30:35.260+0000][1][safepoint    ] Leaving safepoint region
[2021-12-31T03:30:35.260+0000][1][safepoint    ] Total time for which application threads were stopped: 0.0003379 seconds, Stopping threads took: 0.0001527 seconds
[2021-12-31T03:30:36.262+0000][1][safepoint    ] Application time: 1.0008859 seconds
[2021-12-31T03:30:36.262+0000][1][safepoint    ] Entering safepoint region: Cleanup
[2021-12-31T03:30:36.262+0000][1][safepoint    ] Leaving safepoint region
[2021-12-31T03:30:36.262+0000][1][safepoint    ] Total time for which application threads were stopped: 0.0005545 seconds, Stopping threads took: 0.0002346 seconds
[2021-12-31T03:30:37.265+0000][1][safepoint    ] Application time: 1.0022384 seconds
[2021-12-31T03:30:37.265+0000][1][safepoint    ] Entering safepoint region: Cleanup
[2021-12-31T03:30:37.266+0000][1][safepoint    ] Leaving safepoint region
[2021-12-31T03:30:37.266+0000][1][safepoint    ] Total time for which application threads were stopped: 0.0004297 seconds, Stopping threads took: 0.0002182 seconds
[2021-12-31T03:30:38.268+0000][1][safepoint    ] Application time: 1.0020671 seconds
[2021-12-31T03:30:38.268+0000][1][safepoint    ] Entering safepoint region: Cleanup
[2021-12-31T03:30:38.269+0000][1][safepoint    ] Leaving safepoint region
[2021-12-31T03:30:38.269+0000][1][safepoint    ] Total time for which application threads were stopped: 0.0004975 seconds, Stopping threads took: 0.0002013 seconds
[2021-12-31T03:30:39.271+0000][1][safepoint    ] Application time: 1.0023331 seconds
[2021-12-31T03:30:39.272+0000][1][safepoint    ] Entering safepoint region: Cleanup
[2021-12-31T03:30:39.272+0000][1][safepoint    ] Leaving safepoint region
[2021-12-31T03:30:39.272+0000][1][safepoint    ] Total time for which application threads were stopped: 0.0005069 seconds, Stopping threads took: 0.0002196 seconds
[2021-12-31T03:30:40.281+0000][1][safepoint    ] Application time: 1.0090433 seconds
[2021-12-31T03:30:40.282+0000][1][safepoint    ] Entering safepoint region: Cleanup
[2021-12-31T03:30:40.282+0000][1][safepoint    ] Leaving safepoint region
[2021-12-31T03:30:40.282+0000][1][safepoint    ] Total time for which application threads were stopped: 0.0006207 seconds, Stopping threads took: 0.0003161 seconds
[2021-12-31T03:30:41.292+0000][1][safepoint    ] Application time: 1.0095007 seconds
[2021-12-31T03:30:41.293+0000][1][safepoint    ] Entering safepoint region: Cleanup
[2021-12-31T03:30:41.293+0000][1][safepoint    ] Leaving safepoint region
[2021-12-31T03:30:41.293+0000][1][safepoint    ] Total time for which application threads were stopped: 0.0005080 seconds, Stopping threads took: 0.0002137 seconds
[2021-12-31T03:30:42.295+0000][1][safepoint    ] Application time: 1.0019876 seconds
[2021-12-31T03:30:42.296+0000][1][safepoint    ] Entering safepoint region: Cleanup
[2021-12-31T03:30:42.296+0000][1][safepoint    ] Leaving safepoint region
[2021-12-31T03:30:42.296+0000][1][safepoint    ] Total time for which application threads were stopped: 0.0005306 seconds, Stopping threads took: 0.0002502 seconds
[2021-12-31T03:30:43.299+0000][1][safepoint    ] Application time: 1.0024964 seconds
[2021-12-31T03:30:43.299+0000][1][safepoint    ] Entering safepoint region: Cleanup
[2021-12-31T03:30:43.300+0000][1][safepoint    ] Leaving safepoint region
[2021-12-31T03:30:43.300+0000][1][safepoint    ] Total time for which application threads were stopped: 0.0005821 seconds, Stopping threads took: 0.0002584 seconds
[2021-12-31T03:30:44.304+0000][1][safepoint    ] Application time: 1.0035746 seconds
[2021-12-31T03:30:44.304+0000][1][safepoint    ] Entering safepoint region: Cleanup
[2021-12-31T03:30:44.304+0000][1][safepoint    ] Leaving safepoint region
[2021-12-31T03:30:44.304+0000][1][safepoint    ] Total time for which application threads were stopped: 0.0002919 seconds, Stopping threads took: 0.0001141 seconds
[2021-12-31T03:30:45.305+0000][1][safepoint    ] Application time: 1.0005018 seconds
[2021-12-31T03:30:45.305+0000][1][safepoint    ] Entering safepoint region: Cleanup
[2021-12-31T03:30:45.305+0000][1][safepoint    ] Leaving safepoint region
[2021-12-31T03:30:45.305+0000][1][safepoint    ] Total time for which application threads were stopped: 0.0002458 seconds, Stopping threads took: 0.0001128 seconds
[2021-12-31T03:30:46.308+0000][1][safepoint    ] Application time: 1.0022990 seconds
[2021-12-31T03:30:46.308+0000][1][safepoint    ] Entering safepoint region: Cleanup
[2021-12-31T03:30:46.308+0000][1][safepoint    ] Leaving safepoint region
[2021-12-31T03:30:46.309+0000][1][safepoint    ] Total time for which application threads were stopped: 0.0006259 seconds, Stopping threads took: 0.0002535 seconds
[2021-12-31T03:30:47.312+0000][1][safepoint    ] Application time: 1.0036035 seconds
[2021-12-31T03:30:47.313+0000][1][safepoint    ] Entering safepoint region: Cleanup
[2021-12-31T03:30:47.313+0000][1][safepoint    ] Leaving safepoint region
[2021-12-31T03:30:47.313+0000][1][safepoint    ] Total time for which application threads were stopped: 0.0002233 seconds, Stopping threads took: 0.0000973 seconds
[2021-12-31T03:30:48.315+0000][1][safepoint    ] Application time: 1.0025113 seconds
[2021-12-31T03:30:48.316+0000][1][safepoint    ] Entering safepoint region: Cleanup
[2021-12-31T03:30:48.316+0000][1][safepoint    ] Leaving safepoint region
[2021-12-31T03:30:48.316+0000][1][safepoint    ] Total time for which application threads were stopped: 0.0002378 seconds, Stopping threads took: 0.0001073 seconds
[2021-12-31T03:30:49.319+0000][1][safepoint    ] Application time: 1.0030949 seconds
[2021-12-31T03:30:49.319+0000][1][safepoint    ] Entering safepoint region: Cleanup
[2021-12-31T03:30:49.319+0000][1][safepoint    ] Leaving safepoint region
[2021-12-31T03:30:49.320+0000][1][safepoint    ] Total time for which application threads were stopped: 0.0002352 seconds, Stopping threads took: 0.0001064 seconds
[2021-12-31T03:30:50.322+0000][1][safepoint    ] Application time: 1.0020247 seconds
[2021-12-31T03:30:50.322+0000][1][safepoint    ] Entering safepoint region: Cleanup
[2021-12-31T03:30:50.322+0000][1][safepoint    ] Leaving safepoint region
[2021-12-31T03:30:50.322+0000][1][safepoint    ] Total time for which application threads were stopped: 0.0003132 seconds, Stopping threads took: 0.0001415 seconds
[2021-12-31T03:30:51.324+0000][1][safepoint    ] Application time: 1.0015925 seconds
[2021-12-31T03:30:51.326+0000][1][safepoint    ] Entering safepoint region: Cleanup
[2021-12-31T03:30:51.326+0000][1][safepoint    ] Leaving safepoint region
[2021-12-31T03:30:51.326+0000][1][safepoint    ] Total time for which application threads were stopped: 0.0006038 seconds, Stopping threads took: 0.0003137 seconds
[2021-12-31T03:30:52.330+0000][1][safepoint    ] Application time: 1.0036108 seconds
[2021-12-31T03:30:52.330+0000][1][safepoint    ] Entering safepoint region: Cleanup
[2021-12-31T03:30:52.330+0000][1][safepoint    ] Leaving safepoint region
[2021-12-31T03:30:52.330+0000][1][safepoint    ] Total time for which application threads were stopped: 0.0002401 seconds, Stopping threads took: 0.0001027 seconds
[2021-12-31T03:30:53.698+0000][1][safepoint    ] Application time: 1.3674947 seconds
[2021-12-31T03:30:53.698+0000][1][safepoint    ] Entering safepoint region: Cleanup
[2021-12-31T03:30:53.698+0000][1][safepoint    ] Leaving safepoint region
[2021-12-31T03:30:53.698+0000][1][safepoint    ] Total time for which application threads were stopped: 0.0002889 seconds, Stopping threads took: 0.0001317 seconds
[2021-12-31T03:30:54.700+0000][1][safepoint    ] Application time: 1.0015611 seconds
[2021-12-31T03:30:54.700+0000][1][safepoint    ] Entering safepoint region: Cleanup
[2021-12-31T03:30:54.700+0000][1][safepoint    ] Leaving safepoint region
[2021-12-31T03:30:54.701+0000][1][safepoint    ] Total time for which application threads were stopped: 0.0002221 seconds, Stopping threads took: 0.0000966 seconds
[2021-12-31T03:30:55.712+0000][1][safepoint    ] Application time: 1.0112039 seconds
[2021-12-31T03:30:55.712+0000][1][safepoint    ] Entering safepoint region: Cleanup
[2021-12-31T03:30:55.713+0000][1][safepoint    ] Leaving safepoint region
[2021-12-31T03:30:55.713+0000][1][safepoint    ] Total time for which application threads were stopped: 0.0006280 seconds, Stopping threads took: 0.0001818 seconds
[2021-12-31T03:30:56.715+0000][1][safepoint    ] Application time: 1.0022595 seconds
[2021-12-31T03:30:56.715+0000][1][safepoint    ] Entering safepoint region: Cleanup
[2021-12-31T03:30:56.716+0000][1][safepoint    ] Leaving safepoint region
[2021-12-31T03:30:56.716+0000][1][safepoint    ] Total time for which application threads were stopped: 0.0002440 seconds, Stopping threads took: 0.0001084 seconds
[2021-12-31T03:30:57.716+0000][1][safepoint    ] Application time: 1.0005721 seconds
[2021-12-31T03:30:57.717+0000][1][safepoint    ] Entering safepoint region: Cleanup
[2021-12-31T03:30:57.717+0000][1][safepoint    ] Leaving safepoint region
[2021-12-31T03:30:57.717+0000][1][safepoint    ] Total time for which application threads were stopped: 0.0002385 seconds, Stopping threads took: 0.0001050 seconds
[2021-12-31T03:30:58.720+0000][1][safepoint    ] Application time: 1.0031933 seconds
[2021-12-31T03:30:58.720+0000][1][safepoint    ] Entering safepoint region: Cleanup
[2021-12-31T03:30:58.720+0000][1][safepoint    ] Leaving safepoint region
[2021-12-31T03:30:58.720+0000][1][safepoint    ] Total time for which application threads were stopped: 0.0002289 seconds, Stopping threads took: 0.0000994 seconds
[2021-12-31T03:30:59.721+0000][1][safepoint    ] Application time: 1.0001266 seconds
[2021-12-31T03:30:59.721+0000][1][safepoint    ] Entering safepoint region: Cleanup
[2021-12-31T03:30:59.721+0000][1][safepoint    ] Leaving safepoint region
[2021-12-31T03:30:59.721+0000][1][safepoint    ] Total time for which application threads were stopped: 0.0002464 seconds, Stopping threads took: 0.0001047 seconds
[2021-12-31T03:31:00.722+0000][1][safepoint    ] Application time: 1.0011722 seconds
[2021-12-31T03:31:00.723+0000][1][safepoint    ] Entering safepoint region: Cleanup
[2021-12-31T03:31:00.723+0000][1][safepoint    ] Leaving safepoint region
[2021-12-31T03:31:00.723+0000][1][safepoint    ] Total time for which application threads were stopped: 0.0002431 seconds, Stopping threads took: 0.0001044 seconds
[2021-12-31T03:31:01.724+0000][1][safepoint    ] Application time: 1.0008119 seconds
[2021-12-31T03:31:01.724+0000][1][safepoint    ] Entering safepoint region: Cleanup
[2021-12-31T03:31:01.724+0000][1][safepoint    ] Leaving safepoint region
[2021-12-31T03:31:01.724+0000][1][safepoint    ] Total time for which application threads were stopped: 0.0002418 seconds, Stopping threads took: 0.0000983 seconds
[2021-12-31T03:31:02.727+0000][1][safepoint    ] Application time: 1.0027190 seconds
[2021-12-31T03:31:02.727+0000][1][safepoint    ] Entering safepoint region: Cleanup
[2021-12-31T03:31:02.727+0000][1][safepoint    ] Leaving safepoint region
[2021-12-31T03:31:02.727+0000][1][safepoint    ] Total time for which application threads were stopped: 0.0002214 seconds, Stopping threads took: 0.0000951 seconds
[2021-12-31T03:31:03.728+0000][1][safepoint    ] Application time: 1.0004286 seconds
[2021-12-31T03:31:03.728+0000][1][safepoint    ] Entering safepoint region: Cleanup
[2021-12-31T03:31:03.728+0000][1][safepoint    ] Leaving safepoint region
[2021-12-31T03:31:03.728+0000][1][safepoint    ] Total time for which application threads were stopped: 0.0002094 seconds, Stopping threads took: 0.0000914 seconds
[2021-12-31T03:31:04.730+0000][1][safepoint    ] Application time: 1.0019265 seconds
[2021-12-31T03:31:04.731+0000][1][safepoint    ] Entering safepoint region: Cleanup
[2021-12-31T03:31:04.731+0000][1][safepoint    ] Leaving safepoint region
[2021-12-31T03:31:04.731+0000][1][safepoint    ] Total time for which application threads were stopped: 0.0003654 seconds, Stopping threads took: 0.0001308 seconds
[2021-12-31T03:31:05.732+0000][1][safepoint    ] Application time: 1.0011521 seconds
[2021-12-31T03:31:05.732+0000][1][safepoint    ] Entering safepoint region: Cleanup
[2021-12-31T03:31:05.733+0000][1][safepoint    ] Leaving safepoint region
[2021-12-31T03:31:05.733+0000][1][safepoint    ] Total time for which application threads were stopped: 0.0002653 seconds, Stopping threads took: 0.0001150 seconds
[2021-12-31T03:31:06.735+0000][1][safepoint    ] Application time: 1.0024401 seconds
[2021-12-31T03:31:06.735+0000][1][safepoint    ] Entering safepoint region: Cleanup
[2021-12-31T03:31:06.736+0000][1][safepoint    ] Leaving safepoint region
[2021-12-31T03:31:06.736+0000][1][safepoint    ] Total time for which application threads were stopped: 0.0002257 seconds, Stopping threads took: 0.0000989 seconds
[2021-12-31T03:31:07.738+0000][1][safepoint    ] Application time: 1.0026126 seconds
[2021-12-31T03:31:07.739+0000][1][safepoint    ] Entering safepoint region: Cleanup
[2021-12-31T03:31:07.739+0000][1][safepoint    ] Leaving safepoint region
[2021-12-31T03:31:07.739+0000][1][safepoint    ] Total time for which application threads were stopped: 0.0002484 seconds, Stopping threads took: 0.0001074 seconds
[2021-12-31T03:31:08.742+0000][1][safepoint    ] Application time: 1.0025772 seconds
[2021-12-31T03:31:08.742+0000][1][safepoint    ] Entering safepoint region: Cleanup
[2021-12-31T03:31:08.742+0000][1][safepoint    ] Leaving safepoint region
[2021-12-31T03:31:08.742+0000][1][safepoint    ] Total time for which application threads were stopped: 0.0005502 seconds, Stopping threads took: 0.0002195 seconds
[2021-12-31T03:31:09.745+0000][1][safepoint    ] Application time: 1.0023521 seconds
[2021-12-31T03:31:09.745+0000][1][safepoint    ] Entering safepoint region: Cleanup
[2021-12-31T03:31:09.745+0000][1][safepoint    ] Leaving safepoint region
[2021-12-31T03:31:09.746+0000][1][safepoint    ] Total time for which application threads were stopped: 0.0003041 seconds, Stopping threads took: 0.0001213 seconds
[2021-12-31T03:31:10.747+0000][1][safepoint    ] Application time: 1.0017177 seconds
[2021-12-31T03:31:10.748+0000][1][safepoint    ] Entering safepoint region: Cleanup
[2021-12-31T03:31:10.748+0000][1][safepoint    ] Leaving safepoint region
[2021-12-31T03:31:10.748+0000][1][safepoint    ] Total time for which application threads were stopped: 0.0002832 seconds, Stopping threads took: 0.0001261 seconds
[2021-12-31T03:31:10.778+0000][1][safepoint    ] Application time: 0.0299735 seconds
[2021-12-31T03:31:10.778+0000][1][safepoint    ] Entering safepoint region: GenCollectForAllocation
[2021-12-31T03:31:10.778+0000][1][gc,start     ] GC(50) Pause Young (Allocation Failure)
[2021-12-31T03:31:10.778+0000][1][gc,task      ] GC(50) Using 1 workers of 1 for evacuation
[2021-12-31T03:31:10.783+0000][1][gc,age       ] GC(50) Desired survivor size 4358144 bytes, new threshold 6 (max threshold 6)
[2021-12-31T03:31:10.783+0000][1][gc,age       ] GC(50) Age table with threshold 6 (max threshold 6)
[2021-12-31T03:31:10.783+0000][1][gc,age       ] GC(50) - age   1:       5744 bytes,       5744 total
[2021-12-31T03:31:10.783+0000][1][gc,age       ] GC(50) - age   2:     150680 bytes,     156424 total
[2021-12-31T03:31:10.783+0000][1][gc,age       ] GC(50) - age   3:        120 bytes,     156544 total
[2021-12-31T03:31:10.783+0000][1][gc,age       ] GC(50) - age   4:        792 bytes,     157336 total
[2021-12-31T03:31:10.783+0000][1][gc,age       ] GC(50) - age   5:        128 bytes,     157464 total
[2021-12-31T03:31:10.784+0000][1][gc,age       ] GC(50) - age   6:        904 bytes,     158368 total
[2021-12-31T03:31:10.784+0000][1][gc,heap      ] GC(50) ParNew: 68332K->191K(76672K)
[2021-12-31T03:31:10.784+0000][1][gc,heap      ] GC(50) CMS: 127748K->127749K(439104K)
[2021-12-31T03:31:10.784+0000][1][gc,metaspace ] GC(50) Metaspace: 73770K->73770K(1116160K)
[2021-12-31T03:31:10.784+0000][1][gc           ] GC(50) Pause Young (Allocation Failure) 191M->124M(503M) 5.664ms
[2021-12-31T03:31:10.784+0000][1][gc,cpu       ] GC(50) User=0.01s Sys=0.00s Real=0.01s
[2021-12-31T03:31:10.784+0000][1][safepoint    ] Leaving safepoint region
[2021-12-31T03:31:10.784+0000][1][safepoint    ] Total time for which application threads were stopped: 0.0061269 seconds, Stopping threads took: 0.0001050 seconds
[2021-12-31T03:31:11.785+0000][1][safepoint    ] Application time: 1.0008704 seconds
[2021-12-31T03:31:11.785+0000][1][safepoint    ] Entering safepoint region: Cleanup
[2021-12-31T03:31:11.786+0000][1][safepoint    ] Leaving safepoint region
[2021-12-31T03:31:11.786+0000][1][safepoint    ] Total time for which application threads were stopped: 0.0004311 seconds, Stopping threads took: 0.0001786 seconds
[2021-12-31T03:31:12.787+0000][1][safepoint    ] Application time: 1.0008008 seconds
[2021-12-31T03:31:12.787+0000][1][safepoint    ] Entering safepoint region: Cleanup
[2021-12-31T03:31:12.787+0000][1][safepoint    ] Leaving safepoint region
[2021-12-31T03:31:12.787+0000][1][safepoint    ] Total time for which application threads were stopped: 0.0002379 seconds, Stopping threads took: 0.0001012 seconds
[2021-12-31T03:31:13.790+0000][1][safepoint    ] Application time: 1.0027871 seconds
[2021-12-31T03:31:13.790+0000][1][safepoint    ] Entering safepoint region: Cleanup
[2021-12-31T03:31:13.791+0000][1][safepoint    ] Leaving safepoint region
[2021-12-31T03:31:13.791+0000][1][safepoint    ] Total time for which application threads were stopped: 0.0002973 seconds, Stopping threads took: 0.0001517 seconds
[2021-12-31T03:31:14.792+0000][1][safepoint    ] Application time: 1.0014903 seconds
[2021-12-31T03:31:14.792+0000][1][safepoint    ] Entering safepoint region: Cleanup
[2021-12-31T03:31:14.793+0000][1][safepoint    ] Leaving safepoint region
[2021-12-31T03:31:14.793+0000][1][safepoint    ] Total time for which application threads were stopped: 0.0002296 seconds, Stopping threads took: 0.0001011 seconds
[2021-12-31T03:31:15.793+0000][1][safepoint    ] Application time: 1.0003118 seconds
[2021-12-31T03:31:15.793+0000][1][safepoint    ] Entering safepoint region: Cleanup
[2021-12-31T03:31:15.793+0000][1][safepoint    ] Leaving safepoint region
[2021-12-31T03:31:15.793+0000][1][safepoint    ] Total time for which application threads were stopped: 0.0002195 seconds, Stopping threads took: 0.0000946 seconds
[2021-12-31T03:31:16.796+0000][1][safepoint    ] Application time: 1.0027753 seconds
[2021-12-31T03:31:16.796+0000][1][safepoint    ] Entering safepoint region: Cleanup
[2021-12-31T03:31:16.797+0000][1][safepoint    ] Leaving safepoint region
[2021-12-31T03:31:16.797+0000][1][safepoint    ] Total time for which application threads were stopped: 0.0002334 seconds, Stopping threads took: 0.0001047 seconds
[2021-12-31T03:31:17.800+0000][1][safepoint    ] Application time: 1.0036927 seconds
[2021-12-31T03:31:17.801+0000][1][safepoint    ] Entering safepoint region: Cleanup
[2021-12-31T03:31:17.801+0000][1][safepoint    ] Leaving safepoint region
[2021-12-31T03:31:17.801+0000][1][safepoint    ] Total time for which application threads were stopped: 0.0002212 seconds, Stopping threads took: 0.0000952 seconds
[2021-12-31T03:31:18.223+0000][1][safepoint    ] Application time: 0.4219533 seconds
[2021-12-31T03:31:18.223+0000][1][safepoint    ] Entering safepoint region: RevokeBias
[2021-12-31T03:31:18.223+0000][1][safepoint    ] Leaving safepoint region
[2021-12-31T03:31:18.223+0000][1][safepoint    ] Total time for which application threads were stopped: 0.0002704 seconds, Stopping threads took: 0.0001139 seconds
[2021-12-31T03:31:19.225+0000][1][safepoint    ] Application time: 1.0017530 seconds
[2021-12-31T03:31:19.226+0000][1][safepoint    ] Entering safepoint region: Cleanup
[2021-12-31T03:31:19.226+0000][1][safepoint    ] Leaving safepoint region
[2021-12-31T03:31:19.226+0000][1][safepoint    ] Total time for which application threads were stopped: 0.0004509 seconds, Stopping threads took: 0.0001824 seconds
[2021-12-31T03:31:20.227+0000][1][safepoint    ] Application time: 1.0008499 seconds
[2021-12-31T03:31:20.227+0000][1][safepoint    ] Entering safepoint region: Cleanup
[2021-12-31T03:31:20.228+0000][1][safepoint    ] Leaving safepoint region
[2021-12-31T03:31:20.228+0000][1][safepoint    ] Total time for which application threads were stopped: 0.0002193 seconds, Stopping threads took: 0.0000900 seconds
[2021-12-31T03:31:21.230+0000][1][safepoint    ] Application time: 1.0022561 seconds
[2021-12-31T03:31:21.230+0000][1][safepoint    ] Entering safepoint region: Cleanup
[2021-12-31T03:31:21.230+0000][1][safepoint    ] Leaving safepoint region
[2021-12-31T03:31:21.230+0000][1][safepoint    ] Total time for which application threads were stopped: 0.0002133 seconds, Stopping threads took: 0.0000938 seconds
[2021-12-31T03:31:22.232+0000][1][safepoint    ] Application time: 1.0013149 seconds
[2021-12-31T03:31:22.232+0000][1][safepoint    ] Entering safepoint region: Cleanup
[2021-12-31T03:31:22.232+0000][1][safepoint    ] Leaving safepoint region
[2021-12-31T03:31:22.232+0000][1][safepoint    ] Total time for which application threads were stopped: 0.0004154 seconds, Stopping threads took: 0.0002165 seconds
[2021-12-31T03:31:23.234+0000][1][safepoint    ] Application time: 1.0011675 seconds
[2021-12-31T03:31:23.234+0000][1][safepoint    ] Entering safepoint region: Cleanup
[2021-12-31T03:31:23.234+0000][1][safepoint    ] Leaving safepoint region
[2021-12-31T03:31:23.234+0000][1][safepoint    ] Total time for which application threads were stopped: 0.0002821 seconds, Stopping threads took: 0.0001212 seconds
[2021-12-31T03:31:24.236+0000][1][safepoint    ] Application time: 1.0012968 seconds
[2021-12-31T03:31:24.236+0000][1][safepoint    ] Entering safepoint region: Cleanup
[2021-12-31T03:31:24.236+0000][1][safepoint    ] Leaving safepoint region
[2021-12-31T03:31:24.236+0000][1][safepoint    ] Total time for which application threads were stopped: 0.0002428 seconds, Stopping threads took: 0.0001055 seconds
[2021-12-31T03:31:25.239+0000][1][safepoint    ] Application time: 1.0029955 seconds
[2021-12-31T03:31:25.239+0000][1][safepoint    ] Entering safepoint region: Cleanup
[2021-12-31T03:31:25.240+0000][1][safepoint    ] Leaving safepoint region
[2021-12-31T03:31:25.240+0000][1][safepoint    ] Total time for which application threads were stopped: 0.0002347 seconds, Stopping threads took: 0.0001029 seconds
[2021-12-31T03:31:26.241+0000][1][safepoint    ] Application time: 1.0012833 seconds
[2021-12-31T03:31:26.241+0000][1][safepoint    ] Entering safepoint region: Cleanup
[2021-12-31T03:31:26.241+0000][1][safepoint    ] Leaving safepoint region
[2021-12-31T03:31:26.241+0000][1][safepoint    ] Total time for which application threads were stopped: 0.0002456 seconds, Stopping threads took: 0.0001083 seconds
[2021-12-31T03:31:27.244+0000][1][safepoint    ] Application time: 1.0021504 seconds
[2021-12-31T03:31:27.244+0000][1][safepoint    ] Entering safepoint region: Cleanup
[2021-12-31T03:31:27.245+0000][1][safepoint    ] Leaving safepoint region
[2021-12-31T03:31:27.246+0000][1][safepoint    ] Total time for which application threads were stopped: 0.0012840 seconds, Stopping threads took: 0.0010220 seconds
[2021-12-31T03:31:28.246+0000][1][safepoint    ] Application time: 1.0008531 seconds
[2021-12-31T03:31:28.247+0000][1][safepoint    ] Entering safepoint region: Cleanup
[2021-12-31T03:31:28.247+0000][1][safepoint    ] Leaving safepoint region
[2021-12-31T03:31:28.247+0000][1][safepoint    ] Total time for which application threads were stopped: 0.0002389 seconds, Stopping threads took: 0.0001065 seconds
[2021-12-31T03:31:29.249+0000][1][safepoint    ] Application time: 1.0024232 seconds
[2021-12-31T03:31:29.250+0000][1][safepoint    ] Entering safepoint region: Cleanup
[2021-12-31T03:31:29.250+0000][1][safepoint    ] Leaving safepoint region
[2021-12-31T03:31:29.250+0000][1][safepoint    ] Total time for which application threads were stopped: 0.0003381 seconds, Stopping threads took: 0.0001584 seconds
[2021-12-31T03:31:30.254+0000][1][safepoint    ] Application time: 1.0038169 seconds
[2021-12-31T03:31:30.254+0000][1][safepoint    ] Entering safepoint region: Cleanup
[2021-12-31T03:31:30.254+0000][1][safepoint    ] Leaving safepoint region
[2021-12-31T03:31:30.255+0000][1][safepoint    ] Total time for which application threads were stopped: 0.0002588 seconds, Stopping threads took: 0.0001147 seconds
[2021-12-31T03:31:31.255+0000][1][safepoint    ] Application time: 1.0002423 seconds
[2021-12-31T03:31:31.255+0000][1][safepoint    ] Entering safepoint region: Cleanup
[2021-12-31T03:31:31.255+0000][1][safepoint    ] Leaving safepoint region
[2021-12-31T03:31:31.255+0000][1][safepoint    ] Total time for which application threads were stopped: 0.0002611 seconds, Stopping threads took: 0.0001137 seconds
[2021-12-31T03:31:32.257+0000][1][safepoint    ] Application time: 1.0018248 seconds
[2021-12-31T03:31:32.257+0000][1][safepoint    ] Entering safepoint region: Cleanup
[2021-12-31T03:31:32.258+0000][1][safepoint    ] Leaving safepoint region
[2021-12-31T03:31:32.258+0000][1][safepoint    ] Total time for which application threads were stopped: 0.0002233 seconds, Stopping threads took: 0.0000939 seconds
[2021-12-31T03:31:33.259+0000][1][safepoint    ] Application time: 1.0007737 seconds
[2021-12-31T03:31:33.259+0000][1][safepoint    ] Entering safepoint region: Cleanup
[2021-12-31T03:31:33.259+0000][1][safepoint    ] Leaving safepoint region
[2021-12-31T03:31:33.259+0000][1][safepoint    ] Total time for which application threads were stopped: 0.0003343 seconds, Stopping threads took: 0.0001821 seconds
[2021-12-31T03:31:34.262+0000][1][safepoint    ] Application time: 1.0031423 seconds
[2021-12-31T03:31:34.263+0000][1][safepoint    ] Entering safepoint region: Cleanup
[2021-12-31T03:31:34.263+0000][1][safepoint    ] Leaving safepoint region
[2021-12-31T03:31:34.263+0000][1][safepoint    ] Total time for which application threads were stopped: 0.0004270 seconds, Stopping threads took: 0.0001906 seconds
[2021-12-31T03:31:35.266+0000][1][safepoint    ] Application time: 1.0023018 seconds
[2021-12-31T03:31:35.266+0000][1][safepoint    ] Entering safepoint region: Cleanup
[2021-12-31T03:31:35.266+0000][1][safepoint    ] Leaving safepoint region
[2021-12-31T03:31:35.266+0000][1][safepoint    ] Total time for which application threads were stopped: 0.0004647 seconds, Stopping threads took: 0.0002097 seconds
[2021-12-31T03:31:36.270+0000][1][safepoint    ] Application time: 1.0037263 seconds
[2021-12-31T03:31:36.271+0000][1][safepoint    ] Entering safepoint region: Cleanup
[2021-12-31T03:31:36.271+0000][1][safepoint    ] Leaving safepoint region
[2021-12-31T03:31:36.271+0000][1][safepoint    ] Total time for which application threads were stopped: 0.0002243 seconds, Stopping threads took: 0.0000951 seconds
[2021-12-31T03:31:37.273+0000][1][safepoint    ] Application time: 1.0024502 seconds
[2021-12-31T03:31:37.274+0000][1][safepoint    ] Entering safepoint region: Cleanup
[2021-12-31T03:31:37.274+0000][1][safepoint    ] Leaving safepoint region
[2021-12-31T03:31:37.274+0000][1][safepoint    ] Total time for which application threads were stopped: 0.0002954 seconds, Stopping threads took: 0.0001285 seconds
[2021-12-31T03:31:38.277+0000][1][safepoint    ] Application time: 1.0030726 seconds
[2021-12-31T03:31:38.277+0000][1][safepoint    ] Entering safepoint region: Cleanup
[2021-12-31T03:31:38.277+0000][1][safepoint    ] Leaving safepoint region
[2021-12-31T03:31:38.278+0000][1][safepoint    ] Total time for which application threads were stopped: 0.0002446 seconds, Stopping threads took: 0.0001056 seconds
[2021-12-31T03:31:39.280+0000][1][safepoint    ] Application time: 1.0027823 seconds
[2021-12-31T03:31:39.281+0000][1][safepoint    ] Entering safepoint region: Cleanup
[2021-12-31T03:31:39.281+0000][1][safepoint    ] Leaving safepoint region
[2021-12-31T03:31:39.281+0000][1][safepoint    ] Total time for which application threads were stopped: 0.0002422 seconds, Stopping threads took: 0.0001042 seconds
[2021-12-31T03:31:40.285+0000][1][safepoint    ] Application time: 1.0036078 seconds
[2021-12-31T03:31:40.285+0000][1][safepoint    ] Entering safepoint region: Cleanup
[2021-12-31T03:31:40.285+0000][1][safepoint    ] Leaving safepoint region
[2021-12-31T03:31:40.285+0000][1][safepoint    ] Total time for which application threads were stopped: 0.0002481 seconds, Stopping threads took: 0.0001106 seconds
[2021-12-31T03:31:41.286+0000][1][safepoint    ] Application time: 1.0009873 seconds
[2021-12-31T03:31:41.286+0000][1][safepoint    ] Entering safepoint region: Cleanup
[2021-12-31T03:31:41.287+0000][1][safepoint    ] Leaving safepoint region
[2021-12-31T03:31:41.287+0000][1][safepoint    ] Total time for which application threads were stopped: 0.0003210 seconds, Stopping threads took: 0.0001404 seconds
[2021-12-31T03:31:42.288+0000][1][safepoint    ] Application time: 1.0010759 seconds
[2021-12-31T03:31:42.288+0000][1][safepoint    ] Entering safepoint region: Cleanup
[2021-12-31T03:31:42.288+0000][1][safepoint    ] Leaving safepoint region
[2021-12-31T03:31:42.288+0000][1][safepoint    ] Total time for which application threads were stopped: 0.0002240 seconds, Stopping threads took: 0.0001012 seconds
[2021-12-31T03:31:43.290+0000][1][safepoint    ] Application time: 1.0015242 seconds
[2021-12-31T03:31:43.290+0000][1][safepoint    ] Entering safepoint region: Cleanup
[2021-12-31T03:31:43.290+0000][1][safepoint    ] Leaving safepoint region
[2021-12-31T03:31:43.290+0000][1][safepoint    ] Total time for which application threads were stopped: 0.0002526 seconds, Stopping threads took: 0.0001166 seconds
[2021-12-31T03:31:44.292+0000][1][safepoint    ] Application time: 1.0015293 seconds
[2021-12-31T03:31:44.292+0000][1][safepoint    ] Entering safepoint region: Cleanup
[2021-12-31T03:31:44.292+0000][1][safepoint    ] Leaving safepoint region
[2021-12-31T03:31:44.292+0000][1][safepoint    ] Total time for which application threads were stopped: 0.0002802 seconds, Stopping threads took: 0.0001191 seconds
[2021-12-31T03:31:45.295+0000][1][safepoint    ] Application time: 1.0026259 seconds
[2021-12-31T03:31:45.295+0000][1][safepoint    ] Entering safepoint region: Cleanup
[2021-12-31T03:31:45.295+0000][1][safepoint    ] Leaving safepoint region
[2021-12-31T03:31:45.296+0000][1][safepoint    ] Total time for which application threads were stopped: 0.0002272 seconds, Stopping threads took: 0.0000944 seconds
[2021-12-31T03:31:46.297+0000][1][safepoint    ] Application time: 1.0016432 seconds
[2021-12-31T03:31:46.298+0000][1][safepoint    ] Entering safepoint region: Cleanup
[2021-12-31T03:31:46.298+0000][1][safepoint    ] Leaving safepoint region
[2021-12-31T03:31:46.298+0000][1][safepoint    ] Total time for which application threads were stopped: 0.0004493 seconds, Stopping threads took: 0.0001979 seconds
[2021-12-31T03:31:47.299+0000][1][safepoint    ] Application time: 1.0008143 seconds
[2021-12-31T03:31:47.300+0000][1][safepoint    ] Entering safepoint region: Cleanup
[2021-12-31T03:31:47.300+0000][1][safepoint    ] Leaving safepoint region
[2021-12-31T03:31:47.300+0000][1][safepoint    ] Total time for which application threads were stopped: 0.0002405 seconds, Stopping threads took: 0.0001040 seconds
[2021-12-31T03:31:48.300+0000][1][safepoint    ] Application time: 1.0003374 seconds
[2021-12-31T03:31:48.301+0000][1][safepoint    ] Entering safepoint region: Cleanup
[2021-12-31T03:31:48.301+0000][1][safepoint    ] Leaving safepoint region
[2021-12-31T03:31:48.301+0000][1][safepoint    ] Total time for which application threads were stopped: 0.0002679 seconds, Stopping threads took: 0.0001196 seconds
[2021-12-31T03:31:49.301+0000][1][safepoint    ] Application time: 1.0006439 seconds
[2021-12-31T03:31:49.302+0000][1][safepoint    ] Entering safepoint region: Cleanup
[2021-12-31T03:31:49.302+0000][1][safepoint    ] Leaving safepoint region
[2021-12-31T03:31:49.302+0000][1][safepoint    ] Total time for which application threads were stopped: 0.0003435 seconds, Stopping threads took: 0.0000923 seconds
[2021-12-31T03:31:50.303+0000][1][safepoint    ] Application time: 1.0007263 seconds
[2021-12-31T03:31:50.303+0000][1][safepoint    ] Entering safepoint region: Cleanup
[2021-12-31T03:31:50.304+0000][1][safepoint    ] Leaving safepoint region
[2021-12-31T03:31:50.304+0000][1][safepoint    ] Total time for which application threads were stopped: 0.0005128 seconds, Stopping threads took: 0.0002448 seconds
[2021-12-31T03:31:51.306+0000][1][safepoint    ] Application time: 1.0018432 seconds
[2021-12-31T03:31:51.306+0000][1][safepoint    ] Entering safepoint region: Cleanup
[2021-12-31T03:31:51.307+0000][1][safepoint    ] Leaving safepoint region
[2021-12-31T03:31:51.307+0000][1][safepoint    ] Total time for which application threads were stopped: 0.0007642 seconds, Stopping threads took: 0.0003392 seconds
[2021-12-31T03:31:52.310+0000][1][safepoint    ] Application time: 1.0023036 seconds
[2021-12-31T03:31:52.310+0000][1][safepoint    ] Entering safepoint region: Cleanup
[2021-12-31T03:31:52.310+0000][1][safepoint    ] Leaving safepoint region
[2021-12-31T03:31:52.310+0000][1][safepoint    ] Total time for which application threads were stopped: 0.0003220 seconds, Stopping threads took: 0.0001491 seconds
[2021-12-31T03:31:53.311+0000][1][safepoint    ] Application time: 1.0004774 seconds
[2021-12-31T03:31:53.311+0000][1][safepoint    ] Entering safepoint region: Cleanup
[2021-12-31T03:31:53.311+0000][1][safepoint    ] Leaving safepoint region
[2021-12-31T03:31:53.311+0000][1][safepoint    ] Total time for which application threads were stopped: 0.0002857 seconds, Stopping threads took: 0.0001320 seconds
[2021-12-31T03:31:54.315+0000][1][safepoint    ] Application time: 1.0032315 seconds
[2021-12-31T03:31:54.315+0000][1][safepoint    ] Entering safepoint region: Cleanup
[2021-12-31T03:31:54.315+0000][1][safepoint    ] Leaving safepoint region
[2021-12-31T03:31:54.315+0000][1][safepoint    ] Total time for which application threads were stopped: 0.0002316 seconds, Stopping threads took: 0.0001022 seconds
[2021-12-31T03:31:55.317+0000][1][safepoint    ] Application time: 1.0014483 seconds
[2021-12-31T03:31:55.317+0000][1][safepoint    ] Entering safepoint region: Cleanup
[2021-12-31T03:31:55.317+0000][1][safepoint    ] Leaving safepoint region
[2021-12-31T03:31:55.317+0000][1][safepoint    ] Total time for which application threads were stopped: 0.0002523 seconds, Stopping threads took: 0.0001105 seconds
[2021-12-31T03:31:56.320+0000][1][safepoint    ] Application time: 1.0024788 seconds
[2021-12-31T03:31:56.320+0000][1][safepoint    ] Entering safepoint region: Cleanup
[2021-12-31T03:31:56.320+0000][1][safepoint    ] Leaving safepoint region
[2021-12-31T03:31:56.320+0000][1][safepoint    ] Total time for which application threads were stopped: 0.0003238 seconds, Stopping threads took: 0.0001476 seconds
[2021-12-31T03:31:57.324+0000][1][safepoint    ] Application time: 1.0032514 seconds
[2021-12-31T03:31:57.324+0000][1][safepoint    ] Entering safepoint region: Cleanup
[2021-12-31T03:31:57.324+0000][1][safepoint    ] Leaving safepoint region
[2021-12-31T03:31:57.324+0000][1][safepoint    ] Total time for which application threads were stopped: 0.0003587 seconds, Stopping threads took: 0.0001161 seconds
[2021-12-31T03:31:58.325+0000][1][safepoint    ] Application time: 1.0008861 seconds
[2021-12-31T03:31:58.326+0000][1][safepoint    ] Entering safepoint region: Cleanup
[2021-12-31T03:31:58.326+0000][1][safepoint    ] Leaving safepoint region
[2021-12-31T03:31:58.327+0000][1][safepoint    ] Total time for which application threads were stopped: 0.0006534 seconds, Stopping threads took: 0.0002870 seconds
[2021-12-31T03:31:59.328+0000][1][safepoint    ] Application time: 1.0011046 seconds
[2021-12-31T03:31:59.328+0000][1][safepoint    ] Entering safepoint region: Cleanup
[2021-12-31T03:31:59.329+0000][1][safepoint    ] Leaving safepoint region
[2021-12-31T03:31:59.329+0000][1][safepoint    ] Total time for which application threads were stopped: 0.0006450 seconds, Stopping threads took: 0.0002787 seconds
[2021-12-31T03:32:00.333+0000][1][safepoint    ] Application time: 1.0035966 seconds
[2021-12-31T03:32:00.333+0000][1][safepoint    ] Entering safepoint region: Cleanup
[2021-12-31T03:32:00.334+0000][1][safepoint    ] Leaving safepoint region
[2021-12-31T03:32:00.334+0000][1][safepoint    ] Total time for which application threads were stopped: 0.0005587 seconds, Stopping threads took: 0.0002774 seconds
[2021-12-31T03:32:01.335+0000][1][safepoint    ] Application time: 1.0012703 seconds
[2021-12-31T03:32:01.336+0000][1][safepoint    ] Entering safepoint region: Cleanup
[2021-12-31T03:32:01.336+0000][1][safepoint    ] Leaving safepoint region
[2021-12-31T03:32:01.337+0000][1][safepoint    ] Total time for which application threads were stopped: 0.0007985 seconds, Stopping threads took: 0.0004408 seconds
[2021-12-31T03:32:02.341+0000][1][safepoint    ] Application time: 1.0043879 seconds
[2021-12-31T03:32:02.342+0000][1][safepoint    ] Entering safepoint region: Cleanup
[2021-12-31T03:32:02.342+0000][1][safepoint    ] Leaving safepoint region
[2021-12-31T03:32:02.342+0000][1][safepoint    ] Total time for which application threads were stopped: 0.0003816 seconds, Stopping threads took: 0.0002229 seconds
[2021-12-31T03:32:03.344+0000][1][safepoint    ] Application time: 1.0018974 seconds
[2021-12-31T03:32:03.344+0000][1][safepoint    ] Entering safepoint region: Cleanup
[2021-12-31T03:32:03.344+0000][1][safepoint    ] Leaving safepoint region
[2021-12-31T03:32:03.344+0000][1][safepoint    ] Total time for which application threads were stopped: 0.0002574 seconds, Stopping threads took: 0.0001090 seconds
[2021-12-31T03:32:04.346+0000][1][safepoint    ] Application time: 1.0019213 seconds
[2021-12-31T03:32:04.347+0000][1][safepoint    ] Entering safepoint region: Cleanup
[2021-12-31T03:32:04.347+0000][1][safepoint    ] Leaving safepoint region
[2021-12-31T03:32:04.347+0000][1][safepoint    ] Total time for which application threads were stopped: 0.0002236 seconds, Stopping threads took: 0.0001052 seconds
[2021-12-31T03:32:05.350+0000][1][safepoint    ] Application time: 1.0031319 seconds
[2021-12-31T03:32:05.350+0000][1][safepoint    ] Entering safepoint region: Cleanup
[2021-12-31T03:32:05.351+0000][1][safepoint    ] Leaving safepoint region
[2021-12-31T03:32:05.351+0000][1][safepoint    ] Total time for which application threads were stopped: 0.0002830 seconds, Stopping threads took: 0.0001236 seconds
[2021-12-31T03:32:06.842+0000][1][safepoint    ] Application time: 1.4907835 seconds
[2021-12-31T03:32:06.842+0000][1][safepoint    ] Entering safepoint region: Cleanup
[2021-12-31T03:32:06.842+0000][1][safepoint    ] Leaving safepoint region
[2021-12-31T03:32:06.842+0000][1][safepoint    ] Total time for which application threads were stopped: 0.0002318 seconds, Stopping threads took: 0.0001002 seconds
[2021-12-31T03:32:07.846+0000][1][safepoint    ] Application time: 1.0039694 seconds
[2021-12-31T03:32:07.846+0000][1][safepoint    ] Entering safepoint region: Cleanup
[2021-12-31T03:32:07.846+0000][1][safepoint    ] Leaving safepoint region
[2021-12-31T03:32:07.846+0000][1][safepoint    ] Total time for which application threads were stopped: 0.0002181 seconds, Stopping threads took: 0.0000929 seconds
[2021-12-31T03:32:08.847+0000][1][safepoint    ] Application time: 1.0002844 seconds
[2021-12-31T03:32:08.847+0000][1][safepoint    ] Entering safepoint region: Cleanup
[2021-12-31T03:32:08.847+0000][1][safepoint    ] Leaving safepoint region
[2021-12-31T03:32:08.847+0000][1][safepoint    ] Total time for which application threads were stopped: 0.0004283 seconds, Stopping threads took: 0.0001927 seconds
[2021-12-31T03:32:09.849+0000][1][safepoint    ] Application time: 1.0016381 seconds
[2021-12-31T03:32:09.850+0000][1][safepoint    ] Entering safepoint region: Cleanup
[2021-12-31T03:32:09.850+0000][1][safepoint    ] Leaving safepoint region
[2021-12-31T03:32:09.850+0000][1][safepoint    ] Total time for which application threads were stopped: 0.0004927 seconds, Stopping threads took: 0.0002151 seconds
[2021-12-31T03:32:10.851+0000][1][safepoint    ] Application time: 1.0006524 seconds
[2021-12-31T03:32:10.851+0000][1][safepoint    ] Entering safepoint region: Cleanup
[2021-12-31T03:32:10.852+0000][1][safepoint    ] Leaving safepoint region
[2021-12-31T03:32:10.852+0000][1][safepoint    ] Total time for which application threads were stopped: 0.0002552 seconds, Stopping threads took: 0.0001152 seconds
[2021-12-31T03:32:11.855+0000][1][safepoint    ] Application time: 1.0033395 seconds
[2021-12-31T03:32:11.856+0000][1][safepoint    ] Entering safepoint region: Cleanup
[2021-12-31T03:32:11.856+0000][1][safepoint    ] Leaving safepoint region
[2021-12-31T03:32:11.856+0000][1][safepoint    ] Total time for which application threads were stopped: 0.0005626 seconds, Stopping threads took: 0.0002642 seconds
[2021-12-31T03:32:12.856+0000][1][safepoint    ] Application time: 1.0001268 seconds
[2021-12-31T03:32:12.857+0000][1][safepoint    ] Entering safepoint region: Cleanup
[2021-12-31T03:32:12.857+0000][1][safepoint    ] Leaving safepoint region
[2021-12-31T03:32:12.857+0000][1][safepoint    ] Total time for which application threads were stopped: 0.0004874 seconds, Stopping threads took: 0.0002209 seconds
[2021-12-31T03:32:13.860+0000][1][safepoint    ] Application time: 1.0026811 seconds
[2021-12-31T03:32:13.861+0000][1][safepoint    ] Entering safepoint region: Cleanup
[2021-12-31T03:32:13.861+0000][1][safepoint    ] Leaving safepoint region
[2021-12-31T03:32:13.861+0000][1][safepoint    ] Total time for which application threads were stopped: 0.0008047 seconds, Stopping threads took: 0.0004283 seconds
[2021-12-31T03:32:14.863+0000][1][safepoint    ] Application time: 1.0015326 seconds
[2021-12-31T03:32:14.864+0000][1][safepoint    ] Entering safepoint region: Cleanup
[2021-12-31T03:32:14.864+0000][1][safepoint    ] Leaving safepoint region
[2021-12-31T03:32:14.864+0000][1][safepoint    ] Total time for which application threads were stopped: 0.0004128 seconds, Stopping threads took: 0.0002233 seconds
[2021-12-31T03:32:15.866+0000][1][safepoint    ] Application time: 1.0021686 seconds
[2021-12-31T03:32:15.867+0000][1][safepoint    ] Entering safepoint region: Cleanup
[2021-12-31T03:32:15.867+0000][1][safepoint    ] Leaving safepoint region
[2021-12-31T03:32:15.867+0000][1][safepoint    ] Total time for which application threads were stopped: 0.0006065 seconds, Stopping threads took: 0.0002811 seconds
[2021-12-31T03:32:16.870+0000][1][safepoint    ] Application time: 1.0024963 seconds
[2021-12-31T03:32:16.870+0000][1][safepoint    ] Entering safepoint region: Cleanup
[2021-12-31T03:32:16.870+0000][1][safepoint    ] Leaving safepoint region
[2021-12-31T03:32:16.871+0000][1][safepoint    ] Total time for which application threads were stopped: 0.0003966 seconds, Stopping threads took: 0.0001489 seconds
[2021-12-31T03:32:17.883+0000][1][safepoint    ] Application time: 1.0128211 seconds
[2021-12-31T03:32:17.884+0000][1][safepoint    ] Entering safepoint region: Cleanup
[2021-12-31T03:32:17.884+0000][1][safepoint    ] Leaving safepoint region
[2021-12-31T03:32:17.884+0000][1][safepoint    ] Total time for which application threads were stopped: 0.0003840 seconds, Stopping threads took: 0.0001650 seconds
[2021-12-31T03:32:18.247+0000][1][safepoint    ] Application time: 0.3623942 seconds
[2021-12-31T03:32:18.248+0000][1][safepoint    ] Entering safepoint region: RevokeBias
[2021-12-31T03:32:18.248+0000][1][safepoint    ] Leaving safepoint region
[2021-12-31T03:32:18.248+0000][1][safepoint    ] Total time for which application threads were stopped: 0.0005014 seconds, Stopping threads took: 0.0002096 seconds
[2021-12-31T03:32:19.249+0000][1][safepoint    ] Application time: 1.0008028 seconds
[2021-12-31T03:32:19.249+0000][1][safepoint    ] Entering safepoint region: Cleanup
[2021-12-31T03:32:19.250+0000][1][safepoint    ] Leaving safepoint region
[2021-12-31T03:32:19.250+0000][1][safepoint    ] Total time for which application threads were stopped: 0.0002151 seconds, Stopping threads took: 0.0000918 seconds
[2021-12-31T03:32:20.253+0000][1][safepoint    ] Application time: 1.0036983 seconds
[2021-12-31T03:32:20.254+0000][1][safepoint    ] Entering safepoint region: Cleanup
[2021-12-31T03:32:20.254+0000][1][safepoint    ] Leaving safepoint region
[2021-12-31T03:32:20.254+0000][1][safepoint    ] Total time for which application threads were stopped: 0.0002007 seconds, Stopping threads took: 0.0000868 seconds
[2021-12-31T03:32:21.256+0000][1][safepoint    ] Application time: 1.0018765 seconds
[2021-12-31T03:32:21.256+0000][1][safepoint    ] Entering safepoint region: Cleanup
[2021-12-31T03:32:21.257+0000][1][safepoint    ] Leaving safepoint region
[2021-12-31T03:32:21.257+0000][1][safepoint    ] Total time for which application threads were stopped: 0.0002267 seconds, Stopping threads took: 0.0000974 seconds
[2021-12-31T03:32:22.261+0000][1][safepoint    ] Application time: 1.0040726 seconds
[2021-12-31T03:32:22.261+0000][1][safepoint    ] Entering safepoint region: Cleanup
[2021-12-31T03:32:22.261+0000][1][safepoint    ] Leaving safepoint region
[2021-12-31T03:32:22.261+0000][1][safepoint    ] Total time for which application threads were stopped: 0.0002235 seconds, Stopping threads took: 0.0000967 seconds
[2021-12-31T03:32:23.264+0000][1][safepoint    ] Application time: 1.0023879 seconds
[2021-12-31T03:32:23.264+0000][1][safepoint    ] Entering safepoint region: Cleanup
[2021-12-31T03:32:23.264+0000][1][safepoint    ] Leaving safepoint region
[2021-12-31T03:32:23.264+0000][1][safepoint    ] Total time for which application threads were stopped: 0.0002205 seconds, Stopping threads took: 0.0000957 seconds
[2021-12-31T03:32:24.265+0000][1][safepoint    ] Application time: 1.0005864 seconds
[2021-12-31T03:32:24.265+0000][1][safepoint    ] Entering safepoint region: Cleanup
[2021-12-31T03:32:24.265+0000][1][safepoint    ] Leaving safepoint region
[2021-12-31T03:32:24.266+0000][1][safepoint    ] Total time for which application threads were stopped: 0.0004296 seconds, Stopping threads took: 0.0001907 seconds
[2021-12-31T03:32:25.266+0000][1][safepoint    ] Application time: 1.0005392 seconds
[2021-12-31T03:32:25.267+0000][1][safepoint    ] Entering safepoint region: Cleanup
[2021-12-31T03:32:25.267+0000][1][safepoint    ] Leaving safepoint region
[2021-12-31T03:32:25.267+0000][1][safepoint    ] Total time for which application threads were stopped: 0.0002241 seconds, Stopping threads took: 0.0001071 seconds
[2021-12-31T03:32:26.876+0000][1][safepoint    ] Application time: 1.6091136 seconds
[2021-12-31T03:32:26.876+0000][1][safepoint    ] Entering safepoint region: Cleanup
[2021-12-31T03:32:26.877+0000][1][safepoint    ] Leaving safepoint region
[2021-12-31T03:32:26.877+0000][1][safepoint    ] Total time for which application threads were stopped: 0.0002700 seconds, Stopping threads took: 0.0001273 seconds
[2021-12-31T03:32:27.880+0000][1][safepoint    ] Application time: 1.0032081 seconds
[2021-12-31T03:32:27.880+0000][1][safepoint    ] Entering safepoint region: Cleanup
[2021-12-31T03:32:27.880+0000][1][safepoint    ] Leaving safepoint region
[2021-12-31T03:32:27.880+0000][1][safepoint    ] Total time for which application threads were stopped: 0.0002604 seconds, Stopping threads took: 0.0001316 seconds
[2021-12-31T03:32:28.884+0000][1][safepoint    ] Application time: 1.0030938 seconds
[2021-12-31T03:32:28.884+0000][1][safepoint    ] Entering safepoint region: Cleanup
[2021-12-31T03:32:28.884+0000][1][safepoint    ] Leaving safepoint region
[2021-12-31T03:32:28.884+0000][1][safepoint    ] Total time for which application threads were stopped: 0.0002226 seconds, Stopping threads took: 0.0000970 seconds
[2021-12-31T03:32:29.887+0000][1][safepoint    ] Application time: 1.0027867 seconds
[2021-12-31T03:32:29.887+0000][1][safepoint    ] Entering safepoint region: Cleanup
[2021-12-31T03:32:29.887+0000][1][safepoint    ] Leaving safepoint region
[2021-12-31T03:32:29.887+0000][1][safepoint    ] Total time for which application threads were stopped: 0.0002215 seconds, Stopping threads took: 0.0000951 seconds
[2021-12-31T03:32:30.890+0000][1][safepoint    ] Application time: 1.0027580 seconds
[2021-12-31T03:32:30.891+0000][1][safepoint    ] Entering safepoint region: Cleanup
[2021-12-31T03:32:30.891+0000][1][safepoint    ] Leaving safepoint region
[2021-12-31T03:32:30.891+0000][1][safepoint    ] Total time for which application threads were stopped: 0.0007286 seconds, Stopping threads took: 0.0003947 seconds
[2021-12-31T03:32:31.896+0000][1][safepoint    ] Application time: 1.0038811 seconds
[2021-12-31T03:32:31.896+0000][1][safepoint    ] Entering safepoint region: Cleanup
[2021-12-31T03:32:31.896+0000][1][safepoint    ] Leaving safepoint region
[2021-12-31T03:32:31.896+0000][1][safepoint    ] Total time for which application threads were stopped: 0.0002164 seconds, Stopping threads took: 0.0000917 seconds
[2021-12-31T03:32:32.899+0000][1][safepoint    ] Application time: 1.0026759 seconds
[2021-12-31T03:32:32.899+0000][1][safepoint    ] Entering safepoint region: Cleanup
[2021-12-31T03:32:32.899+0000][1][safepoint    ] Leaving safepoint region
[2021-12-31T03:32:32.899+0000][1][safepoint    ] Total time for which application threads were stopped: 0.0002963 seconds, Stopping threads took: 0.0001401 seconds
[2021-12-31T03:32:33.900+0000][1][safepoint    ] Application time: 1.0006731 seconds
[2021-12-31T03:32:33.900+0000][1][safepoint    ] Entering safepoint region: Cleanup
[2021-12-31T03:32:33.901+0000][1][safepoint    ] Leaving safepoint region
[2021-12-31T03:32:33.901+0000][1][safepoint    ] Total time for which application threads were stopped: 0.0003432 seconds, Stopping threads took: 0.0001555 seconds
[2021-12-31T03:32:34.903+0000][1][safepoint    ] Application time: 1.0025722 seconds
[2021-12-31T03:32:34.904+0000][1][safepoint    ] Entering safepoint region: Cleanup
[2021-12-31T03:32:34.904+0000][1][safepoint    ] Leaving safepoint region
[2021-12-31T03:32:34.904+0000][1][safepoint    ] Total time for which application threads were stopped: 0.0002272 seconds, Stopping threads took: 0.0000975 seconds
[2021-12-31T03:32:35.905+0000][1][safepoint    ] Application time: 1.0010791 seconds
[2021-12-31T03:32:35.905+0000][1][safepoint    ] Entering safepoint region: Cleanup
[2021-12-31T03:32:35.905+0000][1][safepoint    ] Leaving safepoint region
[2021-12-31T03:32:35.906+0000][1][safepoint    ] Total time for which application threads were stopped: 0.0002518 seconds, Stopping threads took: 0.0001183 seconds
[2021-12-31T03:32:36.909+0000][1][safepoint    ] Application time: 1.0030042 seconds
[2021-12-31T03:32:36.909+0000][1][safepoint    ] Entering safepoint region: Cleanup
[2021-12-31T03:32:36.909+0000][1][safepoint    ] Leaving safepoint region
[2021-12-31T03:32:36.909+0000][1][safepoint    ] Total time for which application threads were stopped: 0.0002387 seconds, Stopping threads took: 0.0001006 seconds
[2021-12-31T03:32:37.910+0000][1][safepoint    ] Application time: 1.0007903 seconds
[2021-12-31T03:32:37.910+0000][1][safepoint    ] Entering safepoint region: Cleanup
[2021-12-31T03:32:37.910+0000][1][safepoint    ] Leaving safepoint region
[2021-12-31T03:32:37.910+0000][1][safepoint    ] Total time for which application threads were stopped: 0.0002527 seconds, Stopping threads took: 0.0001102 seconds
[2021-12-31T03:32:38.914+0000][1][safepoint    ] Application time: 1.0031456 seconds
[2021-12-31T03:32:38.914+0000][1][safepoint    ] Entering safepoint region: Cleanup
[2021-12-31T03:32:38.914+0000][1][safepoint    ] Leaving safepoint region
[2021-12-31T03:32:38.914+0000][1][safepoint    ] Total time for which application threads were stopped: 0.0004614 seconds, Stopping threads took: 0.0001984 seconds
[2021-12-31T03:32:39.916+0000][1][safepoint    ] Application time: 1.0015591 seconds
[2021-12-31T03:32:39.916+0000][1][safepoint    ] Entering safepoint region: Cleanup
[2021-12-31T03:32:39.917+0000][1][safepoint    ] Leaving safepoint region
[2021-12-31T03:32:39.917+0000][1][safepoint    ] Total time for which application threads were stopped: 0.0004477 seconds, Stopping threads took: 0.0002343 seconds
[2021-12-31T03:32:40.919+0000][1][safepoint    ] Application time: 1.0018546 seconds
[2021-12-31T03:32:40.919+0000][1][safepoint    ] Entering safepoint region: Cleanup
[2021-12-31T03:32:40.921+0000][1][safepoint    ] Leaving safepoint region
[2021-12-31T03:32:40.921+0000][1][safepoint    ] Total time for which application threads were stopped: 0.0018345 seconds, Stopping threads took: 0.0013110 seconds
[2021-12-31T03:32:41.923+0000][1][safepoint    ] Application time: 1.0011887 seconds
[2021-12-31T03:32:41.923+0000][1][safepoint    ] Entering safepoint region: Cleanup
[2021-12-31T03:32:41.923+0000][1][safepoint    ] Leaving safepoint region
[2021-12-31T03:32:41.923+0000][1][safepoint    ] Total time for which application threads were stopped: 0.0002260 seconds, Stopping threads took: 0.0000948 seconds
[2021-12-31T03:32:42.926+0000][1][safepoint    ] Application time: 1.0033435 seconds
[2021-12-31T03:32:42.927+0000][1][safepoint    ] Entering safepoint region: Cleanup
[2021-12-31T03:32:42.927+0000][1][safepoint    ] Leaving safepoint region
[2021-12-31T03:32:42.927+0000][1][safepoint    ] Total time for which application threads were stopped: 0.0006888 seconds, Stopping threads took: 0.0003307 seconds
[2021-12-31T03:32:43.932+0000][1][safepoint    ] Application time: 1.0041585 seconds
[2021-12-31T03:32:43.933+0000][1][safepoint    ] Entering safepoint region: Cleanup
[2021-12-31T03:32:43.933+0000][1][safepoint    ] Leaving safepoint region
[2021-12-31T03:32:43.933+0000][1][safepoint    ] Total time for which application threads were stopped: 0.0005698 seconds, Stopping threads took: 0.0002789 seconds
[2021-12-31T03:32:44.936+0000][1][safepoint    ] Application time: 1.0028091 seconds
[2021-12-31T03:32:44.937+0000][1][safepoint    ] Entering safepoint region: Cleanup
[2021-12-31T03:32:44.937+0000][1][safepoint    ] Leaving safepoint region
[2021-12-31T03:32:44.937+0000][1][safepoint    ] Total time for which application threads were stopped: 0.0002232 seconds, Stopping threads took: 0.0000970 seconds
[2021-12-31T03:32:45.938+0000][1][safepoint    ] Application time: 1.0006145 seconds
[2021-12-31T03:32:45.938+0000][1][safepoint    ] Entering safepoint region: Cleanup
[2021-12-31T03:32:45.938+0000][1][safepoint    ] Leaving safepoint region
[2021-12-31T03:32:45.938+0000][1][safepoint    ] Total time for which application threads were stopped: 0.0002483 seconds, Stopping threads took: 0.0001091 seconds
[2021-12-31T03:32:46.942+0000][1][safepoint    ] Application time: 1.0035124 seconds
[2021-12-31T03:32:46.942+0000][1][safepoint    ] Entering safepoint region: Cleanup
[2021-12-31T03:32:46.942+0000][1][safepoint    ] Leaving safepoint region
[2021-12-31T03:32:46.942+0000][1][safepoint    ] Total time for which application threads were stopped: 0.0002481 seconds, Stopping threads took: 0.0001098 seconds
[2021-12-31T03:32:47.944+0000][1][safepoint    ] Application time: 1.0015505 seconds
[2021-12-31T03:32:47.944+0000][1][safepoint    ] Entering safepoint region: Cleanup
[2021-12-31T03:32:47.944+0000][1][safepoint    ] Leaving safepoint region
[2021-12-31T03:32:47.944+0000][1][safepoint    ] Total time for which application threads were stopped: 0.0002340 seconds, Stopping threads took: 0.0001051 seconds
[2021-12-31T03:32:48.945+0000][1][safepoint    ] Application time: 1.0005639 seconds
[2021-12-31T03:32:48.945+0000][1][safepoint    ] Entering safepoint region: Cleanup
[2021-12-31T03:32:48.945+0000][1][safepoint    ] Leaving safepoint region
[2021-12-31T03:32:48.946+0000][1][safepoint    ] Total time for which application threads were stopped: 0.0004813 seconds, Stopping threads took: 0.0001790 seconds
[2021-12-31T03:32:49.949+0000][1][safepoint    ] Application time: 1.0031096 seconds
[2021-12-31T03:32:49.949+0000][1][safepoint    ] Entering safepoint region: Cleanup
[2021-12-31T03:32:49.949+0000][1][safepoint    ] Leaving safepoint region
[2021-12-31T03:32:49.950+0000][1][safepoint    ] Total time for which application threads were stopped: 0.0004800 seconds, Stopping threads took: 0.0002171 seconds
[2021-12-31T03:32:50.953+0000][1][safepoint    ] Application time: 1.0034245 seconds
[2021-12-31T03:32:50.954+0000][1][safepoint    ] Entering safepoint region: Cleanup
[2021-12-31T03:32:50.954+0000][1][safepoint    ] Leaving safepoint region
[2021-12-31T03:32:50.954+0000][1][safepoint    ] Total time for which application threads were stopped: 0.0006142 seconds, Stopping threads took: 0.0002762 seconds
[2021-12-31T03:32:51.958+0000][1][safepoint    ] Application time: 1.0032115 seconds
[2021-12-31T03:32:51.958+0000][1][safepoint    ] Entering safepoint region: Cleanup
[2021-12-31T03:32:51.958+0000][1][safepoint    ] Leaving safepoint region
[2021-12-31T03:32:51.958+0000][1][safepoint    ] Total time for which application threads were stopped: 0.0004600 seconds, Stopping threads took: 0.0002159 seconds
[2021-12-31T03:32:52.962+0000][1][safepoint    ] Application time: 1.0034988 seconds
[2021-12-31T03:32:52.963+0000][1][safepoint    ] Entering safepoint region: Cleanup
[2021-12-31T03:32:52.963+0000][1][safepoint    ] Leaving safepoint region
[2021-12-31T03:32:52.963+0000][1][safepoint    ] Total time for which application threads were stopped: 0.0005439 seconds, Stopping threads took: 0.0002228 seconds
[2021-12-31T03:32:53.965+0000][1][safepoint    ] Application time: 1.0016522 seconds
[2021-12-31T03:32:53.965+0000][1][safepoint    ] Entering safepoint region: Cleanup
[2021-12-31T03:32:53.965+0000][1][safepoint    ] Leaving safepoint region
[2021-12-31T03:32:53.965+0000][1][safepoint    ] Total time for which application threads were stopped: 0.0002516 seconds, Stopping threads took: 0.0001098 seconds
[2021-12-31T03:32:54.968+0000][1][safepoint    ] Application time: 1.0022682 seconds
[2021-12-31T03:32:54.968+0000][1][safepoint    ] Entering safepoint region: Cleanup
[2021-12-31T03:32:54.968+0000][1][safepoint    ] Leaving safepoint region
[2021-12-31T03:32:54.968+0000][1][safepoint    ] Total time for which application threads were stopped: 0.0002442 seconds, Stopping threads took: 0.0001049 seconds
[2021-12-31T03:32:55.969+0000][1][safepoint    ] Application time: 1.0005795 seconds
[2021-12-31T03:32:55.969+0000][1][safepoint    ] Entering safepoint region: Cleanup
[2021-12-31T03:32:55.969+0000][1][safepoint    ] Leaving safepoint region
[2021-12-31T03:32:55.969+0000][1][safepoint    ] Total time for which application threads were stopped: 0.0002319 seconds, Stopping threads took: 0.0001027 seconds
[2021-12-31T03:32:56.971+0000][1][safepoint    ] Application time: 1.0012504 seconds
[2021-12-31T03:32:56.971+0000][1][safepoint    ] Entering safepoint region: Cleanup
[2021-12-31T03:32:56.971+0000][1][safepoint    ] Leaving safepoint region
[2021-12-31T03:32:56.971+0000][1][safepoint    ] Total time for which application threads were stopped: 0.0002869 seconds, Stopping threads took: 0.0001293 seconds
[2021-12-31T03:32:57.974+0000][1][safepoint    ] Application time: 1.0031530 seconds
[2021-12-31T03:32:57.975+0000][1][safepoint    ] Entering safepoint region: Cleanup
[2021-12-31T03:32:57.975+0000][1][safepoint    ] Leaving safepoint region
[2021-12-31T03:32:57.975+0000][1][safepoint    ] Total time for which application threads were stopped: 0.0002250 seconds, Stopping threads took: 0.0000969 seconds
[2021-12-31T03:32:58.975+0000][1][safepoint    ] Application time: 1.0001624 seconds
[2021-12-31T03:32:58.975+0000][1][safepoint    ] Entering safepoint region: Cleanup
[2021-12-31T03:32:58.975+0000][1][safepoint    ] Leaving safepoint region
[2021-12-31T03:32:58.975+0000][1][safepoint    ] Total time for which application threads were stopped: 0.0002593 seconds, Stopping threads took: 0.0001034 seconds
[2021-12-31T03:32:59.976+0000][1][safepoint    ] Application time: 1.0004857 seconds
[2021-12-31T03:32:59.977+0000][1][safepoint    ] Entering safepoint region: Cleanup
[2021-12-31T03:32:59.977+0000][1][safepoint    ] Leaving safepoint region
[2021-12-31T03:32:59.977+0000][1][safepoint    ] Total time for which application threads were stopped: 0.0008589 seconds, Stopping threads took: 0.0003169 seconds
[2021-12-31T03:33:00.978+0000][1][safepoint    ] Application time: 1.0005680 seconds
[2021-12-31T03:33:00.979+0000][1][safepoint    ] Entering safepoint region: Cleanup
[2021-12-31T03:33:00.979+0000][1][safepoint    ] Leaving safepoint region
[2021-12-31T03:33:00.979+0000][1][safepoint    ] Total time for which application threads were stopped: 0.0002849 seconds, Stopping threads took: 0.0001369 seconds
[2021-12-31T03:33:01.979+0000][1][safepoint    ] Application time: 1.0004132 seconds
[2021-12-31T03:33:01.980+0000][1][safepoint    ] Entering safepoint region: Cleanup
[2021-12-31T03:33:01.980+0000][1][safepoint    ] Leaving safepoint region
[2021-12-31T03:33:01.980+0000][1][safepoint    ] Total time for which application threads were stopped: 0.0002346 seconds, Stopping threads took: 0.0001029 seconds
[2021-12-31T03:33:02.981+0000][1][safepoint    ] Application time: 1.0014540 seconds
[2021-12-31T03:33:02.981+0000][1][safepoint    ] Entering safepoint region: Cleanup
[2021-12-31T03:33:02.982+0000][1][safepoint    ] Leaving safepoint region
[2021-12-31T03:33:02.982+0000][1][safepoint    ] Total time for which application threads were stopped: 0.0002322 seconds, Stopping threads took: 0.0001027 seconds
[2021-12-31T03:33:03.984+0000][1][safepoint    ] Application time: 1.0020521 seconds
[2021-12-31T03:33:03.984+0000][1][safepoint    ] Entering safepoint region: Cleanup
[2021-12-31T03:33:03.984+0000][1][safepoint    ] Leaving safepoint region
[2021-12-31T03:33:03.984+0000][1][safepoint    ] Total time for which application threads were stopped: 0.0002186 seconds, Stopping threads took: 0.0000985 seconds
[2021-12-31T03:33:04.988+0000][1][safepoint    ] Application time: 1.0033788 seconds
[2021-12-31T03:33:04.988+0000][1][safepoint    ] Entering safepoint region: Cleanup
[2021-12-31T03:33:04.988+0000][1][safepoint    ] Leaving safepoint region
[2021-12-31T03:33:04.988+0000][1][safepoint    ] Total time for which application threads were stopped: 0.0002430 seconds, Stopping threads took: 0.0001074 seconds
[2021-12-31T03:33:05.991+0000][1][safepoint    ] Application time: 1.0030340 seconds
[2021-12-31T03:33:05.992+0000][1][safepoint    ] Entering safepoint region: Cleanup
[2021-12-31T03:33:05.992+0000][1][safepoint    ] Leaving safepoint region
[2021-12-31T03:33:05.992+0000][1][safepoint    ] Total time for which application threads were stopped: 0.0002251 seconds, Stopping threads took: 0.0001061 seconds
[2021-12-31T03:33:06.993+0000][1][safepoint    ] Application time: 1.0009716 seconds
[2021-12-31T03:33:06.993+0000][1][safepoint    ] Entering safepoint region: Cleanup
[2021-12-31T03:33:06.993+0000][1][safepoint    ] Leaving safepoint region
[2021-12-31T03:33:06.993+0000][1][safepoint    ] Total time for which application threads were stopped: 0.0003122 seconds, Stopping threads took: 0.0001226 seconds
[2021-12-31T03:33:07.994+0000][1][safepoint    ] Application time: 1.0009352 seconds
[2021-12-31T03:33:07.995+0000][1][safepoint    ] Entering safepoint region: Cleanup
[2021-12-31T03:33:07.995+0000][1][safepoint    ] Leaving safepoint region
[2021-12-31T03:33:07.995+0000][1][safepoint    ] Total time for which application threads were stopped: 0.0003816 seconds, Stopping threads took: 0.0001358 seconds
[2021-12-31T03:33:08.997+0000][1][safepoint    ] Application time: 1.0021778 seconds
[2021-12-31T03:33:08.998+0000][1][safepoint    ] Entering safepoint region: Cleanup
[2021-12-31T03:33:08.998+0000][1][safepoint    ] Leaving safepoint region
[2021-12-31T03:33:08.998+0000][1][safepoint    ] Total time for which application threads were stopped: 0.0002741 seconds, Stopping threads took: 0.0001174 seconds
[2021-12-31T03:33:09.999+0000][1][safepoint    ] Application time: 1.0013014 seconds
[2021-12-31T03:33:10.000+0000][1][safepoint    ] Entering safepoint region: Cleanup
[2021-12-31T03:33:10.000+0000][1][safepoint    ] Leaving safepoint region
[2021-12-31T03:33:10.000+0000][1][safepoint    ] Total time for which application threads were stopped: 0.0002441 seconds, Stopping threads took: 0.0001062 seconds
[2021-12-31T03:33:11.003+0000][1][safepoint    ] Application time: 1.0029170 seconds
[2021-12-31T03:33:11.003+0000][1][safepoint    ] Entering safepoint region: Cleanup
[2021-12-31T03:33:11.004+0000][1][safepoint    ] Leaving safepoint region
[2021-12-31T03:33:11.004+0000][1][safepoint    ] Total time for which application threads were stopped: 0.0007193 seconds, Stopping threads took: 0.0004576 seconds
[2021-12-31T03:33:12.006+0000][1][safepoint    ] Application time: 1.0024242 seconds
[2021-12-31T03:33:12.006+0000][1][safepoint    ] Entering safepoint region: Cleanup
[2021-12-31T03:33:12.007+0000][1][safepoint    ] Leaving safepoint region
[2021-12-31T03:33:12.007+0000][1][safepoint    ] Total time for which application threads were stopped: 0.0002606 seconds, Stopping threads took: 0.0001152 seconds
[2021-12-31T03:33:13.010+0000][1][safepoint    ] Application time: 1.0032045 seconds
[2021-12-31T03:33:13.010+0000][1][safepoint    ] Entering safepoint region: Cleanup
[2021-12-31T03:33:13.010+0000][1][safepoint    ] Leaving safepoint region
[2021-12-31T03:33:13.010+0000][1][safepoint    ] Total time for which application threads were stopped: 0.0002422 seconds, Stopping threads took: 0.0001051 seconds
[2021-12-31T03:33:14.013+0000][1][safepoint    ] Application time: 1.0026985 seconds
[2021-12-31T03:33:14.014+0000][1][safepoint    ] Entering safepoint region: Cleanup
[2021-12-31T03:33:14.014+0000][1][safepoint    ] Leaving safepoint region
[2021-12-31T03:33:14.014+0000][1][safepoint    ] Total time for which application threads were stopped: 0.0004788 seconds, Stopping threads took: 0.0002141 seconds
[2021-12-31T03:33:15.016+0000][1][safepoint    ] Application time: 1.0012606 seconds
[2021-12-31T03:33:15.016+0000][1][safepoint    ] Entering safepoint region: Cleanup
[2021-12-31T03:33:15.016+0000][1][safepoint    ] Leaving safepoint region
[2021-12-31T03:33:15.016+0000][1][safepoint    ] Total time for which application threads were stopped: 0.0002565 seconds, Stopping threads took: 0.0001154 seconds
[2021-12-31T03:33:16.019+0000][1][safepoint    ] Application time: 1.0029861 seconds
[2021-12-31T03:33:16.019+0000][1][safepoint    ] Entering safepoint region: Cleanup
[2021-12-31T03:33:16.019+0000][1][safepoint    ] Leaving safepoint region
[2021-12-31T03:33:16.020+0000][1][safepoint    ] Total time for which application threads were stopped: 0.0002149 seconds, Stopping threads took: 0.0000895 seconds
[2021-12-31T03:33:17.023+0000][1][safepoint    ] Application time: 1.0033866 seconds
[2021-12-31T03:33:17.023+0000][1][safepoint    ] Entering safepoint region: Cleanup
[2021-12-31T03:33:17.024+0000][1][safepoint    ] Leaving safepoint region
[2021-12-31T03:33:17.024+0000][1][safepoint    ] Total time for which application threads were stopped: 0.0005335 seconds, Stopping threads took: 0.0002286 seconds
[2021-12-31T03:33:18.027+0000][1][safepoint    ] Application time: 1.0031014 seconds
[2021-12-31T03:33:18.027+0000][1][safepoint    ] Entering safepoint region: Cleanup
[2021-12-31T03:33:18.028+0000][1][safepoint    ] Leaving safepoint region
[2021-12-31T03:33:18.028+0000][1][safepoint    ] Total time for which application threads were stopped: 0.0002848 seconds, Stopping threads took: 0.0001157 seconds
[2021-12-31T03:33:18.260+0000][1][safepoint    ] Application time: 0.2318201 seconds
[2021-12-31T03:33:18.261+0000][1][safepoint    ] Entering safepoint region: RevokeBias
[2021-12-31T03:33:18.261+0000][1][safepoint    ] Leaving safepoint region
[2021-12-31T03:33:18.261+0000][1][safepoint    ] Total time for which application threads were stopped: 0.0005060 seconds, Stopping threads took: 0.0002208 seconds
[2021-12-31T03:33:19.263+0000][1][safepoint    ] Application time: 1.0019674 seconds
[2021-12-31T03:33:19.263+0000][1][safepoint    ] Entering safepoint region: Cleanup
[2021-12-31T03:33:19.264+0000][1][safepoint    ] Leaving safepoint region
[2021-12-31T03:33:19.264+0000][1][safepoint    ] Total time for which application threads were stopped: 0.0002157 seconds, Stopping threads took: 0.0000950 seconds
[2021-12-31T03:33:20.267+0000][1][safepoint    ] Application time: 1.0032236 seconds
[2021-12-31T03:33:20.267+0000][1][safepoint    ] Entering safepoint region: Cleanup
[2021-12-31T03:33:20.268+0000][1][safepoint    ] Leaving safepoint region
[2021-12-31T03:33:20.268+0000][1][safepoint    ] Total time for which application threads were stopped: 0.0004775 seconds, Stopping threads took: 0.0002106 seconds
[2021-12-31T03:33:21.270+0000][1][safepoint    ] Application time: 1.0019900 seconds
[2021-12-31T03:33:21.270+0000][1][safepoint    ] Entering safepoint region: Cleanup
[2021-12-31T03:33:21.270+0000][1][safepoint    ] Leaving safepoint region
[2021-12-31T03:33:21.270+0000][1][safepoint    ] Total time for which application threads were stopped: 0.0002522 seconds, Stopping threads took: 0.0001115 seconds
[2021-12-31T03:33:22.271+0000][1][safepoint    ] Application time: 1.0004243 seconds
[2021-12-31T03:33:22.271+0000][1][safepoint    ] Entering safepoint region: Cleanup
[2021-12-31T03:33:22.271+0000][1][safepoint    ] Leaving safepoint region
[2021-12-31T03:33:22.271+0000][1][safepoint    ] Total time for which application threads were stopped: 0.0001989 seconds, Stopping threads took: 0.0000870 seconds
[2021-12-31T03:33:23.274+0000][1][safepoint    ] Application time: 1.0027859 seconds
[2021-12-31T03:33:23.275+0000][1][safepoint    ] Entering safepoint region: Cleanup
[2021-12-31T03:33:23.275+0000][1][safepoint    ] Leaving safepoint region
[2021-12-31T03:33:23.275+0000][1][safepoint    ] Total time for which application threads were stopped: 0.0005491 seconds, Stopping threads took: 0.0002479 seconds
[2021-12-31T03:33:24.277+0000][1][safepoint    ] Application time: 1.0019952 seconds
[2021-12-31T03:33:24.278+0000][1][safepoint    ] Entering safepoint region: Cleanup
[2021-12-31T03:33:24.278+0000][1][safepoint    ] Leaving safepoint region
[2021-12-31T03:33:24.278+0000][1][safepoint    ] Total time for which application threads were stopped: 0.0002506 seconds, Stopping threads took: 0.0001106 seconds
[2021-12-31T03:33:25.281+0000][1][safepoint    ] Application time: 1.0025676 seconds
[2021-12-31T03:33:25.281+0000][1][safepoint    ] Entering safepoint region: Cleanup
[2021-12-31T03:33:25.281+0000][1][safepoint    ] Leaving safepoint region
[2021-12-31T03:33:25.281+0000][1][safepoint    ] Total time for which application threads were stopped: 0.0002129 seconds, Stopping threads took: 0.0000939 seconds
[2021-12-31T03:33:26.281+0000][1][safepoint    ] Application time: 1.0003178 seconds
[2021-12-31T03:33:26.282+0000][1][safepoint    ] Entering safepoint region: Cleanup
[2021-12-31T03:33:26.282+0000][1][safepoint    ] Leaving safepoint region
[2021-12-31T03:33:26.282+0000][1][safepoint    ] Total time for which application threads were stopped: 0.0002378 seconds, Stopping threads took: 0.0001026 seconds
[2021-12-31T03:33:27.285+0000][1][safepoint    ] Application time: 1.0027047 seconds
[2021-12-31T03:33:27.285+0000][1][safepoint    ] Entering safepoint region: Cleanup
[2021-12-31T03:33:27.285+0000][1][safepoint    ] Leaving safepoint region
[2021-12-31T03:33:27.285+0000][1][safepoint    ] Total time for which application threads were stopped: 0.0002455 seconds, Stopping threads took: 0.0001068 seconds
[2021-12-31T03:33:28.288+0000][1][safepoint    ] Application time: 1.0028699 seconds
[2021-12-31T03:33:28.288+0000][1][safepoint    ] Entering safepoint region: Cleanup
[2021-12-31T03:33:28.288+0000][1][safepoint    ] Leaving safepoint region
[2021-12-31T03:33:28.289+0000][1][safepoint    ] Total time for which application threads were stopped: 0.0002917 seconds, Stopping threads took: 0.0001236 seconds
[2021-12-31T03:33:29.292+0000][1][safepoint    ] Application time: 1.0034815 seconds
[2021-12-31T03:33:29.292+0000][1][safepoint    ] Entering safepoint region: Cleanup
[2021-12-31T03:33:29.292+0000][1][safepoint    ] Leaving safepoint region
[2021-12-31T03:33:29.293+0000][1][safepoint    ] Total time for which application threads were stopped: 0.0002335 seconds, Stopping threads took: 0.0001041 seconds
[2021-12-31T03:33:30.294+0000][1][safepoint    ] Application time: 1.0009091 seconds
[2021-12-31T03:33:30.294+0000][1][safepoint    ] Entering safepoint region: Cleanup
[2021-12-31T03:33:30.294+0000][1][safepoint    ] Leaving safepoint region
[2021-12-31T03:33:30.294+0000][1][safepoint    ] Total time for which application threads were stopped: 0.0002384 seconds, Stopping threads took: 0.0000995 seconds
[2021-12-31T03:33:31.295+0000][1][safepoint    ] Application time: 1.0008083 seconds
[2021-12-31T03:33:31.295+0000][1][safepoint    ] Entering safepoint region: Cleanup
[2021-12-31T03:33:31.295+0000][1][safepoint    ] Leaving safepoint region
[2021-12-31T03:33:31.296+0000][1][safepoint    ] Total time for which application threads were stopped: 0.0003925 seconds, Stopping threads took: 0.0001742 seconds
[2021-12-31T03:33:32.299+0000][1][safepoint    ] Application time: 1.0028925 seconds
[2021-12-31T03:33:32.299+0000][1][safepoint    ] Entering safepoint region: Cleanup
[2021-12-31T03:33:32.299+0000][1][safepoint    ] Leaving safepoint region
[2021-12-31T03:33:32.299+0000][1][safepoint    ] Total time for which application threads were stopped: 0.0002249 seconds, Stopping threads took: 0.0000986 seconds
[2021-12-31T03:33:33.302+0000][1][safepoint    ] Application time: 1.0026695 seconds
[2021-12-31T03:33:33.302+0000][1][safepoint    ] Entering safepoint region: Cleanup
[2021-12-31T03:33:33.302+0000][1][safepoint    ] Leaving safepoint region
[2021-12-31T03:33:33.302+0000][1][safepoint    ] Total time for which application threads were stopped: 0.0002222 seconds, Stopping threads took: 0.0001054 seconds
[2021-12-31T03:33:34.305+0000][1][safepoint    ] Application time: 1.0022933 seconds
[2021-12-31T03:33:34.305+0000][1][safepoint    ] Entering safepoint region: Cleanup
[2021-12-31T03:33:34.305+0000][1][safepoint    ] Leaving safepoint region
[2021-12-31T03:33:34.305+0000][1][safepoint    ] Total time for which application threads were stopped: 0.0004864 seconds, Stopping threads took: 0.0001804 seconds
[2021-12-31T03:33:35.307+0000][1][safepoint    ] Application time: 1.0014932 seconds
[2021-12-31T03:33:35.307+0000][1][safepoint    ] Entering safepoint region: Cleanup
[2021-12-31T03:33:35.307+0000][1][safepoint    ] Leaving safepoint region
[2021-12-31T03:33:35.308+0000][1][safepoint    ] Total time for which application threads were stopped: 0.0002534 seconds, Stopping threads took: 0.0001083 seconds
[2021-12-31T03:33:36.309+0000][1][safepoint    ] Application time: 1.0009086 seconds
[2021-12-31T03:33:36.309+0000][1][safepoint    ] Entering safepoint region: Cleanup
[2021-12-31T03:33:36.309+0000][1][safepoint    ] Leaving safepoint region
[2021-12-31T03:33:36.309+0000][1][safepoint    ] Total time for which application threads were stopped: 0.0002331 seconds, Stopping threads took: 0.0000989 seconds
[2021-12-31T03:33:37.310+0000][1][safepoint    ] Application time: 1.0010721 seconds
[2021-12-31T03:33:37.310+0000][1][safepoint    ] Entering safepoint region: Cleanup
[2021-12-31T03:33:37.310+0000][1][safepoint    ] Leaving safepoint region
[2021-12-31T03:33:37.311+0000][1][safepoint    ] Total time for which application threads were stopped: 0.0002225 seconds, Stopping threads took: 0.0000974 seconds
[2021-12-31T03:33:38.312+0000][1][safepoint    ] Application time: 1.0015754 seconds
[2021-12-31T03:33:38.312+0000][1][safepoint    ] Entering safepoint region: Cleanup
[2021-12-31T03:33:38.313+0000][1][safepoint    ] Leaving safepoint region
[2021-12-31T03:33:38.313+0000][1][safepoint    ] Total time for which application threads were stopped: 0.0002601 seconds, Stopping threads took: 0.0001124 seconds
[2021-12-31T03:33:39.315+0000][1][safepoint    ] Application time: 1.0021011 seconds
[2021-12-31T03:33:39.315+0000][1][safepoint    ] Entering safepoint region: Cleanup
[2021-12-31T03:33:39.315+0000][1][safepoint    ] Leaving safepoint region
[2021-12-31T03:33:39.315+0000][1][safepoint    ] Total time for which application threads were stopped: 0.0002660 seconds, Stopping threads took: 0.0001096 seconds
[2021-12-31T03:33:40.318+0000][1][safepoint    ] Application time: 1.0030291 seconds
[2021-12-31T03:33:40.319+0000][1][safepoint    ] Entering safepoint region: Cleanup
[2021-12-31T03:33:40.319+0000][1][safepoint    ] Leaving safepoint region
[2021-12-31T03:33:40.319+0000][1][safepoint    ] Total time for which application threads were stopped: 0.0004887 seconds, Stopping threads took: 0.0002059 seconds
[2021-12-31T03:33:41.320+0000][1][safepoint    ] Application time: 1.0003421 seconds
[2021-12-31T03:33:41.320+0000][1][safepoint    ] Entering safepoint region: Cleanup
[2021-12-31T03:33:41.321+0000][1][safepoint    ] Leaving safepoint region
[2021-12-31T03:33:41.321+0000][1][safepoint    ] Total time for which application threads were stopped: 0.0009871 seconds, Stopping threads took: 0.0004987 seconds
[2021-12-31T03:33:42.324+0000][1][safepoint    ] Application time: 1.0023770 seconds
[2021-12-31T03:33:42.324+0000][1][safepoint    ] Entering safepoint region: Cleanup
[2021-12-31T03:33:42.325+0000][1][safepoint    ] Leaving safepoint region
[2021-12-31T03:33:42.325+0000][1][safepoint    ] Total time for which application threads were stopped: 0.0006888 seconds, Stopping threads took: 0.0003302 seconds
[2021-12-31T03:33:43.327+0000][1][safepoint    ] Application time: 1.0023447 seconds
[2021-12-31T03:33:43.328+0000][1][safepoint    ] Entering safepoint region: Cleanup
[2021-12-31T03:33:43.328+0000][1][safepoint    ] Leaving safepoint region
[2021-12-31T03:33:43.328+0000][1][safepoint    ] Total time for which application threads were stopped: 0.0005040 seconds, Stopping threads took: 0.0002322 seconds
[2021-12-31T03:33:44.330+0000][1][safepoint    ] Application time: 1.0009777 seconds
[2021-12-31T03:33:44.330+0000][1][safepoint    ] Entering safepoint region: Cleanup
[2021-12-31T03:33:44.331+0000][1][safepoint    ] Leaving safepoint region
[2021-12-31T03:33:44.331+0000][1][safepoint    ] Total time for which application threads were stopped: 0.0007191 seconds, Stopping threads took: 0.0003631 seconds
[2021-12-31T03:33:44.599+0000][1][safepoint    ] Application time: 0.2678206 seconds
[2021-12-31T03:33:44.599+0000][1][safepoint    ] Entering safepoint region: GenCollectForAllocation
[2021-12-31T03:33:44.599+0000][1][gc,start     ] GC(51) Pause Young (Allocation Failure)
[2021-12-31T03:33:44.599+0000][1][gc,task      ] GC(51) Using 1 workers of 1 for evacuation
[2021-12-31T03:33:44.603+0000][1][gc,age       ] GC(51) Desired survivor size 4358144 bytes, new threshold 6 (max threshold 6)
[2021-12-31T03:33:44.603+0000][1][gc,age       ] GC(51) Age table with threshold 6 (max threshold 6)
[2021-12-31T03:33:44.603+0000][1][gc,age       ] GC(51) - age   1:       5816 bytes,       5816 total
[2021-12-31T03:33:44.604+0000][1][gc,age       ] GC(51) - age   3:     150680 bytes,     156496 total
[2021-12-31T03:33:44.604+0000][1][gc,age       ] GC(51) - age   4:        120 bytes,     156616 total
[2021-12-31T03:33:44.604+0000][1][gc,age       ] GC(51) - age   5:        792 bytes,     157408 total
[2021-12-31T03:33:44.604+0000][1][gc,age       ] GC(51) - age   6:         32 bytes,     157440 total
[2021-12-31T03:33:44.604+0000][1][gc,heap      ] GC(51) ParNew: 68351K->250K(76672K)
[2021-12-31T03:33:44.604+0000][1][gc,heap      ] GC(51) CMS: 127749K->127749K(439104K)
[2021-12-31T03:33:44.604+0000][1][gc,metaspace ] GC(51) Metaspace: 73780K->73780K(1116160K)
[2021-12-31T03:33:44.604+0000][1][gc           ] GC(51) Pause Young (Allocation Failure) 191M->125M(503M) 5.191ms
[2021-12-31T03:33:44.604+0000][1][gc,cpu       ] GC(51) User=0.01s Sys=0.01s Real=0.01s
[2021-12-31T03:33:44.605+0000][1][safepoint    ] Leaving safepoint region
[2021-12-31T03:33:44.605+0000][1][safepoint    ] Total time for which application threads were stopped: 0.0055727 seconds, Stopping threads took: 0.0000872 seconds
[2021-12-31T03:33:45.608+0000][1][safepoint    ] Application time: 1.0028031 seconds
[2021-12-31T03:33:45.608+0000][1][safepoint    ] Entering safepoint region: Cleanup
[2021-12-31T03:33:45.608+0000][1][safepoint    ] Leaving safepoint region
[2021-12-31T03:33:45.608+0000][1][safepoint    ] Total time for which application threads were stopped: 0.0002474 seconds, Stopping threads took: 0.0001075 seconds
[2021-12-31T03:33:46.610+0000][1][safepoint    ] Application time: 1.0017391 seconds
[2021-12-31T03:33:46.610+0000][1][safepoint    ] Entering safepoint region: Cleanup
[2021-12-31T03:33:46.610+0000][1][safepoint    ] Leaving safepoint region
[2021-12-31T03:33:46.610+0000][1][safepoint    ] Total time for which application threads were stopped: 0.0002640 seconds, Stopping threads took: 0.0001156 seconds
[2021-12-31T03:33:47.612+0000][1][safepoint    ] Application time: 1.0012488 seconds
[2021-12-31T03:33:47.612+0000][1][safepoint    ] Entering safepoint region: Cleanup
[2021-12-31T03:33:47.612+0000][1][safepoint    ] Leaving safepoint region
[2021-12-31T03:33:47.613+0000][1][safepoint    ] Total time for which application threads were stopped: 0.0005453 seconds, Stopping threads took: 0.0002645 seconds
[2021-12-31T03:33:48.614+0000][1][safepoint    ] Application time: 1.0014701 seconds
[2021-12-31T03:33:48.615+0000][1][safepoint    ] Entering safepoint region: Cleanup
[2021-12-31T03:33:48.615+0000][1][safepoint    ] Leaving safepoint region
[2021-12-31T03:33:48.615+0000][1][safepoint    ] Total time for which application threads were stopped: 0.0002235 seconds, Stopping threads took: 0.0000982 seconds
[2021-12-31T03:33:49.616+0000][1][safepoint    ] Application time: 1.0009110 seconds
[2021-12-31T03:33:49.616+0000][1][safepoint    ] Entering safepoint region: Cleanup
[2021-12-31T03:33:49.617+0000][1][safepoint    ] Leaving safepoint region
[2021-12-31T03:33:49.617+0000][1][safepoint    ] Total time for which application threads were stopped: 0.0005918 seconds, Stopping threads took: 0.0002911 seconds
[2021-12-31T03:33:50.619+0000][1][safepoint    ] Application time: 1.0019899 seconds
[2021-12-31T03:33:50.620+0000][1][safepoint    ] Entering safepoint region: Cleanup
[2021-12-31T03:33:50.620+0000][1][safepoint    ] Leaving safepoint region
[2021-12-31T03:33:50.620+0000][1][safepoint    ] Total time for which application threads were stopped: 0.0002943 seconds, Stopping threads took: 0.0001443 seconds
[2021-12-31T03:33:51.624+0000][1][safepoint    ] Application time: 1.0038907 seconds
[2021-12-31T03:33:51.624+0000][1][safepoint    ] Entering safepoint region: Cleanup
[2021-12-31T03:33:51.624+0000][1][safepoint    ] Leaving safepoint region
[2021-12-31T03:33:51.624+0000][1][safepoint    ] Total time for which application threads were stopped: 0.0002802 seconds, Stopping threads took: 0.0001192 seconds
[2021-12-31T03:33:52.625+0000][1][safepoint    ] Application time: 1.0002070 seconds
[2021-12-31T03:33:52.625+0000][1][safepoint    ] Entering safepoint region: Cleanup
[2021-12-31T03:33:52.625+0000][1][safepoint    ] Leaving safepoint region
[2021-12-31T03:33:52.625+0000][1][safepoint    ] Total time for which application threads were stopped: 0.0002280 seconds, Stopping threads took: 0.0001013 seconds
[2021-12-31T03:33:53.627+0000][1][safepoint    ] Application time: 1.0015571 seconds
[2021-12-31T03:33:53.627+0000][1][safepoint    ] Entering safepoint region: Cleanup
[2021-12-31T03:33:53.627+0000][1][safepoint    ] Leaving safepoint region
[2021-12-31T03:33:53.627+0000][1][safepoint    ] Total time for which application threads were stopped: 0.0001989 seconds, Stopping threads took: 0.0000852 seconds
[2021-12-31T03:33:54.631+0000][1][safepoint    ] Application time: 1.0035812 seconds
[2021-12-31T03:33:54.631+0000][1][safepoint    ] Entering safepoint region: Cleanup
[2021-12-31T03:33:54.631+0000][1][safepoint    ] Leaving safepoint region
[2021-12-31T03:33:54.631+0000][1][safepoint    ] Total time for which application threads were stopped: 0.0002211 seconds, Stopping threads took: 0.0000969 seconds
[2021-12-31T03:33:55.632+0000][1][safepoint    ] Application time: 1.0009336 seconds
[2021-12-31T03:33:55.633+0000][1][safepoint    ] Entering safepoint region: Cleanup
[2021-12-31T03:33:55.633+0000][1][safepoint    ] Leaving safepoint region
[2021-12-31T03:33:55.633+0000][1][safepoint    ] Total time for which application threads were stopped: 0.0004751 seconds, Stopping threads took: 0.0002083 seconds
[2021-12-31T03:33:56.635+0000][1][safepoint    ] Application time: 1.0016573 seconds
[2021-12-31T03:33:56.635+0000][1][safepoint    ] Entering safepoint region: Cleanup
[2021-12-31T03:33:56.636+0000][1][safepoint    ] Leaving safepoint region
[2021-12-31T03:33:56.636+0000][1][safepoint    ] Total time for which application threads were stopped: 0.0005104 seconds, Stopping threads took: 0.0002142 seconds
[2021-12-31T03:33:57.636+0000][1][safepoint    ] Application time: 1.0002601 seconds
[2021-12-31T03:33:57.636+0000][1][safepoint    ] Entering safepoint region: Cleanup
[2021-12-31T03:33:57.637+0000][1][safepoint    ] Leaving safepoint region
[2021-12-31T03:33:57.637+0000][1][safepoint    ] Total time for which application threads were stopped: 0.0002091 seconds, Stopping threads took: 0.0000925 seconds
[2021-12-31T03:33:58.640+0000][1][safepoint    ] Application time: 1.0037243 seconds
[2021-12-31T03:33:58.641+0000][1][safepoint    ] Entering safepoint region: Cleanup
[2021-12-31T03:33:58.641+0000][1][safepoint    ] Leaving safepoint region
[2021-12-31T03:33:58.641+0000][1][safepoint    ] Total time for which application threads were stopped: 0.0006327 seconds, Stopping threads took: 0.0002807 seconds
[2021-12-31T03:33:59.642+0000][1][safepoint    ] Application time: 1.0005088 seconds
[2021-12-31T03:33:59.643+0000][1][safepoint    ] Entering safepoint region: Cleanup
[2021-12-31T03:33:59.643+0000][1][safepoint    ] Leaving safepoint region
[2021-12-31T03:33:59.643+0000][1][safepoint    ] Total time for which application threads were stopped: 0.0007289 seconds, Stopping threads took: 0.0002215 seconds
[2021-12-31T03:34:00.645+0000][1][safepoint    ] Application time: 1.0012132 seconds
[2021-12-31T03:34:00.645+0000][1][safepoint    ] Entering safepoint region: Cleanup
[2021-12-31T03:34:00.645+0000][1][safepoint    ] Leaving safepoint region
[2021-12-31T03:34:00.645+0000][1][safepoint    ] Total time for which application threads were stopped: 0.0002282 seconds, Stopping threads took: 0.0000972 seconds
[2021-12-31T03:34:01.646+0000][1][safepoint    ] Application time: 1.0009580 seconds
[2021-12-31T03:34:01.647+0000][1][safepoint    ] Entering safepoint region: Cleanup
[2021-12-31T03:34:01.647+0000][1][safepoint    ] Leaving safepoint region
[2021-12-31T03:34:01.647+0000][1][safepoint    ] Total time for which application threads were stopped: 0.0005018 seconds, Stopping threads took: 0.0002139 seconds
[2021-12-31T03:34:02.651+0000][1][safepoint    ] Application time: 1.0037869 seconds
[2021-12-31T03:34:02.651+0000][1][safepoint    ] Entering safepoint region: Cleanup
[2021-12-31T03:34:02.652+0000][1][safepoint    ] Leaving safepoint region
[2021-12-31T03:34:02.652+0000][1][safepoint    ] Total time for which application threads were stopped: 0.0002215 seconds, Stopping threads took: 0.0000943 seconds
[2021-12-31T03:34:03.654+0000][1][safepoint    ] Application time: 1.0019518 seconds
[2021-12-31T03:34:03.654+0000][1][safepoint    ] Entering safepoint region: Cleanup
[2021-12-31T03:34:03.654+0000][1][safepoint    ] Leaving safepoint region
[2021-12-31T03:34:03.655+0000][1][safepoint    ] Total time for which application threads were stopped: 0.0005556 seconds, Stopping threads took: 0.0002455 seconds
[2021-12-31T03:34:04.657+0000][1][safepoint    ] Application time: 1.0023673 seconds
[2021-12-31T03:34:04.657+0000][1][safepoint    ] Entering safepoint region: Cleanup
[2021-12-31T03:34:04.658+0000][1][safepoint    ] Leaving safepoint region
[2021-12-31T03:34:04.658+0000][1][safepoint    ] Total time for which application threads were stopped: 0.0002425 seconds, Stopping threads took: 0.0001005 seconds
[2021-12-31T03:34:05.659+0000][1][safepoint    ] Application time: 1.0007336 seconds
[2021-12-31T03:34:05.659+0000][1][safepoint    ] Entering safepoint region: Cleanup
[2021-12-31T03:34:05.659+0000][1][safepoint    ] Leaving safepoint region
[2021-12-31T03:34:05.659+0000][1][safepoint    ] Total time for which application threads were stopped: 0.0002259 seconds, Stopping threads took: 0.0000922 seconds
[2021-12-31T03:34:06.661+0000][1][safepoint    ] Application time: 1.0022932 seconds
[2021-12-31T03:34:06.662+0000][1][safepoint    ] Entering safepoint region: Cleanup
[2021-12-31T03:34:06.662+0000][1][safepoint    ] Leaving safepoint region
[2021-12-31T03:34:06.662+0000][1][safepoint    ] Total time for which application threads were stopped: 0.0002248 seconds, Stopping threads took: 0.0000961 seconds
[2021-12-31T03:34:07.663+0000][1][safepoint    ] Application time: 1.0015347 seconds
[2021-12-31T03:34:07.664+0000][1][safepoint    ] Entering safepoint region: Cleanup
[2021-12-31T03:34:07.664+0000][1][safepoint    ] Leaving safepoint region
[2021-12-31T03:34:07.664+0000][1][safepoint    ] Total time for which application threads were stopped: 0.0002096 seconds, Stopping threads took: 0.0000928 seconds
[2021-12-31T03:34:08.664+0000][1][safepoint    ] Application time: 1.0003840 seconds
[2021-12-31T03:34:08.665+0000][1][safepoint    ] Entering safepoint region: Cleanup
[2021-12-31T03:34:08.665+0000][1][safepoint    ] Leaving safepoint region
[2021-12-31T03:34:08.665+0000][1][safepoint    ] Total time for which application threads were stopped: 0.0005098 seconds, Stopping threads took: 0.0002524 seconds
[2021-12-31T03:34:09.669+0000][1][safepoint    ] Application time: 1.0035768 seconds
[2021-12-31T03:34:09.669+0000][1][safepoint    ] Entering safepoint region: Cleanup
[2021-12-31T03:34:09.670+0000][1][safepoint    ] Leaving safepoint region
[2021-12-31T03:34:09.670+0000][1][safepoint    ] Total time for which application threads were stopped: 0.0011344 seconds, Stopping threads took: 0.0007712 seconds
[2021-12-31T03:34:10.674+0000][1][safepoint    ] Application time: 1.0028092 seconds
[2021-12-31T03:34:10.674+0000][1][safepoint    ] Entering safepoint region: Cleanup
[2021-12-31T03:34:10.674+0000][1][safepoint    ] Leaving safepoint region
[2021-12-31T03:34:10.675+0000][1][safepoint    ] Total time for which application threads were stopped: 0.0007424 seconds, Stopping threads took: 0.0003911 seconds
[2021-12-31T03:34:11.677+0000][1][safepoint    ] Application time: 1.0019476 seconds
[2021-12-31T03:34:11.677+0000][1][safepoint    ] Entering safepoint region: Cleanup
[2021-12-31T03:34:11.678+0000][1][safepoint    ] Leaving safepoint region
[2021-12-31T03:34:11.678+0000][1][safepoint    ] Total time for which application threads were stopped: 0.0003200 seconds, Stopping threads took: 0.0001409 seconds
[2021-12-31T03:34:12.681+0000][1][safepoint    ] Application time: 1.0033499 seconds
[2021-12-31T03:34:12.682+0000][1][safepoint    ] Entering safepoint region: Cleanup
[2021-12-31T03:34:12.682+0000][1][safepoint    ] Leaving safepoint region
[2021-12-31T03:34:12.682+0000][1][safepoint    ] Total time for which application threads were stopped: 0.0005871 seconds, Stopping threads took: 0.0002604 seconds
[2021-12-31T03:34:13.683+0000][1][safepoint    ] Application time: 1.0001413 seconds
[2021-12-31T03:34:13.683+0000][1][safepoint    ] Entering safepoint region: Cleanup
[2021-12-31T03:34:13.683+0000][1][safepoint    ] Leaving safepoint region
[2021-12-31T03:34:13.683+0000][1][safepoint    ] Total time for which application threads were stopped: 0.0004873 seconds, Stopping threads took: 0.0002333 seconds
[2021-12-31T03:34:14.687+0000][1][safepoint    ] Application time: 1.0038228 seconds
[2021-12-31T03:34:14.688+0000][1][safepoint    ] Entering safepoint region: Cleanup
[2021-12-31T03:34:14.688+0000][1][safepoint    ] Leaving safepoint region
[2021-12-31T03:34:14.688+0000][1][safepoint    ] Total time for which application threads were stopped: 0.0002077 seconds, Stopping threads took: 0.0000892 seconds
[2021-12-31T03:34:15.690+0000][1][safepoint    ] Application time: 1.0017471 seconds
[2021-12-31T03:34:15.690+0000][1][safepoint    ] Entering safepoint region: Cleanup
[2021-12-31T03:34:15.690+0000][1][safepoint    ] Leaving safepoint region
[2021-12-31T03:34:15.690+0000][1][safepoint    ] Total time for which application threads were stopped: 0.0002229 seconds, Stopping threads took: 0.0000971 seconds
[2021-12-31T03:34:16.693+0000][1][safepoint    ] Application time: 1.0031739 seconds
[2021-12-31T03:34:16.694+0000][1][safepoint    ] Entering safepoint region: Cleanup
[2021-12-31T03:34:16.694+0000][1][safepoint    ] Leaving safepoint region
[2021-12-31T03:34:16.694+0000][1][safepoint    ] Total time for which application threads were stopped: 0.0002196 seconds, Stopping threads took: 0.0000954 seconds
[2021-12-31T03:34:17.695+0000][1][safepoint    ] Application time: 1.0012011 seconds
[2021-12-31T03:34:17.696+0000][1][safepoint    ] Entering safepoint region: Cleanup
[2021-12-31T03:34:17.696+0000][1][safepoint    ] Leaving safepoint region
[2021-12-31T03:34:17.696+0000][1][safepoint    ] Total time for which application threads were stopped: 0.0007274 seconds, Stopping threads took: 0.0003548 seconds
[2021-12-31T03:34:18.271+0000][1][safepoint    ] Application time: 0.5744215 seconds
[2021-12-31T03:34:18.273+0000][1][safepoint    ] Entering safepoint region: RevokeBias
[2021-12-31T03:34:18.273+0000][1][safepoint    ] Leaving safepoint region
[2021-12-31T03:34:18.273+0000][1][safepoint    ] Total time for which application threads were stopped: 0.0003610 seconds, Stopping threads took: 0.0001056 seconds
[2021-12-31T03:34:19.274+0000][1][safepoint    ] Application time: 1.0002035 seconds
[2021-12-31T03:34:19.274+0000][1][safepoint    ] Entering safepoint region: Cleanup
[2021-12-31T03:34:19.274+0000][1][safepoint    ] Leaving safepoint region
[2021-12-31T03:34:19.274+0000][1][safepoint    ] Total time for which application threads were stopped: 0.0003333 seconds, Stopping threads took: 0.0001400 seconds
[2021-12-31T03:34:20.278+0000][1][safepoint    ] Application time: 1.0040387 seconds
[2021-12-31T03:34:20.279+0000][1][safepoint    ] Entering safepoint region: Cleanup
[2021-12-31T03:34:20.279+0000][1][safepoint    ] Leaving safepoint region
[2021-12-31T03:34:20.279+0000][1][safepoint    ] Total time for which application threads were stopped: 0.0002626 seconds, Stopping threads took: 0.0001089 seconds
[2021-12-31T03:34:21.280+0000][1][safepoint    ] Application time: 1.0011856 seconds
[2021-12-31T03:34:21.280+0000][1][safepoint    ] Entering safepoint region: Cleanup
[2021-12-31T03:34:21.281+0000][1][safepoint    ] Leaving safepoint region
[2021-12-31T03:34:21.281+0000][1][safepoint    ] Total time for which application threads were stopped: 0.0002499 seconds, Stopping threads took: 0.0001056 seconds
[2021-12-31T03:34:22.284+0000][1][safepoint    ] Application time: 1.0037470 seconds
[2021-12-31T03:34:22.285+0000][1][safepoint    ] Entering safepoint region: Cleanup
[2021-12-31T03:34:22.285+0000][1][safepoint    ] Leaving safepoint region
[2021-12-31T03:34:22.285+0000][1][safepoint    ] Total time for which application threads were stopped: 0.0002364 seconds, Stopping threads took: 0.0001063 seconds
[2021-12-31T03:34:23.288+0000][1][safepoint    ] Application time: 1.0034140 seconds
[2021-12-31T03:34:23.289+0000][1][safepoint    ] Entering safepoint region: Cleanup
[2021-12-31T03:34:23.289+0000][1][safepoint    ] Leaving safepoint region
[2021-12-31T03:34:23.289+0000][1][safepoint    ] Total time for which application threads were stopped: 0.0004167 seconds, Stopping threads took: 0.0001882 seconds
[2021-12-31T03:34:24.293+0000][1][safepoint    ] Application time: 1.0034052 seconds
[2021-12-31T03:34:24.293+0000][1][safepoint    ] Entering safepoint region: Cleanup
[2021-12-31T03:34:24.293+0000][1][safepoint    ] Leaving safepoint region
[2021-12-31T03:34:24.293+0000][1][safepoint    ] Total time for which application threads were stopped: 0.0002487 seconds, Stopping threads took: 0.0001085 seconds
[2021-12-31T03:34:25.546+0000][1][safepoint    ] Application time: 1.2523583 seconds
[2021-12-31T03:34:25.546+0000][1][safepoint    ] Entering safepoint region: Cleanup
[2021-12-31T03:34:25.546+0000][1][safepoint    ] Leaving safepoint region
[2021-12-31T03:34:25.546+0000][1][safepoint    ] Total time for which application threads were stopped: 0.0002535 seconds, Stopping threads took: 0.0001087 seconds
[2021-12-31T03:34:26.549+0000][1][safepoint    ] Application time: 1.0025226 seconds
[2021-12-31T03:34:26.549+0000][1][safepoint    ] Entering safepoint region: Cleanup
[2021-12-31T03:34:26.549+0000][1][safepoint    ] Leaving safepoint region
[2021-12-31T03:34:26.549+0000][1][safepoint    ] Total time for which application threads were stopped: 0.0002115 seconds, Stopping threads took: 0.0000933 seconds
[2021-12-31T03:34:27.552+0000][1][safepoint    ] Application time: 1.0026031 seconds
[2021-12-31T03:34:27.552+0000][1][safepoint    ] Entering safepoint region: Cleanup
[2021-12-31T03:34:27.552+0000][1][safepoint    ] Leaving safepoint region
[2021-12-31T03:34:27.552+0000][1][safepoint    ] Total time for which application threads were stopped: 0.0002232 seconds, Stopping threads took: 0.0000997 seconds
[2021-12-31T03:34:28.553+0000][1][safepoint    ] Application time: 1.0007171 seconds
[2021-12-31T03:34:28.553+0000][1][safepoint    ] Entering safepoint region: Cleanup
[2021-12-31T03:34:28.553+0000][1][safepoint    ] Leaving safepoint region
[2021-12-31T03:34:28.553+0000][1][safepoint    ] Total time for which application threads were stopped: 0.0002021 seconds, Stopping threads took: 0.0000907 seconds
[2021-12-31T03:34:29.554+0000][1][safepoint    ] Application time: 1.0007854 seconds
[2021-12-31T03:34:29.555+0000][1][safepoint    ] Entering safepoint region: Cleanup
[2021-12-31T03:34:29.555+0000][1][safepoint    ] Leaving safepoint region
[2021-12-31T03:34:29.555+0000][1][safepoint    ] Total time for which application threads were stopped: 0.0002584 seconds, Stopping threads took: 0.0001130 seconds
[2021-12-31T03:34:30.557+0000][1][safepoint    ] Application time: 1.0021947 seconds
[2021-12-31T03:34:30.557+0000][1][safepoint    ] Entering safepoint region: Cleanup
[2021-12-31T03:34:30.557+0000][1][safepoint    ] Leaving safepoint region
[2021-12-31T03:34:30.558+0000][1][safepoint    ] Total time for which application threads were stopped: 0.0002512 seconds, Stopping threads took: 0.0001187 seconds
[2021-12-31T03:34:31.560+0000][1][safepoint    ] Application time: 1.0023931 seconds
[2021-12-31T03:34:31.560+0000][1][safepoint    ] Entering safepoint region: Cleanup
[2021-12-31T03:34:31.560+0000][1][safepoint    ] Leaving safepoint region
[2021-12-31T03:34:31.560+0000][1][safepoint    ] Total time for which application threads were stopped: 0.0002056 seconds, Stopping threads took: 0.0000858 seconds
[2021-12-31T03:34:32.561+0000][1][safepoint    ] Application time: 1.0005680 seconds
[2021-12-31T03:34:32.561+0000][1][safepoint    ] Entering safepoint region: Cleanup
[2021-12-31T03:34:32.562+0000][1][safepoint    ] Leaving safepoint region
[2021-12-31T03:34:32.562+0000][1][safepoint    ] Total time for which application threads were stopped: 0.0002763 seconds, Stopping threads took: 0.0001304 seconds
[2021-12-31T03:34:33.564+0000][1][safepoint    ] Application time: 1.0027147 seconds
[2021-12-31T03:34:33.565+0000][1][safepoint    ] Entering safepoint region: Cleanup
[2021-12-31T03:34:33.565+0000][1][safepoint    ] Leaving safepoint region
[2021-12-31T03:34:33.565+0000][1][safepoint    ] Total time for which application threads were stopped: 0.0002507 seconds, Stopping threads took: 0.0001125 seconds
[2021-12-31T03:34:34.567+0000][1][safepoint    ] Application time: 1.0023402 seconds
[2021-12-31T03:34:34.568+0000][1][safepoint    ] Entering safepoint region: Cleanup
[2021-12-31T03:34:34.568+0000][1][safepoint    ] Leaving safepoint region
[2021-12-31T03:34:34.568+0000][1][safepoint    ] Total time for which application threads were stopped: 0.0003089 seconds, Stopping threads took: 0.0001342 seconds
[2021-12-31T03:34:35.570+0000][1][safepoint    ] Application time: 1.0015145 seconds
[2021-12-31T03:34:35.570+0000][1][safepoint    ] Entering safepoint region: Cleanup
[2021-12-31T03:34:35.570+0000][1][safepoint    ] Leaving safepoint region
[2021-12-31T03:34:35.570+0000][1][safepoint    ] Total time for which application threads were stopped: 0.0003013 seconds, Stopping threads took: 0.0001357 seconds
[2021-12-31T03:34:36.573+0000][1][safepoint    ] Application time: 1.0028754 seconds
[2021-12-31T03:34:36.574+0000][1][safepoint    ] Entering safepoint region: Cleanup
[2021-12-31T03:34:36.574+0000][1][safepoint    ] Leaving safepoint region
[2021-12-31T03:34:36.574+0000][1][safepoint    ] Total time for which application threads were stopped: 0.0002411 seconds, Stopping threads took: 0.0001059 seconds
[2021-12-31T03:34:37.575+0000][1][safepoint    ] Application time: 1.0016069 seconds
[2021-12-31T03:34:37.576+0000][1][safepoint    ] Entering safepoint region: Cleanup
[2021-12-31T03:34:37.576+0000][1][safepoint    ] Leaving safepoint region
[2021-12-31T03:34:37.576+0000][1][safepoint    ] Total time for which application threads were stopped: 0.0002821 seconds, Stopping threads took: 0.0001330 seconds
[2021-12-31T03:34:38.580+0000][1][safepoint    ] Application time: 1.0031744 seconds
[2021-12-31T03:34:38.580+0000][1][safepoint    ] Entering safepoint region: Cleanup
[2021-12-31T03:34:38.580+0000][1][safepoint    ] Leaving safepoint region
[2021-12-31T03:34:38.581+0000][1][safepoint    ] Total time for which application threads were stopped: 0.0006019 seconds, Stopping threads took: 0.0002679 seconds
[2021-12-31T03:34:39.583+0000][1][safepoint    ] Application time: 1.0025700 seconds
[2021-12-31T03:34:39.584+0000][1][safepoint    ] Entering safepoint region: Cleanup
[2021-12-31T03:34:39.584+0000][1][safepoint    ] Leaving safepoint region
[2021-12-31T03:34:39.584+0000][1][safepoint    ] Total time for which application threads were stopped: 0.0003964 seconds, Stopping threads took: 0.0001564 seconds
[2021-12-31T03:34:40.588+0000][1][safepoint    ] Application time: 1.0035328 seconds
[2021-12-31T03:34:40.588+0000][1][safepoint    ] Entering safepoint region: Cleanup
[2021-12-31T03:34:40.588+0000][1][safepoint    ] Leaving safepoint region
[2021-12-31T03:34:40.588+0000][1][safepoint    ] Total time for which application threads were stopped: 0.0002979 seconds, Stopping threads took: 0.0001374 seconds
[2021-12-31T03:34:41.591+0000][1][safepoint    ] Application time: 1.0027197 seconds
[2021-12-31T03:34:41.591+0000][1][safepoint    ] Entering safepoint region: Cleanup
[2021-12-31T03:34:41.591+0000][1][safepoint    ] Leaving safepoint region
[2021-12-31T03:34:41.592+0000][1][safepoint    ] Total time for which application threads were stopped: 0.0002340 seconds, Stopping threads took: 0.0001023 seconds
[2021-12-31T03:34:42.593+0000][1][safepoint    ] Application time: 1.0010140 seconds
[2021-12-31T03:34:42.593+0000][1][safepoint    ] Entering safepoint region: Cleanup
[2021-12-31T03:34:42.593+0000][1][safepoint    ] Leaving safepoint region
[2021-12-31T03:34:42.593+0000][1][safepoint    ] Total time for which application threads were stopped: 0.0002746 seconds, Stopping threads took: 0.0001276 seconds
[2021-12-31T03:34:43.595+0000][1][safepoint    ] Application time: 1.0020061 seconds
[2021-12-31T03:34:43.596+0000][1][safepoint    ] Entering safepoint region: Cleanup
[2021-12-31T03:34:43.596+0000][1][safepoint    ] Leaving safepoint region
[2021-12-31T03:34:43.596+0000][1][safepoint    ] Total time for which application threads were stopped: 0.0002202 seconds, Stopping threads took: 0.0000953 seconds
[2021-12-31T03:34:44.596+0000][1][safepoint    ] Application time: 1.0004668 seconds
[2021-12-31T03:34:44.597+0000][1][safepoint    ] Entering safepoint region: Cleanup
[2021-12-31T03:34:44.597+0000][1][safepoint    ] Leaving safepoint region
[2021-12-31T03:34:44.597+0000][1][safepoint    ] Total time for which application threads were stopped: 0.0002305 seconds, Stopping threads took: 0.0001012 seconds
[2021-12-31T03:34:45.600+0000][1][safepoint    ] Application time: 1.0031916 seconds
[2021-12-31T03:34:45.600+0000][1][safepoint    ] Entering safepoint region: Cleanup
[2021-12-31T03:34:45.600+0000][1][safepoint    ] Leaving safepoint region
[2021-12-31T03:34:45.601+0000][1][safepoint    ] Total time for which application threads were stopped: 0.0003038 seconds, Stopping threads took: 0.0001059 seconds
[2021-12-31T03:34:46.603+0000][1][safepoint    ] Application time: 1.0025319 seconds
[2021-12-31T03:34:46.604+0000][1][safepoint    ] Entering safepoint region: Cleanup
[2021-12-31T03:34:46.604+0000][1][safepoint    ] Leaving safepoint region
[2021-12-31T03:34:46.604+0000][1][safepoint    ] Total time for which application threads were stopped: 0.0004669 seconds, Stopping threads took: 0.0002048 seconds
[2021-12-31T03:34:47.607+0000][1][safepoint    ] Application time: 1.0023110 seconds
[2021-12-31T03:34:47.607+0000][1][safepoint    ] Entering safepoint region: Cleanup
[2021-12-31T03:34:47.607+0000][1][safepoint    ] Leaving safepoint region
[2021-12-31T03:34:47.607+0000][1][safepoint    ] Total time for which application threads were stopped: 0.0002921 seconds, Stopping threads took: 0.0001229 seconds
[2021-12-31T03:34:48.608+0000][1][safepoint    ] Application time: 1.0010484 seconds
[2021-12-31T03:34:48.608+0000][1][safepoint    ] Entering safepoint region: Cleanup
[2021-12-31T03:34:48.609+0000][1][safepoint    ] Leaving safepoint region
[2021-12-31T03:34:48.609+0000][1][safepoint    ] Total time for which application threads were stopped: 0.0002318 seconds, Stopping threads took: 0.0001023 seconds
[2021-12-31T03:34:49.611+0000][1][safepoint    ] Application time: 1.0023614 seconds
[2021-12-31T03:34:49.611+0000][1][safepoint    ] Entering safepoint region: Cleanup
[2021-12-31T03:34:49.612+0000][1][safepoint    ] Leaving safepoint region
[2021-12-31T03:34:49.612+0000][1][safepoint    ] Total time for which application threads were stopped: 0.0005114 seconds, Stopping threads took: 0.0002026 seconds
[2021-12-31T03:34:50.613+0000][1][safepoint    ] Application time: 1.0009025 seconds
[2021-12-31T03:34:50.613+0000][1][safepoint    ] Entering safepoint region: Cleanup
[2021-12-31T03:34:50.614+0000][1][safepoint    ] Leaving safepoint region
[2021-12-31T03:34:50.614+0000][1][safepoint    ] Total time for which application threads were stopped: 0.0005102 seconds, Stopping threads took: 0.0001465 seconds
[2021-12-31T03:34:51.615+0000][1][safepoint    ] Application time: 1.0008366 seconds
[2021-12-31T03:34:51.615+0000][1][safepoint    ] Entering safepoint region: Cleanup
[2021-12-31T03:34:51.615+0000][1][safepoint    ] Leaving safepoint region
[2021-12-31T03:34:51.616+0000][1][safepoint    ] Total time for which application threads were stopped: 0.0004835 seconds, Stopping threads took: 0.0002268 seconds
[2021-12-31T03:34:52.617+0000][1][safepoint    ] Application time: 1.0011917 seconds
[2021-12-31T03:34:52.617+0000][1][safepoint    ] Entering safepoint region: Cleanup
[2021-12-31T03:34:52.617+0000][1][safepoint    ] Leaving safepoint region
[2021-12-31T03:34:52.617+0000][1][safepoint    ] Total time for which application threads were stopped: 0.0002247 seconds, Stopping threads took: 0.0000981 seconds
[2021-12-31T03:34:53.620+0000][1][safepoint    ] Application time: 1.0021885 seconds
[2021-12-31T03:34:53.620+0000][1][safepoint    ] Entering safepoint region: Cleanup
[2021-12-31T03:34:53.620+0000][1][safepoint    ] Leaving safepoint region
[2021-12-31T03:34:53.621+0000][1][safepoint    ] Total time for which application threads were stopped: 0.0004811 seconds, Stopping threads took: 0.0002085 seconds
[2021-12-31T03:34:54.624+0000][1][safepoint    ] Application time: 1.0032697 seconds
[2021-12-31T03:34:54.624+0000][1][safepoint    ] Entering safepoint region: Cleanup
[2021-12-31T03:34:54.624+0000][1][safepoint    ] Leaving safepoint region
[2021-12-31T03:34:54.624+0000][1][safepoint    ] Total time for which application threads were stopped: 0.0002431 seconds, Stopping threads took: 0.0001000 seconds
[2021-12-31T03:34:55.625+0000][1][safepoint    ] Application time: 1.0009350 seconds
[2021-12-31T03:34:55.626+0000][1][safepoint    ] Entering safepoint region: Cleanup
[2021-12-31T03:34:55.626+0000][1][safepoint    ] Leaving safepoint region
[2021-12-31T03:34:55.627+0000][1][safepoint    ] Total time for which application threads were stopped: 0.0006380 seconds, Stopping threads took: 0.0002930 seconds
[2021-12-31T03:34:56.630+0000][1][safepoint    ] Application time: 1.0032240 seconds
[2021-12-31T03:34:56.630+0000][1][safepoint    ] Entering safepoint region: Cleanup
[2021-12-31T03:34:56.630+0000][1][safepoint    ] Leaving safepoint region
[2021-12-31T03:34:56.631+0000][1][safepoint    ] Total time for which application threads were stopped: 0.0002825 seconds, Stopping threads took: 0.0001104 seconds
[2021-12-31T03:34:57.634+0000][1][safepoint    ] Application time: 1.0033752 seconds
[2021-12-31T03:34:57.634+0000][1][safepoint    ] Entering safepoint region: Cleanup
[2021-12-31T03:34:57.634+0000][1][safepoint    ] Leaving safepoint region
[2021-12-31T03:34:57.635+0000][1][safepoint    ] Total time for which application threads were stopped: 0.0006413 seconds, Stopping threads took: 0.0000920 seconds
[2021-12-31T03:34:58.638+0000][1][safepoint    ] Application time: 1.0032551 seconds
[2021-12-31T03:34:58.639+0000][1][safepoint    ] Entering safepoint region: Cleanup
[2021-12-31T03:34:58.639+0000][1][safepoint    ] Leaving safepoint region
[2021-12-31T03:34:58.639+0000][1][safepoint    ] Total time for which application threads were stopped: 0.0002984 seconds, Stopping threads took: 0.0001401 seconds
[2021-12-31T03:34:59.640+0000][1][safepoint    ] Application time: 1.0010145 seconds
[2021-12-31T03:34:59.640+0000][1][safepoint    ] Entering safepoint region: Cleanup
[2021-12-31T03:34:59.641+0000][1][safepoint    ] Leaving safepoint region
[2021-12-31T03:34:59.641+0000][1][safepoint    ] Total time for which application threads were stopped: 0.0007364 seconds, Stopping threads took: 0.0002762 seconds
[2021-12-31T03:35:00.644+0000][1][safepoint    ] Application time: 1.0029588 seconds
[2021-12-31T03:35:00.645+0000][1][safepoint    ] Entering safepoint region: Cleanup
[2021-12-31T03:35:00.645+0000][1][safepoint    ] Leaving safepoint region
[2021-12-31T03:35:00.645+0000][1][safepoint    ] Total time for which application threads were stopped: 0.0002637 seconds, Stopping threads took: 0.0001239 seconds
[2021-12-31T03:35:01.646+0000][1][safepoint    ] Application time: 1.0007584 seconds
[2021-12-31T03:35:01.646+0000][1][safepoint    ] Entering safepoint region: Cleanup
[2021-12-31T03:35:01.646+0000][1][safepoint    ] Leaving safepoint region
[2021-12-31T03:35:01.647+0000][1][safepoint    ] Total time for which application threads were stopped: 0.0004563 seconds, Stopping threads took: 0.0001968 seconds
[2021-12-31T03:35:02.649+0000][1][safepoint    ] Application time: 1.0025897 seconds
[2021-12-31T03:35:02.650+0000][1][safepoint    ] Entering safepoint region: Cleanup
[2021-12-31T03:35:02.650+0000][1][safepoint    ] Leaving safepoint region
[2021-12-31T03:35:02.650+0000][1][safepoint    ] Total time for which application threads were stopped: 0.0005959 seconds, Stopping threads took: 0.0002867 seconds
[2021-12-31T03:35:03.654+0000][1][safepoint    ] Application time: 1.0036201 seconds
[2021-12-31T03:35:03.655+0000][1][safepoint    ] Entering safepoint region: Cleanup
[2021-12-31T03:35:03.655+0000][1][safepoint    ] Leaving safepoint region
[2021-12-31T03:35:03.655+0000][1][safepoint    ] Total time for which application threads were stopped: 0.0002912 seconds, Stopping threads took: 0.0001240 seconds
[2021-12-31T03:35:04.658+0000][1][safepoint    ] Application time: 1.0032149 seconds
[2021-12-31T03:35:04.658+0000][1][safepoint    ] Entering safepoint region: Cleanup
[2021-12-31T03:35:04.658+0000][1][safepoint    ] Leaving safepoint region
[2021-12-31T03:35:04.659+0000][1][safepoint    ] Total time for which application threads were stopped: 0.0002243 seconds, Stopping threads took: 0.0000981 seconds
[2021-12-31T03:35:05.661+0000][1][safepoint    ] Application time: 1.0028005 seconds
[2021-12-31T03:35:05.662+0000][1][safepoint    ] Entering safepoint region: Cleanup
[2021-12-31T03:35:05.662+0000][1][safepoint    ] Leaving safepoint region
[2021-12-31T03:35:05.662+0000][1][safepoint    ] Total time for which application threads were stopped: 0.0002202 seconds, Stopping threads took: 0.0000956 seconds
[2021-12-31T03:35:06.665+0000][1][safepoint    ] Application time: 1.0030831 seconds
[2021-12-31T03:35:06.666+0000][1][safepoint    ] Entering safepoint region: Cleanup
[2021-12-31T03:35:06.666+0000][1][safepoint    ] Leaving safepoint region
[2021-12-31T03:35:06.666+0000][1][safepoint    ] Total time for which application threads were stopped: 0.0003773 seconds, Stopping threads took: 0.0001710 seconds
[2021-12-31T03:35:07.669+0000][1][safepoint    ] Application time: 1.0023122 seconds
[2021-12-31T03:35:07.669+0000][1][safepoint    ] Entering safepoint region: Cleanup
[2021-12-31T03:35:07.669+0000][1][safepoint    ] Leaving safepoint region
[2021-12-31T03:35:07.669+0000][1][safepoint    ] Total time for which application threads were stopped: 0.0005189 seconds, Stopping threads took: 0.0002815 seconds
[2021-12-31T03:35:08.672+0000][1][safepoint    ] Application time: 1.0029244 seconds
[2021-12-31T03:35:08.673+0000][1][safepoint    ] Entering safepoint region: Cleanup
[2021-12-31T03:35:08.673+0000][1][safepoint    ] Leaving safepoint region
[2021-12-31T03:35:08.673+0000][1][safepoint    ] Total time for which application threads were stopped: 0.0002404 seconds, Stopping threads took: 0.0001100 seconds
[2021-12-31T03:35:09.673+0000][1][safepoint    ] Application time: 1.0001835 seconds
[2021-12-31T03:35:09.673+0000][1][safepoint    ] Entering safepoint region: Cleanup
[2021-12-31T03:35:09.674+0000][1][safepoint    ] Leaving safepoint region
[2021-12-31T03:35:09.674+0000][1][safepoint    ] Total time for which application threads were stopped: 0.0004735 seconds, Stopping threads took: 0.0002163 seconds
[2021-12-31T03:35:10.676+0000][1][safepoint    ] Application time: 1.0016922 seconds
[2021-12-31T03:35:10.676+0000][1][safepoint    ] Entering safepoint region: Cleanup
[2021-12-31T03:35:10.676+0000][1][safepoint    ] Leaving safepoint region
[2021-12-31T03:35:10.676+0000][1][safepoint    ] Total time for which application threads were stopped: 0.0004888 seconds, Stopping threads took: 0.0002381 seconds
[2021-12-31T03:35:11.678+0000][1][safepoint    ] Application time: 1.0017184 seconds
[2021-12-31T03:35:11.679+0000][1][safepoint    ] Entering safepoint region: Cleanup
[2021-12-31T03:35:11.679+0000][1][safepoint    ] Leaving safepoint region
[2021-12-31T03:35:11.679+0000][1][safepoint    ] Total time for which application threads were stopped: 0.0002241 seconds, Stopping threads took: 0.0000947 seconds
[2021-12-31T03:35:12.679+0000][1][safepoint    ] Application time: 1.0004433 seconds
[2021-12-31T03:35:12.680+0000][1][safepoint    ] Entering safepoint region: Cleanup
[2021-12-31T03:35:12.680+0000][1][safepoint    ] Leaving safepoint region
[2021-12-31T03:35:12.680+0000][1][safepoint    ] Total time for which application threads were stopped: 0.0002517 seconds, Stopping threads took: 0.0000963 seconds
[2021-12-31T03:35:13.682+0000][1][safepoint    ] Application time: 1.0023197 seconds
[2021-12-31T03:35:13.683+0000][1][safepoint    ] Entering safepoint region: Cleanup
[2021-12-31T03:35:13.683+0000][1][safepoint    ] Leaving safepoint region
[2021-12-31T03:35:13.683+0000][1][safepoint    ] Total time for which application threads were stopped: 0.0004255 seconds, Stopping threads took: 0.0002739 seconds
[2021-12-31T03:35:14.687+0000][1][safepoint    ] Application time: 1.0035454 seconds
[2021-12-31T03:35:14.687+0000][1][safepoint    ] Entering safepoint region: Cleanup
[2021-12-31T03:35:14.687+0000][1][safepoint    ] Leaving safepoint region
[2021-12-31T03:35:14.687+0000][1][safepoint    ] Total time for which application threads were stopped: 0.0002444 seconds, Stopping threads took: 0.0001058 seconds
[2021-12-31T03:35:15.689+0000][1][safepoint    ] Application time: 1.0016843 seconds
[2021-12-31T03:35:15.689+0000][1][safepoint    ] Entering safepoint region: Cleanup
[2021-12-31T03:35:15.689+0000][1][safepoint    ] Leaving safepoint region
[2021-12-31T03:35:15.689+0000][1][safepoint    ] Total time for which application threads were stopped: 0.0002611 seconds, Stopping threads took: 0.0001103 seconds
[2021-12-31T03:35:16.691+0000][1][safepoint    ] Application time: 1.0012665 seconds
[2021-12-31T03:35:16.691+0000][1][safepoint    ] Entering safepoint region: Cleanup
[2021-12-31T03:35:16.691+0000][1][safepoint    ] Leaving safepoint region
[2021-12-31T03:35:16.691+0000][1][safepoint    ] Total time for which application threads were stopped: 0.0004204 seconds, Stopping threads took: 0.0001374 seconds
[2021-12-31T03:35:17.692+0000][1][safepoint    ] Application time: 1.0006542 seconds
[2021-12-31T03:35:17.692+0000][1][safepoint    ] Entering safepoint region: Cleanup
[2021-12-31T03:35:17.693+0000][1][safepoint    ] Leaving safepoint region
[2021-12-31T03:35:17.693+0000][1][safepoint    ] Total time for which application threads were stopped: 0.0003707 seconds, Stopping threads took: 0.0001469 seconds
[2021-12-31T03:35:18.284+0000][1][safepoint    ] Application time: 0.5914539 seconds
[2021-12-31T03:35:18.285+0000][1][safepoint    ] Entering safepoint region: RevokeBias
[2021-12-31T03:35:18.285+0000][1][safepoint    ] Leaving safepoint region
[2021-12-31T03:35:18.285+0000][1][safepoint    ] Total time for which application threads were stopped: 0.0002237 seconds, Stopping threads took: 0.0000953 seconds
[2021-12-31T03:35:19.287+0000][1][safepoint    ] Application time: 1.0015529 seconds
[2021-12-31T03:35:19.287+0000][1][safepoint    ] Entering safepoint region: Cleanup
[2021-12-31T03:35:19.287+0000][1][safepoint    ] Leaving safepoint region
[2021-12-31T03:35:19.287+0000][1][safepoint    ] Total time for which application threads were stopped: 0.0004129 seconds, Stopping threads took: 0.0001821 seconds
[2021-12-31T03:35:20.289+0000][1][safepoint    ] Application time: 1.0015953 seconds
[2021-12-31T03:35:20.289+0000][1][safepoint    ] Entering safepoint region: Cleanup
[2021-12-31T03:35:20.290+0000][1][safepoint    ] Leaving safepoint region
[2021-12-31T03:35:20.290+0000][1][safepoint    ] Total time for which application threads were stopped: 0.0003497 seconds, Stopping threads took: 0.0001678 seconds
[2021-12-31T03:35:21.293+0000][1][safepoint    ] Application time: 1.0028242 seconds
[2021-12-31T03:35:21.293+0000][1][safepoint    ] Entering safepoint region: Cleanup
[2021-12-31T03:35:21.293+0000][1][safepoint    ] Leaving safepoint region
[2021-12-31T03:35:21.293+0000][1][safepoint    ] Total time for which application threads were stopped: 0.0002469 seconds, Stopping threads took: 0.0001032 seconds
[2021-12-31T03:35:22.295+0000][1][safepoint    ] Application time: 1.0013102 seconds
[2021-12-31T03:35:22.295+0000][1][safepoint    ] Entering safepoint region: Cleanup
[2021-12-31T03:35:22.295+0000][1][safepoint    ] Leaving safepoint region
[2021-12-31T03:35:22.295+0000][1][safepoint    ] Total time for which application threads were stopped: 0.0007021 seconds, Stopping threads took: 0.0002439 seconds
[2021-12-31T03:35:23.296+0000][1][safepoint    ] Application time: 1.0003081 seconds
[2021-12-31T03:35:23.296+0000][1][safepoint    ] Entering safepoint region: Cleanup
[2021-12-31T03:35:23.297+0000][1][safepoint    ] Leaving safepoint region
[2021-12-31T03:35:23.297+0000][1][safepoint    ] Total time for which application threads were stopped: 0.0003948 seconds, Stopping threads took: 0.0001996 seconds
[2021-12-31T03:35:24.298+0000][1][safepoint    ] Application time: 1.0011341 seconds
[2021-12-31T03:35:24.298+0000][1][safepoint    ] Entering safepoint region: Cleanup
[2021-12-31T03:35:24.298+0000][1][safepoint    ] Leaving safepoint region
[2021-12-31T03:35:24.299+0000][1][safepoint    ] Total time for which application threads were stopped: 0.0003649 seconds, Stopping threads took: 0.0001629 seconds
[2021-12-31T03:35:25.301+0000][1][safepoint    ] Application time: 1.0026107 seconds
[2021-12-31T03:35:25.301+0000][1][safepoint    ] Entering safepoint region: Cleanup
[2021-12-31T03:35:25.302+0000][1][safepoint    ] Leaving safepoint region
[2021-12-31T03:35:25.302+0000][1][safepoint    ] Total time for which application threads were stopped: 0.0002167 seconds, Stopping threads took: 0.0000958 seconds
[2021-12-31T03:35:26.305+0000][1][safepoint    ] Application time: 1.0030812 seconds
[2021-12-31T03:35:26.305+0000][1][safepoint    ] Entering safepoint region: Cleanup
[2021-12-31T03:35:26.305+0000][1][safepoint    ] Leaving safepoint region
[2021-12-31T03:35:26.305+0000][1][safepoint    ] Total time for which application threads were stopped: 0.0002456 seconds, Stopping threads took: 0.0001074 seconds
[2021-12-31T03:35:27.308+0000][1][safepoint    ] Application time: 1.0021895 seconds
[2021-12-31T03:35:27.308+0000][1][safepoint    ] Entering safepoint region: Cleanup
[2021-12-31T03:35:27.308+0000][1][safepoint    ] Leaving safepoint region
[2021-12-31T03:35:27.308+0000][1][safepoint    ] Total time for which application threads were stopped: 0.0002317 seconds, Stopping threads took: 0.0000994 seconds
[2021-12-31T03:35:28.309+0000][1][safepoint    ] Application time: 1.0008784 seconds
[2021-12-31T03:35:28.309+0000][1][safepoint    ] Entering safepoint region: Cleanup
[2021-12-31T03:35:28.309+0000][1][safepoint    ] Leaving safepoint region
[2021-12-31T03:35:28.309+0000][1][safepoint    ] Total time for which application threads were stopped: 0.0002565 seconds, Stopping threads took: 0.0001185 seconds
[2021-12-31T03:35:29.311+0000][1][safepoint    ] Application time: 1.0013680 seconds
[2021-12-31T03:35:29.311+0000][1][safepoint    ] Entering safepoint region: Cleanup
[2021-12-31T03:35:29.311+0000][1][safepoint    ] Leaving safepoint region
[2021-12-31T03:35:29.311+0000][1][safepoint    ] Total time for which application threads were stopped: 0.0003043 seconds, Stopping threads took: 0.0001177 seconds
[2021-12-31T03:35:30.314+0000][1][safepoint    ] Application time: 1.0023326 seconds
[2021-12-31T03:35:30.314+0000][1][safepoint    ] Entering safepoint region: Cleanup
[2021-12-31T03:35:30.314+0000][1][safepoint    ] Leaving safepoint region
[2021-12-31T03:35:30.314+0000][1][safepoint    ] Total time for which application threads were stopped: 0.0002656 seconds, Stopping threads took: 0.0001089 seconds
[2021-12-31T03:35:31.315+0000][1][safepoint    ] Application time: 1.0006952 seconds
[2021-12-31T03:35:31.315+0000][1][safepoint    ] Entering safepoint region: Cleanup
[2021-12-31T03:35:31.316+0000][1][safepoint    ] Leaving safepoint region
[2021-12-31T03:35:31.316+0000][1][safepoint    ] Total time for which application threads were stopped: 0.0002439 seconds, Stopping threads took: 0.0001054 seconds
[2021-12-31T03:35:32.318+0000][1][safepoint    ] Application time: 1.0027302 seconds
[2021-12-31T03:35:32.319+0000][1][safepoint    ] Entering safepoint region: Cleanup
[2021-12-31T03:35:32.319+0000][1][safepoint    ] Leaving safepoint region
[2021-12-31T03:35:32.319+0000][1][safepoint    ] Total time for which application threads were stopped: 0.0002284 seconds, Stopping threads took: 0.0000993 seconds
[2021-12-31T03:35:33.320+0000][1][safepoint    ] Application time: 1.0008378 seconds
[2021-12-31T03:35:33.320+0000][1][safepoint    ] Entering safepoint region: Cleanup
[2021-12-31T03:35:33.320+0000][1][safepoint    ] Leaving safepoint region
[2021-12-31T03:35:33.320+0000][1][safepoint    ] Total time for which application threads were stopped: 0.0002276 seconds, Stopping threads took: 0.0000960 seconds
[2021-12-31T03:35:34.321+0000][1][safepoint    ] Application time: 1.0003813 seconds
[2021-12-31T03:35:34.321+0000][1][safepoint    ] Entering safepoint region: Cleanup
[2021-12-31T03:35:34.321+0000][1][safepoint    ] Leaving safepoint region
[2021-12-31T03:35:34.321+0000][1][safepoint    ] Total time for which application threads were stopped: 0.0002251 seconds, Stopping threads took: 0.0000964 seconds
[2021-12-31T03:35:35.322+0000][1][safepoint    ] Application time: 1.0010467 seconds
[2021-12-31T03:35:35.323+0000][1][safepoint    ] Entering safepoint region: Cleanup
[2021-12-31T03:35:35.323+0000][1][safepoint    ] Leaving safepoint region
[2021-12-31T03:35:35.323+0000][1][safepoint    ] Total time for which application threads were stopped: 0.0003145 seconds, Stopping threads took: 0.0001519 seconds
[2021-12-31T03:35:36.323+0000][1][safepoint    ] Application time: 1.0004246 seconds
[2021-12-31T03:35:36.324+0000][1][safepoint    ] Entering safepoint region: Cleanup
[2021-12-31T03:35:36.324+0000][1][safepoint    ] Leaving safepoint region
[2021-12-31T03:35:36.324+0000][1][safepoint    ] Total time for which application threads were stopped: 0.0005180 seconds, Stopping threads took: 0.0002389 seconds
[2021-12-31T03:35:37.339+0000][1][safepoint    ] Application time: 1.0149486 seconds
[2021-12-31T03:35:37.340+0000][1][safepoint    ] Entering safepoint region: Cleanup
[2021-12-31T03:35:37.340+0000][1][safepoint    ] Leaving safepoint region
[2021-12-31T03:35:37.340+0000][1][safepoint    ] Total time for which application threads were stopped: 0.0004033 seconds, Stopping threads took: 0.0001851 seconds
[2021-12-31T03:35:38.347+0000][1][safepoint    ] Application time: 1.0072117 seconds
[2021-12-31T03:35:38.348+0000][1][safepoint    ] Entering safepoint region: Cleanup
[2021-12-31T03:35:38.348+0000][1][safepoint    ] Leaving safepoint region
[2021-12-31T03:35:38.348+0000][1][safepoint    ] Total time for which application threads were stopped: 0.0004232 seconds, Stopping threads took: 0.0001009 seconds
[2021-12-31T03:35:39.357+0000][1][safepoint    ] Application time: 1.0082421 seconds
[2021-12-31T03:35:39.357+0000][1][safepoint    ] Entering safepoint region: Cleanup
[2021-12-31T03:35:39.357+0000][1][safepoint    ] Leaving safepoint region
[2021-12-31T03:35:39.357+0000][1][safepoint    ] Total time for which application threads were stopped: 0.0002643 seconds, Stopping threads took: 0.0001305 seconds
[2021-12-31T03:35:40.366+0000][1][safepoint    ] Application time: 1.0084597 seconds
[2021-12-31T03:35:40.366+0000][1][safepoint    ] Entering safepoint region: Cleanup
[2021-12-31T03:35:40.366+0000][1][safepoint    ] Leaving safepoint region
[2021-12-31T03:35:40.367+0000][1][safepoint    ] Total time for which application threads were stopped: 0.0004173 seconds, Stopping threads took: 0.0001806 seconds
[2021-12-31T03:35:41.367+0000][1][safepoint    ] Application time: 1.0005868 seconds
[2021-12-31T03:35:41.368+0000][1][safepoint    ] Entering safepoint region: Cleanup
[2021-12-31T03:35:41.368+0000][1][safepoint    ] Leaving safepoint region
[2021-12-31T03:35:41.368+0000][1][safepoint    ] Total time for which application threads were stopped: 0.0007398 seconds, Stopping threads took: 0.0004518 seconds
[2021-12-31T03:35:42.370+0000][1][safepoint    ] Application time: 1.0010789 seconds
[2021-12-31T03:35:42.370+0000][1][safepoint    ] Entering safepoint region: Cleanup
[2021-12-31T03:35:42.370+0000][1][safepoint    ] Leaving safepoint region
[2021-12-31T03:35:42.370+0000][1][safepoint    ] Total time for which application threads were stopped: 0.0002480 seconds, Stopping threads took: 0.0001092 seconds
[2021-12-31T03:35:43.374+0000][1][safepoint    ] Application time: 1.0036569 seconds
[2021-12-31T03:35:43.374+0000][1][safepoint    ] Entering safepoint region: Cleanup
[2021-12-31T03:35:43.374+0000][1][safepoint    ] Leaving safepoint region
[2021-12-31T03:35:43.374+0000][1][safepoint    ] Total time for which application threads were stopped: 0.0002301 seconds, Stopping threads took: 0.0001027 seconds
[2021-12-31T03:35:44.377+0000][1][safepoint    ] Application time: 1.0028712 seconds
[2021-12-31T03:35:44.378+0000][1][safepoint    ] Entering safepoint region: Cleanup
[2021-12-31T03:35:44.378+0000][1][safepoint    ] Leaving safepoint region
[2021-12-31T03:35:44.378+0000][1][safepoint    ] Total time for which application threads were stopped: 0.0003446 seconds, Stopping threads took: 0.0001052 seconds
[2021-12-31T03:35:45.378+0000][1][safepoint    ] Application time: 1.0004453 seconds
[2021-12-31T03:35:45.379+0000][1][safepoint    ] Entering safepoint region: Cleanup
[2021-12-31T03:35:45.379+0000][1][safepoint    ] Leaving safepoint region
[2021-12-31T03:35:45.379+0000][1][safepoint    ] Total time for which application threads were stopped: 0.0002512 seconds, Stopping threads took: 0.0001007 seconds
[2021-12-31T03:35:46.380+0000][1][safepoint    ] Application time: 1.0010688 seconds
[2021-12-31T03:35:46.380+0000][1][safepoint    ] Entering safepoint region: Cleanup
[2021-12-31T03:35:46.381+0000][1][safepoint    ] Leaving safepoint region
[2021-12-31T03:35:46.381+0000][1][safepoint    ] Total time for which application threads were stopped: 0.0002409 seconds, Stopping threads took: 0.0001030 seconds
[2021-12-31T03:35:47.381+0000][1][safepoint    ] Application time: 1.0004858 seconds
[2021-12-31T03:35:47.381+0000][1][safepoint    ] Entering safepoint region: Cleanup
[2021-12-31T03:35:47.382+0000][1][safepoint    ] Leaving safepoint region
[2021-12-31T03:35:47.382+0000][1][safepoint    ] Total time for which application threads were stopped: 0.0002280 seconds, Stopping threads took: 0.0000988 seconds
[2021-12-31T03:35:48.384+0000][1][safepoint    ] Application time: 1.0026283 seconds
[2021-12-31T03:35:48.385+0000][1][safepoint    ] Entering safepoint region: Cleanup
[2021-12-31T03:35:48.385+0000][1][safepoint    ] Leaving safepoint region
[2021-12-31T03:35:48.385+0000][1][safepoint    ] Total time for which application threads were stopped: 0.0002622 seconds, Stopping threads took: 0.0001163 seconds
[2021-12-31T03:35:49.387+0000][1][safepoint    ] Application time: 1.0017953 seconds
[2021-12-31T03:35:49.387+0000][1][safepoint    ] Entering safepoint region: Cleanup
[2021-12-31T03:35:49.387+0000][1][safepoint    ] Leaving safepoint region
[2021-12-31T03:35:49.387+0000][1][safepoint    ] Total time for which application threads were stopped: 0.0002362 seconds, Stopping threads took: 0.0001005 seconds
[2021-12-31T03:35:50.391+0000][1][safepoint    ] Application time: 1.0032291 seconds
[2021-12-31T03:35:50.391+0000][1][safepoint    ] Entering safepoint region: Cleanup
[2021-12-31T03:35:50.391+0000][1][safepoint    ] Leaving safepoint region
[2021-12-31T03:35:50.391+0000][1][safepoint    ] Total time for which application threads were stopped: 0.0002479 seconds, Stopping threads took: 0.0001003 seconds
[2021-12-31T03:35:51.395+0000][1][safepoint    ] Application time: 1.0034880 seconds
[2021-12-31T03:35:51.395+0000][1][safepoint    ] Entering safepoint region: Cleanup
[2021-12-31T03:35:51.395+0000][1][safepoint    ] Leaving safepoint region
[2021-12-31T03:35:51.395+0000][1][safepoint    ] Total time for which application threads were stopped: 0.0002294 seconds, Stopping threads took: 0.0001017 seconds
[2021-12-31T03:35:52.398+0000][1][safepoint    ] Application time: 1.0027525 seconds
[2021-12-31T03:35:52.398+0000][1][safepoint    ] Entering safepoint region: Cleanup
[2021-12-31T03:35:52.398+0000][1][safepoint    ] Leaving safepoint region
[2021-12-31T03:35:52.398+0000][1][safepoint    ] Total time for which application threads were stopped: 0.0002157 seconds, Stopping threads took: 0.0000962 seconds
[2021-12-31T03:35:53.399+0000][1][safepoint    ] Application time: 1.0001267 seconds
[2021-12-31T03:35:53.399+0000][1][safepoint    ] Entering safepoint region: Cleanup
[2021-12-31T03:35:53.399+0000][1][safepoint    ] Leaving safepoint region
[2021-12-31T03:35:53.399+0000][1][safepoint    ] Total time for which application threads were stopped: 0.0002884 seconds, Stopping threads took: 0.0001117 seconds
[2021-12-31T03:35:54.401+0000][1][safepoint    ] Application time: 1.0019754 seconds
[2021-12-31T03:35:54.401+0000][1][safepoint    ] Entering safepoint region: Cleanup
[2021-12-31T03:35:54.402+0000][1][safepoint    ] Leaving safepoint region
[2021-12-31T03:35:54.402+0000][1][safepoint    ] Total time for which application threads were stopped: 0.0002455 seconds, Stopping threads took: 0.0001109 seconds
[2021-12-31T03:35:55.403+0000][1][safepoint    ] Application time: 1.0008912 seconds
[2021-12-31T03:35:55.403+0000][1][safepoint    ] Entering safepoint region: Cleanup
[2021-12-31T03:35:55.403+0000][1][safepoint    ] Leaving safepoint region
[2021-12-31T03:35:55.403+0000][1][safepoint    ] Total time for which application threads were stopped: 0.0002425 seconds, Stopping threads took: 0.0001043 seconds
[2021-12-31T03:35:56.406+0000][1][safepoint    ] Application time: 1.0033470 seconds
[2021-12-31T03:35:56.407+0000][1][safepoint    ] Entering safepoint region: Cleanup
[2021-12-31T03:35:56.407+0000][1][safepoint    ] Leaving safepoint region
[2021-12-31T03:35:56.407+0000][1][safepoint    ] Total time for which application threads were stopped: 0.0005229 seconds, Stopping threads took: 0.0002381 seconds
[2021-12-31T03:35:57.408+0000][1][safepoint    ] Application time: 1.0001950 seconds
[2021-12-31T03:35:57.408+0000][1][safepoint    ] Entering safepoint region: Cleanup
[2021-12-31T03:35:57.409+0000][1][safepoint    ] Leaving safepoint region
[2021-12-31T03:35:57.409+0000][1][safepoint    ] Total time for which application threads were stopped: 0.0005903 seconds, Stopping threads took: 0.0002740 seconds
[2021-12-31T03:35:58.413+0000][1][safepoint    ] Application time: 1.0036038 seconds
[2021-12-31T03:35:58.413+0000][1][safepoint    ] Entering safepoint region: Cleanup
[2021-12-31T03:35:58.413+0000][1][safepoint    ] Leaving safepoint region
[2021-12-31T03:35:58.413+0000][1][safepoint    ] Total time for which application threads were stopped: 0.0002685 seconds, Stopping threads took: 0.0001196 seconds
[2021-12-31T03:35:59.415+0000][1][safepoint    ] Application time: 1.0018456 seconds
[2021-12-31T03:35:59.416+0000][1][safepoint    ] Entering safepoint region: Cleanup
[2021-12-31T03:35:59.416+0000][1][safepoint    ] Leaving safepoint region
[2021-12-31T03:35:59.416+0000][1][safepoint    ] Total time for which application threads were stopped: 0.0002681 seconds, Stopping threads took: 0.0001347 seconds
[2021-12-31T03:36:00.418+0000][1][safepoint    ] Application time: 1.0023059 seconds
[2021-12-31T03:36:00.418+0000][1][safepoint    ] Entering safepoint region: Cleanup
[2021-12-31T03:36:00.419+0000][1][safepoint    ] Leaving safepoint region
[2021-12-31T03:36:00.419+0000][1][safepoint    ] Total time for which application threads were stopped: 0.0002478 seconds, Stopping threads took: 0.0001090 seconds
[2021-12-31T03:36:01.420+0000][1][safepoint    ] Application time: 1.0014203 seconds
[2021-12-31T03:36:01.420+0000][1][safepoint    ] Entering safepoint region: Cleanup
[2021-12-31T03:36:01.421+0000][1][safepoint    ] Leaving safepoint region
[2021-12-31T03:36:01.421+0000][1][safepoint    ] Total time for which application threads were stopped: 0.0002320 seconds, Stopping threads took: 0.0001019 seconds
[2021-12-31T03:36:02.421+0000][1][safepoint    ] Application time: 1.0003761 seconds
[2021-12-31T03:36:02.421+0000][1][safepoint    ] Entering safepoint region: Cleanup
[2021-12-31T03:36:02.421+0000][1][safepoint    ] Leaving safepoint region
[2021-12-31T03:36:02.421+0000][1][safepoint    ] Total time for which application threads were stopped: 0.0002380 seconds, Stopping threads took: 0.0001014 seconds
[2021-12-31T03:36:03.422+0000][1][safepoint    ] Application time: 1.0005942 seconds
[2021-12-31T03:36:03.422+0000][1][safepoint    ] Entering safepoint region: Cleanup
[2021-12-31T03:36:03.423+0000][1][safepoint    ] Leaving safepoint region
[2021-12-31T03:36:03.423+0000][1][safepoint    ] Total time for which application threads were stopped: 0.0002451 seconds, Stopping threads took: 0.0001070 seconds
[2021-12-31T03:36:04.425+0000][1][safepoint    ] Application time: 1.0025635 seconds
[2021-12-31T03:36:04.426+0000][1][safepoint    ] Entering safepoint region: Cleanup
[2021-12-31T03:36:04.426+0000][1][safepoint    ] Leaving safepoint region
[2021-12-31T03:36:04.426+0000][1][safepoint    ] Total time for which application threads were stopped: 0.0002681 seconds, Stopping threads took: 0.0001178 seconds
[2021-12-31T03:36:05.427+0000][1][safepoint    ] Application time: 1.0010615 seconds
[2021-12-31T03:36:05.427+0000][1][safepoint    ] Entering safepoint region: Cleanup
[2021-12-31T03:36:05.427+0000][1][safepoint    ] Leaving safepoint region
[2021-12-31T03:36:05.427+0000][1][safepoint    ] Total time for which application threads were stopped: 0.0002135 seconds, Stopping threads took: 0.0000962 seconds
[2021-12-31T03:36:06.428+0000][1][safepoint    ] Application time: 1.0008521 seconds
[2021-12-31T03:36:06.429+0000][1][safepoint    ] Entering safepoint region: Cleanup
[2021-12-31T03:36:06.429+0000][1][safepoint    ] Leaving safepoint region
[2021-12-31T03:36:06.429+0000][1][safepoint    ] Total time for which application threads were stopped: 0.0004272 seconds, Stopping threads took: 0.0001886 seconds
[2021-12-31T03:36:07.431+0000][1][safepoint    ] Application time: 1.0019404 seconds
[2021-12-31T03:36:07.431+0000][1][safepoint    ] Entering safepoint region: Cleanup
[2021-12-31T03:36:07.432+0000][1][safepoint    ] Leaving safepoint region
[2021-12-31T03:36:07.432+0000][1][safepoint    ] Total time for which application threads were stopped: 0.0002474 seconds, Stopping threads took: 0.0001039 seconds
[2021-12-31T03:36:08.433+0000][1][safepoint    ] Application time: 1.0010313 seconds
[2021-12-31T03:36:08.433+0000][1][safepoint    ] Entering safepoint region: Cleanup
[2021-12-31T03:36:08.433+0000][1][safepoint    ] Leaving safepoint region
[2021-12-31T03:36:08.433+0000][1][safepoint    ] Total time for which application threads were stopped: 0.0002531 seconds, Stopping threads took: 0.0001076 seconds
[2021-12-31T03:36:09.437+0000][1][safepoint    ] Application time: 1.0040741 seconds
[2021-12-31T03:36:09.438+0000][1][safepoint    ] Entering safepoint region: Cleanup
[2021-12-31T03:36:09.438+0000][1][safepoint    ] Leaving safepoint region
[2021-12-31T03:36:09.438+0000][1][safepoint    ] Total time for which application threads were stopped: 0.0004742 seconds, Stopping threads took: 0.0002184 seconds
[2021-12-31T03:36:10.449+0000][1][safepoint    ] Application time: 1.0100214 seconds
[2021-12-31T03:36:10.449+0000][1][safepoint    ] Entering safepoint region: Cleanup
[2021-12-31T03:36:10.449+0000][1][safepoint    ] Leaving safepoint region
[2021-12-31T03:36:10.449+0000][1][safepoint    ] Total time for which application threads were stopped: 0.0004757 seconds, Stopping threads took: 0.0002155 seconds
[2021-12-31T03:36:11.458+0000][1][safepoint    ] Application time: 1.0084770 seconds
[2021-12-31T03:36:11.458+0000][1][safepoint    ] Entering safepoint region: Cleanup
[2021-12-31T03:36:11.459+0000][1][safepoint    ] Leaving safepoint region
[2021-12-31T03:36:11.459+0000][1][safepoint    ] Total time for which application threads were stopped: 0.0007542 seconds, Stopping threads took: 0.0003543 seconds
[2021-12-31T03:36:12.465+0000][1][safepoint    ] Application time: 1.0054642 seconds
[2021-12-31T03:36:12.465+0000][1][safepoint    ] Entering safepoint region: Cleanup
[2021-12-31T03:36:12.465+0000][1][safepoint    ] Leaving safepoint region
[2021-12-31T03:36:12.465+0000][1][safepoint    ] Total time for which application threads were stopped: 0.0002803 seconds, Stopping threads took: 0.0001227 seconds
[2021-12-31T03:36:13.468+0000][1][safepoint    ] Application time: 1.0025100 seconds
[2021-12-31T03:36:13.468+0000][1][safepoint    ] Entering safepoint region: Cleanup
[2021-12-31T03:36:13.469+0000][1][safepoint    ] Leaving safepoint region
[2021-12-31T03:36:13.469+0000][1][safepoint    ] Total time for which application threads were stopped: 0.0003533 seconds, Stopping threads took: 0.0001666 seconds
[2021-12-31T03:36:14.470+0000][1][safepoint    ] Application time: 1.0008709 seconds
[2021-12-31T03:36:14.470+0000][1][safepoint    ] Entering safepoint region: Cleanup
[2021-12-31T03:36:14.470+0000][1][safepoint    ] Leaving safepoint region
[2021-12-31T03:36:14.471+0000][1][safepoint    ] Total time for which application threads were stopped: 0.0005999 seconds, Stopping threads took: 0.0002637 seconds
[2021-12-31T03:36:15.473+0000][1][safepoint    ] Application time: 1.0020435 seconds
[2021-12-31T03:36:15.473+0000][1][safepoint    ] Entering safepoint region: Cleanup
[2021-12-31T03:36:15.473+0000][1][safepoint    ] Leaving safepoint region
[2021-12-31T03:36:15.473+0000][1][safepoint    ] Total time for which application threads were stopped: 0.0002466 seconds, Stopping threads took: 0.0001032 seconds
[2021-12-31T03:36:16.127+0000][1][safepoint    ] Application time: 0.6532781 seconds
[2021-12-31T03:36:16.127+0000][1][safepoint    ] Entering safepoint region: GenCollectForAllocation
[2021-12-31T03:36:16.127+0000][1][gc,start     ] GC(52) Pause Young (Allocation Failure)
[2021-12-31T03:36:16.128+0000][1][gc,task      ] GC(52) Using 1 workers of 1 for evacuation
[2021-12-31T03:36:16.131+0000][1][gc,age       ] GC(52) Desired survivor size 4358144 bytes, new threshold 6 (max threshold 6)
[2021-12-31T03:36:16.131+0000][1][gc,age       ] GC(52) Age table with threshold 6 (max threshold 6)
[2021-12-31T03:36:16.131+0000][1][gc,age       ] GC(52) - age   1:       6960 bytes,       6960 total
[2021-12-31T03:36:16.131+0000][1][gc,age       ] GC(52) - age   2:        240 bytes,       7200 total
[2021-12-31T03:36:16.131+0000][1][gc,age       ] GC(52) - age   4:      72224 bytes,      79424 total
[2021-12-31T03:36:16.132+0000][1][gc,age       ] GC(52) - age   5:        120 bytes,      79544 total
[2021-12-31T03:36:16.132+0000][1][gc,age       ] GC(52) - age   6:        792 bytes,      80336 total
[2021-12-31T03:36:16.132+0000][1][gc,heap      ] GC(52) ParNew: 68410K->146K(76672K)
[2021-12-31T03:36:16.132+0000][1][gc,heap      ] GC(52) CMS: 127749K->127750K(439104K)
[2021-12-31T03:36:16.132+0000][1][gc,metaspace ] GC(52) Metaspace: 73788K->73788K(1116160K)
[2021-12-31T03:36:16.132+0000][1][gc           ] GC(52) Pause Young (Allocation Failure) 191M->124M(503M) 4.547ms
[2021-12-31T03:36:16.132+0000][1][gc,cpu       ] GC(52) User=0.01s Sys=0.00s Real=0.01s
[2021-12-31T03:36:16.132+0000][1][safepoint    ] Leaving safepoint region
[2021-12-31T03:36:16.132+0000][1][safepoint    ] Total time for which application threads were stopped: 0.0052444 seconds, Stopping threads took: 0.0003756 seconds
[2021-12-31T03:36:17.134+0000][1][safepoint    ] Application time: 1.0020798 seconds
[2021-12-31T03:36:17.135+0000][1][safepoint    ] Entering safepoint region: Cleanup
[2021-12-31T03:36:17.135+0000][1][safepoint    ] Leaving safepoint region
[2021-12-31T03:36:17.135+0000][1][safepoint    ] Total time for which application threads were stopped: 0.0003814 seconds, Stopping threads took: 0.0001558 seconds
[2021-12-31T03:36:18.135+0000][1][safepoint    ] Application time: 1.0001652 seconds
[2021-12-31T03:36:18.136+0000][1][safepoint    ] Entering safepoint region: Cleanup
[2021-12-31T03:36:18.136+0000][1][safepoint    ] Leaving safepoint region
[2021-12-31T03:36:18.136+0000][1][safepoint    ] Total time for which application threads were stopped: 0.0005344 seconds, Stopping threads took: 0.0002588 seconds
[2021-12-31T03:36:18.298+0000][1][safepoint    ] Application time: 0.1616150 seconds
[2021-12-31T03:36:18.298+0000][1][safepoint    ] Entering safepoint region: RevokeBias
[2021-12-31T03:36:18.299+0000][1][safepoint    ] Leaving safepoint region
[2021-12-31T03:36:18.299+0000][1][safepoint    ] Total time for which application threads were stopped: 0.0004048 seconds, Stopping threads took: 0.0001725 seconds
[2021-12-31T03:36:19.303+0000][1][safepoint    ] Application time: 1.0039347 seconds
[2021-12-31T03:36:19.303+0000][1][safepoint    ] Entering safepoint region: Cleanup
[2021-12-31T03:36:19.303+0000][1][safepoint    ] Leaving safepoint region
[2021-12-31T03:36:19.303+0000][1][safepoint    ] Total time for which application threads were stopped: 0.0003257 seconds, Stopping threads took: 0.0000972 seconds
[2021-12-31T03:36:20.305+0000][1][safepoint    ] Application time: 1.0010985 seconds
[2021-12-31T03:36:20.305+0000][1][safepoint    ] Entering safepoint region: Cleanup
[2021-12-31T03:36:20.305+0000][1][safepoint    ] Leaving safepoint region
[2021-12-31T03:36:20.305+0000][1][safepoint    ] Total time for which application threads were stopped: 0.0002605 seconds, Stopping threads took: 0.0001032 seconds
[2021-12-31T03:36:21.306+0000][1][safepoint    ] Application time: 1.0012413 seconds
[2021-12-31T03:36:21.307+0000][1][safepoint    ] Entering safepoint region: Cleanup
[2021-12-31T03:36:21.307+0000][1][safepoint    ] Leaving safepoint region
[2021-12-31T03:36:21.307+0000][1][safepoint    ] Total time for which application threads were stopped: 0.0002186 seconds, Stopping threads took: 0.0000928 seconds
[2021-12-31T03:36:22.310+0000][1][safepoint    ] Application time: 1.0031336 seconds
[2021-12-31T03:36:22.310+0000][1][safepoint    ] Entering safepoint region: Cleanup
[2021-12-31T03:36:22.311+0000][1][safepoint    ] Leaving safepoint region
[2021-12-31T03:36:22.311+0000][1][safepoint    ] Total time for which application threads were stopped: 0.0004422 seconds, Stopping threads took: 0.0001970 seconds
[2021-12-31T03:36:23.314+0000][1][safepoint    ] Application time: 1.0028798 seconds
[2021-12-31T03:36:23.314+0000][1][safepoint    ] Entering safepoint region: Cleanup
[2021-12-31T03:36:23.314+0000][1][safepoint    ] Leaving safepoint region
[2021-12-31T03:36:23.314+0000][1][safepoint    ] Total time for which application threads were stopped: 0.0002957 seconds, Stopping threads took: 0.0001292 seconds
[2021-12-31T03:36:24.318+0000][1][safepoint    ] Application time: 1.0036388 seconds
[2021-12-31T03:36:24.318+0000][1][safepoint    ] Entering safepoint region: Cleanup
[2021-12-31T03:36:24.319+0000][1][safepoint    ] Leaving safepoint region
[2021-12-31T03:36:24.319+0000][1][safepoint    ] Total time for which application threads were stopped: 0.0002347 seconds, Stopping threads took: 0.0001041 seconds
[2021-12-31T03:36:25.319+0000][1][safepoint    ] Application time: 1.0003673 seconds
[2021-12-31T03:36:25.319+0000][1][safepoint    ] Entering safepoint region: Cleanup
[2021-12-31T03:36:25.319+0000][1][safepoint    ] Leaving safepoint region
[2021-12-31T03:36:25.320+0000][1][safepoint    ] Total time for which application threads were stopped: 0.0002341 seconds, Stopping threads took: 0.0001043 seconds
[2021-12-31T03:36:26.323+0000][1][safepoint    ] Application time: 1.0032439 seconds
[2021-12-31T03:36:26.323+0000][1][safepoint    ] Entering safepoint region: Cleanup
[2021-12-31T03:36:26.323+0000][1][safepoint    ] Leaving safepoint region
[2021-12-31T03:36:26.323+0000][1][safepoint    ] Total time for which application threads were stopped: 0.0002544 seconds, Stopping threads took: 0.0001167 seconds
[2021-12-31T03:36:27.324+0000][1][safepoint    ] Application time: 1.0007900 seconds
[2021-12-31T03:36:27.325+0000][1][safepoint    ] Entering safepoint region: Cleanup
[2021-12-31T03:36:27.325+0000][1][safepoint    ] Leaving safepoint region
[2021-12-31T03:36:27.325+0000][1][safepoint    ] Total time for which application threads were stopped: 0.0005123 seconds, Stopping threads took: 0.0002272 seconds
[2021-12-31T03:36:28.328+0000][1][safepoint    ] Application time: 1.0028115 seconds
[2021-12-31T03:36:28.329+0000][1][safepoint    ] Entering safepoint region: Cleanup
[2021-12-31T03:36:28.329+0000][1][safepoint    ] Leaving safepoint region
[2021-12-31T03:36:28.329+0000][1][safepoint    ] Total time for which application threads were stopped: 0.0005108 seconds, Stopping threads took: 0.0002659 seconds
[2021-12-31T03:36:29.332+0000][1][safepoint    ] Application time: 1.0022200 seconds
[2021-12-31T03:36:29.332+0000][1][safepoint    ] Entering safepoint region: Cleanup
[2021-12-31T03:36:29.332+0000][1][safepoint    ] Leaving safepoint region
[2021-12-31T03:36:29.332+0000][1][safepoint    ] Total time for which application threads were stopped: 0.0002346 seconds, Stopping threads took: 0.0001039 seconds
[2021-12-31T03:36:30.333+0000][1][safepoint    ] Application time: 1.0006817 seconds
[2021-12-31T03:36:30.333+0000][1][safepoint    ] Entering safepoint region: Cleanup
[2021-12-31T03:36:30.333+0000][1][safepoint    ] Leaving safepoint region
[2021-12-31T03:36:30.333+0000][1][safepoint    ] Total time for which application threads were stopped: 0.0002682 seconds, Stopping threads took: 0.0001142 seconds
[2021-12-31T03:36:31.335+0000][1][safepoint    ] Application time: 1.0013498 seconds
[2021-12-31T03:36:31.335+0000][1][safepoint    ] Entering safepoint region: Cleanup
[2021-12-31T03:36:31.335+0000][1][safepoint    ] Leaving safepoint region
[2021-12-31T03:36:31.335+0000][1][safepoint    ] Total time for which application threads were stopped: 0.0002457 seconds, Stopping threads took: 0.0001067 seconds
[2021-12-31T03:36:32.336+0000][1][safepoint    ] Application time: 1.0009686 seconds
[2021-12-31T03:36:32.336+0000][1][safepoint    ] Entering safepoint region: Cleanup
[2021-12-31T03:36:32.337+0000][1][safepoint    ] Leaving safepoint region
[2021-12-31T03:36:32.337+0000][1][safepoint    ] Total time for which application threads were stopped: 0.0003461 seconds, Stopping threads took: 0.0001703 seconds
[2021-12-31T03:36:33.340+0000][1][safepoint    ] Application time: 1.0026351 seconds
[2021-12-31T03:36:33.340+0000][1][safepoint    ] Entering safepoint region: Cleanup
[2021-12-31T03:36:33.340+0000][1][safepoint    ] Leaving safepoint region
[2021-12-31T03:36:33.340+0000][1][safepoint    ] Total time for which application threads were stopped: 0.0004940 seconds, Stopping threads took: 0.0002170 seconds
[2021-12-31T03:36:34.343+0000][1][safepoint    ] Application time: 1.0026025 seconds
[2021-12-31T03:36:34.344+0000][1][safepoint    ] Entering safepoint region: Cleanup
[2021-12-31T03:36:34.344+0000][1][safepoint    ] Leaving safepoint region
[2021-12-31T03:36:34.344+0000][1][safepoint    ] Total time for which application threads were stopped: 0.0002724 seconds, Stopping threads took: 0.0000922 seconds
[2021-12-31T03:36:35.344+0000][1][safepoint    ] Application time: 1.0003750 seconds
[2021-12-31T03:36:35.345+0000][1][safepoint    ] Entering safepoint region: Cleanup
[2021-12-31T03:36:35.345+0000][1][safepoint    ] Leaving safepoint region
[2021-12-31T03:36:35.345+0000][1][safepoint    ] Total time for which application threads were stopped: 0.0002526 seconds, Stopping threads took: 0.0001176 seconds
[2021-12-31T03:36:36.347+0000][1][safepoint    ] Application time: 1.0024550 seconds
[2021-12-31T03:36:36.348+0000][1][safepoint    ] Entering safepoint region: Cleanup
[2021-12-31T03:36:36.348+0000][1][safepoint    ] Leaving safepoint region
[2021-12-31T03:36:36.348+0000][1][safepoint    ] Total time for which application threads were stopped: 0.0005462 seconds, Stopping threads took: 0.0002383 seconds
[2021-12-31T03:36:37.352+0000][1][safepoint    ] Application time: 1.0033288 seconds
[2021-12-31T03:36:37.352+0000][1][safepoint    ] Entering safepoint region: Cleanup
[2021-12-31T03:36:37.352+0000][1][safepoint    ] Leaving safepoint region
[2021-12-31T03:36:37.353+0000][1][safepoint    ] Total time for which application threads were stopped: 0.0005117 seconds, Stopping threads took: 0.0001276 seconds
[2021-12-31T03:36:38.355+0000][1][safepoint    ] Application time: 1.0019166 seconds
[2021-12-31T03:36:38.355+0000][1][safepoint    ] Entering safepoint region: Cleanup
[2021-12-31T03:36:38.355+0000][1][safepoint    ] Leaving safepoint region
[2021-12-31T03:36:38.356+0000][1][safepoint    ] Total time for which application threads were stopped: 0.0006017 seconds, Stopping threads took: 0.0002459 seconds
[2021-12-31T03:36:39.358+0000][1][safepoint    ] Application time: 1.0016390 seconds
[2021-12-31T03:36:39.358+0000][1][safepoint    ] Entering safepoint region: Cleanup
[2021-12-31T03:36:39.358+0000][1][safepoint    ] Leaving safepoint region
[2021-12-31T03:36:39.358+0000][1][safepoint    ] Total time for which application threads were stopped: 0.0002421 seconds, Stopping threads took: 0.0001126 seconds
[2021-12-31T03:36:40.360+0000][1][safepoint    ] Application time: 1.0018252 seconds
[2021-12-31T03:36:40.360+0000][1][safepoint    ] Entering safepoint region: Cleanup
[2021-12-31T03:36:40.360+0000][1][safepoint    ] Leaving safepoint region
[2021-12-31T03:36:40.360+0000][1][safepoint    ] Total time for which application threads were stopped: 0.0002240 seconds, Stopping threads took: 0.0000959 seconds
[2021-12-31T03:36:41.363+0000][1][safepoint    ] Application time: 1.0027548 seconds
[2021-12-31T03:36:41.364+0000][1][safepoint    ] Entering safepoint region: Cleanup
[2021-12-31T03:36:41.364+0000][1][safepoint    ] Leaving safepoint region
[2021-12-31T03:36:41.364+0000][1][safepoint    ] Total time for which application threads were stopped: 0.0002466 seconds, Stopping threads took: 0.0001174 seconds
[2021-12-31T03:36:42.364+0000][1][safepoint    ] Application time: 1.0005393 seconds
[2021-12-31T03:36:42.365+0000][1][safepoint    ] Entering safepoint region: Cleanup
[2021-12-31T03:36:42.365+0000][1][safepoint    ] Leaving safepoint region
[2021-12-31T03:36:42.365+0000][1][safepoint    ] Total time for which application threads were stopped: 0.0002303 seconds, Stopping threads took: 0.0001014 seconds
[2021-12-31T03:36:43.367+0000][1][safepoint    ] Application time: 1.0017391 seconds
[2021-12-31T03:36:43.367+0000][1][safepoint    ] Entering safepoint region: Cleanup
[2021-12-31T03:36:43.367+0000][1][safepoint    ] Leaving safepoint region
[2021-12-31T03:36:43.367+0000][1][safepoint    ] Total time for which application threads were stopped: 0.0002616 seconds, Stopping threads took: 0.0001176 seconds
[2021-12-31T03:36:44.369+0000][1][safepoint    ] Application time: 1.0014856 seconds
[2021-12-31T03:36:44.369+0000][1][safepoint    ] Entering safepoint region: Cleanup
[2021-12-31T03:36:44.369+0000][1][safepoint    ] Leaving safepoint region
[2021-12-31T03:36:44.369+0000][1][safepoint    ] Total time for which application threads were stopped: 0.0003564 seconds, Stopping threads took: 0.0001121 seconds
[2021-12-31T03:36:45.370+0000][1][safepoint    ] Application time: 1.0001837 seconds
[2021-12-31T03:36:45.370+0000][1][safepoint    ] Entering safepoint region: Cleanup
[2021-12-31T03:36:45.370+0000][1][safepoint    ] Leaving safepoint region
[2021-12-31T03:36:45.370+0000][1][safepoint    ] Total time for which application threads were stopped: 0.0002328 seconds, Stopping threads took: 0.0001023 seconds
[2021-12-31T03:36:46.374+0000][1][safepoint    ] Application time: 1.0034589 seconds
[2021-12-31T03:36:46.374+0000][1][safepoint    ] Entering safepoint region: Cleanup
[2021-12-31T03:36:46.374+0000][1][safepoint    ] Leaving safepoint region
[2021-12-31T03:36:46.374+0000][1][safepoint    ] Total time for which application threads were stopped: 0.0003617 seconds, Stopping threads took: 0.0001605 seconds
[2021-12-31T03:36:47.376+0000][1][safepoint    ] Application time: 1.0013669 seconds
[2021-12-31T03:36:47.376+0000][1][safepoint    ] Entering safepoint region: Cleanup
[2021-12-31T03:36:47.376+0000][1][safepoint    ] Leaving safepoint region
[2021-12-31T03:36:47.376+0000][1][safepoint    ] Total time for which application threads were stopped: 0.0002781 seconds, Stopping threads took: 0.0001072 seconds
[2021-12-31T03:36:49.304+0000][1][safepoint    ] Application time: 1.9276406 seconds
[2021-12-31T03:36:49.304+0000][1][safepoint    ] Entering safepoint region: Cleanup
[2021-12-31T03:36:49.304+0000][1][safepoint    ] Leaving safepoint region
[2021-12-31T03:36:49.304+0000][1][safepoint    ] Total time for which application threads were stopped: 0.0002294 seconds, Stopping threads took: 0.0001063 seconds
[2021-12-31T03:36:50.307+0000][1][safepoint    ] Application time: 1.0019577 seconds
[2021-12-31T03:36:50.307+0000][1][safepoint    ] Entering safepoint region: Cleanup
[2021-12-31T03:36:50.307+0000][1][safepoint    ] Leaving safepoint region
[2021-12-31T03:36:50.307+0000][1][safepoint    ] Total time for which application threads were stopped: 0.0002476 seconds, Stopping threads took: 0.0001078 seconds
[2021-12-31T03:36:51.308+0000][1][safepoint    ] Application time: 1.0010642 seconds
[2021-12-31T03:36:51.308+0000][1][safepoint    ] Entering safepoint region: Cleanup
[2021-12-31T03:36:51.309+0000][1][safepoint    ] Leaving safepoint region
[2021-12-31T03:36:51.309+0000][1][safepoint    ] Total time for which application threads were stopped: 0.0002597 seconds, Stopping threads took: 0.0001072 seconds
[2021-12-31T03:36:52.312+0000][1][safepoint    ] Application time: 1.0031019 seconds
[2021-12-31T03:36:52.312+0000][1][safepoint    ] Entering safepoint region: Cleanup
[2021-12-31T03:36:52.313+0000][1][safepoint    ] Leaving safepoint region
[2021-12-31T03:36:52.313+0000][1][safepoint    ] Total time for which application threads were stopped: 0.0004875 seconds, Stopping threads took: 0.0002277 seconds
[2021-12-31T03:36:53.315+0000][1][safepoint    ] Application time: 1.0018949 seconds
[2021-12-31T03:36:53.315+0000][1][safepoint    ] Entering safepoint region: Cleanup
[2021-12-31T03:36:53.315+0000][1][safepoint    ] Leaving safepoint region
[2021-12-31T03:36:53.315+0000][1][safepoint    ] Total time for which application threads were stopped: 0.0002238 seconds, Stopping threads took: 0.0000971 seconds
[2021-12-31T03:36:54.316+0000][1][safepoint    ] Application time: 1.0003077 seconds
[2021-12-31T03:36:54.316+0000][1][safepoint    ] Entering safepoint region: Cleanup
[2021-12-31T03:36:54.316+0000][1][safepoint    ] Leaving safepoint region
[2021-12-31T03:36:54.316+0000][1][safepoint    ] Total time for which application threads were stopped: 0.0002075 seconds, Stopping threads took: 0.0000888 seconds
[2021-12-31T03:36:55.318+0000][1][safepoint    ] Application time: 1.0022501 seconds
[2021-12-31T03:36:55.319+0000][1][safepoint    ] Entering safepoint region: Cleanup
[2021-12-31T03:36:55.319+0000][1][safepoint    ] Leaving safepoint region
[2021-12-31T03:36:55.319+0000][1][safepoint    ] Total time for which application threads were stopped: 0.0002250 seconds, Stopping threads took: 0.0001052 seconds
[2021-12-31T03:36:56.322+0000][1][safepoint    ] Application time: 1.0030544 seconds
[2021-12-31T03:36:56.322+0000][1][safepoint    ] Entering safepoint region: Cleanup
[2021-12-31T03:36:56.322+0000][1][safepoint    ] Leaving safepoint region
[2021-12-31T03:36:56.322+0000][1][safepoint    ] Total time for which application threads were stopped: 0.0002844 seconds, Stopping threads took: 0.0000913 seconds
[2021-12-31T03:36:57.323+0000][1][safepoint    ] Application time: 1.0006053 seconds
[2021-12-31T03:36:57.323+0000][1][safepoint    ] Entering safepoint region: Cleanup
[2021-12-31T03:36:57.324+0000][1][safepoint    ] Leaving safepoint region
[2021-12-31T03:36:57.324+0000][1][safepoint    ] Total time for which application threads were stopped: 0.0004124 seconds, Stopping threads took: 0.0002138 seconds
[2021-12-31T03:36:58.326+0000][1][safepoint    ] Application time: 1.0016446 seconds
[2021-12-31T03:36:58.326+0000][1][safepoint    ] Entering safepoint region: Cleanup
[2021-12-31T03:36:58.326+0000][1][safepoint    ] Leaving safepoint region
[2021-12-31T03:36:58.326+0000][1][safepoint    ] Total time for which application threads were stopped: 0.0002221 seconds, Stopping threads took: 0.0000950 seconds
[2021-12-31T03:36:59.329+0000][1][safepoint    ] Application time: 1.0030827 seconds
[2021-12-31T03:36:59.329+0000][1][safepoint    ] Entering safepoint region: Cleanup
[2021-12-31T03:36:59.329+0000][1][safepoint    ] Leaving safepoint region
[2021-12-31T03:36:59.330+0000][1][safepoint    ] Total time for which application threads were stopped: 0.0002292 seconds, Stopping threads took: 0.0000995 seconds
[2021-12-31T03:37:00.330+0000][1][safepoint    ] Application time: 1.0006605 seconds
[2021-12-31T03:37:00.331+0000][1][safepoint    ] Entering safepoint region: Cleanup
[2021-12-31T03:37:00.331+0000][1][safepoint    ] Leaving safepoint region
[2021-12-31T03:37:00.331+0000][1][safepoint    ] Total time for which application threads were stopped: 0.0002438 seconds, Stopping threads took: 0.0001032 seconds
[2021-12-31T03:37:01.331+0000][1][safepoint    ] Application time: 1.0005936 seconds
[2021-12-31T03:37:01.332+0000][1][safepoint    ] Entering safepoint region: Cleanup
[2021-12-31T03:37:01.332+0000][1][safepoint    ] Leaving safepoint region
[2021-12-31T03:37:01.332+0000][1][safepoint    ] Total time for which application threads were stopped: 0.0002447 seconds, Stopping threads took: 0.0001057 seconds
[2021-12-31T03:37:02.338+0000][1][safepoint    ] Application time: 1.0056034 seconds
[2021-12-31T03:37:02.338+0000][1][safepoint    ] Entering safepoint region: Cleanup
[2021-12-31T03:37:02.338+0000][1][safepoint    ] Leaving safepoint region
[2021-12-31T03:37:02.338+0000][1][safepoint    ] Total time for which application threads were stopped: 0.0003124 seconds, Stopping threads took: 0.0001170 seconds
[2021-12-31T03:37:03.342+0000][1][safepoint    ] Application time: 1.0039194 seconds
[2021-12-31T03:37:03.342+0000][1][safepoint    ] Entering safepoint region: Cleanup
[2021-12-31T03:37:03.343+0000][1][safepoint    ] Leaving safepoint region
[2021-12-31T03:37:03.343+0000][1][safepoint    ] Total time for which application threads were stopped: 0.0002668 seconds, Stopping threads took: 0.0001178 seconds
[2021-12-31T03:37:04.346+0000][1][safepoint    ] Application time: 1.0033219 seconds
[2021-12-31T03:37:04.346+0000][1][safepoint    ] Entering safepoint region: Cleanup
[2021-12-31T03:37:04.347+0000][1][safepoint    ] Leaving safepoint region
[2021-12-31T03:37:04.347+0000][1][safepoint    ] Total time for which application threads were stopped: 0.0002552 seconds, Stopping threads took: 0.0001138 seconds
[2021-12-31T03:37:05.347+0000][1][safepoint    ] Application time: 1.0007125 seconds
[2021-12-31T03:37:05.348+0000][1][safepoint    ] Entering safepoint region: Cleanup
[2021-12-31T03:37:05.348+0000][1][safepoint    ] Leaving safepoint region
[2021-12-31T03:37:05.348+0000][1][safepoint    ] Total time for which application threads were stopped: 0.0002440 seconds, Stopping threads took: 0.0001079 seconds
[2021-12-31T03:37:06.350+0000][1][safepoint    ] Application time: 1.0020885 seconds
[2021-12-31T03:37:06.350+0000][1][safepoint    ] Entering safepoint region: Cleanup
[2021-12-31T03:37:06.350+0000][1][safepoint    ] Leaving safepoint region
[2021-12-31T03:37:06.350+0000][1][safepoint    ] Total time for which application threads were stopped: 0.0002334 seconds, Stopping threads took: 0.0001041 seconds
[2021-12-31T03:37:07.353+0000][1][safepoint    ] Application time: 1.0028745 seconds
[2021-12-31T03:37:07.354+0000][1][safepoint    ] Entering safepoint region: Cleanup
[2021-12-31T03:37:07.354+0000][1][safepoint    ] Leaving safepoint region
[2021-12-31T03:37:07.354+0000][1][safepoint    ] Total time for which application threads were stopped: 0.0002363 seconds, Stopping threads took: 0.0001090 seconds
[2021-12-31T03:37:08.357+0000][1][safepoint    ] Application time: 1.0028787 seconds
[2021-12-31T03:37:08.357+0000][1][safepoint    ] Entering safepoint region: Cleanup
[2021-12-31T03:37:08.357+0000][1][safepoint    ] Leaving safepoint region
[2021-12-31T03:37:08.357+0000][1][safepoint    ] Total time for which application threads were stopped: 0.0002348 seconds, Stopping threads took: 0.0001011 seconds
[2021-12-31T03:37:09.358+0000][1][safepoint    ] Application time: 1.0001347 seconds
[2021-12-31T03:37:09.358+0000][1][safepoint    ] Entering safepoint region: Cleanup
[2021-12-31T03:37:09.358+0000][1][safepoint    ] Leaving safepoint region
[2021-12-31T03:37:09.358+0000][1][safepoint    ] Total time for which application threads were stopped: 0.0002327 seconds, Stopping threads took: 0.0001018 seconds
[2021-12-31T03:37:10.361+0000][1][safepoint    ] Application time: 1.0028421 seconds
[2021-12-31T03:37:10.361+0000][1][safepoint    ] Entering safepoint region: Cleanup
[2021-12-31T03:37:10.361+0000][1][safepoint    ] Leaving safepoint region
[2021-12-31T03:37:10.361+0000][1][safepoint    ] Total time for which application threads were stopped: 0.0002377 seconds, Stopping threads took: 0.0001011 seconds
[2021-12-31T03:37:11.365+0000][1][safepoint    ] Application time: 1.0031550 seconds
[2021-12-31T03:37:11.365+0000][1][safepoint    ] Entering safepoint region: Cleanup
[2021-12-31T03:37:11.365+0000][1][safepoint    ] Leaving safepoint region
[2021-12-31T03:37:11.366+0000][1][safepoint    ] Total time for which application threads were stopped: 0.0008008 seconds, Stopping threads took: 0.0004581 seconds
[2021-12-31T03:37:12.366+0000][1][safepoint    ] Application time: 1.0002943 seconds
[2021-12-31T03:37:12.366+0000][1][safepoint    ] Entering safepoint region: Cleanup
[2021-12-31T03:37:12.366+0000][1][safepoint    ] Leaving safepoint region
[2021-12-31T03:37:12.367+0000][1][safepoint    ] Total time for which application threads were stopped: 0.0004311 seconds, Stopping threads took: 0.0001956 seconds
[2021-12-31T03:37:13.369+0000][1][safepoint    ] Application time: 1.0019763 seconds
[2021-12-31T03:37:13.369+0000][1][safepoint    ] Entering safepoint region: Cleanup
[2021-12-31T03:37:13.369+0000][1][safepoint    ] Leaving safepoint region
[2021-12-31T03:37:13.369+0000][1][safepoint    ] Total time for which application threads were stopped: 0.0002230 seconds, Stopping threads took: 0.0000958 seconds
[2021-12-31T03:37:14.371+0000][1][safepoint    ] Application time: 1.0014216 seconds
[2021-12-31T03:37:14.371+0000][1][safepoint    ] Entering safepoint region: Cleanup
[2021-12-31T03:37:14.371+0000][1][safepoint    ] Leaving safepoint region
[2021-12-31T03:37:14.371+0000][1][safepoint    ] Total time for which application threads were stopped: 0.0002202 seconds, Stopping threads took: 0.0000945 seconds
[2021-12-31T03:37:15.373+0000][1][safepoint    ] Application time: 1.0022030 seconds
[2021-12-31T03:37:15.374+0000][1][safepoint    ] Entering safepoint region: Cleanup
[2021-12-31T03:37:15.374+0000][1][safepoint    ] Leaving safepoint region
[2021-12-31T03:37:15.374+0000][1][safepoint    ] Total time for which application threads were stopped: 0.0004215 seconds, Stopping threads took: 0.0001887 seconds
[2021-12-31T03:37:16.377+0000][1][safepoint    ] Application time: 1.0031656 seconds
[2021-12-31T03:37:16.378+0000][1][safepoint    ] Entering safepoint region: Cleanup
[2021-12-31T03:37:16.378+0000][1][safepoint    ] Leaving safepoint region
[2021-12-31T03:37:16.378+0000][1][safepoint    ] Total time for which application threads were stopped: 0.0002157 seconds, Stopping threads took: 0.0000949 seconds
[2021-12-31T03:37:17.379+0000][1][safepoint    ] Application time: 1.0005920 seconds
[2021-12-31T03:37:17.379+0000][1][safepoint    ] Entering safepoint region: Cleanup
[2021-12-31T03:37:17.379+0000][1][safepoint    ] Leaving safepoint region
[2021-12-31T03:37:17.379+0000][1][safepoint    ] Total time for which application threads were stopped: 0.0002311 seconds, Stopping threads took: 0.0000962 seconds
[2021-12-31T03:37:18.308+0000][1][safepoint    ] Application time: 0.9288840 seconds
[2021-12-31T03:37:18.310+0000][1][safepoint    ] Entering safepoint region: RevokeBias
[2021-12-31T03:37:18.310+0000][1][safepoint    ] Leaving safepoint region
[2021-12-31T03:37:18.310+0000][1][safepoint    ] Total time for which application threads were stopped: 0.0003705 seconds, Stopping threads took: 0.0002322 seconds
[2021-12-31T03:37:19.328+0000][1][safepoint    ] Application time: 1.0177853 seconds
[2021-12-31T03:37:19.328+0000][1][safepoint    ] Entering safepoint region: Cleanup
[2021-12-31T03:37:19.328+0000][1][safepoint    ] Leaving safepoint region
[2021-12-31T03:37:19.329+0000][1][safepoint    ] Total time for which application threads were stopped: 0.0002405 seconds, Stopping threads took: 0.0001004 seconds
[2021-12-31T03:37:20.332+0000][1][safepoint    ] Application time: 1.0033528 seconds
[2021-12-31T03:37:20.332+0000][1][safepoint    ] Entering safepoint region: Cleanup
[2021-12-31T03:37:20.332+0000][1][safepoint    ] Leaving safepoint region
[2021-12-31T03:37:20.333+0000][1][safepoint    ] Total time for which application threads were stopped: 0.0003072 seconds, Stopping threads took: 0.0001334 seconds
[2021-12-31T03:37:21.333+0000][1][safepoint    ] Application time: 1.0004331 seconds
[2021-12-31T03:37:21.333+0000][1][safepoint    ] Entering safepoint region: Cleanup
[2021-12-31T03:37:21.333+0000][1][safepoint    ] Leaving safepoint region
[2021-12-31T03:37:21.334+0000][1][safepoint    ] Total time for which application threads were stopped: 0.0002418 seconds, Stopping threads took: 0.0001031 seconds
[2021-12-31T03:37:22.334+0000][1][safepoint    ] Application time: 1.0001079 seconds
[2021-12-31T03:37:22.334+0000][1][safepoint    ] Entering safepoint region: Cleanup
[2021-12-31T03:37:22.334+0000][1][safepoint    ] Leaving safepoint region
[2021-12-31T03:37:22.334+0000][1][safepoint    ] Total time for which application threads were stopped: 0.0002239 seconds, Stopping threads took: 0.0000977 seconds
[2021-12-31T03:37:23.336+0000][1][safepoint    ] Application time: 1.0017292 seconds
[2021-12-31T03:37:23.336+0000][1][safepoint    ] Entering safepoint region: Cleanup
[2021-12-31T03:37:23.336+0000][1][safepoint    ] Leaving safepoint region
[2021-12-31T03:37:23.336+0000][1][safepoint    ] Total time for which application threads were stopped: 0.0003330 seconds, Stopping threads took: 0.0001113 seconds
[2021-12-31T03:37:24.339+0000][1][safepoint    ] Application time: 1.0021120 seconds
[2021-12-31T03:37:24.339+0000][1][safepoint    ] Entering safepoint region: Cleanup
[2021-12-31T03:37:24.339+0000][1][safepoint    ] Leaving safepoint region
[2021-12-31T03:37:24.339+0000][1][safepoint    ] Total time for which application threads were stopped: 0.0002097 seconds, Stopping threads took: 0.0000916 seconds
[2021-12-31T03:37:25.343+0000][1][safepoint    ] Application time: 1.0038769 seconds
[2021-12-31T03:37:25.344+0000][1][safepoint    ] Entering safepoint region: Cleanup
[2021-12-31T03:37:25.344+0000][1][safepoint    ] Leaving safepoint region
[2021-12-31T03:37:25.344+0000][1][safepoint    ] Total time for which application threads were stopped: 0.0006739 seconds, Stopping threads took: 0.0002315 seconds
[2021-12-31T03:37:26.346+0000][1][safepoint    ] Application time: 1.0016013 seconds
[2021-12-31T03:37:26.346+0000][1][safepoint    ] Entering safepoint region: Cleanup
[2021-12-31T03:37:26.346+0000][1][safepoint    ] Leaving safepoint region
[2021-12-31T03:37:26.347+0000][1][safepoint    ] Total time for which application threads were stopped: 0.0002185 seconds, Stopping threads took: 0.0001028 seconds
[2021-12-31T03:37:27.348+0000][1][safepoint    ] Application time: 1.0016988 seconds
[2021-12-31T03:37:27.349+0000][1][safepoint    ] Entering safepoint region: Cleanup
[2021-12-31T03:37:27.349+0000][1][safepoint    ] Leaving safepoint region
[2021-12-31T03:37:27.349+0000][1][safepoint    ] Total time for which application threads were stopped: 0.0002244 seconds, Stopping threads took: 0.0000988 seconds
[2021-12-31T03:37:28.349+0000][1][safepoint    ] Application time: 1.0003763 seconds
[2021-12-31T03:37:28.349+0000][1][safepoint    ] Entering safepoint region: Cleanup
[2021-12-31T03:37:28.350+0000][1][safepoint    ] Leaving safepoint region
[2021-12-31T03:37:28.350+0000][1][safepoint    ] Total time for which application threads were stopped: 0.0002064 seconds, Stopping threads took: 0.0000905 seconds
[2021-12-31T03:37:29.353+0000][1][safepoint    ] Application time: 1.0031584 seconds
[2021-12-31T03:37:29.353+0000][1][safepoint    ] Entering safepoint region: Cleanup
[2021-12-31T03:37:29.353+0000][1][safepoint    ] Leaving safepoint region
[2021-12-31T03:37:29.354+0000][1][safepoint    ] Total time for which application threads were stopped: 0.0004572 seconds, Stopping threads took: 0.0001406 seconds
[2021-12-31T03:37:30.356+0000][1][safepoint    ] Application time: 1.0021534 seconds
[2021-12-31T03:37:30.356+0000][1][safepoint    ] Entering safepoint region: Cleanup
[2021-12-31T03:37:30.356+0000][1][safepoint    ] Leaving safepoint region
[2021-12-31T03:37:30.356+0000][1][safepoint    ] Total time for which application threads were stopped: 0.0002705 seconds, Stopping threads took: 0.0001131 seconds
[2021-12-31T03:37:31.360+0000][1][safepoint    ] Application time: 1.0033160 seconds
[2021-12-31T03:37:31.360+0000][1][safepoint    ] Entering safepoint region: Cleanup
[2021-12-31T03:37:31.360+0000][1][safepoint    ] Leaving safepoint region
[2021-12-31T03:37:31.360+0000][1][safepoint    ] Total time for which application threads were stopped: 0.0002440 seconds, Stopping threads took: 0.0001007 seconds
[2021-12-31T03:37:32.363+0000][1][safepoint    ] Application time: 1.0022725 seconds
[2021-12-31T03:37:32.363+0000][1][safepoint    ] Entering safepoint region: Cleanup
[2021-12-31T03:37:32.363+0000][1][safepoint    ] Leaving safepoint region
[2021-12-31T03:37:32.363+0000][1][safepoint    ] Total time for which application threads were stopped: 0.0002269 seconds, Stopping threads took: 0.0000980 seconds
[2021-12-31T03:37:33.366+0000][1][safepoint    ] Application time: 1.0024993 seconds
[2021-12-31T03:37:33.366+0000][1][safepoint    ] Entering safepoint region: Cleanup
[2021-12-31T03:37:33.366+0000][1][safepoint    ] Leaving safepoint region
[2021-12-31T03:37:33.366+0000][1][safepoint    ] Total time for which application threads were stopped: 0.0002400 seconds, Stopping threads took: 0.0001044 seconds
[2021-12-31T03:37:34.370+0000][1][safepoint    ] Application time: 1.0035984 seconds
[2021-12-31T03:37:34.370+0000][1][safepoint    ] Entering safepoint region: Cleanup
[2021-12-31T03:37:34.370+0000][1][safepoint    ] Leaving safepoint region
[2021-12-31T03:37:34.370+0000][1][safepoint    ] Total time for which application threads were stopped: 0.0002178 seconds, Stopping threads took: 0.0000943 seconds
[2021-12-31T03:37:35.371+0000][1][safepoint    ] Application time: 1.0005340 seconds
[2021-12-31T03:37:35.371+0000][1][safepoint    ] Entering safepoint region: Cleanup
[2021-12-31T03:37:35.371+0000][1][safepoint    ] Leaving safepoint region
[2021-12-31T03:37:35.371+0000][1][safepoint    ] Total time for which application threads were stopped: 0.0003676 seconds, Stopping threads took: 0.0001805 seconds
[2021-12-31T03:37:36.372+0000][1][safepoint    ] Application time: 1.0008425 seconds
[2021-12-31T03:37:36.373+0000][1][safepoint    ] Entering safepoint region: Cleanup
[2021-12-31T03:37:36.373+0000][1][safepoint    ] Leaving safepoint region
[2021-12-31T03:37:36.373+0000][1][safepoint    ] Total time for which application threads were stopped: 0.0002429 seconds, Stopping threads took: 0.0001037 seconds
[2021-12-31T03:37:37.374+0000][1][safepoint    ] Application time: 1.0008344 seconds
[2021-12-31T03:37:37.374+0000][1][safepoint    ] Entering safepoint region: Cleanup
[2021-12-31T03:37:37.374+0000][1][safepoint    ] Leaving safepoint region
[2021-12-31T03:37:37.374+0000][1][safepoint    ] Total time for which application threads were stopped: 0.0002342 seconds, Stopping threads took: 0.0000975 seconds
[2021-12-31T03:37:38.378+0000][1][safepoint    ] Application time: 1.0032586 seconds
[2021-12-31T03:37:38.378+0000][1][safepoint    ] Entering safepoint region: Cleanup
[2021-12-31T03:37:38.378+0000][1][safepoint    ] Leaving safepoint region
[2021-12-31T03:37:38.378+0000][1][safepoint    ] Total time for which application threads were stopped: 0.0002914 seconds, Stopping threads took: 0.0001285 seconds
[2021-12-31T03:37:39.382+0000][1][safepoint    ] Application time: 1.0037093 seconds
[2021-12-31T03:37:39.382+0000][1][safepoint    ] Entering safepoint region: Cleanup
[2021-12-31T03:37:39.382+0000][1][safepoint    ] Leaving safepoint region
[2021-12-31T03:37:39.382+0000][1][safepoint    ] Total time for which application threads were stopped: 0.0002579 seconds, Stopping threads took: 0.0001141 seconds
[2021-12-31T03:37:40.384+0000][1][safepoint    ] Application time: 1.0018751 seconds
[2021-12-31T03:37:40.385+0000][1][safepoint    ] Entering safepoint region: Cleanup
[2021-12-31T03:37:40.385+0000][1][safepoint    ] Leaving safepoint region
[2021-12-31T03:37:40.385+0000][1][safepoint    ] Total time for which application threads were stopped: 0.0002525 seconds, Stopping threads took: 0.0001093 seconds
[2021-12-31T03:37:41.386+0000][1][safepoint    ] Application time: 1.0015090 seconds
[2021-12-31T03:37:41.387+0000][1][safepoint    ] Entering safepoint region: Cleanup
[2021-12-31T03:37:41.387+0000][1][safepoint    ] Leaving safepoint region
[2021-12-31T03:37:41.387+0000][1][safepoint    ] Total time for which application threads were stopped: 0.0007210 seconds, Stopping threads took: 0.0004271 seconds
[2021-12-31T03:37:42.401+0000][1][safepoint    ] Application time: 1.0138904 seconds
[2021-12-31T03:37:42.402+0000][1][safepoint    ] Entering safepoint region: Cleanup
[2021-12-31T03:37:42.402+0000][1][safepoint    ] Leaving safepoint region
[2021-12-31T03:37:42.402+0000][1][safepoint    ] Total time for which application threads were stopped: 0.0002753 seconds, Stopping threads took: 0.0000937 seconds
[2021-12-31T03:37:43.411+0000][1][safepoint    ] Application time: 1.0091847 seconds
[2021-12-31T03:37:43.411+0000][1][safepoint    ] Entering safepoint region: Cleanup
[2021-12-31T03:37:43.412+0000][1][safepoint    ] Leaving safepoint region
[2021-12-31T03:37:43.412+0000][1][safepoint    ] Total time for which application threads were stopped: 0.0003305 seconds, Stopping threads took: 0.0001687 seconds
[2021-12-31T03:37:44.423+0000][1][safepoint    ] Application time: 1.0107777 seconds
[2021-12-31T03:37:44.423+0000][1][safepoint    ] Entering safepoint region: Cleanup
[2021-12-31T03:37:44.423+0000][1][safepoint    ] Leaving safepoint region
[2021-12-31T03:37:44.424+0000][1][safepoint    ] Total time for which application threads were stopped: 0.0005081 seconds, Stopping threads took: 0.0002219 seconds
[2021-12-31T03:37:45.427+0000][1][safepoint    ] Application time: 1.0034209 seconds
[2021-12-31T03:37:45.427+0000][1][safepoint    ] Entering safepoint region: Cleanup
[2021-12-31T03:37:45.428+0000][1][safepoint    ] Leaving safepoint region
[2021-12-31T03:37:45.428+0000][1][safepoint    ] Total time for which application threads were stopped: 0.0002395 seconds, Stopping threads took: 0.0001025 seconds
[2021-12-31T03:37:46.431+0000][1][safepoint    ] Application time: 1.0030273 seconds
[2021-12-31T03:37:46.431+0000][1][safepoint    ] Entering safepoint region: Cleanup
[2021-12-31T03:37:46.431+0000][1][safepoint    ] Leaving safepoint region
[2021-12-31T03:37:46.431+0000][1][safepoint    ] Total time for which application threads were stopped: 0.0002217 seconds, Stopping threads took: 0.0000961 seconds
[2021-12-31T03:37:47.432+0000][1][safepoint    ] Application time: 1.0006049 seconds
[2021-12-31T03:37:47.432+0000][1][safepoint    ] Entering safepoint region: Cleanup
[2021-12-31T03:37:47.432+0000][1][safepoint    ] Leaving safepoint region
[2021-12-31T03:37:47.432+0000][1][safepoint    ] Total time for which application threads were stopped: 0.0002229 seconds, Stopping threads took: 0.0000947 seconds
[2021-12-31T03:37:48.433+0000][1][safepoint    ] Application time: 1.0010018 seconds
[2021-12-31T03:37:48.434+0000][1][safepoint    ] Entering safepoint region: Cleanup
[2021-12-31T03:37:48.434+0000][1][safepoint    ] Leaving safepoint region
[2021-12-31T03:37:48.434+0000][1][safepoint    ] Total time for which application threads were stopped: 0.0002469 seconds, Stopping threads took: 0.0001077 seconds
[2021-12-31T03:37:49.435+0000][1][safepoint    ] Application time: 1.0013882 seconds
[2021-12-31T03:37:49.436+0000][1][safepoint    ] Entering safepoint region: Cleanup
[2021-12-31T03:37:49.436+0000][1][safepoint    ] Leaving safepoint region
[2021-12-31T03:37:49.436+0000][1][safepoint    ] Total time for which application threads were stopped: 0.0002175 seconds, Stopping threads took: 0.0000920 seconds
[2021-12-31T03:37:50.445+0000][1][safepoint    ] Application time: 1.0090521 seconds
[2021-12-31T03:37:50.445+0000][1][safepoint    ] Entering safepoint region: Cleanup
[2021-12-31T03:37:50.445+0000][1][safepoint    ] Leaving safepoint region
[2021-12-31T03:37:50.445+0000][1][safepoint    ] Total time for which application threads were stopped: 0.0003173 seconds, Stopping threads took: 0.0001281 seconds
[2021-12-31T03:37:51.447+0000][1][safepoint    ] Application time: 1.0010769 seconds
[2021-12-31T03:37:51.447+0000][1][safepoint    ] Entering safepoint region: Cleanup
[2021-12-31T03:37:51.447+0000][1][safepoint    ] Leaving safepoint region
[2021-12-31T03:37:51.447+0000][1][safepoint    ] Total time for which application threads were stopped: 0.0003047 seconds, Stopping threads took: 0.0001102 seconds
[2021-12-31T03:37:52.449+0000][1][safepoint    ] Application time: 1.0016725 seconds
[2021-12-31T03:37:52.449+0000][1][safepoint    ] Entering safepoint region: Cleanup
[2021-12-31T03:37:52.449+0000][1][safepoint    ] Leaving safepoint region
[2021-12-31T03:37:52.449+0000][1][safepoint    ] Total time for which application threads were stopped: 0.0002649 seconds, Stopping threads took: 0.0001234 seconds
[2021-12-31T03:37:53.453+0000][1][safepoint    ] Application time: 1.0032872 seconds
[2021-12-31T03:37:53.453+0000][1][safepoint    ] Entering safepoint region: Cleanup
[2021-12-31T03:37:53.453+0000][1][safepoint    ] Leaving safepoint region
[2021-12-31T03:37:53.453+0000][1][safepoint    ] Total time for which application threads were stopped: 0.0002613 seconds, Stopping threads took: 0.0001139 seconds
[2021-12-31T03:37:54.457+0000][1][safepoint    ] Application time: 1.0035248 seconds
[2021-12-31T03:37:54.457+0000][1][safepoint    ] Entering safepoint region: Cleanup
[2021-12-31T03:37:54.457+0000][1][safepoint    ] Leaving safepoint region
[2021-12-31T03:37:54.457+0000][1][safepoint    ] Total time for which application threads were stopped: 0.0002290 seconds, Stopping threads took: 0.0001025 seconds
[2021-12-31T03:37:55.459+0000][1][safepoint    ] Application time: 1.0012013 seconds
[2021-12-31T03:37:55.459+0000][1][safepoint    ] Entering safepoint region: Cleanup
[2021-12-31T03:37:55.459+0000][1][safepoint    ] Leaving safepoint region
[2021-12-31T03:37:55.459+0000][1][safepoint    ] Total time for which application threads were stopped: 0.0002538 seconds, Stopping threads took: 0.0001053 seconds
[2021-12-31T03:37:56.461+0000][1][safepoint    ] Application time: 1.0019898 seconds
[2021-12-31T03:37:56.461+0000][1][safepoint    ] Entering safepoint region: Cleanup
[2021-12-31T03:37:56.462+0000][1][safepoint    ] Leaving safepoint region
[2021-12-31T03:37:56.462+0000][1][safepoint    ] Total time for which application threads were stopped: 0.0003217 seconds, Stopping threads took: 0.0001167 seconds
[2021-12-31T03:37:57.465+0000][1][safepoint    ] Application time: 1.0029511 seconds
[2021-12-31T03:37:57.465+0000][1][safepoint    ] Entering safepoint region: Cleanup
[2021-12-31T03:37:57.466+0000][1][safepoint    ] Leaving safepoint region
[2021-12-31T03:37:57.466+0000][1][safepoint    ] Total time for which application threads were stopped: 0.0006147 seconds, Stopping threads took: 0.0002706 seconds
[2021-12-31T03:37:58.466+0000][1][safepoint    ] Application time: 1.0002521 seconds
[2021-12-31T03:37:58.467+0000][1][safepoint    ] Entering safepoint region: Cleanup
[2021-12-31T03:37:58.467+0000][1][safepoint    ] Leaving safepoint region
[2021-12-31T03:37:58.467+0000][1][safepoint    ] Total time for which application threads were stopped: 0.0006721 seconds, Stopping threads took: 0.0002989 seconds
[2021-12-31T03:37:59.471+0000][1][safepoint    ] Application time: 1.0034922 seconds
[2021-12-31T03:37:59.471+0000][1][safepoint    ] Entering safepoint region: Cleanup
[2021-12-31T03:37:59.472+0000][1][safepoint    ] Leaving safepoint region
[2021-12-31T03:37:59.472+0000][1][safepoint    ] Total time for which application threads were stopped: 0.0002783 seconds, Stopping threads took: 0.0001128 seconds
[2021-12-31T03:38:00.476+0000][1][safepoint    ] Application time: 1.0037506 seconds
[2021-12-31T03:38:00.476+0000][1][safepoint    ] Entering safepoint region: Cleanup
[2021-12-31T03:38:00.476+0000][1][safepoint    ] Leaving safepoint region
[2021-12-31T03:38:00.476+0000][1][safepoint    ] Total time for which application threads were stopped: 0.0002746 seconds, Stopping threads took: 0.0001384 seconds
[2021-12-31T03:38:01.480+0000][1][safepoint    ] Application time: 1.0033931 seconds
[2021-12-31T03:38:01.480+0000][1][safepoint    ] Entering safepoint region: Cleanup
[2021-12-31T03:38:01.480+0000][1][safepoint    ] Leaving safepoint region
[2021-12-31T03:38:01.480+0000][1][safepoint    ] Total time for which application threads were stopped: 0.0002525 seconds, Stopping threads took: 0.0001183 seconds
[2021-12-31T03:38:02.481+0000][1][safepoint    ] Application time: 1.0010971 seconds
[2021-12-31T03:38:02.481+0000][1][safepoint    ] Entering safepoint region: Cleanup
[2021-12-31T03:38:02.482+0000][1][safepoint    ] Leaving safepoint region
[2021-12-31T03:38:02.482+0000][1][safepoint    ] Total time for which application threads were stopped: 0.0002293 seconds, Stopping threads took: 0.0000999 seconds
[2021-12-31T03:38:03.482+0000][1][safepoint    ] Application time: 1.0002949 seconds
[2021-12-31T03:38:03.482+0000][1][safepoint    ] Entering safepoint region: Cleanup
[2021-12-31T03:38:03.482+0000][1][safepoint    ] Leaving safepoint region
[2021-12-31T03:38:03.483+0000][1][safepoint    ] Total time for which application threads were stopped: 0.0003342 seconds, Stopping threads took: 0.0001422 seconds
[2021-12-31T03:38:04.483+0000][1][safepoint    ] Application time: 1.0006255 seconds
[2021-12-31T03:38:04.484+0000][1][safepoint    ] Entering safepoint region: Cleanup
[2021-12-31T03:38:04.484+0000][1][safepoint    ] Leaving safepoint region
[2021-12-31T03:38:04.484+0000][1][safepoint    ] Total time for which application threads were stopped: 0.0002468 seconds, Stopping threads took: 0.0001083 seconds
[2021-12-31T03:38:05.485+0000][1][safepoint    ] Application time: 1.0008428 seconds
[2021-12-31T03:38:05.485+0000][1][safepoint    ] Entering safepoint region: Cleanup
[2021-12-31T03:38:05.485+0000][1][safepoint    ] Leaving safepoint region
[2021-12-31T03:38:05.485+0000][1][safepoint    ] Total time for which application threads were stopped: 0.0002451 seconds, Stopping threads took: 0.0001026 seconds
[2021-12-31T03:38:06.486+0000][1][safepoint    ] Application time: 1.0010910 seconds
[2021-12-31T03:38:06.487+0000][1][safepoint    ] Entering safepoint region: Cleanup
[2021-12-31T03:38:06.487+0000][1][safepoint    ] Leaving safepoint region
[2021-12-31T03:38:06.487+0000][1][safepoint    ] Total time for which application threads were stopped: 0.0002476 seconds, Stopping threads took: 0.0001104 seconds
[2021-12-31T03:38:07.490+0000][1][safepoint    ] Application time: 1.0029421 seconds
[2021-12-31T03:38:07.490+0000][1][safepoint    ] Entering safepoint region: Cleanup
[2021-12-31T03:38:07.490+0000][1][safepoint    ] Leaving safepoint region
[2021-12-31T03:38:07.490+0000][1][safepoint    ] Total time for which application threads were stopped: 0.0002315 seconds, Stopping threads took: 0.0001000 seconds
[2021-12-31T03:38:08.493+0000][1][safepoint    ] Application time: 1.0025449 seconds
[2021-12-31T03:38:08.493+0000][1][safepoint    ] Entering safepoint region: Cleanup
[2021-12-31T03:38:08.493+0000][1][safepoint    ] Leaving safepoint region
[2021-12-31T03:38:08.493+0000][1][safepoint    ] Total time for which application threads were stopped: 0.0003324 seconds, Stopping threads took: 0.0001402 seconds
[2021-12-31T03:38:09.497+0000][1][safepoint    ] Application time: 1.0038208 seconds
[2021-12-31T03:38:09.498+0000][1][safepoint    ] Entering safepoint region: Cleanup
[2021-12-31T03:38:09.498+0000][1][safepoint    ] Leaving safepoint region
[2021-12-31T03:38:09.498+0000][1][safepoint    ] Total time for which application threads were stopped: 0.0002107 seconds, Stopping threads took: 0.0000928 seconds
[2021-12-31T03:38:10.498+0000][1][safepoint    ] Application time: 1.0003867 seconds
[2021-12-31T03:38:10.498+0000][1][safepoint    ] Entering safepoint region: Cleanup
[2021-12-31T03:38:10.499+0000][1][safepoint    ] Leaving safepoint region
[2021-12-31T03:38:10.499+0000][1][safepoint    ] Total time for which application threads were stopped: 0.0002137 seconds, Stopping threads took: 0.0000962 seconds
[2021-12-31T03:38:11.502+0000][1][safepoint    ] Application time: 1.0035207 seconds
[2021-12-31T03:38:11.502+0000][1][safepoint    ] Entering safepoint region: Cleanup
[2021-12-31T03:38:11.503+0000][1][safepoint    ] Leaving safepoint region
[2021-12-31T03:38:11.503+0000][1][safepoint    ] Total time for which application threads were stopped: 0.0002185 seconds, Stopping threads took: 0.0000956 seconds
[2021-12-31T03:38:12.506+0000][1][safepoint    ] Application time: 1.0037173 seconds
[2021-12-31T03:38:12.507+0000][1][safepoint    ] Entering safepoint region: Cleanup
[2021-12-31T03:38:12.507+0000][1][safepoint    ] Leaving safepoint region
[2021-12-31T03:38:12.507+0000][1][safepoint    ] Total time for which application threads were stopped: 0.0002137 seconds, Stopping threads took: 0.0001031 seconds
[2021-12-31T03:38:13.508+0000][1][safepoint    ] Application time: 1.0014156 seconds
[2021-12-31T03:38:13.509+0000][1][safepoint    ] Entering safepoint region: Cleanup
[2021-12-31T03:38:13.509+0000][1][safepoint    ] Leaving safepoint region
[2021-12-31T03:38:13.509+0000][1][safepoint    ] Total time for which application threads were stopped: 0.0002341 seconds, Stopping threads took: 0.0001037 seconds
[2021-12-31T03:38:14.511+0000][1][safepoint    ] Application time: 1.0020320 seconds
[2021-12-31T03:38:14.511+0000][1][safepoint    ] Entering safepoint region: Cleanup
[2021-12-31T03:38:14.512+0000][1][safepoint    ] Leaving safepoint region
[2021-12-31T03:38:14.512+0000][1][safepoint    ] Total time for which application threads were stopped: 0.0003389 seconds, Stopping threads took: 0.0001595 seconds
[2021-12-31T03:38:15.514+0000][1][safepoint    ] Application time: 1.0020768 seconds
[2021-12-31T03:38:15.514+0000][1][safepoint    ] Entering safepoint region: Cleanup
[2021-12-31T03:38:15.514+0000][1][safepoint    ] Leaving safepoint region
[2021-12-31T03:38:15.515+0000][1][safepoint    ] Total time for which application threads were stopped: 0.0003656 seconds, Stopping threads took: 0.0001288 seconds
[2021-12-31T03:38:16.516+0000][1][safepoint    ] Application time: 1.0016018 seconds
[2021-12-31T03:38:16.516+0000][1][safepoint    ] Entering safepoint region: Cleanup
[2021-12-31T03:38:16.517+0000][1][safepoint    ] Leaving safepoint region
[2021-12-31T03:38:16.517+0000][1][safepoint    ] Total time for which application threads were stopped: 0.0002686 seconds, Stopping threads took: 0.0001281 seconds
[2021-12-31T03:38:17.519+0000][1][safepoint    ] Application time: 1.0023854 seconds
[2021-12-31T03:38:17.519+0000][1][safepoint    ] Entering safepoint region: Cleanup
[2021-12-31T03:38:17.520+0000][1][safepoint    ] Leaving safepoint region
[2021-12-31T03:38:17.520+0000][1][safepoint    ] Total time for which application threads were stopped: 0.0002337 seconds, Stopping threads took: 0.0000989 seconds
[2021-12-31T03:38:18.318+0000][1][safepoint    ] Application time: 0.7979583 seconds
[2021-12-31T03:38:18.319+0000][1][safepoint    ] Entering safepoint region: RevokeBias
[2021-12-31T03:38:18.319+0000][1][safepoint    ] Leaving safepoint region
[2021-12-31T03:38:18.319+0000][1][safepoint    ] Total time for which application threads were stopped: 0.0002835 seconds, Stopping threads took: 0.0001252 seconds
[2021-12-31T03:38:19.323+0000][1][safepoint    ] Application time: 1.0036566 seconds
[2021-12-31T03:38:19.323+0000][1][safepoint    ] Entering safepoint region: Cleanup
[2021-12-31T03:38:19.323+0000][1][safepoint    ] Leaving safepoint region
[2021-12-31T03:38:19.323+0000][1][safepoint    ] Total time for which application threads were stopped: 0.0003712 seconds, Stopping threads took: 0.0001747 seconds
[2021-12-31T03:38:20.325+0000][1][safepoint    ] Application time: 1.0012221 seconds
[2021-12-31T03:38:20.325+0000][1][safepoint    ] Entering safepoint region: Cleanup
[2021-12-31T03:38:20.325+0000][1][safepoint    ] Leaving safepoint region
[2021-12-31T03:38:20.325+0000][1][safepoint    ] Total time for which application threads were stopped: 0.0002401 seconds, Stopping threads took: 0.0001023 seconds
[2021-12-31T03:38:21.326+0000][1][safepoint    ] Application time: 1.0010817 seconds
[2021-12-31T03:38:21.327+0000][1][safepoint    ] Entering safepoint region: Cleanup
[2021-12-31T03:38:21.327+0000][1][safepoint    ] Leaving safepoint region
[2021-12-31T03:38:21.327+0000][1][safepoint    ] Total time for which application threads were stopped: 0.0002273 seconds, Stopping threads took: 0.0000992 seconds
[2021-12-31T03:38:22.328+0000][1][safepoint    ] Application time: 1.0009045 seconds
[2021-12-31T03:38:22.328+0000][1][safepoint    ] Entering safepoint region: Cleanup
[2021-12-31T03:38:22.328+0000][1][safepoint    ] Leaving safepoint region
[2021-12-31T03:38:22.328+0000][1][safepoint    ] Total time for which application threads were stopped: 0.0002714 seconds, Stopping threads took: 0.0001184 seconds
[2021-12-31T03:38:23.330+0000][1][safepoint    ] Application time: 1.0014345 seconds
[2021-12-31T03:38:23.330+0000][1][safepoint    ] Entering safepoint region: Cleanup
[2021-12-31T03:38:23.330+0000][1][safepoint    ] Leaving safepoint region
[2021-12-31T03:38:23.330+0000][1][safepoint    ] Total time for which application threads were stopped: 0.0002243 seconds, Stopping threads took: 0.0000982 seconds
[2021-12-31T03:38:24.331+0000][1][safepoint    ] Application time: 1.0003940 seconds
[2021-12-31T03:38:24.331+0000][1][safepoint    ] Entering safepoint region: Cleanup
[2021-12-31T03:38:24.331+0000][1][safepoint    ] Leaving safepoint region
[2021-12-31T03:38:24.331+0000][1][safepoint    ] Total time for which application threads were stopped: 0.0002364 seconds, Stopping threads took: 0.0001002 seconds
[2021-12-31T03:38:25.334+0000][1][safepoint    ] Application time: 1.0030783 seconds
[2021-12-31T03:38:25.335+0000][1][safepoint    ] Entering safepoint region: Cleanup
[2021-12-31T03:38:25.335+0000][1][safepoint    ] Leaving safepoint region
[2021-12-31T03:38:25.335+0000][1][safepoint    ] Total time for which application threads were stopped: 0.0002178 seconds, Stopping threads took: 0.0001025 seconds
[2021-12-31T03:38:26.338+0000][1][safepoint    ] Application time: 1.0028717 seconds
[2021-12-31T03:38:26.338+0000][1][safepoint    ] Entering safepoint region: Cleanup
[2021-12-31T03:38:26.338+0000][1][safepoint    ] Leaving safepoint region
[2021-12-31T03:38:26.338+0000][1][safepoint    ] Total time for which application threads were stopped: 0.0002214 seconds, Stopping threads took: 0.0000957 seconds
[2021-12-31T03:38:27.339+0000][1][safepoint    ] Application time: 1.0004927 seconds
[2021-12-31T03:38:27.339+0000][1][safepoint    ] Entering safepoint region: Cleanup
[2021-12-31T03:38:27.339+0000][1][safepoint    ] Leaving safepoint region
[2021-12-31T03:38:27.339+0000][1][safepoint    ] Total time for which application threads were stopped: 0.0002231 seconds, Stopping threads took: 0.0000971 seconds
[2021-12-31T03:38:28.341+0000][1][safepoint    ] Application time: 1.0016250 seconds
[2021-12-31T03:38:28.341+0000][1][safepoint    ] Entering safepoint region: Cleanup
[2021-12-31T03:38:28.341+0000][1][safepoint    ] Leaving safepoint region
[2021-12-31T03:38:28.341+0000][1][safepoint    ] Total time for which application threads were stopped: 0.0002198 seconds, Stopping threads took: 0.0000980 seconds
[2021-12-31T03:38:29.343+0000][1][safepoint    ] Application time: 1.0012922 seconds
[2021-12-31T03:38:29.343+0000][1][safepoint    ] Entering safepoint region: Cleanup
[2021-12-31T03:38:29.343+0000][1][safepoint    ] Leaving safepoint region
[2021-12-31T03:38:29.343+0000][1][safepoint    ] Total time for which application threads were stopped: 0.0002241 seconds, Stopping threads took: 0.0000966 seconds
[2021-12-31T03:38:30.346+0000][1][safepoint    ] Application time: 1.0028530 seconds
[2021-12-31T03:38:30.346+0000][1][safepoint    ] Entering safepoint region: Cleanup
[2021-12-31T03:38:30.347+0000][1][safepoint    ] Leaving safepoint region
[2021-12-31T03:38:30.347+0000][1][safepoint    ] Total time for which application threads were stopped: 0.0004857 seconds, Stopping threads took: 0.0002067 seconds
[2021-12-31T03:38:31.348+0000][1][safepoint    ] Application time: 1.0008779 seconds
[2021-12-31T03:38:31.348+0000][1][safepoint    ] Entering safepoint region: Cleanup
[2021-12-31T03:38:31.348+0000][1][safepoint    ] Leaving safepoint region
[2021-12-31T03:38:31.348+0000][1][safepoint    ] Total time for which application threads were stopped: 0.0002300 seconds, Stopping threads took: 0.0001010 seconds
[2021-12-31T03:38:32.349+0000][1][safepoint    ] Application time: 1.0002792 seconds
[2021-12-31T03:38:32.349+0000][1][safepoint    ] Entering safepoint region: Cleanup
[2021-12-31T03:38:32.349+0000][1][safepoint    ] Leaving safepoint region
[2021-12-31T03:38:32.349+0000][1][safepoint    ] Total time for which application threads were stopped: 0.0002271 seconds, Stopping threads took: 0.0000988 seconds
[2021-12-31T03:38:33.353+0000][1][safepoint    ] Application time: 1.0038880 seconds
[2021-12-31T03:38:33.353+0000][1][safepoint    ] Entering safepoint region: Cleanup
[2021-12-31T03:38:33.354+0000][1][safepoint    ] Leaving safepoint region
[2021-12-31T03:38:33.354+0000][1][safepoint    ] Total time for which application threads were stopped: 0.0003063 seconds, Stopping threads took: 0.0001391 seconds
[2021-12-31T03:38:34.357+0000][1][safepoint    ] Application time: 1.0029805 seconds
[2021-12-31T03:38:34.357+0000][1][safepoint    ] Entering safepoint region: Cleanup
[2021-12-31T03:38:34.357+0000][1][safepoint    ] Leaving safepoint region
[2021-12-31T03:38:34.357+0000][1][safepoint    ] Total time for which application threads were stopped: 0.0002392 seconds, Stopping threads took: 0.0001017 seconds
[2021-12-31T03:38:35.357+0000][1][safepoint    ] Application time: 1.0000712 seconds
[2021-12-31T03:38:35.358+0000][1][safepoint    ] Entering safepoint region: Cleanup
[2021-12-31T03:38:35.358+0000][1][safepoint    ] Leaving safepoint region
[2021-12-31T03:38:35.358+0000][1][safepoint    ] Total time for which application threads were stopped: 0.0002379 seconds, Stopping threads took: 0.0000986 seconds
[2021-12-31T03:38:36.360+0000][1][safepoint    ] Application time: 1.0022238 seconds
[2021-12-31T03:38:36.360+0000][1][safepoint    ] Entering safepoint region: Cleanup
[2021-12-31T03:38:36.360+0000][1][safepoint    ] Leaving safepoint region
[2021-12-31T03:38:36.361+0000][1][safepoint    ] Total time for which application threads were stopped: 0.0002257 seconds, Stopping threads took: 0.0000990 seconds
[2021-12-31T03:38:37.361+0000][1][safepoint    ] Application time: 1.0008518 seconds
[2021-12-31T03:38:37.362+0000][1][safepoint    ] Entering safepoint region: Cleanup
[2021-12-31T03:38:37.362+0000][1][safepoint    ] Leaving safepoint region
[2021-12-31T03:38:37.362+0000][1][safepoint    ] Total time for which application threads were stopped: 0.0002459 seconds, Stopping threads took: 0.0000965 seconds
[2021-12-31T03:38:38.364+0000][1][safepoint    ] Application time: 1.0023643 seconds
[2021-12-31T03:38:38.365+0000][1][safepoint    ] Entering safepoint region: Cleanup
[2021-12-31T03:38:38.365+0000][1][safepoint    ] Leaving safepoint region
[2021-12-31T03:38:38.365+0000][1][safepoint    ] Total time for which application threads were stopped: 0.0002473 seconds, Stopping threads took: 0.0001085 seconds
[2021-12-31T03:38:39.367+0000][1][safepoint    ] Application time: 1.0023512 seconds
[2021-12-31T03:38:39.368+0000][1][safepoint    ] Entering safepoint region: Cleanup
[2021-12-31T03:38:39.368+0000][1][safepoint    ] Leaving safepoint region
[2021-12-31T03:38:39.368+0000][1][safepoint    ] Total time for which application threads were stopped: 0.0002071 seconds, Stopping threads took: 0.0000904 seconds
[2021-12-31T03:38:40.371+0000][1][safepoint    ] Application time: 1.0034398 seconds
[2021-12-31T03:38:40.371+0000][1][safepoint    ] Entering safepoint region: Cleanup
[2021-12-31T03:38:40.372+0000][1][safepoint    ] Leaving safepoint region
[2021-12-31T03:38:40.372+0000][1][safepoint    ] Total time for which application threads were stopped: 0.0003079 seconds, Stopping threads took: 0.0000989 seconds
[2021-12-31T03:38:41.383+0000][1][safepoint    ] Application time: 1.0106949 seconds
[2021-12-31T03:38:41.383+0000][1][safepoint    ] Entering safepoint region: Cleanup
[2021-12-31T03:38:41.383+0000][1][safepoint    ] Leaving safepoint region
[2021-12-31T03:38:41.383+0000][1][safepoint    ] Total time for which application threads were stopped: 0.0002653 seconds, Stopping threads took: 0.0001257 seconds
[2021-12-31T03:38:42.395+0000][1][safepoint    ] Application time: 1.0120185 seconds
[2021-12-31T03:38:42.395+0000][1][safepoint    ] Entering safepoint region: Cleanup
[2021-12-31T03:38:42.396+0000][1][safepoint    ] Leaving safepoint region
[2021-12-31T03:38:42.396+0000][1][safepoint    ] Total time for which application threads were stopped: 0.0002969 seconds, Stopping threads took: 0.0001097 seconds
[2021-12-31T03:38:43.405+0000][1][safepoint    ] Application time: 1.0095228 seconds
[2021-12-31T03:38:43.406+0000][1][safepoint    ] Entering safepoint region: Cleanup
[2021-12-31T03:38:43.406+0000][1][safepoint    ] Leaving safepoint region
[2021-12-31T03:38:43.406+0000][1][safepoint    ] Total time for which application threads were stopped: 0.0003023 seconds, Stopping threads took: 0.0001348 seconds
[2021-12-31T03:38:44.408+0000][1][safepoint    ] Application time: 1.0021012 seconds
[2021-12-31T03:38:44.408+0000][1][safepoint    ] Entering safepoint region: Cleanup
[2021-12-31T03:38:44.409+0000][1][safepoint    ] Leaving safepoint region
[2021-12-31T03:38:44.409+0000][1][safepoint    ] Total time for which application threads were stopped: 0.0002542 seconds, Stopping threads took: 0.0001231 seconds
[2021-12-31T03:38:45.412+0000][1][safepoint    ] Application time: 1.0033143 seconds
[2021-12-31T03:38:45.412+0000][1][safepoint    ] Entering safepoint region: Cleanup
[2021-12-31T03:38:45.412+0000][1][safepoint    ] Leaving safepoint region
[2021-12-31T03:38:45.412+0000][1][safepoint    ] Total time for which application threads were stopped: 0.0002214 seconds, Stopping threads took: 0.0000946 seconds
[2021-12-31T03:38:46.413+0000][1][safepoint    ] Application time: 1.0008327 seconds
[2021-12-31T03:38:46.414+0000][1][safepoint    ] Entering safepoint region: Cleanup
[2021-12-31T03:38:46.414+0000][1][safepoint    ] Leaving safepoint region
[2021-12-31T03:38:46.414+0000][1][safepoint    ] Total time for which application threads were stopped: 0.0003398 seconds, Stopping threads took: 0.0001120 seconds
[2021-12-31T03:38:47.415+0000][1][safepoint    ] Application time: 1.0006578 seconds
[2021-12-31T03:38:47.415+0000][1][safepoint    ] Entering safepoint region: Cleanup
[2021-12-31T03:38:47.415+0000][1][safepoint    ] Leaving safepoint region
[2021-12-31T03:38:47.415+0000][1][safepoint    ] Total time for which application threads were stopped: 0.0003065 seconds, Stopping threads took: 0.0001103 seconds
[2021-12-31T03:38:48.416+0000][1][safepoint    ] Application time: 1.0009722 seconds
[2021-12-31T03:38:48.417+0000][1][safepoint    ] Entering safepoint region: Cleanup
[2021-12-31T03:38:48.417+0000][1][safepoint    ] Leaving safepoint region
[2021-12-31T03:38:48.417+0000][1][safepoint    ] Total time for which application threads were stopped: 0.0002740 seconds, Stopping threads took: 0.0001085 seconds
[2021-12-31T03:38:49.418+0000][1][safepoint    ] Application time: 1.0011783 seconds
[2021-12-31T03:38:49.418+0000][1][safepoint    ] Entering safepoint region: Cleanup
[2021-12-31T03:38:49.419+0000][1][safepoint    ] Leaving safepoint region
[2021-12-31T03:38:49.419+0000][1][safepoint    ] Total time for which application threads were stopped: 0.0002392 seconds, Stopping threads took: 0.0001126 seconds
[2021-12-31T03:38:50.422+0000][1][safepoint    ] Application time: 1.0034540 seconds
[2021-12-31T03:38:50.422+0000][1][safepoint    ] Entering safepoint region: Cleanup
[2021-12-31T03:38:50.423+0000][1][safepoint    ] Leaving safepoint region
[2021-12-31T03:38:50.423+0000][1][safepoint    ] Total time for which application threads were stopped: 0.0002302 seconds, Stopping threads took: 0.0001004 seconds
[2021-12-31T03:38:51.286+0000][1][safepoint    ] Application time: 0.8636493 seconds
[2021-12-31T03:38:51.286+0000][1][safepoint    ] Entering safepoint region: GenCollectForAllocation
[2021-12-31T03:38:51.287+0000][1][gc,start     ] GC(53) Pause Young (Allocation Failure)
[2021-12-31T03:38:51.287+0000][1][gc,task      ] GC(53) Using 1 workers of 1 for evacuation
[2021-12-31T03:38:51.291+0000][1][gc,age       ] GC(53) Desired survivor size 4358144 bytes, new threshold 6 (max threshold 6)
[2021-12-31T03:38:51.291+0000][1][gc,age       ] GC(53) Age table with threshold 6 (max threshold 6)
[2021-12-31T03:38:51.291+0000][1][gc,age       ] GC(53) - age   1:       5864 bytes,       5864 total
[2021-12-31T03:38:51.291+0000][1][gc,age       ] GC(53) - age   2:        152 bytes,       6016 total
[2021-12-31T03:38:51.292+0000][1][gc,age       ] GC(53) - age   3:        240 bytes,       6256 total
[2021-12-31T03:38:51.292+0000][1][gc,age       ] GC(53) - age   5:      72224 bytes,      78480 total
[2021-12-31T03:38:51.292+0000][1][gc,age       ] GC(53) - age   6:        120 bytes,      78600 total
[2021-12-31T03:38:51.292+0000][1][gc,heap      ] GC(53) ParNew: 68306K->140K(76672K)
[2021-12-31T03:38:51.292+0000][1][gc,heap      ] GC(53) CMS: 127750K->127750K(439104K)
[2021-12-31T03:38:51.292+0000][1][gc,metaspace ] GC(53) Metaspace: 73804K->73804K(1116160K)
[2021-12-31T03:38:51.292+0000][1][gc           ] GC(53) Pause Young (Allocation Failure) 191M->124M(503M) 5.579ms
[2021-12-31T03:38:51.293+0000][1][gc,cpu       ] GC(53) User=0.00s Sys=0.00s Real=0.01s
[2021-12-31T03:38:51.293+0000][1][safepoint    ] Leaving safepoint region
[2021-12-31T03:38:51.293+0000][1][safepoint    ] Total time for which application threads were stopped: 0.0062337 seconds, Stopping threads took: 0.0000935 seconds
[2021-12-31T03:38:52.294+0000][1][safepoint    ] Application time: 1.0012474 seconds
[2021-12-31T03:38:52.294+0000][1][safepoint    ] Entering safepoint region: Cleanup
[2021-12-31T03:38:52.294+0000][1][safepoint    ] Leaving safepoint region
[2021-12-31T03:38:52.295+0000][1][safepoint    ] Total time for which application threads were stopped: 0.0002607 seconds, Stopping threads took: 0.0001024 seconds
[2021-12-31T03:38:53.297+0000][1][safepoint    ] Application time: 1.0024482 seconds
[2021-12-31T03:38:53.297+0000][1][safepoint    ] Entering safepoint region: Cleanup
[2021-12-31T03:38:53.297+0000][1][safepoint    ] Leaving safepoint region
[2021-12-31T03:38:53.298+0000][1][safepoint    ] Total time for which application threads were stopped: 0.0002397 seconds, Stopping threads took: 0.0001031 seconds
[2021-12-31T03:38:54.299+0000][1][safepoint    ] Application time: 1.0014908 seconds
[2021-12-31T03:38:54.299+0000][1][safepoint    ] Entering safepoint region: Cleanup
[2021-12-31T03:38:54.299+0000][1][safepoint    ] Leaving safepoint region
[2021-12-31T03:38:54.300+0000][1][safepoint    ] Total time for which application threads were stopped: 0.0002278 seconds, Stopping threads took: 0.0001009 seconds
[2021-12-31T03:38:55.304+0000][1][safepoint    ] Application time: 1.0039500 seconds
[2021-12-31T03:38:55.304+0000][1][safepoint    ] Entering safepoint region: Cleanup
[2021-12-31T03:38:55.304+0000][1][safepoint    ] Leaving safepoint region
[2021-12-31T03:38:55.304+0000][1][safepoint    ] Total time for which application threads were stopped: 0.0003045 seconds, Stopping threads took: 0.0001237 seconds
[2021-12-31T03:38:56.307+0000][1][safepoint    ] Application time: 1.0029462 seconds
[2021-12-31T03:38:56.307+0000][1][safepoint    ] Entering safepoint region: Cleanup
[2021-12-31T03:38:56.308+0000][1][safepoint    ] Leaving safepoint region
[2021-12-31T03:38:56.308+0000][1][safepoint    ] Total time for which application threads were stopped: 0.0002226 seconds, Stopping threads took: 0.0000912 seconds
[2021-12-31T03:38:57.312+0000][1][safepoint    ] Application time: 1.0043837 seconds
[2021-12-31T03:38:57.313+0000][1][safepoint    ] Entering safepoint region: Cleanup
[2021-12-31T03:38:57.313+0000][1][safepoint    ] Leaving safepoint region
[2021-12-31T03:38:57.314+0000][1][safepoint    ] Total time for which application threads were stopped: 0.0009774 seconds, Stopping threads took: 0.0005418 seconds
[2021-12-31T03:38:58.315+0000][1][safepoint    ] Application time: 1.0014441 seconds
[2021-12-31T03:38:58.316+0000][1][safepoint    ] Entering safepoint region: Cleanup
[2021-12-31T03:38:58.316+0000][1][safepoint    ] Leaving safepoint region
[2021-12-31T03:38:58.316+0000][1][safepoint    ] Total time for which application threads were stopped: 0.0004604 seconds, Stopping threads took: 0.0002054 seconds
[2021-12-31T03:38:59.317+0000][1][safepoint    ] Application time: 1.0007620 seconds
[2021-12-31T03:38:59.318+0000][1][safepoint    ] Entering safepoint region: Cleanup
[2021-12-31T03:38:59.318+0000][1][safepoint    ] Leaving safepoint region
[2021-12-31T03:38:59.318+0000][1][safepoint    ] Total time for which application threads were stopped: 0.0002621 seconds, Stopping threads took: 0.0001145 seconds
[2021-12-31T03:39:00.319+0000][1][safepoint    ] Application time: 1.0014462 seconds
[2021-12-31T03:39:00.320+0000][1][safepoint    ] Entering safepoint region: Cleanup
[2021-12-31T03:39:00.320+0000][1][safepoint    ] Leaving safepoint region
[2021-12-31T03:39:00.320+0000][1][safepoint    ] Total time for which application threads were stopped: 0.0002216 seconds, Stopping threads took: 0.0000965 seconds
[2021-12-31T03:39:01.321+0000][1][safepoint    ] Application time: 1.0012302 seconds
[2021-12-31T03:39:01.321+0000][1][safepoint    ] Entering safepoint region: Cleanup
[2021-12-31T03:39:01.321+0000][1][safepoint    ] Leaving safepoint region
[2021-12-31T03:39:01.322+0000][1][safepoint    ] Total time for which application threads were stopped: 0.0004415 seconds, Stopping threads took: 0.0001395 seconds
[2021-12-31T03:39:02.324+0000][1][safepoint    ] Application time: 1.0024846 seconds
[2021-12-31T03:39:02.325+0000][1][safepoint    ] Entering safepoint region: Cleanup
[2021-12-31T03:39:02.325+0000][1][safepoint    ] Leaving safepoint region
[2021-12-31T03:39:02.325+0000][1][safepoint    ] Total time for which application threads were stopped: 0.0003010 seconds, Stopping threads took: 0.0001391 seconds
[2021-12-31T03:39:03.325+0000][1][safepoint    ] Application time: 1.0001231 seconds
[2021-12-31T03:39:03.325+0000][1][safepoint    ] Entering safepoint region: Cleanup
[2021-12-31T03:39:03.326+0000][1][safepoint    ] Leaving safepoint region
[2021-12-31T03:39:03.326+0000][1][safepoint    ] Total time for which application threads were stopped: 0.0002311 seconds, Stopping threads took: 0.0001006 seconds
[2021-12-31T03:39:04.328+0000][1][safepoint    ] Application time: 1.0021458 seconds
[2021-12-31T03:39:04.328+0000][1][safepoint    ] Entering safepoint region: Cleanup
[2021-12-31T03:39:04.328+0000][1][safepoint    ] Leaving safepoint region
[2021-12-31T03:39:04.329+0000][1][safepoint    ] Total time for which application threads were stopped: 0.0004383 seconds, Stopping threads took: 0.0002927 seconds
[2021-12-31T03:39:05.330+0000][1][safepoint    ] Application time: 1.0015172 seconds
[2021-12-31T03:39:05.331+0000][1][safepoint    ] Entering safepoint region: Cleanup
[2021-12-31T03:39:05.331+0000][1][safepoint    ] Leaving safepoint region
[2021-12-31T03:39:05.331+0000][1][safepoint    ] Total time for which application threads were stopped: 0.0002370 seconds, Stopping threads took: 0.0001012 seconds
[2021-12-31T03:39:06.332+0000][1][safepoint    ] Application time: 1.0009208 seconds
[2021-12-31T03:39:06.332+0000][1][safepoint    ] Entering safepoint region: Cleanup
[2021-12-31T03:39:06.332+0000][1][safepoint    ] Leaving safepoint region
[2021-12-31T03:39:06.332+0000][1][safepoint    ] Total time for which application threads were stopped: 0.0002308 seconds, Stopping threads took: 0.0001020 seconds
[2021-12-31T03:39:07.333+0000][1][safepoint    ] Application time: 1.0010990 seconds
[2021-12-31T03:39:07.334+0000][1][safepoint    ] Entering safepoint region: Cleanup
[2021-12-31T03:39:07.334+0000][1][safepoint    ] Leaving safepoint region
[2021-12-31T03:39:07.334+0000][1][safepoint    ] Total time for which application threads were stopped: 0.0002365 seconds, Stopping threads took: 0.0001000 seconds
[2021-12-31T03:39:08.335+0000][1][safepoint    ] Application time: 1.0013022 seconds
[2021-12-31T03:39:08.336+0000][1][safepoint    ] Entering safepoint region: Cleanup
[2021-12-31T03:39:08.336+0000][1][safepoint    ] Leaving safepoint region
[2021-12-31T03:39:08.336+0000][1][safepoint    ] Total time for which application threads were stopped: 0.0002368 seconds, Stopping threads took: 0.0001109 seconds
[2021-12-31T03:39:09.336+0000][1][safepoint    ] Application time: 1.0005580 seconds
[2021-12-31T03:39:09.337+0000][1][safepoint    ] Entering safepoint region: Cleanup
[2021-12-31T03:39:09.337+0000][1][safepoint    ] Leaving safepoint region
[2021-12-31T03:39:09.337+0000][1][safepoint    ] Total time for which application threads were stopped: 0.0003026 seconds, Stopping threads took: 0.0001351 seconds
[2021-12-31T03:39:10.339+0000][1][safepoint    ] Application time: 1.0021372 seconds
[2021-12-31T03:39:10.339+0000][1][safepoint    ] Entering safepoint region: Cleanup
[2021-12-31T03:39:10.340+0000][1][safepoint    ] Leaving safepoint region
[2021-12-31T03:39:10.340+0000][1][safepoint    ] Total time for which application threads were stopped: 0.0002324 seconds, Stopping threads took: 0.0001032 seconds
[2021-12-31T03:39:11.342+0000][1][safepoint    ] Application time: 1.0020065 seconds
[2021-12-31T03:39:11.342+0000][1][safepoint    ] Entering safepoint region: Cleanup
[2021-12-31T03:39:11.342+0000][1][safepoint    ] Leaving safepoint region
[2021-12-31T03:39:11.342+0000][1][safepoint    ] Total time for which application threads were stopped: 0.0002480 seconds, Stopping threads took: 0.0001014 seconds
[2021-12-31T03:39:12.343+0000][1][safepoint    ] Application time: 1.0008668 seconds
[2021-12-31T03:39:12.343+0000][1][safepoint    ] Entering safepoint region: Cleanup
[2021-12-31T03:39:12.343+0000][1][safepoint    ] Leaving safepoint region
[2021-12-31T03:39:12.344+0000][1][safepoint    ] Total time for which application threads were stopped: 0.0001981 seconds, Stopping threads took: 0.0000865 seconds
[2021-12-31T03:39:13.347+0000][1][safepoint    ] Application time: 1.0034811 seconds
[2021-12-31T03:39:13.347+0000][1][safepoint    ] Entering safepoint region: Cleanup
[2021-12-31T03:39:13.347+0000][1][safepoint    ] Leaving safepoint region
[2021-12-31T03:39:13.347+0000][1][safepoint    ] Total time for which application threads were stopped: 0.0002170 seconds, Stopping threads took: 0.0000961 seconds
[2021-12-31T03:39:14.351+0000][1][safepoint    ] Application time: 1.0036791 seconds
[2021-12-31T03:39:14.351+0000][1][safepoint    ] Entering safepoint region: Cleanup
[2021-12-31T03:39:14.352+0000][1][safepoint    ] Leaving safepoint region
[2021-12-31T03:39:14.352+0000][1][safepoint    ] Total time for which application threads were stopped: 0.0002557 seconds, Stopping threads took: 0.0001056 seconds
[2021-12-31T03:39:15.353+0000][1][safepoint    ] Application time: 1.0013696 seconds
[2021-12-31T03:39:15.353+0000][1][safepoint    ] Entering safepoint region: Cleanup
[2021-12-31T03:39:15.354+0000][1][safepoint    ] Leaving safepoint region
[2021-12-31T03:39:15.354+0000][1][safepoint    ] Total time for which application threads were stopped: 0.0002622 seconds, Stopping threads took: 0.0001115 seconds
[2021-12-31T03:39:16.357+0000][1][safepoint    ] Application time: 1.0033600 seconds
[2021-12-31T03:39:16.357+0000][1][safepoint    ] Entering safepoint region: Cleanup
[2021-12-31T03:39:16.358+0000][1][safepoint    ] Leaving safepoint region
[2021-12-31T03:39:16.358+0000][1][safepoint    ] Total time for which application threads were stopped: 0.0002527 seconds, Stopping threads took: 0.0001233 seconds
[2021-12-31T03:39:17.358+0000][1][safepoint    ] Application time: 1.0005833 seconds
[2021-12-31T03:39:17.358+0000][1][safepoint    ] Entering safepoint region: Cleanup
[2021-12-31T03:39:17.359+0000][1][safepoint    ] Leaving safepoint region
[2021-12-31T03:39:17.359+0000][1][safepoint    ] Total time for which application threads were stopped: 0.0002224 seconds, Stopping threads took: 0.0000964 seconds
[2021-12-31T03:39:18.327+0000][1][safepoint    ] Application time: 0.9686672 seconds
[2021-12-31T03:39:18.328+0000][1][safepoint    ] Entering safepoint region: RevokeBias
[2021-12-31T03:39:18.328+0000][1][safepoint    ] Leaving safepoint region
[2021-12-31T03:39:18.328+0000][1][safepoint    ] Total time for which application threads were stopped: 0.0003083 seconds, Stopping threads took: 0.0001403 seconds
[2021-12-31T03:39:19.331+0000][1][safepoint    ] Application time: 1.0024626 seconds
[2021-12-31T03:39:19.331+0000][1][safepoint    ] Entering safepoint region: Cleanup
[2021-12-31T03:39:19.331+0000][1][safepoint    ] Leaving safepoint region
[2021-12-31T03:39:19.331+0000][1][safepoint    ] Total time for which application threads were stopped: 0.0002354 seconds, Stopping threads took: 0.0001112 seconds
[2021-12-31T03:39:20.334+0000][1][safepoint    ] Application time: 1.0029292 seconds
[2021-12-31T03:39:20.335+0000][1][safepoint    ] Entering safepoint region: Cleanup
[2021-12-31T03:39:20.335+0000][1][safepoint    ] Leaving safepoint region
[2021-12-31T03:39:20.335+0000][1][safepoint    ] Total time for which application threads were stopped: 0.0002221 seconds, Stopping threads took: 0.0001012 seconds
[2021-12-31T03:39:21.335+0000][1][safepoint    ] Application time: 1.0001990 seconds
[2021-12-31T03:39:21.335+0000][1][safepoint    ] Entering safepoint region: Cleanup
[2021-12-31T03:39:21.336+0000][1][safepoint    ] Leaving safepoint region
[2021-12-31T03:39:21.336+0000][1][safepoint    ] Total time for which application threads were stopped: 0.0002255 seconds, Stopping threads took: 0.0001002 seconds
[2021-12-31T03:39:22.337+0000][1][safepoint    ] Application time: 1.0011502 seconds
[2021-12-31T03:39:22.337+0000][1][safepoint    ] Entering safepoint region: Cleanup
[2021-12-31T03:39:22.337+0000][1][safepoint    ] Leaving safepoint region
[2021-12-31T03:39:22.337+0000][1][safepoint    ] Total time for which application threads were stopped: 0.0002220 seconds, Stopping threads took: 0.0001020 seconds
[2021-12-31T03:39:23.340+0000][1][safepoint    ] Application time: 1.0027525 seconds
[2021-12-31T03:39:23.341+0000][1][safepoint    ] Entering safepoint region: Cleanup
[2021-12-31T03:39:23.341+0000][1][safepoint    ] Leaving safepoint region
[2021-12-31T03:39:23.341+0000][1][safepoint    ] Total time for which application threads were stopped: 0.0002269 seconds, Stopping threads took: 0.0001015 seconds
[2021-12-31T03:39:24.345+0000][1][safepoint    ] Application time: 1.0037410 seconds
[2021-12-31T03:39:24.345+0000][1][safepoint    ] Entering safepoint region: Cleanup
[2021-12-31T03:39:24.345+0000][1][safepoint    ] Leaving safepoint region
[2021-12-31T03:39:24.345+0000][1][safepoint    ] Total time for which application threads were stopped: 0.0005135 seconds, Stopping threads took: 0.0002263 seconds
[2021-12-31T03:39:25.346+0000][1][safepoint    ] Application time: 1.0005080 seconds
[2021-12-31T03:39:25.346+0000][1][safepoint    ] Entering safepoint region: Cleanup
[2021-12-31T03:39:25.346+0000][1][safepoint    ] Leaving safepoint region
[2021-12-31T03:39:25.347+0000][1][safepoint    ] Total time for which application threads were stopped: 0.0002224 seconds, Stopping threads took: 0.0000988 seconds
[2021-12-31T03:39:26.348+0000][1][safepoint    ] Application time: 1.0016587 seconds
[2021-12-31T03:39:26.349+0000][1][safepoint    ] Entering safepoint region: Cleanup
[2021-12-31T03:39:26.349+0000][1][safepoint    ] Leaving safepoint region
[2021-12-31T03:39:26.349+0000][1][safepoint    ] Total time for which application threads were stopped: 0.0002197 seconds, Stopping threads took: 0.0000964 seconds
[2021-12-31T03:39:27.352+0000][1][safepoint    ] Application time: 1.0032122 seconds
[2021-12-31T03:39:27.352+0000][1][safepoint    ] Entering safepoint region: Cleanup
[2021-12-31T03:39:27.352+0000][1][safepoint    ] Leaving safepoint region
[2021-12-31T03:39:27.352+0000][1][safepoint    ] Total time for which application threads were stopped: 0.0002285 seconds, Stopping threads took: 0.0001008 seconds
[2021-12-31T03:39:28.356+0000][1][safepoint    ] Application time: 1.0034560 seconds
[2021-12-31T03:39:28.356+0000][1][safepoint    ] Entering safepoint region: Cleanup
[2021-12-31T03:39:28.356+0000][1][safepoint    ] Leaving safepoint region
[2021-12-31T03:39:28.356+0000][1][safepoint    ] Total time for which application threads were stopped: 0.0002333 seconds, Stopping threads took: 0.0001030 seconds
[2021-12-31T03:39:29.360+0000][1][safepoint    ] Application time: 1.0034843 seconds
[2021-12-31T03:39:29.360+0000][1][safepoint    ] Entering safepoint region: Cleanup
[2021-12-31T03:39:29.360+0000][1][safepoint    ] Leaving safepoint region
[2021-12-31T03:39:29.360+0000][1][safepoint    ] Total time for which application threads were stopped: 0.0002184 seconds, Stopping threads took: 0.0000954 seconds
[2021-12-31T03:39:30.362+0000][1][safepoint    ] Application time: 1.0017129 seconds
[2021-12-31T03:39:30.362+0000][1][safepoint    ] Entering safepoint region: Cleanup
[2021-12-31T03:39:30.362+0000][1][safepoint    ] Leaving safepoint region
[2021-12-31T03:39:30.363+0000][1][safepoint    ] Total time for which application threads were stopped: 0.0002236 seconds, Stopping threads took: 0.0000978 seconds
[2021-12-31T03:39:31.363+0000][1][safepoint    ] Application time: 1.0002251 seconds
[2021-12-31T03:39:31.363+0000][1][safepoint    ] Entering safepoint region: Cleanup
[2021-12-31T03:39:31.363+0000][1][safepoint    ] Leaving safepoint region
[2021-12-31T03:39:31.363+0000][1][safepoint    ] Total time for which application threads were stopped: 0.0002225 seconds, Stopping threads took: 0.0000973 seconds
[2021-12-31T03:39:32.367+0000][1][safepoint    ] Application time: 1.0031782 seconds
[2021-12-31T03:39:32.367+0000][1][safepoint    ] Entering safepoint region: Cleanup
[2021-12-31T03:39:32.367+0000][1][safepoint    ] Leaving safepoint region
[2021-12-31T03:39:32.367+0000][1][safepoint    ] Total time for which application threads were stopped: 0.0002891 seconds, Stopping threads took: 0.0001261 seconds
[2021-12-31T03:39:33.368+0000][1][safepoint    ] Application time: 1.0011594 seconds
[2021-12-31T03:39:33.369+0000][1][safepoint    ] Entering safepoint region: Cleanup
[2021-12-31T03:39:33.369+0000][1][safepoint    ] Leaving safepoint region
[2021-12-31T03:39:33.369+0000][1][safepoint    ] Total time for which application threads were stopped: 0.0005709 seconds, Stopping threads took: 0.0003203 seconds
[2021-12-31T03:39:34.372+0000][1][safepoint    ] Application time: 1.0029266 seconds
[2021-12-31T03:39:34.372+0000][1][safepoint    ] Entering safepoint region: Cleanup
[2021-12-31T03:39:34.373+0000][1][safepoint    ] Leaving safepoint region
[2021-12-31T03:39:34.373+0000][1][safepoint    ] Total time for which application threads were stopped: 0.0003694 seconds, Stopping threads took: 0.0001439 seconds
[2021-12-31T03:39:35.373+0000][1][safepoint    ] Application time: 1.0004450 seconds
[2021-12-31T03:39:35.374+0000][1][safepoint    ] Entering safepoint region: Cleanup
[2021-12-31T03:39:35.374+0000][1][safepoint    ] Leaving safepoint region
[2021-12-31T03:39:35.374+0000][1][safepoint    ] Total time for which application threads were stopped: 0.0002714 seconds, Stopping threads took: 0.0001217 seconds
[2021-12-31T03:39:36.378+0000][1][safepoint    ] Application time: 1.0035582 seconds
[2021-12-31T03:39:36.378+0000][1][safepoint    ] Entering safepoint region: Cleanup
[2021-12-31T03:39:36.378+0000][1][safepoint    ] Leaving safepoint region
[2021-12-31T03:39:36.378+0000][1][safepoint    ] Total time for which application threads were stopped: 0.0002995 seconds, Stopping threads took: 0.0001509 seconds
[2021-12-31T03:39:37.380+0000][1][safepoint    ] Application time: 1.0014746 seconds
[2021-12-31T03:39:37.380+0000][1][safepoint    ] Entering safepoint region: Cleanup
[2021-12-31T03:39:37.380+0000][1][safepoint    ] Leaving safepoint region
[2021-12-31T03:39:37.380+0000][1][safepoint    ] Total time for which application threads were stopped: 0.0002347 seconds, Stopping threads took: 0.0001044 seconds
[2021-12-31T03:39:38.382+0000][1][safepoint    ] Application time: 1.0022074 seconds
[2021-12-31T03:39:38.383+0000][1][safepoint    ] Entering safepoint region: Cleanup
[2021-12-31T03:39:38.383+0000][1][safepoint    ] Leaving safepoint region
[2021-12-31T03:39:38.383+0000][1][safepoint    ] Total time for which application threads were stopped: 0.0003225 seconds, Stopping threads took: 0.0001513 seconds
[2021-12-31T03:39:39.384+0000][1][safepoint    ] Application time: 1.0005141 seconds
[2021-12-31T03:39:39.384+0000][1][safepoint    ] Entering safepoint region: Cleanup
[2021-12-31T03:39:39.384+0000][1][safepoint    ] Leaving safepoint region
[2021-12-31T03:39:39.384+0000][1][safepoint    ] Total time for which application threads were stopped: 0.0002847 seconds, Stopping threads took: 0.0001221 seconds
[2021-12-31T03:39:40.386+0000][1][safepoint    ] Application time: 1.0018014 seconds
[2021-12-31T03:39:40.386+0000][1][safepoint    ] Entering safepoint region: Cleanup
[2021-12-31T03:39:40.387+0000][1][safepoint    ] Leaving safepoint region
[2021-12-31T03:39:40.387+0000][1][safepoint    ] Total time for which application threads were stopped: 0.0004852 seconds, Stopping threads took: 0.0002187 seconds
[2021-12-31T03:39:41.389+0000][1][safepoint    ] Application time: 1.0016124 seconds
[2021-12-31T03:39:41.389+0000][1][safepoint    ] Entering safepoint region: Cleanup
[2021-12-31T03:39:41.389+0000][1][safepoint    ] Leaving safepoint region
[2021-12-31T03:39:41.389+0000][1][safepoint    ] Total time for which application threads were stopped: 0.0002247 seconds, Stopping threads took: 0.0000970 seconds
[2021-12-31T03:39:42.390+0000][1][safepoint    ] Application time: 1.0004940 seconds
[2021-12-31T03:39:42.390+0000][1][safepoint    ] Entering safepoint region: Cleanup
[2021-12-31T03:39:42.390+0000][1][safepoint    ] Leaving safepoint region
[2021-12-31T03:39:42.390+0000][1][safepoint    ] Total time for which application threads were stopped: 0.0002915 seconds, Stopping threads took: 0.0001218 seconds
[2021-12-31T03:39:43.393+0000][1][safepoint    ] Application time: 1.0025767 seconds
[2021-12-31T03:39:43.393+0000][1][safepoint    ] Entering safepoint region: Cleanup
[2021-12-31T03:39:43.393+0000][1][safepoint    ] Leaving safepoint region
[2021-12-31T03:39:43.393+0000][1][safepoint    ] Total time for which application threads were stopped: 0.0002340 seconds, Stopping threads took: 0.0001051 seconds
[2021-12-31T03:39:44.397+0000][1][safepoint    ] Application time: 1.0033063 seconds
[2021-12-31T03:39:44.397+0000][1][safepoint    ] Entering safepoint region: Cleanup
[2021-12-31T03:39:44.397+0000][1][safepoint    ] Leaving safepoint region
[2021-12-31T03:39:44.397+0000][1][safepoint    ] Total time for which application threads were stopped: 0.0002371 seconds, Stopping threads took: 0.0001008 seconds
[2021-12-31T03:39:45.400+0000][1][safepoint    ] Application time: 1.0029592 seconds
[2021-12-31T03:39:45.400+0000][1][safepoint    ] Entering safepoint region: Cleanup
[2021-12-31T03:39:45.401+0000][1][safepoint    ] Leaving safepoint region
[2021-12-31T03:39:45.401+0000][1][safepoint    ] Total time for which application threads were stopped: 0.0006893 seconds, Stopping threads took: 0.0002641 seconds
[2021-12-31T03:39:46.402+0000][1][safepoint    ] Application time: 1.0003695 seconds
[2021-12-31T03:39:46.402+0000][1][safepoint    ] Entering safepoint region: Cleanup
[2021-12-31T03:39:46.402+0000][1][safepoint    ] Leaving safepoint region
[2021-12-31T03:39:46.402+0000][1][safepoint    ] Total time for which application threads were stopped: 0.0002593 seconds, Stopping threads took: 0.0001195 seconds
[2021-12-31T03:39:47.405+0000][1][safepoint    ] Application time: 1.0032767 seconds
[2021-12-31T03:39:47.406+0000][1][safepoint    ] Entering safepoint region: Cleanup
[2021-12-31T03:39:47.406+0000][1][safepoint    ] Leaving safepoint region
[2021-12-31T03:39:47.406+0000][1][safepoint    ] Total time for which application threads were stopped: 0.0002572 seconds, Stopping threads took: 0.0001160 seconds
[2021-12-31T03:39:48.408+0000][1][safepoint    ] Application time: 1.0021820 seconds
[2021-12-31T03:39:48.409+0000][1][safepoint    ] Entering safepoint region: Cleanup
[2021-12-31T03:39:48.409+0000][1][safepoint    ] Leaving safepoint region
[2021-12-31T03:39:48.409+0000][1][safepoint    ] Total time for which application threads were stopped: 0.0005229 seconds, Stopping threads took: 0.0002495 seconds
[2021-12-31T03:39:49.411+0000][1][safepoint    ] Application time: 1.0016169 seconds
[2021-12-31T03:39:49.411+0000][1][safepoint    ] Entering safepoint region: Cleanup
[2021-12-31T03:39:49.411+0000][1][safepoint    ] Leaving safepoint region
[2021-12-31T03:39:49.411+0000][1][safepoint    ] Total time for which application threads were stopped: 0.0002158 seconds, Stopping threads took: 0.0000919 seconds
[2021-12-31T03:39:50.413+0000][1][safepoint    ] Application time: 1.0019542 seconds
[2021-12-31T03:39:50.414+0000][1][safepoint    ] Entering safepoint region: Cleanup
[2021-12-31T03:39:50.414+0000][1][safepoint    ] Leaving safepoint region
[2021-12-31T03:39:50.414+0000][1][safepoint    ] Total time for which application threads were stopped: 0.0002292 seconds, Stopping threads took: 0.0000999 seconds
[2021-12-31T03:39:51.417+0000][1][safepoint    ] Application time: 1.0033897 seconds
[2021-12-31T03:39:51.417+0000][1][safepoint    ] Entering safepoint region: Cleanup
[2021-12-31T03:39:51.418+0000][1][safepoint    ] Leaving safepoint region
[2021-12-31T03:39:51.418+0000][1][safepoint    ] Total time for which application threads were stopped: 0.0002383 seconds, Stopping threads took: 0.0001011 seconds
[2021-12-31T03:39:52.418+0000][1][safepoint    ] Application time: 1.0006687 seconds
[2021-12-31T03:39:52.419+0000][1][safepoint    ] Entering safepoint region: Cleanup
[2021-12-31T03:39:52.419+0000][1][safepoint    ] Leaving safepoint region
[2021-12-31T03:39:52.419+0000][1][safepoint    ] Total time for which application threads were stopped: 0.0002396 seconds, Stopping threads took: 0.0001050 seconds
[2021-12-31T03:39:53.421+0000][1][safepoint    ] Application time: 1.0022347 seconds
[2021-12-31T03:39:53.421+0000][1][safepoint    ] Entering safepoint region: Cleanup
[2021-12-31T03:39:53.422+0000][1][safepoint    ] Leaving safepoint region
[2021-12-31T03:39:53.422+0000][1][safepoint    ] Total time for which application threads were stopped: 0.0002311 seconds, Stopping threads took: 0.0001008 seconds
[2021-12-31T03:39:54.422+0000][1][safepoint    ] Application time: 1.0007387 seconds
[2021-12-31T03:39:54.423+0000][1][safepoint    ] Entering safepoint region: Cleanup
[2021-12-31T03:39:54.423+0000][1][safepoint    ] Leaving safepoint region
[2021-12-31T03:39:54.423+0000][1][safepoint    ] Total time for which application threads were stopped: 0.0002453 seconds, Stopping threads took: 0.0001054 seconds
[2021-12-31T03:39:55.425+0000][1][safepoint    ] Application time: 1.0020355 seconds
[2021-12-31T03:39:55.425+0000][1][safepoint    ] Entering safepoint region: Cleanup
[2021-12-31T03:39:55.425+0000][1][safepoint    ] Leaving safepoint region
[2021-12-31T03:39:55.425+0000][1][safepoint    ] Total time for which application threads were stopped: 0.0002759 seconds, Stopping threads took: 0.0001251 seconds
[2021-12-31T03:39:56.430+0000][1][safepoint    ] Application time: 1.0042610 seconds
[2021-12-31T03:39:56.430+0000][1][safepoint    ] Entering safepoint region: Cleanup
[2021-12-31T03:39:56.430+0000][1][safepoint    ] Leaving safepoint region
[2021-12-31T03:39:56.430+0000][1][safepoint    ] Total time for which application threads were stopped: 0.0002986 seconds, Stopping threads took: 0.0001331 seconds
[2021-12-31T03:39:57.437+0000][1][safepoint    ] Application time: 1.0067816 seconds
[2021-12-31T03:39:57.438+0000][1][safepoint    ] Entering safepoint region: Cleanup
[2021-12-31T03:39:57.438+0000][1][safepoint    ] Leaving safepoint region
[2021-12-31T03:39:57.438+0000][1][safepoint    ] Total time for which application threads were stopped: 0.0002543 seconds, Stopping threads took: 0.0001208 seconds
[2021-12-31T03:39:58.448+0000][1][safepoint    ] Application time: 1.0098866 seconds
[2021-12-31T03:39:58.448+0000][1][safepoint    ] Entering safepoint region: Cleanup
[2021-12-31T03:39:58.448+0000][1][safepoint    ] Leaving safepoint region
[2021-12-31T03:39:58.448+0000][1][safepoint    ] Total time for which application threads were stopped: 0.0002506 seconds, Stopping threads took: 0.0001192 seconds
[2021-12-31T03:39:59.460+0000][1][safepoint    ] Application time: 1.0117658 seconds
[2021-12-31T03:39:59.461+0000][1][safepoint    ] Entering safepoint region: Cleanup
[2021-12-31T03:39:59.461+0000][1][safepoint    ] Leaving safepoint region
[2021-12-31T03:39:59.461+0000][1][safepoint    ] Total time for which application threads were stopped: 0.0004824 seconds, Stopping threads took: 0.0002157 seconds
[2021-12-31T03:40:00.466+0000][1][safepoint    ] Application time: 1.0044863 seconds
[2021-12-31T03:40:00.466+0000][1][safepoint    ] Entering safepoint region: Cleanup
[2021-12-31T03:40:00.466+0000][1][safepoint    ] Leaving safepoint region
[2021-12-31T03:40:00.466+0000][1][safepoint    ] Total time for which application threads were stopped: 0.0003575 seconds, Stopping threads took: 0.0001970 seconds
[2021-12-31T03:40:01.478+0000][1][safepoint    ] Application time: 1.0115185 seconds
[2021-12-31T03:40:01.478+0000][1][safepoint    ] Entering safepoint region: Cleanup
[2021-12-31T03:40:01.478+0000][1][safepoint    ] Leaving safepoint region
[2021-12-31T03:40:01.478+0000][1][safepoint    ] Total time for which application threads were stopped: 0.0002791 seconds, Stopping threads took: 0.0001235 seconds
[2021-12-31T03:40:02.486+0000][1][safepoint    ] Application time: 1.0072343 seconds
[2021-12-31T03:40:02.486+0000][1][safepoint    ] Entering safepoint region: Cleanup
[2021-12-31T03:40:02.486+0000][1][safepoint    ] Leaving safepoint region
[2021-12-31T03:40:02.487+0000][1][safepoint    ] Total time for which application threads were stopped: 0.0004156 seconds, Stopping threads took: 0.0001724 seconds
[2021-12-31T03:40:03.494+0000][1][safepoint    ] Application time: 1.0074763 seconds
[2021-12-31T03:40:03.495+0000][1][safepoint    ] Entering safepoint region: Cleanup
[2021-12-31T03:40:03.495+0000][1][safepoint    ] Leaving safepoint region
[2021-12-31T03:40:03.495+0000][1][safepoint    ] Total time for which application threads were stopped: 0.0002893 seconds, Stopping threads took: 0.0001239 seconds
[2021-12-31T03:40:04.504+0000][1][safepoint    ] Application time: 1.0087597 seconds
[2021-12-31T03:40:04.504+0000][1][safepoint    ] Entering safepoint region: Cleanup
[2021-12-31T03:40:04.504+0000][1][safepoint    ] Leaving safepoint region
[2021-12-31T03:40:04.504+0000][1][safepoint    ] Total time for which application threads were stopped: 0.0002189 seconds, Stopping threads took: 0.0000978 seconds
[2021-12-31T03:40:05.510+0000][1][safepoint    ] Application time: 1.0060182 seconds
[2021-12-31T03:40:05.511+0000][1][safepoint    ] Entering safepoint region: Cleanup
[2021-12-31T03:40:05.511+0000][1][safepoint    ] Leaving safepoint region
[2021-12-31T03:40:05.511+0000][1][safepoint    ] Total time for which application threads were stopped: 0.0004515 seconds, Stopping threads took: 0.0002123 seconds
[2021-12-31T03:40:06.518+0000][1][safepoint    ] Application time: 1.0071140 seconds
[2021-12-31T03:40:06.519+0000][1][safepoint    ] Entering safepoint region: Cleanup
[2021-12-31T03:40:06.519+0000][1][safepoint    ] Leaving safepoint region
[2021-12-31T03:40:06.519+0000][1][safepoint    ] Total time for which application threads were stopped: 0.0002117 seconds, Stopping threads took: 0.0000980 seconds
[2021-12-31T03:40:07.527+0000][1][safepoint    ] Application time: 1.0078219 seconds
[2021-12-31T03:40:07.527+0000][1][safepoint    ] Entering safepoint region: Cleanup
[2021-12-31T03:40:07.527+0000][1][safepoint    ] Leaving safepoint region
[2021-12-31T03:40:07.528+0000][1][safepoint    ] Total time for which application threads were stopped: 0.0003058 seconds, Stopping threads took: 0.0001198 seconds
[2021-12-31T03:40:08.531+0000][1][safepoint    ] Application time: 1.0029523 seconds
[2021-12-31T03:40:08.531+0000][1][safepoint    ] Entering safepoint region: Cleanup
[2021-12-31T03:40:08.531+0000][1][safepoint    ] Leaving safepoint region
[2021-12-31T03:40:08.531+0000][1][safepoint    ] Total time for which application threads were stopped: 0.0003323 seconds, Stopping threads took: 0.0001797 seconds
[2021-12-31T03:40:09.535+0000][1][safepoint    ] Application time: 1.0031254 seconds
[2021-12-31T03:40:09.535+0000][1][safepoint    ] Entering safepoint region: Cleanup
[2021-12-31T03:40:09.535+0000][1][safepoint    ] Leaving safepoint region
[2021-12-31T03:40:09.535+0000][1][safepoint    ] Total time for which application threads were stopped: 0.0003208 seconds, Stopping threads took: 0.0001374 seconds
[2021-12-31T03:40:10.537+0000][1][safepoint    ] Application time: 1.0019541 seconds
[2021-12-31T03:40:10.537+0000][1][safepoint    ] Entering safepoint region: Cleanup
[2021-12-31T03:40:10.538+0000][1][safepoint    ] Leaving safepoint region
[2021-12-31T03:40:10.538+0000][1][safepoint    ] Total time for which application threads were stopped: 0.0002358 seconds, Stopping threads took: 0.0001046 seconds
[2021-12-31T03:40:11.539+0000][1][safepoint    ] Application time: 1.0009064 seconds
[2021-12-31T03:40:11.539+0000][1][safepoint    ] Entering safepoint region: Cleanup
[2021-12-31T03:40:11.539+0000][1][safepoint    ] Leaving safepoint region
[2021-12-31T03:40:11.539+0000][1][safepoint    ] Total time for which application threads were stopped: 0.0002535 seconds, Stopping threads took: 0.0001137 seconds
[2021-12-31T03:40:12.541+0000][1][safepoint    ] Application time: 1.0011922 seconds
[2021-12-31T03:40:12.541+0000][1][safepoint    ] Entering safepoint region: Cleanup
[2021-12-31T03:40:12.542+0000][1][safepoint    ] Leaving safepoint region
[2021-12-31T03:40:12.542+0000][1][safepoint    ] Total time for which application threads were stopped: 0.0005350 seconds, Stopping threads took: 0.0002258 seconds
[2021-12-31T03:40:13.543+0000][1][safepoint    ] Application time: 1.0011783 seconds
[2021-12-31T03:40:13.544+0000][1][safepoint    ] Entering safepoint region: Cleanup
[2021-12-31T03:40:13.544+0000][1][safepoint    ] Leaving safepoint region
[2021-12-31T03:40:13.544+0000][1][safepoint    ] Total time for which application threads were stopped: 0.0002653 seconds, Stopping threads took: 0.0001272 seconds
[2021-12-31T03:40:14.547+0000][1][safepoint    ] Application time: 1.0030726 seconds
[2021-12-31T03:40:14.547+0000][1][safepoint    ] Entering safepoint region: Cleanup
[2021-12-31T03:40:14.547+0000][1][safepoint    ] Leaving safepoint region
[2021-12-31T03:40:14.548+0000][1][safepoint    ] Total time for which application threads were stopped: 0.0002257 seconds, Stopping threads took: 0.0000992 seconds
[2021-12-31T03:40:15.549+0000][1][safepoint    ] Application time: 1.0014591 seconds
[2021-12-31T03:40:15.549+0000][1][safepoint    ] Entering safepoint region: Cleanup
[2021-12-31T03:40:15.550+0000][1][safepoint    ] Leaving safepoint region
[2021-12-31T03:40:15.550+0000][1][safepoint    ] Total time for which application threads were stopped: 0.0004105 seconds, Stopping threads took: 0.0001915 seconds
[2021-12-31T03:40:16.550+0000][1][safepoint    ] Application time: 1.0002696 seconds
[2021-12-31T03:40:16.550+0000][1][safepoint    ] Entering safepoint region: Cleanup
[2021-12-31T03:40:16.550+0000][1][safepoint    ] Leaving safepoint region
[2021-12-31T03:40:16.551+0000][1][safepoint    ] Total time for which application threads were stopped: 0.0002648 seconds, Stopping threads took: 0.0001184 seconds
[2021-12-31T03:40:17.552+0000][1][safepoint    ] Application time: 1.0014879 seconds
[2021-12-31T03:40:17.553+0000][1][safepoint    ] Entering safepoint region: Cleanup
[2021-12-31T03:40:17.553+0000][1][safepoint    ] Leaving safepoint region
[2021-12-31T03:40:17.553+0000][1][safepoint    ] Total time for which application threads were stopped: 0.0002252 seconds, Stopping threads took: 0.0001029 seconds
[2021-12-31T03:40:18.334+0000][1][safepoint    ] Application time: 0.7813446 seconds
[2021-12-31T03:40:18.337+0000][1][safepoint    ] Entering safepoint region: RevokeBias
[2021-12-31T03:40:18.337+0000][1][safepoint    ] Leaving safepoint region
[2021-12-31T03:40:18.337+0000][1][safepoint    ] Total time for which application threads were stopped: 0.0002559 seconds, Stopping threads took: 0.0001119 seconds
[2021-12-31T03:40:19.341+0000][1][safepoint    ] Application time: 1.0041515 seconds
[2021-12-31T03:40:19.341+0000][1][safepoint    ] Entering safepoint region: Cleanup
[2021-12-31T03:40:19.341+0000][1][safepoint    ] Leaving safepoint region
[2021-12-31T03:40:19.341+0000][1][safepoint    ] Total time for which application threads were stopped: 0.0002323 seconds, Stopping threads took: 0.0001092 seconds
[2021-12-31T03:40:20.346+0000][1][safepoint    ] Application time: 1.0040039 seconds
[2021-12-31T03:40:20.346+0000][1][safepoint    ] Entering safepoint region: Cleanup
[2021-12-31T03:40:20.346+0000][1][safepoint    ] Leaving safepoint region
[2021-12-31T03:40:20.346+0000][1][safepoint    ] Total time for which application threads were stopped: 0.0003157 seconds, Stopping threads took: 0.0001741 seconds
[2021-12-31T03:40:21.350+0000][1][safepoint    ] Application time: 1.0036578 seconds
[2021-12-31T03:40:21.350+0000][1][safepoint    ] Entering safepoint region: Cleanup
[2021-12-31T03:40:21.350+0000][1][safepoint    ] Leaving safepoint region
[2021-12-31T03:40:21.350+0000][1][safepoint    ] Total time for which application threads were stopped: 0.0002440 seconds, Stopping threads took: 0.0001070 seconds
[2021-12-31T03:40:22.351+0000][1][safepoint    ] Application time: 1.0003073 seconds
[2021-12-31T03:40:22.351+0000][1][safepoint    ] Entering safepoint region: Cleanup
[2021-12-31T03:40:22.351+0000][1][safepoint    ] Leaving safepoint region
[2021-12-31T03:40:22.351+0000][1][safepoint    ] Total time for which application threads were stopped: 0.0003771 seconds, Stopping threads took: 0.0002377 seconds
[2021-12-31T03:40:23.353+0000][1][safepoint    ] Application time: 1.0017633 seconds
[2021-12-31T03:40:23.353+0000][1][safepoint    ] Entering safepoint region: Cleanup
[2021-12-31T03:40:23.354+0000][1][safepoint    ] Leaving safepoint region
[2021-12-31T03:40:23.354+0000][1][safepoint    ] Total time for which application threads were stopped: 0.0002222 seconds, Stopping threads took: 0.0000959 seconds
[2021-12-31T03:40:24.357+0000][1][safepoint    ] Application time: 1.0027511 seconds
[2021-12-31T03:40:24.357+0000][1][safepoint    ] Entering safepoint region: Cleanup
[2021-12-31T03:40:24.357+0000][1][safepoint    ] Leaving safepoint region
[2021-12-31T03:40:24.357+0000][1][safepoint    ] Total time for which application threads were stopped: 0.0002446 seconds, Stopping threads took: 0.0001016 seconds
[2021-12-31T03:40:25.365+0000][1][safepoint    ] Application time: 1.0075383 seconds
[2021-12-31T03:40:25.365+0000][1][safepoint    ] Entering safepoint region: Cleanup
[2021-12-31T03:40:25.365+0000][1][safepoint    ] Leaving safepoint region
[2021-12-31T03:40:25.365+0000][1][safepoint    ] Total time for which application threads were stopped: 0.0003818 seconds, Stopping threads took: 0.0001334 seconds
[2021-12-31T03:40:26.367+0000][1][safepoint    ] Application time: 1.0010890 seconds
[2021-12-31T03:40:26.367+0000][1][safepoint    ] Entering safepoint region: Cleanup
[2021-12-31T03:40:26.367+0000][1][safepoint    ] Leaving safepoint region
[2021-12-31T03:40:26.367+0000][1][safepoint    ] Total time for which application threads were stopped: 0.0002973 seconds, Stopping threads took: 0.0001283 seconds
[2021-12-31T03:40:27.370+0000][1][safepoint    ] Application time: 1.0026661 seconds
[2021-12-31T03:40:27.370+0000][1][safepoint    ] Entering safepoint region: Cleanup
[2021-12-31T03:40:27.370+0000][1][safepoint    ] Leaving safepoint region
[2021-12-31T03:40:27.370+0000][1][safepoint    ] Total time for which application threads were stopped: 0.0002557 seconds, Stopping threads took: 0.0001077 seconds
[2021-12-31T03:40:28.373+0000][1][safepoint    ] Application time: 1.0023942 seconds
[2021-12-31T03:40:28.373+0000][1][safepoint    ] Entering safepoint region: Cleanup
[2021-12-31T03:40:28.373+0000][1][safepoint    ] Leaving safepoint region
[2021-12-31T03:40:28.373+0000][1][safepoint    ] Total time for which application threads were stopped: 0.0002404 seconds, Stopping threads took: 0.0001031 seconds
[2021-12-31T03:40:29.375+0000][1][safepoint    ] Application time: 1.0013888 seconds
[2021-12-31T03:40:29.375+0000][1][safepoint    ] Entering safepoint region: Cleanup
[2021-12-31T03:40:29.375+0000][1][safepoint    ] Leaving safepoint region
[2021-12-31T03:40:29.376+0000][1][safepoint    ] Total time for which application threads were stopped: 0.0004254 seconds, Stopping threads took: 0.0001875 seconds
[2021-12-31T03:40:30.378+0000][1][safepoint    ] Application time: 1.0027571 seconds
[2021-12-31T03:40:30.379+0000][1][safepoint    ] Entering safepoint region: Cleanup
[2021-12-31T03:40:30.379+0000][1][safepoint    ] Leaving safepoint region
[2021-12-31T03:40:30.380+0000][1][safepoint    ] Total time for which application threads were stopped: 0.0006746 seconds, Stopping threads took: 0.0003166 seconds
[2021-12-31T03:40:31.384+0000][1][safepoint    ] Application time: 1.0039247 seconds
[2021-12-31T03:40:31.384+0000][1][safepoint    ] Entering safepoint region: Cleanup
[2021-12-31T03:40:31.384+0000][1][safepoint    ] Leaving safepoint region
[2021-12-31T03:40:31.384+0000][1][safepoint    ] Total time for which application threads were stopped: 0.0002869 seconds, Stopping threads took: 0.0001001 seconds
[2021-12-31T03:40:32.386+0000][1][safepoint    ] Application time: 1.0014918 seconds
[2021-12-31T03:40:32.386+0000][1][safepoint    ] Entering safepoint region: Cleanup
[2021-12-31T03:40:32.386+0000][1][safepoint    ] Leaving safepoint region
[2021-12-31T03:40:32.387+0000][1][safepoint    ] Total time for which application threads were stopped: 0.0003169 seconds, Stopping threads took: 0.0001454 seconds
[2021-12-31T03:40:33.391+0000][1][safepoint    ] Application time: 1.0039640 seconds
[2021-12-31T03:40:33.391+0000][1][safepoint    ] Entering safepoint region: Cleanup
[2021-12-31T03:40:33.391+0000][1][safepoint    ] Leaving safepoint region
[2021-12-31T03:40:33.391+0000][1][safepoint    ] Total time for which application threads were stopped: 0.0002265 seconds, Stopping threads took: 0.0000992 seconds
[2021-12-31T03:40:34.395+0000][1][safepoint    ] Application time: 1.0035461 seconds
[2021-12-31T03:40:34.395+0000][1][safepoint    ] Entering safepoint region: Cleanup
[2021-12-31T03:40:34.395+0000][1][safepoint    ] Leaving safepoint region
[2021-12-31T03:40:34.396+0000][1][safepoint    ] Total time for which application threads were stopped: 0.0002841 seconds, Stopping threads took: 0.0001396 seconds
[2021-12-31T03:40:35.398+0000][1][safepoint    ] Application time: 1.0020284 seconds
[2021-12-31T03:40:35.398+0000][1][safepoint    ] Entering safepoint region: Cleanup
[2021-12-31T03:40:35.398+0000][1][safepoint    ] Leaving safepoint region
[2021-12-31T03:40:35.398+0000][1][safepoint    ] Total time for which application threads were stopped: 0.0004927 seconds, Stopping threads took: 0.0002201 seconds
[2021-12-31T03:40:36.401+0000][1][safepoint    ] Application time: 1.0018173 seconds
[2021-12-31T03:40:36.401+0000][1][safepoint    ] Entering safepoint region: Cleanup
[2021-12-31T03:40:36.401+0000][1][safepoint    ] Leaving safepoint region
[2021-12-31T03:40:36.401+0000][1][safepoint    ] Total time for which application threads were stopped: 0.0002277 seconds, Stopping threads took: 0.0000960 seconds
[2021-12-31T03:40:37.404+0000][1][safepoint    ] Application time: 1.0025846 seconds
[2021-12-31T03:40:37.404+0000][1][safepoint    ] Entering safepoint region: Cleanup
[2021-12-31T03:40:37.404+0000][1][safepoint    ] Leaving safepoint region
[2021-12-31T03:40:37.404+0000][1][safepoint    ] Total time for which application threads were stopped: 0.0004739 seconds, Stopping threads took: 0.0001909 seconds
[2021-12-31T03:40:38.408+0000][1][safepoint    ] Application time: 1.0038115 seconds
[2021-12-31T03:40:38.409+0000][1][safepoint    ] Entering safepoint region: Cleanup
[2021-12-31T03:40:38.409+0000][1][safepoint    ] Leaving safepoint region
[2021-12-31T03:40:38.410+0000][1][safepoint    ] Total time for which application threads were stopped: 0.0006475 seconds, Stopping threads took: 0.0003357 seconds
[2021-12-31T03:40:39.412+0000][1][safepoint    ] Application time: 1.0021262 seconds
[2021-12-31T03:40:39.413+0000][1][safepoint    ] Entering safepoint region: Cleanup
[2021-12-31T03:40:39.413+0000][1][safepoint    ] Leaving safepoint region
[2021-12-31T03:40:39.413+0000][1][safepoint    ] Total time for which application threads were stopped: 0.0002090 seconds, Stopping threads took: 0.0000967 seconds
[2021-12-31T03:40:40.417+0000][1][safepoint    ] Application time: 1.0033943 seconds
[2021-12-31T03:40:40.417+0000][1][safepoint    ] Entering safepoint region: Cleanup
[2021-12-31T03:40:40.417+0000][1][safepoint    ] Leaving safepoint region
[2021-12-31T03:40:40.417+0000][1][safepoint    ] Total time for which application threads were stopped: 0.0004287 seconds, Stopping threads took: 0.0001823 seconds
[2021-12-31T03:40:41.420+0000][1][safepoint    ] Application time: 1.0022291 seconds
[2021-12-31T03:40:41.420+0000][1][safepoint    ] Entering safepoint region: Cleanup
[2021-12-31T03:40:41.420+0000][1][safepoint    ] Leaving safepoint region
[2021-12-31T03:40:41.420+0000][1][safepoint    ] Total time for which application threads were stopped: 0.0002456 seconds, Stopping threads took: 0.0001044 seconds
[2021-12-31T03:40:42.422+0000][1][safepoint    ] Application time: 1.0018059 seconds
[2021-12-31T03:40:42.422+0000][1][safepoint    ] Entering safepoint region: Cleanup
[2021-12-31T03:40:42.422+0000][1][safepoint    ] Leaving safepoint region
[2021-12-31T03:40:42.423+0000][1][safepoint    ] Total time for which application threads were stopped: 0.0005447 seconds, Stopping threads took: 0.0002213 seconds
[2021-12-31T03:40:43.425+0000][1][safepoint    ] Application time: 1.0019902 seconds
[2021-12-31T03:40:43.425+0000][1][safepoint    ] Entering safepoint region: Cleanup
[2021-12-31T03:40:43.425+0000][1][safepoint    ] Leaving safepoint region
[2021-12-31T03:40:43.425+0000][1][safepoint    ] Total time for which application threads were stopped: 0.0002567 seconds, Stopping threads took: 0.0001139 seconds
[2021-12-31T03:40:44.426+0000][1][safepoint    ] Application time: 1.0002444 seconds
[2021-12-31T03:40:44.426+0000][1][safepoint    ] Entering safepoint region: Cleanup
[2021-12-31T03:40:44.426+0000][1][safepoint    ] Leaving safepoint region
[2021-12-31T03:40:44.426+0000][1][safepoint    ] Total time for which application threads were stopped: 0.0002151 seconds, Stopping threads took: 0.0000905 seconds
[2021-12-31T03:40:45.427+0000][1][safepoint    ] Application time: 1.0009267 seconds
[2021-12-31T03:40:45.427+0000][1][safepoint    ] Entering safepoint region: Cleanup
[2021-12-31T03:40:45.427+0000][1][safepoint    ] Leaving safepoint region
[2021-12-31T03:40:45.428+0000][1][safepoint    ] Total time for which application threads were stopped: 0.0002357 seconds, Stopping threads took: 0.0000969 seconds
[2021-12-31T03:40:46.430+0000][1][safepoint    ] Application time: 1.0022607 seconds
[2021-12-31T03:40:46.430+0000][1][safepoint    ] Entering safepoint region: Cleanup
[2021-12-31T03:40:46.431+0000][1][safepoint    ] Leaving safepoint region
[2021-12-31T03:40:46.431+0000][1][safepoint    ] Total time for which application threads were stopped: 0.0005836 seconds, Stopping threads took: 0.0002645 seconds
[2021-12-31T03:40:47.432+0000][1][safepoint    ] Application time: 1.0010942 seconds
[2021-12-31T03:40:47.433+0000][1][safepoint    ] Entering safepoint region: Cleanup
[2021-12-31T03:40:47.433+0000][1][safepoint    ] Leaving safepoint region
[2021-12-31T03:40:47.433+0000][1][safepoint    ] Total time for which application threads were stopped: 0.0005189 seconds, Stopping threads took: 0.0002177 seconds
[2021-12-31T03:40:48.435+0000][1][safepoint    ] Application time: 1.0019731 seconds
[2021-12-31T03:40:48.436+0000][1][safepoint    ] Entering safepoint region: Cleanup
[2021-12-31T03:40:48.436+0000][1][safepoint    ] Leaving safepoint region
[2021-12-31T03:40:48.436+0000][1][safepoint    ] Total time for which application threads were stopped: 0.0004871 seconds, Stopping threads took: 0.0002129 seconds
[2021-12-31T03:40:49.438+0000][1][safepoint    ] Application time: 1.0015956 seconds
[2021-12-31T03:40:49.438+0000][1][safepoint    ] Entering safepoint region: Cleanup
[2021-12-31T03:40:49.439+0000][1][safepoint    ] Leaving safepoint region
[2021-12-31T03:40:49.439+0000][1][safepoint    ] Total time for which application threads were stopped: 0.0005549 seconds, Stopping threads took: 0.0002552 seconds
[2021-12-31T03:40:50.441+0000][1][safepoint    ] Application time: 1.0014932 seconds
[2021-12-31T03:40:50.441+0000][1][safepoint    ] Entering safepoint region: Cleanup
[2021-12-31T03:40:50.441+0000][1][safepoint    ] Leaving safepoint region
[2021-12-31T03:40:50.441+0000][1][safepoint    ] Total time for which application threads were stopped: 0.0003197 seconds, Stopping threads took: 0.0001430 seconds
[2021-12-31T03:40:51.445+0000][1][safepoint    ] Application time: 1.0033166 seconds
[2021-12-31T03:40:51.445+0000][1][safepoint    ] Entering safepoint region: Cleanup
[2021-12-31T03:40:51.445+0000][1][safepoint    ] Leaving safepoint region
[2021-12-31T03:40:51.446+0000][1][safepoint    ] Total time for which application threads were stopped: 0.0007030 seconds, Stopping threads took: 0.0003622 seconds
[2021-12-31T03:40:52.449+0000][1][safepoint    ] Application time: 1.0028998 seconds
[2021-12-31T03:40:52.449+0000][1][safepoint    ] Entering safepoint region: Cleanup
[2021-12-31T03:40:52.450+0000][1][safepoint    ] Leaving safepoint region
[2021-12-31T03:40:52.450+0000][1][safepoint    ] Total time for which application threads were stopped: 0.0007924 seconds, Stopping threads took: 0.0003456 seconds
[2021-12-31T03:40:53.453+0000][1][safepoint    ] Application time: 1.0027889 seconds
[2021-12-31T03:40:53.453+0000][1][safepoint    ] Entering safepoint region: Cleanup
[2021-12-31T03:40:53.454+0000][1][safepoint    ] Leaving safepoint region
[2021-12-31T03:40:53.454+0000][1][safepoint    ] Total time for which application threads were stopped: 0.0003664 seconds, Stopping threads took: 0.0001429 seconds
[2021-12-31T03:40:54.456+0000][1][safepoint    ] Application time: 1.0015835 seconds
[2021-12-31T03:40:54.456+0000][1][safepoint    ] Entering safepoint region: Cleanup
[2021-12-31T03:40:54.456+0000][1][safepoint    ] Leaving safepoint region
[2021-12-31T03:40:54.456+0000][1][safepoint    ] Total time for which application threads were stopped: 0.0005212 seconds, Stopping threads took: 0.0002064 seconds
[2021-12-31T03:40:55.459+0000][1][safepoint    ] Application time: 1.0027200 seconds
[2021-12-31T03:40:55.460+0000][1][safepoint    ] Entering safepoint region: Cleanup
[2021-12-31T03:40:55.460+0000][1][safepoint    ] Leaving safepoint region
[2021-12-31T03:40:55.460+0000][1][safepoint    ] Total time for which application threads were stopped: 0.0002477 seconds, Stopping threads took: 0.0001016 seconds
[2021-12-31T03:40:56.463+0000][1][safepoint    ] Application time: 1.0027619 seconds
[2021-12-31T03:40:56.463+0000][1][safepoint    ] Entering safepoint region: Cleanup
[2021-12-31T03:40:56.463+0000][1][safepoint    ] Leaving safepoint region
[2021-12-31T03:40:56.464+0000][1][safepoint    ] Total time for which application threads were stopped: 0.0006117 seconds, Stopping threads took: 0.0003163 seconds
[2021-12-31T03:40:57.464+0000][1][safepoint    ] Application time: 1.0005569 seconds
[2021-12-31T03:40:57.465+0000][1][safepoint    ] Entering safepoint region: Cleanup
[2021-12-31T03:40:57.465+0000][1][safepoint    ] Leaving safepoint region
[2021-12-31T03:40:57.465+0000][1][safepoint    ] Total time for which application threads were stopped: 0.0004997 seconds, Stopping threads took: 0.0000993 seconds
[2021-12-31T03:40:58.469+0000][1][safepoint    ] Application time: 1.0035439 seconds
[2021-12-31T03:40:58.469+0000][1][safepoint    ] Entering safepoint region: Cleanup
[2021-12-31T03:40:58.470+0000][1][safepoint    ] Leaving safepoint region
[2021-12-31T03:40:58.470+0000][1][safepoint    ] Total time for which application threads were stopped: 0.0007120 seconds, Stopping threads took: 0.0003389 seconds
[2021-12-31T03:40:59.473+0000][1][safepoint    ] Application time: 1.0024877 seconds
[2021-12-31T03:40:59.473+0000][1][safepoint    ] Entering safepoint region: Cleanup
[2021-12-31T03:40:59.474+0000][1][safepoint    ] Leaving safepoint region
[2021-12-31T03:40:59.474+0000][1][safepoint    ] Total time for which application threads were stopped: 0.0006753 seconds, Stopping threads took: 0.0003135 seconds
[2021-12-31T03:41:00.477+0000][1][safepoint    ] Application time: 1.0026484 seconds
[2021-12-31T03:41:00.489+0000][1][safepoint    ] Entering safepoint region: Cleanup
[2021-12-31T03:41:00.492+0000][1][safepoint    ] Leaving safepoint region
[2021-12-31T03:41:00.493+0000][1][safepoint    ] Total time for which application threads were stopped: 0.0040133 seconds, Stopping threads took: 0.0034117 seconds
[2021-12-31T03:41:01.494+0000][1][safepoint    ] Application time: 1.0006601 seconds
[2021-12-31T03:41:01.495+0000][1][safepoint    ] Entering safepoint region: Cleanup
[2021-12-31T03:41:01.495+0000][1][safepoint    ] Leaving safepoint region
[2021-12-31T03:41:01.495+0000][1][safepoint    ] Total time for which application threads were stopped: 0.0004656 seconds, Stopping threads took: 0.0001939 seconds
[2021-12-31T03:41:02.496+0000][1][safepoint    ] Application time: 1.0012282 seconds
[2021-12-31T03:41:02.497+0000][1][safepoint    ] Entering safepoint region: Cleanup
[2021-12-31T03:41:02.497+0000][1][safepoint    ] Leaving safepoint region
[2021-12-31T03:41:02.497+0000][1][safepoint    ] Total time for which application threads were stopped: 0.0002322 seconds, Stopping threads took: 0.0001008 seconds
[2021-12-31T03:41:03.498+0000][1][safepoint    ] Application time: 1.0007449 seconds
[2021-12-31T03:41:03.498+0000][1][safepoint    ] Entering safepoint region: Cleanup
[2021-12-31T03:41:03.498+0000][1][safepoint    ] Leaving safepoint region
[2021-12-31T03:41:03.498+0000][1][safepoint    ] Total time for which application threads were stopped: 0.0005180 seconds, Stopping threads took: 0.0002074 seconds
[2021-12-31T03:41:04.499+0000][1][safepoint    ] Application time: 1.0002041 seconds
[2021-12-31T03:41:04.499+0000][1][safepoint    ] Entering safepoint region: Cleanup
[2021-12-31T03:41:04.499+0000][1][safepoint    ] Leaving safepoint region
[2021-12-31T03:41:04.499+0000][1][safepoint    ] Total time for which application threads were stopped: 0.0002425 seconds, Stopping threads took: 0.0001043 seconds
[2021-12-31T03:41:05.500+0000][1][safepoint    ] Application time: 1.0010789 seconds
[2021-12-31T03:41:05.501+0000][1][safepoint    ] Entering safepoint region: Cleanup
[2021-12-31T03:41:05.501+0000][1][safepoint    ] Leaving safepoint region
[2021-12-31T03:41:05.501+0000][1][safepoint    ] Total time for which application threads were stopped: 0.0002510 seconds, Stopping threads took: 0.0001110 seconds
[2021-12-31T03:41:06.503+0000][1][safepoint    ] Application time: 1.0015567 seconds
[2021-12-31T03:41:06.503+0000][1][safepoint    ] Entering safepoint region: Cleanup
[2021-12-31T03:41:06.503+0000][1][safepoint    ] Leaving safepoint region
[2021-12-31T03:41:06.503+0000][1][safepoint    ] Total time for which application threads were stopped: 0.0002126 seconds, Stopping threads took: 0.0000937 seconds
[2021-12-31T03:41:07.505+0000][1][safepoint    ] Application time: 1.0018617 seconds
[2021-12-31T03:41:07.505+0000][1][safepoint    ] Entering safepoint region: Cleanup
[2021-12-31T03:41:07.505+0000][1][safepoint    ] Leaving safepoint region
[2021-12-31T03:41:07.505+0000][1][safepoint    ] Total time for which application threads were stopped: 0.0002269 seconds, Stopping threads took: 0.0000957 seconds
[2021-12-31T03:41:08.507+0000][1][safepoint    ] Application time: 1.0020308 seconds
[2021-12-31T03:41:08.508+0000][1][safepoint    ] Entering safepoint region: Cleanup
[2021-12-31T03:41:08.508+0000][1][safepoint    ] Leaving safepoint region
[2021-12-31T03:41:08.508+0000][1][safepoint    ] Total time for which application threads were stopped: 0.0005239 seconds, Stopping threads took: 0.0002026 seconds
[2021-12-31T03:41:09.511+0000][1][safepoint    ] Application time: 1.0021904 seconds
[2021-12-31T03:41:09.511+0000][1][safepoint    ] Entering safepoint region: Cleanup
[2021-12-31T03:41:09.511+0000][1][safepoint    ] Leaving safepoint region
[2021-12-31T03:41:09.511+0000][1][safepoint    ] Total time for which application threads were stopped: 0.0004189 seconds, Stopping threads took: 0.0001848 seconds
[2021-12-31T03:41:10.513+0000][1][safepoint    ] Application time: 1.0017436 seconds
[2021-12-31T03:41:10.513+0000][1][safepoint    ] Entering safepoint region: Cleanup
[2021-12-31T03:41:10.514+0000][1][safepoint    ] Leaving safepoint region
[2021-12-31T03:41:10.514+0000][1][safepoint    ] Total time for which application threads were stopped: 0.0002357 seconds, Stopping threads took: 0.0001006 seconds
[2021-12-31T03:41:11.516+0000][1][safepoint    ] Application time: 1.0026391 seconds
[2021-12-31T03:41:11.517+0000][1][safepoint    ] Entering safepoint region: Cleanup
[2021-12-31T03:41:11.517+0000][1][safepoint    ] Leaving safepoint region
[2021-12-31T03:41:11.517+0000][1][safepoint    ] Total time for which application threads were stopped: 0.0002252 seconds, Stopping threads took: 0.0000980 seconds
[2021-12-31T03:41:12.521+0000][1][safepoint    ] Application time: 1.0036110 seconds
[2021-12-31T03:41:12.521+0000][1][safepoint    ] Entering safepoint region: Cleanup
[2021-12-31T03:41:12.521+0000][1][safepoint    ] Leaving safepoint region
[2021-12-31T03:41:12.521+0000][1][safepoint    ] Total time for which application threads were stopped: 0.0002171 seconds, Stopping threads took: 0.0000925 seconds
[2021-12-31T03:41:13.522+0000][1][safepoint    ] Application time: 1.0012634 seconds
[2021-12-31T03:41:13.523+0000][1][safepoint    ] Entering safepoint region: Cleanup
[2021-12-31T03:41:13.523+0000][1][safepoint    ] Leaving safepoint region
[2021-12-31T03:41:13.523+0000][1][safepoint    ] Total time for which application threads were stopped: 0.0002276 seconds, Stopping threads took: 0.0000999 seconds
[2021-12-31T03:41:14.526+0000][1][safepoint    ] Application time: 1.0026618 seconds
[2021-12-31T03:41:14.526+0000][1][safepoint    ] Entering safepoint region: Cleanup
[2021-12-31T03:41:14.526+0000][1][safepoint    ] Leaving safepoint region
[2021-12-31T03:41:14.526+0000][1][safepoint    ] Total time for which application threads were stopped: 0.0002177 seconds, Stopping threads took: 0.0000921 seconds
[2021-12-31T03:41:15.528+0000][1][safepoint    ] Application time: 1.0016542 seconds
[2021-12-31T03:41:15.528+0000][1][safepoint    ] Entering safepoint region: Cleanup
[2021-12-31T03:41:15.529+0000][1][safepoint    ] Leaving safepoint region
[2021-12-31T03:41:15.529+0000][1][safepoint    ] Total time for which application threads were stopped: 0.0005035 seconds, Stopping threads took: 0.0002369 seconds
[2021-12-31T03:41:16.530+0000][1][safepoint    ] Application time: 1.0005408 seconds
[2021-12-31T03:41:16.530+0000][1][safepoint    ] Entering safepoint region: Cleanup
[2021-12-31T03:41:16.530+0000][1][safepoint    ] Leaving safepoint region
[2021-12-31T03:41:16.530+0000][1][safepoint    ] Total time for which application threads were stopped: 0.0002345 seconds, Stopping threads took: 0.0001099 seconds
[2021-12-31T03:41:17.532+0000][1][safepoint    ] Application time: 1.0023550 seconds
[2021-12-31T03:41:17.533+0000][1][safepoint    ] Entering safepoint region: Cleanup
[2021-12-31T03:41:17.533+0000][1][safepoint    ] Leaving safepoint region
[2021-12-31T03:41:17.533+0000][1][safepoint    ] Total time for which application threads were stopped: 0.0002638 seconds, Stopping threads took: 0.0001184 seconds
[2021-12-31T03:41:18.347+0000][1][safepoint    ] Application time: 0.8137672 seconds
[2021-12-31T03:41:18.348+0000][1][safepoint    ] Entering safepoint region: RevokeBias
[2021-12-31T03:41:18.348+0000][1][safepoint    ] Leaving safepoint region
[2021-12-31T03:41:18.348+0000][1][safepoint    ] Total time for which application threads were stopped: 0.0006402 seconds, Stopping threads took: 0.0002565 seconds
[2021-12-31T03:41:19.353+0000][1][safepoint    ] Application time: 1.0047730 seconds
[2021-12-31T03:41:19.354+0000][1][safepoint    ] Entering safepoint region: Cleanup
[2021-12-31T03:41:19.354+0000][1][safepoint    ] Leaving safepoint region
[2021-12-31T03:41:19.354+0000][1][safepoint    ] Total time for which application threads were stopped: 0.0003623 seconds, Stopping threads took: 0.0001831 seconds
[2021-12-31T03:41:20.357+0000][1][safepoint    ] Application time: 1.0030427 seconds
[2021-12-31T03:41:20.358+0000][1][safepoint    ] Entering safepoint region: Cleanup
[2021-12-31T03:41:20.358+0000][1][safepoint    ] Leaving safepoint region
[2021-12-31T03:41:20.359+0000][1][safepoint    ] Total time for which application threads were stopped: 0.0007033 seconds, Stopping threads took: 0.0003441 seconds
[2021-12-31T03:41:21.361+0000][1][safepoint    ] Application time: 1.0026038 seconds
[2021-12-31T03:41:21.362+0000][1][safepoint    ] Entering safepoint region: Cleanup
[2021-12-31T03:41:21.362+0000][1][safepoint    ] Leaving safepoint region
[2021-12-31T03:41:21.362+0000][1][safepoint    ] Total time for which application threads were stopped: 0.0002241 seconds, Stopping threads took: 0.0000977 seconds
[2021-12-31T03:41:22.364+0000][1][safepoint    ] Application time: 1.0021851 seconds
[2021-12-31T03:41:22.364+0000][1][safepoint    ] Entering safepoint region: Cleanup
[2021-12-31T03:41:22.365+0000][1][safepoint    ] Leaving safepoint region
[2021-12-31T03:41:22.365+0000][1][safepoint    ] Total time for which application threads were stopped: 0.0002511 seconds, Stopping threads took: 0.0001111 seconds
[2021-12-31T03:41:23.368+0000][1][safepoint    ] Application time: 1.0029791 seconds
[2021-12-31T03:41:23.368+0000][1][safepoint    ] Entering safepoint region: Cleanup
[2021-12-31T03:41:23.368+0000][1][safepoint    ] Leaving safepoint region
[2021-12-31T03:41:23.368+0000][1][safepoint    ] Total time for which application threads were stopped: 0.0002317 seconds, Stopping threads took: 0.0001017 seconds
[2021-12-31T03:41:24.372+0000][1][safepoint    ] Application time: 1.0036632 seconds
[2021-12-31T03:41:24.372+0000][1][safepoint    ] Entering safepoint region: Cleanup
[2021-12-31T03:41:24.372+0000][1][safepoint    ] Leaving safepoint region
[2021-12-31T03:41:24.372+0000][1][safepoint    ] Total time for which application threads were stopped: 0.0002176 seconds, Stopping threads took: 0.0000970 seconds
[2021-12-31T03:41:24.752+0000][1][safepoint    ] Application time: 0.3800777 seconds
[2021-12-31T03:41:24.753+0000][1][safepoint    ] Entering safepoint region: GenCollectForAllocation
[2021-12-31T03:41:24.753+0000][1][gc,start     ] GC(54) Pause Young (Allocation Failure)
[2021-12-31T03:41:24.753+0000][1][gc,task      ] GC(54) Using 1 workers of 1 for evacuation
[2021-12-31T03:41:24.759+0000][1][gc,age       ] GC(54) Desired survivor size 4358144 bytes, new threshold 6 (max threshold 6)
[2021-12-31T03:41:24.759+0000][1][gc,age       ] GC(54) Age table with threshold 6 (max threshold 6)
[2021-12-31T03:41:24.760+0000][1][gc,age       ] GC(54) - age   1:       5576 bytes,       5576 total
[2021-12-31T03:41:24.760+0000][1][gc,age       ] GC(54) - age   2:        120 bytes,       5696 total
[2021-12-31T03:41:24.760+0000][1][gc,age       ] GC(54) - age   3:        152 bytes,       5848 total
[2021-12-31T03:41:24.760+0000][1][gc,age       ] GC(54) - age   4:        240 bytes,       6088 total
[2021-12-31T03:41:24.761+0000][1][gc,age       ] GC(54) - age   6:      72224 bytes,      78312 total
[2021-12-31T03:41:24.761+0000][1][gc,heap      ] GC(54) ParNew: 68300K->84K(76672K)
[2021-12-31T03:41:24.761+0000][1][gc,heap      ] GC(54) CMS: 127750K->127750K(439104K)
[2021-12-31T03:41:24.761+0000][1][gc,metaspace ] GC(54) Metaspace: 73811K->73811K(1116160K)
[2021-12-31T03:41:24.761+0000][1][gc           ] GC(54) Pause Young (Allocation Failure) 191M->124M(503M) 8.264ms
[2021-12-31T03:41:24.761+0000][1][gc,cpu       ] GC(54) User=0.00s Sys=0.00s Real=0.01s
[2021-12-31T03:41:24.762+0000][1][safepoint    ] Leaving safepoint region
[2021-12-31T03:41:24.762+0000][1][safepoint    ] Total time for which application threads were stopped: 0.0089291 seconds, Stopping threads took: 0.0001940 seconds
[2021-12-31T03:41:25.766+0000][1][safepoint    ] Application time: 1.0039296 seconds
[2021-12-31T03:41:25.766+0000][1][safepoint    ] Entering safepoint region: Cleanup
[2021-12-31T03:41:25.766+0000][1][safepoint    ] Leaving safepoint region
[2021-12-31T03:41:25.766+0000][1][safepoint    ] Total time for which application threads were stopped: 0.0002332 seconds, Stopping threads took: 0.0001012 seconds
[2021-12-31T03:41:26.767+0000][1][safepoint    ] Application time: 1.0011331 seconds
[2021-12-31T03:41:26.768+0000][1][safepoint    ] Entering safepoint region: Cleanup
[2021-12-31T03:41:26.768+0000][1][safepoint    ] Leaving safepoint region
[2021-12-31T03:41:26.768+0000][1][safepoint    ] Total time for which application threads were stopped: 0.0002036 seconds, Stopping threads took: 0.0000880 seconds
[2021-12-31T03:41:27.771+0000][1][safepoint    ] Application time: 1.0032281 seconds
[2021-12-31T03:41:27.771+0000][1][safepoint    ] Entering safepoint region: Cleanup
[2021-12-31T03:41:27.771+0000][1][safepoint    ] Leaving safepoint region
[2021-12-31T03:41:27.772+0000][1][safepoint    ] Total time for which application threads were stopped: 0.0002043 seconds, Stopping threads took: 0.0000868 seconds
[2021-12-31T03:41:28.777+0000][1][safepoint    ] Application time: 1.0058625 seconds
[2021-12-31T03:41:28.778+0000][1][safepoint    ] Entering safepoint region: Cleanup
[2021-12-31T03:41:28.778+0000][1][safepoint    ] Leaving safepoint region
[2021-12-31T03:41:28.779+0000][1][safepoint    ] Total time for which application threads were stopped: 0.0006219 seconds, Stopping threads took: 0.0002879 seconds
[2021-12-31T03:41:29.791+0000][1][safepoint    ] Application time: 1.0120441 seconds
[2021-12-31T03:41:29.791+0000][1][safepoint    ] Entering safepoint region: Cleanup
[2021-12-31T03:41:29.791+0000][1][safepoint    ] Leaving safepoint region
[2021-12-31T03:41:29.792+0000][1][safepoint    ] Total time for which application threads were stopped: 0.0002879 seconds, Stopping threads took: 0.0001380 seconds
[2021-12-31T03:41:30.800+0000][1][safepoint    ] Application time: 1.0085877 seconds
[2021-12-31T03:41:30.801+0000][1][safepoint    ] Entering safepoint region: Cleanup
[2021-12-31T03:41:30.801+0000][1][safepoint    ] Leaving safepoint region
[2021-12-31T03:41:30.801+0000][1][safepoint    ] Total time for which application threads were stopped: 0.0005226 seconds, Stopping threads took: 0.0002384 seconds
[2021-12-31T03:41:31.808+0000][1][safepoint    ] Application time: 1.0062762 seconds
[2021-12-31T03:41:31.809+0000][1][safepoint    ] Entering safepoint region: Cleanup
[2021-12-31T03:41:31.809+0000][1][safepoint    ] Leaving safepoint region
[2021-12-31T03:41:31.809+0000][1][safepoint    ] Total time for which application threads were stopped: 0.0006339 seconds, Stopping threads took: 0.0002954 seconds
[2021-12-31T03:41:32.812+0000][1][safepoint    ] Application time: 1.0029851 seconds
[2021-12-31T03:41:32.813+0000][1][safepoint    ] Entering safepoint region: Cleanup
[2021-12-31T03:41:32.813+0000][1][safepoint    ] Leaving safepoint region
[2021-12-31T03:41:32.813+0000][1][safepoint    ] Total time for which application threads were stopped: 0.0002099 seconds, Stopping threads took: 0.0000906 seconds
[2021-12-31T03:41:33.816+0000][1][safepoint    ] Application time: 1.0028322 seconds
[2021-12-31T03:41:33.816+0000][1][safepoint    ] Entering safepoint region: Cleanup
[2021-12-31T03:41:33.816+0000][1][safepoint    ] Leaving safepoint region
[2021-12-31T03:41:33.816+0000][1][safepoint    ] Total time for which application threads were stopped: 0.0002142 seconds, Stopping threads took: 0.0000953 seconds
[2021-12-31T03:41:34.820+0000][1][safepoint    ] Application time: 1.0034593 seconds
[2021-12-31T03:41:34.820+0000][1][safepoint    ] Entering safepoint region: Cleanup
[2021-12-31T03:41:34.820+0000][1][safepoint    ] Leaving safepoint region
[2021-12-31T03:41:34.821+0000][1][safepoint    ] Total time for which application threads were stopped: 0.0004924 seconds, Stopping threads took: 0.0002239 seconds
[2021-12-31T03:41:35.822+0000][1][safepoint    ] Application time: 1.0007710 seconds
[2021-12-31T03:41:35.822+0000][1][safepoint    ] Entering safepoint region: Cleanup
[2021-12-31T03:41:35.822+0000][1][safepoint    ] Leaving safepoint region
[2021-12-31T03:41:35.822+0000][1][safepoint    ] Total time for which application threads were stopped: 0.0004645 seconds, Stopping threads took: 0.0001994 seconds
[2021-12-31T03:41:36.825+0000][1][safepoint    ] Application time: 1.0026151 seconds
[2021-12-31T03:41:36.825+0000][1][safepoint    ] Entering safepoint region: Cleanup
[2021-12-31T03:41:36.825+0000][1][safepoint    ] Leaving safepoint region
[2021-12-31T03:41:36.826+0000][1][safepoint    ] Total time for which application threads were stopped: 0.0001972 seconds, Stopping threads took: 0.0000850 seconds
[2021-12-31T03:41:37.826+0000][1][safepoint    ] Application time: 1.0005531 seconds
[2021-12-31T03:41:37.827+0000][1][safepoint    ] Entering safepoint region: Cleanup
[2021-12-31T03:41:37.827+0000][1][safepoint    ] Leaving safepoint region
[2021-12-31T03:41:37.827+0000][1][safepoint    ] Total time for which application threads were stopped: 0.0005609 seconds, Stopping threads took: 0.0002717 seconds
[2021-12-31T03:41:38.828+0000][1][safepoint    ] Application time: 1.0002548 seconds
[2021-12-31T03:41:38.828+0000][1][safepoint    ] Entering safepoint region: Cleanup
[2021-12-31T03:41:38.828+0000][1][safepoint    ] Leaving safepoint region
[2021-12-31T03:41:38.828+0000][1][safepoint    ] Total time for which application threads were stopped: 0.0002311 seconds, Stopping threads took: 0.0000975 seconds
[2021-12-31T03:41:39.832+0000][1][safepoint    ] Application time: 1.0036897 seconds
[2021-12-31T03:41:39.832+0000][1][safepoint    ] Entering safepoint region: Cleanup
[2021-12-31T03:41:39.832+0000][1][safepoint    ] Leaving safepoint region
[2021-12-31T03:41:39.833+0000][1][safepoint    ] Total time for which application threads were stopped: 0.0003475 seconds, Stopping threads took: 0.0000898 seconds
[2021-12-31T03:41:40.836+0000][1][safepoint    ] Application time: 1.0027523 seconds
[2021-12-31T03:41:40.836+0000][1][safepoint    ] Entering safepoint region: Cleanup
[2021-12-31T03:41:40.836+0000][1][safepoint    ] Leaving safepoint region
[2021-12-31T03:41:40.836+0000][1][safepoint    ] Total time for which application threads were stopped: 0.0002023 seconds, Stopping threads took: 0.0000870 seconds
[2021-12-31T03:41:41.836+0000][1][safepoint    ] Application time: 1.0004269 seconds
[2021-12-31T03:41:41.837+0000][1][safepoint    ] Entering safepoint region: Cleanup
[2021-12-31T03:41:41.837+0000][1][safepoint    ] Leaving safepoint region
[2021-12-31T03:41:41.837+0000][1][safepoint    ] Total time for which application threads were stopped: 0.0005427 seconds, Stopping threads took: 0.0002359 seconds
[2021-12-31T03:41:42.840+0000][1][safepoint    ] Application time: 1.0027011 seconds
[2021-12-31T03:41:42.841+0000][1][safepoint    ] Entering safepoint region: Cleanup
[2021-12-31T03:41:42.841+0000][1][safepoint    ] Leaving safepoint region
[2021-12-31T03:41:42.841+0000][1][safepoint    ] Total time for which application threads were stopped: 0.0004929 seconds, Stopping threads took: 0.0002333 seconds
[2021-12-31T03:41:43.845+0000][1][safepoint    ] Application time: 1.0032166 seconds
[2021-12-31T03:41:43.845+0000][1][safepoint    ] Entering safepoint region: Cleanup
[2021-12-31T03:41:43.845+0000][1][safepoint    ] Leaving safepoint region
[2021-12-31T03:41:43.846+0000][1][safepoint    ] Total time for which application threads were stopped: 0.0006364 seconds, Stopping threads took: 0.0002750 seconds
[2021-12-31T03:41:44.847+0000][1][safepoint    ] Application time: 1.0008201 seconds
[2021-12-31T03:41:44.847+0000][1][safepoint    ] Entering safepoint region: Cleanup
[2021-12-31T03:41:44.847+0000][1][safepoint    ] Leaving safepoint region
[2021-12-31T03:41:44.848+0000][1][safepoint    ] Total time for which application threads were stopped: 0.0013249 seconds, Stopping threads took: 0.0001326 seconds
[2021-12-31T03:41:45.849+0000][1][safepoint    ] Application time: 1.0001836 seconds
[2021-12-31T03:41:45.849+0000][1][safepoint    ] Entering safepoint region: Cleanup
[2021-12-31T03:41:45.849+0000][1][safepoint    ] Leaving safepoint region
[2021-12-31T03:41:45.850+0000][1][safepoint    ] Total time for which application threads were stopped: 0.0004769 seconds, Stopping threads took: 0.0002185 seconds
[2021-12-31T03:41:46.851+0000][1][safepoint    ] Application time: 1.0016375 seconds
[2021-12-31T03:41:46.852+0000][1][safepoint    ] Entering safepoint region: Cleanup
[2021-12-31T03:41:46.852+0000][1][safepoint    ] Leaving safepoint region
[2021-12-31T03:41:46.852+0000][1][safepoint    ] Total time for which application threads were stopped: 0.0006009 seconds, Stopping threads took: 0.0003026 seconds
[2021-12-31T03:41:47.855+0000][1][safepoint    ] Application time: 1.0025743 seconds
[2021-12-31T03:41:47.855+0000][1][safepoint    ] Entering safepoint region: Cleanup
[2021-12-31T03:41:47.856+0000][1][safepoint    ] Leaving safepoint region
[2021-12-31T03:41:47.856+0000][1][safepoint    ] Total time for which application threads were stopped: 0.0002562 seconds, Stopping threads took: 0.0001106 seconds
[2021-12-31T03:41:48.859+0000][1][safepoint    ] Application time: 1.0033306 seconds
[2021-12-31T03:41:48.859+0000][1][safepoint    ] Entering safepoint region: Cleanup
[2021-12-31T03:41:48.859+0000][1][safepoint    ] Leaving safepoint region
[2021-12-31T03:41:48.860+0000][1][safepoint    ] Total time for which application threads were stopped: 0.0002363 seconds, Stopping threads took: 0.0001011 seconds
[2021-12-31T03:41:49.863+0000][1][safepoint    ] Application time: 1.0029392 seconds
[2021-12-31T03:41:49.863+0000][1][safepoint    ] Entering safepoint region: Cleanup
[2021-12-31T03:41:49.863+0000][1][safepoint    ] Leaving safepoint region
[2021-12-31T03:41:49.863+0000][1][safepoint    ] Total time for which application threads were stopped: 0.0002415 seconds, Stopping threads took: 0.0001109 seconds
[2021-12-31T03:41:50.866+0000][1][safepoint    ] Application time: 1.0030940 seconds
[2021-12-31T03:41:50.866+0000][1][safepoint    ] Entering safepoint region: Cleanup
[2021-12-31T03:41:50.867+0000][1][safepoint    ] Leaving safepoint region
[2021-12-31T03:41:50.867+0000][1][safepoint    ] Total time for which application threads were stopped: 0.0002142 seconds, Stopping threads took: 0.0000938 seconds
[2021-12-31T03:41:51.868+0000][1][safepoint    ] Application time: 1.0017098 seconds
[2021-12-31T03:41:51.869+0000][1][safepoint    ] Entering safepoint region: Cleanup
[2021-12-31T03:41:51.869+0000][1][safepoint    ] Leaving safepoint region
[2021-12-31T03:41:51.869+0000][1][safepoint    ] Total time for which application threads were stopped: 0.0004459 seconds, Stopping threads took: 0.0002017 seconds
[2021-12-31T03:41:52.870+0000][1][safepoint    ] Application time: 1.0010209 seconds
[2021-12-31T03:41:52.871+0000][1][safepoint    ] Entering safepoint region: Cleanup
[2021-12-31T03:41:52.871+0000][1][safepoint    ] Leaving safepoint region
[2021-12-31T03:41:52.871+0000][1][safepoint    ] Total time for which application threads were stopped: 0.0002627 seconds, Stopping threads took: 0.0001062 seconds
[2021-12-31T03:41:53.873+0000][1][safepoint    ] Application time: 1.0019209 seconds
[2021-12-31T03:41:53.873+0000][1][safepoint    ] Entering safepoint region: Cleanup
[2021-12-31T03:41:53.873+0000][1][safepoint    ] Leaving safepoint region
[2021-12-31T03:41:53.873+0000][1][safepoint    ] Total time for which application threads were stopped: 0.0002478 seconds, Stopping threads took: 0.0001090 seconds
[2021-12-31T03:41:54.874+0000][1][safepoint    ] Application time: 1.0006413 seconds
[2021-12-31T03:41:54.875+0000][1][safepoint    ] Entering safepoint region: Cleanup
[2021-12-31T03:41:54.875+0000][1][safepoint    ] Leaving safepoint region
[2021-12-31T03:41:54.875+0000][1][safepoint    ] Total time for which application threads were stopped: 0.0006337 seconds, Stopping threads took: 0.0002717 seconds
[2021-12-31T03:41:55.878+0000][1][safepoint    ] Application time: 1.0027229 seconds
[2021-12-31T03:41:55.879+0000][1][safepoint    ] Entering safepoint region: Cleanup
[2021-12-31T03:41:55.879+0000][1][safepoint    ] Leaving safepoint region
[2021-12-31T03:41:55.879+0000][1][safepoint    ] Total time for which application threads were stopped: 0.0006222 seconds, Stopping threads took: 0.0002870 seconds
[2021-12-31T03:41:56.880+0000][1][safepoint    ] Application time: 1.0005540 seconds
[2021-12-31T03:41:56.880+0000][1][safepoint    ] Entering safepoint region: Cleanup
[2021-12-31T03:41:56.881+0000][1][safepoint    ] Leaving safepoint region
[2021-12-31T03:41:56.881+0000][1][safepoint    ] Total time for which application threads were stopped: 0.0004753 seconds, Stopping threads took: 0.0001994 seconds
[2021-12-31T03:41:57.884+0000][1][safepoint    ] Application time: 1.0031300 seconds
[2021-12-31T03:41:57.885+0000][1][safepoint    ] Entering safepoint region: Cleanup
[2021-12-31T03:41:57.885+0000][1][safepoint    ] Leaving safepoint region
[2021-12-31T03:41:57.885+0000][1][safepoint    ] Total time for which application threads were stopped: 0.0007568 seconds, Stopping threads took: 0.0002226 seconds
[2021-12-31T03:41:58.888+0000][1][safepoint    ] Application time: 1.0027217 seconds
[2021-12-31T03:41:58.889+0000][1][safepoint    ] Entering safepoint region: Cleanup
[2021-12-31T03:41:58.889+0000][1][safepoint    ] Leaving safepoint region
[2021-12-31T03:41:58.889+0000][1][safepoint    ] Total time for which application threads were stopped: 0.0002408 seconds, Stopping threads took: 0.0001020 seconds
[2021-12-31T03:41:59.891+0000][1][safepoint    ] Application time: 1.0016797 seconds
[2021-12-31T03:41:59.891+0000][1][safepoint    ] Entering safepoint region: Cleanup
[2021-12-31T03:41:59.891+0000][1][safepoint    ] Leaving safepoint region
[2021-12-31T03:41:59.891+0000][1][safepoint    ] Total time for which application threads were stopped: 0.0004599 seconds, Stopping threads took: 0.0002007 seconds
[2021-12-31T03:42:00.894+0000][1][safepoint    ] Application time: 1.0023398 seconds
[2021-12-31T03:42:00.894+0000][1][safepoint    ] Entering safepoint region: Cleanup
[2021-12-31T03:42:00.894+0000][1][safepoint    ] Leaving safepoint region
[2021-12-31T03:42:00.894+0000][1][safepoint    ] Total time for which application threads were stopped: 0.0002236 seconds, Stopping threads took: 0.0000976 seconds
[2021-12-31T03:42:01.896+0000][1][safepoint    ] Application time: 1.0015226 seconds
[2021-12-31T03:42:01.896+0000][1][safepoint    ] Entering safepoint region: Cleanup
[2021-12-31T03:42:01.896+0000][1][safepoint    ] Leaving safepoint region
[2021-12-31T03:42:01.897+0000][1][safepoint    ] Total time for which application threads were stopped: 0.0004483 seconds, Stopping threads took: 0.0002001 seconds
[2021-12-31T03:42:02.898+0000][1][safepoint    ] Application time: 1.0017025 seconds
[2021-12-31T03:42:02.899+0000][1][safepoint    ] Entering safepoint region: Cleanup
[2021-12-31T03:42:02.899+0000][1][safepoint    ] Leaving safepoint region
[2021-12-31T03:42:02.899+0000][1][safepoint    ] Total time for which application threads were stopped: 0.0002411 seconds, Stopping threads took: 0.0001094 seconds
[2021-12-31T03:42:03.904+0000][1][safepoint    ] Application time: 1.0046745 seconds
[2021-12-31T03:42:03.904+0000][1][safepoint    ] Entering safepoint region: Cleanup
[2021-12-31T03:42:03.904+0000][1][safepoint    ] Leaving safepoint region
[2021-12-31T03:42:03.905+0000][1][safepoint    ] Total time for which application threads were stopped: 0.0007287 seconds, Stopping threads took: 0.0003948 seconds
[2021-12-31T03:42:04.906+0000][1][safepoint    ] Application time: 1.0006955 seconds
[2021-12-31T03:42:04.906+0000][1][safepoint    ] Entering safepoint region: Cleanup
[2021-12-31T03:42:04.906+0000][1][safepoint    ] Leaving safepoint region
[2021-12-31T03:42:04.906+0000][1][safepoint    ] Total time for which application threads were stopped: 0.0004854 seconds, Stopping threads took: 0.0002075 seconds
[2021-12-31T03:42:05.908+0000][1][safepoint    ] Application time: 1.0013969 seconds
[2021-12-31T03:42:05.909+0000][1][safepoint    ] Entering safepoint region: Cleanup
[2021-12-31T03:42:05.909+0000][1][safepoint    ] Leaving safepoint region
[2021-12-31T03:42:05.909+0000][1][safepoint    ] Total time for which application threads were stopped: 0.0007554 seconds, Stopping threads took: 0.0003485 seconds
[2021-12-31T03:42:06.911+0000][1][safepoint    ] Application time: 1.0015517 seconds
[2021-12-31T03:42:06.912+0000][1][safepoint    ] Entering safepoint region: Cleanup
[2021-12-31T03:42:06.912+0000][1][safepoint    ] Leaving safepoint region
[2021-12-31T03:42:06.912+0000][1][safepoint    ] Total time for which application threads were stopped: 0.0005865 seconds, Stopping threads took: 0.0002379 seconds
[2021-12-31T03:42:07.916+0000][1][safepoint    ] Application time: 1.0032487 seconds
[2021-12-31T03:42:07.916+0000][1][safepoint    ] Entering safepoint region: Cleanup
[2021-12-31T03:42:07.916+0000][1][safepoint    ] Leaving safepoint region
[2021-12-31T03:42:07.917+0000][1][safepoint    ] Total time for which application threads were stopped: 0.0007433 seconds, Stopping threads took: 0.0002164 seconds
[2021-12-31T03:42:08.919+0000][1][safepoint    ] Application time: 1.0022745 seconds
[2021-12-31T03:42:08.920+0000][1][safepoint    ] Entering safepoint region: Cleanup
[2021-12-31T03:42:08.920+0000][1][safepoint    ] Leaving safepoint region
[2021-12-31T03:42:08.921+0000][1][safepoint    ] Total time for which application threads were stopped: 0.0006808 seconds, Stopping threads took: 0.0003391 seconds
[2021-12-31T03:42:09.924+0000][1][safepoint    ] Application time: 1.0037260 seconds
[2021-12-31T03:42:09.925+0000][1][safepoint    ] Entering safepoint region: Cleanup
[2021-12-31T03:42:09.925+0000][1][safepoint    ] Leaving safepoint region
[2021-12-31T03:42:09.925+0000][1][safepoint    ] Total time for which application threads were stopped: 0.0002842 seconds, Stopping threads took: 0.0001176 seconds
[2021-12-31T03:42:10.927+0000][1][safepoint    ] Application time: 1.0012857 seconds
[2021-12-31T03:42:10.927+0000][1][safepoint    ] Entering safepoint region: Cleanup
[2021-12-31T03:42:10.927+0000][1][safepoint    ] Leaving safepoint region
[2021-12-31T03:42:10.927+0000][1][safepoint    ] Total time for which application threads were stopped: 0.0004472 seconds, Stopping threads took: 0.0002011 seconds
[2021-12-31T03:42:11.928+0000][1][safepoint    ] Application time: 1.0005496 seconds
[2021-12-31T03:42:11.928+0000][1][safepoint    ] Entering safepoint region: Cleanup
[2021-12-31T03:42:11.928+0000][1][safepoint    ] Leaving safepoint region
[2021-12-31T03:42:11.929+0000][1][safepoint    ] Total time for which application threads were stopped: 0.0002472 seconds, Stopping threads took: 0.0001061 seconds
[2021-12-31T03:42:12.930+0000][1][safepoint    ] Application time: 1.0011607 seconds
[2021-12-31T03:42:12.930+0000][1][safepoint    ] Entering safepoint region: Cleanup
[2021-12-31T03:42:12.930+0000][1][safepoint    ] Leaving safepoint region
[2021-12-31T03:42:12.930+0000][1][safepoint    ] Total time for which application threads were stopped: 0.0003444 seconds, Stopping threads took: 0.0001481 seconds
[2021-12-31T03:42:13.931+0000][1][safepoint    ] Application time: 1.0009129 seconds
[2021-12-31T03:42:13.932+0000][1][safepoint    ] Entering safepoint region: Cleanup
[2021-12-31T03:42:13.932+0000][1][safepoint    ] Leaving safepoint region
[2021-12-31T03:42:13.932+0000][1][safepoint    ] Total time for which application threads were stopped: 0.0002390 seconds, Stopping threads took: 0.0001019 seconds
[2021-12-31T03:42:14.934+0000][1][safepoint    ] Application time: 1.0015223 seconds
[2021-12-31T03:42:14.934+0000][1][safepoint    ] Entering safepoint region: Cleanup
[2021-12-31T03:42:14.934+0000][1][safepoint    ] Leaving safepoint region
[2021-12-31T03:42:14.934+0000][1][safepoint    ] Total time for which application threads were stopped: 0.0005701 seconds, Stopping threads took: 0.0002406 seconds
[2021-12-31T03:42:15.935+0000][1][safepoint    ] Application time: 1.0005365 seconds
[2021-12-31T03:42:15.936+0000][1][safepoint    ] Entering safepoint region: Cleanup
[2021-12-31T03:42:15.936+0000][1][safepoint    ] Leaving safepoint region
[2021-12-31T03:42:15.936+0000][1][safepoint    ] Total time for which application threads were stopped: 0.0004358 seconds, Stopping threads took: 0.0001647 seconds
[2021-12-31T03:42:16.938+0000][1][safepoint    ] Application time: 1.0013766 seconds
[2021-12-31T03:42:16.938+0000][1][safepoint    ] Entering safepoint region: Cleanup
[2021-12-31T03:42:16.938+0000][1][safepoint    ] Leaving safepoint region
[2021-12-31T03:42:16.939+0000][1][safepoint    ] Total time for which application threads were stopped: 0.0006051 seconds, Stopping threads took: 0.0003081 seconds
[2021-12-31T03:42:17.940+0000][1][safepoint    ] Application time: 1.0016599 seconds
[2021-12-31T03:42:17.941+0000][1][safepoint    ] Entering safepoint region: Cleanup
[2021-12-31T03:42:17.941+0000][1][safepoint    ] Leaving safepoint region
[2021-12-31T03:42:17.941+0000][1][safepoint    ] Total time for which application threads were stopped: 0.0002394 seconds, Stopping threads took: 0.0001024 seconds
[2021-12-31T03:42:18.361+0000][1][safepoint    ] Application time: 0.4204132 seconds
[2021-12-31T03:42:18.362+0000][1][safepoint    ] Entering safepoint region: RevokeBias
[2021-12-31T03:42:18.362+0000][1][safepoint    ] Leaving safepoint region
[2021-12-31T03:42:18.362+0000][1][safepoint    ] Total time for which application threads were stopped: 0.0002865 seconds, Stopping threads took: 0.0000936 seconds
[2021-12-31T03:42:19.365+0000][1][safepoint    ] Application time: 1.0032659 seconds
[2021-12-31T03:42:19.366+0000][1][safepoint    ] Entering safepoint region: Cleanup
[2021-12-31T03:42:19.366+0000][1][safepoint    ] Leaving safepoint region
[2021-12-31T03:42:19.366+0000][1][safepoint    ] Total time for which application threads were stopped: 0.0002487 seconds, Stopping threads took: 0.0001187 seconds
[2021-12-31T03:42:20.366+0000][1][safepoint    ] Application time: 1.0004068 seconds
[2021-12-31T03:42:20.367+0000][1][safepoint    ] Entering safepoint region: Cleanup
[2021-12-31T03:42:20.367+0000][1][safepoint    ] Leaving safepoint region
[2021-12-31T03:42:20.367+0000][1][safepoint    ] Total time for which application threads were stopped: 0.0002437 seconds, Stopping threads took: 0.0001047 seconds
[2021-12-31T03:42:21.370+0000][1][safepoint    ] Application time: 1.0028351 seconds
[2021-12-31T03:42:21.370+0000][1][safepoint    ] Entering safepoint region: Cleanup
[2021-12-31T03:42:21.370+0000][1][safepoint    ] Leaving safepoint region
[2021-12-31T03:42:21.370+0000][1][safepoint    ] Total time for which application threads were stopped: 0.0002238 seconds, Stopping threads took: 0.0000998 seconds
[2021-12-31T03:42:22.373+0000][1][safepoint    ] Application time: 1.0023604 seconds
[2021-12-31T03:42:22.373+0000][1][safepoint    ] Entering safepoint region: Cleanup
[2021-12-31T03:42:22.373+0000][1][safepoint    ] Leaving safepoint region
[2021-12-31T03:42:22.373+0000][1][safepoint    ] Total time for which application threads were stopped: 0.0005657 seconds, Stopping threads took: 0.0002273 seconds
[2021-12-31T03:42:23.377+0000][1][safepoint    ] Application time: 1.0033818 seconds
[2021-12-31T03:42:23.377+0000][1][safepoint    ] Entering safepoint region: Cleanup
[2021-12-31T03:42:23.377+0000][1][safepoint    ] Leaving safepoint region
[2021-12-31T03:42:23.378+0000][1][safepoint    ] Total time for which application threads were stopped: 0.0002437 seconds, Stopping threads took: 0.0001057 seconds
[2021-12-31T03:42:24.381+0000][1][safepoint    ] Application time: 1.0035887 seconds
[2021-12-31T03:42:24.382+0000][1][safepoint    ] Entering safepoint region: Cleanup
[2021-12-31T03:42:24.382+0000][1][safepoint    ] Leaving safepoint region
[2021-12-31T03:42:24.382+0000][1][safepoint    ] Total time for which application threads were stopped: 0.0006047 seconds, Stopping threads took: 0.0003174 seconds
[2021-12-31T03:42:25.386+0000][1][safepoint    ] Application time: 1.0035097 seconds
[2021-12-31T03:42:25.386+0000][1][safepoint    ] Entering safepoint region: Cleanup
[2021-12-31T03:42:25.387+0000][1][safepoint    ] Leaving safepoint region
[2021-12-31T03:42:25.387+0000][1][safepoint    ] Total time for which application threads were stopped: 0.0006153 seconds, Stopping threads took: 0.0002701 seconds
[2021-12-31T03:42:26.391+0000][1][safepoint    ] Application time: 1.0037214 seconds
[2021-12-31T03:42:26.391+0000][1][safepoint    ] Entering safepoint region: Cleanup
[2021-12-31T03:42:26.391+0000][1][safepoint    ] Leaving safepoint region
[2021-12-31T03:42:26.391+0000][1][safepoint    ] Total time for which application threads were stopped: 0.0002151 seconds, Stopping threads took: 0.0001008 seconds
[2021-12-31T03:42:27.394+0000][1][safepoint    ] Application time: 1.0027139 seconds
[2021-12-31T03:42:27.395+0000][1][safepoint    ] Entering safepoint region: Cleanup
[2021-12-31T03:42:27.395+0000][1][safepoint    ] Leaving safepoint region
[2021-12-31T03:42:27.395+0000][1][safepoint    ] Total time for which application threads were stopped: 0.0002818 seconds, Stopping threads took: 0.0001135 seconds
[2021-12-31T03:42:28.404+0000][1][safepoint    ] Application time: 1.0086365 seconds
[2021-12-31T03:42:28.404+0000][1][safepoint    ] Entering safepoint region: Cleanup
[2021-12-31T03:42:28.404+0000][1][safepoint    ] Leaving safepoint region
[2021-12-31T03:42:28.404+0000][1][safepoint    ] Total time for which application threads were stopped: 0.0002670 seconds, Stopping threads took: 0.0001062 seconds
[2021-12-31T03:42:29.405+0000][1][safepoint    ] Application time: 1.0008244 seconds
[2021-12-31T03:42:29.405+0000][1][safepoint    ] Entering safepoint region: Cleanup
[2021-12-31T03:42:29.405+0000][1][safepoint    ] Leaving safepoint region
[2021-12-31T03:42:29.406+0000][1][safepoint    ] Total time for which application threads were stopped: 0.0003739 seconds, Stopping threads took: 0.0001153 seconds
[2021-12-31T03:42:30.412+0000][1][safepoint    ] Application time: 1.0061052 seconds
[2021-12-31T03:42:30.412+0000][1][safepoint    ] Entering safepoint region: Cleanup
[2021-12-31T03:42:30.412+0000][1][safepoint    ] Leaving safepoint region
[2021-12-31T03:42:30.412+0000][1][safepoint    ] Total time for which application threads were stopped: 0.0002495 seconds, Stopping threads took: 0.0001097 seconds
[2021-12-31T03:42:31.423+0000][1][safepoint    ] Application time: 1.0109291 seconds
[2021-12-31T03:42:31.424+0000][1][safepoint    ] Entering safepoint region: Cleanup
[2021-12-31T03:42:31.424+0000][1][safepoint    ] Leaving safepoint region
[2021-12-31T03:42:31.424+0000][1][safepoint    ] Total time for which application threads were stopped: 0.0006012 seconds, Stopping threads took: 0.0002695 seconds
[2021-12-31T03:42:32.437+0000][1][safepoint    ] Application time: 1.0128455 seconds
[2021-12-31T03:42:32.438+0000][1][safepoint    ] Entering safepoint region: Cleanup
[2021-12-31T03:42:32.438+0000][1][safepoint    ] Leaving safepoint region
[2021-12-31T03:42:32.438+0000][1][safepoint    ] Total time for which application threads were stopped: 0.0005373 seconds, Stopping threads took: 0.0002430 seconds
[2021-12-31T03:42:33.441+0000][1][safepoint    ] Application time: 1.0028209 seconds
[2021-12-31T03:42:33.442+0000][1][safepoint    ] Entering safepoint region: Cleanup
[2021-12-31T03:42:33.442+0000][1][safepoint    ] Leaving safepoint region
[2021-12-31T03:42:33.442+0000][1][safepoint    ] Total time for which application threads were stopped: 0.0004868 seconds, Stopping threads took: 0.0002178 seconds
[2021-12-31T03:42:34.446+0000][1][safepoint    ] Application time: 1.0036329 seconds
[2021-12-31T03:42:34.447+0000][1][safepoint    ] Entering safepoint region: Cleanup
[2021-12-31T03:42:34.447+0000][1][safepoint    ] Leaving safepoint region
[2021-12-31T03:42:34.447+0000][1][safepoint    ] Total time for which application threads were stopped: 0.0008317 seconds, Stopping threads took: 0.0005409 seconds
[2021-12-31T03:42:35.451+0000][1][safepoint    ] Application time: 1.0030141 seconds
[2021-12-31T03:42:35.451+0000][1][safepoint    ] Entering safepoint region: Cleanup
[2021-12-31T03:42:35.451+0000][1][safepoint    ] Leaving safepoint region
[2021-12-31T03:42:35.451+0000][1][safepoint    ] Total time for which application threads were stopped: 0.0002453 seconds, Stopping threads took: 0.0001045 seconds
[2021-12-31T03:42:36.452+0000][1][safepoint    ] Application time: 1.0012297 seconds
[2021-12-31T03:42:36.453+0000][1][safepoint    ] Entering safepoint region: Cleanup
[2021-12-31T03:42:36.453+0000][1][safepoint    ] Leaving safepoint region
[2021-12-31T03:42:36.453+0000][1][safepoint    ] Total time for which application threads were stopped: 0.0006179 seconds, Stopping threads took: 0.0002585 seconds
[2021-12-31T03:42:37.456+0000][1][safepoint    ] Application time: 1.0022230 seconds
[2021-12-31T03:42:37.456+0000][1][safepoint    ] Entering safepoint region: Cleanup
[2021-12-31T03:42:37.456+0000][1][safepoint    ] Leaving safepoint region
[2021-12-31T03:42:37.457+0000][1][safepoint    ] Total time for which application threads were stopped: 0.0002544 seconds, Stopping threads took: 0.0001052 seconds
[2021-12-31T03:42:38.457+0000][1][safepoint    ] Application time: 1.0003668 seconds
[2021-12-31T03:42:38.457+0000][1][safepoint    ] Entering safepoint region: Cleanup
[2021-12-31T03:42:38.457+0000][1][safepoint    ] Leaving safepoint region
[2021-12-31T03:42:38.457+0000][1][safepoint    ] Total time for which application threads were stopped: 0.0002559 seconds, Stopping threads took: 0.0001186 seconds
[2021-12-31T03:42:39.460+0000][1][safepoint    ] Application time: 1.0021568 seconds
[2021-12-31T03:42:39.460+0000][1][safepoint    ] Entering safepoint region: Cleanup
[2021-12-31T03:42:39.460+0000][1][safepoint    ] Leaving safepoint region
[2021-12-31T03:42:39.460+0000][1][safepoint    ] Total time for which application threads were stopped: 0.0002340 seconds, Stopping threads took: 0.0001043 seconds
[2021-12-31T03:42:40.462+0000][1][safepoint    ] Application time: 1.0022392 seconds
[2021-12-31T03:42:40.463+0000][1][safepoint    ] Entering safepoint region: Cleanup
[2021-12-31T03:42:40.463+0000][1][safepoint    ] Leaving safepoint region
[2021-12-31T03:42:40.463+0000][1][safepoint    ] Total time for which application threads were stopped: 0.0002853 seconds, Stopping threads took: 0.0001336 seconds
[2021-12-31T03:42:41.464+0000][1][safepoint    ] Application time: 1.0006704 seconds
[2021-12-31T03:42:41.464+0000][1][safepoint    ] Entering safepoint region: Cleanup
[2021-12-31T03:42:41.464+0000][1][safepoint    ] Leaving safepoint region
[2021-12-31T03:42:41.464+0000][1][safepoint    ] Total time for which application threads were stopped: 0.0002773 seconds, Stopping threads took: 0.0001247 seconds
[2021-12-31T03:42:42.467+0000][1][safepoint    ] Application time: 1.0027454 seconds
[2021-12-31T03:42:42.467+0000][1][safepoint    ] Entering safepoint region: Cleanup
[2021-12-31T03:42:42.468+0000][1][safepoint    ] Leaving safepoint region
[2021-12-31T03:42:42.468+0000][1][safepoint    ] Total time for which application threads were stopped: 0.0002950 seconds, Stopping threads took: 0.0001515 seconds
[2021-12-31T03:42:43.470+0000][1][safepoint    ] Application time: 1.0025854 seconds
[2021-12-31T03:42:43.471+0000][1][safepoint    ] Entering safepoint region: Cleanup
[2021-12-31T03:42:43.471+0000][1][safepoint    ] Leaving safepoint region
[2021-12-31T03:42:43.471+0000][1][safepoint    ] Total time for which application threads were stopped: 0.0002537 seconds, Stopping threads took: 0.0001030 seconds
[2021-12-31T03:42:44.473+0000][1][safepoint    ] Application time: 1.0014041 seconds
[2021-12-31T03:42:44.473+0000][1][safepoint    ] Entering safepoint region: Cleanup
[2021-12-31T03:42:44.473+0000][1][safepoint    ] Leaving safepoint region
[2021-12-31T03:42:44.473+0000][1][safepoint    ] Total time for which application threads were stopped: 0.0002276 seconds, Stopping threads took: 0.0000982 seconds
[2021-12-31T03:42:45.476+0000][1][safepoint    ] Application time: 1.0026155 seconds
[2021-12-31T03:42:45.476+0000][1][safepoint    ] Entering safepoint region: Cleanup
[2021-12-31T03:42:45.476+0000][1][safepoint    ] Leaving safepoint region
[2021-12-31T03:42:45.476+0000][1][safepoint    ] Total time for which application threads were stopped: 0.0002110 seconds, Stopping threads took: 0.0000935 seconds
[2021-12-31T03:42:46.480+0000][1][safepoint    ] Application time: 1.0032076 seconds
[2021-12-31T03:42:46.480+0000][1][safepoint    ] Entering safepoint region: Cleanup
[2021-12-31T03:42:46.480+0000][1][safepoint    ] Leaving safepoint region
[2021-12-31T03:42:46.480+0000][1][safepoint    ] Total time for which application threads were stopped: 0.0002172 seconds, Stopping threads took: 0.0001022 seconds
[2021-12-31T03:42:47.482+0000][1][safepoint    ] Application time: 1.0024471 seconds
[2021-12-31T03:42:47.483+0000][1][safepoint    ] Entering safepoint region: Cleanup
[2021-12-31T03:42:47.483+0000][1][safepoint    ] Leaving safepoint region
[2021-12-31T03:42:47.483+0000][1][safepoint    ] Total time for which application threads were stopped: 0.0002253 seconds, Stopping threads took: 0.0000979 seconds
[2021-12-31T03:42:48.486+0000][1][safepoint    ] Application time: 1.0035045 seconds
[2021-12-31T03:42:48.487+0000][1][safepoint    ] Entering safepoint region: Cleanup
[2021-12-31T03:42:48.487+0000][1][safepoint    ] Leaving safepoint region
[2021-12-31T03:42:48.487+0000][1][safepoint    ] Total time for which application threads were stopped: 0.0002298 seconds, Stopping threads took: 0.0001022 seconds
[2021-12-31T03:42:49.490+0000][1][safepoint    ] Application time: 1.0029303 seconds
[2021-12-31T03:42:49.490+0000][1][safepoint    ] Entering safepoint region: Cleanup
[2021-12-31T03:42:49.490+0000][1][safepoint    ] Leaving safepoint region
[2021-12-31T03:42:49.490+0000][1][safepoint    ] Total time for which application threads were stopped: 0.0002291 seconds, Stopping threads took: 0.0001015 seconds
[2021-12-31T03:42:50.494+0000][1][safepoint    ] Application time: 1.0036660 seconds
[2021-12-31T03:42:50.494+0000][1][safepoint    ] Entering safepoint region: Cleanup
[2021-12-31T03:42:50.494+0000][1][safepoint    ] Leaving safepoint region
[2021-12-31T03:42:50.495+0000][1][safepoint    ] Total time for which application threads were stopped: 0.0002291 seconds, Stopping threads took: 0.0000984 seconds
[2021-12-31T03:42:51.495+0000][1][safepoint    ] Application time: 1.0007530 seconds
[2021-12-31T03:42:51.496+0000][1][safepoint    ] Entering safepoint region: Cleanup
[2021-12-31T03:42:51.496+0000][1][safepoint    ] Leaving safepoint region
[2021-12-31T03:42:51.496+0000][1][safepoint    ] Total time for which application threads were stopped: 0.0002308 seconds, Stopping threads took: 0.0000998 seconds
[2021-12-31T03:42:52.499+0000][1][safepoint    ] Application time: 1.0030228 seconds
[2021-12-31T03:42:52.499+0000][1][safepoint    ] Entering safepoint region: Cleanup
[2021-12-31T03:42:52.499+0000][1][safepoint    ] Leaving safepoint region
[2021-12-31T03:42:52.499+0000][1][safepoint    ] Total time for which application threads were stopped: 0.0002165 seconds, Stopping threads took: 0.0000989 seconds
[2021-12-31T03:42:53.502+0000][1][safepoint    ] Application time: 1.0027960 seconds
[2021-12-31T03:42:53.502+0000][1][safepoint    ] Entering safepoint region: Cleanup
[2021-12-31T03:42:53.503+0000][1][safepoint    ] Leaving safepoint region
[2021-12-31T03:42:53.503+0000][1][safepoint    ] Total time for which application threads were stopped: 0.0002216 seconds, Stopping threads took: 0.0000954 seconds
[2021-12-31T03:42:54.504+0000][1][safepoint    ] Application time: 1.0012827 seconds
[2021-12-31T03:42:54.504+0000][1][safepoint    ] Entering safepoint region: Cleanup
[2021-12-31T03:42:54.504+0000][1][safepoint    ] Leaving safepoint region
[2021-12-31T03:42:54.504+0000][1][safepoint    ] Total time for which application threads were stopped: 0.0002251 seconds, Stopping threads took: 0.0000980 seconds
[2021-12-31T03:42:55.508+0000][1][safepoint    ] Application time: 1.0030487 seconds
[2021-12-31T03:42:55.508+0000][1][safepoint    ] Entering safepoint region: Cleanup
[2021-12-31T03:42:55.508+0000][1][safepoint    ] Leaving safepoint region
[2021-12-31T03:42:55.508+0000][1][safepoint    ] Total time for which application threads were stopped: 0.0002253 seconds, Stopping threads took: 0.0000977 seconds
[2021-12-31T03:42:56.509+0000][1][safepoint    ] Application time: 1.0005279 seconds
[2021-12-31T03:42:56.509+0000][1][safepoint    ] Entering safepoint region: Cleanup
[2021-12-31T03:42:56.509+0000][1][safepoint    ] Leaving safepoint region
[2021-12-31T03:42:56.509+0000][1][safepoint    ] Total time for which application threads were stopped: 0.0002334 seconds, Stopping threads took: 0.0000997 seconds
[2021-12-31T03:42:57.512+0000][1][safepoint    ] Application time: 1.0029347 seconds
[2021-12-31T03:42:57.512+0000][1][safepoint    ] Entering safepoint region: Cleanup
[2021-12-31T03:42:57.512+0000][1][safepoint    ] Leaving safepoint region
[2021-12-31T03:42:57.512+0000][1][safepoint    ] Total time for which application threads were stopped: 0.0002354 seconds, Stopping threads took: 0.0000987 seconds
[2021-12-31T03:42:58.977+0000][1][safepoint    ] Application time: 1.4641217 seconds
[2021-12-31T03:42:58.977+0000][1][safepoint    ] Entering safepoint region: Cleanup
[2021-12-31T03:42:58.977+0000][1][safepoint    ] Leaving safepoint region
[2021-12-31T03:42:58.977+0000][1][safepoint    ] Total time for which application threads were stopped: 0.0002377 seconds, Stopping threads took: 0.0001016 seconds
[2021-12-31T03:42:59.979+0000][1][safepoint    ] Application time: 1.0011199 seconds
[2021-12-31T03:42:59.979+0000][1][safepoint    ] Entering safepoint region: Cleanup
[2021-12-31T03:42:59.979+0000][1][safepoint    ] Leaving safepoint region
[2021-12-31T03:42:59.979+0000][1][safepoint    ] Total time for which application threads were stopped: 0.0002727 seconds, Stopping threads took: 0.0001132 seconds
[2021-12-31T03:43:00.980+0000][1][safepoint    ] Application time: 1.0008157 seconds
[2021-12-31T03:43:00.980+0000][1][safepoint    ] Entering safepoint region: Cleanup
[2021-12-31T03:43:00.981+0000][1][safepoint    ] Leaving safepoint region
[2021-12-31T03:43:00.981+0000][1][safepoint    ] Total time for which application threads were stopped: 0.0007110 seconds, Stopping threads took: 0.0001046 seconds
[2021-12-31T03:43:01.993+0000][1][safepoint    ] Application time: 1.0116618 seconds
[2021-12-31T03:43:01.993+0000][1][safepoint    ] Entering safepoint region: Cleanup
[2021-12-31T03:43:01.994+0000][1][safepoint    ] Leaving safepoint region
[2021-12-31T03:43:01.994+0000][1][safepoint    ] Total time for which application threads were stopped: 0.0002364 seconds, Stopping threads took: 0.0000996 seconds
[2021-12-31T03:43:02.995+0000][1][safepoint    ] Application time: 1.0013265 seconds
[2021-12-31T03:43:02.996+0000][1][safepoint    ] Entering safepoint region: Cleanup
[2021-12-31T03:43:02.996+0000][1][safepoint    ] Leaving safepoint region
[2021-12-31T03:43:02.996+0000][1][safepoint    ] Total time for which application threads were stopped: 0.0002955 seconds, Stopping threads took: 0.0001318 seconds
[2021-12-31T03:43:03.996+0000][1][safepoint    ] Application time: 1.0003491 seconds
[2021-12-31T03:43:03.997+0000][1][safepoint    ] Entering safepoint region: Cleanup
[2021-12-31T03:43:03.997+0000][1][safepoint    ] Leaving safepoint region
[2021-12-31T03:43:03.997+0000][1][safepoint    ] Total time for which application threads were stopped: 0.0002277 seconds, Stopping threads took: 0.0001015 seconds
[2021-12-31T03:43:04.997+0000][1][safepoint    ] Application time: 1.0000900 seconds
[2021-12-31T03:43:04.997+0000][1][safepoint    ] Entering safepoint region: Cleanup
[2021-12-31T03:43:04.997+0000][1][safepoint    ] Leaving safepoint region
[2021-12-31T03:43:04.997+0000][1][safepoint    ] Total time for which application threads were stopped: 0.0002025 seconds, Stopping threads took: 0.0000918 seconds
[2021-12-31T03:43:06.000+0000][1][safepoint    ] Application time: 1.0028121 seconds
[2021-12-31T03:43:06.000+0000][1][safepoint    ] Entering safepoint region: Cleanup
[2021-12-31T03:43:06.001+0000][1][safepoint    ] Leaving safepoint region
[2021-12-31T03:43:06.001+0000][1][safepoint    ] Total time for which application threads were stopped: 0.0002632 seconds, Stopping threads took: 0.0001254 seconds
[2021-12-31T03:43:07.004+0000][1][safepoint    ] Application time: 1.0030171 seconds
[2021-12-31T03:43:07.004+0000][1][safepoint    ] Entering safepoint region: Cleanup
[2021-12-31T03:43:07.004+0000][1][safepoint    ] Leaving safepoint region
[2021-12-31T03:43:07.005+0000][1][safepoint    ] Total time for which application threads were stopped: 0.0003888 seconds, Stopping threads took: 0.0001773 seconds
[2021-12-31T03:43:08.006+0000][1][safepoint    ] Application time: 1.0013934 seconds
[2021-12-31T03:43:08.007+0000][1][safepoint    ] Entering safepoint region: Cleanup
[2021-12-31T03:43:08.007+0000][1][safepoint    ] Leaving safepoint region
[2021-12-31T03:43:08.007+0000][1][safepoint    ] Total time for which application threads were stopped: 0.0002336 seconds, Stopping threads took: 0.0001013 seconds
[2021-12-31T03:43:09.010+0000][1][safepoint    ] Application time: 1.0035319 seconds
[2021-12-31T03:43:09.011+0000][1][safepoint    ] Entering safepoint region: Cleanup
[2021-12-31T03:43:09.011+0000][1][safepoint    ] Leaving safepoint region
[2021-12-31T03:43:09.011+0000][1][safepoint    ] Total time for which application threads were stopped: 0.0002738 seconds, Stopping threads took: 0.0001003 seconds
[2021-12-31T03:43:10.012+0000][1][safepoint    ] Application time: 1.0012938 seconds
[2021-12-31T03:43:10.012+0000][1][safepoint    ] Entering safepoint region: Cleanup
[2021-12-31T03:43:10.013+0000][1][safepoint    ] Leaving safepoint region
[2021-12-31T03:43:10.013+0000][1][safepoint    ] Total time for which application threads were stopped: 0.0002329 seconds, Stopping threads took: 0.0001052 seconds
[2021-12-31T03:43:11.016+0000][1][safepoint    ] Application time: 1.0036970 seconds
[2021-12-31T03:43:11.017+0000][1][safepoint    ] Entering safepoint region: Cleanup
[2021-12-31T03:43:11.017+0000][1][safepoint    ] Leaving safepoint region
[2021-12-31T03:43:11.017+0000][1][safepoint    ] Total time for which application threads were stopped: 0.0002270 seconds, Stopping threads took: 0.0000995 seconds
[2021-12-31T03:43:12.018+0000][1][safepoint    ] Application time: 1.0012500 seconds
[2021-12-31T03:43:12.018+0000][1][safepoint    ] Entering safepoint region: Cleanup
[2021-12-31T03:43:12.019+0000][1][safepoint    ] Leaving safepoint region
[2021-12-31T03:43:12.019+0000][1][safepoint    ] Total time for which application threads were stopped: 0.0002527 seconds, Stopping threads took: 0.0001135 seconds
[2021-12-31T03:43:13.022+0000][1][safepoint    ] Application time: 1.0034130 seconds
[2021-12-31T03:43:13.022+0000][1][safepoint    ] Entering safepoint region: Cleanup
[2021-12-31T03:43:13.023+0000][1][safepoint    ] Leaving safepoint region
[2021-12-31T03:43:13.023+0000][1][safepoint    ] Total time for which application threads were stopped: 0.0002377 seconds, Stopping threads took: 0.0001073 seconds
[2021-12-31T03:43:14.026+0000][1][safepoint    ] Application time: 1.0036057 seconds
[2021-12-31T03:43:14.027+0000][1][safepoint    ] Entering safepoint region: Cleanup
[2021-12-31T03:43:14.027+0000][1][safepoint    ] Leaving safepoint region
[2021-12-31T03:43:14.027+0000][1][safepoint    ] Total time for which application threads were stopped: 0.0002312 seconds, Stopping threads took: 0.0001036 seconds
[2021-12-31T03:43:15.030+0000][1][safepoint    ] Application time: 1.0036628 seconds
[2021-12-31T03:43:15.031+0000][1][safepoint    ] Entering safepoint region: Cleanup
[2021-12-31T03:43:15.031+0000][1][safepoint    ] Leaving safepoint region
[2021-12-31T03:43:15.031+0000][1][safepoint    ] Total time for which application threads were stopped: 0.0004456 seconds, Stopping threads took: 0.0001966 seconds
[2021-12-31T03:43:16.032+0000][1][safepoint    ] Application time: 1.0007933 seconds
[2021-12-31T03:43:16.032+0000][1][safepoint    ] Entering safepoint region: Cleanup
[2021-12-31T03:43:16.033+0000][1][safepoint    ] Leaving safepoint region
[2021-12-31T03:43:16.033+0000][1][safepoint    ] Total time for which application threads were stopped: 0.0002535 seconds, Stopping threads took: 0.0001137 seconds
[2021-12-31T03:43:17.037+0000][1][safepoint    ] Application time: 1.0039901 seconds
[2021-12-31T03:43:17.037+0000][1][safepoint    ] Entering safepoint region: Cleanup
[2021-12-31T03:43:17.037+0000][1][safepoint    ] Leaving safepoint region
[2021-12-31T03:43:17.037+0000][1][safepoint    ] Total time for which application threads were stopped: 0.0002392 seconds, Stopping threads took: 0.0001129 seconds
[2021-12-31T03:43:18.040+0000][1][safepoint    ] Application time: 1.0024841 seconds
[2021-12-31T03:43:18.040+0000][1][safepoint    ] Entering safepoint region: Cleanup
[2021-12-31T03:43:18.040+0000][1][safepoint    ] Leaving safepoint region
[2021-12-31T03:43:18.040+0000][1][safepoint    ] Total time for which application threads were stopped: 0.0002532 seconds, Stopping threads took: 0.0001131 seconds
[2021-12-31T03:43:18.369+0000][1][safepoint    ] Application time: 0.3288086 seconds
[2021-12-31T03:43:18.369+0000][1][safepoint    ] Entering safepoint region: RevokeBias
[2021-12-31T03:43:18.370+0000][1][safepoint    ] Leaving safepoint region
[2021-12-31T03:43:18.370+0000][1][safepoint    ] Total time for which application threads were stopped: 0.0006183 seconds, Stopping threads took: 0.0004413 seconds
[2021-12-31T03:43:19.374+0000][1][safepoint    ] Application time: 1.0038219 seconds
[2021-12-31T03:43:19.374+0000][1][safepoint    ] Entering safepoint region: Cleanup
[2021-12-31T03:43:19.375+0000][1][safepoint    ] Leaving safepoint region
[2021-12-31T03:43:19.375+0000][1][safepoint    ] Total time for which application threads were stopped: 0.0003620 seconds, Stopping threads took: 0.0001642 seconds
[2021-12-31T03:43:20.377+0000][1][safepoint    ] Application time: 1.0017771 seconds
[2021-12-31T03:43:20.377+0000][1][safepoint    ] Entering safepoint region: Cleanup
[2021-12-31T03:43:20.377+0000][1][safepoint    ] Leaving safepoint region
[2021-12-31T03:43:20.377+0000][1][safepoint    ] Total time for which application threads were stopped: 0.0002402 seconds, Stopping threads took: 0.0001024 seconds
[2021-12-31T03:43:21.380+0000][1][safepoint    ] Application time: 1.0029939 seconds
[2021-12-31T03:43:21.380+0000][1][safepoint    ] Entering safepoint region: Cleanup
[2021-12-31T03:43:21.381+0000][1][safepoint    ] Leaving safepoint region
[2021-12-31T03:43:21.381+0000][1][safepoint    ] Total time for which application threads were stopped: 0.0002385 seconds, Stopping threads took: 0.0001020 seconds
[2021-12-31T03:43:22.384+0000][1][safepoint    ] Application time: 1.0037717 seconds
[2021-12-31T03:43:22.385+0000][1][safepoint    ] Entering safepoint region: Cleanup
[2021-12-31T03:43:22.385+0000][1][safepoint    ] Leaving safepoint region
[2021-12-31T03:43:22.385+0000][1][safepoint    ] Total time for which application threads were stopped: 0.0003023 seconds, Stopping threads took: 0.0001298 seconds
[2021-12-31T03:43:23.387+0000][1][safepoint    ] Application time: 1.0015209 seconds
[2021-12-31T03:43:23.387+0000][1][safepoint    ] Entering safepoint region: Cleanup
[2021-12-31T03:43:23.387+0000][1][safepoint    ] Leaving safepoint region
[2021-12-31T03:43:23.387+0000][1][safepoint    ] Total time for which application threads were stopped: 0.0002422 seconds, Stopping threads took: 0.0001020 seconds
[2021-12-31T03:43:24.388+0000][1][safepoint    ] Application time: 1.0010478 seconds
[2021-12-31T03:43:24.389+0000][1][safepoint    ] Entering safepoint region: Cleanup
[2021-12-31T03:43:24.389+0000][1][safepoint    ] Leaving safepoint region
[2021-12-31T03:43:24.389+0000][1][safepoint    ] Total time for which application threads were stopped: 0.0004734 seconds, Stopping threads took: 0.0002117 seconds
[2021-12-31T03:43:25.393+0000][1][safepoint    ] Application time: 1.0034717 seconds
[2021-12-31T03:43:25.393+0000][1][safepoint    ] Entering safepoint region: Cleanup
[2021-12-31T03:43:25.393+0000][1][safepoint    ] Leaving safepoint region
[2021-12-31T03:43:25.393+0000][1][safepoint    ] Total time for which application threads were stopped: 0.0002384 seconds, Stopping threads took: 0.0001064 seconds
[2021-12-31T03:43:26.394+0000][1][safepoint    ] Application time: 1.0003050 seconds
[2021-12-31T03:43:26.394+0000][1][safepoint    ] Entering safepoint region: Cleanup
[2021-12-31T03:43:26.394+0000][1][safepoint    ] Leaving safepoint region
[2021-12-31T03:43:26.394+0000][1][safepoint    ] Total time for which application threads were stopped: 0.0002364 seconds, Stopping threads took: 0.0001053 seconds
[2021-12-31T03:43:27.397+0000][1][safepoint    ] Application time: 1.0031464 seconds
[2021-12-31T03:43:27.398+0000][1][safepoint    ] Entering safepoint region: Cleanup
[2021-12-31T03:43:27.398+0000][1][safepoint    ] Leaving safepoint region
[2021-12-31T03:43:27.398+0000][1][safepoint    ] Total time for which application threads were stopped: 0.0002637 seconds, Stopping threads took: 0.0001089 seconds
[2021-12-31T03:43:28.399+0000][1][safepoint    ] Application time: 1.0011531 seconds
[2021-12-31T03:43:28.399+0000][1][safepoint    ] Entering safepoint region: Cleanup
[2021-12-31T03:43:28.399+0000][1][safepoint    ] Leaving safepoint region
[2021-12-31T03:43:28.400+0000][1][safepoint    ] Total time for which application threads were stopped: 0.0002494 seconds, Stopping threads took: 0.0001099 seconds
[2021-12-31T03:43:29.401+0000][1][safepoint    ] Application time: 1.0012627 seconds
[2021-12-31T03:43:29.401+0000][1][safepoint    ] Entering safepoint region: Cleanup
[2021-12-31T03:43:29.401+0000][1][safepoint    ] Leaving safepoint region
[2021-12-31T03:43:29.401+0000][1][safepoint    ] Total time for which application threads were stopped: 0.0003088 seconds, Stopping threads took: 0.0001169 seconds
[2021-12-31T03:43:30.403+0000][1][safepoint    ] Application time: 1.0014805 seconds
[2021-12-31T03:43:30.403+0000][1][safepoint    ] Entering safepoint region: Cleanup
[2021-12-31T03:43:30.403+0000][1][safepoint    ] Leaving safepoint region
[2021-12-31T03:43:30.403+0000][1][safepoint    ] Total time for which application threads were stopped: 0.0002235 seconds, Stopping threads took: 0.0000968 seconds
[2021-12-31T03:43:31.407+0000][1][safepoint    ] Application time: 1.0031583 seconds
[2021-12-31T03:43:31.407+0000][1][safepoint    ] Entering safepoint region: Cleanup
[2021-12-31T03:43:31.407+0000][1][safepoint    ] Leaving safepoint region
[2021-12-31T03:43:31.407+0000][1][safepoint    ] Total time for which application threads were stopped: 0.0002615 seconds, Stopping threads took: 0.0001089 seconds
[2021-12-31T03:43:32.408+0000][1][safepoint    ] Application time: 1.0010664 seconds
[2021-12-31T03:43:32.409+0000][1][safepoint    ] Entering safepoint region: Cleanup
[2021-12-31T03:43:32.409+0000][1][safepoint    ] Leaving safepoint region
[2021-12-31T03:43:32.409+0000][1][safepoint    ] Total time for which application threads were stopped: 0.0003646 seconds, Stopping threads took: 0.0001050 seconds
[2021-12-31T03:43:33.412+0000][1][safepoint    ] Application time: 1.0033575 seconds
[2021-12-31T03:43:33.413+0000][1][safepoint    ] Entering safepoint region: Cleanup
[2021-12-31T03:43:33.413+0000][1][safepoint    ] Leaving safepoint region
[2021-12-31T03:43:33.413+0000][1][safepoint    ] Total time for which application threads were stopped: 0.0002296 seconds, Stopping threads took: 0.0000998 seconds
[2021-12-31T03:43:34.416+0000][1][safepoint    ] Application time: 1.0031792 seconds
[2021-12-31T03:43:34.416+0000][1][safepoint    ] Entering safepoint region: Cleanup
[2021-12-31T03:43:34.417+0000][1][safepoint    ] Leaving safepoint region
[2021-12-31T03:43:34.417+0000][1][safepoint    ] Total time for which application threads were stopped: 0.0002572 seconds, Stopping threads took: 0.0001132 seconds
[2021-12-31T03:43:35.417+0000][1][safepoint    ] Application time: 1.0007727 seconds
[2021-12-31T03:43:35.418+0000][1][safepoint    ] Entering safepoint region: Cleanup
[2021-12-31T03:43:35.418+0000][1][safepoint    ] Leaving safepoint region
[2021-12-31T03:43:35.418+0000][1][safepoint    ] Total time for which application threads were stopped: 0.0002440 seconds, Stopping threads took: 0.0001039 seconds
[2021-12-31T03:43:36.419+0000][1][safepoint    ] Application time: 1.0014025 seconds
[2021-12-31T03:43:36.420+0000][1][safepoint    ] Entering safepoint region: Cleanup
[2021-12-31T03:43:36.420+0000][1][safepoint    ] Leaving safepoint region
[2021-12-31T03:43:36.420+0000][1][safepoint    ] Total time for which application threads were stopped: 0.0002357 seconds, Stopping threads took: 0.0001048 seconds
[2021-12-31T03:43:37.424+0000][1][safepoint    ] Application time: 1.0036096 seconds
[2021-12-31T03:43:37.424+0000][1][safepoint    ] Entering safepoint region: Cleanup
[2021-12-31T03:43:37.424+0000][1][safepoint    ] Leaving safepoint region
[2021-12-31T03:43:37.425+0000][1][safepoint    ] Total time for which application threads were stopped: 0.0007302 seconds, Stopping threads took: 0.0001266 seconds
[2021-12-31T03:43:38.425+0000][1][safepoint    ] Application time: 1.0003840 seconds
[2021-12-31T03:43:38.425+0000][1][safepoint    ] Entering safepoint region: Cleanup
[2021-12-31T03:43:38.425+0000][1][safepoint    ] Leaving safepoint region
[2021-12-31T03:43:38.425+0000][1][safepoint    ] Total time for which application threads were stopped: 0.0002509 seconds, Stopping threads took: 0.0001090 seconds
[2021-12-31T03:43:39.428+0000][1][safepoint    ] Application time: 1.0026449 seconds
[2021-12-31T03:43:39.428+0000][1][safepoint    ] Entering safepoint region: Cleanup
[2021-12-31T03:43:39.429+0000][1][safepoint    ] Leaving safepoint region
[2021-12-31T03:43:39.429+0000][1][safepoint    ] Total time for which application threads were stopped: 0.0002328 seconds, Stopping threads took: 0.0001027 seconds
[2021-12-31T03:43:40.429+0000][1][safepoint    ] Application time: 1.0006880 seconds
[2021-12-31T03:43:40.430+0000][1][safepoint    ] Entering safepoint region: Cleanup
[2021-12-31T03:43:40.430+0000][1][safepoint    ] Leaving safepoint region
[2021-12-31T03:43:40.430+0000][1][safepoint    ] Total time for which application threads were stopped: 0.0002293 seconds, Stopping threads took: 0.0000991 seconds
[2021-12-31T03:43:41.432+0000][1][safepoint    ] Application time: 1.0025755 seconds
[2021-12-31T03:43:41.433+0000][1][safepoint    ] Entering safepoint region: Cleanup
[2021-12-31T03:43:41.433+0000][1][safepoint    ] Leaving safepoint region
[2021-12-31T03:43:41.433+0000][1][safepoint    ] Total time for which application threads were stopped: 0.0002758 seconds, Stopping threads took: 0.0000959 seconds
[2021-12-31T03:43:42.435+0000][1][safepoint    ] Application time: 1.0016407 seconds
[2021-12-31T03:43:42.435+0000][1][safepoint    ] Entering safepoint region: Cleanup
[2021-12-31T03:43:42.435+0000][1][safepoint    ] Leaving safepoint region
[2021-12-31T03:43:42.435+0000][1][safepoint    ] Total time for which application threads were stopped: 0.0002316 seconds, Stopping threads took: 0.0001169 seconds
[2021-12-31T03:43:43.437+0000][1][safepoint    ] Application time: 1.0020675 seconds
[2021-12-31T03:43:43.437+0000][1][safepoint    ] Entering safepoint region: Cleanup
[2021-12-31T03:43:43.438+0000][1][safepoint    ] Leaving safepoint region
[2021-12-31T03:43:43.438+0000][1][safepoint    ] Total time for which application threads were stopped: 0.0002366 seconds, Stopping threads took: 0.0001000 seconds
[2021-12-31T03:43:44.441+0000][1][safepoint    ] Application time: 1.0029629 seconds
[2021-12-31T03:43:44.441+0000][1][safepoint    ] Entering safepoint region: Cleanup
[2021-12-31T03:43:44.441+0000][1][safepoint    ] Leaving safepoint region
[2021-12-31T03:43:44.441+0000][1][safepoint    ] Total time for which application threads were stopped: 0.0002661 seconds, Stopping threads took: 0.0001151 seconds
[2021-12-31T03:43:45.445+0000][1][safepoint    ] Application time: 1.0033520 seconds
[2021-12-31T03:43:45.445+0000][1][safepoint    ] Entering safepoint region: Cleanup
[2021-12-31T03:43:45.445+0000][1][safepoint    ] Leaving safepoint region
[2021-12-31T03:43:45.445+0000][1][safepoint    ] Total time for which application threads were stopped: 0.0002706 seconds, Stopping threads took: 0.0000971 seconds
[2021-12-31T03:43:46.445+0000][1][safepoint    ] Application time: 1.0002421 seconds
[2021-12-31T03:43:46.446+0000][1][safepoint    ] Entering safepoint region: Cleanup
[2021-12-31T03:43:46.446+0000][1][safepoint    ] Leaving safepoint region
[2021-12-31T03:43:46.446+0000][1][safepoint    ] Total time for which application threads were stopped: 0.0005502 seconds, Stopping threads took: 0.0003179 seconds
[2021-12-31T03:43:47.450+0000][1][safepoint    ] Application time: 1.0031700 seconds
[2021-12-31T03:43:47.450+0000][1][safepoint    ] Entering safepoint region: Cleanup
[2021-12-31T03:43:47.450+0000][1][safepoint    ] Leaving safepoint region
[2021-12-31T03:43:47.450+0000][1][safepoint    ] Total time for which application threads were stopped: 0.0006545 seconds, Stopping threads took: 0.0004346 seconds
[2021-12-31T03:43:48.454+0000][1][safepoint    ] Application time: 1.0031294 seconds
[2021-12-31T03:43:48.454+0000][1][safepoint    ] Entering safepoint region: Cleanup
[2021-12-31T03:43:48.454+0000][1][safepoint    ] Leaving safepoint region
[2021-12-31T03:43:48.454+0000][1][safepoint    ] Total time for which application threads were stopped: 0.0002254 seconds, Stopping threads took: 0.0000973 seconds
[2021-12-31T03:43:49.455+0000][1][safepoint    ] Application time: 1.0012103 seconds
[2021-12-31T03:43:49.456+0000][1][safepoint    ] Entering safepoint region: Cleanup
[2021-12-31T03:43:49.456+0000][1][safepoint    ] Leaving safepoint region
[2021-12-31T03:43:49.456+0000][1][safepoint    ] Total time for which application threads were stopped: 0.0002333 seconds, Stopping threads took: 0.0001033 seconds
[2021-12-31T03:43:50.457+0000][1][safepoint    ] Application time: 1.0011469 seconds
[2021-12-31T03:43:50.457+0000][1][safepoint    ] Entering safepoint region: Cleanup
[2021-12-31T03:43:50.457+0000][1][safepoint    ] Leaving safepoint region
[2021-12-31T03:43:50.458+0000][1][safepoint    ] Total time for which application threads were stopped: 0.0002487 seconds, Stopping threads took: 0.0001092 seconds
[2021-12-31T03:43:51.459+0000][1][safepoint    ] Application time: 1.0008800 seconds
[2021-12-31T03:43:51.459+0000][1][safepoint    ] Entering safepoint region: Cleanup
[2021-12-31T03:43:51.459+0000][1][safepoint    ] Leaving safepoint region
[2021-12-31T03:43:51.459+0000][1][safepoint    ] Total time for which application threads were stopped: 0.0002582 seconds, Stopping threads took: 0.0001104 seconds
[2021-12-31T03:43:52.463+0000][1][safepoint    ] Application time: 1.0035598 seconds
[2021-12-31T03:43:52.463+0000][1][safepoint    ] Entering safepoint region: Cleanup
[2021-12-31T03:43:52.463+0000][1][safepoint    ] Leaving safepoint region
[2021-12-31T03:43:52.463+0000][1][safepoint    ] Total time for which application threads were stopped: 0.0002433 seconds, Stopping threads took: 0.0001094 seconds
[2021-12-31T03:43:53.466+0000][1][safepoint    ] Application time: 1.0025368 seconds
[2021-12-31T03:43:53.466+0000][1][safepoint    ] Entering safepoint region: Cleanup
[2021-12-31T03:43:53.466+0000][1][safepoint    ] Leaving safepoint region
[2021-12-31T03:43:53.466+0000][1][safepoint    ] Total time for which application threads were stopped: 0.0002310 seconds, Stopping threads took: 0.0001008 seconds
[2021-12-31T03:43:54.469+0000][1][safepoint    ] Application time: 1.0028881 seconds
[2021-12-31T03:43:54.469+0000][1][safepoint    ] Entering safepoint region: Cleanup
[2021-12-31T03:43:54.469+0000][1][safepoint    ] Leaving safepoint region
[2021-12-31T03:43:54.470+0000][1][safepoint    ] Total time for which application threads were stopped: 0.0002921 seconds, Stopping threads took: 0.0001266 seconds
[2021-12-31T03:43:55.470+0000][1][safepoint    ] Application time: 1.0006696 seconds
[2021-12-31T03:43:55.471+0000][1][safepoint    ] Entering safepoint region: Cleanup
[2021-12-31T03:43:55.471+0000][1][safepoint    ] Leaving safepoint region
[2021-12-31T03:43:55.471+0000][1][safepoint    ] Total time for which application threads were stopped: 0.0003003 seconds, Stopping threads took: 0.0001220 seconds
[2021-12-31T03:43:56.473+0000][1][safepoint    ] Application time: 1.0022487 seconds
[2021-12-31T03:43:56.474+0000][1][safepoint    ] Entering safepoint region: Cleanup
[2021-12-31T03:43:56.474+0000][1][safepoint    ] Leaving safepoint region
[2021-12-31T03:43:56.474+0000][1][safepoint    ] Total time for which application threads were stopped: 0.0003554 seconds, Stopping threads took: 0.0001672 seconds
[2021-12-31T03:43:56.626+0000][1][safepoint    ] Application time: 0.1514025 seconds
[2021-12-31T03:43:56.626+0000][1][safepoint    ] Entering safepoint region: GenCollectForAllocation
[2021-12-31T03:43:56.626+0000][1][gc,start     ] GC(55) Pause Young (Allocation Failure)
[2021-12-31T03:43:56.626+0000][1][gc,task      ] GC(55) Using 1 workers of 1 for evacuation
[2021-12-31T03:43:56.633+0000][1][gc,age       ] GC(55) Desired survivor size 4358144 bytes, new threshold 6 (max threshold 6)
[2021-12-31T03:43:56.633+0000][1][gc,age       ] GC(55) Age table with threshold 6 (max threshold 6)
[2021-12-31T03:43:56.633+0000][1][gc,age       ] GC(55) - age   1:       6888 bytes,       6888 total
[2021-12-31T03:43:56.633+0000][1][gc,age       ] GC(55) - age   3:        120 bytes,       7008 total
[2021-12-31T03:43:56.633+0000][1][gc,age       ] GC(55) - age   4:        152 bytes,       7160 total
[2021-12-31T03:43:56.633+0000][1][gc,age       ] GC(55) - age   5:        144 bytes,       7304 total
[2021-12-31T03:43:56.633+0000][1][gc,heap      ] GC(55) ParNew: 68244K->67K(76672K)
[2021-12-31T03:43:56.634+0000][1][gc,heap      ] GC(55) CMS: 127750K->127822K(439104K)
[2021-12-31T03:43:56.634+0000][1][gc,metaspace ] GC(55) Metaspace: 73813K->73813K(1116160K)
[2021-12-31T03:43:56.634+0000][1][gc           ] GC(55) Pause Young (Allocation Failure) 191M->124M(503M) 7.771ms
[2021-12-31T03:43:56.634+0000][1][gc,cpu       ] GC(55) User=0.01s Sys=0.00s Real=0.01s
[2021-12-31T03:43:56.634+0000][1][safepoint    ] Leaving safepoint region
[2021-12-31T03:43:56.634+0000][1][safepoint    ] Total time for which application threads were stopped: 0.0085329 seconds, Stopping threads took: 0.0001602 seconds
[2021-12-31T03:43:57.636+0000][1][safepoint    ] Application time: 1.0014377 seconds
[2021-12-31T03:43:57.636+0000][1][safepoint    ] Entering safepoint region: Cleanup
[2021-12-31T03:43:57.636+0000][1][safepoint    ] Leaving safepoint region
[2021-12-31T03:43:57.636+0000][1][safepoint    ] Total time for which application threads were stopped: 0.0004236 seconds, Stopping threads took: 0.0001052 seconds
[2021-12-31T03:43:58.639+0000][1][safepoint    ] Application time: 1.0027255 seconds
[2021-12-31T03:43:58.640+0000][1][safepoint    ] Entering safepoint region: Cleanup
[2021-12-31T03:43:58.640+0000][1][safepoint    ] Leaving safepoint region
[2021-12-31T03:43:58.640+0000][1][safepoint    ] Total time for which application threads were stopped: 0.0002823 seconds, Stopping threads took: 0.0001157 seconds
[2021-12-31T03:43:59.643+0000][1][safepoint    ] Application time: 1.0026179 seconds
[2021-12-31T03:43:59.643+0000][1][safepoint    ] Entering safepoint region: Cleanup
[2021-12-31T03:43:59.643+0000][1][safepoint    ] Leaving safepoint region
[2021-12-31T03:43:59.643+0000][1][safepoint    ] Total time for which application threads were stopped: 0.0003058 seconds, Stopping threads took: 0.0001356 seconds
[2021-12-31T03:44:00.646+0000][1][safepoint    ] Application time: 1.0028136 seconds
[2021-12-31T03:44:00.646+0000][1][safepoint    ] Entering safepoint region: Cleanup
[2021-12-31T03:44:00.646+0000][1][safepoint    ] Leaving safepoint region
[2021-12-31T03:44:00.647+0000][1][safepoint    ] Total time for which application threads were stopped: 0.0002215 seconds, Stopping threads took: 0.0000965 seconds
[2021-12-31T03:44:01.649+0000][1][safepoint    ] Application time: 1.0024569 seconds
[2021-12-31T03:44:01.649+0000][1][safepoint    ] Entering safepoint region: Cleanup
[2021-12-31T03:44:01.649+0000][1][safepoint    ] Leaving safepoint region
[2021-12-31T03:44:01.649+0000][1][safepoint    ] Total time for which application threads were stopped: 0.0002232 seconds, Stopping threads took: 0.0000967 seconds
[2021-12-31T03:44:02.651+0000][1][safepoint    ] Application time: 1.0012559 seconds
[2021-12-31T03:44:02.651+0000][1][safepoint    ] Entering safepoint region: Cleanup
[2021-12-31T03:44:02.651+0000][1][safepoint    ] Leaving safepoint region
[2021-12-31T03:44:02.651+0000][1][safepoint    ] Total time for which application threads were stopped: 0.0002415 seconds, Stopping threads took: 0.0001045 seconds
[2021-12-31T03:44:03.654+0000][1][safepoint    ] Application time: 1.0023610 seconds
[2021-12-31T03:44:03.654+0000][1][safepoint    ] Entering safepoint region: Cleanup
[2021-12-31T03:44:03.654+0000][1][safepoint    ] Leaving safepoint region
[2021-12-31T03:44:03.654+0000][1][safepoint    ] Total time for which application threads were stopped: 0.0002333 seconds, Stopping threads took: 0.0000969 seconds
[2021-12-31T03:44:04.657+0000][1][safepoint    ] Application time: 1.0027267 seconds
[2021-12-31T03:44:04.657+0000][1][safepoint    ] Entering safepoint region: Cleanup
[2021-12-31T03:44:04.657+0000][1][safepoint    ] Leaving safepoint region
[2021-12-31T03:44:04.657+0000][1][safepoint    ] Total time for which application threads were stopped: 0.0002590 seconds, Stopping threads took: 0.0001124 seconds
[2021-12-31T03:44:05.660+0000][1][safepoint    ] Application time: 1.0021391 seconds
[2021-12-31T03:44:05.660+0000][1][safepoint    ] Entering safepoint region: Cleanup
[2021-12-31T03:44:05.660+0000][1][safepoint    ] Leaving safepoint region
[2021-12-31T03:44:05.660+0000][1][safepoint    ] Total time for which application threads were stopped: 0.0002249 seconds, Stopping threads took: 0.0000975 seconds
[2021-12-31T03:44:06.663+0000][1][safepoint    ] Application time: 1.0029240 seconds
[2021-12-31T03:44:06.663+0000][1][safepoint    ] Entering safepoint region: Cleanup
[2021-12-31T03:44:06.663+0000][1][safepoint    ] Leaving safepoint region
[2021-12-31T03:44:06.664+0000][1][safepoint    ] Total time for which application threads were stopped: 0.0002302 seconds, Stopping threads took: 0.0001009 seconds
[2021-12-31T03:44:07.664+0000][1][safepoint    ] Application time: 1.0007564 seconds
[2021-12-31T03:44:07.665+0000][1][safepoint    ] Entering safepoint region: Cleanup
[2021-12-31T03:44:07.665+0000][1][safepoint    ] Leaving safepoint region
[2021-12-31T03:44:07.665+0000][1][safepoint    ] Total time for which application threads were stopped: 0.0002279 seconds, Stopping threads took: 0.0001021 seconds
[2021-12-31T03:44:08.668+0000][1][safepoint    ] Application time: 1.0032456 seconds
[2021-12-31T03:44:08.668+0000][1][safepoint    ] Entering safepoint region: Cleanup
[2021-12-31T03:44:08.669+0000][1][safepoint    ] Leaving safepoint region
[2021-12-31T03:44:08.669+0000][1][safepoint    ] Total time for which application threads were stopped: 0.0003111 seconds, Stopping threads took: 0.0001371 seconds
[2021-12-31T03:44:09.669+0000][1][safepoint    ] Application time: 1.0002444 seconds
[2021-12-31T03:44:09.669+0000][1][safepoint    ] Entering safepoint region: Cleanup
[2021-12-31T03:44:09.669+0000][1][safepoint    ] Leaving safepoint region
[2021-12-31T03:44:09.669+0000][1][safepoint    ] Total time for which application threads were stopped: 0.0002252 seconds, Stopping threads took: 0.0000989 seconds
[2021-12-31T03:44:10.672+0000][1][safepoint    ] Application time: 1.0022472 seconds
[2021-12-31T03:44:10.672+0000][1][safepoint    ] Entering safepoint region: Cleanup
[2021-12-31T03:44:10.672+0000][1][safepoint    ] Leaving safepoint region
[2021-12-31T03:44:10.672+0000][1][safepoint    ] Total time for which application threads were stopped: 0.0002299 seconds, Stopping threads took: 0.0000993 seconds
[2021-12-31T03:44:11.673+0000][1][safepoint    ] Application time: 1.0005663 seconds
[2021-12-31T03:44:11.673+0000][1][safepoint    ] Entering safepoint region: Cleanup
[2021-12-31T03:44:11.673+0000][1][safepoint    ] Leaving safepoint region
[2021-12-31T03:44:11.673+0000][1][safepoint    ] Total time for which application threads were stopped: 0.0002684 seconds, Stopping threads took: 0.0001230 seconds
[2021-12-31T03:44:12.675+0000][1][safepoint    ] Application time: 1.0012001 seconds
[2021-12-31T03:44:12.675+0000][1][safepoint    ] Entering safepoint region: Cleanup
[2021-12-31T03:44:12.675+0000][1][safepoint    ] Leaving safepoint region
[2021-12-31T03:44:12.675+0000][1][safepoint    ] Total time for which application threads were stopped: 0.0002387 seconds, Stopping threads took: 0.0001010 seconds
[2021-12-31T03:44:13.677+0000][1][safepoint    ] Application time: 1.0022371 seconds
[2021-12-31T03:44:13.678+0000][1][safepoint    ] Entering safepoint region: Cleanup
[2021-12-31T03:44:13.678+0000][1][safepoint    ] Leaving safepoint region
[2021-12-31T03:44:13.678+0000][1][safepoint    ] Total time for which application threads were stopped: 0.0002453 seconds, Stopping threads took: 0.0001024 seconds
[2021-12-31T03:44:14.678+0000][1][safepoint    ] Application time: 1.0001871 seconds
[2021-12-31T03:44:14.678+0000][1][safepoint    ] Entering safepoint region: Cleanup
[2021-12-31T03:44:14.679+0000][1][safepoint    ] Leaving safepoint region
[2021-12-31T03:44:14.679+0000][1][safepoint    ] Total time for which application threads were stopped: 0.0002605 seconds, Stopping threads took: 0.0001194 seconds
[2021-12-31T03:44:15.679+0000][1][safepoint    ] Application time: 1.0004278 seconds
[2021-12-31T03:44:15.679+0000][1][safepoint    ] Entering safepoint region: Cleanup
[2021-12-31T03:44:15.680+0000][1][safepoint    ] Leaving safepoint region
[2021-12-31T03:44:15.680+0000][1][safepoint    ] Total time for which application threads were stopped: 0.0002309 seconds, Stopping threads took: 0.0001033 seconds
[2021-12-31T03:44:16.680+0000][1][safepoint    ] Application time: 1.0006046 seconds
[2021-12-31T03:44:16.681+0000][1][safepoint    ] Entering safepoint region: Cleanup
[2021-12-31T03:44:16.681+0000][1][safepoint    ] Leaving safepoint region
[2021-12-31T03:44:16.681+0000][1][safepoint    ] Total time for which application threads were stopped: 0.0002611 seconds, Stopping threads took: 0.0001158 seconds
[2021-12-31T03:44:17.682+0000][1][safepoint    ] Application time: 1.0008259 seconds
[2021-12-31T03:44:17.682+0000][1][safepoint    ] Entering safepoint region: Cleanup
[2021-12-31T03:44:17.682+0000][1][safepoint    ] Leaving safepoint region
[2021-12-31T03:44:17.682+0000][1][safepoint    ] Total time for which application threads were stopped: 0.0002509 seconds, Stopping threads took: 0.0001092 seconds
[2021-12-31T03:44:18.394+0000][1][safepoint    ] Application time: 0.7113730 seconds
[2021-12-31T03:44:18.394+0000][1][safepoint    ] Entering safepoint region: RevokeBias
[2021-12-31T03:44:18.394+0000][1][safepoint    ] Leaving safepoint region
[2021-12-31T03:44:18.395+0000][1][safepoint    ] Total time for which application threads were stopped: 0.0006796 seconds, Stopping threads took: 0.0003962 seconds
[2021-12-31T03:44:19.398+0000][1][safepoint    ] Application time: 1.0029806 seconds
[2021-12-31T03:44:19.398+0000][1][safepoint    ] Entering safepoint region: Cleanup
[2021-12-31T03:44:19.398+0000][1][safepoint    ] Leaving safepoint region
[2021-12-31T03:44:19.398+0000][1][safepoint    ] Total time for which application threads were stopped: 0.0002596 seconds, Stopping threads took: 0.0001259 seconds
[2021-12-31T03:44:20.399+0000][1][safepoint    ] Application time: 1.0005728 seconds
[2021-12-31T03:44:20.399+0000][1][safepoint    ] Entering safepoint region: Cleanup
[2021-12-31T03:44:20.399+0000][1][safepoint    ] Leaving safepoint region
[2021-12-31T03:44:20.399+0000][1][safepoint    ] Total time for which application threads were stopped: 0.0003599 seconds, Stopping threads took: 0.0001027 seconds
[2021-12-31T03:44:21.401+0000][1][safepoint    ] Application time: 1.0014988 seconds
[2021-12-31T03:44:21.401+0000][1][safepoint    ] Entering safepoint region: Cleanup
[2021-12-31T03:44:21.401+0000][1][safepoint    ] Leaving safepoint region
[2021-12-31T03:44:21.401+0000][1][safepoint    ] Total time for which application threads were stopped: 0.0002276 seconds, Stopping threads took: 0.0000945 seconds
[2021-12-31T03:44:22.402+0000][1][safepoint    ] Application time: 1.0001422 seconds
[2021-12-31T03:44:22.402+0000][1][safepoint    ] Entering safepoint region: Cleanup
[2021-12-31T03:44:22.402+0000][1][safepoint    ] Leaving safepoint region
[2021-12-31T03:44:22.402+0000][1][safepoint    ] Total time for which application threads were stopped: 0.0002272 seconds, Stopping threads took: 0.0001024 seconds
[2021-12-31T03:44:23.403+0000][1][safepoint    ] Application time: 1.0012108 seconds
[2021-12-31T03:44:23.404+0000][1][safepoint    ] Entering safepoint region: Cleanup
[2021-12-31T03:44:23.404+0000][1][safepoint    ] Leaving safepoint region
[2021-12-31T03:44:23.404+0000][1][safepoint    ] Total time for which application threads were stopped: 0.0002265 seconds, Stopping threads took: 0.0000999 seconds
[2021-12-31T03:44:24.405+0000][1][safepoint    ] Application time: 1.0007844 seconds
[2021-12-31T03:44:24.405+0000][1][safepoint    ] Entering safepoint region: Cleanup
[2021-12-31T03:44:24.405+0000][1][safepoint    ] Leaving safepoint region
[2021-12-31T03:44:24.405+0000][1][safepoint    ] Total time for which application threads were stopped: 0.0002642 seconds, Stopping threads took: 0.0001312 seconds
[2021-12-31T03:44:25.408+0000][1][safepoint    ] Application time: 1.0031360 seconds
[2021-12-31T03:44:25.409+0000][1][safepoint    ] Entering safepoint region: Cleanup
[2021-12-31T03:44:25.409+0000][1][safepoint    ] Leaving safepoint region
[2021-12-31T03:44:25.409+0000][1][safepoint    ] Total time for which application threads were stopped: 0.0002270 seconds, Stopping threads took: 0.0000989 seconds
[2021-12-31T03:44:26.412+0000][1][safepoint    ] Application time: 1.0032847 seconds
[2021-12-31T03:44:26.413+0000][1][safepoint    ] Entering safepoint region: Cleanup
[2021-12-31T03:44:26.413+0000][1][safepoint    ] Leaving safepoint region
[2021-12-31T03:44:26.413+0000][1][safepoint    ] Total time for which application threads were stopped: 0.0006774 seconds, Stopping threads took: 0.0002955 seconds
[2021-12-31T03:44:27.417+0000][1][safepoint    ] Application time: 1.0037582 seconds
[2021-12-31T03:44:27.417+0000][1][safepoint    ] Entering safepoint region: Cleanup
[2021-12-31T03:44:27.418+0000][1][safepoint    ] Leaving safepoint region
[2021-12-31T03:44:27.418+0000][1][safepoint    ] Total time for which application threads were stopped: 0.0005099 seconds, Stopping threads took: 0.0002313 seconds
[2021-12-31T03:44:28.420+0000][1][safepoint    ] Application time: 1.0019448 seconds
[2021-12-31T03:44:28.420+0000][1][safepoint    ] Entering safepoint region: Cleanup
[2021-12-31T03:44:28.420+0000][1][safepoint    ] Leaving safepoint region
[2021-12-31T03:44:28.420+0000][1][safepoint    ] Total time for which application threads were stopped: 0.0003697 seconds, Stopping threads took: 0.0002007 seconds
[2021-12-31T03:44:29.424+0000][1][safepoint    ] Application time: 1.0037250 seconds
[2021-12-31T03:44:29.425+0000][1][safepoint    ] Entering safepoint region: Cleanup
[2021-12-31T03:44:29.425+0000][1][safepoint    ] Leaving safepoint region
[2021-12-31T03:44:29.425+0000][1][safepoint    ] Total time for which application threads were stopped: 0.0002371 seconds, Stopping threads took: 0.0001018 seconds
[2021-12-31T03:44:30.428+0000][1][safepoint    ] Application time: 1.0028469 seconds
[2021-12-31T03:44:30.428+0000][1][safepoint    ] Entering safepoint region: Cleanup
[2021-12-31T03:44:30.428+0000][1][safepoint    ] Leaving safepoint region
[2021-12-31T03:44:30.428+0000][1][safepoint    ] Total time for which application threads were stopped: 0.0002173 seconds, Stopping threads took: 0.0000967 seconds
[2021-12-31T03:44:31.432+0000][1][safepoint    ] Application time: 1.0034078 seconds
[2021-12-31T03:44:31.432+0000][1][safepoint    ] Entering safepoint region: Cleanup
[2021-12-31T03:44:31.432+0000][1][safepoint    ] Leaving safepoint region
[2021-12-31T03:44:31.433+0000][1][safepoint    ] Total time for which application threads were stopped: 0.0005834 seconds, Stopping threads took: 0.0003048 seconds
[2021-12-31T03:44:32.436+0000][1][safepoint    ] Application time: 1.0031118 seconds
[2021-12-31T03:44:32.436+0000][1][safepoint    ] Entering safepoint region: Cleanup
[2021-12-31T03:44:32.436+0000][1][safepoint    ] Leaving safepoint region
[2021-12-31T03:44:32.437+0000][1][safepoint    ] Total time for which application threads were stopped: 0.0004631 seconds, Stopping threads took: 0.0001843 seconds
[2021-12-31T03:44:33.440+0000][1][safepoint    ] Application time: 1.0028026 seconds
[2021-12-31T03:44:33.440+0000][1][safepoint    ] Entering safepoint region: Cleanup
[2021-12-31T03:44:33.440+0000][1][safepoint    ] Leaving safepoint region
[2021-12-31T03:44:33.440+0000][1][safepoint    ] Total time for which application threads were stopped: 0.0005375 seconds, Stopping threads took: 0.0002317 seconds
[2021-12-31T03:44:34.445+0000][1][safepoint    ] Application time: 1.0044093 seconds
[2021-12-31T03:44:34.445+0000][1][safepoint    ] Entering safepoint region: Cleanup
[2021-12-31T03:44:34.446+0000][1][safepoint    ] Leaving safepoint region
[2021-12-31T03:44:34.446+0000][1][safepoint    ] Total time for which application threads were stopped: 0.0002274 seconds, Stopping threads took: 0.0000982 seconds
[2021-12-31T03:44:35.447+0000][1][safepoint    ] Application time: 1.0016201 seconds
[2021-12-31T03:44:35.448+0000][1][safepoint    ] Entering safepoint region: Cleanup
[2021-12-31T03:44:35.448+0000][1][safepoint    ] Leaving safepoint region
[2021-12-31T03:44:35.448+0000][1][safepoint    ] Total time for which application threads were stopped: 0.0002862 seconds, Stopping threads took: 0.0001242 seconds
[2021-12-31T03:44:36.449+0000][1][safepoint    ] Application time: 1.0015159 seconds
[2021-12-31T03:44:36.450+0000][1][safepoint    ] Entering safepoint region: Cleanup
[2021-12-31T03:44:36.450+0000][1][safepoint    ] Leaving safepoint region
[2021-12-31T03:44:36.450+0000][1][safepoint    ] Total time for which application threads were stopped: 0.0003446 seconds, Stopping threads took: 0.0001478 seconds
[2021-12-31T03:44:37.451+0000][1][safepoint    ] Application time: 1.0004035 seconds
[2021-12-31T03:44:37.451+0000][1][safepoint    ] Entering safepoint region: Cleanup
[2021-12-31T03:44:37.451+0000][1][safepoint    ] Leaving safepoint region
[2021-12-31T03:44:37.452+0000][1][safepoint    ] Total time for which application threads were stopped: 0.0005502 seconds, Stopping threads took: 0.0002436 seconds
[2021-12-31T03:44:38.455+0000][1][safepoint    ] Application time: 1.0027589 seconds
[2021-12-31T03:44:38.455+0000][1][safepoint    ] Entering safepoint region: Cleanup
[2021-12-31T03:44:38.455+0000][1][safepoint    ] Leaving safepoint region
[2021-12-31T03:44:38.455+0000][1][safepoint    ] Total time for which application threads were stopped: 0.0002682 seconds, Stopping threads took: 0.0000974 seconds
[2021-12-31T03:44:39.455+0000][1][safepoint    ] Application time: 1.0001916 seconds
[2021-12-31T03:44:39.455+0000][1][safepoint    ] Entering safepoint region: Cleanup
[2021-12-31T03:44:39.456+0000][1][safepoint    ] Leaving safepoint region
[2021-12-31T03:44:39.456+0000][1][safepoint    ] Total time for which application threads were stopped: 0.0002042 seconds, Stopping threads took: 0.0000872 seconds
[2021-12-31T03:44:40.458+0000][1][safepoint    ] Application time: 1.0020397 seconds
[2021-12-31T03:44:40.458+0000][1][safepoint    ] Entering safepoint region: Cleanup
[2021-12-31T03:44:40.458+0000][1][safepoint    ] Leaving safepoint region
[2021-12-31T03:44:40.458+0000][1][safepoint    ] Total time for which application threads were stopped: 0.0002321 seconds, Stopping threads took: 0.0001119 seconds
[2021-12-31T03:44:41.459+0000][1][safepoint    ] Application time: 1.0003093 seconds
[2021-12-31T03:44:41.459+0000][1][safepoint    ] Entering safepoint region: Cleanup
[2021-12-31T03:44:41.459+0000][1][safepoint    ] Leaving safepoint region
[2021-12-31T03:44:41.459+0000][1][safepoint    ] Total time for which application threads were stopped: 0.0002057 seconds, Stopping threads took: 0.0000906 seconds
[2021-12-31T03:44:42.460+0000][1][safepoint    ] Application time: 1.0009225 seconds
[2021-12-31T03:44:42.460+0000][1][safepoint    ] Entering safepoint region: Cleanup
[2021-12-31T03:44:42.461+0000][1][safepoint    ] Leaving safepoint region
[2021-12-31T03:44:42.461+0000][1][safepoint    ] Total time for which application threads were stopped: 0.0004604 seconds, Stopping threads took: 0.0002023 seconds
[2021-12-31T03:44:43.465+0000][1][safepoint    ] Application time: 1.0038262 seconds
[2021-12-31T03:44:43.465+0000][1][safepoint    ] Entering safepoint region: Cleanup
[2021-12-31T03:44:43.466+0000][1][safepoint    ] Leaving safepoint region
[2021-12-31T03:44:43.466+0000][1][safepoint    ] Total time for which application threads were stopped: 0.0005239 seconds, Stopping threads took: 0.0002395 seconds
[2021-12-31T03:44:44.466+0000][1][safepoint    ] Application time: 1.0001344 seconds
[2021-12-31T03:44:44.466+0000][1][safepoint    ] Entering safepoint region: Cleanup
[2021-12-31T03:44:44.466+0000][1][safepoint    ] Leaving safepoint region
[2021-12-31T03:44:44.467+0000][1][safepoint    ] Total time for which application threads were stopped: 0.0002826 seconds, Stopping threads took: 0.0001231 seconds
[2021-12-31T03:44:45.468+0000][1][safepoint    ] Application time: 1.0011066 seconds
[2021-12-31T03:44:45.468+0000][1][safepoint    ] Entering safepoint region: Cleanup
[2021-12-31T03:44:45.468+0000][1][safepoint    ] Leaving safepoint region
[2021-12-31T03:44:45.469+0000][1][safepoint    ] Total time for which application threads were stopped: 0.0005707 seconds, Stopping threads took: 0.0002314 seconds
[2021-12-31T03:44:46.471+0000][1][safepoint    ] Application time: 1.0025882 seconds
[2021-12-31T03:44:46.472+0000][1][safepoint    ] Entering safepoint region: Cleanup
[2021-12-31T03:44:46.472+0000][1][safepoint    ] Leaving safepoint region
[2021-12-31T03:44:46.473+0000][1][safepoint    ] Total time for which application threads were stopped: 0.0006951 seconds, Stopping threads took: 0.0003515 seconds
[2021-12-31T03:44:47.476+0000][1][safepoint    ] Application time: 1.0032034 seconds
[2021-12-31T03:44:47.476+0000][1][safepoint    ] Entering safepoint region: Cleanup
[2021-12-31T03:44:47.478+0000][1][safepoint    ] Leaving safepoint region
[2021-12-31T03:44:47.478+0000][1][safepoint    ] Total time for which application threads were stopped: 0.0019471 seconds, Stopping threads took: 0.0010637 seconds
[2021-12-31T03:44:48.481+0000][1][safepoint    ] Application time: 1.0022267 seconds
[2021-12-31T03:44:48.481+0000][1][safepoint    ] Entering safepoint region: Cleanup
[2021-12-31T03:44:48.481+0000][1][safepoint    ] Leaving safepoint region
[2021-12-31T03:44:48.482+0000][1][safepoint    ] Total time for which application threads were stopped: 0.0005522 seconds, Stopping threads took: 0.0002177 seconds
[2021-12-31T03:44:49.484+0000][1][safepoint    ] Application time: 1.0026282 seconds
[2021-12-31T03:44:49.485+0000][1][safepoint    ] Entering safepoint region: Cleanup
[2021-12-31T03:44:49.485+0000][1][safepoint    ] Leaving safepoint region
[2021-12-31T03:44:49.485+0000][1][safepoint    ] Total time for which application threads were stopped: 0.0002372 seconds, Stopping threads took: 0.0001011 seconds
[2021-12-31T03:44:50.489+0000][1][safepoint    ] Application time: 1.0036669 seconds
[2021-12-31T03:44:50.489+0000][1][safepoint    ] Entering safepoint region: Cleanup
[2021-12-31T03:44:50.489+0000][1][safepoint    ] Leaving safepoint region
[2021-12-31T03:44:50.489+0000][1][safepoint    ] Total time for which application threads were stopped: 0.0002218 seconds, Stopping threads took: 0.0000960 seconds
[2021-12-31T03:44:51.492+0000][1][safepoint    ] Application time: 1.0030964 seconds
[2021-12-31T03:44:51.492+0000][1][safepoint    ] Entering safepoint region: Cleanup
[2021-12-31T03:44:51.493+0000][1][safepoint    ] Leaving safepoint region
[2021-12-31T03:44:51.493+0000][1][safepoint    ] Total time for which application threads were stopped: 0.0002237 seconds, Stopping threads took: 0.0000952 seconds
[2021-12-31T03:44:52.494+0000][1][safepoint    ] Application time: 1.0007751 seconds
[2021-12-31T03:44:52.494+0000][1][safepoint    ] Entering safepoint region: Cleanup
[2021-12-31T03:44:52.494+0000][1][safepoint    ] Leaving safepoint region
[2021-12-31T03:44:52.494+0000][1][safepoint    ] Total time for which application threads were stopped: 0.0005778 seconds, Stopping threads took: 0.0001659 seconds
[2021-12-31T03:44:53.496+0000][1][safepoint    ] Application time: 1.0017225 seconds
[2021-12-31T03:44:53.497+0000][1][safepoint    ] Entering safepoint region: Cleanup
[2021-12-31T03:44:53.497+0000][1][safepoint    ] Leaving safepoint region
[2021-12-31T03:44:53.497+0000][1][safepoint    ] Total time for which application threads were stopped: 0.0005119 seconds, Stopping threads took: 0.0002160 seconds
[2021-12-31T03:44:54.500+0000][1][safepoint    ] Application time: 1.0026580 seconds
[2021-12-31T03:44:54.500+0000][1][safepoint    ] Entering safepoint region: Cleanup
[2021-12-31T03:44:54.500+0000][1][safepoint    ] Leaving safepoint region
[2021-12-31T03:44:54.501+0000][1][safepoint    ] Total time for which application threads were stopped: 0.0002230 seconds, Stopping threads took: 0.0000974 seconds
[2021-12-31T03:44:55.501+0000][1][safepoint    ] Application time: 1.0007054 seconds
[2021-12-31T03:44:55.502+0000][1][safepoint    ] Entering safepoint region: Cleanup
[2021-12-31T03:44:55.502+0000][1][safepoint    ] Leaving safepoint region
[2021-12-31T03:44:55.502+0000][1][safepoint    ] Total time for which application threads were stopped: 0.0002215 seconds, Stopping threads took: 0.0000963 seconds
[2021-12-31T03:44:56.504+0000][1][safepoint    ] Application time: 1.0016753 seconds
[2021-12-31T03:44:56.504+0000][1][safepoint    ] Entering safepoint region: Cleanup
[2021-12-31T03:44:56.504+0000][1][safepoint    ] Leaving safepoint region
[2021-12-31T03:44:56.505+0000][1][safepoint    ] Total time for which application threads were stopped: 0.0006283 seconds, Stopping threads took: 0.0003041 seconds
[2021-12-31T03:44:57.508+0000][1][safepoint    ] Application time: 1.0032618 seconds
[2021-12-31T03:44:57.508+0000][1][safepoint    ] Entering safepoint region: Cleanup
[2021-12-31T03:44:57.509+0000][1][safepoint    ] Leaving safepoint region
[2021-12-31T03:44:57.509+0000][1][safepoint    ] Total time for which application threads were stopped: 0.0002448 seconds, Stopping threads took: 0.0001140 seconds
[2021-12-31T03:44:58.511+0000][1][safepoint    ] Application time: 1.0023253 seconds
[2021-12-31T03:44:58.512+0000][1][safepoint    ] Entering safepoint region: Cleanup
[2021-12-31T03:44:58.512+0000][1][safepoint    ] Leaving safepoint region
[2021-12-31T03:44:58.512+0000][1][safepoint    ] Total time for which application threads were stopped: 0.0007072 seconds, Stopping threads took: 0.0002545 seconds
[2021-12-31T03:44:59.514+0000][1][safepoint    ] Application time: 1.0012827 seconds
[2021-12-31T03:44:59.515+0000][1][safepoint    ] Entering safepoint region: Cleanup
[2021-12-31T03:44:59.515+0000][1][safepoint    ] Leaving safepoint region
[2021-12-31T03:44:59.515+0000][1][safepoint    ] Total time for which application threads were stopped: 0.0003030 seconds, Stopping threads took: 0.0001486 seconds
[2021-12-31T03:45:00.518+0000][1][safepoint    ] Application time: 1.0028733 seconds
[2021-12-31T03:45:00.518+0000][1][safepoint    ] Entering safepoint region: Cleanup
[2021-12-31T03:45:00.518+0000][1][safepoint    ] Leaving safepoint region
[2021-12-31T03:45:00.518+0000][1][safepoint    ] Total time for which application threads were stopped: 0.0002218 seconds, Stopping threads took: 0.0000953 seconds
[2021-12-31T03:45:01.521+0000][1][safepoint    ] Application time: 1.0029981 seconds
[2021-12-31T03:45:01.522+0000][1][safepoint    ] Entering safepoint region: Cleanup
[2021-12-31T03:45:01.522+0000][1][safepoint    ] Leaving safepoint region
[2021-12-31T03:45:01.522+0000][1][safepoint    ] Total time for which application threads were stopped: 0.0002766 seconds, Stopping threads took: 0.0001154 seconds
[2021-12-31T03:45:02.525+0000][1][safepoint    ] Application time: 1.0030480 seconds
[2021-12-31T03:45:02.525+0000][1][safepoint    ] Entering safepoint region: Cleanup
[2021-12-31T03:45:02.526+0000][1][safepoint    ] Leaving safepoint region
[2021-12-31T03:45:02.526+0000][1][safepoint    ] Total time for which application threads were stopped: 0.0003220 seconds, Stopping threads took: 0.0001306 seconds
[2021-12-31T03:45:03.529+0000][1][safepoint    ] Application time: 1.0030660 seconds
[2021-12-31T03:45:03.529+0000][1][safepoint    ] Entering safepoint region: Cleanup
[2021-12-31T03:45:03.529+0000][1][safepoint    ] Leaving safepoint region
[2021-12-31T03:45:03.529+0000][1][safepoint    ] Total time for which application threads were stopped: 0.0002447 seconds, Stopping threads took: 0.0001104 seconds
[2021-12-31T03:45:04.530+0000][1][safepoint    ] Application time: 1.0006727 seconds
[2021-12-31T03:45:04.530+0000][1][safepoint    ] Entering safepoint region: Cleanup
[2021-12-31T03:45:04.530+0000][1][safepoint    ] Leaving safepoint region
[2021-12-31T03:45:04.530+0000][1][safepoint    ] Total time for which application threads were stopped: 0.0002300 seconds, Stopping threads took: 0.0000942 seconds
[2021-12-31T03:45:05.532+0000][1][safepoint    ] Application time: 1.0011082 seconds
[2021-12-31T03:45:05.532+0000][1][safepoint    ] Entering safepoint region: Cleanup
[2021-12-31T03:45:05.532+0000][1][safepoint    ] Leaving safepoint region
[2021-12-31T03:45:05.532+0000][1][safepoint    ] Total time for which application threads were stopped: 0.0004273 seconds, Stopping threads took: 0.0001926 seconds
[2021-12-31T03:45:06.534+0000][1][safepoint    ] Application time: 1.0010627 seconds
[2021-12-31T03:45:06.534+0000][1][safepoint    ] Entering safepoint region: Cleanup
[2021-12-31T03:45:06.534+0000][1][safepoint    ] Leaving safepoint region
[2021-12-31T03:45:06.534+0000][1][safepoint    ] Total time for which application threads were stopped: 0.0002264 seconds, Stopping threads took: 0.0000983 seconds
[2021-12-31T03:45:07.537+0000][1][safepoint    ] Application time: 1.0022447 seconds
[2021-12-31T03:45:07.537+0000][1][safepoint    ] Entering safepoint region: Cleanup
[2021-12-31T03:45:07.537+0000][1][safepoint    ] Leaving safepoint region
[2021-12-31T03:45:07.537+0000][1][safepoint    ] Total time for which application threads were stopped: 0.0003770 seconds, Stopping threads took: 0.0001122 seconds
[2021-12-31T03:45:08.538+0000][1][safepoint    ] Application time: 1.0006264 seconds
[2021-12-31T03:45:08.538+0000][1][safepoint    ] Entering safepoint region: Cleanup
[2021-12-31T03:45:08.538+0000][1][safepoint    ] Leaving safepoint region
[2021-12-31T03:45:08.538+0000][1][safepoint    ] Total time for which application threads were stopped: 0.0002232 seconds, Stopping threads took: 0.0000954 seconds
[2021-12-31T03:45:09.542+0000][1][safepoint    ] Application time: 1.0031318 seconds
[2021-12-31T03:45:09.542+0000][1][safepoint    ] Entering safepoint region: Cleanup
[2021-12-31T03:45:09.542+0000][1][safepoint    ] Leaving safepoint region
[2021-12-31T03:45:09.542+0000][1][safepoint    ] Total time for which application threads were stopped: 0.0002470 seconds, Stopping threads took: 0.0001073 seconds
[2021-12-31T03:45:10.544+0000][1][safepoint    ] Application time: 1.0013099 seconds
[2021-12-31T03:45:10.544+0000][1][safepoint    ] Entering safepoint region: Cleanup
[2021-12-31T03:45:10.544+0000][1][safepoint    ] Leaving safepoint region
[2021-12-31T03:45:10.544+0000][1][safepoint    ] Total time for which application threads were stopped: 0.0004476 seconds, Stopping threads took: 0.0002443 seconds
[2021-12-31T03:45:11.548+0000][1][safepoint    ] Application time: 1.0032627 seconds
[2021-12-31T03:45:11.548+0000][1][safepoint    ] Entering safepoint region: Cleanup
[2021-12-31T03:45:11.548+0000][1][safepoint    ] Leaving safepoint region
[2021-12-31T03:45:11.548+0000][1][safepoint    ] Total time for which application threads were stopped: 0.0002311 seconds, Stopping threads took: 0.0001026 seconds
[2021-12-31T03:45:12.552+0000][1][safepoint    ] Application time: 1.0036753 seconds
[2021-12-31T03:45:12.552+0000][1][safepoint    ] Entering safepoint region: Cleanup
[2021-12-31T03:45:12.552+0000][1][safepoint    ] Leaving safepoint region
[2021-12-31T03:45:12.553+0000][1][safepoint    ] Total time for which application threads were stopped: 0.0006852 seconds, Stopping threads took: 0.0000926 seconds
[2021-12-31T03:45:13.554+0000][1][safepoint    ] Application time: 1.0010632 seconds
[2021-12-31T03:45:13.554+0000][1][safepoint    ] Entering safepoint region: Cleanup
[2021-12-31T03:45:13.554+0000][1][safepoint    ] Leaving safepoint region
[2021-12-31T03:45:13.554+0000][1][safepoint    ] Total time for which application threads were stopped: 0.0002403 seconds, Stopping threads took: 0.0001105 seconds
[2021-12-31T03:45:14.557+0000][1][safepoint    ] Application time: 1.0020503 seconds
[2021-12-31T03:45:14.557+0000][1][safepoint    ] Entering safepoint region: Cleanup
[2021-12-31T03:45:14.557+0000][1][safepoint    ] Leaving safepoint region
[2021-12-31T03:45:14.557+0000][1][safepoint    ] Total time for which application threads were stopped: 0.0002483 seconds, Stopping threads took: 0.0001085 seconds
[2021-12-31T03:45:15.558+0000][1][safepoint    ] Application time: 1.0012453 seconds
[2021-12-31T03:45:15.559+0000][1][safepoint    ] Entering safepoint region: Cleanup
[2021-12-31T03:45:15.559+0000][1][safepoint    ] Leaving safepoint region
[2021-12-31T03:45:15.559+0000][1][safepoint    ] Total time for which application threads were stopped: 0.0002336 seconds, Stopping threads took: 0.0001025 seconds
[2021-12-31T03:45:16.559+0000][1][safepoint    ] Application time: 1.0002261 seconds
[2021-12-31T03:45:16.559+0000][1][safepoint    ] Entering safepoint region: Cleanup
[2021-12-31T03:45:16.559+0000][1][safepoint    ] Leaving safepoint region
[2021-12-31T03:45:16.560+0000][1][safepoint    ] Total time for which application threads were stopped: 0.0002254 seconds, Stopping threads took: 0.0000978 seconds
[2021-12-31T03:45:17.562+0000][1][safepoint    ] Application time: 1.0022074 seconds
[2021-12-31T03:45:17.562+0000][1][safepoint    ] Entering safepoint region: Cleanup
[2021-12-31T03:45:17.563+0000][1][safepoint    ] Leaving safepoint region
[2021-12-31T03:45:17.564+0000][1][safepoint    ] Total time for which application threads were stopped: 0.0014839 seconds, Stopping threads took: 0.0008952 seconds
[2021-12-31T03:45:18.405+0000][1][safepoint    ] Application time: 0.8406343 seconds
[2021-12-31T03:45:18.405+0000][1][safepoint    ] Entering safepoint region: RevokeBias
[2021-12-31T03:45:18.405+0000][1][safepoint    ] Leaving safepoint region
[2021-12-31T03:45:18.405+0000][1][safepoint    ] Total time for which application threads were stopped: 0.0004481 seconds, Stopping threads took: 0.0001892 seconds
[2021-12-31T03:45:19.409+0000][1][safepoint    ] Application time: 1.0029259 seconds
[2021-12-31T03:45:19.409+0000][1][safepoint    ] Entering safepoint region: Cleanup
[2021-12-31T03:45:19.409+0000][1][safepoint    ] Leaving safepoint region
[2021-12-31T03:45:19.409+0000][1][safepoint    ] Total time for which application threads were stopped: 0.0002394 seconds, Stopping threads took: 0.0001010 seconds
[2021-12-31T03:45:20.411+0000][1][safepoint    ] Application time: 1.0023648 seconds
[2021-12-31T03:45:20.412+0000][1][safepoint    ] Entering safepoint region: Cleanup
[2021-12-31T03:45:20.412+0000][1][safepoint    ] Leaving safepoint region
[2021-12-31T03:45:20.412+0000][1][safepoint    ] Total time for which application threads were stopped: 0.0003831 seconds, Stopping threads took: 0.0001889 seconds
[2021-12-31T03:45:21.413+0000][1][safepoint    ] Application time: 1.0002363 seconds
[2021-12-31T03:45:21.413+0000][1][safepoint    ] Entering safepoint region: Cleanup
[2021-12-31T03:45:21.413+0000][1][safepoint    ] Leaving safepoint region
[2021-12-31T03:45:21.413+0000][1][safepoint    ] Total time for which application threads were stopped: 0.0004507 seconds, Stopping threads took: 0.0002040 seconds
[2021-12-31T03:45:22.414+0000][1][safepoint    ] Application time: 1.0009251 seconds
[2021-12-31T03:45:22.415+0000][1][safepoint    ] Entering safepoint region: Cleanup
[2021-12-31T03:45:22.415+0000][1][safepoint    ] Leaving safepoint region
[2021-12-31T03:45:22.415+0000][1][safepoint    ] Total time for which application threads were stopped: 0.0003098 seconds, Stopping threads took: 0.0001334 seconds
[2021-12-31T03:45:23.418+0000][1][safepoint    ] Application time: 1.0030801 seconds
[2021-12-31T03:45:23.418+0000][1][safepoint    ] Entering safepoint region: Cleanup
[2021-12-31T03:45:23.419+0000][1][safepoint    ] Leaving safepoint region
[2021-12-31T03:45:23.419+0000][1][safepoint    ] Total time for which application threads were stopped: 0.0003791 seconds, Stopping threads took: 0.0001452 seconds
[2021-12-31T03:45:24.420+0000][1][safepoint    ] Application time: 1.0011703 seconds
[2021-12-31T03:45:24.420+0000][1][safepoint    ] Entering safepoint region: Cleanup
[2021-12-31T03:45:24.420+0000][1][safepoint    ] Leaving safepoint region
[2021-12-31T03:45:24.421+0000][1][safepoint    ] Total time for which application threads were stopped: 0.0002517 seconds, Stopping threads took: 0.0001004 seconds
[2021-12-31T03:45:25.421+0000][1][safepoint    ] Application time: 1.0003523 seconds
[2021-12-31T03:45:25.421+0000][1][safepoint    ] Entering safepoint region: Cleanup
[2021-12-31T03:45:25.421+0000][1][safepoint    ] Leaving safepoint region
[2021-12-31T03:45:25.421+0000][1][safepoint    ] Total time for which application threads were stopped: 0.0002439 seconds, Stopping threads took: 0.0001040 seconds
[2021-12-31T03:45:26.425+0000][1][safepoint    ] Application time: 1.0033152 seconds
[2021-12-31T03:45:26.425+0000][1][safepoint    ] Entering safepoint region: Cleanup
[2021-12-31T03:45:26.425+0000][1][safepoint    ] Leaving safepoint region
[2021-12-31T03:45:26.425+0000][1][safepoint    ] Total time for which application threads were stopped: 0.0002383 seconds, Stopping threads took: 0.0000999 seconds
[2021-12-31T03:45:27.428+0000][1][safepoint    ] Application time: 1.0027822 seconds
[2021-12-31T03:45:27.428+0000][1][safepoint    ] Entering safepoint region: Cleanup
[2021-12-31T03:45:27.428+0000][1][safepoint    ] Leaving safepoint region
[2021-12-31T03:45:27.429+0000][1][safepoint    ] Total time for which application threads were stopped: 0.0002731 seconds, Stopping threads took: 0.0001134 seconds
[2021-12-31T03:45:28.432+0000][1][safepoint    ] Application time: 1.0028742 seconds
[2021-12-31T03:45:28.432+0000][1][safepoint    ] Entering safepoint region: Cleanup
[2021-12-31T03:45:28.432+0000][1][safepoint    ] Leaving safepoint region
[2021-12-31T03:45:28.432+0000][1][safepoint    ] Total time for which application threads were stopped: 0.0004108 seconds, Stopping threads took: 0.0001813 seconds
[2021-12-31T03:45:29.433+0000][1][safepoint    ] Application time: 1.0007935 seconds
[2021-12-31T03:45:29.434+0000][1][safepoint    ] Entering safepoint region: Cleanup
[2021-12-31T03:45:29.434+0000][1][safepoint    ] Leaving safepoint region
[2021-12-31T03:45:29.434+0000][1][safepoint    ] Total time for which application threads were stopped: 0.0002351 seconds, Stopping threads took: 0.0001044 seconds
[2021-12-31T03:45:30.436+0000][1][safepoint    ] Application time: 1.0019699 seconds
[2021-12-31T03:45:30.436+0000][1][safepoint    ] Entering safepoint region: Cleanup
[2021-12-31T03:45:30.436+0000][1][safepoint    ] Leaving safepoint region
[2021-12-31T03:45:30.436+0000][1][safepoint    ] Total time for which application threads were stopped: 0.0002663 seconds, Stopping threads took: 0.0001288 seconds
[2021-12-31T03:45:31.437+0000][1][safepoint    ] Application time: 1.0005946 seconds
[2021-12-31T03:45:31.437+0000][1][safepoint    ] Entering safepoint region: Cleanup
[2021-12-31T03:45:31.437+0000][1][safepoint    ] Leaving safepoint region
[2021-12-31T03:45:31.438+0000][1][safepoint    ] Total time for which application threads were stopped: 0.0002490 seconds, Stopping threads took: 0.0001052 seconds
[2021-12-31T03:45:32.440+0000][1][safepoint    ] Application time: 1.0022740 seconds
[2021-12-31T03:45:32.440+0000][1][safepoint    ] Entering safepoint region: Cleanup
[2021-12-31T03:45:32.441+0000][1][safepoint    ] Leaving safepoint region
[2021-12-31T03:45:32.441+0000][1][safepoint    ] Total time for which application threads were stopped: 0.0005543 seconds, Stopping threads took: 0.0002440 seconds
[2021-12-31T03:45:33.444+0000][1][safepoint    ] Application time: 1.0026171 seconds
[2021-12-31T03:45:33.444+0000][1][safepoint    ] Entering safepoint region: Cleanup
[2021-12-31T03:45:33.444+0000][1][safepoint    ] Leaving safepoint region
[2021-12-31T03:45:33.444+0000][1][safepoint    ] Total time for which application threads were stopped: 0.0002217 seconds, Stopping threads took: 0.0000977 seconds
[2021-12-31T03:45:34.447+0000][1][safepoint    ] Application time: 1.0032708 seconds
[2021-12-31T03:45:34.448+0000][1][safepoint    ] Entering safepoint region: Cleanup
[2021-12-31T03:45:34.448+0000][1][safepoint    ] Leaving safepoint region
[2021-12-31T03:45:34.448+0000][1][safepoint    ] Total time for which application threads were stopped: 0.0003179 seconds, Stopping threads took: 0.0001388 seconds
[2021-12-31T03:45:35.452+0000][1][safepoint    ] Application time: 1.0039232 seconds
[2021-12-31T03:45:35.452+0000][1][safepoint    ] Entering safepoint region: Cleanup
[2021-12-31T03:45:35.452+0000][1][safepoint    ] Leaving safepoint region
[2021-12-31T03:45:35.452+0000][1][safepoint    ] Total time for which application threads were stopped: 0.0002260 seconds, Stopping threads took: 0.0000985 seconds
[2021-12-31T03:45:36.455+0000][1][safepoint    ] Application time: 1.0026230 seconds
[2021-12-31T03:45:36.456+0000][1][safepoint    ] Entering safepoint region: Cleanup
[2021-12-31T03:45:36.456+0000][1][safepoint    ] Leaving safepoint region
[2021-12-31T03:45:36.456+0000][1][safepoint    ] Total time for which application threads were stopped: 0.0003914 seconds, Stopping threads took: 0.0002274 seconds
[2021-12-31T03:45:37.458+0000][1][safepoint    ] Application time: 1.0015468 seconds
[2021-12-31T03:45:37.458+0000][1][safepoint    ] Entering safepoint region: Cleanup
[2021-12-31T03:45:37.458+0000][1][safepoint    ] Leaving safepoint region
[2021-12-31T03:45:37.458+0000][1][safepoint    ] Total time for which application threads were stopped: 0.0002179 seconds, Stopping threads took: 0.0000962 seconds
[2021-12-31T03:45:38.459+0000][1][safepoint    ] Application time: 1.0006702 seconds
[2021-12-31T03:45:38.459+0000][1][safepoint    ] Entering safepoint region: Cleanup
[2021-12-31T03:45:38.459+0000][1][safepoint    ] Leaving safepoint region
[2021-12-31T03:45:38.459+0000][1][safepoint    ] Total time for which application threads were stopped: 0.0002279 seconds, Stopping threads took: 0.0001007 seconds
[2021-12-31T03:45:39.461+0000][1][safepoint    ] Application time: 1.0013456 seconds
[2021-12-31T03:45:39.461+0000][1][safepoint    ] Entering safepoint region: Cleanup
[2021-12-31T03:45:39.461+0000][1][safepoint    ] Leaving safepoint region
[2021-12-31T03:45:39.461+0000][1][safepoint    ] Total time for which application threads were stopped: 0.0002275 seconds, Stopping threads took: 0.0000979 seconds
[2021-12-31T03:45:40.463+0000][1][safepoint    ] Application time: 1.0017258 seconds
[2021-12-31T03:45:40.463+0000][1][safepoint    ] Entering safepoint region: Cleanup
[2021-12-31T03:45:40.463+0000][1][safepoint    ] Leaving safepoint region
[2021-12-31T03:45:40.463+0000][1][safepoint    ] Total time for which application threads were stopped: 0.0002146 seconds, Stopping threads took: 0.0000949 seconds
[2021-12-31T03:45:41.465+0000][1][safepoint    ] Application time: 1.0012292 seconds
[2021-12-31T03:45:41.465+0000][1][safepoint    ] Entering safepoint region: Cleanup
[2021-12-31T03:45:41.465+0000][1][safepoint    ] Leaving safepoint region
